Java HotSpot(TM) 64-Bit Server VM (25.121-b13) for windows-amd64 JRE (1.8.0_121-b13), built on Dec 12 2016 18:21:36 by "java_re" with MS VC++ 10.0 (VS2010)
Memory: 4k page, physical 16467220k(11095912k free), swap 33244436k(27148580k free)
CommandLine flags: -XX:CMSInitiatingOccupancyFraction=50 -XX:CMSMaxAbortablePrecleanTime=6000 -XX:+CMSParallelRemarkEnabled -XX:+CMSScavengeBeforeRemark -XX:ConcGCThreads=4 -XX:GCLogFileSize=20971520 -XX:InitialHeapSize=536870912 -XX:MaxHeapSize=536870912 -XX:MaxTenuringThreshold=8 -XX:NewRatio=3 -XX:NumberOfGCLogFiles=9 -XX:OldPLABSize=16 -XX:-OmitStackTraceInFastThrow -XX:ParallelGCThreads=4 -XX:+ParallelRefProcEnabled -XX:PretenureSizeThreshold=67108864 -XX:+PrintGC -XX:+PrintGCApplicationStoppedTime -XX:+PrintGCDateStamps -XX:+PrintGCDetails -XX:+PrintGCTimeStamps -XX:+PrintHeapAtGC -XX:+PrintTenuringDistribution -XX:SurvivorRatio=4 -XX:TargetSurvivorRatio=90 -XX:ThreadStackSize=256 -XX:+UseCMSInitiatingOccupancyOnly -XX:+UseCompressedClassPointers -XX:+UseCompressedOops -XX:+UseConcMarkSweepGC -XX:+UseGCLogFileRotation -XX:-UseLargePagesIndividualAllocation -XX:+UseParNewGC 
2017-04-24T15:45:10.465+0800: 0.138: Total time for which application threads were stopped: 0.0000840 seconds, Stopping threads took: 0.0000151 seconds
2017-04-24T15:45:10.550+0800: 0.223: Total time for which application threads were stopped: 0.0000921 seconds, Stopping threads took: 0.0000148 seconds
2017-04-24T15:45:10.849+0800: 0.522: Total time for which application threads were stopped: 0.0001514 seconds, Stopping threads took: 0.0000157 seconds
2017-04-24T15:45:10.946+0800: 0.619: Total time for which application threads were stopped: 0.0001681 seconds, Stopping threads took: 0.0000173 seconds
2017-04-24T15:45:11.167+0800: 0.839: Total time for which application threads were stopped: 0.0001918 seconds, Stopping threads took: 0.0000199 seconds
2017-04-24T15:45:11.184+0800: 0.857: Total time for which application threads were stopped: 0.0001726 seconds, Stopping threads took: 0.0000167 seconds
2017-04-24T15:45:11.241+0800: 0.914: Total time for which application threads were stopped: 0.0001783 seconds, Stopping threads took: 0.0000157 seconds
2017-04-24T15:45:11.323+0800: 0.996: Total time for which application threads were stopped: 0.0001908 seconds, Stopping threads took: 0.0000170 seconds
2017-04-24T15:45:11.324+0800: 0.997: Total time for which application threads were stopped: 0.0000978 seconds, Stopping threads took: 0.0000106 seconds
2017-04-24T15:45:11.326+0800: 0.999: Total time for which application threads were stopped: 0.0001055 seconds, Stopping threads took: 0.0000106 seconds
2017-04-24T15:45:11.389+0800: 1.062: Total time for which application threads were stopped: 0.0002024 seconds, Stopping threads took: 0.0000180 seconds
{Heap before GC invocations=0 (full 0):
 par new generation   total 109248K, used 87424K [0x00000000e0000000, 0x00000000e8000000, 0x00000000e8000000)
  eden space 87424K, 100% used [0x00000000e0000000, 0x00000000e5560000, 0x00000000e5560000)
  from space 21824K,   0% used [0x00000000e5560000, 0x00000000e5560000, 0x00000000e6ab0000)
  to   space 21824K,   0% used [0x00000000e6ab0000, 0x00000000e6ab0000, 0x00000000e8000000)
 concurrent mark-sweep generation total 393216K, used 0K [0x00000000e8000000, 0x0000000100000000, 0x0000000100000000)
 Metaspace       used 18802K, capacity 19180K, committed 19584K, reserved 1067008K
  class space    used 2182K, capacity 2328K, committed 2432K, reserved 1048576K
2017-04-24T15:45:11.470+0800: 1.143: [GC (Allocation Failure) 2017-04-24T15:45:11.470+0800: 1.143: [ParNew
Desired survivor size 20112992 bytes, new threshold 8 (max 8)
- age   1:   11666608 bytes,   11666608 total
: 87424K->11494K(109248K), 0.0065979 secs] 87424K->11494K(502464K), 0.0067375 secs] [Times: user=0.05 sys=0.01, real=0.01 secs] 
Heap after GC invocations=1 (full 0):
 par new generation   total 109248K, used 11494K [0x00000000e0000000, 0x00000000e8000000, 0x00000000e8000000)
  eden space 87424K,   0% used [0x00000000e0000000, 0x00000000e0000000, 0x00000000e5560000)
  from space 21824K,  52% used [0x00000000e6ab0000, 0x00000000e75e98b8, 0x00000000e8000000)
  to   space 21824K,   0% used [0x00000000e5560000, 0x00000000e5560000, 0x00000000e6ab0000)
 concurrent mark-sweep generation total 393216K, used 0K [0x00000000e8000000, 0x0000000100000000, 0x0000000100000000)
 Metaspace       used 18802K, capacity 19180K, committed 19584K, reserved 1067008K
  class space    used 2182K, capacity 2328K, committed 2432K, reserved 1048576K
}
2017-04-24T15:45:11.477+0800: 1.150: Total time for which application threads were stopped: 0.0069068 seconds, Stopping threads took: 0.0000167 seconds
2017-04-24T15:45:11.500+0800: 1.173: Total time for which application threads were stopped: 0.0002159 seconds, Stopping threads took: 0.0000192 seconds
2017-04-24T15:45:11.577+0800: 1.250: Total time for which application threads were stopped: 0.0002492 seconds, Stopping threads took: 0.0000260 seconds
2017-04-24T15:45:11.589+0800: 1.262: Total time for which application threads were stopped: 0.0000734 seconds, Stopping threads took: 0.0000231 seconds
2017-04-24T15:45:11.607+0800: 1.280: Total time for which application threads were stopped: 0.0002697 seconds, Stopping threads took: 0.0001722 seconds
2017-04-24T15:45:11.625+0800: 1.298: Total time for which application threads were stopped: 0.0000946 seconds, Stopping threads took: 0.0000273 seconds
2017-04-24T15:45:11.634+0800: 1.306: Total time for which application threads were stopped: 0.0000901 seconds, Stopping threads took: 0.0000353 seconds
2017-04-24T15:45:11.645+0800: 1.318: Total time for which application threads were stopped: 0.0000744 seconds, Stopping threads took: 0.0000279 seconds
2017-04-24T15:45:11.663+0800: 1.335: Total time for which application threads were stopped: 0.0000706 seconds, Stopping threads took: 0.0000199 seconds
2017-04-24T15:45:11.679+0800: 1.351: Total time for which application threads were stopped: 0.0000635 seconds, Stopping threads took: 0.0000186 seconds
2017-04-24T15:45:11.685+0800: 1.357: Total time for which application threads were stopped: 0.0000741 seconds, Stopping threads took: 0.0000266 seconds
2017-04-24T15:45:11.747+0800: 1.419: Total time for which application threads were stopped: 0.0001132 seconds, Stopping threads took: 0.0000228 seconds
2017-04-24T15:45:11.760+0800: 1.432: Total time for which application threads were stopped: 0.0002640 seconds, Stopping threads took: 0.0000237 seconds
2017-04-24T15:45:11.769+0800: 1.442: Total time for which application threads were stopped: 0.0000998 seconds, Stopping threads took: 0.0000314 seconds
2017-04-24T15:45:11.779+0800: 1.452: Total time for which application threads were stopped: 0.0002906 seconds, Stopping threads took: 0.0000237 seconds
2017-04-24T15:45:11.824+0800: 1.496: Total time for which application threads were stopped: 0.0001883 seconds, Stopping threads took: 0.0001100 seconds
2017-04-24T15:45:11.857+0800: 1.530: Total time for which application threads were stopped: 0.0000959 seconds, Stopping threads took: 0.0000221 seconds
{Heap before GC invocations=1 (full 0):
 par new generation   total 109248K, used 98918K [0x00000000e0000000, 0x00000000e8000000, 0x00000000e8000000)
  eden space 87424K, 100% used [0x00000000e0000000, 0x00000000e5560000, 0x00000000e5560000)
  from space 21824K,  52% used [0x00000000e6ab0000, 0x00000000e75e98b8, 0x00000000e8000000)
  to   space 21824K,   0% used [0x00000000e5560000, 0x00000000e5560000, 0x00000000e6ab0000)
 concurrent mark-sweep generation total 393216K, used 0K [0x00000000e8000000, 0x0000000100000000, 0x0000000100000000)
 Metaspace       used 24395K, capacity 24924K, committed 25204K, reserved 1071104K
  class space    used 2919K, capacity 3126K, committed 3148K, reserved 1048576K
2017-04-24T15:45:11.866+0800: 1.538: [GC (Allocation Failure) 2017-04-24T15:45:11.866+0800: 1.538: [ParNew
Desired survivor size 20112992 bytes, new threshold 8 (max 8)
- age   1:    6153944 bytes,    6153944 total
- age   2:    5921672 bytes,   12075616 total
: 98918K->14517K(109248K), 0.0069248 secs] 98918K->14517K(502464K), 0.0070723 secs] [Times: user=0.00 sys=0.00, real=0.01 secs] 
Heap after GC invocations=2 (full 0):
 par new generation   total 109248K, used 14517K [0x00000000e0000000, 0x00000000e8000000, 0x00000000e8000000)
  eden space 87424K,   0% used [0x00000000e0000000, 0x00000000e0000000, 0x00000000e5560000)
  from space 21824K,  66% used [0x00000000e5560000, 0x00000000e638d540, 0x00000000e6ab0000)
  to   space 21824K,   0% used [0x00000000e6ab0000, 0x00000000e6ab0000, 0x00000000e8000000)
 concurrent mark-sweep generation total 393216K, used 0K [0x00000000e8000000, 0x0000000100000000, 0x0000000100000000)
 Metaspace       used 24395K, capacity 24924K, committed 25204K, reserved 1071104K
  class space    used 2919K, capacity 3126K, committed 3148K, reserved 1048576K
}
2017-04-24T15:45:11.873+0800: 1.545: Total time for which application threads were stopped: 0.0072186 seconds, Stopping threads took: 0.0000183 seconds
2017-04-24T15:45:11.873+0800: 1.545: [GC (CMS Initial Mark) [1 CMS-initial-mark: 0K(393216K)] 15404K(502464K), 0.0015434 secs] [Times: user=0.00 sys=0.00, real=0.00 secs] 
2017-04-24T15:45:11.874+0800: 1.547: Total time for which application threads were stopped: 0.0016432 seconds, Stopping threads took: 0.0000276 seconds
2017-04-24T15:45:11.874+0800: 1.547: [CMS-concurrent-mark-start]
2017-04-24T15:45:11.875+0800: 1.547: [CMS-concurrent-mark: 0.000/0.000 secs] [Times: user=0.00 sys=0.00, real=0.00 secs] 
2017-04-24T15:45:11.875+0800: 1.547: [CMS-concurrent-preclean-start]
2017-04-24T15:45:11.875+0800: 1.548: [CMS-concurrent-preclean: 0.001/0.001 secs] [Times: user=0.00 sys=0.00, real=0.00 secs] 
2017-04-24T15:45:11.875+0800: 1.548: [GC (CMS Final Remark) [YG occupancy: 15404 K (109248 K)]{Heap before GC invocations=2 (full 1):
 par new generation   total 109248K, used 15404K [0x00000000e0000000, 0x00000000e8000000, 0x00000000e8000000)
  eden space 87424K,   1% used [0x00000000e0000000, 0x00000000e00dde68, 0x00000000e5560000)
  from space 21824K,  66% used [0x00000000e5560000, 0x00000000e638d540, 0x00000000e6ab0000)
  to   space 21824K,   0% used [0x00000000e6ab0000, 0x00000000e6ab0000, 0x00000000e8000000)
 concurrent mark-sweep generation total 393216K, used 0K [0x00000000e8000000, 0x0000000100000000, 0x0000000100000000)
 Metaspace       used 24395K, capacity 24924K, committed 25204K, reserved 1071104K
  class space    used 2919K, capacity 3126K, committed 3148K, reserved 1048576K
2017-04-24T15:45:11.875+0800: 1.548: [GC (CMS Final Remark) 2017-04-24T15:45:11.875+0800: 1.548: [ParNew
Desired survivor size 20112992 bytes, new threshold 8 (max 8)
- age   1:     204032 bytes,     204032 total
- age   2:    4395312 bytes,    4599344 total
- age   3:    5921264 bytes,   10520608 total
: 15404K->13323K(109248K), 0.0050741 secs] 15404K->13323K(502464K), 0.0051113 secs] [Times: user=0.00 sys=0.00, real=0.01 secs] 
Heap after GC invocations=3 (full 1):
 par new generation   total 109248K, used 13323K [0x00000000e0000000, 0x00000000e8000000, 0x00000000e8000000)
  eden space 87424K,   0% used [0x00000000e0000000, 0x00000000e0000000, 0x00000000e5560000)
  from space 21824K,  61% used [0x00000000e6ab0000, 0x00000000e77b2de8, 0x00000000e8000000)
  to   space 21824K,   0% used [0x00000000e5560000, 0x00000000e5560000, 0x00000000e6ab0000)
 concurrent mark-sweep generation total 393216K, used 0K [0x00000000e8000000, 0x0000000100000000, 0x0000000100000000)
 Metaspace       used 24395K, capacity 24924K, committed 25204K, reserved 1071104K
  class space    used 2919K, capacity 3126K, committed 3148K, reserved 1048576K
}
2017-04-24T15:45:11.880+0800: 1.553: [Rescan (parallel) , 0.0021227 secs]2017-04-24T15:45:11.883+0800: 1.555: [weak refs processing, 0.0002492 secs]2017-04-24T15:45:11.883+0800: 1.555: [class unloading, 0.0027382 secs]2017-04-24T15:45:11.886+0800: 1.558: [scrub symbol table, 0.0027385 secs]2017-04-24T15:45:11.888+0800: 1.561: [scrub string table, 0.0003195 secs][1 CMS-remark: 0K(393216K)] 13323K(502464K), 0.0139416 secs] [Times: user=0.06 sys=0.00, real=0.01 secs] 
2017-04-24T15:45:11.889+0800: 1.562: Total time for which application threads were stopped: 0.0140417 seconds, Stopping threads took: 0.0000279 seconds
2017-04-24T15:45:11.889+0800: 1.562: [CMS-concurrent-sweep-start]
2017-04-24T15:45:11.889+0800: 1.562: [CMS-concurrent-sweep: 0.000/0.000 secs] [Times: user=0.00 sys=0.00, real=0.00 secs] 
2017-04-24T15:45:11.889+0800: 1.562: [CMS-concurrent-reset-start]
2017-04-24T15:45:11.891+0800: 1.563: [CMS-concurrent-reset: 0.001/0.001 secs] [Times: user=0.00 sys=0.00, real=0.00 secs] 
2017-04-24T15:45:11.934+0800: 1.606: Total time for which application threads were stopped: 0.0003272 seconds, Stopping threads took: 0.0000218 seconds
{Heap before GC invocations=3 (full 1):
 par new generation   total 109248K, used 100747K [0x00000000e0000000, 0x00000000e8000000, 0x00000000e8000000)
  eden space 87424K, 100% used [0x00000000e0000000, 0x00000000e5560000, 0x00000000e5560000)
  from space 21824K,  61% used [0x00000000e6ab0000, 0x00000000e77b2de8, 0x00000000e8000000)
  to   space 21824K,   0% used [0x00000000e5560000, 0x00000000e5560000, 0x00000000e6ab0000)
 concurrent mark-sweep generation total 393216K, used 0K [0x00000000e8000000, 0x0000000100000000, 0x0000000100000000)
 Metaspace       used 26099K, capacity 26612K, committed 26956K, reserved 1073152K
  class space    used 3155K, capacity 3322K, committed 3404K, reserved 1048576K
2017-04-24T15:45:12.024+0800: 1.697: [GC (Allocation Failure) 2017-04-24T15:45:12.024+0800: 1.697: [ParNew
Desired survivor size 20112992 bytes, new threshold 8 (max 8)
- age   1:    2619952 bytes,    2619952 total
- age   2:        400 bytes,    2620352 total
- age   3:    2499024 bytes,    5119376 total
- age   4:    5912880 bytes,   11032256 total
: 100747K->14664K(109248K), 0.0060100 secs] 100747K->14664K(502464K), 0.0060626 secs] [Times: user=0.00 sys=0.00, real=0.01 secs] 
Heap after GC invocations=4 (full 1):
 par new generation   total 109248K, used 14664K [0x00000000e0000000, 0x00000000e8000000, 0x00000000e8000000)
  eden space 87424K,   0% used [0x00000000e0000000, 0x00000000e0000000, 0x00000000e5560000)
  from space 21824K,  67% used [0x00000000e5560000, 0x00000000e63b2018, 0x00000000e6ab0000)
  to   space 21824K,   0% used [0x00000000e6ab0000, 0x00000000e6ab0000, 0x00000000e8000000)
 concurrent mark-sweep generation total 393216K, used 0K [0x00000000e8000000, 0x0000000100000000, 0x0000000100000000)
 Metaspace       used 26099K, capacity 26612K, committed 26956K, reserved 1073152K
  class space    used 3155K, capacity 3322K, committed 3404K, reserved 1048576K
}
2017-04-24T15:45:12.030+0800: 1.703: Total time for which application threads were stopped: 0.0062333 seconds, Stopping threads took: 0.0000276 seconds
2017-04-24T15:45:12.176+0800: 1.849: Total time for which application threads were stopped: 0.0003214 seconds, Stopping threads took: 0.0000199 seconds
{Heap before GC invocations=4 (full 1):
 par new generation   total 109248K, used 102088K [0x00000000e0000000, 0x00000000e8000000, 0x00000000e8000000)
  eden space 87424K, 100% used [0x00000000e0000000, 0x00000000e5560000, 0x00000000e5560000)
  from space 21824K,  67% used [0x00000000e5560000, 0x00000000e63b2018, 0x00000000e6ab0000)
  to   space 21824K,   0% used [0x00000000e6ab0000, 0x00000000e6ab0000, 0x00000000e8000000)
 concurrent mark-sweep generation total 393216K, used 0K [0x00000000e8000000, 0x0000000100000000, 0x0000000100000000)
 Metaspace       used 27863K, capacity 28496K, committed 29004K, reserved 1075200K
  class space    used 3364K, capacity 3586K, committed 3660K, reserved 1048576K
2017-04-24T15:45:12.258+0800: 1.930: [GC (Allocation Failure) 2017-04-24T15:45:12.258+0800: 1.930: [ParNew
Desired survivor size 20112992 bytes, new threshold 8 (max 8)
- age   1:    2299568 bytes,    2299568 total
- age   2:     732432 bytes,    3032000 total
- age   3:        376 bytes,    3032376 total
- age   4:    1801392 bytes,    4833768 total
- age   5:    5912896 bytes,   10746664 total
: 102088K->12755K(109248K), 0.0062073 secs] 102088K->12755K(502464K), 0.0062708 secs] [Times: user=0.00 sys=0.00, real=0.01 secs] 
Heap after GC invocations=5 (full 1):
 par new generation   total 109248K, used 12755K [0x00000000e0000000, 0x00000000e8000000, 0x00000000e8000000)
  eden space 87424K,   0% used [0x00000000e0000000, 0x00000000e0000000, 0x00000000e5560000)
  from space 21824K,  58% used [0x00000000e6ab0000, 0x00000000e7724f40, 0x00000000e8000000)
  to   space 21824K,   0% used [0x00000000e5560000, 0x00000000e5560000, 0x00000000e6ab0000)
 concurrent mark-sweep generation total 393216K, used 0K [0x00000000e8000000, 0x0000000100000000, 0x0000000100000000)
 Metaspace       used 27863K, capacity 28496K, committed 29004K, reserved 1075200K
  class space    used 3364K, capacity 3586K, committed 3660K, reserved 1048576K
}
2017-04-24T15:45:12.264+0800: 1.937: Total time for which application threads were stopped: 0.0064822 seconds, Stopping threads took: 0.0000221 seconds
2017-04-24T15:45:12.301+0800: 1.973: Total time for which application threads were stopped: 0.0003442 seconds, Stopping threads took: 0.0000212 seconds
2017-04-24T15:45:12.320+0800: 1.992: Total time for which application threads were stopped: 0.0003387 seconds, Stopping threads took: 0.0000205 seconds
2017-04-24T15:45:12.591+0800: 2.263: Total time for which application threads were stopped: 0.0004401 seconds, Stopping threads took: 0.0000225 seconds
2017-04-24T15:45:12.624+0800: 2.297: Total time for which application threads were stopped: 0.0003820 seconds, Stopping threads took: 0.0000241 seconds
2017-04-24T15:45:12.680+0800: 2.352: Total time for which application threads were stopped: 0.0003759 seconds, Stopping threads took: 0.0000221 seconds
{Heap before GC invocations=5 (full 1):
 par new generation   total 109248K, used 100179K [0x00000000e0000000, 0x00000000e8000000, 0x00000000e8000000)
  eden space 87424K, 100% used [0x00000000e0000000, 0x00000000e5560000, 0x00000000e5560000)
  from space 21824K,  58% used [0x00000000e6ab0000, 0x00000000e7724f40, 0x00000000e8000000)
  to   space 21824K,   0% used [0x00000000e5560000, 0x00000000e5560000, 0x00000000e6ab0000)
 concurrent mark-sweep generation total 393216K, used 0K [0x00000000e8000000, 0x0000000100000000, 0x0000000100000000)
 Metaspace       used 32916K, capacity 33688K, committed 33996K, reserved 1079296K
  class space    used 3984K, capacity 4214K, committed 4300K, reserved 1048576K
2017-04-24T15:45:12.724+0800: 2.396: [GC (Allocation Failure) 2017-04-24T15:45:12.724+0800: 2.396: [ParNew
Desired survivor size 20112992 bytes, new threshold 8 (max 8)
- age   1:    8947032 bytes,    8947032 total
- age   2:     774728 bytes,    9721760 total
- age   3:     701488 bytes,   10423248 total
- age   4:        376 bytes,   10423624 total
- age   5:    1781240 bytes,   12204864 total
- age   6:    5860256 bytes,   18065120 total
: 100179K->21824K(109248K), 0.0099981 secs] 100179K->21824K(502464K), 0.0100629 secs] [Times: user=0.06 sys=0.00, real=0.01 secs] 
Heap after GC invocations=6 (full 1):
 par new generation   total 109248K, used 21824K [0x00000000e0000000, 0x00000000e8000000, 0x00000000e8000000)
  eden space 87424K,   0% used [0x00000000e0000000, 0x00000000e0000000, 0x00000000e5560000)
  from space 21824K, 100% used [0x00000000e5560000, 0x00000000e6ab0000, 0x00000000e6ab0000)
  to   space 21824K,   0% used [0x00000000e6ab0000, 0x00000000e6ab0000, 0x00000000e8000000)
 concurrent mark-sweep generation total 393216K, used 0K [0x00000000e8000000, 0x0000000100000000, 0x0000000100000000)
 Metaspace       used 32916K, capacity 33688K, committed 33996K, reserved 1079296K
  class space    used 3984K, capacity 4214K, committed 4300K, reserved 1048576K
}
2017-04-24T15:45:12.734+0800: 2.406: Total time for which application threads were stopped: 0.0102303 seconds, Stopping threads took: 0.0000218 seconds
2017-04-24T15:45:13.734+0800: 3.407: Total time for which application threads were stopped: 0.0001758 seconds, Stopping threads took: 0.0000510 seconds
2017-04-24T15:45:14.421+0800: 4.094: Total time for which application threads were stopped: 0.0007630 seconds, Stopping threads took: 0.0000481 seconds
2017-04-24T15:45:15.003+0800: 4.675: Total time for which application threads were stopped: 0.0000754 seconds, Stopping threads took: 0.0000189 seconds
2017-04-24T15:45:15.032+0800: 4.705: Total time for which application threads were stopped: 0.0004266 seconds, Stopping threads took: 0.0000205 seconds
2017-04-24T15:45:15.096+0800: 4.769: Total time for which application threads were stopped: 0.0003839 seconds, Stopping threads took: 0.0000189 seconds
2017-04-24T15:45:16.097+0800: 5.770: Total time for which application threads were stopped: 0.0003002 seconds, Stopping threads took: 0.0000552 seconds
2017-04-24T15:45:16.306+0800: 5.979: Total time for which application threads were stopped: 0.0000587 seconds, Stopping threads took: 0.0000208 seconds
2017-04-24T15:45:19.307+0800: 8.980: Total time for which application threads were stopped: 0.0001754 seconds, Stopping threads took: 0.0000539 seconds
2017-04-24T15:45:27.932+0800: 17.605: Total time for which application threads were stopped: 0.0000696 seconds, Stopping threads took: 0.0000196 seconds
2017-04-24T15:45:27.936+0800: 17.609: Total time for which application threads were stopped: 0.0000770 seconds, Stopping threads took: 0.0000228 seconds
2017-04-24T15:45:27.947+0800: 17.619: Total time for which application threads were stopped: 0.0000641 seconds, Stopping threads took: 0.0000186 seconds
2017-04-24T15:45:28.947+0800: 18.620: Total time for which application threads were stopped: 0.0002066 seconds, Stopping threads took: 0.0000609 seconds
2017-04-24T15:46:00.571+0800: 50.243: Total time for which application threads were stopped: 0.0000802 seconds, Stopping threads took: 0.0000212 seconds
2017-04-24T15:46:00.571+0800: 50.243: Total time for which application threads were stopped: 0.0000257 seconds, Stopping threads took: 0.0000067 seconds
2017-04-24T15:46:00.571+0800: 50.244: Total time for which application threads were stopped: 0.0000404 seconds, Stopping threads took: 0.0000160 seconds
2017-04-24T15:46:00.571+0800: 50.244: Total time for which application threads were stopped: 0.0000321 seconds, Stopping threads took: 0.0000128 seconds
2017-04-24T15:46:06.572+0800: 56.245: Total time for which application threads were stopped: 0.0001767 seconds, Stopping threads took: 0.0000539 seconds
2017-04-24T15:48:00.627+0800: 170.300: Total time for which application threads were stopped: 0.0001700 seconds, Stopping threads took: 0.0000523 seconds
2017-04-24T15:48:22.963+0800: 192.635: Total time for which application threads were stopped: 0.0000744 seconds, Stopping threads took: 0.0000186 seconds
2017-04-24T15:48:22.963+0800: 192.635: Total time for which application threads were stopped: 0.0000321 seconds, Stopping threads took: 0.0000103 seconds
2017-04-24T15:48:22.963+0800: 192.635: Total time for which application threads were stopped: 0.0000484 seconds, Stopping threads took: 0.0000196 seconds
2017-04-24T15:48:22.963+0800: 192.635: Total time for which application threads were stopped: 0.0000603 seconds, Stopping threads took: 0.0000164 seconds
2017-04-24T15:48:22.963+0800: 192.636: Total time for which application threads were stopped: 0.0000455 seconds, Stopping threads took: 0.0000106 seconds
2017-04-24T15:48:22.963+0800: 192.636: Total time for which application threads were stopped: 0.0000398 seconds, Stopping threads took: 0.0000151 seconds
2017-04-24T15:48:22.963+0800: 192.636: Total time for which application threads were stopped: 0.0000436 seconds, Stopping threads took: 0.0000212 seconds
2017-04-24T15:48:22.963+0800: 192.636: Total time for which application threads were stopped: 0.0000340 seconds, Stopping threads took: 0.0000090 seconds
2017-04-24T15:48:22.964+0800: 192.636: Total time for which application threads were stopped: 0.0000282 seconds, Stopping threads took: 0.0000087 seconds
2017-04-24T15:48:22.964+0800: 192.636: Total time for which application threads were stopped: 0.0000375 seconds, Stopping threads took: 0.0000160 seconds
2017-04-24T15:48:22.964+0800: 192.636: Total time for which application threads were stopped: 0.0000295 seconds, Stopping threads took: 0.0000090 seconds
2017-04-24T15:48:23.214+0800: 192.887: Total time for which application threads were stopped: 0.0000783 seconds, Stopping threads took: 0.0000228 seconds
2017-04-24T15:48:23.215+0800: 192.888: Total time for which application threads were stopped: 0.0000722 seconds, Stopping threads took: 0.0000234 seconds
2017-04-24T15:48:24.215+0800: 193.888: Total time for which application threads were stopped: 0.0002236 seconds, Stopping threads took: 0.0000590 seconds
2017-04-24T15:48:28.778+0800: 198.451: Total time for which application threads were stopped: 0.0000786 seconds, Stopping threads took: 0.0000247 seconds
2017-04-24T15:48:28.780+0800: 198.453: Total time for which application threads were stopped: 0.0000683 seconds, Stopping threads took: 0.0000205 seconds
2017-04-24T15:48:49.569+0800: 219.242: Total time for which application threads were stopped: 0.0000728 seconds, Stopping threads took: 0.0000273 seconds
2017-04-24T15:48:49.569+0800: 219.243: Total time for which application threads were stopped: 0.0000401 seconds, Stopping threads took: 0.0000119 seconds
2017-04-24T15:48:52.571+0800: 222.243: Total time for which application threads were stopped: 0.0001819 seconds, Stopping threads took: 0.0000536 seconds
2017-04-24T15:48:53.572+0800: 223.244: Total time for which application threads were stopped: 0.0001880 seconds, Stopping threads took: 0.0000520 seconds
2017-04-24T15:48:54.572+0800: 224.244: Total time for which application threads were stopped: 0.0001825 seconds, Stopping threads took: 0.0000510 seconds
2017-04-24T15:48:56.573+0800: 226.245: Total time for which application threads were stopped: 0.0001004 seconds, Stopping threads took: 0.0000346 seconds
2017-04-24T15:49:00.575+0800: 230.248: Total time for which application threads were stopped: 0.0001995 seconds, Stopping threads took: 0.0000715 seconds
2017-04-24T15:49:02.576+0800: 232.249: Total time for which application threads were stopped: 0.0001774 seconds, Stopping threads took: 0.0000542 seconds
2017-04-24T15:49:11.579+0800: 241.251: Total time for which application threads were stopped: 0.0001825 seconds, Stopping threads took: 0.0000545 seconds
2017-04-24T15:49:13.768+0800: 243.441: Total time for which application threads were stopped: 0.0000744 seconds, Stopping threads took: 0.0000285 seconds
2017-04-24T15:49:14.769+0800: 244.441: Total time for which application threads were stopped: 0.0001806 seconds, Stopping threads took: 0.0000484 seconds
2017-04-24T15:49:15.769+0800: 245.442: Total time for which application threads were stopped: 0.0001783 seconds, Stopping threads took: 0.0000520 seconds
2017-04-24T15:49:16.770+0800: 246.442: Total time for which application threads were stopped: 0.0000702 seconds, Stopping threads took: 0.0000199 seconds
2017-04-24T15:49:35.781+0800: 265.454: Total time for which application threads were stopped: 0.0001825 seconds, Stopping threads took: 0.0000523 seconds
2017-04-24T15:49:36.782+0800: 266.454: Total time for which application threads were stopped: 0.0002152 seconds, Stopping threads took: 0.0000494 seconds
2017-04-24T15:49:50.789+0800: 280.462: Total time for which application threads were stopped: 0.0002069 seconds, Stopping threads took: 0.0000526 seconds
2017-04-24T15:50:08.797+0800: 298.469: Total time for which application threads were stopped: 0.0002181 seconds, Stopping threads took: 0.0000542 seconds
2017-04-24T15:50:25.806+0800: 315.478: Total time for which application threads were stopped: 0.0000741 seconds, Stopping threads took: 0.0000228 seconds
2017-04-24T15:50:28.808+0800: 318.481: Total time for which application threads were stopped: 0.0001809 seconds, Stopping threads took: 0.0000516 seconds
2017-04-24T15:50:54.819+0800: 344.492: Total time for which application threads were stopped: 0.0002143 seconds, Stopping threads took: 0.0000683 seconds
2017-04-24T15:50:55.819+0800: 345.492: Total time for which application threads were stopped: 0.0001844 seconds, Stopping threads took: 0.0000529 seconds
2017-04-24T15:50:56.820+0800: 346.492: Total time for which application threads were stopped: 0.0001867 seconds, Stopping threads took: 0.0000529 seconds
2017-04-24T15:50:57.820+0800: 347.493: Total time for which application threads were stopped: 0.0001931 seconds, Stopping threads took: 0.0000513 seconds
2017-04-24T15:50:58.821+0800: 348.493: Total time for which application threads were stopped: 0.0002197 seconds, Stopping threads took: 0.0000507 seconds
2017-04-24T15:51:00.485+0800: 350.159: Total time for which application threads were stopped: 0.0002527 seconds, Stopping threads took: 0.0000494 seconds
2017-04-24T15:51:00.486+0800: 350.159: Total time for which application threads were stopped: 0.0001087 seconds, Stopping threads took: 0.0000311 seconds
2017-04-24T15:51:00.497+0800: 350.171: Total time for which application threads were stopped: 0.0001552 seconds, Stopping threads took: 0.0000584 seconds
2017-04-24T15:51:00.499+0800: 350.172: Total time for which application threads were stopped: 0.0001296 seconds, Stopping threads took: 0.0000670 seconds
2017-04-24T15:51:00.500+0800: 350.173: Total time for which application threads were stopped: 0.0000690 seconds, Stopping threads took: 0.0000250 seconds
2017-04-24T15:51:00.500+0800: 350.173: Total time for which application threads were stopped: 0.0000844 seconds, Stopping threads took: 0.0000257 seconds
2017-04-24T15:51:00.502+0800: 350.176: Total time for which application threads were stopped: 0.0001017 seconds, Stopping threads took: 0.0000314 seconds
2017-04-24T15:51:00.504+0800: 350.178: Total time for which application threads were stopped: 0.0001331 seconds, Stopping threads took: 0.0000507 seconds
2017-04-24T15:51:00.543+0800: 350.216: Total time for which application threads were stopped: 0.0001315 seconds, Stopping threads took: 0.0000433 seconds
2017-04-24T15:51:01.317+0800: 350.990: Total time for which application threads were stopped: 0.0002422 seconds, Stopping threads took: 0.0000917 seconds
2017-04-24T15:51:01.317+0800: 350.990: Total time for which application threads were stopped: 0.0001238 seconds, Stopping threads took: 0.0000507 seconds
2017-04-24T15:51:01.318+0800: 350.991: Total time for which application threads were stopped: 0.0001610 seconds, Stopping threads took: 0.0000606 seconds
2017-04-24T15:51:01.318+0800: 350.991: Total time for which application threads were stopped: 0.0001232 seconds, Stopping threads took: 0.0000523 seconds
2017-04-24T15:51:01.318+0800: 350.991: Total time for which application threads were stopped: 0.0001158 seconds, Stopping threads took: 0.0000462 seconds
2017-04-24T15:51:01.338+0800: 351.010: Total time for which application threads were stopped: 0.0001681 seconds, Stopping threads took: 0.0000507 seconds
2017-04-24T15:51:01.341+0800: 351.013: Total time for which application threads were stopped: 0.0009269 seconds, Stopping threads took: 0.0000414 seconds
2017-04-24T15:51:01.345+0800: 351.018: Total time for which application threads were stopped: 0.0001812 seconds, Stopping threads took: 0.0000622 seconds
2017-04-24T15:51:08.825+0800: 358.498: Total time for which application threads were stopped: 0.0000767 seconds, Stopping threads took: 0.0000218 seconds
2017-04-24T15:51:08.825+0800: 358.498: Total time for which application threads were stopped: 0.0000292 seconds, Stopping threads took: 0.0000071 seconds
2017-04-24T15:51:08.825+0800: 358.498: Total time for which application threads were stopped: 0.0000407 seconds, Stopping threads took: 0.0000119 seconds
2017-04-24T15:51:08.826+0800: 358.499: Total time for which application threads were stopped: 0.0000545 seconds, Stopping threads took: 0.0000167 seconds
2017-04-24T15:51:08.826+0800: 358.499: Total time for which application threads were stopped: 0.0000388 seconds, Stopping threads took: 0.0000112 seconds
2017-04-24T15:51:08.826+0800: 358.500: Total time for which application threads were stopped: 0.0000337 seconds, Stopping threads took: 0.0000103 seconds
2017-04-24T15:51:09.321+0800: 358.994: Total time for which application threads were stopped: 0.0000779 seconds, Stopping threads took: 0.0000244 seconds
2017-04-24T15:51:09.321+0800: 358.994: Total time for which application threads were stopped: 0.0000372 seconds, Stopping threads took: 0.0000148 seconds
2017-04-24T15:51:10.321+0800: 359.994: Total time for which application threads were stopped: 0.0000856 seconds, Stopping threads took: 0.0000308 seconds
2017-04-24T15:51:10.473+0800: 360.145: Total time for which application threads were stopped: 0.0001985 seconds, Stopping threads took: 0.0000449 seconds
2017-04-24T15:51:10.473+0800: 360.146: Total time for which application threads were stopped: 0.0001841 seconds, Stopping threads took: 0.0000751 seconds
2017-04-24T15:51:10.522+0800: 360.194: Total time for which application threads were stopped: 0.0002341 seconds, Stopping threads took: 0.0000423 seconds
2017-04-24T15:51:11.308+0800: 360.981: Total time for which application threads were stopped: 0.0001389 seconds, Stopping threads took: 0.0000330 seconds
2017-04-24T15:51:11.308+0800: 360.981: Total time for which application threads were stopped: 0.0000779 seconds, Stopping threads took: 0.0000186 seconds
2017-04-24T15:51:11.308+0800: 360.981: Total time for which application threads were stopped: 0.0000712 seconds, Stopping threads took: 0.0000183 seconds
2017-04-24T15:51:11.308+0800: 360.981: Total time for which application threads were stopped: 0.0000587 seconds, Stopping threads took: 0.0000122 seconds
2017-04-24T15:51:11.309+0800: 360.981: Total time for which application threads were stopped: 0.0000876 seconds, Stopping threads took: 0.0000382 seconds
2017-04-24T15:51:11.317+0800: 360.990: Total time for which application threads were stopped: 0.0001052 seconds, Stopping threads took: 0.0000324 seconds
2017-04-24T15:51:12.010+0800: 361.682: Total time for which application threads were stopped: 0.0000683 seconds, Stopping threads took: 0.0000221 seconds
2017-04-24T15:51:12.010+0800: 361.682: Total time for which application threads were stopped: 0.0000449 seconds, Stopping threads took: 0.0000122 seconds
2017-04-24T15:51:12.010+0800: 361.683: Total time for which application threads were stopped: 0.0000359 seconds, Stopping threads took: 0.0000122 seconds
2017-04-24T15:51:12.011+0800: 361.683: Total time for which application threads were stopped: 0.0000436 seconds, Stopping threads took: 0.0000122 seconds
2017-04-24T15:51:12.011+0800: 361.683: Total time for which application threads were stopped: 0.0000449 seconds, Stopping threads took: 0.0000154 seconds
2017-04-24T15:51:12.011+0800: 361.683: Total time for which application threads were stopped: 0.0000404 seconds, Stopping threads took: 0.0000115 seconds
2017-04-24T15:51:12.321+0800: 361.994: Total time for which application threads were stopped: 0.0000805 seconds, Stopping threads took: 0.0000231 seconds
2017-04-24T15:51:12.321+0800: 361.994: Total time for which application threads were stopped: 0.0000504 seconds, Stopping threads took: 0.0000183 seconds
2017-04-24T15:51:13.322+0800: 362.994: Total time for which application threads were stopped: 0.0000690 seconds, Stopping threads took: 0.0000202 seconds
2017-04-24T15:51:20.464+0800: 370.137: Total time for which application threads were stopped: 0.0001806 seconds, Stopping threads took: 0.0000507 seconds
2017-04-24T15:51:20.465+0800: 370.138: Total time for which application threads were stopped: 0.0001915 seconds, Stopping threads took: 0.0000744 seconds
2017-04-24T15:51:20.477+0800: 370.149: Total time for which application threads were stopped: 0.0002319 seconds, Stopping threads took: 0.0000795 seconds
2017-04-24T15:51:20.522+0800: 370.195: Total time for which application threads were stopped: 0.0001110 seconds, Stopping threads took: 0.0000285 seconds
2017-04-24T15:51:21.267+0800: 370.940: Total time for which application threads were stopped: 0.0002223 seconds, Stopping threads took: 0.0000581 seconds
2017-04-24T15:51:21.268+0800: 370.941: Total time for which application threads were stopped: 0.0001645 seconds, Stopping threads took: 0.0000465 seconds
2017-04-24T15:51:21.268+0800: 370.941: Total time for which application threads were stopped: 0.0001139 seconds, Stopping threads took: 0.0000314 seconds
2017-04-24T15:51:21.268+0800: 370.941: Total time for which application threads were stopped: 0.0001068 seconds, Stopping threads took: 0.0000292 seconds
2017-04-24T15:51:21.268+0800: 370.941: Total time for which application threads were stopped: 0.0001052 seconds, Stopping threads took: 0.0000285 seconds
2017-04-24T15:51:21.289+0800: 370.961: Total time for which application threads were stopped: 0.0001793 seconds, Stopping threads took: 0.0000478 seconds
2017-04-24T15:51:26.291+0800: 375.963: Total time for which application threads were stopped: 0.0001806 seconds, Stopping threads took: 0.0000568 seconds
2017-04-24T15:51:30.463+0800: 380.136: Total time for which application threads were stopped: 0.0001174 seconds, Stopping threads took: 0.0000330 seconds
2017-04-24T15:51:30.463+0800: 380.136: Total time for which application threads were stopped: 0.0000853 seconds, Stopping threads took: 0.0000350 seconds
{Heap before GC invocations=6 (full 1):
 par new generation   total 109248K, used 109248K [0x00000000e0000000, 0x00000000e8000000, 0x00000000e8000000)
  eden space 87424K, 100% used [0x00000000e0000000, 0x00000000e5560000, 0x00000000e5560000)
  from space 21824K, 100% used [0x00000000e5560000, 0x00000000e6ab0000, 0x00000000e6ab0000)
  to   space 21824K,   0% used [0x00000000e6ab0000, 0x00000000e6ab0000, 0x00000000e8000000)
 concurrent mark-sweep generation total 393216K, used 0K [0x00000000e8000000, 0x0000000100000000, 0x0000000100000000)
 Metaspace       used 38658K, capacity 39380K, committed 39628K, reserved 1083392K
  class space    used 4574K, capacity 4804K, committed 4812K, reserved 1048576K
2017-04-24T15:51:30.481+0800: 380.154: [GC (Allocation Failure) 2017-04-24T15:51:30.481+0800: 380.154: [ParNew
Desired survivor size 20112992 bytes, new threshold 7 (max 8)
- age   1:    7855528 bytes,    7855528 total
- age   2:    3991056 bytes,   11846584 total
- age   3:     762160 bytes,   12608744 total
- age   4:     680552 bytes,   13289296 total
- age   5:        376 bytes,   13289672 total
- age   6:    1736720 bytes,   15026392 total
- age   7:    5604664 bytes,   20631056 total
: 109248K->21824K(109248K), 0.0130990 secs] 109248K->23229K(502464K), 0.0131984 secs] [Times: user=0.06 sys=0.00, real=0.01 secs] 
Heap after GC invocations=7 (full 1):
 par new generation   total 109248K, used 21824K [0x00000000e0000000, 0x00000000e8000000, 0x00000000e8000000)
  eden space 87424K,   0% used [0x00000000e0000000, 0x00000000e0000000, 0x00000000e5560000)
  from space 21824K, 100% used [0x00000000e6ab0000, 0x00000000e8000000, 0x00000000e8000000)
  to   space 21824K,   0% used [0x00000000e5560000, 0x00000000e5560000, 0x00000000e6ab0000)
 concurrent mark-sweep generation total 393216K, used 1405K [0x00000000e8000000, 0x0000000100000000, 0x0000000100000000)
 Metaspace       used 38658K, capacity 39380K, committed 39628K, reserved 1083392K
  class space    used 4574K, capacity 4804K, committed 4812K, reserved 1048576K
}
2017-04-24T15:51:30.494+0800: 380.167: Total time for which application threads were stopped: 0.0133816 seconds, Stopping threads took: 0.0000356 seconds
2017-04-24T15:51:30.496+0800: 380.169: Total time for which application threads were stopped: 0.0002636 seconds, Stopping threads took: 0.0001899 seconds
2017-04-24T15:51:30.496+0800: 380.169: Total time for which application threads were stopped: 0.0000497 seconds, Stopping threads took: 0.0000196 seconds
2017-04-24T15:51:30.496+0800: 380.169: Total time for which application threads were stopped: 0.0000343 seconds, Stopping threads took: 0.0000125 seconds
2017-04-24T15:51:30.496+0800: 380.169: Total time for which application threads were stopped: 0.0000295 seconds, Stopping threads took: 0.0000096 seconds
2017-04-24T15:51:30.496+0800: 380.169: Total time for which application threads were stopped: 0.0000292 seconds, Stopping threads took: 0.0000087 seconds
2017-04-24T15:51:30.496+0800: 380.169: Total time for which application threads were stopped: 0.0000285 seconds, Stopping threads took: 0.0000083 seconds
2017-04-24T15:51:30.496+0800: 380.169: Total time for which application threads were stopped: 0.0000285 seconds, Stopping threads took: 0.0000087 seconds
2017-04-24T15:51:30.496+0800: 380.169: Total time for which application threads were stopped: 0.0000276 seconds, Stopping threads took: 0.0000083 seconds
2017-04-24T15:51:30.496+0800: 380.169: Total time for which application threads were stopped: 0.0000282 seconds, Stopping threads took: 0.0000083 seconds
2017-04-24T15:51:30.496+0800: 380.169: Total time for which application threads were stopped: 0.0000295 seconds, Stopping threads took: 0.0000087 seconds
2017-04-24T15:51:30.511+0800: 380.184: Total time for which application threads were stopped: 0.0002008 seconds, Stopping threads took: 0.0000552 seconds
2017-04-24T15:51:30.521+0800: 380.194: Total time for which application threads were stopped: 0.0000876 seconds, Stopping threads took: 0.0000276 seconds
2017-04-24T15:51:30.522+0800: 380.195: Total time for which application threads were stopped: 0.0001463 seconds, Stopping threads took: 0.0000991 seconds
2017-04-24T15:51:31.118+0800: 380.791: Total time for which application threads were stopped: 0.0000702 seconds, Stopping threads took: 0.0000208 seconds
2017-04-24T15:51:31.119+0800: 380.792: Total time for which application threads were stopped: 0.0000427 seconds, Stopping threads took: 0.0000132 seconds
2017-04-24T15:51:31.119+0800: 380.792: Total time for which application threads were stopped: 0.0000378 seconds, Stopping threads took: 0.0000115 seconds
2017-04-24T15:51:31.119+0800: 380.792: Total time for which application threads were stopped: 0.0000285 seconds, Stopping threads took: 0.0000083 seconds
2017-04-24T15:51:31.119+0800: 380.792: Total time for which application threads were stopped: 0.0000266 seconds, Stopping threads took: 0.0000080 seconds
2017-04-24T15:51:31.124+0800: 380.797: Total time for which application threads were stopped: 0.0000718 seconds, Stopping threads took: 0.0000208 seconds
2017-04-24T15:51:32.125+0800: 381.797: Total time for which application threads were stopped: 0.0001867 seconds, Stopping threads took: 0.0000545 seconds
2017-04-24T15:51:34.106+0800: 383.778: Total time for which application threads were stopped: 0.0000690 seconds, Stopping threads took: 0.0000180 seconds
2017-04-24T15:51:34.106+0800: 383.778: Total time for which application threads were stopped: 0.0000311 seconds, Stopping threads took: 0.0000074 seconds
2017-04-24T15:51:34.106+0800: 383.778: Total time for which application threads were stopped: 0.0000308 seconds, Stopping threads took: 0.0000074 seconds
2017-04-24T15:51:34.106+0800: 383.779: Total time for which application threads were stopped: 0.0000346 seconds, Stopping threads took: 0.0000103 seconds
2017-04-24T15:51:34.106+0800: 383.779: Total time for which application threads were stopped: 0.0000481 seconds, Stopping threads took: 0.0000157 seconds
2017-04-24T15:51:34.107+0800: 383.779: Total time for which application threads were stopped: 0.0000446 seconds, Stopping threads took: 0.0000148 seconds
2017-04-24T15:51:34.705+0800: 384.378: Total time for which application threads were stopped: 0.0000815 seconds, Stopping threads took: 0.0000241 seconds
2017-04-24T15:51:34.705+0800: 384.378: Total time for which application threads were stopped: 0.0000314 seconds, Stopping threads took: 0.0000096 seconds
2017-04-24T15:51:35.705+0800: 385.378: Total time for which application threads were stopped: 0.0000773 seconds, Stopping threads took: 0.0000218 seconds
2017-04-24T15:51:36.706+0800: 386.378: Total time for which application threads were stopped: 0.0002187 seconds, Stopping threads took: 0.0000529 seconds
2017-04-24T15:51:37.706+0800: 387.378: Total time for which application threads were stopped: 0.0001777 seconds, Stopping threads took: 0.0000523 seconds
2017-04-24T15:51:38.706+0800: 388.378: Total time for which application threads were stopped: 0.0001738 seconds, Stopping threads took: 0.0000516 seconds
2017-04-24T15:51:40.464+0800: 390.136: Total time for which application threads were stopped: 0.0001838 seconds, Stopping threads took: 0.0000488 seconds
2017-04-24T15:51:40.464+0800: 390.137: Total time for which application threads were stopped: 0.0001953 seconds, Stopping threads took: 0.0000751 seconds
2017-04-24T15:51:40.522+0800: 390.195: Total time for which application threads were stopped: 0.0001293 seconds, Stopping threads took: 0.0000340 seconds
2017-04-24T15:51:41.248+0800: 390.920: Total time for which application threads were stopped: 0.0002842 seconds, Stopping threads took: 0.0000885 seconds
2017-04-24T15:51:41.248+0800: 390.921: Total time for which application threads were stopped: 0.0001751 seconds, Stopping threads took: 0.0000500 seconds
2017-04-24T15:51:41.248+0800: 390.921: Total time for which application threads were stopped: 0.0001302 seconds, Stopping threads took: 0.0000366 seconds
2017-04-24T15:51:41.248+0800: 390.921: Total time for which application threads were stopped: 0.0001273 seconds, Stopping threads took: 0.0000356 seconds
2017-04-24T15:51:41.249+0800: 390.921: Total time for which application threads were stopped: 0.0003628 seconds, Stopping threads took: 0.0000622 seconds
2017-04-24T15:51:41.271+0800: 390.943: Total time for which application threads were stopped: 0.0002062 seconds, Stopping threads took: 0.0000574 seconds
2017-04-24T15:51:42.272+0800: 391.944: Total time for which application threads were stopped: 0.0001674 seconds, Stopping threads took: 0.0000468 seconds
2017-04-24T15:51:43.073+0800: 392.746: Total time for which application threads were stopped: 0.0000696 seconds, Stopping threads took: 0.0000212 seconds
2017-04-24T15:51:43.073+0800: 392.746: Total time for which application threads were stopped: 0.0000500 seconds, Stopping threads took: 0.0000167 seconds
2017-04-24T15:51:44.074+0800: 393.746: Total time for which application threads were stopped: 0.0002466 seconds, Stopping threads took: 0.0000754 seconds
2017-04-24T15:51:50.464+0800: 400.136: Total time for which application threads were stopped: 0.0002098 seconds, Stopping threads took: 0.0000523 seconds
2017-04-24T15:51:50.464+0800: 400.136: Total time for which application threads were stopped: 0.0002364 seconds, Stopping threads took: 0.0001145 seconds
2017-04-24T15:51:50.517+0800: 400.189: Total time for which application threads were stopped: 0.0001398 seconds, Stopping threads took: 0.0000398 seconds
2017-04-24T15:51:51.162+0800: 400.835: Total time for which application threads were stopped: 0.0002162 seconds, Stopping threads took: 0.0000609 seconds
2017-04-24T15:51:51.182+0800: 400.855: Total time for which application threads were stopped: 0.0001129 seconds, Stopping threads took: 0.0000292 seconds
2017-04-24T15:51:52.183+0800: 401.856: Total time for which application threads were stopped: 0.0001216 seconds, Stopping threads took: 0.0000353 seconds
2017-04-24T15:52:00.463+0800: 410.136: Total time for which application threads were stopped: 0.0003913 seconds, Stopping threads took: 0.0000542 seconds
2017-04-24T15:52:00.464+0800: 410.137: Total time for which application threads were stopped: 0.0002123 seconds, Stopping threads took: 0.0000734 seconds
2017-04-24T15:52:00.521+0800: 410.194: Total time for which application threads were stopped: 0.0001174 seconds, Stopping threads took: 0.0000285 seconds
2017-04-24T15:52:00.522+0800: 410.195: Total time for which application threads were stopped: 0.0000767 seconds, Stopping threads took: 0.0000282 seconds
2017-04-24T15:52:01.113+0800: 410.786: Total time for which application threads were stopped: 0.0001979 seconds, Stopping threads took: 0.0000600 seconds
2017-04-24T15:52:01.114+0800: 410.786: Total time for which application threads were stopped: 0.0001745 seconds, Stopping threads took: 0.0000500 seconds
2017-04-24T15:52:01.114+0800: 410.786: Total time for which application threads were stopped: 0.0001389 seconds, Stopping threads took: 0.0000497 seconds
2017-04-24T15:52:01.114+0800: 410.787: Total time for which application threads were stopped: 0.0001350 seconds, Stopping threads took: 0.0000433 seconds
2017-04-24T15:52:01.114+0800: 410.787: Total time for which application threads were stopped: 0.0001783 seconds, Stopping threads took: 0.0000690 seconds
2017-04-24T15:52:01.138+0800: 410.811: Total time for which application threads were stopped: 0.0002515 seconds, Stopping threads took: 0.0000744 seconds
2017-04-24T15:52:02.139+0800: 411.811: Total time for which application threads were stopped: 0.0001761 seconds, Stopping threads took: 0.0000484 seconds
2017-04-24T15:53:10.174+0800: 479.847: Total time for which application threads were stopped: 0.0000738 seconds, Stopping threads took: 0.0000215 seconds
2017-04-24T15:53:10.175+0800: 479.847: Total time for which application threads were stopped: 0.0000532 seconds, Stopping threads took: 0.0000180 seconds
2017-04-24T15:55:47.244+0800: 636.917: Total time for which application threads were stopped: 0.0001273 seconds, Stopping threads took: 0.0000330 seconds
2017-04-24T15:57:45.299+0800: 754.972: Total time for which application threads were stopped: 0.0001527 seconds, Stopping threads took: 0.0000536 seconds
2017-04-24T15:58:56.933+0800: 826.607: Total time for which application threads were stopped: 0.0000699 seconds, Stopping threads took: 0.0000192 seconds
2017-04-24T15:58:56.934+0800: 826.607: Total time for which application threads were stopped: 0.0000478 seconds, Stopping threads took: 0.0000186 seconds
2017-04-24T15:58:56.937+0800: 826.610: Total time for which application threads were stopped: 0.0001139 seconds, Stopping threads took: 0.0000378 seconds
2017-04-24T15:58:58.310+0800: 827.983: Total time for which application threads were stopped: 0.0000709 seconds, Stopping threads took: 0.0000199 seconds
2017-04-24T15:58:58.311+0800: 827.983: Total time for which application threads were stopped: 0.0000439 seconds, Stopping threads took: 0.0000132 seconds
2017-04-24T15:58:58.311+0800: 827.984: Total time for which application threads were stopped: 0.0000478 seconds, Stopping threads took: 0.0000148 seconds
2017-04-24T15:58:58.788+0800: 828.461: Total time for which application threads were stopped: 0.0000725 seconds, Stopping threads took: 0.0000192 seconds
2017-04-24T15:58:58.788+0800: 828.461: Total time for which application threads were stopped: 0.0001100 seconds, Stopping threads took: 0.0000770 seconds
2017-04-24T15:58:58.789+0800: 828.462: Total time for which application threads were stopped: 0.0000895 seconds, Stopping threads took: 0.0000199 seconds
2017-04-24T15:58:58.981+0800: 828.654: Total time for which application threads were stopped: 0.0000683 seconds, Stopping threads took: 0.0000189 seconds
2017-04-24T15:58:58.981+0800: 828.654: Total time for which application threads were stopped: 0.0000491 seconds, Stopping threads took: 0.0000196 seconds
2017-04-24T15:58:58.982+0800: 828.655: Total time for which application threads were stopped: 0.0000436 seconds, Stopping threads took: 0.0000109 seconds
2017-04-24T15:58:59.174+0800: 828.847: Total time for which application threads were stopped: 0.0000718 seconds, Stopping threads took: 0.0000196 seconds
2017-04-24T15:58:59.175+0800: 828.847: Total time for which application threads were stopped: 0.0000478 seconds, Stopping threads took: 0.0000160 seconds
2017-04-24T15:58:59.176+0800: 828.848: Total time for which application threads were stopped: 0.0000629 seconds, Stopping threads took: 0.0000221 seconds
2017-04-24T15:58:59.331+0800: 829.005: Total time for which application threads were stopped: 0.0000799 seconds, Stopping threads took: 0.0000215 seconds
2017-04-24T15:58:59.332+0800: 829.005: Total time for which application threads were stopped: 0.0000478 seconds, Stopping threads took: 0.0000189 seconds
2017-04-24T15:58:59.332+0800: 829.006: Total time for which application threads were stopped: 0.0000488 seconds, Stopping threads took: 0.0000132 seconds
2017-04-24T15:59:41.435+0800: 871.109: Total time for which application threads were stopped: 0.0001386 seconds, Stopping threads took: 0.0000208 seconds
2017-04-24T15:59:41.436+0800: 871.109: Total time for which application threads were stopped: 0.0000629 seconds, Stopping threads took: 0.0000215 seconds
2017-04-24T15:59:41.437+0800: 871.110: Total time for which application threads were stopped: 0.0000658 seconds, Stopping threads took: 0.0000215 seconds
2017-04-24T15:59:41.437+0800: 871.110: Total time for which application threads were stopped: 0.0000516 seconds, Stopping threads took: 0.0000164 seconds
2017-04-24T15:59:41.438+0800: 871.111: Total time for which application threads were stopped: 0.0000744 seconds, Stopping threads took: 0.0000241 seconds
2017-04-24T15:59:42.438+0800: 872.111: Total time for which application threads were stopped: 0.0002232 seconds, Stopping threads took: 0.0000520 seconds
2017-04-24T15:59:48.092+0800: 877.765: Total time for which application threads were stopped: 0.0000699 seconds, Stopping threads took: 0.0000189 seconds
2017-04-24T15:59:48.092+0800: 877.766: Total time for which application threads were stopped: 0.0000356 seconds, Stopping threads took: 0.0000157 seconds
2017-04-24T15:59:48.093+0800: 877.766: Total time for which application threads were stopped: 0.0000590 seconds, Stopping threads took: 0.0000157 seconds
2017-04-24T15:59:48.495+0800: 878.168: Total time for which application threads were stopped: 0.0000690 seconds, Stopping threads took: 0.0000186 seconds
2017-04-24T15:59:48.496+0800: 878.168: Total time for which application threads were stopped: 0.0000362 seconds, Stopping threads took: 0.0000160 seconds
2017-04-24T15:59:48.496+0800: 878.169: Total time for which application threads were stopped: 0.0000587 seconds, Stopping threads took: 0.0000154 seconds
2017-04-24T15:59:49.077+0800: 878.750: Total time for which application threads were stopped: 0.0000751 seconds, Stopping threads took: 0.0000247 seconds
2017-04-24T15:59:49.077+0800: 878.750: Total time for which application threads were stopped: 0.0000712 seconds, Stopping threads took: 0.0000417 seconds
2017-04-24T15:59:49.078+0800: 878.751: Total time for which application threads were stopped: 0.0000536 seconds, Stopping threads took: 0.0000148 seconds
2017-04-24T15:59:49.541+0800: 879.214: Total time for which application threads were stopped: 0.0000760 seconds, Stopping threads took: 0.0000231 seconds
2017-04-24T15:59:49.541+0800: 879.214: Total time for which application threads were stopped: 0.0000471 seconds, Stopping threads took: 0.0000144 seconds
2017-04-24T15:59:49.543+0800: 879.216: Total time for which application threads were stopped: 0.0001004 seconds, Stopping threads took: 0.0000356 seconds
2017-04-24T16:00:20.556+0800: 910.229: Total time for which application threads were stopped: 0.0001995 seconds, Stopping threads took: 0.0000536 seconds
2017-04-24T16:00:45.322+0800: 934.995: Total time for which application threads were stopped: 0.0001129 seconds, Stopping threads took: 0.0000500 seconds
2017-04-24T16:00:45.322+0800: 934.995: Total time for which application threads were stopped: 0.0000327 seconds, Stopping threads took: 0.0000093 seconds
2017-04-24T16:00:45.324+0800: 934.997: Total time for which application threads were stopped: 0.0001113 seconds, Stopping threads took: 0.0000378 seconds
2017-04-24T16:01:32.465+0800: 982.138: Total time for which application threads were stopped: 0.0000837 seconds, Stopping threads took: 0.0000257 seconds
2017-04-24T16:01:32.465+0800: 982.138: Total time for which application threads were stopped: 0.0000811 seconds, Stopping threads took: 0.0000176 seconds
2017-04-24T16:01:32.466+0800: 982.138: Total time for which application threads were stopped: 0.0000940 seconds, Stopping threads took: 0.0000619 seconds
2017-04-24T16:01:32.466+0800: 982.138: Total time for which application threads were stopped: 0.0000484 seconds, Stopping threads took: 0.0000164 seconds
2017-04-24T16:01:32.466+0800: 982.138: Total time for which application threads were stopped: 0.0000497 seconds, Stopping threads took: 0.0000215 seconds
2017-04-24T16:01:32.466+0800: 982.139: Total time for which application threads were stopped: 0.0000391 seconds, Stopping threads took: 0.0000151 seconds
2017-04-24T16:01:32.466+0800: 982.139: Total time for which application threads were stopped: 0.0000513 seconds, Stopping threads took: 0.0000228 seconds
2017-04-24T16:01:32.466+0800: 982.139: Total time for which application threads were stopped: 0.0000455 seconds, Stopping threads took: 0.0000205 seconds
2017-04-24T16:01:32.467+0800: 982.139: Total time for which application threads were stopped: 0.0001055 seconds, Stopping threads took: 0.0000744 seconds
2017-04-24T16:01:32.467+0800: 982.139: Total time for which application threads were stopped: 0.0000587 seconds, Stopping threads took: 0.0000292 seconds
2017-04-24T16:01:32.467+0800: 982.139: Total time for which application threads were stopped: 0.0000747 seconds, Stopping threads took: 0.0000539 seconds
2017-04-24T16:01:32.467+0800: 982.139: Total time for which application threads were stopped: 0.0000385 seconds, Stopping threads took: 0.0000144 seconds
2017-04-24T16:01:33.468+0800: 983.140: Total time for which application threads were stopped: 0.0001806 seconds, Stopping threads took: 0.0000500 seconds
2017-04-24T16:01:41.284+0800: 990.956: Total time for which application threads were stopped: 0.0000924 seconds, Stopping threads took: 0.0000337 seconds
2017-04-24T16:01:41.285+0800: 990.958: Total time for which application threads were stopped: 0.0000844 seconds, Stopping threads took: 0.0000318 seconds
2017-04-24T16:01:46.528+0800: 996.201: Total time for which application threads were stopped: 0.0001219 seconds, Stopping threads took: 0.0000565 seconds
2017-04-24T16:01:46.528+0800: 996.201: Total time for which application threads were stopped: 0.0000516 seconds, Stopping threads took: 0.0000241 seconds
2017-04-24T16:01:46.528+0800: 996.201: Total time for which application threads were stopped: 0.0001395 seconds, Stopping threads took: 0.0000151 seconds
2017-04-24T16:01:46.529+0800: 996.202: Total time for which application threads were stopped: 0.0000702 seconds, Stopping threads took: 0.0000138 seconds
2017-04-24T16:01:46.529+0800: 996.202: Total time for which application threads were stopped: 0.0000407 seconds, Stopping threads took: 0.0000141 seconds
2017-04-24T16:01:46.529+0800: 996.202: Total time for which application threads were stopped: 0.0000318 seconds, Stopping threads took: 0.0000090 seconds
2017-04-24T16:01:46.529+0800: 996.202: Total time for which application threads were stopped: 0.0000443 seconds, Stopping threads took: 0.0000141 seconds
2017-04-24T16:01:46.529+0800: 996.202: Total time for which application threads were stopped: 0.0000305 seconds, Stopping threads took: 0.0000093 seconds
2017-04-24T16:01:46.529+0800: 996.203: Total time for which application threads were stopped: 0.0000427 seconds, Stopping threads took: 0.0000167 seconds
2017-04-24T16:01:46.529+0800: 996.203: Total time for which application threads were stopped: 0.0000619 seconds, Stopping threads took: 0.0000334 seconds
2017-04-24T16:01:46.530+0800: 996.203: Total time for which application threads were stopped: 0.0000491 seconds, Stopping threads took: 0.0000221 seconds
2017-04-24T16:01:46.530+0800: 996.203: Total time for which application threads were stopped: 0.0000488 seconds, Stopping threads took: 0.0000212 seconds
2017-04-24T16:01:46.530+0800: 996.203: Total time for which application threads were stopped: 0.0000375 seconds, Stopping threads took: 0.0000135 seconds
2017-04-24T16:01:47.531+0800: 997.204: Total time for which application threads were stopped: 0.0002088 seconds, Stopping threads took: 0.0000536 seconds
2017-04-24T16:01:51.708+0800: 1001.381: Total time for which application threads were stopped: 0.0000869 seconds, Stopping threads took: 0.0000276 seconds
2017-04-24T16:01:51.709+0800: 1001.382: Total time for which application threads were stopped: 0.0000545 seconds, Stopping threads took: 0.0000151 seconds
2017-04-24T16:01:51.709+0800: 1001.382: Total time for which application threads were stopped: 0.0000407 seconds, Stopping threads took: 0.0000103 seconds
2017-04-24T16:01:51.709+0800: 1001.382: Total time for which application threads were stopped: 0.0000350 seconds, Stopping threads took: 0.0000083 seconds
2017-04-24T16:01:52.710+0800: 1002.382: Total time for which application threads were stopped: 0.0002091 seconds, Stopping threads took: 0.0000523 seconds
2017-04-24T16:02:02.560+0800: 1012.233: Total time for which application threads were stopped: 0.0000888 seconds, Stopping threads took: 0.0000260 seconds
2017-04-24T16:02:02.560+0800: 1012.233: Total time for which application threads were stopped: 0.0000417 seconds, Stopping threads took: 0.0000109 seconds
2017-04-24T16:02:02.560+0800: 1012.233: Total time for which application threads were stopped: 0.0000359 seconds, Stopping threads took: 0.0000083 seconds
2017-04-24T16:02:02.561+0800: 1012.233: Total time for which application threads were stopped: 0.0000343 seconds, Stopping threads took: 0.0000106 seconds
2017-04-24T16:02:02.561+0800: 1012.234: Total time for which application threads were stopped: 0.0000949 seconds, Stopping threads took: 0.0000658 seconds
2017-04-24T16:02:02.561+0800: 1012.234: Total time for which application threads were stopped: 0.0000946 seconds, Stopping threads took: 0.0000616 seconds
2017-04-24T16:02:02.561+0800: 1012.234: Total time for which application threads were stopped: 0.0000808 seconds, Stopping threads took: 0.0000532 seconds
2017-04-24T16:02:02.561+0800: 1012.234: Total time for which application threads were stopped: 0.0001299 seconds, Stopping threads took: 0.0000994 seconds
2017-04-24T16:02:02.562+0800: 1012.234: Total time for which application threads were stopped: 0.0000295 seconds, Stopping threads took: 0.0000093 seconds
2017-04-24T16:02:02.562+0800: 1012.234: Total time for which application threads were stopped: 0.0001161 seconds, Stopping threads took: 0.0000279 seconds
2017-04-24T16:02:03.562+0800: 1013.235: Total time for which application threads were stopped: 0.0001780 seconds, Stopping threads took: 0.0000478 seconds
2017-04-24T16:02:45.582+0800: 1055.255: Total time for which application threads were stopped: 0.0002171 seconds, Stopping threads took: 0.0000558 seconds
2017-04-24T16:02:48.583+0800: 1058.255: Total time for which application threads were stopped: 0.0000847 seconds, Stopping threads took: 0.0000269 seconds
2017-04-24T16:02:51.584+0800: 1061.257: Total time for which application threads were stopped: 0.0001889 seconds, Stopping threads took: 0.0000558 seconds
2017-04-24T16:02:53.585+0800: 1063.257: Total time for which application threads were stopped: 0.0000904 seconds, Stopping threads took: 0.0000266 seconds
2017-04-24T16:02:54.585+0800: 1064.257: Total time for which application threads were stopped: 0.0001841 seconds, Stopping threads took: 0.0000471 seconds
2017-04-24T16:02:55.586+0800: 1065.258: Total time for which application threads were stopped: 0.0000805 seconds, Stopping threads took: 0.0000225 seconds
2017-04-24T16:02:56.587+0800: 1066.259: Total time for which application threads were stopped: 0.0000917 seconds, Stopping threads took: 0.0000289 seconds
2017-04-24T16:02:57.587+0800: 1067.259: Total time for which application threads were stopped: 0.0000811 seconds, Stopping threads took: 0.0000231 seconds
2017-04-24T16:02:58.588+0800: 1068.260: Total time for which application threads were stopped: 0.0000770 seconds, Stopping threads took: 0.0000225 seconds
2017-04-24T16:02:59.588+0800: 1069.260: Total time for which application threads were stopped: 0.0000760 seconds, Stopping threads took: 0.0000228 seconds
2017-04-24T16:03:00.588+0800: 1070.260: Total time for which application threads were stopped: 0.0000786 seconds, Stopping threads took: 0.0000237 seconds
2017-04-24T16:03:01.588+0800: 1071.261: Total time for which application threads were stopped: 0.0001395 seconds, Stopping threads took: 0.0000414 seconds
2017-04-24T16:03:18.594+0800: 1088.266: Total time for which application threads were stopped: 0.0001934 seconds, Stopping threads took: 0.0000568 seconds
2017-04-24T16:03:31.601+0800: 1101.273: Total time for which application threads were stopped: 0.0001010 seconds, Stopping threads took: 0.0000269 seconds
2017-04-24T16:03:38.605+0800: 1108.278: Total time for which application threads were stopped: 0.0001703 seconds, Stopping threads took: 0.0000471 seconds
2017-04-24T16:03:47.611+0800: 1117.283: Total time for which application threads were stopped: 0.0002050 seconds, Stopping threads took: 0.0000542 seconds
2017-04-24T16:03:49.612+0800: 1119.284: Total time for which application threads were stopped: 0.0001151 seconds, Stopping threads took: 0.0000298 seconds
2017-04-24T16:03:50.481+0800: 1120.154: Total time for which application threads were stopped: 0.0001126 seconds, Stopping threads took: 0.0000369 seconds
2017-04-24T16:03:51.191+0800: 1120.864: Total time for which application threads were stopped: 0.0002377 seconds, Stopping threads took: 0.0000600 seconds
2017-04-24T16:03:51.191+0800: 1120.864: Total time for which application threads were stopped: 0.0001334 seconds, Stopping threads took: 0.0000334 seconds
2017-04-24T16:03:51.191+0800: 1120.864: Total time for which application threads were stopped: 0.0001235 seconds, Stopping threads took: 0.0000298 seconds
2017-04-24T16:03:51.191+0800: 1120.864: Total time for which application threads were stopped: 0.0001184 seconds, Stopping threads took: 0.0000289 seconds
2017-04-24T16:03:51.192+0800: 1120.865: Total time for which application threads were stopped: 0.0001347 seconds, Stopping threads took: 0.0000401 seconds
2017-04-24T16:03:52.192+0800: 1121.865: Total time for which application threads were stopped: 0.0001979 seconds, Stopping threads took: 0.0000536 seconds
2017-04-24T16:03:53.200+0800: 1122.872: Total time for which application threads were stopped: 0.0000860 seconds, Stopping threads took: 0.0000266 seconds
2017-04-24T16:03:53.200+0800: 1122.872: Total time for which application threads were stopped: 0.0001328 seconds, Stopping threads took: 0.0000077 seconds
2017-04-24T16:03:53.200+0800: 1122.873: Total time for which application threads were stopped: 0.0000536 seconds, Stopping threads took: 0.0000180 seconds
2017-04-24T16:03:53.392+0800: 1123.064: Total time for which application threads were stopped: 0.0000837 seconds, Stopping threads took: 0.0000228 seconds
2017-04-24T16:03:53.392+0800: 1123.064: Total time for which application threads were stopped: 0.0000516 seconds, Stopping threads took: 0.0000173 seconds
2017-04-24T16:03:53.392+0800: 1123.064: Total time for which application threads were stopped: 0.0000423 seconds, Stopping threads took: 0.0000119 seconds
2017-04-24T16:03:54.392+0800: 1124.064: Total time for which application threads were stopped: 0.0000754 seconds, Stopping threads took: 0.0000218 seconds
2017-04-24T16:03:58.394+0800: 1128.066: Total time for which application threads were stopped: 0.0002037 seconds, Stopping threads took: 0.0000529 seconds
2017-04-24T16:04:00.473+0800: 1130.145: Total time for which application threads were stopped: 0.0001443 seconds, Stopping threads took: 0.0000395 seconds
2017-04-24T16:04:01.051+0800: 1130.724: Total time for which application threads were stopped: 0.0000805 seconds, Stopping threads took: 0.0000266 seconds
2017-04-24T16:04:01.052+0800: 1130.724: Total time for which application threads were stopped: 0.0000805 seconds, Stopping threads took: 0.0000237 seconds
2017-04-24T16:04:01.052+0800: 1130.725: Total time for which application threads were stopped: 0.0000606 seconds, Stopping threads took: 0.0000151 seconds
2017-04-24T16:04:01.052+0800: 1130.725: Total time for which application threads were stopped: 0.0000574 seconds, Stopping threads took: 0.0000164 seconds
2017-04-24T16:04:01.052+0800: 1130.725: Total time for which application threads were stopped: 0.0000577 seconds, Stopping threads took: 0.0000173 seconds
2017-04-24T16:04:01.052+0800: 1130.725: Total time for which application threads were stopped: 0.0000606 seconds, Stopping threads took: 0.0000212 seconds
2017-04-24T16:04:02.052+0800: 1131.725: Total time for which application threads were stopped: 0.0001921 seconds, Stopping threads took: 0.0000565 seconds
2017-04-24T16:04:10.456+0800: 1140.129: Total time for which application threads were stopped: 0.0001424 seconds, Stopping threads took: 0.0000439 seconds
2017-04-24T16:04:10.458+0800: 1140.130: Total time for which application threads were stopped: 0.0000985 seconds, Stopping threads took: 0.0000289 seconds
2017-04-24T16:04:11.122+0800: 1140.795: Total time for which application threads were stopped: 0.0002348 seconds, Stopping threads took: 0.0000908 seconds
2017-04-24T16:04:11.122+0800: 1140.795: Total time for which application threads were stopped: 0.0001655 seconds, Stopping threads took: 0.0000751 seconds
2017-04-24T16:04:11.126+0800: 1140.799: Total time for which application threads were stopped: 0.0002300 seconds, Stopping threads took: 0.0000706 seconds
2017-04-24T16:04:11.127+0800: 1140.799: Total time for which application threads were stopped: 0.0002460 seconds, Stopping threads took: 0.0000629 seconds
2017-04-24T16:04:11.127+0800: 1140.800: Total time for which application threads were stopped: 0.0001729 seconds, Stopping threads took: 0.0000555 seconds
2017-04-24T16:04:11.127+0800: 1140.800: Total time for which application threads were stopped: 0.0001867 seconds, Stopping threads took: 0.0000478 seconds
2017-04-24T16:04:11.127+0800: 1140.800: Total time for which application threads were stopped: 0.0001828 seconds, Stopping threads took: 0.0000574 seconds
2017-04-24T16:04:11.142+0800: 1140.815: Total time for which application threads were stopped: 0.0002415 seconds, Stopping threads took: 0.0000622 seconds
2017-04-24T16:04:20.432+0800: 1150.105: Total time for which application threads were stopped: 0.0001424 seconds, Stopping threads took: 0.0000362 seconds
2017-04-24T16:04:20.433+0800: 1150.105: Total time for which application threads were stopped: 0.0001289 seconds, Stopping threads took: 0.0000353 seconds
2017-04-24T16:04:20.463+0800: 1150.135: Total time for which application threads were stopped: 0.0001036 seconds, Stopping threads took: 0.0000228 seconds
2017-04-24T16:04:20.463+0800: 1150.136: Total time for which application threads were stopped: 0.0000619 seconds, Stopping threads took: 0.0000148 seconds
2017-04-24T16:04:20.718+0800: 1150.391: Total time for which application threads were stopped: 0.0002255 seconds, Stopping threads took: 0.0000616 seconds
2017-04-24T16:04:21.182+0800: 1150.854: Total time for which application threads were stopped: 0.0002755 seconds, Stopping threads took: 0.0000888 seconds
2017-04-24T16:04:21.182+0800: 1150.855: Total time for which application threads were stopped: 0.0001710 seconds, Stopping threads took: 0.0000597 seconds
2017-04-24T16:04:21.186+0800: 1150.858: Total time for which application threads were stopped: 0.0002463 seconds, Stopping threads took: 0.0000706 seconds
2017-04-24T16:04:21.186+0800: 1150.858: Total time for which application threads were stopped: 0.0001905 seconds, Stopping threads took: 0.0000484 seconds
2017-04-24T16:04:21.186+0800: 1150.859: Total time for which application threads were stopped: 0.0002614 seconds, Stopping threads took: 0.0001636 seconds
2017-04-24T16:04:21.187+0800: 1150.859: Total time for which application threads were stopped: 0.0001520 seconds, Stopping threads took: 0.0000584 seconds
2017-04-24T16:04:21.187+0800: 1150.859: Total time for which application threads were stopped: 0.0001883 seconds, Stopping threads took: 0.0000693 seconds
2017-04-24T16:04:21.194+0800: 1150.867: Total time for which application threads were stopped: 0.0002329 seconds, Stopping threads took: 0.0000571 seconds
{Heap before GC invocations=7 (full 1):
 par new generation   total 109248K, used 109248K [0x00000000e0000000, 0x00000000e8000000, 0x00000000e8000000)
  eden space 87424K, 100% used [0x00000000e0000000, 0x00000000e5560000, 0x00000000e5560000)
  from space 21824K, 100% used [0x00000000e6ab0000, 0x00000000e8000000, 0x00000000e8000000)
  to   space 21824K,   0% used [0x00000000e5560000, 0x00000000e5560000, 0x00000000e6ab0000)
 concurrent mark-sweep generation total 393216K, used 1405K [0x00000000e8000000, 0x0000000100000000, 0x0000000100000000)
 Metaspace       used 39541K, capacity 40302K, committed 40652K, reserved 1085440K
  class space    used 4585K, capacity 4809K, committed 4812K, reserved 1048576K
2017-04-24T16:04:30.458+0800: 1160.131: [GC (Allocation Failure) 2017-04-24T16:04:30.458+0800: 1160.131: [ParNew
Desired survivor size 20112992 bytes, new threshold 8 (max 8)
- age   1:    2867128 bytes,    2867128 total
- age   2:    7657440 bytes,   10524568 total
- age   3:    3550208 bytes,   14074776 total
- age   4:     762144 bytes,   14836920 total
- age   5:     680504 bytes,   15517424 total
- age   6:        376 bytes,   15517800 total
- age   7:    1735744 bytes,   17253544 total
: 109248K->21824K(109248K), 0.0235802 secs] 110653K->29198K(502464K), 0.0236600 secs] [Times: user=0.09 sys=0.03, real=0.02 secs] 
Heap after GC invocations=8 (full 1):
 par new generation   total 109248K, used 21824K [0x00000000e0000000, 0x00000000e8000000, 0x00000000e8000000)
  eden space 87424K,   0% used [0x00000000e0000000, 0x00000000e0000000, 0x00000000e5560000)
  from space 21824K, 100% used [0x00000000e5560000, 0x00000000e6ab0000, 0x00000000e6ab0000)
  to   space 21824K,   0% used [0x00000000e6ab0000, 0x00000000e6ab0000, 0x00000000e8000000)
 concurrent mark-sweep generation total 393216K, used 7374K [0x00000000e8000000, 0x0000000100000000, 0x0000000100000000)
 Metaspace       used 39541K, capacity 40302K, committed 40652K, reserved 1085440K
  class space    used 4585K, capacity 4809K, committed 4812K, reserved 1048576K
}
2017-04-24T16:04:30.482+0800: 1160.155: Total time for which application threads were stopped: 0.0238897 seconds, Stopping threads took: 0.0000407 seconds
2017-04-24T16:04:30.482+0800: 1160.155: Total time for which application threads were stopped: 0.0001193 seconds, Stopping threads took: 0.0000696 seconds
2017-04-24T16:04:30.483+0800: 1160.155: Total time for which application threads were stopped: 0.0002521 seconds, Stopping threads took: 0.0002335 seconds
2017-04-24T16:04:30.485+0800: 1160.157: Total time for which application threads were stopped: 0.0000773 seconds, Stopping threads took: 0.0000285 seconds
2017-04-24T16:04:30.485+0800: 1160.157: Total time for which application threads were stopped: 0.0000414 seconds, Stopping threads took: 0.0000138 seconds
2017-04-24T16:04:30.485+0800: 1160.157: Total time for which application threads were stopped: 0.0000475 seconds, Stopping threads took: 0.0000176 seconds
2017-04-24T16:04:30.486+0800: 1160.159: Total time for which application threads were stopped: 0.0000757 seconds, Stopping threads took: 0.0000257 seconds
2017-04-24T16:04:30.487+0800: 1160.160: Total time for which application threads were stopped: 0.0000664 seconds, Stopping threads took: 0.0000225 seconds
2017-04-24T16:04:31.172+0800: 1160.845: Total time for which application threads were stopped: 0.0002258 seconds, Stopping threads took: 0.0000513 seconds
2017-04-24T16:04:31.173+0800: 1160.845: Total time for which application threads were stopped: 0.0002386 seconds, Stopping threads took: 0.0000677 seconds
2017-04-24T16:04:31.173+0800: 1160.845: Total time for which application threads were stopped: 0.0001447 seconds, Stopping threads took: 0.0000433 seconds
2017-04-24T16:04:31.173+0800: 1160.846: Total time for which application threads were stopped: 0.0001184 seconds, Stopping threads took: 0.0000298 seconds
2017-04-24T16:04:31.174+0800: 1160.846: Total time for which application threads were stopped: 0.0004975 seconds, Stopping threads took: 0.0000654 seconds
2017-04-24T16:04:31.182+0800: 1160.855: Total time for which application threads were stopped: 0.0002133 seconds, Stopping threads took: 0.0000507 seconds
2017-04-24T16:04:40.456+0800: 1170.129: Total time for which application threads were stopped: 0.0001161 seconds, Stopping threads took: 0.0000311 seconds
2017-04-24T16:04:40.457+0800: 1170.130: Total time for which application threads were stopped: 0.0000648 seconds, Stopping threads took: 0.0000167 seconds
2017-04-24T16:04:41.111+0800: 1170.784: Total time for which application threads were stopped: 0.0002563 seconds, Stopping threads took: 0.0000856 seconds
2017-04-24T16:04:41.111+0800: 1170.784: Total time for which application threads were stopped: 0.0001584 seconds, Stopping threads took: 0.0000625 seconds
2017-04-24T16:04:41.114+0800: 1170.787: Total time for which application threads were stopped: 0.0002296 seconds, Stopping threads took: 0.0000911 seconds
2017-04-24T16:04:41.123+0800: 1170.796: Total time for which application threads were stopped: 0.0001892 seconds, Stopping threads took: 0.0000471 seconds
2017-04-24T16:04:46.126+0800: 1175.798: Total time for which application threads were stopped: 0.0001815 seconds, Stopping threads took: 0.0000504 seconds
2017-04-24T16:04:50.424+0800: 1180.097: Total time for which application threads were stopped: 0.0002082 seconds, Stopping threads took: 0.0000484 seconds
2017-04-24T16:04:51.194+0800: 1180.867: Total time for which application threads were stopped: 0.0002672 seconds, Stopping threads took: 0.0000574 seconds
2017-04-24T16:04:51.194+0800: 1180.867: Total time for which application threads were stopped: 0.0002399 seconds, Stopping threads took: 0.0000853 seconds
2017-04-24T16:04:51.198+0800: 1180.871: Total time for which application threads were stopped: 0.0002999 seconds, Stopping threads took: 0.0000770 seconds
2017-04-24T16:04:51.199+0800: 1180.872: Total time for which application threads were stopped: 0.0002806 seconds, Stopping threads took: 0.0000699 seconds
2017-04-24T16:04:51.199+0800: 1180.872: Total time for which application threads were stopped: 0.0001870 seconds, Stopping threads took: 0.0000404 seconds
2017-04-24T16:04:51.199+0800: 1180.872: Total time for which application threads were stopped: 0.0002104 seconds, Stopping threads took: 0.0000388 seconds
2017-04-24T16:04:51.199+0800: 1180.873: Total time for which application threads were stopped: 0.0002146 seconds, Stopping threads took: 0.0000395 seconds
2017-04-24T16:04:51.208+0800: 1180.880: Total time for which application threads were stopped: 0.0001812 seconds, Stopping threads took: 0.0000452 seconds
2017-04-24T16:05:00.465+0800: 1190.137: Total time for which application threads were stopped: 0.0001668 seconds, Stopping threads took: 0.0000269 seconds
2017-04-24T16:05:00.466+0800: 1190.138: Total time for which application threads were stopped: 0.0001062 seconds, Stopping threads took: 0.0000311 seconds
2017-04-24T16:05:01.162+0800: 1190.834: Total time for which application threads were stopped: 0.0002309 seconds, Stopping threads took: 0.0000481 seconds
2017-04-24T16:05:01.162+0800: 1190.835: Total time for which application threads were stopped: 0.0001793 seconds, Stopping threads took: 0.0000706 seconds
2017-04-24T16:05:01.167+0800: 1190.840: Total time for which application threads were stopped: 0.0002479 seconds, Stopping threads took: 0.0000850 seconds
2017-04-24T16:05:01.168+0800: 1190.840: Total time for which application threads were stopped: 0.0001966 seconds, Stopping threads took: 0.0000603 seconds
2017-04-24T16:05:01.168+0800: 1190.840: Total time for which application threads were stopped: 0.0001613 seconds, Stopping threads took: 0.0000462 seconds
2017-04-24T16:05:01.168+0800: 1190.841: Total time for which application threads were stopped: 0.0001777 seconds, Stopping threads took: 0.0000593 seconds
2017-04-24T16:05:01.168+0800: 1190.841: Total time for which application threads were stopped: 0.0001366 seconds, Stopping threads took: 0.0000385 seconds
2017-04-24T16:05:01.178+0800: 1190.851: Total time for which application threads were stopped: 0.0002033 seconds, Stopping threads took: 0.0000504 seconds
2017-04-24T16:05:10.407+0800: 1200.079: Total time for which application threads were stopped: 0.0002319 seconds, Stopping threads took: 0.0000269 seconds
2017-04-24T16:05:10.439+0800: 1200.111: Total time for which application threads were stopped: 0.0001649 seconds, Stopping threads took: 0.0000359 seconds
2017-04-24T16:05:10.440+0800: 1200.113: Total time for which application threads were stopped: 0.0001363 seconds, Stopping threads took: 0.0000388 seconds
2017-04-24T16:05:10.988+0800: 1200.660: Total time for which application threads were stopped: 0.0002592 seconds, Stopping threads took: 0.0000799 seconds
2017-04-24T16:05:10.988+0800: 1200.661: Total time for which application threads were stopped: 0.0001841 seconds, Stopping threads took: 0.0000513 seconds
2017-04-24T16:05:10.988+0800: 1200.661: Total time for which application threads were stopped: 0.0001642 seconds, Stopping threads took: 0.0000465 seconds
2017-04-24T16:05:10.989+0800: 1200.661: Total time for which application threads were stopped: 0.0001405 seconds, Stopping threads took: 0.0000375 seconds
2017-04-24T16:05:10.989+0800: 1200.661: Total time for which application threads were stopped: 0.0001379 seconds, Stopping threads took: 0.0000356 seconds
2017-04-24T16:05:10.998+0800: 1200.671: Total time for which application threads were stopped: 0.0002322 seconds, Stopping threads took: 0.0000600 seconds
2017-04-24T16:05:20.451+0800: 1210.124: Total time for which application threads were stopped: 0.0001639 seconds, Stopping threads took: 0.0000305 seconds
2017-04-24T16:05:20.453+0800: 1210.125: Total time for which application threads were stopped: 0.0000828 seconds, Stopping threads took: 0.0000192 seconds
2017-04-24T16:05:21.173+0800: 1210.846: Total time for which application threads were stopped: 0.0002823 seconds, Stopping threads took: 0.0001087 seconds
2017-04-24T16:05:21.174+0800: 1210.846: Total time for which application threads were stopped: 0.0001584 seconds, Stopping threads took: 0.0000613 seconds
2017-04-24T16:05:21.176+0800: 1210.849: Total time for which application threads were stopped: 0.0002973 seconds, Stopping threads took: 0.0001164 seconds
2017-04-24T16:05:21.177+0800: 1210.849: Total time for which application threads were stopped: 0.0001774 seconds, Stopping threads took: 0.0000452 seconds
2017-04-24T16:05:21.177+0800: 1210.849: Total time for which application threads were stopped: 0.0001440 seconds, Stopping threads took: 0.0000350 seconds
2017-04-24T16:05:21.177+0800: 1210.850: Total time for which application threads were stopped: 0.0001966 seconds, Stopping threads took: 0.0000658 seconds
2017-04-24T16:05:21.177+0800: 1210.850: Total time for which application threads were stopped: 0.0001315 seconds, Stopping threads took: 0.0000318 seconds
2017-04-24T16:05:21.185+0800: 1210.858: Total time for which application threads were stopped: 0.0001940 seconds, Stopping threads took: 0.0000484 seconds
2017-04-24T16:05:22.185+0800: 1211.857: Total time for which application threads were stopped: 0.0001985 seconds, Stopping threads took: 0.0000590 seconds
2017-04-24T16:05:30.426+0800: 1220.099: Total time for which application threads were stopped: 0.0002476 seconds, Stopping threads took: 0.0000837 seconds
2017-04-24T16:05:30.463+0800: 1220.135: Total time for which application threads were stopped: 0.0001113 seconds, Stopping threads took: 0.0000292 seconds
2017-04-24T16:05:30.464+0800: 1220.136: Total time for which application threads were stopped: 0.0000965 seconds, Stopping threads took: 0.0000308 seconds
2017-04-24T16:05:31.102+0800: 1220.775: Total time for which application threads were stopped: 0.0002688 seconds, Stopping threads took: 0.0000869 seconds
2017-04-24T16:05:31.102+0800: 1220.776: Total time for which application threads were stopped: 0.0002005 seconds, Stopping threads took: 0.0000632 seconds
2017-04-24T16:05:31.103+0800: 1220.776: Total time for which application threads were stopped: 0.0002620 seconds, Stopping threads took: 0.0001597 seconds
2017-04-24T16:05:31.103+0800: 1220.776: Total time for which application threads were stopped: 0.0001857 seconds, Stopping threads took: 0.0000648 seconds
2017-04-24T16:05:31.103+0800: 1220.777: Total time for which application threads were stopped: 0.0001694 seconds, Stopping threads took: 0.0000616 seconds
2017-04-24T16:05:32.104+0800: 1221.777: Total time for which application threads were stopped: 0.0001299 seconds, Stopping threads took: 0.0000372 seconds
2017-04-24T16:05:41.109+0800: 1230.782: Total time for which application threads were stopped: 0.0002784 seconds, Stopping threads took: 0.0000606 seconds
2017-04-24T16:05:41.127+0800: 1230.800: Total time for which application threads were stopped: 0.0003034 seconds, Stopping threads took: 0.0000568 seconds
2017-04-24T16:05:41.128+0800: 1230.801: Total time for which application threads were stopped: 0.0002511 seconds, Stopping threads took: 0.0000581 seconds
2017-04-24T16:05:41.128+0800: 1230.801: Total time for which application threads were stopped: 0.0002518 seconds, Stopping threads took: 0.0000526 seconds
2017-04-24T16:05:41.128+0800: 1230.801: Total time for which application threads were stopped: 0.0002059 seconds, Stopping threads took: 0.0000414 seconds
2017-04-24T16:05:41.129+0800: 1230.802: Total time for which application threads were stopped: 0.0003968 seconds, Stopping threads took: 0.0000385 seconds
2017-04-24T16:05:41.134+0800: 1230.807: Total time for which application threads were stopped: 0.0000946 seconds, Stopping threads took: 0.0000225 seconds
2017-04-24T16:05:50.423+0800: 1240.096: Total time for which application threads were stopped: 0.0002216 seconds, Stopping threads took: 0.0000510 seconds
2017-04-24T16:05:50.449+0800: 1240.122: Total time for which application threads were stopped: 0.0001379 seconds, Stopping threads took: 0.0000436 seconds
2017-04-24T16:05:50.453+0800: 1240.126: Total time for which application threads were stopped: 0.0001312 seconds, Stopping threads took: 0.0000433 seconds
2017-04-24T16:05:51.124+0800: 1240.797: Total time for which application threads were stopped: 0.0002694 seconds, Stopping threads took: 0.0000904 seconds
2017-04-24T16:05:51.124+0800: 1240.797: Total time for which application threads were stopped: 0.0001581 seconds, Stopping threads took: 0.0000520 seconds
2017-04-24T16:05:51.127+0800: 1240.800: Total time for which application threads were stopped: 0.0004734 seconds, Stopping threads took: 0.0000568 seconds
2017-04-24T16:05:51.137+0800: 1240.809: Total time for which application threads were stopped: 0.0002078 seconds, Stopping threads took: 0.0000507 seconds
2017-04-24T16:05:52.138+0800: 1241.810: Total time for which application threads were stopped: 0.0002832 seconds, Stopping threads took: 0.0001142 seconds
{Heap before GC invocations=8 (full 1):
 par new generation   total 109248K, used 109224K [0x00000000e0000000, 0x00000000e8000000, 0x00000000e8000000)
  eden space 87424K,  99% used [0x00000000e0000000, 0x00000000e555a250, 0x00000000e5560000)
  from space 21824K, 100% used [0x00000000e5560000, 0x00000000e6ab0000, 0x00000000e6ab0000)
  to   space 21824K,   0% used [0x00000000e6ab0000, 0x00000000e6ab0000, 0x00000000e8000000)
 concurrent mark-sweep generation total 393216K, used 7374K [0x00000000e8000000, 0x0000000100000000, 0x0000000100000000)
 Metaspace       used 39867K, capacity 40604K, committed 41036K, reserved 1085440K
  class space    used 4588K, capacity 4814K, committed 4940K, reserved 1048576K
2017-04-24T16:06:00.422+0800: 1250.095: [GC (Allocation Failure) 2017-04-24T16:06:00.422+0800: 1250.095: [ParNew
Desired survivor size 20112992 bytes, new threshold 8 (max 8)
- age   1:    2678712 bytes,    2678712 total
- age   2:     922968 bytes,    3601680 total
- age   3:    4999152 bytes,    8600832 total
- age   4:    3481264 bytes,   12082096 total
- age   5:     734624 bytes,   12816720 total
- age   6:     604688 bytes,   13421408 total
- age   7:        376 bytes,   13421784 total
- age   8:    1662808 bytes,   15084592 total
: 109224K->20115K(109248K), 0.0091186 secs] 116598K->27490K(502464K), 0.0091898 secs] [Times: user=0.06 sys=0.00, real=0.01 secs] 
Heap after GC invocations=9 (full 1):
 par new generation   total 109248K, used 20115K [0x00000000e0000000, 0x00000000e8000000, 0x00000000e8000000)
  eden space 87424K,   0% used [0x00000000e0000000, 0x00000000e0000000, 0x00000000e5560000)
  from space 21824K,  92% used [0x00000000e6ab0000, 0x00000000e7e54fe8, 0x00000000e8000000)
  to   space 21824K,   0% used [0x00000000e5560000, 0x00000000e5560000, 0x00000000e6ab0000)
 concurrent mark-sweep generation total 393216K, used 7374K [0x00000000e8000000, 0x0000000100000000, 0x0000000100000000)
 Metaspace       used 39867K, capacity 40604K, committed 41036K, reserved 1085440K
  class space    used 4588K, capacity 4814K, committed 4940K, reserved 1048576K
}
2017-04-24T16:06:00.432+0800: 1250.104: Total time for which application threads were stopped: 0.0093999 seconds, Stopping threads took: 0.0000250 seconds
2017-04-24T16:06:00.434+0800: 1250.107: Total time for which application threads were stopped: 0.0000866 seconds, Stopping threads took: 0.0000298 seconds
2017-04-24T16:06:00.435+0800: 1250.107: Total time for which application threads were stopped: 0.0000613 seconds, Stopping threads took: 0.0000148 seconds
2017-04-24T16:06:00.436+0800: 1250.108: Total time for which application threads were stopped: 0.0000635 seconds, Stopping threads took: 0.0000148 seconds
2017-04-24T16:06:00.436+0800: 1250.108: Total time for which application threads were stopped: 0.0000372 seconds, Stopping threads took: 0.0000099 seconds
2017-04-24T16:06:00.436+0800: 1250.109: Total time for which application threads were stopped: 0.0000414 seconds, Stopping threads took: 0.0000109 seconds
2017-04-24T16:06:00.436+0800: 1250.109: Total time for which application threads were stopped: 0.0000340 seconds, Stopping threads took: 0.0000093 seconds
2017-04-24T16:06:00.436+0800: 1250.109: Total time for which application threads were stopped: 0.0000388 seconds, Stopping threads took: 0.0000125 seconds
2017-04-24T16:06:00.437+0800: 1250.109: Total time for which application threads were stopped: 0.0000956 seconds, Stopping threads took: 0.0000106 seconds
2017-04-24T16:06:00.437+0800: 1250.109: Total time for which application threads were stopped: 0.0000471 seconds, Stopping threads took: 0.0000087 seconds
2017-04-24T16:06:00.437+0800: 1250.109: Total time for which application threads were stopped: 0.0000401 seconds, Stopping threads took: 0.0000103 seconds
2017-04-24T16:06:00.437+0800: 1250.109: Total time for which application threads were stopped: 0.0000330 seconds, Stopping threads took: 0.0000087 seconds
2017-04-24T16:06:00.437+0800: 1250.109: Total time for which application threads were stopped: 0.0000372 seconds, Stopping threads took: 0.0000093 seconds
2017-04-24T16:06:00.437+0800: 1250.109: Total time for which application threads were stopped: 0.0000337 seconds, Stopping threads took: 0.0000083 seconds
2017-04-24T16:06:00.437+0800: 1250.109: Total time for which application threads were stopped: 0.0000318 seconds, Stopping threads took: 0.0000093 seconds
2017-04-24T16:06:00.437+0800: 1250.110: Total time for which application threads were stopped: 0.0000356 seconds, Stopping threads took: 0.0000096 seconds
2017-04-24T16:06:00.437+0800: 1250.110: Total time for which application threads were stopped: 0.0000301 seconds, Stopping threads took: 0.0000083 seconds
2017-04-24T16:06:00.437+0800: 1250.110: Total time for which application threads were stopped: 0.0000353 seconds, Stopping threads took: 0.0000080 seconds
2017-04-24T16:06:00.438+0800: 1250.110: Total time for which application threads were stopped: 0.0000542 seconds, Stopping threads took: 0.0000103 seconds
2017-04-24T16:06:00.438+0800: 1250.110: Total time for which application threads were stopped: 0.0000330 seconds, Stopping threads took: 0.0000083 seconds
2017-04-24T16:06:00.438+0800: 1250.110: Total time for which application threads were stopped: 0.0002216 seconds, Stopping threads took: 0.0001828 seconds
2017-04-24T16:06:00.438+0800: 1250.110: Total time for which application threads were stopped: 0.0000324 seconds, Stopping threads took: 0.0000096 seconds
2017-04-24T16:06:01.105+0800: 1250.777: Total time for which application threads were stopped: 0.0002842 seconds, Stopping threads took: 0.0001004 seconds
2017-04-24T16:06:01.105+0800: 1250.778: Total time for which application threads were stopped: 0.0002187 seconds, Stopping threads took: 0.0000738 seconds
2017-04-24T16:06:01.109+0800: 1250.782: Total time for which application threads were stopped: 0.0002014 seconds, Stopping threads took: 0.0000504 seconds
2017-04-24T16:06:01.109+0800: 1250.782: Total time for which application threads were stopped: 0.0002027 seconds, Stopping threads took: 0.0000641 seconds
2017-04-24T16:06:01.110+0800: 1250.783: Total time for which application threads were stopped: 0.0002139 seconds, Stopping threads took: 0.0000872 seconds
2017-04-24T16:06:01.110+0800: 1250.783: Total time for which application threads were stopped: 0.0001248 seconds, Stopping threads took: 0.0000353 seconds
2017-04-24T16:06:11.114+0800: 1260.787: Total time for which application threads were stopped: 0.0003162 seconds, Stopping threads took: 0.0000924 seconds
2017-04-24T16:06:11.119+0800: 1260.792: Total time for which application threads were stopped: 0.0003069 seconds, Stopping threads took: 0.0000558 seconds
2017-04-24T16:06:11.119+0800: 1260.792: Total time for which application threads were stopped: 0.0002499 seconds, Stopping threads took: 0.0000529 seconds
2017-04-24T16:06:11.119+0800: 1260.792: Total time for which application threads were stopped: 0.0001738 seconds, Stopping threads took: 0.0000330 seconds
2017-04-24T16:06:11.120+0800: 1260.793: Total time for which application threads were stopped: 0.0003288 seconds, Stopping threads took: 0.0000382 seconds
2017-04-24T16:06:11.120+0800: 1260.793: Total time for which application threads were stopped: 0.0001966 seconds, Stopping threads took: 0.0000359 seconds
2017-04-24T16:06:11.128+0800: 1260.801: Total time for which application threads were stopped: 0.0001899 seconds, Stopping threads took: 0.0000475 seconds
2017-04-24T16:06:12.128+0800: 1261.801: Total time for which application threads were stopped: 0.0001915 seconds, Stopping threads took: 0.0000507 seconds
2017-04-24T16:06:20.450+0800: 1270.123: Total time for which application threads were stopped: 0.0001469 seconds, Stopping threads took: 0.0000318 seconds
2017-04-24T16:06:20.451+0800: 1270.124: Total time for which application threads were stopped: 0.0000828 seconds, Stopping threads took: 0.0000199 seconds
2017-04-24T16:06:21.132+0800: 1270.805: Total time for which application threads were stopped: 0.0000914 seconds, Stopping threads took: 0.0000269 seconds
2017-04-24T16:06:21.132+0800: 1270.805: Total time for which application threads were stopped: 0.0000725 seconds, Stopping threads took: 0.0000218 seconds
2017-04-24T16:06:21.132+0800: 1270.805: Total time for which application threads were stopped: 0.0000523 seconds, Stopping threads took: 0.0000135 seconds
2017-04-24T16:06:21.132+0800: 1270.805: Total time for which application threads were stopped: 0.0000484 seconds, Stopping threads took: 0.0000160 seconds
2017-04-24T16:06:21.132+0800: 1270.805: Total time for which application threads were stopped: 0.0000385 seconds, Stopping threads took: 0.0000103 seconds
2017-04-24T16:06:21.132+0800: 1270.805: Total time for which application threads were stopped: 0.0000523 seconds, Stopping threads took: 0.0000180 seconds
2017-04-24T16:06:21.132+0800: 1270.805: Total time for which application threads were stopped: 0.0000430 seconds, Stopping threads took: 0.0000151 seconds
2017-04-24T16:06:21.136+0800: 1270.809: Total time for which application threads were stopped: 0.0000709 seconds, Stopping threads took: 0.0000180 seconds
2017-04-24T16:06:22.137+0800: 1271.809: Total time for which application threads were stopped: 0.0001934 seconds, Stopping threads took: 0.0000571 seconds
2017-04-24T16:06:30.456+0800: 1280.129: Total time for which application threads were stopped: 0.0001395 seconds, Stopping threads took: 0.0000446 seconds
2017-04-24T16:06:30.457+0800: 1280.129: Total time for which application threads were stopped: 0.0000773 seconds, Stopping threads took: 0.0000218 seconds
2017-04-24T16:06:31.127+0800: 1280.801: Total time for which application threads were stopped: 0.0002152 seconds, Stopping threads took: 0.0000513 seconds
2017-04-24T16:06:31.128+0800: 1280.801: Total time for which application threads were stopped: 0.0001405 seconds, Stopping threads took: 0.0000260 seconds
2017-04-24T16:06:31.128+0800: 1280.801: Total time for which application threads were stopped: 0.0001097 seconds, Stopping threads took: 0.0000244 seconds
2017-04-24T16:06:31.128+0800: 1280.801: Total time for which application threads were stopped: 0.0001078 seconds, Stopping threads took: 0.0000247 seconds
2017-04-24T16:06:31.128+0800: 1280.801: Total time for which application threads were stopped: 0.0001062 seconds, Stopping threads took: 0.0000241 seconds
2017-04-24T16:06:31.137+0800: 1280.810: Total time for which application threads were stopped: 0.0002194 seconds, Stopping threads took: 0.0000507 seconds
2017-04-24T16:06:40.452+0800: 1290.125: Total time for which application threads were stopped: 0.0002560 seconds, Stopping threads took: 0.0000298 seconds
2017-04-24T16:06:40.453+0800: 1290.126: Total time for which application threads were stopped: 0.0000981 seconds, Stopping threads took: 0.0000343 seconds
2017-04-24T16:06:41.096+0800: 1290.768: Total time for which application threads were stopped: 0.0003037 seconds, Stopping threads took: 0.0001158 seconds
2017-04-24T16:06:41.096+0800: 1290.769: Total time for which application threads were stopped: 0.0002287 seconds, Stopping threads took: 0.0000728 seconds
2017-04-24T16:06:41.099+0800: 1290.772: Total time for which application threads were stopped: 0.0001690 seconds, Stopping threads took: 0.0000465 seconds
2017-04-24T16:06:41.099+0800: 1290.772: Total time for which application threads were stopped: 0.0001235 seconds, Stopping threads took: 0.0000327 seconds
2017-04-24T16:06:41.100+0800: 1290.772: Total time for which application threads were stopped: 0.0001966 seconds, Stopping threads took: 0.0000690 seconds
2017-04-24T16:06:41.100+0800: 1290.772: Total time for which application threads were stopped: 0.0001857 seconds, Stopping threads took: 0.0000654 seconds
2017-04-24T16:06:41.100+0800: 1290.773: Total time for which application threads were stopped: 0.0001453 seconds, Stopping threads took: 0.0000404 seconds
2017-04-24T16:06:41.108+0800: 1290.781: Total time for which application threads were stopped: 0.0001953 seconds, Stopping threads took: 0.0000494 seconds
2017-04-24T16:06:42.109+0800: 1291.781: Total time for which application threads were stopped: 0.0001928 seconds, Stopping threads took: 0.0000542 seconds
2017-04-24T16:06:50.448+0800: 1300.121: Total time for which application threads were stopped: 0.0001517 seconds, Stopping threads took: 0.0000311 seconds
2017-04-24T16:06:50.449+0800: 1300.121: Total time for which application threads were stopped: 0.0001219 seconds, Stopping threads took: 0.0000404 seconds
2017-04-24T16:06:51.222+0800: 1300.895: Total time for which application threads were stopped: 0.0002592 seconds, Stopping threads took: 0.0000953 seconds
2017-04-24T16:06:51.222+0800: 1300.895: Total time for which application threads were stopped: 0.0002146 seconds, Stopping threads took: 0.0000741 seconds
2017-04-24T16:06:51.225+0800: 1300.898: Total time for which application threads were stopped: 0.0001915 seconds, Stopping threads took: 0.0000577 seconds
2017-04-24T16:06:51.225+0800: 1300.898: Total time for which application threads were stopped: 0.0001206 seconds, Stopping threads took: 0.0000311 seconds
2017-04-24T16:06:51.225+0800: 1300.898: Total time for which application threads were stopped: 0.0001649 seconds, Stopping threads took: 0.0000471 seconds
2017-04-24T16:06:51.225+0800: 1300.898: Total time for which application threads were stopped: 0.0001594 seconds, Stopping threads took: 0.0000436 seconds
2017-04-24T16:06:51.226+0800: 1300.899: Total time for which application threads were stopped: 0.0003759 seconds, Stopping threads took: 0.0000298 seconds
2017-04-24T16:06:52.226+0800: 1301.899: Total time for which application threads were stopped: 0.0000767 seconds, Stopping threads took: 0.0000228 seconds
2017-04-24T16:07:00.456+0800: 1310.130: Total time for which application threads were stopped: 0.0001289 seconds, Stopping threads took: 0.0000491 seconds
2017-04-24T16:07:00.457+0800: 1310.130: Total time for which application threads were stopped: 0.0000786 seconds, Stopping threads took: 0.0000205 seconds
2017-04-24T16:07:01.238+0800: 1310.911: Total time for which application threads were stopped: 0.0002431 seconds, Stopping threads took: 0.0000818 seconds
2017-04-24T16:07:01.240+0800: 1310.912: Total time for which application threads were stopped: 0.0002325 seconds, Stopping threads took: 0.0000911 seconds
2017-04-24T16:07:01.240+0800: 1310.912: Total time for which application threads were stopped: 0.0001883 seconds, Stopping threads took: 0.0000895 seconds
2017-04-24T16:07:01.243+0800: 1310.916: Total time for which application threads were stopped: 0.0002130 seconds, Stopping threads took: 0.0000754 seconds
2017-04-24T16:07:02.245+0800: 1311.917: Total time for which application threads were stopped: 0.0001940 seconds, Stopping threads took: 0.0000561 seconds
2017-04-24T16:07:10.457+0800: 1320.129: Total time for which application threads were stopped: 0.0001546 seconds, Stopping threads took: 0.0000343 seconds
2017-04-24T16:07:10.458+0800: 1320.131: Total time for which application threads were stopped: 0.0000898 seconds, Stopping threads took: 0.0000234 seconds
2017-04-24T16:07:11.350+0800: 1321.023: Total time for which application threads were stopped: 0.0002197 seconds, Stopping threads took: 0.0000606 seconds
2017-04-24T16:07:11.350+0800: 1321.023: Total time for which application threads were stopped: 0.0002665 seconds, Stopping threads took: 0.0001039 seconds
2017-04-24T16:07:11.351+0800: 1321.023: Total time for which application threads were stopped: 0.0001950 seconds, Stopping threads took: 0.0000930 seconds
2017-04-24T16:07:11.354+0800: 1321.027: Total time for which application threads were stopped: 0.0002236 seconds, Stopping threads took: 0.0000770 seconds
2017-04-24T16:07:11.354+0800: 1321.027: Total time for which application threads were stopped: 0.0002059 seconds, Stopping threads took: 0.0000808 seconds
2017-04-24T16:07:11.355+0800: 1321.027: Total time for which application threads were stopped: 0.0001767 seconds, Stopping threads took: 0.0000590 seconds
2017-04-24T16:07:11.355+0800: 1321.028: Total time for which application threads were stopped: 0.0001491 seconds, Stopping threads took: 0.0000532 seconds
2017-04-24T16:07:11.355+0800: 1321.028: Total time for which application threads were stopped: 0.0002495 seconds, Stopping threads took: 0.0000481 seconds
2017-04-24T16:07:11.365+0800: 1321.037: Total time for which application threads were stopped: 0.0002191 seconds, Stopping threads took: 0.0000603 seconds
2017-04-24T16:07:20.461+0800: 1330.134: Total time for which application threads were stopped: 0.0001437 seconds, Stopping threads took: 0.0000510 seconds
2017-04-24T16:07:20.462+0800: 1330.135: Total time for which application threads were stopped: 0.0001116 seconds, Stopping threads took: 0.0000385 seconds
2017-04-24T16:07:21.175+0800: 1330.848: Total time for which application threads were stopped: 0.0002620 seconds, Stopping threads took: 0.0000837 seconds
2017-04-24T16:07:21.176+0800: 1330.848: Total time for which application threads were stopped: 0.0002313 seconds, Stopping threads took: 0.0000664 seconds
2017-04-24T16:07:21.179+0800: 1330.851: Total time for which application threads were stopped: 0.0002098 seconds, Stopping threads took: 0.0000565 seconds
2017-04-24T16:07:21.179+0800: 1330.852: Total time for which application threads were stopped: 0.0002011 seconds, Stopping threads took: 0.0000645 seconds
2017-04-24T16:07:21.180+0800: 1330.852: Total time for which application threads were stopped: 0.0002248 seconds, Stopping threads took: 0.0000956 seconds
2017-04-24T16:07:21.180+0800: 1330.852: Total time for which application threads were stopped: 0.0002280 seconds, Stopping threads took: 0.0000478 seconds
2017-04-24T16:07:21.180+0800: 1330.853: Total time for which application threads were stopped: 0.0001719 seconds, Stopping threads took: 0.0000699 seconds
2017-04-24T16:07:21.189+0800: 1330.862: Total time for which application threads were stopped: 0.0002120 seconds, Stopping threads took: 0.0000597 seconds
2017-04-24T16:07:22.189+0800: 1331.862: Total time for which application threads were stopped: 0.0002069 seconds, Stopping threads took: 0.0000565 seconds
2017-04-24T16:07:31.096+0800: 1340.769: Total time for which application threads were stopped: 0.0003143 seconds, Stopping threads took: 0.0000946 seconds
2017-04-24T16:07:31.096+0800: 1340.769: Total time for which application threads were stopped: 0.0001815 seconds, Stopping threads took: 0.0000433 seconds
2017-04-24T16:07:31.100+0800: 1340.772: Total time for which application threads were stopped: 0.0002483 seconds, Stopping threads took: 0.0000436 seconds
2017-04-24T16:07:31.100+0800: 1340.772: Total time for which application threads were stopped: 0.0002293 seconds, Stopping threads took: 0.0000417 seconds
2017-04-24T16:07:31.100+0800: 1340.773: Total time for which application threads were stopped: 0.0001626 seconds, Stopping threads took: 0.0000266 seconds
2017-04-24T16:07:31.100+0800: 1340.773: Total time for which application threads were stopped: 0.0002110 seconds, Stopping threads took: 0.0000372 seconds
2017-04-24T16:07:31.101+0800: 1340.773: Total time for which application threads were stopped: 0.0001645 seconds, Stopping threads took: 0.0000276 seconds
2017-04-24T16:07:31.110+0800: 1340.782: Total time for which application threads were stopped: 0.0004330 seconds, Stopping threads took: 0.0000478 seconds
2017-04-24T16:07:40.424+0800: 1350.097: Total time for which application threads were stopped: 0.0002823 seconds, Stopping threads took: 0.0000834 seconds
{Heap before GC invocations=9 (full 1):
 par new generation   total 109248K, used 107539K [0x00000000e0000000, 0x00000000e8000000, 0x00000000e8000000)
  eden space 87424K, 100% used [0x00000000e0000000, 0x00000000e5560000, 0x00000000e5560000)
  from space 21824K,  92% used [0x00000000e6ab0000, 0x00000000e7e54fe8, 0x00000000e8000000)
  to   space 21824K,   0% used [0x00000000e5560000, 0x00000000e5560000, 0x00000000e6ab0000)
 concurrent mark-sweep generation total 393216K, used 7374K [0x00000000e8000000, 0x0000000100000000, 0x0000000100000000)
 Metaspace       used 40072K, capacity 40800K, committed 41292K, reserved 1085440K
  class space    used 4588K, capacity 4814K, committed 4940K, reserved 1048576K
2017-04-24T16:07:40.444+0800: 1350.117: [GC (Allocation Failure) 2017-04-24T16:07:40.444+0800: 1350.117: [ParNew
Desired survivor size 20112992 bytes, new threshold 8 (max 8)
- age   1:    3242784 bytes,    3242784 total
- age   2:     686616 bytes,    3929400 total
- age   3:     327624 bytes,    4257024 total
- age   4:    4948592 bytes,    9205616 total
- age   5:    3481264 bytes,   12686880 total
- age   6:     734624 bytes,   13421504 total
- age   7:     604584 bytes,   14026088 total
- age   8:        376 bytes,   14026464 total
: 107539K->16717K(109248K), 0.0174662 secs] 114914K->25738K(502464K), 0.0175727 secs] [Times: user=0.06 sys=0.00, real=0.02 secs] 
Heap after GC invocations=10 (full 1):
 par new generation   total 109248K, used 16717K [0x00000000e0000000, 0x00000000e8000000, 0x00000000e8000000)
  eden space 87424K,   0% used [0x00000000e0000000, 0x00000000e0000000, 0x00000000e5560000)
  from space 21824K,  76% used [0x00000000e5560000, 0x00000000e65b3790, 0x00000000e6ab0000)
  to   space 21824K,   0% used [0x00000000e6ab0000, 0x00000000e6ab0000, 0x00000000e8000000)
 concurrent mark-sweep generation total 393216K, used 9020K [0x00000000e8000000, 0x0000000100000000, 0x0000000100000000)
 Metaspace       used 40072K, capacity 40800K, committed 41292K, reserved 1085440K
  class space    used 4588K, capacity 4814K, committed 4940K, reserved 1048576K
}
2017-04-24T16:07:40.462+0800: 1350.134: Total time for which application threads were stopped: 0.0178687 seconds, Stopping threads took: 0.0000433 seconds
2017-04-24T16:07:40.462+0800: 1350.135: Total time for which application threads were stopped: 0.0001289 seconds, Stopping threads took: 0.0000401 seconds
2017-04-24T16:07:40.462+0800: 1350.135: Total time for which application threads were stopped: 0.0000904 seconds, Stopping threads took: 0.0000366 seconds
2017-04-24T16:07:40.463+0800: 1350.135: Total time for which application threads were stopped: 0.0001071 seconds, Stopping threads took: 0.0000375 seconds
2017-04-24T16:07:40.463+0800: 1350.136: Total time for which application threads were stopped: 0.0001264 seconds, Stopping threads took: 0.0000542 seconds
2017-04-24T16:07:40.464+0800: 1350.136: Total time for which application threads were stopped: 0.0001543 seconds, Stopping threads took: 0.0000532 seconds
2017-04-24T16:07:40.464+0800: 1350.136: Total time for which application threads were stopped: 0.0001321 seconds, Stopping threads took: 0.0000491 seconds
2017-04-24T16:07:40.464+0800: 1350.137: Total time for which application threads were stopped: 0.0001055 seconds, Stopping threads took: 0.0000478 seconds
2017-04-24T16:07:40.464+0800: 1350.137: Total time for which application threads were stopped: 0.0001552 seconds, Stopping threads took: 0.0000914 seconds
2017-04-24T16:07:40.465+0800: 1350.137: Total time for which application threads were stopped: 0.0000972 seconds, Stopping threads took: 0.0000385 seconds
2017-04-24T16:07:40.466+0800: 1350.138: Total time for which application threads were stopped: 0.0000943 seconds, Stopping threads took: 0.0000234 seconds
2017-04-24T16:07:40.466+0800: 1350.138: Total time for which application threads were stopped: 0.0001546 seconds, Stopping threads took: 0.0000552 seconds
2017-04-24T16:07:40.466+0800: 1350.139: Total time for which application threads were stopped: 0.0000940 seconds, Stopping threads took: 0.0000427 seconds
2017-04-24T16:07:40.467+0800: 1350.139: Total time for which application threads were stopped: 0.0000904 seconds, Stopping threads took: 0.0000375 seconds
2017-04-24T16:07:40.467+0800: 1350.139: Total time for which application threads were stopped: 0.0001164 seconds, Stopping threads took: 0.0000526 seconds
2017-04-24T16:07:40.467+0800: 1350.139: Total time for which application threads were stopped: 0.0000962 seconds, Stopping threads took: 0.0000449 seconds
2017-04-24T16:07:40.467+0800: 1350.140: Total time for which application threads were stopped: 0.0001123 seconds, Stopping threads took: 0.0000314 seconds
2017-04-24T16:07:40.467+0800: 1350.140: Total time for which application threads were stopped: 0.0001091 seconds, Stopping threads took: 0.0000353 seconds
2017-04-24T16:07:40.468+0800: 1350.140: Total time for which application threads were stopped: 0.0000908 seconds, Stopping threads took: 0.0000330 seconds
2017-04-24T16:07:40.468+0800: 1350.140: Total time for which application threads were stopped: 0.0001135 seconds, Stopping threads took: 0.0000308 seconds
2017-04-24T16:07:40.468+0800: 1350.141: Total time for which application threads were stopped: 0.0001164 seconds, Stopping threads took: 0.0000350 seconds
2017-04-24T16:07:40.473+0800: 1350.146: Total time for which application threads were stopped: 0.0000892 seconds, Stopping threads took: 0.0000221 seconds
2017-04-24T16:07:40.474+0800: 1350.146: Total time for which application threads were stopped: 0.0000520 seconds, Stopping threads took: 0.0000144 seconds
2017-04-24T16:07:41.036+0800: 1350.709: Total time for which application threads were stopped: 0.0001940 seconds, Stopping threads took: 0.0000507 seconds
2017-04-24T16:07:41.038+0800: 1350.711: Total time for which application threads were stopped: 0.0001719 seconds, Stopping threads took: 0.0000417 seconds
2017-04-24T16:07:41.039+0800: 1350.712: Total time for which application threads were stopped: 0.0001264 seconds, Stopping threads took: 0.0000404 seconds
2017-04-24T16:07:41.039+0800: 1350.712: Total time for which application threads were stopped: 0.0001039 seconds, Stopping threads took: 0.0000225 seconds
2017-04-24T16:07:41.039+0800: 1350.712: Total time for which application threads were stopped: 0.0001020 seconds, Stopping threads took: 0.0000228 seconds
2017-04-24T16:07:41.039+0800: 1350.712: Total time for which application threads were stopped: 0.0001010 seconds, Stopping threads took: 0.0000221 seconds
2017-04-24T16:07:42.040+0800: 1351.713: Total time for which application threads were stopped: 0.0002168 seconds, Stopping threads took: 0.0000548 seconds
2017-04-24T16:07:50.447+0800: 1360.120: Total time for which application threads were stopped: 0.0001649 seconds, Stopping threads took: 0.0000510 seconds
2017-04-24T16:07:50.448+0800: 1360.120: Total time for which application threads were stopped: 0.0001036 seconds, Stopping threads took: 0.0000289 seconds
2017-04-24T16:07:51.205+0800: 1360.878: Total time for which application threads were stopped: 0.0002627 seconds, Stopping threads took: 0.0000661 seconds
2017-04-24T16:07:51.206+0800: 1360.879: Total time for which application threads were stopped: 0.0002335 seconds, Stopping threads took: 0.0000597 seconds
2017-04-24T16:07:51.206+0800: 1360.879: Total time for which application threads were stopped: 0.0001511 seconds, Stopping threads took: 0.0000395 seconds
2017-04-24T16:07:51.208+0800: 1360.881: Total time for which application threads were stopped: 0.0001957 seconds, Stopping threads took: 0.0000645 seconds
2017-04-24T16:07:51.208+0800: 1360.881: Total time for which application threads were stopped: 0.0001838 seconds, Stopping threads took: 0.0000459 seconds
2017-04-24T16:07:51.209+0800: 1360.882: Total time for which application threads were stopped: 0.0002091 seconds, Stopping threads took: 0.0000680 seconds
2017-04-24T16:07:51.209+0800: 1360.882: Total time for which application threads were stopped: 0.0001613 seconds, Stopping threads took: 0.0000398 seconds
2017-04-24T16:07:51.209+0800: 1360.882: Total time for which application threads were stopped: 0.0001812 seconds, Stopping threads took: 0.0000577 seconds
2017-04-24T16:08:00.455+0800: 1370.128: Total time for which application threads were stopped: 0.0001402 seconds, Stopping threads took: 0.0000372 seconds
2017-04-24T16:08:00.455+0800: 1370.128: Total time for which application threads were stopped: 0.0001074 seconds, Stopping threads took: 0.0000359 seconds
2017-04-24T16:08:01.090+0800: 1370.763: Total time for which application threads were stopped: 0.0002640 seconds, Stopping threads took: 0.0000969 seconds
2017-04-24T16:08:01.091+0800: 1370.763: Total time for which application threads were stopped: 0.0002325 seconds, Stopping threads took: 0.0000658 seconds
2017-04-24T16:08:01.091+0800: 1370.763: Total time for which application threads were stopped: 0.0001799 seconds, Stopping threads took: 0.0000709 seconds
2017-04-24T16:08:01.093+0800: 1370.766: Total time for which application threads were stopped: 0.0001395 seconds, Stopping threads took: 0.0000366 seconds
2017-04-24T16:08:01.093+0800: 1370.766: Total time for which application threads were stopped: 0.0001129 seconds, Stopping threads took: 0.0000247 seconds
2017-04-24T16:08:01.094+0800: 1370.766: Total time for which application threads were stopped: 0.0001113 seconds, Stopping threads took: 0.0000237 seconds
2017-04-24T16:08:01.094+0800: 1370.766: Total time for which application threads were stopped: 0.0001097 seconds, Stopping threads took: 0.0000241 seconds
2017-04-24T16:08:01.094+0800: 1370.767: Total time for which application threads were stopped: 0.0003849 seconds, Stopping threads took: 0.0000260 seconds
2017-04-24T16:08:10.450+0800: 1380.123: Total time for which application threads were stopped: 0.0001491 seconds, Stopping threads took: 0.0000334 seconds
2017-04-24T16:08:10.451+0800: 1380.124: Total time for which application threads were stopped: 0.0003307 seconds, Stopping threads took: 0.0000237 seconds
2017-04-24T16:08:11.205+0800: 1380.878: Total time for which application threads were stopped: 0.0002723 seconds, Stopping threads took: 0.0000850 seconds
2017-04-24T16:08:11.205+0800: 1380.878: Total time for which application threads were stopped: 0.0001774 seconds, Stopping threads took: 0.0000321 seconds
2017-04-24T16:08:11.205+0800: 1380.878: Total time for which application threads were stopped: 0.0001623 seconds, Stopping threads took: 0.0000571 seconds
2017-04-24T16:08:11.208+0800: 1380.880: Total time for which application threads were stopped: 0.0001825 seconds, Stopping threads took: 0.0000523 seconds
2017-04-24T16:08:20.413+0800: 1390.085: Total time for which application threads were stopped: 0.0001238 seconds, Stopping threads took: 0.0000260 seconds
2017-04-24T16:08:20.431+0800: 1390.104: Total time for which application threads were stopped: 0.0001989 seconds, Stopping threads took: 0.0001321 seconds
2017-04-24T16:08:20.432+0800: 1390.104: Total time for which application threads were stopped: 0.0000658 seconds, Stopping threads took: 0.0000205 seconds
2017-04-24T16:08:21.092+0800: 1390.764: Total time for which application threads were stopped: 0.0002643 seconds, Stopping threads took: 0.0000981 seconds
2017-04-24T16:08:21.092+0800: 1390.764: Total time for which application threads were stopped: 0.0001600 seconds, Stopping threads took: 0.0000285 seconds
2017-04-24T16:08:21.092+0800: 1390.765: Total time for which application threads were stopped: 0.0001626 seconds, Stopping threads took: 0.0000632 seconds
2017-04-24T16:08:21.106+0800: 1390.778: Total time for which application threads were stopped: 0.0004923 seconds, Stopping threads took: 0.0003342 seconds
2017-04-24T16:08:21.106+0800: 1390.779: Total time for which application threads were stopped: 0.0002146 seconds, Stopping threads took: 0.0000622 seconds
2017-04-24T16:08:21.107+0800: 1390.779: Total time for which application threads were stopped: 0.0001844 seconds, Stopping threads took: 0.0000645 seconds
2017-04-24T16:08:21.107+0800: 1390.779: Total time for which application threads were stopped: 0.0001912 seconds, Stopping threads took: 0.0000648 seconds
2017-04-24T16:08:21.107+0800: 1390.780: Total time for which application threads were stopped: 0.0001565 seconds, Stopping threads took: 0.0000597 seconds
2017-04-24T16:08:24.110+0800: 1393.782: Total time for which application threads were stopped: 0.0000866 seconds, Stopping threads took: 0.0000257 seconds
2017-04-24T16:08:25.111+0800: 1394.783: Total time for which application threads were stopped: 0.0001918 seconds, Stopping threads took: 0.0000552 seconds
2017-04-24T16:08:30.455+0800: 1400.128: Total time for which application threads were stopped: 0.0001588 seconds, Stopping threads took: 0.0000343 seconds
2017-04-24T16:08:30.456+0800: 1400.129: Total time for which application threads were stopped: 0.0001305 seconds, Stopping threads took: 0.0000398 seconds
2017-04-24T16:08:31.203+0800: 1400.877: Total time for which application threads were stopped: 0.0002944 seconds, Stopping threads took: 0.0001042 seconds
2017-04-24T16:08:31.204+0800: 1400.877: Total time for which application threads were stopped: 0.0004834 seconds, Stopping threads took: 0.0000824 seconds
2017-04-24T16:08:31.205+0800: 1400.878: Total time for which application threads were stopped: 0.0005064 seconds, Stopping threads took: 0.0001074 seconds
2017-04-24T16:08:31.208+0800: 1400.881: Total time for which application threads were stopped: 0.0002499 seconds, Stopping threads took: 0.0000863 seconds
2017-04-24T16:08:31.208+0800: 1400.881: Total time for which application threads were stopped: 0.0001735 seconds, Stopping threads took: 0.0000571 seconds
2017-04-24T16:08:31.208+0800: 1400.882: Total time for which application threads were stopped: 0.0002117 seconds, Stopping threads took: 0.0000699 seconds
2017-04-24T16:08:31.209+0800: 1400.882: Total time for which application threads were stopped: 0.0001928 seconds, Stopping threads took: 0.0000577 seconds
2017-04-24T16:08:31.209+0800: 1400.882: Total time for which application threads were stopped: 0.0001761 seconds, Stopping threads took: 0.0000587 seconds
2017-04-24T16:08:32.210+0800: 1401.882: Total time for which application threads were stopped: 0.0001758 seconds, Stopping threads took: 0.0000500 seconds
2017-04-24T16:08:40.423+0800: 1410.096: Total time for which application threads were stopped: 0.0002444 seconds, Stopping threads took: 0.0000539 seconds
2017-04-24T16:08:40.450+0800: 1410.123: Total time for which application threads were stopped: 0.0001405 seconds, Stopping threads took: 0.0000321 seconds
2017-04-24T16:08:40.451+0800: 1410.124: Total time for which application threads were stopped: 0.0001049 seconds, Stopping threads took: 0.0000228 seconds
2017-04-24T16:08:41.150+0800: 1410.823: Total time for which application threads were stopped: 0.0003804 seconds, Stopping threads took: 0.0001726 seconds
2017-04-24T16:08:41.152+0800: 1410.825: Total time for which application threads were stopped: 0.0002473 seconds, Stopping threads took: 0.0000494 seconds
2017-04-24T16:08:41.153+0800: 1410.825: Total time for which application threads were stopped: 0.0002021 seconds, Stopping threads took: 0.0000520 seconds
2017-04-24T16:08:41.153+0800: 1410.826: Total time for which application threads were stopped: 0.0002948 seconds, Stopping threads took: 0.0001700 seconds
2017-04-24T16:08:41.153+0800: 1410.826: Total time for which application threads were stopped: 0.0001559 seconds, Stopping threads took: 0.0000369 seconds
2017-04-24T16:08:41.154+0800: 1410.826: Total time for which application threads were stopped: 0.0002203 seconds, Stopping threads took: 0.0000664 seconds
2017-04-24T16:08:50.409+0800: 1420.081: Total time for which application threads were stopped: 0.0004192 seconds, Stopping threads took: 0.0000504 seconds
2017-04-24T16:08:50.444+0800: 1420.116: Total time for which application threads were stopped: 0.0001466 seconds, Stopping threads took: 0.0000488 seconds
2017-04-24T16:08:50.444+0800: 1420.117: Total time for which application threads were stopped: 0.0001033 seconds, Stopping threads took: 0.0000269 seconds
2017-04-24T16:08:51.081+0800: 1420.754: Total time for which application threads were stopped: 0.0002932 seconds, Stopping threads took: 0.0001049 seconds
2017-04-24T16:08:51.084+0800: 1420.757: Total time for which application threads were stopped: 0.0002303 seconds, Stopping threads took: 0.0000520 seconds
2017-04-24T16:08:51.084+0800: 1420.757: Total time for which application threads were stopped: 0.0001953 seconds, Stopping threads took: 0.0000462 seconds
2017-04-24T16:08:51.084+0800: 1420.757: Total time for which application threads were stopped: 0.0001780 seconds, Stopping threads took: 0.0000449 seconds
2017-04-24T16:08:51.084+0800: 1420.757: Total time for which application threads were stopped: 0.0001382 seconds, Stopping threads took: 0.0000321 seconds
2017-04-24T16:08:51.085+0800: 1420.758: Total time for which application threads were stopped: 0.0001777 seconds, Stopping threads took: 0.0000574 seconds
2017-04-24T16:09:00.452+0800: 1430.125: Total time for which application threads were stopped: 0.0001402 seconds, Stopping threads took: 0.0000321 seconds
2017-04-24T16:09:00.453+0800: 1430.126: Total time for which application threads were stopped: 0.0001411 seconds, Stopping threads took: 0.0000427 seconds
2017-04-24T16:09:01.116+0800: 1430.788: Total time for which application threads were stopped: 0.0002543 seconds, Stopping threads took: 0.0000613 seconds
2017-04-24T16:09:01.119+0800: 1430.792: Total time for which application threads were stopped: 0.0002851 seconds, Stopping threads took: 0.0000542 seconds
2017-04-24T16:09:01.119+0800: 1430.792: Total time for which application threads were stopped: 0.0002146 seconds, Stopping threads took: 0.0000625 seconds
2017-04-24T16:09:01.120+0800: 1430.792: Total time for which application threads were stopped: 0.0001729 seconds, Stopping threads took: 0.0000401 seconds
2017-04-24T16:09:01.120+0800: 1430.793: Total time for which application threads were stopped: 0.0001524 seconds, Stopping threads took: 0.0000366 seconds
2017-04-24T16:09:01.120+0800: 1430.793: Total time for which application threads were stopped: 0.0001960 seconds, Stopping threads took: 0.0000600 seconds
2017-04-24T16:09:06.123+0800: 1435.796: Total time for which application threads were stopped: 0.0001992 seconds, Stopping threads took: 0.0000504 seconds
2017-04-24T16:09:10.448+0800: 1440.121: Total time for which application threads were stopped: 0.0001414 seconds, Stopping threads took: 0.0000359 seconds
2017-04-24T16:09:10.449+0800: 1440.122: Total time for which application threads were stopped: 0.0001610 seconds, Stopping threads took: 0.0000475 seconds
{Heap before GC invocations=10 (full 1):
 par new generation   total 109248K, used 104141K [0x00000000e0000000, 0x00000000e8000000, 0x00000000e8000000)
  eden space 87424K, 100% used [0x00000000e0000000, 0x00000000e5560000, 0x00000000e5560000)
  from space 21824K,  76% used [0x00000000e5560000, 0x00000000e65b3790, 0x00000000e6ab0000)
  to   space 21824K,   0% used [0x00000000e6ab0000, 0x00000000e6ab0000, 0x00000000e8000000)
 concurrent mark-sweep generation total 393216K, used 9020K [0x00000000e8000000, 0x0000000100000000, 0x0000000100000000)
 Metaspace       used 40219K, capacity 40992K, committed 41292K, reserved 1085440K
  class space    used 4588K, capacity 4814K, committed 4940K, reserved 1048576K
2017-04-24T16:09:10.521+0800: 1440.193: [GC (Allocation Failure) 2017-04-24T16:09:10.521+0800: 1440.193: [ParNew
Desired survivor size 20112992 bytes, new threshold 8 (max 8)
- age   1:    2374656 bytes,    2374656 total
- age   2:     850288 bytes,    3224944 total
- age   3:     110680 bytes,    3335624 total
- age   4:     272208 bytes,    3607832 total
- age   5:    4947880 bytes,    8555712 total
- age   6:    3481264 bytes,   12036976 total
- age   7:     734624 bytes,   12771600 total
- age   8:     604584 bytes,   13376184 total
: 104141K->18303K(109248K), 0.0271298 secs] 113162K->27324K(502464K), 0.0273190 secs] [Times: user=0.13 sys=0.00, real=0.03 secs] 
Heap after GC invocations=11 (full 1):
 par new generation   total 109248K, used 18303K [0x00000000e0000000, 0x00000000e8000000, 0x00000000e8000000)
  eden space 87424K,   0% used [0x00000000e0000000, 0x00000000e0000000, 0x00000000e5560000)
  from space 21824K,  83% used [0x00000000e6ab0000, 0x00000000e7c8fd38, 0x00000000e8000000)
  to   space 21824K,   0% used [0x00000000e5560000, 0x00000000e5560000, 0x00000000e6ab0000)
 concurrent mark-sweep generation total 393216K, used 9020K [0x00000000e8000000, 0x0000000100000000, 0x0000000100000000)
 Metaspace       used 40219K, capacity 40992K, committed 41292K, reserved 1085440K
  class space    used 4588K, capacity 4814K, committed 4940K, reserved 1048576K
}
2017-04-24T16:09:10.548+0800: 1440.221: Total time for which application threads were stopped: 0.0278306 seconds, Stopping threads took: 0.0000584 seconds
2017-04-24T16:09:10.549+0800: 1440.221: Total time for which application threads were stopped: 0.0002688 seconds, Stopping threads took: 0.0000818 seconds
2017-04-24T16:09:10.549+0800: 1440.221: Total time for which application threads were stopped: 0.0002136 seconds, Stopping threads took: 0.0000680 seconds
2017-04-24T16:09:10.550+0800: 1440.222: Total time for which application threads were stopped: 0.0004170 seconds, Stopping threads took: 0.0000372 seconds
2017-04-24T16:09:10.550+0800: 1440.223: Total time for which application threads were stopped: 0.0003198 seconds, Stopping threads took: 0.0000260 seconds
2017-04-24T16:09:10.552+0800: 1440.224: Total time for which application threads were stopped: 0.0003987 seconds, Stopping threads took: 0.0000356 seconds
2017-04-24T16:09:11.097+0800: 1440.769: Total time for which application threads were stopped: 0.0002550 seconds, Stopping threads took: 0.0000763 seconds
2017-04-24T16:09:11.099+0800: 1440.771: Total time for which application threads were stopped: 0.0001770 seconds, Stopping threads took: 0.0000417 seconds
2017-04-24T16:09:11.099+0800: 1440.772: Total time for which application threads were stopped: 0.0002210 seconds, Stopping threads took: 0.0000696 seconds
2017-04-24T16:09:11.099+0800: 1440.772: Total time for which application threads were stopped: 0.0001713 seconds, Stopping threads took: 0.0000401 seconds
2017-04-24T16:09:11.100+0800: 1440.772: Total time for which application threads were stopped: 0.0001533 seconds, Stopping threads took: 0.0000388 seconds
2017-04-24T16:09:11.100+0800: 1440.773: Total time for which application threads were stopped: 0.0004122 seconds, Stopping threads took: 0.0000375 seconds
2017-04-24T16:09:11.110+0800: 1440.782: Total time for which application threads were stopped: 0.0002617 seconds, Stopping threads took: 0.0000876 seconds
2017-04-24T16:09:20.445+0800: 1450.118: Total time for which application threads were stopped: 0.0002171 seconds, Stopping threads took: 0.0000577 seconds
2017-04-24T16:09:20.447+0800: 1450.119: Total time for which application threads were stopped: 0.0001722 seconds, Stopping threads took: 0.0000520 seconds
2017-04-24T16:09:21.182+0800: 1450.854: Total time for which application threads were stopped: 0.0002572 seconds, Stopping threads took: 0.0000648 seconds
2017-04-24T16:09:21.191+0800: 1450.864: Total time for which application threads were stopped: 0.0002043 seconds, Stopping threads took: 0.0000510 seconds
2017-04-24T16:09:30.455+0800: 1460.128: Total time for which application threads were stopped: 0.0001363 seconds, Stopping threads took: 0.0000385 seconds
2017-04-24T16:09:30.456+0800: 1460.129: Total time for which application threads were stopped: 0.0001196 seconds, Stopping threads took: 0.0000366 seconds
2017-04-24T16:09:31.148+0800: 1460.820: Total time for which application threads were stopped: 0.0004930 seconds, Stopping threads took: 0.0000510 seconds
2017-04-24T16:09:31.148+0800: 1460.820: Total time for which application threads were stopped: 0.0001222 seconds, Stopping threads took: 0.0000273 seconds
2017-04-24T16:09:31.148+0800: 1460.820: Total time for which application threads were stopped: 0.0001838 seconds, Stopping threads took: 0.0000449 seconds
2017-04-24T16:09:31.148+0800: 1460.821: Total time for which application threads were stopped: 0.0001690 seconds, Stopping threads took: 0.0000651 seconds
2017-04-24T16:09:31.149+0800: 1460.821: Total time for which application threads were stopped: 0.0001892 seconds, Stopping threads took: 0.0000565 seconds
2017-04-24T16:09:31.158+0800: 1460.830: Total time for which application threads were stopped: 0.0002210 seconds, Stopping threads took: 0.0000475 seconds
2017-04-24T16:09:40.449+0800: 1470.122: Total time for which application threads were stopped: 0.0001398 seconds, Stopping threads took: 0.0000343 seconds
2017-04-24T16:09:40.450+0800: 1470.123: Total time for which application threads were stopped: 0.0001007 seconds, Stopping threads took: 0.0000205 seconds
2017-04-24T16:09:40.950+0800: 1470.623: Total time for which application threads were stopped: 0.0002454 seconds, Stopping threads took: 0.0000645 seconds
2017-04-24T16:09:40.950+0800: 1470.623: Total time for which application threads were stopped: 0.0002085 seconds, Stopping threads took: 0.0000577 seconds
2017-04-24T16:09:40.950+0800: 1470.624: Total time for which application threads were stopped: 0.0001873 seconds, Stopping threads took: 0.0000513 seconds
2017-04-24T16:09:40.951+0800: 1470.624: Total time for which application threads were stopped: 0.0001729 seconds, Stopping threads took: 0.0000449 seconds
2017-04-24T16:09:40.963+0800: 1470.635: Total time for which application threads were stopped: 0.0002351 seconds, Stopping threads took: 0.0000629 seconds
2017-04-24T16:09:41.963+0800: 1471.635: Total time for which application threads were stopped: 0.0001966 seconds, Stopping threads took: 0.0000568 seconds
2017-04-24T16:09:50.446+0800: 1480.119: Total time for which application threads were stopped: 0.0001559 seconds, Stopping threads took: 0.0000452 seconds
2017-04-24T16:09:50.447+0800: 1480.120: Total time for which application threads were stopped: 0.0001135 seconds, Stopping threads took: 0.0000324 seconds
2017-04-24T16:09:51.193+0800: 1480.866: Total time for which application threads were stopped: 0.0002643 seconds, Stopping threads took: 0.0000850 seconds
2017-04-24T16:09:51.193+0800: 1480.866: Total time for which application threads were stopped: 0.0001562 seconds, Stopping threads took: 0.0000459 seconds
2017-04-24T16:09:51.194+0800: 1480.867: Total time for which application threads were stopped: 0.0002171 seconds, Stopping threads took: 0.0000648 seconds
2017-04-24T16:09:51.194+0800: 1480.867: Total time for which application threads were stopped: 0.0001549 seconds, Stopping threads took: 0.0000398 seconds
2017-04-24T16:09:51.194+0800: 1480.867: Total time for which application threads were stopped: 0.0001793 seconds, Stopping threads took: 0.0000465 seconds
2017-04-24T16:09:51.205+0800: 1480.878: Total time for which application threads were stopped: 0.0002053 seconds, Stopping threads took: 0.0000497 seconds
2017-04-24T16:09:56.208+0800: 1485.880: Total time for which application threads were stopped: 0.0002005 seconds, Stopping threads took: 0.0000616 seconds
2017-04-24T16:10:00.452+0800: 1490.125: Total time for which application threads were stopped: 0.0001790 seconds, Stopping threads took: 0.0000404 seconds
2017-04-24T16:10:00.453+0800: 1490.126: Total time for which application threads were stopped: 0.0001026 seconds, Stopping threads took: 0.0000234 seconds
2017-04-24T16:10:01.078+0800: 1490.750: Total time for which application threads were stopped: 0.0002357 seconds, Stopping threads took: 0.0000622 seconds
2017-04-24T16:10:01.078+0800: 1490.751: Total time for which application threads were stopped: 0.0001940 seconds, Stopping threads took: 0.0000510 seconds
2017-04-24T16:10:01.079+0800: 1490.751: Total time for which application threads were stopped: 0.0001912 seconds, Stopping threads took: 0.0000629 seconds
2017-04-24T16:10:01.079+0800: 1490.751: Total time for which application threads were stopped: 0.0001463 seconds, Stopping threads took: 0.0000340 seconds
2017-04-24T16:10:01.079+0800: 1490.751: Total time for which application threads were stopped: 0.0001437 seconds, Stopping threads took: 0.0000343 seconds
2017-04-24T16:10:01.088+0800: 1490.760: Total time for which application threads were stopped: 0.0001742 seconds, Stopping threads took: 0.0000427 seconds
2017-04-24T16:10:02.088+0800: 1491.760: Total time for which application threads were stopped: 0.0002033 seconds, Stopping threads took: 0.0000577 seconds
2017-04-24T16:10:10.449+0800: 1500.122: Total time for which application threads were stopped: 0.0001337 seconds, Stopping threads took: 0.0000362 seconds
2017-04-24T16:10:10.450+0800: 1500.123: Total time for which application threads were stopped: 0.0001148 seconds, Stopping threads took: 0.0000295 seconds
2017-04-24T16:10:11.419+0800: 1501.092: Total time for which application threads were stopped: 0.0002271 seconds, Stopping threads took: 0.0000504 seconds
2017-04-24T16:10:11.420+0800: 1501.093: Total time for which application threads were stopped: 0.0001976 seconds, Stopping threads took: 0.0000471 seconds
2017-04-24T16:10:11.420+0800: 1501.093: Total time for which application threads were stopped: 0.0001232 seconds, Stopping threads took: 0.0000257 seconds
2017-04-24T16:10:11.420+0800: 1501.093: Total time for which application threads were stopped: 0.0001158 seconds, Stopping threads took: 0.0000253 seconds
2017-04-24T16:10:11.420+0800: 1501.093: Total time for which application threads were stopped: 0.0001126 seconds, Stopping threads took: 0.0000244 seconds
2017-04-24T16:10:11.429+0800: 1501.102: Total time for which application threads were stopped: 0.0001953 seconds, Stopping threads took: 0.0000423 seconds
2017-04-24T16:10:20.434+0800: 1510.106: Total time for which application threads were stopped: 0.0001315 seconds, Stopping threads took: 0.0000350 seconds
2017-04-24T16:10:20.444+0800: 1510.117: Total time for which application threads were stopped: 0.0001373 seconds, Stopping threads took: 0.0000423 seconds
2017-04-24T16:10:20.445+0800: 1510.118: Total time for which application threads were stopped: 0.0000853 seconds, Stopping threads took: 0.0000292 seconds
2017-04-24T16:10:21.178+0800: 1510.851: Total time for which application threads were stopped: 0.0003259 seconds, Stopping threads took: 0.0001155 seconds
2017-04-24T16:10:21.179+0800: 1510.851: Total time for which application threads were stopped: 0.0002495 seconds, Stopping threads took: 0.0000808 seconds
2017-04-24T16:10:21.184+0800: 1510.857: Total time for which application threads were stopped: 0.0001985 seconds, Stopping threads took: 0.0000443 seconds
2017-04-24T16:10:21.184+0800: 1510.857: Total time for which application threads were stopped: 0.0001370 seconds, Stopping threads took: 0.0000279 seconds
2017-04-24T16:10:21.184+0800: 1510.857: Total time for which application threads were stopped: 0.0001235 seconds, Stopping threads took: 0.0000260 seconds
2017-04-24T16:10:21.184+0800: 1510.857: Total time for which application threads were stopped: 0.0001193 seconds, Stopping threads took: 0.0000250 seconds
2017-04-24T16:10:21.185+0800: 1510.858: Total time for which application threads were stopped: 0.0004009 seconds, Stopping threads took: 0.0000244 seconds
2017-04-24T16:10:21.190+0800: 1510.863: Total time for which application threads were stopped: 0.0001764 seconds, Stopping threads took: 0.0000378 seconds
2017-04-24T16:10:24.309+0800: 1513.982: Total time for which application threads were stopped: 0.0005020 seconds, Stopping threads took: 0.0000613 seconds
2017-04-24T16:10:30.453+0800: 1520.125: Total time for which application threads were stopped: 0.0002316 seconds, Stopping threads took: 0.0000257 seconds
2017-04-24T16:10:30.454+0800: 1520.126: Total time for which application threads were stopped: 0.0000526 seconds, Stopping threads took: 0.0000115 seconds
2017-04-24T16:10:31.156+0800: 1520.828: Total time for which application threads were stopped: 0.0002402 seconds, Stopping threads took: 0.0000536 seconds
2017-04-24T16:10:31.156+0800: 1520.829: Total time for which application threads were stopped: 0.0002271 seconds, Stopping threads took: 0.0000587 seconds
2017-04-24T16:10:31.158+0800: 1520.831: Total time for which application threads were stopped: 0.0001373 seconds, Stopping threads took: 0.0000356 seconds
2017-04-24T16:10:31.168+0800: 1520.841: Total time for which application threads were stopped: 0.0002486 seconds, Stopping threads took: 0.0000763 seconds
2017-04-24T16:10:40.453+0800: 1530.125: Total time for which application threads were stopped: 0.0002515 seconds, Stopping threads took: 0.0001331 seconds
2017-04-24T16:10:40.454+0800: 1530.126: Total time for which application threads were stopped: 0.0001158 seconds, Stopping threads took: 0.0000391 seconds
2017-04-24T16:10:41.098+0800: 1530.770: Total time for which application threads were stopped: 0.0003114 seconds, Stopping threads took: 0.0000937 seconds
2017-04-24T16:10:41.098+0800: 1530.771: Total time for which application threads were stopped: 0.0001479 seconds, Stopping threads took: 0.0000334 seconds
2017-04-24T16:10:41.100+0800: 1530.773: Total time for which application threads were stopped: 0.0001780 seconds, Stopping threads took: 0.0000565 seconds
2017-04-24T16:10:41.100+0800: 1530.773: Total time for which application threads were stopped: 0.0002296 seconds, Stopping threads took: 0.0000712 seconds
2017-04-24T16:10:41.101+0800: 1530.773: Total time for which application threads were stopped: 0.0001671 seconds, Stopping threads took: 0.0000523 seconds
2017-04-24T16:10:41.101+0800: 1530.774: Total time for which application threads were stopped: 0.0002072 seconds, Stopping threads took: 0.0000674 seconds
2017-04-24T16:10:41.101+0800: 1530.774: Total time for which application threads were stopped: 0.0001610 seconds, Stopping threads took: 0.0000372 seconds
2017-04-24T16:10:41.111+0800: 1530.784: Total time for which application threads were stopped: 0.0002143 seconds, Stopping threads took: 0.0000510 seconds
{Heap before GC invocations=11 (full 1):
 par new generation   total 109248K, used 105517K [0x00000000e0000000, 0x00000000e8000000, 0x00000000e8000000)
  eden space 87424K,  99% used [0x00000000e0000000, 0x00000000e552b848, 0x00000000e5560000)
  from space 21824K,  83% used [0x00000000e6ab0000, 0x00000000e7c8fd38, 0x00000000e8000000)
  to   space 21824K,   0% used [0x00000000e5560000, 0x00000000e5560000, 0x00000000e6ab0000)
 concurrent mark-sweep generation total 393216K, used 9020K [0x00000000e8000000, 0x0000000100000000, 0x0000000100000000)
 Metaspace       used 40472K, capacity 41196K, committed 41548K, reserved 1085440K
  class space    used 4590K, capacity 4818K, committed 4940K, reserved 1048576K
2017-04-24T16:10:50.442+0800: 1540.115: [GC (Allocation Failure) 2017-04-24T16:10:50.442+0800: 1540.115: [ParNew
Desired survivor size 20112992 bytes, new threshold 8 (max 8)
- age   1:    2856296 bytes,    2856296 total
- age   2:     720448 bytes,    3576744 total
- age   3:     158416 bytes,    3735160 total
- age   4:      55704 bytes,    3790864 total
- age   5:     271480 bytes,    4062344 total
- age   6:    4947928 bytes,    9010272 total
- age   7:    3481264 bytes,   12491536 total
- age   8:     734624 bytes,   13226160 total
: 105517K->17202K(109248K), 0.0152499 secs] 114538K->26824K(502464K), 0.0153580 secs] [Times: user=0.06 sys=0.00, real=0.02 secs] 
Heap after GC invocations=12 (full 1):
 par new generation   total 109248K, used 17202K [0x00000000e0000000, 0x00000000e8000000, 0x00000000e8000000)
  eden space 87424K,   0% used [0x00000000e0000000, 0x00000000e0000000, 0x00000000e5560000)
  from space 21824K,  78% used [0x00000000e5560000, 0x00000000e662ca10, 0x00000000e6ab0000)
  to   space 21824K,   0% used [0x00000000e6ab0000, 0x00000000e6ab0000, 0x00000000e8000000)
 concurrent mark-sweep generation total 393216K, used 9622K [0x00000000e8000000, 0x0000000100000000, 0x0000000100000000)
 Metaspace       used 40472K, capacity 41196K, committed 41548K, reserved 1085440K
  class space    used 4590K, capacity 4818K, committed 4940K, reserved 1048576K
}
2017-04-24T16:10:50.458+0800: 1540.130: Total time for which application threads were stopped: 0.0156627 seconds, Stopping threads took: 0.0000356 seconds
2017-04-24T16:10:50.458+0800: 1540.131: Total time for which application threads were stopped: 0.0001305 seconds, Stopping threads took: 0.0000465 seconds
2017-04-24T16:10:50.459+0800: 1540.132: Total time for which application threads were stopped: 0.0001174 seconds, Stopping threads took: 0.0000362 seconds
2017-04-24T16:10:50.461+0800: 1540.134: Total time for which application threads were stopped: 0.0000751 seconds, Stopping threads took: 0.0000192 seconds
2017-04-24T16:10:50.462+0800: 1540.134: Total time for which application threads were stopped: 0.0000574 seconds, Stopping threads took: 0.0000138 seconds
2017-04-24T16:10:51.224+0800: 1540.897: Total time for which application threads were stopped: 0.0003294 seconds, Stopping threads took: 0.0001408 seconds
2017-04-24T16:10:51.224+0800: 1540.897: Total time for which application threads were stopped: 0.0001966 seconds, Stopping threads took: 0.0000488 seconds
2017-04-24T16:10:51.226+0800: 1540.899: Total time for which application threads were stopped: 0.0003733 seconds, Stopping threads took: 0.0002274 seconds
2017-04-24T16:10:51.227+0800: 1540.900: Total time for which application threads were stopped: 0.0002014 seconds, Stopping threads took: 0.0000613 seconds
2017-04-24T16:10:51.227+0800: 1540.900: Total time for which application threads were stopped: 0.0001905 seconds, Stopping threads took: 0.0000555 seconds
2017-04-24T16:10:51.227+0800: 1540.900: Total time for which application threads were stopped: 0.0001764 seconds, Stopping threads took: 0.0000513 seconds
2017-04-24T16:10:51.227+0800: 1540.900: Total time for which application threads were stopped: 0.0001729 seconds, Stopping threads took: 0.0000500 seconds
2017-04-24T16:10:52.228+0800: 1541.900: Total time for which application threads were stopped: 0.0001995 seconds, Stopping threads took: 0.0000571 seconds
2017-04-24T16:11:00.452+0800: 1550.125: Total time for which application threads were stopped: 0.0001482 seconds, Stopping threads took: 0.0000430 seconds
2017-04-24T16:11:00.453+0800: 1550.125: Total time for which application threads were stopped: 0.0001209 seconds, Stopping threads took: 0.0000417 seconds
2017-04-24T16:11:01.202+0800: 1550.875: Total time for which application threads were stopped: 0.0003743 seconds, Stopping threads took: 0.0000869 seconds
2017-04-24T16:11:01.203+0800: 1550.875: Total time for which application threads were stopped: 0.0002306 seconds, Stopping threads took: 0.0000757 seconds
2017-04-24T16:11:01.203+0800: 1550.876: Total time for which application threads were stopped: 0.0002123 seconds, Stopping threads took: 0.0000994 seconds
2017-04-24T16:11:01.204+0800: 1550.878: Total time for which application threads were stopped: 0.0001796 seconds, Stopping threads took: 0.0000436 seconds
2017-04-24T16:11:01.205+0800: 1550.878: Total time for which application threads were stopped: 0.0001960 seconds, Stopping threads took: 0.0000661 seconds
2017-04-24T16:11:01.205+0800: 1550.878: Total time for which application threads were stopped: 0.0001857 seconds, Stopping threads took: 0.0000593 seconds
2017-04-24T16:11:01.205+0800: 1550.878: Total time for which application threads were stopped: 0.0001479 seconds, Stopping threads took: 0.0000375 seconds
2017-04-24T16:11:01.205+0800: 1550.879: Total time for which application threads were stopped: 0.0001674 seconds, Stopping threads took: 0.0000561 seconds
2017-04-24T16:11:01.215+0800: 1550.888: Total time for which application threads were stopped: 0.0004484 seconds, Stopping threads took: 0.0000516 seconds
2017-04-24T16:11:10.446+0800: 1560.119: Total time for which application threads were stopped: 0.0001584 seconds, Stopping threads took: 0.0000645 seconds
2017-04-24T16:11:10.447+0800: 1560.120: Total time for which application threads were stopped: 0.0001062 seconds, Stopping threads took: 0.0000327 seconds
2017-04-24T16:11:11.136+0800: 1560.809: Total time for which application threads were stopped: 0.0002524 seconds, Stopping threads took: 0.0000625 seconds
2017-04-24T16:11:11.137+0800: 1560.809: Total time for which application threads were stopped: 0.0001713 seconds, Stopping threads took: 0.0000343 seconds
2017-04-24T16:11:11.137+0800: 1560.809: Total time for which application threads were stopped: 0.0001572 seconds, Stopping threads took: 0.0000520 seconds
2017-04-24T16:11:11.139+0800: 1560.812: Total time for which application threads were stopped: 0.0002030 seconds, Stopping threads took: 0.0000430 seconds
2017-04-24T16:11:11.139+0800: 1560.812: Total time for which application threads were stopped: 0.0001366 seconds, Stopping threads took: 0.0000263 seconds
2017-04-24T16:11:11.140+0800: 1560.812: Total time for which application threads were stopped: 0.0001312 seconds, Stopping threads took: 0.0000241 seconds
2017-04-24T16:11:11.140+0800: 1560.812: Total time for which application threads were stopped: 0.0001248 seconds, Stopping threads took: 0.0000244 seconds
2017-04-24T16:11:11.140+0800: 1560.812: Total time for which application threads were stopped: 0.0001251 seconds, Stopping threads took: 0.0000247 seconds
2017-04-24T16:11:20.446+0800: 1570.119: Total time for which application threads were stopped: 0.0002033 seconds, Stopping threads took: 0.0000395 seconds
2017-04-24T16:11:20.447+0800: 1570.120: Total time for which application threads were stopped: 0.0001649 seconds, Stopping threads took: 0.0000478 seconds
2017-04-24T16:11:21.088+0800: 1570.760: Total time for which application threads were stopped: 0.0003082 seconds, Stopping threads took: 0.0000946 seconds
2017-04-24T16:11:21.088+0800: 1570.760: Total time for which application threads were stopped: 0.0001453 seconds, Stopping threads took: 0.0000295 seconds
2017-04-24T16:11:21.088+0800: 1570.761: Total time for which application threads were stopped: 0.0001902 seconds, Stopping threads took: 0.0000844 seconds
2017-04-24T16:11:21.090+0800: 1570.762: Total time for which application threads were stopped: 0.0001989 seconds, Stopping threads took: 0.0000427 seconds
2017-04-24T16:11:21.090+0800: 1570.762: Total time for which application threads were stopped: 0.0001331 seconds, Stopping threads took: 0.0000263 seconds
2017-04-24T16:11:21.090+0800: 1570.763: Total time for which application threads were stopped: 0.0001254 seconds, Stopping threads took: 0.0000241 seconds
2017-04-24T16:11:21.090+0800: 1570.763: Total time for which application threads were stopped: 0.0001241 seconds, Stopping threads took: 0.0000237 seconds
2017-04-24T16:11:21.091+0800: 1570.763: Total time for which application threads were stopped: 0.0001305 seconds, Stopping threads took: 0.0000266 seconds
2017-04-24T16:11:30.450+0800: 1580.123: Total time for which application threads were stopped: 0.0002306 seconds, Stopping threads took: 0.0000532 seconds
2017-04-24T16:11:30.451+0800: 1580.124: Total time for which application threads were stopped: 0.0000888 seconds, Stopping threads took: 0.0000205 seconds
2017-04-24T16:11:31.290+0800: 1580.962: Total time for which application threads were stopped: 0.0002550 seconds, Stopping threads took: 0.0000866 seconds
2017-04-24T16:11:31.290+0800: 1580.963: Total time for which application threads were stopped: 0.0002370 seconds, Stopping threads took: 0.0000731 seconds
2017-04-24T16:11:31.290+0800: 1580.963: Total time for which application threads were stopped: 0.0002133 seconds, Stopping threads took: 0.0001014 seconds
2017-04-24T16:11:31.292+0800: 1580.965: Total time for which application threads were stopped: 0.0001710 seconds, Stopping threads took: 0.0000423 seconds
2017-04-24T16:11:31.293+0800: 1580.965: Total time for which application threads were stopped: 0.0002062 seconds, Stopping threads took: 0.0000468 seconds
2017-04-24T16:11:31.293+0800: 1580.965: Total time for which application threads were stopped: 0.0001350 seconds, Stopping threads took: 0.0000321 seconds
2017-04-24T16:11:31.293+0800: 1580.965: Total time for which application threads were stopped: 0.0001270 seconds, Stopping threads took: 0.0000308 seconds
2017-04-24T16:11:31.293+0800: 1580.966: Total time for which application threads were stopped: 0.0004439 seconds, Stopping threads took: 0.0000427 seconds
2017-04-24T16:11:40.448+0800: 1590.120: Total time for which application threads were stopped: 0.0001273 seconds, Stopping threads took: 0.0000298 seconds
2017-04-24T16:11:40.448+0800: 1590.121: Total time for which application threads were stopped: 0.0000828 seconds, Stopping threads took: 0.0000234 seconds
2017-04-24T16:11:41.131+0800: 1590.804: Total time for which application threads were stopped: 0.0002377 seconds, Stopping threads took: 0.0000622 seconds
2017-04-24T16:11:41.132+0800: 1590.805: Total time for which application threads were stopped: 0.0002778 seconds, Stopping threads took: 0.0001113 seconds
2017-04-24T16:11:41.132+0800: 1590.805: Total time for which application threads were stopped: 0.0002152 seconds, Stopping threads took: 0.0000779 seconds
2017-04-24T16:11:41.134+0800: 1590.807: Total time for which application threads were stopped: 0.0001479 seconds, Stopping threads took: 0.0000330 seconds
2017-04-24T16:11:42.135+0800: 1591.807: Total time for which application threads were stopped: 0.0001873 seconds, Stopping threads took: 0.0000536 seconds
2017-04-24T16:11:50.453+0800: 1600.125: Total time for which application threads were stopped: 0.0002691 seconds, Stopping threads took: 0.0000584 seconds
2017-04-24T16:11:50.455+0800: 1600.128: Total time for which application threads were stopped: 0.0006165 seconds, Stopping threads took: 0.0000471 seconds
2017-04-24T16:11:51.141+0800: 1600.814: Total time for which application threads were stopped: 0.0002553 seconds, Stopping threads took: 0.0000625 seconds
2017-04-24T16:11:51.144+0800: 1600.816: Total time for which application threads were stopped: 0.0002229 seconds, Stopping threads took: 0.0000526 seconds
2017-04-24T16:11:51.144+0800: 1600.817: Total time for which application threads were stopped: 0.0002046 seconds, Stopping threads took: 0.0000494 seconds
2017-04-24T16:11:51.144+0800: 1600.817: Total time for which application threads were stopped: 0.0001934 seconds, Stopping threads took: 0.0000449 seconds
2017-04-24T16:11:51.145+0800: 1600.817: Total time for which application threads were stopped: 0.0001658 seconds, Stopping threads took: 0.0000407 seconds
2017-04-24T16:11:51.145+0800: 1600.817: Total time for which application threads were stopped: 0.0001867 seconds, Stopping threads took: 0.0000433 seconds
2017-04-24T16:12:00.424+0800: 1610.096: Total time for which application threads were stopped: 0.0001129 seconds, Stopping threads took: 0.0000420 seconds
2017-04-24T16:12:00.424+0800: 1610.096: Total time for which application threads were stopped: 0.0000619 seconds, Stopping threads took: 0.0000151 seconds
2017-04-24T16:12:01.160+0800: 1610.832: Total time for which application threads were stopped: 0.0002861 seconds, Stopping threads took: 0.0000888 seconds
2017-04-24T16:12:01.160+0800: 1610.833: Total time for which application threads were stopped: 0.0001831 seconds, Stopping threads took: 0.0000536 seconds
2017-04-24T16:12:01.161+0800: 1610.833: Total time for which application threads were stopped: 0.0001671 seconds, Stopping threads took: 0.0000526 seconds
2017-04-24T16:12:01.163+0800: 1610.835: Total time for which application threads were stopped: 0.0002406 seconds, Stopping threads took: 0.0000767 seconds
2017-04-24T16:12:01.163+0800: 1610.835: Total time for which application threads were stopped: 0.0001604 seconds, Stopping threads took: 0.0000430 seconds
2017-04-24T16:12:01.163+0800: 1610.836: Total time for which application threads were stopped: 0.0001328 seconds, Stopping threads took: 0.0000327 seconds
2017-04-24T16:12:01.163+0800: 1610.836: Total time for which application threads were stopped: 0.0001533 seconds, Stopping threads took: 0.0000497 seconds
2017-04-24T16:12:01.164+0800: 1610.836: Total time for which application threads were stopped: 0.0001847 seconds, Stopping threads took: 0.0000462 seconds
2017-04-24T16:12:02.164+0800: 1611.836: Total time for which application threads were stopped: 0.0001902 seconds, Stopping threads took: 0.0000888 seconds
2017-04-24T16:12:10.445+0800: 1620.118: Total time for which application threads were stopped: 0.0001636 seconds, Stopping threads took: 0.0000343 seconds
2017-04-24T16:12:10.446+0800: 1620.119: Total time for which application threads were stopped: 0.0000821 seconds, Stopping threads took: 0.0000212 seconds
2017-04-24T16:12:11.122+0800: 1620.794: Total time for which application threads were stopped: 0.0003050 seconds, Stopping threads took: 0.0001196 seconds
2017-04-24T16:12:11.122+0800: 1620.795: Total time for which application threads were stopped: 0.0001652 seconds, Stopping threads took: 0.0000497 seconds
2017-04-24T16:12:11.122+0800: 1620.795: Total time for which application threads were stopped: 0.0002271 seconds, Stopping threads took: 0.0000725 seconds
2017-04-24T16:12:11.124+0800: 1620.797: Total time for which application threads were stopped: 0.0001758 seconds, Stopping threads took: 0.0000455 seconds
2017-04-24T16:12:11.124+0800: 1620.797: Total time for which application threads were stopped: 0.0001729 seconds, Stopping threads took: 0.0000443 seconds
2017-04-24T16:12:11.125+0800: 1620.797: Total time for which application threads were stopped: 0.0001790 seconds, Stopping threads took: 0.0000468 seconds
2017-04-24T16:12:11.125+0800: 1620.798: Total time for which application threads were stopped: 0.0001325 seconds, Stopping threads took: 0.0000321 seconds
2017-04-24T16:12:11.125+0800: 1620.798: Total time for which application threads were stopped: 0.0001495 seconds, Stopping threads took: 0.0000372 seconds
2017-04-24T16:12:20.421+0800: 1630.094: Total time for which application threads were stopped: 0.0003050 seconds, Stopping threads took: 0.0000526 seconds
2017-04-24T16:12:20.441+0800: 1630.113: Total time for which application threads were stopped: 0.0001418 seconds, Stopping threads took: 0.0000350 seconds
2017-04-24T16:12:20.441+0800: 1630.114: Total time for which application threads were stopped: 0.0001151 seconds, Stopping threads took: 0.0000250 seconds
2017-04-24T16:12:21.153+0800: 1630.826: Total time for which application threads were stopped: 0.0002604 seconds, Stopping threads took: 0.0000641 seconds
2017-04-24T16:12:21.154+0800: 1630.826: Total time for which application threads were stopped: 0.0001405 seconds, Stopping threads took: 0.0000305 seconds
2017-04-24T16:12:21.154+0800: 1630.827: Total time for which application threads were stopped: 0.0001921 seconds, Stopping threads took: 0.0000834 seconds
2017-04-24T16:12:21.156+0800: 1630.828: Total time for which application threads were stopped: 0.0001373 seconds, Stopping threads took: 0.0000260 seconds
2017-04-24T16:12:21.156+0800: 1630.829: Total time for which application threads were stopped: 0.0001267 seconds, Stopping threads took: 0.0000247 seconds
2017-04-24T16:12:21.156+0800: 1630.829: Total time for which application threads were stopped: 0.0001238 seconds, Stopping threads took: 0.0000237 seconds
2017-04-24T16:12:21.156+0800: 1630.829: Total time for which application threads were stopped: 0.0001235 seconds, Stopping threads took: 0.0000231 seconds
2017-04-24T16:12:21.156+0800: 1630.829: Total time for which application threads were stopped: 0.0001244 seconds, Stopping threads took: 0.0000234 seconds
2017-04-24T16:12:22.156+0800: 1631.829: Total time for which application threads were stopped: 0.0002755 seconds, Stopping threads took: 0.0000552 seconds
2017-04-24T16:12:30.409+0800: 1640.081: Total time for which application threads were stopped: 0.0004763 seconds, Stopping threads took: 0.0000577 seconds
2017-04-24T16:12:30.422+0800: 1640.094: Total time for which application threads were stopped: 0.0002816 seconds, Stopping threads took: 0.0000850 seconds
2017-04-24T16:12:30.422+0800: 1640.094: Total time for which application threads were stopped: 0.0002313 seconds, Stopping threads took: 0.0000632 seconds
2017-04-24T16:12:30.422+0800: 1640.095: Total time for which application threads were stopped: 0.0001889 seconds, Stopping threads took: 0.0000475 seconds
{Heap before GC invocations=12 (full 1):
 par new generation   total 109248K, used 104459K [0x00000000e0000000, 0x00000000e8000000, 0x00000000e8000000)
  eden space 87424K,  99% used [0x00000000e0000000, 0x00000000e55363e8, 0x00000000e5560000)
  from space 21824K,  78% used [0x00000000e5560000, 0x00000000e662ca10, 0x00000000e6ab0000)
  to   space 21824K,   0% used [0x00000000e6ab0000, 0x00000000e6ab0000, 0x00000000e8000000)
 concurrent mark-sweep generation total 393216K, used 9622K [0x00000000e8000000, 0x0000000100000000, 0x0000000100000000)
 Metaspace       used 40595K, capacity 41388K, committed 41804K, reserved 1085440K
  class space    used 4590K, capacity 4818K, committed 4940K, reserved 1048576K
2017-04-24T16:12:30.446+0800: 1640.118: [GC (Allocation Failure) 2017-04-24T16:12:30.446+0800: 1640.118: [ParNew
Desired survivor size 20112992 bytes, new threshold 8 (max 8)
- age   1:    2980272 bytes,    2980272 total
- age   2:     728408 bytes,    3708680 total
- age   3:     143800 bytes,    3852480 total
- age   4:     102488 bytes,    3954968 total
- age   5:      55008 bytes,    4009976 total
- age   6:     271304 bytes,    4281280 total
- age   7:    4947904 bytes,    9229184 total
- age   8:    3481288 bytes,   12710472 total
: 104459K->15464K(109248K), 0.0150369 secs] 114081K->25810K(502464K), 0.0151726 secs] [Times: user=0.06 sys=0.00, real=0.01 secs] 
Heap after GC invocations=13 (full 1):
 par new generation   total 109248K, used 15464K [0x00000000e0000000, 0x00000000e8000000, 0x00000000e8000000)
  eden space 87424K,   0% used [0x00000000e0000000, 0x00000000e0000000, 0x00000000e5560000)
  from space 21824K,  70% used [0x00000000e6ab0000, 0x00000000e79ca060, 0x00000000e8000000)
  to   space 21824K,   0% used [0x00000000e5560000, 0x00000000e5560000, 0x00000000e6ab0000)
 concurrent mark-sweep generation total 393216K, used 10346K [0x00000000e8000000, 0x0000000100000000, 0x0000000100000000)
 Metaspace       used 40595K, capacity 41388K, committed 41804K, reserved 1085440K
  class space    used 4590K, capacity 4818K, committed 4940K, reserved 1048576K
}
2017-04-24T16:12:30.461+0800: 1640.133: Total time for which application threads were stopped: 0.0156223 seconds, Stopping threads took: 0.0000763 seconds
2017-04-24T16:12:30.461+0800: 1640.134: Total time for which application threads were stopped: 0.0001456 seconds, Stopping threads took: 0.0000600 seconds
2017-04-24T16:12:30.462+0800: 1640.134: Total time for which application threads were stopped: 0.0001556 seconds, Stopping threads took: 0.0000904 seconds
2017-04-24T16:12:30.462+0800: 1640.134: Total time for which application threads were stopped: 0.0001033 seconds, Stopping threads took: 0.0000337 seconds
2017-04-24T16:12:30.462+0800: 1640.134: Total time for which application threads were stopped: 0.0000792 seconds, Stopping threads took: 0.0000247 seconds
2017-04-24T16:12:30.462+0800: 1640.135: Total time for which application threads were stopped: 0.0000885 seconds, Stopping threads took: 0.0000510 seconds
2017-04-24T16:12:30.462+0800: 1640.135: Total time for which application threads were stopped: 0.0001495 seconds, Stopping threads took: 0.0000446 seconds
2017-04-24T16:12:30.463+0800: 1640.135: Total time for which application threads were stopped: 0.0000879 seconds, Stopping threads took: 0.0000330 seconds
2017-04-24T16:12:30.463+0800: 1640.135: Total time for which application threads were stopped: 0.0000741 seconds, Stopping threads took: 0.0000269 seconds
2017-04-24T16:12:30.463+0800: 1640.135: Total time for which application threads were stopped: 0.0001735 seconds, Stopping threads took: 0.0001296 seconds
2017-04-24T16:12:30.463+0800: 1640.136: Total time for which application threads were stopped: 0.0000731 seconds, Stopping threads took: 0.0000308 seconds
2017-04-24T16:12:30.463+0800: 1640.136: Total time for which application threads were stopped: 0.0001219 seconds, Stopping threads took: 0.0000292 seconds
2017-04-24T16:12:30.464+0800: 1640.136: Total time for which application threads were stopped: 0.0000988 seconds, Stopping threads took: 0.0000407 seconds
2017-04-24T16:12:30.464+0800: 1640.136: Total time for which application threads were stopped: 0.0000921 seconds, Stopping threads took: 0.0000343 seconds
2017-04-24T16:12:30.464+0800: 1640.136: Total time for which application threads were stopped: 0.0000815 seconds, Stopping threads took: 0.0000247 seconds
2017-04-24T16:12:30.464+0800: 1640.136: Total time for which application threads were stopped: 0.0000872 seconds, Stopping threads took: 0.0000237 seconds
2017-04-24T16:12:30.464+0800: 1640.136: Total time for which application threads were stopped: 0.0001129 seconds, Stopping threads took: 0.0000215 seconds
2017-04-24T16:12:30.464+0800: 1640.137: Total time for which application threads were stopped: 0.0000712 seconds, Stopping threads took: 0.0000202 seconds
2017-04-24T16:12:30.464+0800: 1640.137: Total time for which application threads were stopped: 0.0000658 seconds, Stopping threads took: 0.0000247 seconds
2017-04-24T16:12:30.465+0800: 1640.137: Total time for which application threads were stopped: 0.0000715 seconds, Stopping threads took: 0.0000109 seconds
2017-04-24T16:12:30.465+0800: 1640.137: Total time for which application threads were stopped: 0.0000635 seconds, Stopping threads took: 0.0000160 seconds
2017-04-24T16:12:30.465+0800: 1640.137: Total time for which application threads were stopped: 0.0000924 seconds, Stopping threads took: 0.0000138 seconds
2017-04-24T16:12:30.465+0800: 1640.137: Total time for which application threads were stopped: 0.0000581 seconds, Stopping threads took: 0.0000141 seconds
2017-04-24T16:12:30.465+0800: 1640.137: Total time for which application threads were stopped: 0.0000712 seconds, Stopping threads took: 0.0000260 seconds
2017-04-24T16:12:30.465+0800: 1640.137: Total time for which application threads were stopped: 0.0000876 seconds, Stopping threads took: 0.0000199 seconds
2017-04-24T16:12:30.465+0800: 1640.138: Total time for which application threads were stopped: 0.0000648 seconds, Stopping threads took: 0.0000176 seconds
2017-04-24T16:12:30.465+0800: 1640.138: Total time for which application threads were stopped: 0.0000606 seconds, Stopping threads took: 0.0000199 seconds
2017-04-24T16:12:30.467+0800: 1640.139: Total time for which application threads were stopped: 0.0000795 seconds, Stopping threads took: 0.0000215 seconds
2017-04-24T16:12:30.468+0800: 1640.140: Total time for which application threads were stopped: 0.0000747 seconds, Stopping threads took: 0.0000183 seconds
2017-04-24T16:12:31.156+0800: 1640.829: Total time for which application threads were stopped: 0.0002422 seconds, Stopping threads took: 0.0000606 seconds
2017-04-24T16:12:31.156+0800: 1640.829: Total time for which application threads were stopped: 0.0002056 seconds, Stopping threads took: 0.0000869 seconds
2017-04-24T16:12:31.156+0800: 1640.830: Total time for which application threads were stopped: 0.0001286 seconds, Stopping threads took: 0.0000279 seconds
2017-04-24T16:12:31.158+0800: 1640.831: Total time for which application threads were stopped: 0.0002986 seconds, Stopping threads took: 0.0001376 seconds
2017-04-24T16:12:31.158+0800: 1640.832: Total time for which application threads were stopped: 0.0002027 seconds, Stopping threads took: 0.0000680 seconds
2017-04-24T16:12:31.159+0800: 1640.832: Total time for which application threads were stopped: 0.0001831 seconds, Stopping threads took: 0.0000667 seconds
2017-04-24T16:12:31.159+0800: 1640.832: Total time for which application threads were stopped: 0.0001831 seconds, Stopping threads took: 0.0000494 seconds
2017-04-24T16:12:31.159+0800: 1640.832: Total time for which application threads were stopped: 0.0001738 seconds, Stopping threads took: 0.0000548 seconds
2017-04-24T16:12:40.447+0800: 1650.119: Total time for which application threads were stopped: 0.0001844 seconds, Stopping threads took: 0.0000430 seconds
2017-04-24T16:12:40.448+0800: 1650.121: Total time for which application threads were stopped: 0.0001411 seconds, Stopping threads took: 0.0000430 seconds
2017-04-24T16:12:41.025+0800: 1650.698: Total time for which application threads were stopped: 0.0002434 seconds, Stopping threads took: 0.0000706 seconds
2017-04-24T16:12:41.026+0800: 1650.698: Total time for which application threads were stopped: 0.0002136 seconds, Stopping threads took: 0.0000536 seconds
2017-04-24T16:12:41.026+0800: 1650.699: Total time for which application threads were stopped: 0.0001626 seconds, Stopping threads took: 0.0000532 seconds
2017-04-24T16:12:41.027+0800: 1650.700: Total time for which application threads were stopped: 0.0001889 seconds, Stopping threads took: 0.0000500 seconds
2017-04-24T16:12:41.027+0800: 1650.701: Total time for which application threads were stopped: 0.0001710 seconds, Stopping threads took: 0.0000449 seconds
2017-04-24T16:12:41.028+0800: 1650.701: Total time for which application threads were stopped: 0.0002181 seconds, Stopping threads took: 0.0000991 seconds
2017-04-24T16:12:41.028+0800: 1650.701: Total time for which application threads were stopped: 0.0001491 seconds, Stopping threads took: 0.0000369 seconds
2017-04-24T16:12:41.028+0800: 1650.702: Total time for which application threads were stopped: 0.0004009 seconds, Stopping threads took: 0.0000330 seconds
2017-04-24T16:12:41.038+0800: 1650.712: Total time for which application threads were stopped: 0.0002056 seconds, Stopping threads took: 0.0000504 seconds
2017-04-24T16:12:50.416+0800: 1660.089: Total time for which application threads were stopped: 0.0000831 seconds, Stopping threads took: 0.0000205 seconds
2017-04-24T16:12:50.416+0800: 1660.089: Total time for which application threads were stopped: 0.0000404 seconds, Stopping threads took: 0.0000099 seconds
2017-04-24T16:12:51.205+0800: 1660.878: Total time for which application threads were stopped: 0.0002402 seconds, Stopping threads took: 0.0000539 seconds
2017-04-24T16:12:51.216+0800: 1660.889: Total time for which application threads were stopped: 0.0002823 seconds, Stopping threads took: 0.0000584 seconds
2017-04-24T16:12:55.219+0800: 1664.892: Total time for which application threads were stopped: 0.0002229 seconds, Stopping threads took: 0.0000555 seconds
2017-04-24T16:13:00.451+0800: 1670.124: Total time for which application threads were stopped: 0.0001697 seconds, Stopping threads took: 0.0000545 seconds
2017-04-24T16:13:00.452+0800: 1670.125: Total time for which application threads were stopped: 0.0001135 seconds, Stopping threads took: 0.0000298 seconds
2017-04-24T16:13:01.127+0800: 1670.800: Total time for which application threads were stopped: 0.0002406 seconds, Stopping threads took: 0.0000613 seconds
2017-04-24T16:13:01.128+0800: 1670.801: Total time for which application threads were stopped: 0.0002665 seconds, Stopping threads took: 0.0000850 seconds
2017-04-24T16:13:01.130+0800: 1670.803: Total time for which application threads were stopped: 0.0001831 seconds, Stopping threads took: 0.0000407 seconds
2017-04-24T16:13:01.130+0800: 1670.803: Total time for which application threads were stopped: 0.0001764 seconds, Stopping threads took: 0.0000382 seconds
2017-04-24T16:13:01.131+0800: 1670.804: Total time for which application threads were stopped: 0.0001302 seconds, Stopping threads took: 0.0000260 seconds
2017-04-24T16:13:01.131+0800: 1670.804: Total time for which application threads were stopped: 0.0001216 seconds, Stopping threads took: 0.0000244 seconds
2017-04-24T16:13:01.131+0800: 1670.804: Total time for which application threads were stopped: 0.0001177 seconds, Stopping threads took: 0.0000244 seconds
2017-04-24T16:13:02.132+0800: 1671.804: Total time for which application threads were stopped: 0.0001867 seconds, Stopping threads took: 0.0000532 seconds
2017-04-24T16:13:10.446+0800: 1680.119: Total time for which application threads were stopped: 0.0001677 seconds, Stopping threads took: 0.0000362 seconds
2017-04-24T16:13:10.447+0800: 1680.120: Total time for which application threads were stopped: 0.0001110 seconds, Stopping threads took: 0.0000205 seconds
2017-04-24T16:13:11.320+0800: 1680.993: Total time for which application threads were stopped: 0.0002508 seconds, Stopping threads took: 0.0000629 seconds
2017-04-24T16:13:11.320+0800: 1680.993: Total time for which application threads were stopped: 0.0002906 seconds, Stopping threads took: 0.0001058 seconds
2017-04-24T16:13:11.320+0800: 1680.993: Total time for which application threads were stopped: 0.0002159 seconds, Stopping threads took: 0.0000872 seconds
2017-04-24T16:13:11.322+0800: 1680.995: Total time for which application threads were stopped: 0.0004112 seconds, Stopping threads took: 0.0000311 seconds
2017-04-24T16:13:11.323+0800: 1680.995: Total time for which application threads were stopped: 0.0001687 seconds, Stopping threads took: 0.0000555 seconds
2017-04-24T16:13:11.323+0800: 1680.996: Total time for which application threads were stopped: 0.0001206 seconds, Stopping threads took: 0.0000218 seconds
2017-04-24T16:13:11.323+0800: 1680.996: Total time for which application threads were stopped: 0.0001799 seconds, Stopping threads took: 0.0000375 seconds
2017-04-24T16:13:11.323+0800: 1680.996: Total time for which application threads were stopped: 0.0001742 seconds, Stopping threads took: 0.0000334 seconds
2017-04-24T16:13:11.332+0800: 1681.005: Total time for which application threads were stopped: 0.0001860 seconds, Stopping threads took: 0.0000430 seconds
2017-04-24T16:13:20.408+0800: 1690.081: Total time for which application threads were stopped: 0.0000885 seconds, Stopping threads took: 0.0000196 seconds
2017-04-24T16:13:20.417+0800: 1690.090: Total time for which application threads were stopped: 0.0000988 seconds, Stopping threads took: 0.0000318 seconds
2017-04-24T16:13:20.418+0800: 1690.091: Total time for which application threads were stopped: 0.0000616 seconds, Stopping threads took: 0.0000202 seconds
2017-04-24T16:13:21.053+0800: 1690.727: Total time for which application threads were stopped: 0.0001151 seconds, Stopping threads took: 0.0000292 seconds
2017-04-24T16:13:21.053+0800: 1690.727: Total time for which application threads were stopped: 0.0000837 seconds, Stopping threads took: 0.0000231 seconds
2017-04-24T16:13:21.054+0800: 1690.727: Total time for which application threads were stopped: 0.0000683 seconds, Stopping threads took: 0.0000141 seconds
2017-04-24T16:13:21.054+0800: 1690.727: Total time for which application threads were stopped: 0.0000760 seconds, Stopping threads took: 0.0000324 seconds
2017-04-24T16:13:21.055+0800: 1690.727: Total time for which application threads were stopped: 0.0000545 seconds, Stopping threads took: 0.0000128 seconds
2017-04-24T16:13:21.055+0800: 1690.727: Total time for which application threads were stopped: 0.0000449 seconds, Stopping threads took: 0.0000128 seconds
2017-04-24T16:13:21.059+0800: 1690.731: Total time for which application threads were stopped: 0.0000879 seconds, Stopping threads took: 0.0000199 seconds
2017-04-24T16:13:30.420+0800: 1700.093: Total time for which application threads were stopped: 0.0002457 seconds, Stopping threads took: 0.0000606 seconds
2017-04-24T16:13:30.449+0800: 1700.121: Total time for which application threads were stopped: 0.0002832 seconds, Stopping threads took: 0.0000590 seconds
2017-04-24T16:13:30.451+0800: 1700.123: Total time for which application threads were stopped: 0.0001074 seconds, Stopping threads took: 0.0000244 seconds
2017-04-24T16:13:31.157+0800: 1700.830: Total time for which application threads were stopped: 0.0002736 seconds, Stopping threads took: 0.0000892 seconds
2017-04-24T16:13:31.157+0800: 1700.831: Total time for which application threads were stopped: 0.0002037 seconds, Stopping threads took: 0.0000892 seconds
2017-04-24T16:13:31.159+0800: 1700.832: Total time for which application threads were stopped: 0.0001427 seconds, Stopping threads took: 0.0000263 seconds
2017-04-24T16:13:31.159+0800: 1700.832: Total time for which application threads were stopped: 0.0001289 seconds, Stopping threads took: 0.0000247 seconds
2017-04-24T16:13:31.159+0800: 1700.833: Total time for which application threads were stopped: 0.0001257 seconds, Stopping threads took: 0.0000241 seconds
2017-04-24T16:13:31.160+0800: 1700.833: Total time for which application threads were stopped: 0.0001309 seconds, Stopping threads took: 0.0000241 seconds
2017-04-24T16:13:31.160+0800: 1700.833: Total time for which application threads were stopped: 0.0002001 seconds, Stopping threads took: 0.0000343 seconds
2017-04-24T16:13:32.161+0800: 1701.834: Total time for which application threads were stopped: 0.0002255 seconds, Stopping threads took: 0.0000786 seconds
2017-04-24T16:13:40.445+0800: 1710.117: Total time for which application threads were stopped: 0.0001337 seconds, Stopping threads took: 0.0000314 seconds
2017-04-24T16:13:40.446+0800: 1710.118: Total time for which application threads were stopped: 0.0001174 seconds, Stopping threads took: 0.0000260 seconds
2017-04-24T16:13:41.192+0800: 1710.865: Total time for which application threads were stopped: 0.0002348 seconds, Stopping threads took: 0.0000593 seconds
2017-04-24T16:13:41.192+0800: 1710.865: Total time for which application threads were stopped: 0.0002373 seconds, Stopping threads took: 0.0000978 seconds
2017-04-24T16:13:41.192+0800: 1710.865: Total time for which application threads were stopped: 0.0001430 seconds, Stopping threads took: 0.0000340 seconds
2017-04-24T16:13:41.194+0800: 1710.867: Total time for which application threads were stopped: 0.0001944 seconds, Stopping threads took: 0.0000401 seconds
2017-04-24T16:13:41.194+0800: 1710.867: Total time for which application threads were stopped: 0.0001886 seconds, Stopping threads took: 0.0000253 seconds
2017-04-24T16:13:41.194+0800: 1710.867: Total time for which application threads were stopped: 0.0001248 seconds, Stopping threads took: 0.0000269 seconds
2017-04-24T16:13:41.194+0800: 1710.868: Total time for which application threads were stopped: 0.0001167 seconds, Stopping threads took: 0.0000241 seconds
2017-04-24T16:13:41.195+0800: 1710.868: Total time for which application threads were stopped: 0.0001257 seconds, Stopping threads took: 0.0000269 seconds
2017-04-24T16:13:41.205+0800: 1710.878: Total time for which application threads were stopped: 0.0002181 seconds, Stopping threads took: 0.0000513 seconds
2017-04-24T16:13:44.135+0800: 1713.808: Total time for which application threads were stopped: 0.0000924 seconds, Stopping threads took: 0.0000228 seconds
2017-04-24T16:13:44.136+0800: 1713.809: Total time for which application threads were stopped: 0.0000500 seconds, Stopping threads took: 0.0000106 seconds
2017-04-24T16:13:44.136+0800: 1713.809: Total time for which application threads were stopped: 0.0000362 seconds, Stopping threads took: 0.0000093 seconds
2017-04-24T16:13:44.136+0800: 1713.809: Total time for which application threads were stopped: 0.0000574 seconds, Stopping threads took: 0.0000157 seconds
2017-04-24T16:13:44.136+0800: 1713.809: Total time for which application threads were stopped: 0.0000504 seconds, Stopping threads took: 0.0000154 seconds
2017-04-24T16:13:44.137+0800: 1713.810: Total time for which application threads were stopped: 0.0000446 seconds, Stopping threads took: 0.0000119 seconds
2017-04-24T16:13:45.138+0800: 1714.810: Total time for which application threads were stopped: 0.0001947 seconds, Stopping threads took: 0.0000552 seconds
2017-04-24T16:13:50.441+0800: 1720.114: Total time for which application threads were stopped: 0.0001344 seconds, Stopping threads took: 0.0000356 seconds
2017-04-24T16:13:51.152+0800: 1720.825: Total time for which application threads were stopped: 0.0006014 seconds, Stopping threads took: 0.0001084 seconds
2017-04-24T16:13:51.153+0800: 1720.826: Total time for which application threads were stopped: 0.0004413 seconds, Stopping threads took: 0.0000680 seconds
2017-04-24T16:13:51.155+0800: 1720.827: Total time for which application threads were stopped: 0.0001600 seconds, Stopping threads took: 0.0000324 seconds
2017-04-24T16:13:51.155+0800: 1720.828: Total time for which application threads were stopped: 0.0002075 seconds, Stopping threads took: 0.0000443 seconds
2017-04-24T16:13:51.155+0800: 1720.828: Total time for which application threads were stopped: 0.0001370 seconds, Stopping threads took: 0.0000253 seconds
2017-04-24T16:13:51.155+0800: 1720.828: Total time for which application threads were stopped: 0.0001299 seconds, Stopping threads took: 0.0000247 seconds
2017-04-24T16:13:51.156+0800: 1720.828: Total time for which application threads were stopped: 0.0003804 seconds, Stopping threads took: 0.0000244 seconds
2017-04-24T16:13:51.163+0800: 1720.836: Total time for which application threads were stopped: 0.0002030 seconds, Stopping threads took: 0.0000459 seconds
2017-04-24T16:13:51.658+0800: 1721.331: Total time for which application threads were stopped: 0.0000760 seconds, Stopping threads took: 0.0000189 seconds
2017-04-24T16:13:51.658+0800: 1721.331: Total time for which application threads were stopped: 0.0000327 seconds, Stopping threads took: 0.0000064 seconds
2017-04-24T16:13:51.658+0800: 1721.331: Total time for which application threads were stopped: 0.0000314 seconds, Stopping threads took: 0.0000067 seconds
2017-04-24T16:13:51.658+0800: 1721.331: Total time for which application threads were stopped: 0.0000488 seconds, Stopping threads took: 0.0000109 seconds
2017-04-24T16:13:51.658+0800: 1721.331: Total time for which application threads were stopped: 0.0000420 seconds, Stopping threads took: 0.0000099 seconds
2017-04-24T16:13:51.659+0800: 1721.331: Total time for which application threads were stopped: 0.0000343 seconds, Stopping threads took: 0.0000077 seconds
2017-04-24T16:13:52.659+0800: 1722.332: Total time for which application threads were stopped: 0.0002059 seconds, Stopping threads took: 0.0000587 seconds
2017-04-24T16:14:00.427+0800: 1730.099: Total time for which application threads were stopped: 0.0001668 seconds, Stopping threads took: 0.0000324 seconds
2017-04-24T16:14:00.436+0800: 1730.109: Total time for which application threads were stopped: 0.0001270 seconds, Stopping threads took: 0.0000346 seconds
2017-04-24T16:14:01.222+0800: 1730.895: Total time for which application threads were stopped: 0.0002338 seconds, Stopping threads took: 0.0000504 seconds
2017-04-24T16:14:01.231+0800: 1730.905: Total time for which application threads were stopped: 0.0002149 seconds, Stopping threads took: 0.0000459 seconds
2017-04-24T16:14:01.244+0800: 1730.917: Total time for which application threads were stopped: 0.0002123 seconds, Stopping threads took: 0.0000571 seconds
{Heap before GC invocations=13 (full 1):
 par new generation   total 109248K, used 102638K [0x00000000e0000000, 0x00000000e8000000, 0x00000000e8000000)
  eden space 87424K,  99% used [0x00000000e0000000, 0x00000000e5521920, 0x00000000e5560000)
  from space 21824K,  70% used [0x00000000e6ab0000, 0x00000000e79ca060, 0x00000000e8000000)
  to   space 21824K,   0% used [0x00000000e5560000, 0x00000000e5560000, 0x00000000e6ab0000)
 concurrent mark-sweep generation total 393216K, used 10346K [0x00000000e8000000, 0x0000000100000000, 0x0000000100000000)
 Metaspace       used 40728K, capacity 41516K, committed 41804K, reserved 1085440K
  class space    used 4591K, capacity 4818K, committed 4940K, reserved 1048576K
2017-04-24T16:14:10.441+0800: 1740.114: [GC (Allocation Failure) 2017-04-24T16:14:10.442+0800: 1740.114: [ParNew
Desired survivor size 20112992 bytes, new threshold 8 (max 8)
- age   1:    3214288 bytes,    3214288 total
- age   2:     702120 bytes,    3916408 total
- age   3:     102544 bytes,    4018952 total
- age   4:      89168 bytes,    4108120 total
- age   5:     101760 bytes,    4209880 total
- age   6:      54976 bytes,    4264856 total
- age   7:     271240 bytes,    4536096 total
- age   8:    4947736 bytes,    9483832 total
: 102638K->12806K(109248K), 0.0195982 secs] 112985K->26789K(502464K), 0.0197095 secs] [Times: user=0.13 sys=0.00, real=0.02 secs] 
Heap after GC invocations=14 (full 1):
 par new generation   total 109248K, used 12806K [0x00000000e0000000, 0x00000000e8000000, 0x00000000e8000000)
  eden space 87424K,   0% used [0x00000000e0000000, 0x00000000e0000000, 0x00000000e5560000)
  from space 21824K,  58% used [0x00000000e5560000, 0x00000000e61e1950, 0x00000000e6ab0000)
  to   space 21824K,   0% used [0x00000000e6ab0000, 0x00000000e6ab0000, 0x00000000e8000000)
 concurrent mark-sweep generation total 393216K, used 13983K [0x00000000e8000000, 0x0000000100000000, 0x0000000100000000)
 Metaspace       used 40728K, capacity 41516K, committed 41804K, reserved 1085440K
  class space    used 4591K, capacity 4818K, committed 4940K, reserved 1048576K
}
2017-04-24T16:14:10.461+0800: 1740.134: Total time for which application threads were stopped: 0.0200119 seconds, Stopping threads took: 0.0000353 seconds
2017-04-24T16:14:10.462+0800: 1740.135: Total time for which application threads were stopped: 0.0001889 seconds, Stopping threads took: 0.0000773 seconds
2017-04-24T16:14:10.462+0800: 1740.135: Total time for which application threads were stopped: 0.0001200 seconds, Stopping threads took: 0.0000430 seconds
2017-04-24T16:14:10.462+0800: 1740.135: Total time for which application threads were stopped: 0.0001212 seconds, Stopping threads took: 0.0000385 seconds
2017-04-24T16:14:10.462+0800: 1740.135: Total time for which application threads were stopped: 0.0002216 seconds, Stopping threads took: 0.0001504 seconds
2017-04-24T16:14:10.463+0800: 1740.136: Total time for which application threads were stopped: 0.0001126 seconds, Stopping threads took: 0.0000427 seconds
2017-04-24T16:14:10.463+0800: 1740.136: Total time for which application threads were stopped: 0.0001132 seconds, Stopping threads took: 0.0000465 seconds
2017-04-24T16:14:10.463+0800: 1740.136: Total time for which application threads were stopped: 0.0001495 seconds, Stopping threads took: 0.0000904 seconds
2017-04-24T16:14:10.463+0800: 1740.136: Total time for which application threads were stopped: 0.0001062 seconds, Stopping threads took: 0.0000430 seconds
2017-04-24T16:14:10.464+0800: 1740.137: Total time for which application threads were stopped: 0.0001014 seconds, Stopping threads took: 0.0000372 seconds
2017-04-24T16:14:10.464+0800: 1740.137: Total time for which application threads were stopped: 0.0001100 seconds, Stopping threads took: 0.0000446 seconds
2017-04-24T16:14:10.464+0800: 1740.137: Total time for which application threads were stopped: 0.0000965 seconds, Stopping threads took: 0.0000382 seconds
2017-04-24T16:14:10.464+0800: 1740.137: Total time for which application threads were stopped: 0.0001799 seconds, Stopping threads took: 0.0001161 seconds
2017-04-24T16:14:10.464+0800: 1740.137: Total time for which application threads were stopped: 0.0001004 seconds, Stopping threads took: 0.0000366 seconds
2017-04-24T16:14:10.465+0800: 1740.138: Total time for which application threads were stopped: 0.0001187 seconds, Stopping threads took: 0.0000555 seconds
2017-04-24T16:14:10.465+0800: 1740.138: Total time for which application threads were stopped: 0.0001116 seconds, Stopping threads took: 0.0000484 seconds
2017-04-24T16:14:10.465+0800: 1740.138: Total time for which application threads were stopped: 0.0000930 seconds, Stopping threads took: 0.0000385 seconds
2017-04-24T16:14:10.465+0800: 1740.138: Total time for which application threads were stopped: 0.0000930 seconds, Stopping threads took: 0.0000295 seconds
2017-04-24T16:14:10.465+0800: 1740.138: Total time for which application threads were stopped: 0.0001100 seconds, Stopping threads took: 0.0000327 seconds
2017-04-24T16:14:10.465+0800: 1740.138: Total time for which application threads were stopped: 0.0001007 seconds, Stopping threads took: 0.0000356 seconds
2017-04-24T16:14:10.466+0800: 1740.139: Total time for which application threads were stopped: 0.0000693 seconds, Stopping threads took: 0.0000180 seconds
2017-04-24T16:14:10.466+0800: 1740.139: Total time for which application threads were stopped: 0.0000988 seconds, Stopping threads took: 0.0000414 seconds
2017-04-24T16:14:10.466+0800: 1740.139: Total time for which application threads were stopped: 0.0002505 seconds, Stopping threads took: 0.0000366 seconds
2017-04-24T16:14:10.467+0800: 1740.139: Total time for which application threads were stopped: 0.0002069 seconds, Stopping threads took: 0.0000362 seconds
2017-04-24T16:14:10.469+0800: 1740.142: Total time for which application threads were stopped: 0.0002457 seconds, Stopping threads took: 0.0000218 seconds
2017-04-24T16:14:10.470+0800: 1740.143: Total time for which application threads were stopped: 0.0000917 seconds, Stopping threads took: 0.0000208 seconds
2017-04-24T16:14:11.173+0800: 1740.846: Total time for which application threads were stopped: 0.0002386 seconds, Stopping threads took: 0.0000619 seconds
2017-04-24T16:14:11.174+0800: 1740.846: Total time for which application threads were stopped: 0.0002470 seconds, Stopping threads took: 0.0000565 seconds
2017-04-24T16:14:11.174+0800: 1740.846: Total time for which application threads were stopped: 0.0001697 seconds, Stopping threads took: 0.0000427 seconds
2017-04-24T16:14:11.174+0800: 1740.847: Total time for which application threads were stopped: 0.0001726 seconds, Stopping threads took: 0.0000638 seconds
2017-04-24T16:14:11.174+0800: 1740.847: Total time for which application threads were stopped: 0.0001398 seconds, Stopping threads took: 0.0000289 seconds
2017-04-24T16:14:11.185+0800: 1740.857: Total time for which application threads were stopped: 0.0002527 seconds, Stopping threads took: 0.0000581 seconds
2017-04-24T16:14:20.410+0800: 1750.083: Total time for which application threads were stopped: 0.0002271 seconds, Stopping threads took: 0.0000545 seconds
2017-04-24T16:14:21.125+0800: 1750.798: Total time for which application threads were stopped: 0.0003371 seconds, Stopping threads took: 0.0000520 seconds
2017-04-24T16:14:21.125+0800: 1750.798: Total time for which application threads were stopped: 0.0001857 seconds, Stopping threads took: 0.0000273 seconds
2017-04-24T16:14:21.126+0800: 1750.798: Total time for which application threads were stopped: 0.0001953 seconds, Stopping threads took: 0.0000244 seconds
2017-04-24T16:14:21.126+0800: 1750.798: Total time for which application threads were stopped: 0.0001726 seconds, Stopping threads took: 0.0000247 seconds
2017-04-24T16:14:21.126+0800: 1750.799: Total time for which application threads were stopped: 0.0001831 seconds, Stopping threads took: 0.0000237 seconds
2017-04-24T16:14:21.135+0800: 1750.807: Total time for which application threads were stopped: 0.0002152 seconds, Stopping threads took: 0.0000526 seconds
2017-04-24T16:14:22.067+0800: 1751.740: Total time for which application threads were stopped: 0.0004144 seconds, Stopping threads took: 0.0002386 seconds
2017-04-24T16:14:22.135+0800: 1751.807: Total time for which application threads were stopped: 0.0000805 seconds, Stopping threads took: 0.0000183 seconds
2017-04-24T16:14:22.135+0800: 1751.807: Total time for which application threads were stopped: 0.0000494 seconds, Stopping threads took: 0.0000109 seconds
2017-04-24T16:14:22.135+0800: 1751.808: Total time for which application threads were stopped: 0.0001251 seconds, Stopping threads took: 0.0000080 seconds
2017-04-24T16:14:22.135+0800: 1751.808: Total time for which application threads were stopped: 0.0000439 seconds, Stopping threads took: 0.0000093 seconds
2017-04-24T16:14:30.451+0800: 1760.124: Total time for which application threads were stopped: 0.0001296 seconds, Stopping threads took: 0.0000391 seconds
2017-04-24T16:14:31.125+0800: 1760.799: Total time for which application threads were stopped: 0.0002627 seconds, Stopping threads took: 0.0000529 seconds
2017-04-24T16:14:31.125+0800: 1760.799: Total time for which application threads were stopped: 0.0001687 seconds, Stopping threads took: 0.0000273 seconds
2017-04-24T16:14:31.126+0800: 1760.799: Total time for which application threads were stopped: 0.0002094 seconds, Stopping threads took: 0.0000430 seconds
2017-04-24T16:14:31.126+0800: 1760.799: Total time for which application threads were stopped: 0.0001376 seconds, Stopping threads took: 0.0000263 seconds
2017-04-24T16:14:31.126+0800: 1760.800: Total time for which application threads were stopped: 0.0001370 seconds, Stopping threads took: 0.0000266 seconds
2017-04-24T16:14:31.136+0800: 1760.809: Total time for which application threads were stopped: 0.0004417 seconds, Stopping threads took: 0.0000423 seconds
2017-04-24T16:14:32.136+0800: 1761.809: Total time for which application threads were stopped: 0.0001886 seconds, Stopping threads took: 0.0000536 seconds
2017-04-24T16:14:41.137+0800: 1770.810: Total time for which application threads were stopped: 0.0003442 seconds, Stopping threads took: 0.0000510 seconds
2017-04-24T16:14:41.138+0800: 1770.810: Total time for which application threads were stopped: 0.0002877 seconds, Stopping threads took: 0.0000478 seconds
2017-04-24T16:14:41.138+0800: 1770.810: Total time for which application threads were stopped: 0.0002579 seconds, Stopping threads took: 0.0000443 seconds
2017-04-24T16:14:41.138+0800: 1770.811: Total time for which application threads were stopped: 0.0002438 seconds, Stopping threads took: 0.0000417 seconds
2017-04-24T16:14:41.139+0800: 1770.811: Total time for which application threads were stopped: 0.0002069 seconds, Stopping threads took: 0.0000305 seconds
2017-04-24T16:14:49.385+0800: 1779.057: Total time for which application threads were stopped: 0.0001703 seconds, Stopping threads took: 0.0000205 seconds
2017-04-24T16:14:49.385+0800: 1779.058: Total time for which application threads were stopped: 0.0000327 seconds, Stopping threads took: 0.0000071 seconds
2017-04-24T16:14:50.386+0800: 1780.058: Total time for which application threads were stopped: 0.0000795 seconds, Stopping threads took: 0.0000237 seconds
2017-04-24T16:14:51.097+0800: 1780.770: Total time for which application threads were stopped: 0.0003496 seconds, Stopping threads took: 0.0000834 seconds
2017-04-24T16:14:51.097+0800: 1780.770: Total time for which application threads were stopped: 0.0002248 seconds, Stopping threads took: 0.0000471 seconds
2017-04-24T16:14:51.097+0800: 1780.771: Total time for which application threads were stopped: 0.0002162 seconds, Stopping threads took: 0.0000529 seconds
2017-04-24T16:14:51.098+0800: 1780.771: Total time for which application threads were stopped: 0.0002569 seconds, Stopping threads took: 0.0000430 seconds
2017-04-24T16:14:51.098+0800: 1780.772: Total time for which application threads were stopped: 0.0002422 seconds, Stopping threads took: 0.0000478 seconds
2017-04-24T16:15:00.451+0800: 1790.124: Total time for which application threads were stopped: 0.0002691 seconds, Stopping threads took: 0.0000539 seconds
2017-04-24T16:15:00.451+0800: 1790.124: Total time for which application threads were stopped: 0.0000709 seconds, Stopping threads took: 0.0000141 seconds
2017-04-24T16:15:01.197+0800: 1790.869: Total time for which application threads were stopped: 0.0002617 seconds, Stopping threads took: 0.0000609 seconds
2017-04-24T16:15:01.199+0800: 1790.871: Total time for which application threads were stopped: 0.0002239 seconds, Stopping threads took: 0.0000468 seconds
2017-04-24T16:15:01.199+0800: 1790.872: Total time for which application threads were stopped: 0.0001905 seconds, Stopping threads took: 0.0000385 seconds
2017-04-24T16:15:01.200+0800: 1790.872: Total time for which application threads were stopped: 0.0001392 seconds, Stopping threads took: 0.0000260 seconds
2017-04-24T16:15:01.200+0800: 1790.872: Total time for which application threads were stopped: 0.0001299 seconds, Stopping threads took: 0.0000244 seconds
2017-04-24T16:15:01.200+0800: 1790.873: Total time for which application threads were stopped: 0.0004096 seconds, Stopping threads took: 0.0000241 seconds
2017-04-24T16:15:10.444+0800: 1800.118: Total time for which application threads were stopped: 0.0001309 seconds, Stopping threads took: 0.0000353 seconds
2017-04-24T16:15:10.445+0800: 1800.118: Total time for which application threads were stopped: 0.0000680 seconds, Stopping threads took: 0.0000167 seconds
2017-04-24T16:15:11.169+0800: 1800.841: Total time for which application threads were stopped: 0.0002717 seconds, Stopping threads took: 0.0000773 seconds
2017-04-24T16:15:11.171+0800: 1800.844: Total time for which application threads were stopped: 0.0002409 seconds, Stopping threads took: 0.0000722 seconds
2017-04-24T16:15:12.171+0800: 1801.844: Total time for which application threads were stopped: 0.0002518 seconds, Stopping threads took: 0.0000998 seconds
2017-04-24T16:15:20.451+0800: 1810.124: Total time for which application threads were stopped: 0.0003156 seconds, Stopping threads took: 0.0001158 seconds
2017-04-24T16:15:20.452+0800: 1810.125: Total time for which application threads were stopped: 0.0002232 seconds, Stopping threads took: 0.0000468 seconds
2017-04-24T16:15:21.166+0800: 1810.839: Total time for which application threads were stopped: 0.0002713 seconds, Stopping threads took: 0.0000799 seconds
2017-04-24T16:15:21.169+0800: 1810.841: Total time for which application threads were stopped: 0.0002540 seconds, Stopping threads took: 0.0000760 seconds
2017-04-24T16:15:21.169+0800: 1810.842: Total time for which application threads were stopped: 0.0002457 seconds, Stopping threads took: 0.0000664 seconds
2017-04-24T16:15:21.170+0800: 1810.842: Total time for which application threads were stopped: 0.0002277 seconds, Stopping threads took: 0.0000651 seconds
2017-04-24T16:15:21.170+0800: 1810.842: Total time for which application threads were stopped: 0.0001639 seconds, Stopping threads took: 0.0000488 seconds
2017-04-24T16:15:21.170+0800: 1810.843: Total time for which application threads were stopped: 0.0001892 seconds, Stopping threads took: 0.0000565 seconds
2017-04-24T16:15:22.170+0800: 1811.842: Total time for which application threads were stopped: 0.0002078 seconds, Stopping threads took: 0.0000520 seconds
2017-04-24T16:15:30.438+0800: 1820.111: Total time for which application threads were stopped: 0.0001661 seconds, Stopping threads took: 0.0000375 seconds
2017-04-24T16:15:30.439+0800: 1820.112: Total time for which application threads were stopped: 0.0001254 seconds, Stopping threads took: 0.0000263 seconds
2017-04-24T16:15:31.089+0800: 1820.762: Total time for which application threads were stopped: 0.0000840 seconds, Stopping threads took: 0.0000176 seconds
2017-04-24T16:15:31.089+0800: 1820.762: Total time for which application threads were stopped: 0.0000555 seconds, Stopping threads took: 0.0000112 seconds
2017-04-24T16:15:31.089+0800: 1820.762: Total time for which application threads were stopped: 0.0000356 seconds, Stopping threads took: 0.0000067 seconds
2017-04-24T16:15:31.089+0800: 1820.762: Total time for which application threads were stopped: 0.0000398 seconds, Stopping threads took: 0.0000083 seconds
2017-04-24T16:15:31.090+0800: 1820.762: Total time for which application threads were stopped: 0.0000343 seconds, Stopping threads took: 0.0000064 seconds
2017-04-24T16:15:31.090+0800: 1820.762: Total time for which application threads were stopped: 0.0000362 seconds, Stopping threads took: 0.0000077 seconds
2017-04-24T16:15:32.091+0800: 1821.763: Total time for which application threads were stopped: 0.0001681 seconds, Stopping threads took: 0.0000475 seconds
2017-04-24T16:15:40.409+0800: 1830.081: Total time for which application threads were stopped: 0.0004712 seconds, Stopping threads took: 0.0000593 seconds
2017-04-24T16:15:40.446+0800: 1830.119: Total time for which application threads were stopped: 0.0001835 seconds, Stopping threads took: 0.0000526 seconds
2017-04-24T16:15:40.448+0800: 1830.120: Total time for which application threads were stopped: 0.0001222 seconds, Stopping threads took: 0.0000266 seconds
2017-04-24T16:15:40.771+0800: 1830.443: Total time for which application threads were stopped: 0.0002393 seconds, Stopping threads took: 0.0000561 seconds
2017-04-24T16:15:40.771+0800: 1830.444: Total time for which application threads were stopped: 0.0002582 seconds, Stopping threads took: 0.0000930 seconds
2017-04-24T16:15:40.771+0800: 1830.444: Total time for which application threads were stopped: 0.0002123 seconds, Stopping threads took: 0.0000366 seconds
2017-04-24T16:15:40.773+0800: 1830.446: Total time for which application threads were stopped: 0.0001931 seconds, Stopping threads took: 0.0000395 seconds
2017-04-24T16:15:40.774+0800: 1830.446: Total time for which application threads were stopped: 0.0001969 seconds, Stopping threads took: 0.0000443 seconds
2017-04-24T16:15:40.774+0800: 1830.446: Total time for which application threads were stopped: 0.0001613 seconds, Stopping threads took: 0.0000330 seconds
2017-04-24T16:15:40.774+0800: 1830.447: Total time for which application threads were stopped: 0.0001337 seconds, Stopping threads took: 0.0000250 seconds
2017-04-24T16:15:40.774+0800: 1830.447: Total time for which application threads were stopped: 0.0001270 seconds, Stopping threads took: 0.0000241 seconds
2017-04-24T16:15:40.798+0800: 1830.471: Total time for which application threads were stopped: 0.0002110 seconds, Stopping threads took: 0.0000516 seconds
{Heap before GC invocations=14 (full 1):
 par new generation   total 109248K, used 100230K [0x00000000e0000000, 0x00000000e8000000, 0x00000000e8000000)
  eden space 87424K, 100% used [0x00000000e0000000, 0x00000000e5560000, 0x00000000e5560000)
  from space 21824K,  58% used [0x00000000e5560000, 0x00000000e61e1950, 0x00000000e6ab0000)
  to   space 21824K,   0% used [0x00000000e6ab0000, 0x00000000e6ab0000, 0x00000000e8000000)
 concurrent mark-sweep generation total 393216K, used 13983K [0x00000000e8000000, 0x0000000100000000, 0x0000000100000000)
 Metaspace       used 40769K, capacity 41580K, committed 42008K, reserved 1087488K
  class space    used 4591K, capacity 4818K, committed 4940K, reserved 1048576K
2017-04-24T16:15:50.426+0800: 1840.098: [GC (Allocation Failure) 2017-04-24T16:15:50.426+0800: 1840.098: [ParNew
Desired survivor size 20112992 bytes, new threshold 8 (max 8)
- age   1:    2622032 bytes,    2622032 total
- age   2:     733696 bytes,    3355728 total
- age   3:      77016 bytes,    3432744 total
- age   4:      46416 bytes,    3479160 total
- age   5:      88472 bytes,    3567632 total
- age   6:     101760 bytes,    3669392 total
- age   7:      54576 bytes,    3723968 total
- age   8:     271176 bytes,    3995144 total
: 100230K->5978K(109248K), 0.0167542 secs] 114213K->24809K(502464K), 0.0169075 secs] [Times: user=0.05 sys=0.02, real=0.02 secs] 
Heap after GC invocations=15 (full 1):
 par new generation   total 109248K, used 5978K [0x00000000e0000000, 0x00000000e8000000, 0x00000000e8000000)
  eden space 87424K,   0% used [0x00000000e0000000, 0x00000000e0000000, 0x00000000e5560000)
  from space 21824K,  27% used [0x00000000e6ab0000, 0x00000000e7086b40, 0x00000000e8000000)
  to   space 21824K,   0% used [0x00000000e5560000, 0x00000000e5560000, 0x00000000e6ab0000)
 concurrent mark-sweep generation total 393216K, used 18831K [0x00000000e8000000, 0x0000000100000000, 0x0000000100000000)
 Metaspace       used 40769K, capacity 41580K, committed 42008K, reserved 1087488K
  class space    used 4591K, capacity 4818K, committed 4940K, reserved 1048576K
}
2017-04-24T16:15:50.443+0800: 1840.115: Total time for which application threads were stopped: 0.0173620 seconds, Stopping threads took: 0.0000542 seconds
2017-04-24T16:15:50.444+0800: 1840.117: Total time for which application threads were stopped: 0.0002373 seconds, Stopping threads took: 0.0000581 seconds
2017-04-24T16:15:50.456+0800: 1840.128: Total time for which application threads were stopped: 0.0001636 seconds, Stopping threads took: 0.0000465 seconds
2017-04-24T16:15:50.456+0800: 1840.129: Total time for which application threads were stopped: 0.0001174 seconds, Stopping threads took: 0.0000327 seconds
2017-04-24T16:15:50.822+0800: 1840.494: Total time for which application threads were stopped: 0.0002768 seconds, Stopping threads took: 0.0000869 seconds
2017-04-24T16:15:50.822+0800: 1840.495: Total time for which application threads were stopped: 0.0002479 seconds, Stopping threads took: 0.0000718 seconds
2017-04-24T16:15:50.822+0800: 1840.495: Total time for which application threads were stopped: 0.0002790 seconds, Stopping threads took: 0.0001158 seconds
2017-04-24T16:15:50.824+0800: 1840.497: Total time for which application threads were stopped: 0.0001838 seconds, Stopping threads took: 0.0000362 seconds
2017-04-24T16:15:50.825+0800: 1840.497: Total time for which application threads were stopped: 0.0001847 seconds, Stopping threads took: 0.0000395 seconds
2017-04-24T16:15:50.825+0800: 1840.498: Total time for which application threads were stopped: 0.0001578 seconds, Stopping threads took: 0.0000269 seconds
2017-04-24T16:15:50.825+0800: 1840.498: Total time for which application threads were stopped: 0.0001312 seconds, Stopping threads took: 0.0000250 seconds
2017-04-24T16:15:50.825+0800: 1840.498: Total time for which application threads were stopped: 0.0001270 seconds, Stopping threads took: 0.0000241 seconds
2017-04-24T16:16:00.451+0800: 1850.123: Total time for which application threads were stopped: 0.0002733 seconds, Stopping threads took: 0.0000850 seconds
2017-04-24T16:16:00.451+0800: 1850.124: Total time for which application threads were stopped: 0.0001055 seconds, Stopping threads took: 0.0000346 seconds
2017-04-24T16:16:00.747+0800: 1850.420: Total time for which application threads were stopped: 0.0003114 seconds, Stopping threads took: 0.0000904 seconds
2017-04-24T16:16:00.747+0800: 1850.420: Total time for which application threads were stopped: 0.0001777 seconds, Stopping threads took: 0.0000548 seconds
2017-04-24T16:16:00.747+0800: 1850.420: Total time for which application threads were stopped: 0.0002338 seconds, Stopping threads took: 0.0000747 seconds
2017-04-24T16:16:00.749+0800: 1850.422: Total time for which application threads were stopped: 0.0001847 seconds, Stopping threads took: 0.0000500 seconds
2017-04-24T16:16:00.749+0800: 1850.422: Total time for which application threads were stopped: 0.0002053 seconds, Stopping threads took: 0.0000702 seconds
2017-04-24T16:16:00.750+0800: 1850.423: Total time for which application threads were stopped: 0.0001844 seconds, Stopping threads took: 0.0000581 seconds
2017-04-24T16:16:00.750+0800: 1850.423: Total time for which application threads were stopped: 0.0001658 seconds, Stopping threads took: 0.0000539 seconds
2017-04-24T16:16:00.750+0800: 1850.423: Total time for which application threads were stopped: 0.0001799 seconds, Stopping threads took: 0.0000590 seconds
2017-04-24T16:16:10.754+0800: 1860.426: Total time for which application threads were stopped: 0.0002133 seconds, Stopping threads took: 0.0000497 seconds
2017-04-24T16:16:10.831+0800: 1860.504: Total time for which application threads were stopped: 0.0003098 seconds, Stopping threads took: 0.0001046 seconds
2017-04-24T16:16:10.831+0800: 1860.504: Total time for which application threads were stopped: 0.0002114 seconds, Stopping threads took: 0.0000481 seconds
2017-04-24T16:16:10.833+0800: 1860.506: Total time for which application threads were stopped: 0.0002566 seconds, Stopping threads took: 0.0000600 seconds
2017-04-24T16:16:10.834+0800: 1860.506: Total time for which application threads were stopped: 0.0002983 seconds, Stopping threads took: 0.0000876 seconds
2017-04-24T16:16:10.834+0800: 1860.507: Total time for which application threads were stopped: 0.0002268 seconds, Stopping threads took: 0.0000462 seconds
2017-04-24T16:16:10.834+0800: 1860.507: Total time for which application threads were stopped: 0.0002572 seconds, Stopping threads took: 0.0000616 seconds
2017-04-24T16:16:10.835+0800: 1860.507: Total time for which application threads were stopped: 0.0004102 seconds, Stopping threads took: 0.0000318 seconds
2017-04-24T16:16:10.844+0800: 1860.517: Total time for which application threads were stopped: 0.0002287 seconds, Stopping threads took: 0.0000491 seconds
2017-04-24T16:16:11.845+0800: 1861.517: Total time for which application threads were stopped: 0.0001867 seconds, Stopping threads took: 0.0000539 seconds
2017-04-24T16:16:20.441+0800: 1870.113: Total time for which application threads were stopped: 0.0001530 seconds, Stopping threads took: 0.0000385 seconds
2017-04-24T16:16:20.442+0800: 1870.114: Total time for which application threads were stopped: 0.0001081 seconds, Stopping threads took: 0.0000334 seconds
2017-04-24T16:16:20.800+0800: 1870.473: Total time for which application threads were stopped: 0.0002588 seconds, Stopping threads took: 0.0000821 seconds
2017-04-24T16:16:20.800+0800: 1870.473: Total time for which application threads were stopped: 0.0002110 seconds, Stopping threads took: 0.0000484 seconds
2017-04-24T16:16:20.802+0800: 1870.475: Total time for which application threads were stopped: 0.0001896 seconds, Stopping threads took: 0.0000404 seconds
2017-04-24T16:16:20.814+0800: 1870.486: Total time for which application threads were stopped: 0.0002296 seconds, Stopping threads took: 0.0000593 seconds
2017-04-24T16:16:30.451+0800: 1880.124: Total time for which application threads were stopped: 0.0001729 seconds, Stopping threads took: 0.0000532 seconds
2017-04-24T16:16:30.455+0800: 1880.128: Total time for which application threads were stopped: 0.0001402 seconds, Stopping threads took: 0.0000375 seconds
2017-04-24T16:16:30.752+0800: 1880.425: Total time for which application threads were stopped: 0.0003249 seconds, Stopping threads took: 0.0001219 seconds
2017-04-24T16:16:30.752+0800: 1880.425: Total time for which application threads were stopped: 0.0002345 seconds, Stopping threads took: 0.0000680 seconds
2017-04-24T16:16:30.754+0800: 1880.427: Total time for which application threads were stopped: 0.0001908 seconds, Stopping threads took: 0.0000645 seconds
2017-04-24T16:16:30.754+0800: 1880.427: Total time for which application threads were stopped: 0.0002072 seconds, Stopping threads took: 0.0000648 seconds
2017-04-24T16:16:30.755+0800: 1880.427: Total time for which application threads were stopped: 0.0002191 seconds, Stopping threads took: 0.0000414 seconds
2017-04-24T16:16:30.755+0800: 1880.428: Total time for which application threads were stopped: 0.0001568 seconds, Stopping threads took: 0.0000346 seconds
2017-04-24T16:16:30.755+0800: 1880.428: Total time for which application threads were stopped: 0.0001857 seconds, Stopping threads took: 0.0000581 seconds
2017-04-24T16:16:30.766+0800: 1880.438: Total time for which application threads were stopped: 0.0002203 seconds, Stopping threads took: 0.0000516 seconds
2017-04-24T16:16:40.447+0800: 1890.119: Total time for which application threads were stopped: 0.0001562 seconds, Stopping threads took: 0.0000439 seconds
2017-04-24T16:16:40.447+0800: 1890.120: Total time for which application threads were stopped: 0.0001107 seconds, Stopping threads took: 0.0000324 seconds
2017-04-24T16:16:40.752+0800: 1890.425: Total time for which application threads were stopped: 0.0002518 seconds, Stopping threads took: 0.0000680 seconds
2017-04-24T16:16:40.753+0800: 1890.426: Total time for which application threads were stopped: 0.0001392 seconds, Stopping threads took: 0.0000340 seconds
2017-04-24T16:16:40.755+0800: 1890.428: Total time for which application threads were stopped: 0.0002223 seconds, Stopping threads took: 0.0000555 seconds
2017-04-24T16:16:40.755+0800: 1890.428: Total time for which application threads were stopped: 0.0001985 seconds, Stopping threads took: 0.0000484 seconds
2017-04-24T16:16:40.755+0800: 1890.428: Total time for which application threads were stopped: 0.0001867 seconds, Stopping threads took: 0.0000462 seconds
2017-04-24T16:16:40.756+0800: 1890.429: Total time for which application threads were stopped: 0.0002380 seconds, Stopping threads took: 0.0000712 seconds
2017-04-24T16:16:40.756+0800: 1890.429: Total time for which application threads were stopped: 0.0002062 seconds, Stopping threads took: 0.0000651 seconds
2017-04-24T16:16:40.766+0800: 1890.439: Total time for which application threads were stopped: 0.0002319 seconds, Stopping threads took: 0.0000581 seconds
2017-04-24T16:16:41.767+0800: 1891.439: Total time for which application threads were stopped: 0.0001912 seconds, Stopping threads took: 0.0000568 seconds
2017-04-24T16:16:50.439+0800: 1900.112: Total time for which application threads were stopped: 0.0001286 seconds, Stopping threads took: 0.0000330 seconds
2017-04-24T16:16:50.439+0800: 1900.112: Total time for which application threads were stopped: 0.0000888 seconds, Stopping threads took: 0.0000202 seconds
2017-04-24T16:16:50.766+0800: 1900.439: Total time for which application threads were stopped: 0.0002848 seconds, Stopping threads took: 0.0000815 seconds
2017-04-24T16:16:50.766+0800: 1900.439: Total time for which application threads were stopped: 0.0002123 seconds, Stopping threads took: 0.0000802 seconds
2017-04-24T16:16:50.768+0800: 1900.441: Total time for which application threads were stopped: 0.0004638 seconds, Stopping threads took: 0.0000362 seconds
2017-04-24T16:16:50.768+0800: 1900.442: Total time for which application threads were stopped: 0.0001424 seconds, Stopping threads took: 0.0000269 seconds
2017-04-24T16:16:50.768+0800: 1900.442: Total time for which application threads were stopped: 0.0001289 seconds, Stopping threads took: 0.0000247 seconds
2017-04-24T16:16:50.769+0800: 1900.442: Total time for which application threads were stopped: 0.0001947 seconds, Stopping threads took: 0.0000433 seconds
2017-04-24T16:16:50.769+0800: 1900.442: Total time for which application threads were stopped: 0.0001267 seconds, Stopping threads took: 0.0000263 seconds
2017-04-24T16:16:50.791+0800: 1900.464: Total time for which application threads were stopped: 0.0002152 seconds, Stopping threads took: 0.0000481 seconds
2017-04-24T16:16:51.791+0800: 1901.464: Total time for which application threads were stopped: 0.0001886 seconds, Stopping threads took: 0.0000526 seconds
2017-04-24T16:17:00.445+0800: 1910.118: Total time for which application threads were stopped: 0.0001600 seconds, Stopping threads took: 0.0000465 seconds
2017-04-24T16:17:00.451+0800: 1910.123: Total time for which application threads were stopped: 0.0000885 seconds, Stopping threads took: 0.0000263 seconds
2017-04-24T16:17:00.727+0800: 1910.400: Total time for which application threads were stopped: 0.0003984 seconds, Stopping threads took: 0.0000667 seconds
2017-04-24T16:17:00.728+0800: 1910.400: Total time for which application threads were stopped: 0.0003586 seconds, Stopping threads took: 0.0001790 seconds
2017-04-24T16:17:00.728+0800: 1910.401: Total time for which application threads were stopped: 0.0001857 seconds, Stopping threads took: 0.0000340 seconds
2017-04-24T16:17:00.729+0800: 1910.401: Total time for which application threads were stopped: 0.0001812 seconds, Stopping threads took: 0.0000574 seconds
2017-04-24T16:17:00.739+0800: 1910.411: Total time for which application threads were stopped: 0.0002470 seconds, Stopping threads took: 0.0000632 seconds
2017-04-24T16:17:10.439+0800: 1920.112: Total time for which application threads were stopped: 0.0001790 seconds, Stopping threads took: 0.0000468 seconds
2017-04-24T16:17:10.441+0800: 1920.113: Total time for which application threads were stopped: 0.0001264 seconds, Stopping threads took: 0.0000577 seconds
2017-04-24T16:17:10.718+0800: 1920.391: Total time for which application threads were stopped: 0.0002149 seconds, Stopping threads took: 0.0000536 seconds
2017-04-24T16:17:10.718+0800: 1920.391: Total time for which application threads were stopped: 0.0001867 seconds, Stopping threads took: 0.0000430 seconds
2017-04-24T16:17:10.720+0800: 1920.393: Total time for which application threads were stopped: 0.0001854 seconds, Stopping threads took: 0.0000369 seconds
2017-04-24T16:17:10.720+0800: 1920.393: Total time for which application threads were stopped: 0.0002447 seconds, Stopping threads took: 0.0000378 seconds
2017-04-24T16:17:10.720+0800: 1920.393: Total time for which application threads were stopped: 0.0001652 seconds, Stopping threads took: 0.0000330 seconds
2017-04-24T16:17:10.721+0800: 1920.394: Total time for which application threads were stopped: 0.0003413 seconds, Stopping threads took: 0.0002210 seconds
2017-04-24T16:17:10.721+0800: 1920.394: Total time for which application threads were stopped: 0.0001575 seconds, Stopping threads took: 0.0000318 seconds
2017-04-24T16:17:10.731+0800: 1920.403: Total time for which application threads were stopped: 0.0002011 seconds, Stopping threads took: 0.0000446 seconds
2017-04-24T16:17:20.721+0800: 1930.393: Total time for which application threads were stopped: 0.0002181 seconds, Stopping threads took: 0.0000526 seconds
2017-04-24T16:17:20.721+0800: 1930.393: Total time for which application threads were stopped: 0.0002412 seconds, Stopping threads took: 0.0001148 seconds
2017-04-24T16:17:20.722+0800: 1930.395: Total time for which application threads were stopped: 0.0001921 seconds, Stopping threads took: 0.0000321 seconds
2017-04-24T16:17:20.722+0800: 1930.395: Total time for which application threads were stopped: 0.0001504 seconds, Stopping threads took: 0.0000215 seconds
2017-04-24T16:17:20.723+0800: 1930.395: Total time for which application threads were stopped: 0.0001443 seconds, Stopping threads took: 0.0000202 seconds
2017-04-24T16:17:20.723+0800: 1930.395: Total time for which application threads were stopped: 0.0001440 seconds, Stopping threads took: 0.0000205 seconds
2017-04-24T16:17:20.723+0800: 1930.396: Total time for which application threads were stopped: 0.0003826 seconds, Stopping threads took: 0.0000285 seconds
2017-04-24T16:17:20.730+0800: 1930.403: Total time for which application threads were stopped: 0.0001803 seconds, Stopping threads took: 0.0000388 seconds
2017-04-24T16:17:21.730+0800: 1931.403: Total time for which application threads were stopped: 0.0002088 seconds, Stopping threads took: 0.0000593 seconds
{Heap before GC invocations=15 (full 1):
 par new generation   total 109248K, used 93402K [0x00000000e0000000, 0x00000000e8000000, 0x00000000e8000000)
  eden space 87424K, 100% used [0x00000000e0000000, 0x00000000e5560000, 0x00000000e5560000)
  from space 21824K,  27% used [0x00000000e6ab0000, 0x00000000e7086b40, 0x00000000e8000000)
  to   space 21824K,   0% used [0x00000000e5560000, 0x00000000e5560000, 0x00000000e6ab0000)
 concurrent mark-sweep generation total 393216K, used 18831K [0x00000000e8000000, 0x0000000100000000, 0x0000000100000000)
 Metaspace       used 40861K, capacity 41708K, committed 42008K, reserved 1087488K
  class space    used 4591K, capacity 4818K, committed 4940K, reserved 1048576K
2017-04-24T16:17:30.408+0800: 1940.081: [GC (Allocation Failure) 2017-04-24T16:17:30.408+0800: 1940.081: [ParNew
Desired survivor size 20112992 bytes, new threshold 8 (max 8)
- age   1:    2346176 bytes,    2346176 total
- age   2:     627008 bytes,    2973184 total
- age   3:      92712 bytes,    3065896 total
- age   4:      21312 bytes,    3087208 total
- age   5:      45688 bytes,    3132896 total
- age   6:      88472 bytes,    3221368 total
- age   7:     101760 bytes,    3323128 total
- age   8:      54576 bytes,    3377704 total
: 93402K->4692K(109248K), 0.0064174 secs] 112233K->23789K(502464K), 0.0064796 secs] [Times: user=0.06 sys=0.00, real=0.01 secs] 
Heap after GC invocations=16 (full 1):
 par new generation   total 109248K, used 4692K [0x00000000e0000000, 0x00000000e8000000, 0x00000000e8000000)
  eden space 87424K,   0% used [0x00000000e0000000, 0x00000000e0000000, 0x00000000e5560000)
  from space 21824K,  21% used [0x00000000e5560000, 0x00000000e59f52d8, 0x00000000e6ab0000)
  to   space 21824K,   0% used [0x00000000e6ab0000, 0x00000000e6ab0000, 0x00000000e8000000)
 concurrent mark-sweep generation total 393216K, used 19096K [0x00000000e8000000, 0x0000000100000000, 0x0000000100000000)
 Metaspace       used 40861K, capacity 41708K, committed 42008K, reserved 1087488K
  class space    used 4591K, capacity 4818K, committed 4940K, reserved 1048576K
}
2017-04-24T16:17:30.414+0800: 1940.087: Total time for which application threads were stopped: 0.0066483 seconds, Stopping threads took: 0.0000192 seconds
2017-04-24T16:17:30.415+0800: 1940.088: Total time for which application threads were stopped: 0.0001161 seconds, Stopping threads took: 0.0000475 seconds
2017-04-24T16:17:30.415+0800: 1940.088: Total time for which application threads were stopped: 0.0000808 seconds, Stopping threads took: 0.0000414 seconds
2017-04-24T16:17:30.415+0800: 1940.088: Total time for which application threads were stopped: 0.0000619 seconds, Stopping threads took: 0.0000228 seconds
2017-04-24T16:17:30.415+0800: 1940.088: Total time for which application threads were stopped: 0.0000565 seconds, Stopping threads took: 0.0000225 seconds
2017-04-24T16:17:30.416+0800: 1940.089: Total time for which application threads were stopped: 0.0000962 seconds, Stopping threads took: 0.0000176 seconds
2017-04-24T16:17:30.416+0800: 1940.089: Total time for which application threads were stopped: 0.0000776 seconds, Stopping threads took: 0.0000170 seconds
2017-04-24T16:17:30.416+0800: 1940.089: Total time for which application threads were stopped: 0.0000504 seconds, Stopping threads took: 0.0000183 seconds
2017-04-24T16:17:30.416+0800: 1940.089: Total time for which application threads were stopped: 0.0001876 seconds, Stopping threads took: 0.0001501 seconds
2017-04-24T16:17:30.417+0800: 1940.090: Total time for which application threads were stopped: 0.0000590 seconds, Stopping threads took: 0.0000189 seconds
2017-04-24T16:17:30.417+0800: 1940.090: Total time for which application threads were stopped: 0.0000584 seconds, Stopping threads took: 0.0000160 seconds
2017-04-24T16:17:30.417+0800: 1940.090: Total time for which application threads were stopped: 0.0000449 seconds, Stopping threads took: 0.0000167 seconds
2017-04-24T16:17:30.417+0800: 1940.090: Total time for which application threads were stopped: 0.0001200 seconds, Stopping threads took: 0.0000273 seconds
2017-04-24T16:17:30.417+0800: 1940.090: Total time for which application threads were stopped: 0.0000937 seconds, Stopping threads took: 0.0000221 seconds
2017-04-24T16:17:30.418+0800: 1940.091: Total time for which application threads were stopped: 0.0000779 seconds, Stopping threads took: 0.0000263 seconds
2017-04-24T16:17:30.418+0800: 1940.091: Total time for which application threads were stopped: 0.0001254 seconds, Stopping threads took: 0.0000808 seconds
2017-04-24T16:17:30.419+0800: 1940.092: Total time for which application threads were stopped: 0.0000645 seconds, Stopping threads took: 0.0000141 seconds
2017-04-24T16:17:30.419+0800: 1940.092: Total time for which application threads were stopped: 0.0000702 seconds, Stopping threads took: 0.0000395 seconds
2017-04-24T16:17:30.419+0800: 1940.092: Total time for which application threads were stopped: 0.0000638 seconds, Stopping threads took: 0.0000260 seconds
2017-04-24T16:17:30.419+0800: 1940.092: Total time for which application threads were stopped: 0.0000654 seconds, Stopping threads took: 0.0000321 seconds
2017-04-24T16:17:30.420+0800: 1940.093: Total time for which application threads were stopped: 0.0001020 seconds, Stopping threads took: 0.0000529 seconds
2017-04-24T16:17:30.421+0800: 1940.093: Total time for which application threads were stopped: 0.0000690 seconds, Stopping threads took: 0.0000279 seconds
2017-04-24T16:17:30.429+0800: 1940.102: Total time for which application threads were stopped: 0.0001020 seconds, Stopping threads took: 0.0000298 seconds
2017-04-24T16:17:30.429+0800: 1940.102: Total time for which application threads were stopped: 0.0000532 seconds, Stopping threads took: 0.0000119 seconds
2017-04-24T16:17:30.690+0800: 1940.363: Total time for which application threads were stopped: 0.0001078 seconds, Stopping threads took: 0.0000314 seconds
2017-04-24T16:17:30.690+0800: 1940.363: Total time for which application threads were stopped: 0.0000600 seconds, Stopping threads took: 0.0000141 seconds
2017-04-24T16:17:30.690+0800: 1940.363: Total time for which application threads were stopped: 0.0000590 seconds, Stopping threads took: 0.0000189 seconds
2017-04-24T16:17:31.691+0800: 1941.363: Total time for which application threads were stopped: 0.0002184 seconds, Stopping threads took: 0.0000513 seconds
2017-04-24T16:17:40.420+0800: 1950.092: Total time for which application threads were stopped: 0.0001068 seconds, Stopping threads took: 0.0000250 seconds
2017-04-24T16:17:40.420+0800: 1950.093: Total time for which application threads were stopped: 0.0000811 seconds, Stopping threads took: 0.0000196 seconds
2017-04-24T16:17:40.717+0800: 1950.390: Total time for which application threads were stopped: 0.0001004 seconds, Stopping threads took: 0.0000225 seconds
2017-04-24T16:17:40.717+0800: 1950.390: Total time for which application threads were stopped: 0.0000619 seconds, Stopping threads took: 0.0000273 seconds
2017-04-24T16:17:40.717+0800: 1950.390: Total time for which application threads were stopped: 0.0000401 seconds, Stopping threads took: 0.0000083 seconds
2017-04-24T16:17:40.718+0800: 1950.391: Total time for which application threads were stopped: 0.0000638 seconds, Stopping threads took: 0.0000189 seconds
2017-04-24T16:17:40.718+0800: 1950.391: Total time for which application threads were stopped: 0.0000462 seconds, Stopping threads took: 0.0000099 seconds
2017-04-24T16:17:40.718+0800: 1950.391: Total time for which application threads were stopped: 0.0000398 seconds, Stopping threads took: 0.0000083 seconds
2017-04-24T16:17:40.718+0800: 1950.391: Total time for which application threads were stopped: 0.0000334 seconds, Stopping threads took: 0.0000064 seconds
2017-04-24T16:17:40.718+0800: 1950.391: Total time for which application threads were stopped: 0.0000507 seconds, Stopping threads took: 0.0000128 seconds
2017-04-24T16:17:40.721+0800: 1950.395: Total time for which application threads were stopped: 0.0000811 seconds, Stopping threads took: 0.0000176 seconds
2017-04-24T16:17:50.419+0800: 1960.091: Total time for which application threads were stopped: 0.0000930 seconds, Stopping threads took: 0.0000228 seconds
2017-04-24T16:17:50.419+0800: 1960.092: Total time for which application threads were stopped: 0.0000504 seconds, Stopping threads took: 0.0000096 seconds
2017-04-24T16:17:50.694+0800: 1960.367: Total time for which application threads were stopped: 0.0000956 seconds, Stopping threads took: 0.0000196 seconds
2017-04-24T16:17:50.694+0800: 1960.367: Total time for which application threads were stopped: 0.0000414 seconds, Stopping threads took: 0.0000087 seconds
2017-04-24T16:17:50.694+0800: 1960.367: Total time for which application threads were stopped: 0.0000539 seconds, Stopping threads took: 0.0000112 seconds
2017-04-24T16:17:50.694+0800: 1960.367: Total time for which application threads were stopped: 0.0000420 seconds, Stopping threads took: 0.0000090 seconds
2017-04-24T16:17:50.694+0800: 1960.367: Total time for which application threads were stopped: 0.0000455 seconds, Stopping threads took: 0.0000099 seconds
2017-04-24T16:17:50.694+0800: 1960.367: Total time for which application threads were stopped: 0.0000702 seconds, Stopping threads took: 0.0000385 seconds
2017-04-24T16:17:50.694+0800: 1960.367: Total time for which application threads were stopped: 0.0000334 seconds, Stopping threads took: 0.0000071 seconds
2017-04-24T16:17:50.698+0800: 1960.371: Total time for which application threads were stopped: 0.0000927 seconds, Stopping threads took: 0.0000189 seconds
2017-04-24T16:17:51.699+0800: 1961.371: Total time for which application threads were stopped: 0.0000876 seconds, Stopping threads took: 0.0000237 seconds
2017-04-24T16:18:00.427+0800: 1970.100: Total time for which application threads were stopped: 0.0001113 seconds, Stopping threads took: 0.0000279 seconds
2017-04-24T16:18:00.428+0800: 1970.101: Total time for which application threads were stopped: 0.0000478 seconds, Stopping threads took: 0.0000093 seconds
2017-04-24T16:18:00.715+0800: 1970.388: Total time for which application threads were stopped: 0.0002444 seconds, Stopping threads took: 0.0000597 seconds
2017-04-24T16:18:00.715+0800: 1970.388: Total time for which application threads were stopped: 0.0001354 seconds, Stopping threads took: 0.0000289 seconds
2017-04-24T16:18:00.717+0800: 1970.390: Total time for which application threads were stopped: 0.0001498 seconds, Stopping threads took: 0.0000327 seconds
2017-04-24T16:18:00.717+0800: 1970.390: Total time for which application threads were stopped: 0.0001241 seconds, Stopping threads took: 0.0000250 seconds
2017-04-24T16:18:00.717+0800: 1970.390: Total time for which application threads were stopped: 0.0001167 seconds, Stopping threads took: 0.0000241 seconds
2017-04-24T16:18:00.717+0800: 1970.390: Total time for which application threads were stopped: 0.0001158 seconds, Stopping threads took: 0.0000237 seconds
2017-04-24T16:18:00.718+0800: 1970.390: Total time for which application threads were stopped: 0.0001164 seconds, Stopping threads took: 0.0000237 seconds
2017-04-24T16:18:00.727+0800: 1970.399: Total time for which application threads were stopped: 0.0002104 seconds, Stopping threads took: 0.0000462 seconds
2017-04-24T16:18:02.746+0800: 1972.419: Total time for which application threads were stopped: 0.0000898 seconds, Stopping threads took: 0.0000218 seconds
2017-04-24T16:18:02.747+0800: 1972.419: Total time for which application threads were stopped: 0.0000619 seconds, Stopping threads took: 0.0000196 seconds
2017-04-24T16:18:02.747+0800: 1972.419: Total time for which application threads were stopped: 0.0001427 seconds, Stopping threads took: 0.0000170 seconds
2017-04-24T16:18:02.747+0800: 1972.420: Total time for which application threads were stopped: 0.0000545 seconds, Stopping threads took: 0.0000167 seconds
2017-04-24T16:18:10.433+0800: 1980.106: Total time for which application threads were stopped: 0.0001482 seconds, Stopping threads took: 0.0000391 seconds
2017-04-24T16:18:10.726+0800: 1980.399: Total time for which application threads were stopped: 0.0002675 seconds, Stopping threads took: 0.0000802 seconds
2017-04-24T16:18:10.726+0800: 1980.399: Total time for which application threads were stopped: 0.0001989 seconds, Stopping threads took: 0.0000491 seconds
2017-04-24T16:18:10.729+0800: 1980.402: Total time for which application threads were stopped: 0.0002207 seconds, Stopping threads took: 0.0000667 seconds
2017-04-24T16:18:10.729+0800: 1980.402: Total time for which application threads were stopped: 0.0001770 seconds, Stopping threads took: 0.0000395 seconds
2017-04-24T16:18:10.730+0800: 1980.402: Total time for which application threads were stopped: 0.0001726 seconds, Stopping threads took: 0.0000391 seconds
2017-04-24T16:18:10.730+0800: 1980.402: Total time for which application threads were stopped: 0.0001588 seconds, Stopping threads took: 0.0000536 seconds
2017-04-24T16:18:10.730+0800: 1980.403: Total time for which application threads were stopped: 0.0001312 seconds, Stopping threads took: 0.0000327 seconds
2017-04-24T16:18:10.742+0800: 1980.415: Total time for which application threads were stopped: 0.0004715 seconds, Stopping threads took: 0.0000427 seconds
2017-04-24T16:18:11.742+0800: 1981.414: Total time for which application threads were stopped: 0.0001055 seconds, Stopping threads took: 0.0000279 seconds
2017-04-24T16:18:15.953+0800: 1985.626: Total time for which application threads were stopped: 0.0000828 seconds, Stopping threads took: 0.0000199 seconds
2017-04-24T16:18:15.953+0800: 1985.626: Total time for which application threads were stopped: 0.0000343 seconds, Stopping threads took: 0.0000071 seconds
2017-04-24T16:18:15.953+0800: 1985.626: Total time for which application threads were stopped: 0.0000494 seconds, Stopping threads took: 0.0000115 seconds
2017-04-24T16:18:15.954+0800: 1985.627: Total time for which application threads were stopped: 0.0000404 seconds, Stopping threads took: 0.0000087 seconds
2017-04-24T16:18:15.954+0800: 1985.627: Total time for which application threads were stopped: 0.0000411 seconds, Stopping threads took: 0.0000093 seconds
2017-04-24T16:18:15.954+0800: 1985.627: Total time for which application threads were stopped: 0.0000443 seconds, Stopping threads took: 0.0000164 seconds
2017-04-24T16:18:20.440+0800: 1990.113: Total time for which application threads were stopped: 0.0001430 seconds, Stopping threads took: 0.0000378 seconds
2017-04-24T16:18:20.725+0800: 1990.399: Total time for which application threads were stopped: 0.0002970 seconds, Stopping threads took: 0.0000751 seconds
2017-04-24T16:18:20.726+0800: 1990.399: Total time for which application threads were stopped: 0.0001594 seconds, Stopping threads took: 0.0000366 seconds
2017-04-24T16:18:20.726+0800: 1990.399: Total time for which application threads were stopped: 0.0001370 seconds, Stopping threads took: 0.0000276 seconds
2017-04-24T16:18:20.727+0800: 1990.401: Total time for which application threads were stopped: 0.0002024 seconds, Stopping threads took: 0.0000407 seconds
2017-04-24T16:18:20.728+0800: 1990.401: Total time for which application threads were stopped: 0.0001764 seconds, Stopping threads took: 0.0000571 seconds
2017-04-24T16:18:20.728+0800: 1990.401: Total time for which application threads were stopped: 0.0001645 seconds, Stopping threads took: 0.0000401 seconds
2017-04-24T16:18:20.728+0800: 1990.401: Total time for which application threads were stopped: 0.0001479 seconds, Stopping threads took: 0.0000343 seconds
2017-04-24T16:18:20.728+0800: 1990.402: Total time for which application threads were stopped: 0.0002178 seconds, Stopping threads took: 0.0000949 seconds
2017-04-24T16:18:20.750+0800: 1990.423: Total time for which application threads were stopped: 0.0002075 seconds, Stopping threads took: 0.0000529 seconds
2017-04-24T16:18:30.448+0800: 2000.121: Total time for which application threads were stopped: 0.0005119 seconds, Stopping threads took: 0.0000565 seconds
2017-04-24T16:18:30.450+0800: 2000.123: Total time for which application threads were stopped: 0.0002252 seconds, Stopping threads took: 0.0000455 seconds
2017-04-24T16:18:30.762+0800: 2000.434: Total time for which application threads were stopped: 0.0002588 seconds, Stopping threads took: 0.0000641 seconds
2017-04-24T16:18:30.762+0800: 2000.434: Total time for which application threads were stopped: 0.0002082 seconds, Stopping threads took: 0.0000545 seconds
2017-04-24T16:18:30.762+0800: 2000.435: Total time for which application threads were stopped: 0.0002146 seconds, Stopping threads took: 0.0000927 seconds
2017-04-24T16:18:30.764+0800: 2000.436: Total time for which application threads were stopped: 0.0001623 seconds, Stopping threads took: 0.0000362 seconds
2017-04-24T16:18:30.764+0800: 2000.436: Total time for which application threads were stopped: 0.0001912 seconds, Stopping threads took: 0.0000443 seconds
2017-04-24T16:18:30.764+0800: 2000.437: Total time for which application threads were stopped: 0.0001774 seconds, Stopping threads took: 0.0000414 seconds
2017-04-24T16:18:30.764+0800: 2000.437: Total time for which application threads were stopped: 0.0001430 seconds, Stopping threads took: 0.0000321 seconds
2017-04-24T16:18:30.765+0800: 2000.437: Total time for which application threads were stopped: 0.0004571 seconds, Stopping threads took: 0.0000375 seconds
2017-04-24T16:18:40.445+0800: 2010.118: Total time for which application threads were stopped: 0.0001899 seconds, Stopping threads took: 0.0000411 seconds
2017-04-24T16:18:40.446+0800: 2010.119: Total time for which application threads were stopped: 0.0001488 seconds, Stopping threads took: 0.0000343 seconds
2017-04-24T16:18:40.713+0800: 2010.385: Total time for which application threads were stopped: 0.0003349 seconds, Stopping threads took: 0.0001556 seconds
2017-04-24T16:18:40.713+0800: 2010.385: Total time for which application threads were stopped: 0.0001405 seconds, Stopping threads took: 0.0000314 seconds
2017-04-24T16:18:40.713+0800: 2010.386: Total time for which application threads were stopped: 0.0002713 seconds, Stopping threads took: 0.0000978 seconds
2017-04-24T16:18:40.715+0800: 2010.387: Total time for which application threads were stopped: 0.0001668 seconds, Stopping threads took: 0.0000372 seconds
2017-04-24T16:18:50.441+0800: 2020.113: Total time for which application threads were stopped: 0.0001617 seconds, Stopping threads took: 0.0000362 seconds
2017-04-24T16:18:50.441+0800: 2020.114: Total time for which application threads were stopped: 0.0001206 seconds, Stopping threads took: 0.0000276 seconds
2017-04-24T16:18:50.749+0800: 2020.421: Total time for which application threads were stopped: 0.0002373 seconds, Stopping threads took: 0.0000603 seconds
2017-04-24T16:18:50.749+0800: 2020.422: Total time for which application threads were stopped: 0.0001475 seconds, Stopping threads took: 0.0000330 seconds
2017-04-24T16:18:50.749+0800: 2020.422: Total time for which application threads were stopped: 0.0001264 seconds, Stopping threads took: 0.0000273 seconds
2017-04-24T16:18:50.751+0800: 2020.423: Total time for which application threads were stopped: 0.0001950 seconds, Stopping threads took: 0.0000436 seconds
2017-04-24T16:18:50.751+0800: 2020.423: Total time for which application threads were stopped: 0.0001325 seconds, Stopping threads took: 0.0000282 seconds
2017-04-24T16:18:50.751+0800: 2020.424: Total time for which application threads were stopped: 0.0001196 seconds, Stopping threads took: 0.0000244 seconds
2017-04-24T16:18:50.751+0800: 2020.424: Total time for which application threads were stopped: 0.0001171 seconds, Stopping threads took: 0.0000241 seconds
2017-04-24T16:18:50.751+0800: 2020.424: Total time for which application threads were stopped: 0.0001164 seconds, Stopping threads took: 0.0000241 seconds
2017-04-24T16:19:00.437+0800: 2030.110: Total time for which application threads were stopped: 0.0001334 seconds, Stopping threads took: 0.0000366 seconds
2017-04-24T16:19:00.438+0800: 2030.111: Total time for which application threads were stopped: 0.0000863 seconds, Stopping threads took: 0.0000208 seconds
2017-04-24T16:19:00.739+0800: 2030.412: Total time for which application threads were stopped: 0.0002284 seconds, Stopping threads took: 0.0000526 seconds
2017-04-24T16:19:00.740+0800: 2030.413: Total time for which application threads were stopped: 0.0004285 seconds, Stopping threads took: 0.0000346 seconds
2017-04-24T16:19:00.741+0800: 2030.414: Total time for which application threads were stopped: 0.0006947 seconds, Stopping threads took: 0.0002447 seconds
2017-04-24T16:19:00.743+0800: 2030.416: Total time for which application threads were stopped: 0.0002428 seconds, Stopping threads took: 0.0000767 seconds
2017-04-24T16:19:00.743+0800: 2030.416: Total time for which application threads were stopped: 0.0002114 seconds, Stopping threads took: 0.0000629 seconds
2017-04-24T16:19:00.743+0800: 2030.416: Total time for which application threads were stopped: 0.0001931 seconds, Stopping threads took: 0.0000625 seconds
2017-04-24T16:19:00.744+0800: 2030.417: Total time for which application threads were stopped: 0.0001838 seconds, Stopping threads took: 0.0000616 seconds
2017-04-24T16:19:00.744+0800: 2030.417: Total time for which application threads were stopped: 0.0001851 seconds, Stopping threads took: 0.0000529 seconds
2017-04-24T16:19:10.407+0800: 2040.080: Total time for which application threads were stopped: 0.0004359 seconds, Stopping threads took: 0.0000500 seconds
{Heap before GC invocations=16 (full 1):
 par new generation   total 109248K, used 92116K [0x00000000e0000000, 0x00000000e8000000, 0x00000000e8000000)
  eden space 87424K, 100% used [0x00000000e0000000, 0x00000000e5560000, 0x00000000e5560000)
  from space 21824K,  21% used [0x00000000e5560000, 0x00000000e59f52d8, 0x00000000e6ab0000)
  to   space 21824K,   0% used [0x00000000e6ab0000, 0x00000000e6ab0000, 0x00000000e8000000)
 concurrent mark-sweep generation total 393216K, used 19096K [0x00000000e8000000, 0x0000000100000000, 0x0000000100000000)
 Metaspace       used 40930K, capacity 41720K, committed 42008K, reserved 1087488K
  class space    used 4591K, capacity 4818K, committed 4940K, reserved 1048576K
2017-04-24T16:19:10.409+0800: 2040.082: [GC (Allocation Failure) 2017-04-24T16:19:10.409+0800: 2040.082: [ParNew
Desired survivor size 20112992 bytes, new threshold 8 (max 8)
- age   1:    2428224 bytes,    2428224 total
- age   2:     519568 bytes,    2947792 total
- age   3:      69352 bytes,    3017144 total
- age   4:      36568 bytes,    3053712 total
- age   5:      20616 bytes,    3074328 total
- age   6:      45688 bytes,    3120016 total
- age   7:      88472 bytes,    3208488 total
- age   8:     101760 bytes,    3310248 total
: 92116K->4404K(109248K), 0.0213205 secs] 111213K->23554K(502464K), 0.0214655 secs] [Times: user=0.13 sys=0.00, real=0.02 secs] 
Heap after GC invocations=17 (full 1):
 par new generation   total 109248K, used 4404K [0x00000000e0000000, 0x00000000e8000000, 0x00000000e8000000)
  eden space 87424K,   0% used [0x00000000e0000000, 0x00000000e0000000, 0x00000000e5560000)
  from space 21824K,  20% used [0x00000000e6ab0000, 0x00000000e6efd310, 0x00000000e8000000)
  to   space 21824K,   0% used [0x00000000e5560000, 0x00000000e5560000, 0x00000000e6ab0000)
 concurrent mark-sweep generation total 393216K, used 19149K [0x00000000e8000000, 0x0000000100000000, 0x0000000100000000)
 Metaspace       used 40930K, capacity 41720K, committed 42008K, reserved 1087488K
  class space    used 4591K, capacity 4818K, committed 4940K, reserved 1048576K
}
2017-04-24T16:19:10.431+0800: 2040.104: Total time for which application threads were stopped: 0.0220618 seconds, Stopping threads took: 0.0000609 seconds
2017-04-24T16:19:10.432+0800: 2040.104: Total time for which application threads were stopped: 0.0002595 seconds, Stopping threads took: 0.0000667 seconds
2017-04-24T16:19:10.432+0800: 2040.104: Total time for which application threads were stopped: 0.0002101 seconds, Stopping threads took: 0.0000619 seconds
2017-04-24T16:19:10.432+0800: 2040.105: Total time for which application threads were stopped: 0.0002001 seconds, Stopping threads took: 0.0000670 seconds
2017-04-24T16:19:10.433+0800: 2040.105: Total time for which application threads were stopped: 0.0001847 seconds, Stopping threads took: 0.0000725 seconds
2017-04-24T16:19:10.433+0800: 2040.106: Total time for which application threads were stopped: 0.0002001 seconds, Stopping threads took: 0.0000641 seconds
2017-04-24T16:19:10.434+0800: 2040.106: Total time for which application threads were stopped: 0.0002402 seconds, Stopping threads took: 0.0000658 seconds
2017-04-24T16:19:10.434+0800: 2040.107: Total time for which application threads were stopped: 0.0002486 seconds, Stopping threads took: 0.0000613 seconds
2017-04-24T16:19:10.435+0800: 2040.107: Total time for which application threads were stopped: 0.0001940 seconds, Stopping threads took: 0.0000619 seconds
2017-04-24T16:19:10.435+0800: 2040.107: Total time for which application threads were stopped: 0.0001944 seconds, Stopping threads took: 0.0000581 seconds
2017-04-24T16:19:10.435+0800: 2040.108: Total time for which application threads were stopped: 0.0001835 seconds, Stopping threads took: 0.0000651 seconds
2017-04-24T16:19:10.436+0800: 2040.108: Total time for which application threads were stopped: 0.0001703 seconds, Stopping threads took: 0.0000581 seconds
2017-04-24T16:19:10.436+0800: 2040.108: Total time for which application threads were stopped: 0.0001745 seconds, Stopping threads took: 0.0000619 seconds
2017-04-24T16:19:10.436+0800: 2040.109: Total time for which application threads were stopped: 0.0001819 seconds, Stopping threads took: 0.0000574 seconds
2017-04-24T16:19:10.436+0800: 2040.109: Total time for which application threads were stopped: 0.0001742 seconds, Stopping threads took: 0.0000532 seconds
2017-04-24T16:19:10.437+0800: 2040.109: Total time for which application threads were stopped: 0.0001690 seconds, Stopping threads took: 0.0000603 seconds
2017-04-24T16:19:10.437+0800: 2040.110: Total time for which application threads were stopped: 0.0002284 seconds, Stopping threads took: 0.0001055 seconds
2017-04-24T16:19:10.438+0800: 2040.110: Total time for which application threads were stopped: 0.0002178 seconds, Stopping threads took: 0.0000844 seconds
2017-04-24T16:19:10.438+0800: 2040.111: Total time for which application threads were stopped: 0.0001655 seconds, Stopping threads took: 0.0000526 seconds
2017-04-24T16:19:10.438+0800: 2040.111: Total time for which application threads were stopped: 0.0001928 seconds, Stopping threads took: 0.0000840 seconds
2017-04-24T16:19:10.439+0800: 2040.111: Total time for which application threads were stopped: 0.0001552 seconds, Stopping threads took: 0.0000577 seconds
2017-04-24T16:19:10.439+0800: 2040.112: Total time for which application threads were stopped: 0.0001732 seconds, Stopping threads took: 0.0000545 seconds
2017-04-24T16:19:10.439+0800: 2040.112: Total time for which application threads were stopped: 0.0001665 seconds, Stopping threads took: 0.0000629 seconds
2017-04-24T16:19:10.440+0800: 2040.113: Total time for which application threads were stopped: 0.0004368 seconds, Stopping threads took: 0.0000664 seconds
2017-04-24T16:19:10.440+0800: 2040.113: Total time for which application threads were stopped: 0.0004016 seconds, Stopping threads took: 0.0000702 seconds
2017-04-24T16:19:10.460+0800: 2040.132: Total time for which application threads were stopped: 0.0001447 seconds, Stopping threads took: 0.0000391 seconds
2017-04-24T16:19:10.461+0800: 2040.133: Total time for which application threads were stopped: 0.0000879 seconds, Stopping threads took: 0.0000221 seconds
2017-04-24T16:19:10.830+0800: 2040.502: Total time for which application threads were stopped: 0.0002277 seconds, Stopping threads took: 0.0000500 seconds
2017-04-24T16:19:10.831+0800: 2040.504: Total time for which application threads were stopped: 0.0001443 seconds, Stopping threads took: 0.0000292 seconds
2017-04-24T16:19:10.831+0800: 2040.504: Total time for which application threads were stopped: 0.0001209 seconds, Stopping threads took: 0.0000250 seconds
2017-04-24T16:19:10.831+0800: 2040.504: Total time for which application threads were stopped: 0.0001177 seconds, Stopping threads took: 0.0000244 seconds
2017-04-24T16:19:10.832+0800: 2040.504: Total time for which application threads were stopped: 0.0001190 seconds, Stopping threads took: 0.0000244 seconds
2017-04-24T16:19:10.832+0800: 2040.504: Total time for which application threads were stopped: 0.0001928 seconds, Stopping threads took: 0.0000430 seconds
2017-04-24T16:19:10.854+0800: 2040.526: Total time for which application threads were stopped: 0.0002390 seconds, Stopping threads took: 0.0000568 seconds
2017-04-24T16:19:20.451+0800: 2050.123: Total time for which application threads were stopped: 0.0002483 seconds, Stopping threads took: 0.0000587 seconds
2017-04-24T16:19:20.452+0800: 2050.125: Total time for which application threads were stopped: 0.0002582 seconds, Stopping threads took: 0.0000856 seconds
2017-04-24T16:19:20.694+0800: 2050.367: Total time for which application threads were stopped: 0.0002970 seconds, Stopping threads took: 0.0001094 seconds
2017-04-24T16:19:20.696+0800: 2050.369: Total time for which application threads were stopped: 0.0001517 seconds, Stopping threads took: 0.0000362 seconds
2017-04-24T16:19:20.696+0800: 2050.369: Total time for which application threads were stopped: 0.0001212 seconds, Stopping threads took: 0.0000247 seconds
2017-04-24T16:19:20.696+0800: 2050.369: Total time for which application threads were stopped: 0.0001171 seconds, Stopping threads took: 0.0000241 seconds
2017-04-24T16:19:20.696+0800: 2050.369: Total time for which application threads were stopped: 0.0001158 seconds, Stopping threads took: 0.0000234 seconds
2017-04-24T16:19:20.697+0800: 2050.369: Total time for which application threads were stopped: 0.0001200 seconds, Stopping threads took: 0.0000231 seconds
2017-04-24T16:19:30.428+0800: 2060.100: Total time for which application threads were stopped: 0.0002704 seconds, Stopping threads took: 0.0000616 seconds
2017-04-24T16:19:30.449+0800: 2060.122: Total time for which application threads were stopped: 0.0002543 seconds, Stopping threads took: 0.0000526 seconds
2017-04-24T16:19:30.451+0800: 2060.123: Total time for which application threads were stopped: 0.0001068 seconds, Stopping threads took: 0.0000269 seconds
2017-04-24T16:19:30.825+0800: 2060.498: Total time for which application threads were stopped: 0.0002303 seconds, Stopping threads took: 0.0000565 seconds
2017-04-24T16:19:30.827+0800: 2060.500: Total time for which application threads were stopped: 0.0001928 seconds, Stopping threads took: 0.0000427 seconds
2017-04-24T16:19:30.827+0800: 2060.500: Total time for which application threads were stopped: 0.0001280 seconds, Stopping threads took: 0.0000253 seconds
2017-04-24T16:19:30.827+0800: 2060.500: Total time for which application threads were stopped: 0.0001196 seconds, Stopping threads took: 0.0000241 seconds
2017-04-24T16:19:30.828+0800: 2060.501: Total time for which application threads were stopped: 0.0001273 seconds, Stopping threads took: 0.0000257 seconds
2017-04-24T16:19:30.828+0800: 2060.501: Total time for which application threads were stopped: 0.0001453 seconds, Stopping threads took: 0.0000314 seconds
2017-04-24T16:19:31.829+0800: 2061.501: Total time for which application threads were stopped: 0.0001463 seconds, Stopping threads took: 0.0000391 seconds
2017-04-24T16:19:32.428+0800: 2062.100: [GC (CMS Initial Mark) [1 CMS-initial-mark: 19149K(393216K)] 50746K(502464K), 0.0071855 secs] [Times: user=0.06 sys=0.00, real=0.01 secs] 
2017-04-24T16:19:32.435+0800: 2062.107: Total time for which application threads were stopped: 0.0074707 seconds, Stopping threads took: 0.0000439 seconds
2017-04-24T16:19:32.435+0800: 2062.107: [CMS-concurrent-mark-start]
2017-04-24T16:19:32.462+0800: 2062.135: [CMS-concurrent-mark: 0.027/0.027 secs] [Times: user=0.11 sys=0.00, real=0.03 secs] 
2017-04-24T16:19:32.462+0800: 2062.135: [CMS-concurrent-preclean-start]
2017-04-24T16:19:32.464+0800: 2062.136: [CMS-concurrent-preclean: 0.001/0.001 secs] [Times: user=0.00 sys=0.00, real=0.00 secs] 
2017-04-24T16:19:32.464+0800: 2062.136: [CMS-concurrent-abortable-preclean-start]
 CMS: abort preclean due to time 2017-04-24T16:19:38.589+0800: 2068.263: [CMS-concurrent-abortable-preclean: 1.631/6.127 secs] [Times: user=1.55 sys=0.00, real=6.13 secs] 
2017-04-24T16:19:38.590+0800: 2068.263: [GC (CMS Final Remark) [YG occupancy: 31596 K (109248 K)]{Heap before GC invocations=17 (full 2):
 par new generation   total 109248K, used 31596K [0x00000000e0000000, 0x00000000e8000000, 0x00000000e8000000)
  eden space 87424K,  31% used [0x00000000e0000000, 0x00000000e1a8dd70, 0x00000000e5560000)
  from space 21824K,  20% used [0x00000000e6ab0000, 0x00000000e6efd310, 0x00000000e8000000)
  to   space 21824K,   0% used [0x00000000e5560000, 0x00000000e5560000, 0x00000000e6ab0000)
 concurrent mark-sweep generation total 393216K, used 19149K [0x00000000e8000000, 0x0000000100000000, 0x0000000100000000)
 Metaspace       used 40953K, capacity 41784K, committed 42264K, reserved 1087488K
  class space    used 4591K, capacity 4818K, committed 4940K, reserved 1048576K
2017-04-24T16:19:38.590+0800: 2068.263: [GC (CMS Final Remark) 2017-04-24T16:19:38.590+0800: 2068.263: [ParNew
Desired survivor size 20112992 bytes, new threshold 8 (max 8)
- age   1:     782944 bytes,     782944 total
- age   2:    1134984 bytes,    1917928 total
- age   3:      20448 bytes,    1938376 total
- age   4:      13648 bytes,    1952024 total
- age   5:      35872 bytes,    1987896 total
- age   6:      20616 bytes,    2008512 total
- age   7:      45688 bytes,    2054200 total
- age   8:      88472 bytes,    2142672 total
: 31596K->2946K(109248K), 0.0086754 secs] 50746K->22195K(502464K), 0.0087421 secs] [Times: user=0.00 sys=0.02, real=0.01 secs] 
Heap after GC invocations=18 (full 2):
 par new generation   total 109248K, used 2946K [0x00000000e0000000, 0x00000000e8000000, 0x00000000e8000000)
  eden space 87424K,   0% used [0x00000000e0000000, 0x00000000e0000000, 0x00000000e5560000)
  from space 21824K,  13% used [0x00000000e5560000, 0x00000000e5840920, 0x00000000e6ab0000)
  to   space 21824K,   0% used [0x00000000e6ab0000, 0x00000000e6ab0000, 0x00000000e8000000)
 concurrent mark-sweep generation total 393216K, used 19249K [0x00000000e8000000, 0x0000000100000000, 0x0000000100000000)
 Metaspace       used 40953K, capacity 41784K, committed 42264K, reserved 1087488K
  class space    used 4591K, capacity 4818K, committed 4940K, reserved 1048576K
}
2017-04-24T16:19:38.599+0800: 2068.272: [Rescan (parallel) , 0.0015245 secs]2017-04-24T16:19:38.600+0800: 2068.273: [weak refs processing, 0.0005966 secs]2017-04-24T16:19:38.601+0800: 2068.274: [class unloading, 0.0140859 secs]2017-04-24T16:19:38.615+0800: 2068.288: [scrub symbol table, 0.0062070 secs]2017-04-24T16:19:38.622+0800: 2068.294: [scrub string table, 0.0005732 secs][1 CMS-remark: 19249K(393216K)] 22195K(502464K), 0.0335876 secs] [Times: user=0.01 sys=0.02, real=0.03 secs] 
2017-04-24T16:19:38.624+0800: 2068.297: Total time for which application threads were stopped: 0.0337149 seconds, Stopping threads took: 0.0000292 seconds
2017-04-24T16:19:38.624+0800: 2068.297: [CMS-concurrent-sweep-start]
2017-04-24T16:19:38.624+0800: 2068.297: Total time for which application threads were stopped: 0.0000619 seconds, Stopping threads took: 0.0000183 seconds
2017-04-24T16:19:38.625+0800: 2068.297: Total time for which application threads were stopped: 0.0000491 seconds, Stopping threads took: 0.0000167 seconds
2017-04-24T16:19:38.630+0800: 2068.302: [CMS-concurrent-sweep: 0.005/0.005 secs] [Times: user=0.00 sys=0.00, real=0.01 secs] 
2017-04-24T16:19:38.630+0800: 2068.302: [CMS-concurrent-reset-start]
2017-04-24T16:19:38.630+0800: 2068.303: [CMS-concurrent-reset: 0.001/0.001 secs] [Times: user=0.00 sys=0.00, real=0.00 secs] 
2017-04-24T16:19:39.629+0800: 2069.302: Total time for which application threads were stopped: 0.0045442 seconds, Stopping threads took: 0.0000539 seconds
2017-04-24T16:19:40.446+0800: 2070.119: Total time for which application threads were stopped: 0.0002415 seconds, Stopping threads took: 0.0000382 seconds
2017-04-24T16:19:40.447+0800: 2070.120: Total time for which application threads were stopped: 0.0001087 seconds, Stopping threads took: 0.0000247 seconds
2017-04-24T16:19:40.733+0800: 2070.406: Total time for which application threads were stopped: 0.0002043 seconds, Stopping threads took: 0.0000558 seconds
2017-04-24T16:19:40.734+0800: 2070.406: Total time for which application threads were stopped: 0.0000969 seconds, Stopping threads took: 0.0000215 seconds
2017-04-24T16:19:40.734+0800: 2070.407: Total time for which application threads were stopped: 0.0000776 seconds, Stopping threads took: 0.0000167 seconds
2017-04-24T16:19:40.734+0800: 2070.407: Total time for which application threads were stopped: 0.0000722 seconds, Stopping threads took: 0.0000144 seconds
2017-04-24T16:19:40.734+0800: 2070.407: Total time for which application threads were stopped: 0.0000725 seconds, Stopping threads took: 0.0000151 seconds
2017-04-24T16:19:40.734+0800: 2070.407: Total time for which application threads were stopped: 0.0002524 seconds, Stopping threads took: 0.0000144 seconds
2017-04-24T16:19:41.735+0800: 2071.408: Total time for which application threads were stopped: 0.0001248 seconds, Stopping threads took: 0.0000334 seconds
2017-04-24T16:19:50.418+0800: 2080.091: Total time for which application threads were stopped: 0.0001010 seconds, Stopping threads took: 0.0000257 seconds
2017-04-24T16:19:50.418+0800: 2080.091: Total time for which application threads were stopped: 0.0000654 seconds, Stopping threads took: 0.0000154 seconds
2017-04-24T16:19:50.749+0800: 2080.422: Total time for which application threads were stopped: 0.0003374 seconds, Stopping threads took: 0.0001078 seconds
2017-04-24T16:19:50.751+0800: 2080.423: Total time for which application threads were stopped: 0.0002194 seconds, Stopping threads took: 0.0000455 seconds
2017-04-24T16:19:51.752+0800: 2081.424: Total time for which application threads were stopped: 0.0001969 seconds, Stopping threads took: 0.0000548 seconds
2017-04-24T16:19:56.755+0800: 2086.428: Total time for which application threads were stopped: 0.0001940 seconds, Stopping threads took: 0.0000536 seconds
2017-04-24T16:20:00.439+0800: 2090.112: Total time for which application threads were stopped: 0.0002085 seconds, Stopping threads took: 0.0000427 seconds
2017-04-24T16:20:00.439+0800: 2090.113: Total time for which application threads were stopped: 0.0001123 seconds, Stopping threads took: 0.0000263 seconds
2017-04-24T16:20:00.846+0800: 2090.520: Total time for which application threads were stopped: 0.0000888 seconds, Stopping threads took: 0.0000183 seconds
2017-04-24T16:20:00.847+0800: 2090.520: Total time for which application threads were stopped: 0.0000552 seconds, Stopping threads took: 0.0000115 seconds
2017-04-24T16:20:00.847+0800: 2090.520: Total time for which application threads were stopped: 0.0000350 seconds, Stopping threads took: 0.0000067 seconds
2017-04-24T16:20:00.847+0800: 2090.520: Total time for which application threads were stopped: 0.0000318 seconds, Stopping threads took: 0.0000061 seconds
2017-04-24T16:20:00.847+0800: 2090.520: Total time for which application threads were stopped: 0.0000321 seconds, Stopping threads took: 0.0000064 seconds
2017-04-24T16:20:00.847+0800: 2090.520: Total time for which application threads were stopped: 0.0000314 seconds, Stopping threads took: 0.0000061 seconds
2017-04-24T16:20:00.850+0800: 2090.523: Total time for which application threads were stopped: 0.0000552 seconds, Stopping threads took: 0.0000115 seconds
2017-04-24T16:20:10.445+0800: 2100.118: Total time for which application threads were stopped: 0.0001677 seconds, Stopping threads took: 0.0000446 seconds
2017-04-24T16:20:10.446+0800: 2100.119: Total time for which application threads were stopped: 0.0001575 seconds, Stopping threads took: 0.0000471 seconds
2017-04-24T16:20:10.724+0800: 2100.396: Total time for which application threads were stopped: 0.0001014 seconds, Stopping threads took: 0.0000244 seconds
2017-04-24T16:20:10.724+0800: 2100.396: Total time for which application threads were stopped: 0.0000593 seconds, Stopping threads took: 0.0000135 seconds
2017-04-24T16:20:10.724+0800: 2100.396: Total time for which application threads were stopped: 0.0000545 seconds, Stopping threads took: 0.0000128 seconds
2017-04-24T16:20:10.724+0800: 2100.396: Total time for which application threads were stopped: 0.0000395 seconds, Stopping threads took: 0.0000106 seconds
2017-04-24T16:20:10.724+0800: 2100.397: Total time for which application threads were stopped: 0.0000433 seconds, Stopping threads took: 0.0000106 seconds
2017-04-24T16:20:10.727+0800: 2100.399: Total time for which application threads were stopped: 0.0000895 seconds, Stopping threads took: 0.0000218 seconds
2017-04-24T16:20:11.727+0800: 2101.399: Total time for which application threads were stopped: 0.0002094 seconds, Stopping threads took: 0.0000577 seconds
2017-04-24T16:20:20.442+0800: 2110.114: Total time for which application threads were stopped: 0.0001466 seconds, Stopping threads took: 0.0000436 seconds
2017-04-24T16:20:20.442+0800: 2110.115: Total time for which application threads were stopped: 0.0000917 seconds, Stopping threads took: 0.0000218 seconds
2017-04-24T16:20:20.879+0800: 2110.552: Total time for which application threads were stopped: 0.0002187 seconds, Stopping threads took: 0.0000500 seconds
2017-04-24T16:20:20.880+0800: 2110.552: Total time for which application threads were stopped: 0.0001957 seconds, Stopping threads took: 0.0000430 seconds
2017-04-24T16:20:20.880+0800: 2110.552: Total time for which application threads were stopped: 0.0001370 seconds, Stopping threads took: 0.0000343 seconds
2017-04-24T16:20:20.880+0800: 2110.553: Total time for which application threads were stopped: 0.0001578 seconds, Stopping threads took: 0.0000395 seconds
2017-04-24T16:20:20.880+0800: 2110.553: Total time for which application threads were stopped: 0.0001283 seconds, Stopping threads took: 0.0000292 seconds
2017-04-24T16:20:20.890+0800: 2110.562: Total time for which application threads were stopped: 0.0002431 seconds, Stopping threads took: 0.0000491 seconds
2017-04-24T16:20:30.436+0800: 2120.108: Total time for which application threads were stopped: 0.0001658 seconds, Stopping threads took: 0.0000404 seconds
2017-04-24T16:20:30.437+0800: 2120.109: Total time for which application threads were stopped: 0.0000972 seconds, Stopping threads took: 0.0000289 seconds
2017-04-24T16:20:30.731+0800: 2120.404: Total time for which application threads were stopped: 0.0005058 seconds, Stopping threads took: 0.0000513 seconds
2017-04-24T16:20:30.732+0800: 2120.404: Total time for which application threads were stopped: 0.0001960 seconds, Stopping threads took: 0.0000433 seconds
2017-04-24T16:20:30.732+0800: 2120.405: Total time for which application threads were stopped: 0.0001289 seconds, Stopping threads took: 0.0000263 seconds
2017-04-24T16:20:30.732+0800: 2120.405: Total time for which application threads were stopped: 0.0001241 seconds, Stopping threads took: 0.0000279 seconds
2017-04-24T16:20:30.732+0800: 2120.405: Total time for which application threads were stopped: 0.0001203 seconds, Stopping threads took: 0.0000247 seconds
2017-04-24T16:20:30.743+0800: 2120.415: Total time for which application threads were stopped: 0.0002454 seconds, Stopping threads took: 0.0000497 seconds
2017-04-24T16:20:31.743+0800: 2121.416: Total time for which application threads were stopped: 0.0002001 seconds, Stopping threads took: 0.0000574 seconds
2017-04-24T16:20:40.421+0800: 2130.093: Total time for which application threads were stopped: 0.0001030 seconds, Stopping threads took: 0.0000199 seconds
2017-04-24T16:20:40.421+0800: 2130.094: Total time for which application threads were stopped: 0.0000366 seconds, Stopping threads took: 0.0000067 seconds
2017-04-24T16:20:40.725+0800: 2130.398: Total time for which application threads were stopped: 0.0002531 seconds, Stopping threads took: 0.0000590 seconds
2017-04-24T16:20:40.726+0800: 2130.398: Total time for which application threads were stopped: 0.0002232 seconds, Stopping threads took: 0.0000497 seconds
2017-04-24T16:20:40.726+0800: 2130.399: Total time for which application threads were stopped: 0.0003069 seconds, Stopping threads took: 0.0001543 seconds
2017-04-24T16:20:40.726+0800: 2130.399: Total time for which application threads were stopped: 0.0002078 seconds, Stopping threads took: 0.0000747 seconds
2017-04-24T16:20:41.726+0800: 2131.399: Total time for which application threads were stopped: 0.0001998 seconds, Stopping threads took: 0.0000542 seconds
2017-04-24T16:20:50.439+0800: 2140.112: Total time for which application threads were stopped: 0.0001392 seconds, Stopping threads took: 0.0000340 seconds
2017-04-24T16:20:50.440+0800: 2140.113: Total time for which application threads were stopped: 0.0000799 seconds, Stopping threads took: 0.0000180 seconds
2017-04-24T16:20:50.700+0800: 2140.373: Total time for which application threads were stopped: 0.0003095 seconds, Stopping threads took: 0.0001062 seconds
2017-04-24T16:20:50.700+0800: 2140.373: Total time for which application threads were stopped: 0.0001642 seconds, Stopping threads took: 0.0000433 seconds
2017-04-24T16:20:50.701+0800: 2140.374: Total time for which application threads were stopped: 0.0002114 seconds, Stopping threads took: 0.0000616 seconds
2017-04-24T16:20:50.702+0800: 2140.375: Total time for which application threads were stopped: 0.0001924 seconds, Stopping threads took: 0.0000308 seconds
2017-04-24T16:20:50.702+0800: 2140.375: Total time for which application threads were stopped: 0.0001370 seconds, Stopping threads took: 0.0000247 seconds
2017-04-24T16:20:50.703+0800: 2140.376: Total time for which application threads were stopped: 0.0001430 seconds, Stopping threads took: 0.0000244 seconds
2017-04-24T16:20:50.703+0800: 2140.376: Total time for which application threads were stopped: 0.0001286 seconds, Stopping threads took: 0.0000244 seconds
2017-04-24T16:20:50.703+0800: 2140.376: Total time for which application threads were stopped: 0.0003910 seconds, Stopping threads took: 0.0000241 seconds
2017-04-24T16:20:50.712+0800: 2140.385: Total time for which application threads were stopped: 0.0001953 seconds, Stopping threads took: 0.0000430 seconds
2017-04-24T16:21:00.446+0800: 2150.118: Total time for which application threads were stopped: 0.0002332 seconds, Stopping threads took: 0.0000526 seconds
2017-04-24T16:21:00.447+0800: 2150.120: Total time for which application threads were stopped: 0.0002377 seconds, Stopping threads took: 0.0000661 seconds
2017-04-24T16:21:00.800+0800: 2150.473: Total time for which application threads were stopped: 0.0002563 seconds, Stopping threads took: 0.0000584 seconds
2017-04-24T16:21:00.801+0800: 2150.473: Total time for which application threads were stopped: 0.0001568 seconds, Stopping threads took: 0.0000337 seconds
2017-04-24T16:21:00.802+0800: 2150.475: Total time for which application threads were stopped: 0.0002300 seconds, Stopping threads took: 0.0000709 seconds
2017-04-24T16:21:00.813+0800: 2150.486: Total time for which application threads were stopped: 0.0002226 seconds, Stopping threads took: 0.0000504 seconds
2017-04-24T16:21:10.443+0800: 2160.116: Total time for which application threads were stopped: 0.0001690 seconds, Stopping threads took: 0.0000446 seconds
2017-04-24T16:21:10.444+0800: 2160.117: Total time for which application threads were stopped: 0.0001135 seconds, Stopping threads took: 0.0000260 seconds
2017-04-24T16:21:10.779+0800: 2160.451: Total time for which application threads were stopped: 0.0003162 seconds, Stopping threads took: 0.0000872 seconds
2017-04-24T16:21:10.779+0800: 2160.452: Total time for which application threads were stopped: 0.0002239 seconds, Stopping threads took: 0.0000892 seconds
2017-04-24T16:21:10.781+0800: 2160.453: Total time for which application threads were stopped: 0.0002043 seconds, Stopping threads took: 0.0000478 seconds
2017-04-24T16:21:10.781+0800: 2160.454: Total time for which application threads were stopped: 0.0001524 seconds, Stopping threads took: 0.0000356 seconds
2017-04-24T16:21:10.781+0800: 2160.454: Total time for which application threads were stopped: 0.0001812 seconds, Stopping threads took: 0.0000430 seconds
2017-04-24T16:21:10.782+0800: 2160.454: Total time for which application threads were stopped: 0.0001854 seconds, Stopping threads took: 0.0000488 seconds
2017-04-24T16:21:10.782+0800: 2160.454: Total time for which application threads were stopped: 0.0001530 seconds, Stopping threads took: 0.0000378 seconds
2017-04-24T16:21:10.791+0800: 2160.464: Total time for which application threads were stopped: 0.0002011 seconds, Stopping threads took: 0.0000478 seconds
{Heap before GC invocations=18 (full 2):
 par new generation   total 109248K, used 90370K [0x00000000e0000000, 0x00000000e8000000, 0x00000000e8000000)
  eden space 87424K, 100% used [0x00000000e0000000, 0x00000000e5560000, 0x00000000e5560000)
  from space 21824K,  13% used [0x00000000e5560000, 0x00000000e5840920, 0x00000000e6ab0000)
  to   space 21824K,   0% used [0x00000000e6ab0000, 0x00000000e6ab0000, 0x00000000e8000000)
 concurrent mark-sweep generation total 393216K, used 16975K [0x00000000e8000000, 0x0000000100000000, 0x0000000100000000)
 Metaspace       used 40923K, capacity 41692K, committed 42264K, reserved 1087488K
  class space    used 4580K, capacity 4796K, committed 4940K, reserved 1048576K
2017-04-24T16:21:13.652+0800: 2163.324: [GC (Allocation Failure) 2017-04-24T16:21:13.652+0800: 2163.325: [ParNew
Desired survivor size 20112992 bytes, new threshold 8 (max 8)
- age   1:    2459184 bytes,    2459184 total
- age   2:     273032 bytes,    2732216 total
- age   3:      75552 bytes,    2807768 total
- age   4:      13896 bytes,    2821664 total
- age   5:      12720 bytes,    2834384 total
- age   6:      35872 bytes,    2870256 total
- age   7:      20584 bytes,    2890840 total
- age   8:      45688 bytes,    2936528 total
: 90370K->3307K(109248K), 0.0105155 secs] 107346K->20369K(502464K), 0.0106845 secs] [Times: user=0.00 sys=0.02, real=0.01 secs] 
Heap after GC invocations=19 (full 2):
 par new generation   total 109248K, used 3307K [0x00000000e0000000, 0x00000000e8000000, 0x00000000e8000000)
  eden space 87424K,   0% used [0x00000000e0000000, 0x00000000e0000000, 0x00000000e5560000)
  from space 21824K,  15% used [0x00000000e6ab0000, 0x00000000e6deae60, 0x00000000e8000000)
  to   space 21824K,   0% used [0x00000000e5560000, 0x00000000e5560000, 0x00000000e6ab0000)
 concurrent mark-sweep generation total 393216K, used 17062K [0x00000000e8000000, 0x0000000100000000, 0x0000000100000000)
 Metaspace       used 40923K, capacity 41692K, committed 42264K, reserved 1087488K
  class space    used 4580K, capacity 4796K, committed 4940K, reserved 1048576K
}
2017-04-24T16:21:13.663+0800: 2163.335: Total time for which application threads were stopped: 0.0111781 seconds, Stopping threads took: 0.0000526 seconds
2017-04-24T16:21:13.664+0800: 2163.336: Total time for which application threads were stopped: 0.0001825 seconds, Stopping threads took: 0.0000468 seconds
2017-04-24T16:21:13.664+0800: 2163.336: Total time for which application threads were stopped: 0.0001119 seconds, Stopping threads took: 0.0000260 seconds
2017-04-24T16:21:13.664+0800: 2163.337: Total time for which application threads were stopped: 0.0001787 seconds, Stopping threads took: 0.0000391 seconds
2017-04-24T16:21:13.665+0800: 2163.337: Total time for which application threads were stopped: 0.0001392 seconds, Stopping threads took: 0.0000449 seconds
2017-04-24T16:21:20.439+0800: 2170.112: Total time for which application threads were stopped: 0.0001783 seconds, Stopping threads took: 0.0000439 seconds
2017-04-24T16:21:20.440+0800: 2170.113: Total time for which application threads were stopped: 0.0000972 seconds, Stopping threads took: 0.0000218 seconds
2017-04-24T16:21:20.754+0800: 2170.426: Total time for which application threads were stopped: 0.0002486 seconds, Stopping threads took: 0.0000558 seconds
2017-04-24T16:21:20.754+0800: 2170.426: Total time for which application threads were stopped: 0.0002155 seconds, Stopping threads took: 0.0000818 seconds
2017-04-24T16:21:20.756+0800: 2170.428: Total time for which application threads were stopped: 0.0002306 seconds, Stopping threads took: 0.0000446 seconds
2017-04-24T16:21:20.756+0800: 2170.428: Total time for which application threads were stopped: 0.0001398 seconds, Stopping threads took: 0.0000266 seconds
2017-04-24T16:21:20.756+0800: 2170.429: Total time for which application threads were stopped: 0.0001296 seconds, Stopping threads took: 0.0000253 seconds
2017-04-24T16:21:20.756+0800: 2170.429: Total time for which application threads were stopped: 0.0001267 seconds, Stopping threads took: 0.0000241 seconds
2017-04-24T16:21:20.756+0800: 2170.429: Total time for which application threads were stopped: 0.0001261 seconds, Stopping threads took: 0.0000247 seconds
2017-04-24T16:21:20.766+0800: 2170.439: Total time for which application threads were stopped: 0.0001979 seconds, Stopping threads took: 0.0000427 seconds
2017-04-24T16:21:30.440+0800: 2180.112: Total time for which application threads were stopped: 0.0001658 seconds, Stopping threads took: 0.0000481 seconds
2017-04-24T16:21:30.441+0800: 2180.113: Total time for which application threads were stopped: 0.0001668 seconds, Stopping threads took: 0.0000382 seconds
2017-04-24T16:21:30.765+0800: 2180.438: Total time for which application threads were stopped: 0.0002367 seconds, Stopping threads took: 0.0000504 seconds
2017-04-24T16:21:30.765+0800: 2180.439: Total time for which application threads were stopped: 0.0002021 seconds, Stopping threads took: 0.0000404 seconds
2017-04-24T16:21:30.766+0800: 2180.439: Total time for which application threads were stopped: 0.0001447 seconds, Stopping threads took: 0.0000266 seconds
2017-04-24T16:21:30.766+0800: 2180.439: Total time for which application threads were stopped: 0.0001658 seconds, Stopping threads took: 0.0000334 seconds
2017-04-24T16:21:30.766+0800: 2180.439: Total time for which application threads were stopped: 0.0001806 seconds, Stopping threads took: 0.0000375 seconds
2017-04-24T16:21:30.776+0800: 2180.449: Total time for which application threads were stopped: 0.0002239 seconds, Stopping threads took: 0.0000449 seconds
2017-04-24T16:21:31.777+0800: 2181.449: Total time for which application threads were stopped: 0.0002120 seconds, Stopping threads took: 0.0000587 seconds
2017-04-24T16:21:40.446+0800: 2190.119: Total time for which application threads were stopped: 0.0001328 seconds, Stopping threads took: 0.0000305 seconds
2017-04-24T16:21:40.447+0800: 2190.120: Total time for which application threads were stopped: 0.0001793 seconds, Stopping threads took: 0.0000208 seconds
2017-04-24T16:21:40.749+0800: 2190.421: Total time for which application threads were stopped: 0.0002495 seconds, Stopping threads took: 0.0000555 seconds
2017-04-24T16:21:40.749+0800: 2190.422: Total time for which application threads were stopped: 0.0002059 seconds, Stopping threads took: 0.0000821 seconds
2017-04-24T16:21:40.751+0800: 2190.424: Total time for which application threads were stopped: 0.0002030 seconds, Stopping threads took: 0.0000423 seconds
2017-04-24T16:21:40.751+0800: 2190.424: Total time for which application threads were stopped: 0.0001267 seconds, Stopping threads took: 0.0000260 seconds
2017-04-24T16:21:40.751+0800: 2190.424: Total time for which application threads were stopped: 0.0001190 seconds, Stopping threads took: 0.0000244 seconds
2017-04-24T16:21:40.751+0800: 2190.424: Total time for which application threads were stopped: 0.0001180 seconds, Stopping threads took: 0.0000244 seconds
2017-04-24T16:21:40.751+0800: 2190.424: Total time for which application threads were stopped: 0.0001164 seconds, Stopping threads took: 0.0000241 seconds
2017-04-24T16:21:40.760+0800: 2190.433: Total time for which application threads were stopped: 0.0004484 seconds, Stopping threads took: 0.0000430 seconds
2017-04-24T16:21:49.305+0800: 2198.978: Total time for which application threads were stopped: 0.0000895 seconds, Stopping threads took: 0.0000231 seconds
2017-04-24T16:21:49.305+0800: 2198.978: Total time for which application threads were stopped: 0.0000603 seconds, Stopping threads took: 0.0000157 seconds
2017-04-24T16:21:49.305+0800: 2198.978: Total time for which application threads were stopped: 0.0000513 seconds, Stopping threads took: 0.0000122 seconds
2017-04-24T16:21:49.305+0800: 2198.978: Total time for which application threads were stopped: 0.0000561 seconds, Stopping threads took: 0.0000122 seconds
2017-04-24T16:21:49.306+0800: 2198.978: Total time for which application threads were stopped: 0.0000516 seconds, Stopping threads took: 0.0000115 seconds
2017-04-24T16:21:49.306+0800: 2198.979: Total time for which application threads were stopped: 0.0000545 seconds, Stopping threads took: 0.0000151 seconds
2017-04-24T16:21:50.306+0800: 2199.979: Total time for which application threads were stopped: 0.0002460 seconds, Stopping threads took: 0.0000587 seconds
2017-04-24T16:21:50.439+0800: 2200.112: Total time for which application threads were stopped: 0.0001325 seconds, Stopping threads took: 0.0000388 seconds
2017-04-24T16:21:50.794+0800: 2200.467: Total time for which application threads were stopped: 0.0001459 seconds, Stopping threads took: 0.0000420 seconds
2017-04-24T16:21:50.794+0800: 2200.467: Total time for which application threads were stopped: 0.0001309 seconds, Stopping threads took: 0.0000520 seconds
2017-04-24T16:21:50.794+0800: 2200.467: Total time for which application threads were stopped: 0.0000943 seconds, Stopping threads took: 0.0000318 seconds
2017-04-24T16:21:50.795+0800: 2200.468: Total time for which application threads were stopped: 0.0000981 seconds, Stopping threads took: 0.0000221 seconds
2017-04-24T16:21:50.795+0800: 2200.468: Total time for which application threads were stopped: 0.0000763 seconds, Stopping threads took: 0.0000237 seconds
2017-04-24T16:21:50.795+0800: 2200.468: Total time for which application threads were stopped: 0.0000908 seconds, Stopping threads took: 0.0000186 seconds
2017-04-24T16:21:50.796+0800: 2200.468: Total time for which application threads were stopped: 0.0000625 seconds, Stopping threads took: 0.0000128 seconds
2017-04-24T16:21:50.796+0800: 2200.469: Total time for which application threads were stopped: 0.0000799 seconds, Stopping threads took: 0.0000257 seconds
2017-04-24T16:22:00.449+0800: 2210.121: Total time for which application threads were stopped: 0.0002919 seconds, Stopping threads took: 0.0000625 seconds
2017-04-24T16:22:00.450+0800: 2210.123: Total time for which application threads were stopped: 0.0002155 seconds, Stopping threads took: 0.0000696 seconds
2017-04-24T16:22:00.962+0800: 2210.634: Total time for which application threads were stopped: 0.0002511 seconds, Stopping threads took: 0.0000590 seconds
2017-04-24T16:22:00.962+0800: 2210.635: Total time for which application threads were stopped: 0.0002611 seconds, Stopping threads took: 0.0000860 seconds
2017-04-24T16:22:00.962+0800: 2210.635: Total time for which application threads were stopped: 0.0002130 seconds, Stopping threads took: 0.0000597 seconds
2017-04-24T16:22:00.964+0800: 2210.636: Total time for which application threads were stopped: 0.0001620 seconds, Stopping threads took: 0.0000292 seconds
2017-04-24T16:22:00.964+0800: 2210.637: Total time for which application threads were stopped: 0.0001344 seconds, Stopping threads took: 0.0000253 seconds
2017-04-24T16:22:00.964+0800: 2210.637: Total time for which application threads were stopped: 0.0001293 seconds, Stopping threads took: 0.0000241 seconds
2017-04-24T16:22:00.964+0800: 2210.637: Total time for which application threads were stopped: 0.0001373 seconds, Stopping threads took: 0.0000269 seconds
2017-04-24T16:22:00.965+0800: 2210.638: Total time for which application threads were stopped: 0.0004494 seconds, Stopping threads took: 0.0000362 seconds
2017-04-24T16:22:04.857+0800: 2214.530: Total time for which application threads were stopped: 0.0000895 seconds, Stopping threads took: 0.0000225 seconds
2017-04-24T16:22:04.857+0800: 2214.530: Total time for which application threads were stopped: 0.0000718 seconds, Stopping threads took: 0.0000212 seconds
2017-04-24T16:22:04.857+0800: 2214.530: Total time for which application threads were stopped: 0.0000504 seconds, Stopping threads took: 0.0000157 seconds
2017-04-24T16:22:04.858+0800: 2214.531: Total time for which application threads were stopped: 0.0000590 seconds, Stopping threads took: 0.0000151 seconds
2017-04-24T16:22:04.858+0800: 2214.531: Total time for which application threads were stopped: 0.0000430 seconds, Stopping threads took: 0.0000099 seconds
2017-04-24T16:22:04.858+0800: 2214.531: Total time for which application threads were stopped: 0.0000465 seconds, Stopping threads took: 0.0000109 seconds
2017-04-24T16:22:05.859+0800: 2215.531: Total time for which application threads were stopped: 0.0002005 seconds, Stopping threads took: 0.0000555 seconds
2017-04-24T16:22:10.418+0800: 2220.091: Total time for which application threads were stopped: 0.0001908 seconds, Stopping threads took: 0.0000212 seconds
2017-04-24T16:22:10.694+0800: 2220.367: Total time for which application threads were stopped: 0.0002553 seconds, Stopping threads took: 0.0000613 seconds
2017-04-24T16:22:10.694+0800: 2220.367: Total time for which application threads were stopped: 0.0001395 seconds, Stopping threads took: 0.0000305 seconds
2017-04-24T16:22:10.695+0800: 2220.368: Total time for which application threads were stopped: 0.0001334 seconds, Stopping threads took: 0.0000311 seconds
2017-04-24T16:22:10.696+0800: 2220.369: Total time for which application threads were stopped: 0.0001350 seconds, Stopping threads took: 0.0000292 seconds
2017-04-24T16:22:20.437+0800: 2230.109: Total time for which application threads were stopped: 0.0001556 seconds, Stopping threads took: 0.0000404 seconds
2017-04-24T16:22:20.438+0800: 2230.110: Total time for which application threads were stopped: 0.0000978 seconds, Stopping threads took: 0.0000202 seconds
2017-04-24T16:22:20.753+0800: 2230.426: Total time for which application threads were stopped: 0.0001309 seconds, Stopping threads took: 0.0000369 seconds
2017-04-24T16:22:20.753+0800: 2230.426: Total time for which application threads were stopped: 0.0000654 seconds, Stopping threads took: 0.0000154 seconds
2017-04-24T16:22:20.753+0800: 2230.426: Total time for which application threads were stopped: 0.0000831 seconds, Stopping threads took: 0.0000356 seconds
2017-04-24T16:22:20.754+0800: 2230.427: Total time for which application threads were stopped: 0.0001530 seconds, Stopping threads took: 0.0000202 seconds
2017-04-24T16:22:20.754+0800: 2230.427: Total time for which application threads were stopped: 0.0000930 seconds, Stopping threads took: 0.0000192 seconds
2017-04-24T16:22:20.754+0800: 2230.427: Total time for which application threads were stopped: 0.0000718 seconds, Stopping threads took: 0.0000148 seconds
2017-04-24T16:22:20.755+0800: 2230.427: Total time for which application threads were stopped: 0.0000844 seconds, Stopping threads took: 0.0000180 seconds
2017-04-24T16:22:20.755+0800: 2230.428: Total time for which application threads were stopped: 0.0000738 seconds, Stopping threads took: 0.0000151 seconds
2017-04-24T16:22:30.448+0800: 2240.121: Total time for which application threads were stopped: 0.0002441 seconds, Stopping threads took: 0.0000670 seconds
2017-04-24T16:22:30.450+0800: 2240.122: Total time for which application threads were stopped: 0.0002450 seconds, Stopping threads took: 0.0000978 seconds
2017-04-24T16:22:30.750+0800: 2240.423: Total time for which application threads were stopped: 0.0002675 seconds, Stopping threads took: 0.0000808 seconds
2017-04-24T16:22:30.752+0800: 2240.425: Total time for which application threads were stopped: 0.0002152 seconds, Stopping threads took: 0.0000478 seconds
2017-04-24T16:22:30.753+0800: 2240.425: Total time for which application threads were stopped: 0.0002050 seconds, Stopping threads took: 0.0000484 seconds
2017-04-24T16:22:30.753+0800: 2240.425: Total time for which application threads were stopped: 0.0001806 seconds, Stopping threads took: 0.0000452 seconds
2017-04-24T16:22:30.753+0800: 2240.426: Total time for which application threads were stopped: 0.0001658 seconds, Stopping threads took: 0.0000401 seconds
2017-04-24T16:22:30.753+0800: 2240.426: Total time for which application threads were stopped: 0.0002078 seconds, Stopping threads took: 0.0000892 seconds
2017-04-24T16:22:40.409+0800: 2250.081: Total time for which application threads were stopped: 0.0004529 seconds, Stopping threads took: 0.0000529 seconds
2017-04-24T16:22:40.445+0800: 2250.117: Total time for which application threads were stopped: 0.0001559 seconds, Stopping threads took: 0.0000446 seconds
2017-04-24T16:22:40.445+0800: 2250.118: Total time for which application threads were stopped: 0.0000985 seconds, Stopping threads took: 0.0000228 seconds
2017-04-24T16:22:40.775+0800: 2250.447: Total time for which application threads were stopped: 0.0003246 seconds, Stopping threads took: 0.0001411 seconds
2017-04-24T16:22:40.775+0800: 2250.448: Total time for which application threads were stopped: 0.0002402 seconds, Stopping threads took: 0.0000641 seconds
2017-04-24T16:22:40.776+0800: 2250.448: Total time for which application threads were stopped: 0.0002040 seconds, Stopping threads took: 0.0000507 seconds
2017-04-24T16:22:40.777+0800: 2250.450: Total time for which application threads were stopped: 0.0001973 seconds, Stopping threads took: 0.0000658 seconds
2017-04-24T16:22:40.778+0800: 2250.450: Total time for which application threads were stopped: 0.0001719 seconds, Stopping threads took: 0.0000471 seconds
2017-04-24T16:22:40.778+0800: 2250.450: Total time for which application threads were stopped: 0.0001485 seconds, Stopping threads took: 0.0000356 seconds
2017-04-24T16:22:40.778+0800: 2250.451: Total time for which application threads were stopped: 0.0001636 seconds, Stopping threads took: 0.0000369 seconds
2017-04-24T16:22:40.778+0800: 2250.451: Total time for which application threads were stopped: 0.0001421 seconds, Stopping threads took: 0.0000359 seconds
2017-04-24T16:22:40.799+0800: 2250.472: Total time for which application threads were stopped: 0.0002787 seconds, Stopping threads took: 0.0000616 seconds
2017-04-24T16:22:50.439+0800: 2260.111: Total time for which application threads were stopped: 0.0001620 seconds, Stopping threads took: 0.0000330 seconds
2017-04-24T16:22:50.440+0800: 2260.112: Total time for which application threads were stopped: 0.0000994 seconds, Stopping threads took: 0.0000215 seconds
2017-04-24T16:22:50.714+0800: 2260.387: Total time for which application threads were stopped: 0.0000988 seconds, Stopping threads took: 0.0000289 seconds
2017-04-24T16:22:50.715+0800: 2260.387: Total time for which application threads were stopped: 0.0000699 seconds, Stopping threads took: 0.0000273 seconds
2017-04-24T16:22:50.715+0800: 2260.387: Total time for which application threads were stopped: 0.0000513 seconds, Stopping threads took: 0.0000180 seconds
2017-04-24T16:22:50.715+0800: 2260.388: Total time for which application threads were stopped: 0.0000423 seconds, Stopping threads took: 0.0000096 seconds
2017-04-24T16:22:50.715+0800: 2260.388: Total time for which application threads were stopped: 0.0000398 seconds, Stopping threads took: 0.0000090 seconds
2017-04-24T16:22:50.715+0800: 2260.388: Total time for which application threads were stopped: 0.0000420 seconds, Stopping threads took: 0.0000090 seconds
2017-04-24T16:22:50.715+0800: 2260.388: Total time for which application threads were stopped: 0.0000327 seconds, Stopping threads took: 0.0000067 seconds
2017-04-24T16:22:50.715+0800: 2260.388: Total time for which application threads were stopped: 0.0000375 seconds, Stopping threads took: 0.0000087 seconds
{Heap before GC invocations=19 (full 2):
 par new generation   total 109248K, used 90731K [0x00000000e0000000, 0x00000000e8000000, 0x00000000e8000000)
  eden space 87424K, 100% used [0x00000000e0000000, 0x00000000e5560000, 0x00000000e5560000)
  from space 21824K,  15% used [0x00000000e6ab0000, 0x00000000e6deae60, 0x00000000e8000000)
  to   space 21824K,   0% used [0x00000000e5560000, 0x00000000e5560000, 0x00000000e6ab0000)
 concurrent mark-sweep generation total 393216K, used 17062K [0x00000000e8000000, 0x0000000100000000, 0x0000000100000000)
 Metaspace       used 40961K, capacity 41692K, committed 42264K, reserved 1087488K
  class space    used 4580K, capacity 4796K, committed 4940K, reserved 1048576K
2017-04-24T16:23:00.414+0800: 2270.087: [GC (Allocation Failure) 2017-04-24T16:23:00.414+0800: 2270.087: [ParNew
Desired survivor size 20112992 bytes, new threshold 8 (max 8)
- age   1:    2529752 bytes,    2529752 total
- age   2:     641208 bytes,    3170960 total
- age   3:      56416 bytes,    3227376 total
- age   4:      19904 bytes,    3247280 total
- age   5:      13624 bytes,    3260904 total
- age   6:      12720 bytes,    3273624 total
- age   7:      35808 bytes,    3309432 total
- age   8:      20584 bytes,    3330016 total
: 90731K->4341K(109248K), 0.0114244 secs] 107793K->21448K(502464K), 0.0116076 secs] [Times: user=0.00 sys=0.00, real=0.01 secs] 
Heap after GC invocations=20 (full 2):
 par new generation   total 109248K, used 4341K [0x00000000e0000000, 0x00000000e8000000, 0x00000000e8000000)
  eden space 87424K,   0% used [0x00000000e0000000, 0x00000000e0000000, 0x00000000e5560000)
  from space 21824K,  19% used [0x00000000e5560000, 0x00000000e599d5b0, 0x00000000e6ab0000)
  to   space 21824K,   0% used [0x00000000e6ab0000, 0x00000000e6ab0000, 0x00000000e8000000)
 concurrent mark-sweep generation total 393216K, used 17106K [0x00000000e8000000, 0x0000000100000000, 0x0000000100000000)
 Metaspace       used 40961K, capacity 41692K, committed 42264K, reserved 1087488K
  class space    used 4580K, capacity 4796K, committed 4940K, reserved 1048576K
}
2017-04-24T16:23:00.426+0800: 2270.099: Total time for which application threads were stopped: 0.0121272 seconds, Stopping threads took: 0.0000523 seconds
2017-04-24T16:23:00.426+0800: 2270.099: Total time for which application threads were stopped: 0.0002861 seconds, Stopping threads took: 0.0000821 seconds
2017-04-24T16:23:00.427+0800: 2270.100: Total time for which application threads were stopped: 0.0002585 seconds, Stopping threads took: 0.0000779 seconds
2017-04-24T16:23:00.427+0800: 2270.100: Total time for which application threads were stopped: 0.0002242 seconds, Stopping threads took: 0.0000866 seconds
2017-04-24T16:23:00.428+0800: 2270.101: Total time for which application threads were stopped: 0.0002620 seconds, Stopping threads took: 0.0001200 seconds
2017-04-24T16:23:00.428+0800: 2270.101: Total time for which application threads were stopped: 0.0002110 seconds, Stopping threads took: 0.0000699 seconds
2017-04-24T16:23:00.429+0800: 2270.102: Total time for which application threads were stopped: 0.0002072 seconds, Stopping threads took: 0.0000638 seconds
2017-04-24T16:23:00.429+0800: 2270.102: Total time for which application threads were stopped: 0.0002143 seconds, Stopping threads took: 0.0000606 seconds
2017-04-24T16:23:00.430+0800: 2270.103: Total time for which application threads were stopped: 0.0001886 seconds, Stopping threads took: 0.0000709 seconds
2017-04-24T16:23:00.430+0800: 2270.103: Total time for which application threads were stopped: 0.0001507 seconds, Stopping threads took: 0.0000478 seconds
2017-04-24T16:23:00.430+0800: 2270.103: Total time for which application threads were stopped: 0.0001344 seconds, Stopping threads took: 0.0000269 seconds
2017-04-24T16:23:00.431+0800: 2270.104: Total time for which application threads were stopped: 0.0001504 seconds, Stopping threads took: 0.0000481 seconds
2017-04-24T16:23:00.431+0800: 2270.104: Total time for which application threads were stopped: 0.0001222 seconds, Stopping threads took: 0.0000266 seconds
2017-04-24T16:23:00.432+0800: 2270.104: Total time for which application threads were stopped: 0.0002216 seconds, Stopping threads took: 0.0000301 seconds
2017-04-24T16:23:00.432+0800: 2270.105: Total time for which application threads were stopped: 0.0002082 seconds, Stopping threads took: 0.0000298 seconds
2017-04-24T16:23:00.432+0800: 2270.105: Total time for which application threads were stopped: 0.0001354 seconds, Stopping threads took: 0.0000292 seconds
2017-04-24T16:23:00.432+0800: 2270.105: Total time for which application threads were stopped: 0.0001334 seconds, Stopping threads took: 0.0000289 seconds
2017-04-24T16:23:00.433+0800: 2270.106: Total time for which application threads were stopped: 0.0002165 seconds, Stopping threads took: 0.0000305 seconds
2017-04-24T16:23:00.433+0800: 2270.106: Total time for which application threads were stopped: 0.0001677 seconds, Stopping threads took: 0.0000346 seconds
2017-04-24T16:23:00.434+0800: 2270.106: Total time for which application threads were stopped: 0.0001684 seconds, Stopping threads took: 0.0000359 seconds
2017-04-24T16:23:00.434+0800: 2270.107: Total time for which application threads were stopped: 0.0002675 seconds, Stopping threads took: 0.0000658 seconds
2017-04-24T16:23:00.435+0800: 2270.107: Total time for which application threads were stopped: 0.0002264 seconds, Stopping threads took: 0.0000375 seconds
2017-04-24T16:23:00.435+0800: 2270.108: Total time for which application threads were stopped: 0.0001411 seconds, Stopping threads took: 0.0000334 seconds
2017-04-24T16:23:00.435+0800: 2270.108: Total time for which application threads were stopped: 0.0001738 seconds, Stopping threads took: 0.0000366 seconds
2017-04-24T16:23:00.458+0800: 2270.131: Total time for which application threads were stopped: 0.0001600 seconds, Stopping threads took: 0.0000516 seconds
2017-04-24T16:23:00.459+0800: 2270.132: Total time for which application threads were stopped: 0.0001459 seconds, Stopping threads took: 0.0000500 seconds
2017-04-24T16:23:00.788+0800: 2270.461: Total time for which application threads were stopped: 0.0002457 seconds, Stopping threads took: 0.0000632 seconds
2017-04-24T16:23:00.788+0800: 2270.461: Total time for which application threads were stopped: 0.0002720 seconds, Stopping threads took: 0.0001097 seconds
2017-04-24T16:23:00.789+0800: 2270.461: Total time for which application threads were stopped: 0.0002460 seconds, Stopping threads took: 0.0001052 seconds
2017-04-24T16:23:00.790+0800: 2270.463: Total time for which application threads were stopped: 0.0001588 seconds, Stopping threads took: 0.0000327 seconds
2017-04-24T16:23:00.790+0800: 2270.463: Total time for which application threads were stopped: 0.0001264 seconds, Stopping threads took: 0.0000257 seconds
2017-04-24T16:23:00.790+0800: 2270.463: Total time for which application threads were stopped: 0.0001203 seconds, Stopping threads took: 0.0000241 seconds
2017-04-24T16:23:00.791+0800: 2270.463: Total time for which application threads were stopped: 0.0001196 seconds, Stopping threads took: 0.0000237 seconds
2017-04-24T16:23:00.791+0800: 2270.464: Total time for which application threads were stopped: 0.0001190 seconds, Stopping threads took: 0.0000237 seconds
2017-04-24T16:23:10.442+0800: 2280.115: Total time for which application threads were stopped: 0.0001171 seconds, Stopping threads took: 0.0000301 seconds
2017-04-24T16:23:10.442+0800: 2280.115: Total time for which application threads were stopped: 0.0000805 seconds, Stopping threads took: 0.0000205 seconds
2017-04-24T16:23:10.772+0800: 2280.444: Total time for which application threads were stopped: 0.0002797 seconds, Stopping threads took: 0.0000837 seconds
2017-04-24T16:23:10.772+0800: 2280.444: Total time for which application threads were stopped: 0.0001953 seconds, Stopping threads took: 0.0000600 seconds
2017-04-24T16:23:10.772+0800: 2280.445: Total time for which application threads were stopped: 0.0001677 seconds, Stopping threads took: 0.0000513 seconds
2017-04-24T16:23:10.775+0800: 2280.447: Total time for which application threads were stopped: 0.0001815 seconds, Stopping threads took: 0.0000465 seconds
2017-04-24T16:23:10.775+0800: 2280.447: Total time for which application threads were stopped: 0.0002287 seconds, Stopping threads took: 0.0000718 seconds
2017-04-24T16:23:10.775+0800: 2280.448: Total time for which application threads were stopped: 0.0001979 seconds, Stopping threads took: 0.0000645 seconds
2017-04-24T16:23:10.776+0800: 2280.448: Total time for which application threads were stopped: 0.0001584 seconds, Stopping threads took: 0.0000513 seconds
2017-04-24T16:23:10.776+0800: 2280.448: Total time for which application threads were stopped: 0.0004445 seconds, Stopping threads took: 0.0000539 seconds
2017-04-24T16:23:20.437+0800: 2290.110: Total time for which application threads were stopped: 0.0001533 seconds, Stopping threads took: 0.0000382 seconds
2017-04-24T16:23:20.438+0800: 2290.111: Total time for which application threads were stopped: 0.0001238 seconds, Stopping threads took: 0.0000330 seconds
2017-04-24T16:23:20.739+0800: 2290.412: Total time for which application threads were stopped: 0.0003166 seconds, Stopping threads took: 0.0001305 seconds
2017-04-24T16:23:20.739+0800: 2290.412: Total time for which application threads were stopped: 0.0002008 seconds, Stopping threads took: 0.0000382 seconds
2017-04-24T16:23:20.739+0800: 2290.412: Total time for which application threads were stopped: 0.0001767 seconds, Stopping threads took: 0.0000468 seconds
2017-04-24T16:23:20.741+0800: 2290.414: Total time for which application threads were stopped: 0.0001540 seconds, Stopping threads took: 0.0000395 seconds
2017-04-24T16:23:20.753+0800: 2290.426: Total time for which application threads were stopped: 0.0002200 seconds, Stopping threads took: 0.0000507 seconds
2017-04-24T16:23:30.443+0800: 2300.117: Total time for which application threads were stopped: 0.0002755 seconds, Stopping threads took: 0.0000757 seconds
2017-04-24T16:23:30.445+0800: 2300.118: Total time for which application threads were stopped: 0.0001482 seconds, Stopping threads took: 0.0000372 seconds
2017-04-24T16:23:30.820+0800: 2300.492: Total time for which application threads were stopped: 0.0002531 seconds, Stopping threads took: 0.0000648 seconds
2017-04-24T16:23:30.820+0800: 2300.493: Total time for which application threads were stopped: 0.0003403 seconds, Stopping threads took: 0.0001825 seconds
2017-04-24T16:23:30.820+0800: 2300.493: Total time for which application threads were stopped: 0.0002011 seconds, Stopping threads took: 0.0000635 seconds
2017-04-24T16:23:30.821+0800: 2300.493: Total time for which application threads were stopped: 0.0001405 seconds, Stopping threads took: 0.0000340 seconds
2017-04-24T16:23:30.821+0800: 2300.494: Total time for which application threads were stopped: 0.0001854 seconds, Stopping threads took: 0.0000545 seconds
2017-04-24T16:23:30.831+0800: 2300.504: Total time for which application threads were stopped: 0.0002268 seconds, Stopping threads took: 0.0000542 seconds
2017-04-24T16:23:31.832+0800: 2301.505: Total time for which application threads were stopped: 0.0002059 seconds, Stopping threads took: 0.0000558 seconds
2017-04-24T16:23:40.444+0800: 2310.117: Total time for which application threads were stopped: 0.0001491 seconds, Stopping threads took: 0.0000417 seconds
2017-04-24T16:23:40.445+0800: 2310.118: Total time for which application threads were stopped: 0.0000972 seconds, Stopping threads took: 0.0000231 seconds
2017-04-24T16:23:40.760+0800: 2310.433: Total time for which application threads were stopped: 0.0002707 seconds, Stopping threads took: 0.0000802 seconds
2017-04-24T16:23:40.760+0800: 2310.433: Total time for which application threads were stopped: 0.0002066 seconds, Stopping threads took: 0.0000481 seconds
2017-04-24T16:23:40.763+0800: 2310.436: Total time for which application threads were stopped: 0.0002082 seconds, Stopping threads took: 0.0000520 seconds
2017-04-24T16:23:40.764+0800: 2310.436: Total time for which application threads were stopped: 0.0001953 seconds, Stopping threads took: 0.0000475 seconds
2017-04-24T16:23:40.764+0800: 2310.437: Total time for which application threads were stopped: 0.0001501 seconds, Stopping threads took: 0.0000369 seconds
2017-04-24T16:23:40.764+0800: 2310.437: Total time for which application threads were stopped: 0.0001325 seconds, Stopping threads took: 0.0000305 seconds
2017-04-24T16:23:40.764+0800: 2310.437: Total time for which application threads were stopped: 0.0001751 seconds, Stopping threads took: 0.0000436 seconds
2017-04-24T16:23:40.773+0800: 2310.446: Total time for which application threads were stopped: 0.0002075 seconds, Stopping threads took: 0.0000446 seconds
2017-04-24T16:23:41.773+0800: 2311.446: Total time for which application threads were stopped: 0.0001966 seconds, Stopping threads took: 0.0000552 seconds
2017-04-24T16:23:50.761+0800: 2320.434: Total time for which application threads were stopped: 0.0003082 seconds, Stopping threads took: 0.0000587 seconds
2017-04-24T16:23:50.761+0800: 2320.434: Total time for which application threads were stopped: 0.0002107 seconds, Stopping threads took: 0.0000516 seconds
2017-04-24T16:23:50.763+0800: 2320.436: Total time for which application threads were stopped: 0.0002450 seconds, Stopping threads took: 0.0000372 seconds
2017-04-24T16:23:50.763+0800: 2320.436: Total time for which application threads were stopped: 0.0002345 seconds, Stopping threads took: 0.0000362 seconds
2017-04-24T16:23:50.763+0800: 2320.436: Total time for which application threads were stopped: 0.0001896 seconds, Stopping threads took: 0.0000282 seconds
2017-04-24T16:23:50.764+0800: 2320.437: Total time for which application threads were stopped: 0.0001764 seconds, Stopping threads took: 0.0000244 seconds
2017-04-24T16:23:50.764+0800: 2320.437: Total time for which application threads were stopped: 0.0001764 seconds, Stopping threads took: 0.0000250 seconds
2017-04-24T16:23:50.773+0800: 2320.446: Total time for which application threads were stopped: 0.0002345 seconds, Stopping threads took: 0.0000488 seconds
2017-04-24T16:24:00.446+0800: 2330.119: Total time for which application threads were stopped: 0.0002553 seconds, Stopping threads took: 0.0000581 seconds
2017-04-24T16:24:00.447+0800: 2330.121: Total time for which application threads were stopped: 0.0001469 seconds, Stopping threads took: 0.0000276 seconds
2017-04-24T16:24:00.784+0800: 2330.457: Total time for which application threads were stopped: 0.0002582 seconds, Stopping threads took: 0.0000616 seconds
2017-04-24T16:24:00.785+0800: 2330.457: Total time for which application threads were stopped: 0.0001729 seconds, Stopping threads took: 0.0000507 seconds
2017-04-24T16:24:00.786+0800: 2330.459: Total time for which application threads were stopped: 0.0002271 seconds, Stopping threads took: 0.0000520 seconds
2017-04-24T16:24:00.787+0800: 2330.459: Total time for which application threads were stopped: 0.0001857 seconds, Stopping threads took: 0.0000407 seconds
2017-04-24T16:24:00.787+0800: 2330.460: Total time for which application threads were stopped: 0.0001851 seconds, Stopping threads took: 0.0000391 seconds
2017-04-24T16:24:00.787+0800: 2330.460: Total time for which application threads were stopped: 0.0001649 seconds, Stopping threads took: 0.0000366 seconds
2017-04-24T16:24:00.787+0800: 2330.460: Total time for which application threads were stopped: 0.0001617 seconds, Stopping threads took: 0.0000369 seconds
2017-04-24T16:24:00.798+0800: 2330.471: Total time for which application threads were stopped: 0.0002412 seconds, Stopping threads took: 0.0000513 seconds
2017-04-24T16:24:10.443+0800: 2340.115: Total time for which application threads were stopped: 0.0001347 seconds, Stopping threads took: 0.0000327 seconds
2017-04-24T16:24:10.443+0800: 2340.116: Total time for which application threads were stopped: 0.0000635 seconds, Stopping threads took: 0.0000132 seconds
2017-04-24T16:24:10.783+0800: 2340.455: Total time for which application threads were stopped: 0.0002611 seconds, Stopping threads took: 0.0000670 seconds
2017-04-24T16:24:10.783+0800: 2340.456: Total time for which application threads were stopped: 0.0002858 seconds, Stopping threads took: 0.0001078 seconds
2017-04-24T16:24:10.785+0800: 2340.458: Total time for which application threads were stopped: 0.0004561 seconds, Stopping threads took: 0.0000475 seconds
2017-04-24T16:24:10.785+0800: 2340.458: Total time for which application threads were stopped: 0.0001453 seconds, Stopping threads took: 0.0000350 seconds
2017-04-24T16:24:10.785+0800: 2340.458: Total time for which application threads were stopped: 0.0001806 seconds, Stopping threads took: 0.0000459 seconds
2017-04-24T16:24:10.786+0800: 2340.458: Total time for which application threads were stopped: 0.0001950 seconds, Stopping threads took: 0.0000552 seconds
2017-04-24T16:24:10.786+0800: 2340.459: Total time for which application threads were stopped: 0.0001463 seconds, Stopping threads took: 0.0000388 seconds
2017-04-24T16:24:10.796+0800: 2340.469: Total time for which application threads were stopped: 0.0002175 seconds, Stopping threads took: 0.0000481 seconds
2017-04-24T16:24:20.438+0800: 2350.111: Total time for which application threads were stopped: 0.0001610 seconds, Stopping threads took: 0.0000359 seconds
2017-04-24T16:24:20.439+0800: 2350.112: Total time for which application threads were stopped: 0.0000767 seconds, Stopping threads took: 0.0000148 seconds
2017-04-24T16:24:20.792+0800: 2350.465: Total time for which application threads were stopped: 0.0003490 seconds, Stopping threads took: 0.0000603 seconds
2017-04-24T16:24:20.792+0800: 2350.465: Total time for which application threads were stopped: 0.0002194 seconds, Stopping threads took: 0.0000500 seconds
2017-04-24T16:24:20.792+0800: 2350.465: Total time for which application threads were stopped: 0.0001950 seconds, Stopping threads took: 0.0000452 seconds
2017-04-24T16:24:20.793+0800: 2350.466: Total time for which application threads were stopped: 0.0004500 seconds, Stopping threads took: 0.0000398 seconds
2017-04-24T16:24:20.804+0800: 2350.477: Total time for which application threads were stopped: 0.0002066 seconds, Stopping threads took: 0.0000446 seconds
2017-04-24T16:24:30.441+0800: 2360.114: Total time for which application threads were stopped: 0.0002582 seconds, Stopping threads took: 0.0000670 seconds
2017-04-24T16:24:30.443+0800: 2360.116: Total time for which application threads were stopped: 0.0002014 seconds, Stopping threads took: 0.0000417 seconds
2017-04-24T16:24:30.766+0800: 2360.439: Total time for which application threads were stopped: 0.0002399 seconds, Stopping threads took: 0.0000568 seconds
2017-04-24T16:24:30.766+0800: 2360.439: Total time for which application threads were stopped: 0.0001427 seconds, Stopping threads took: 0.0000334 seconds
2017-04-24T16:24:30.768+0800: 2360.440: Total time for which application threads were stopped: 0.0001969 seconds, Stopping threads took: 0.0000420 seconds
2017-04-24T16:24:30.777+0800: 2360.450: Total time for which application threads were stopped: 0.0002046 seconds, Stopping threads took: 0.0000433 seconds
{Heap before GC invocations=20 (full 2):
 par new generation   total 109248K, used 91765K [0x00000000e0000000, 0x00000000e8000000, 0x00000000e8000000)
  eden space 87424K, 100% used [0x00000000e0000000, 0x00000000e5560000, 0x00000000e5560000)
  from space 21824K,  19% used [0x00000000e5560000, 0x00000000e599d5b0, 0x00000000e6ab0000)
  to   space 21824K,   0% used [0x00000000e6ab0000, 0x00000000e6ab0000, 0x00000000e8000000)
 concurrent mark-sweep generation total 393216K, used 17106K [0x00000000e8000000, 0x0000000100000000, 0x0000000100000000)
 Metaspace       used 41042K, capacity 41820K, committed 42264K, reserved 1087488K
  class space    used 4580K, capacity 4796K, committed 4940K, reserved 1048576K
2017-04-24T16:24:40.421+0800: 2370.094: [GC (Allocation Failure) 2017-04-24T16:24:40.421+0800: 2370.094: [ParNew
Desired survivor size 20112992 bytes, new threshold 8 (max 8)
- age   1:    2563512 bytes,    2563512 total
- age   2:     550536 bytes,    3114048 total
- age   3:      80896 bytes,    3194944 total
- age   4:       5824 bytes,    3200768 total
- age   5:      19208 bytes,    3219976 total
- age   6:      13624 bytes,    3233600 total
- age   7:      12720 bytes,    3246320 total
- age   8:      35808 bytes,    3282128 total
: 91765K->4004K(109248K), 0.0112827 secs] 108872K->21131K(502464K), 0.0114767 secs] [Times: user=0.02 sys=0.00, real=0.01 secs] 
Heap after GC invocations=21 (full 2):
 par new generation   total 109248K, used 4004K [0x00000000e0000000, 0x00000000e8000000, 0x00000000e8000000)
  eden space 87424K,   0% used [0x00000000e0000000, 0x00000000e0000000, 0x00000000e5560000)
  from space 21824K,  18% used [0x00000000e6ab0000, 0x00000000e6e99360, 0x00000000e8000000)
  to   space 21824K,   0% used [0x00000000e5560000, 0x00000000e5560000, 0x00000000e6ab0000)
 concurrent mark-sweep generation total 393216K, used 17126K [0x00000000e8000000, 0x0000000100000000, 0x0000000100000000)
 Metaspace       used 41042K, capacity 41820K, committed 42264K, reserved 1087488K
  class space    used 4580K, capacity 4796K, committed 4940K, reserved 1048576K
}
2017-04-24T16:24:40.433+0800: 2370.106: Total time for which application threads were stopped: 0.0120249 seconds, Stopping threads took: 0.0000526 seconds
2017-04-24T16:24:40.433+0800: 2370.106: Total time for which application threads were stopped: 0.0002460 seconds, Stopping threads took: 0.0000709 seconds
2017-04-24T16:24:40.434+0800: 2370.106: Total time for which application threads were stopped: 0.0002046 seconds, Stopping threads took: 0.0000686 seconds
2017-04-24T16:24:40.434+0800: 2370.107: Total time for which application threads were stopped: 0.0003573 seconds, Stopping threads took: 0.0000731 seconds
2017-04-24T16:24:40.435+0800: 2370.107: Total time for which application threads were stopped: 0.0002486 seconds, Stopping threads took: 0.0000542 seconds
2017-04-24T16:24:40.435+0800: 2370.108: Total time for which application threads were stopped: 0.0002082 seconds, Stopping threads took: 0.0000427 seconds
2017-04-24T16:24:40.436+0800: 2370.108: Total time for which application threads were stopped: 0.0002418 seconds, Stopping threads took: 0.0000933 seconds
2017-04-24T16:24:40.436+0800: 2370.109: Total time for which application threads were stopped: 0.0002393 seconds, Stopping threads took: 0.0000930 seconds
2017-04-24T16:24:40.437+0800: 2370.109: Total time for which application threads were stopped: 0.0002537 seconds, Stopping threads took: 0.0001055 seconds
2017-04-24T16:24:40.437+0800: 2370.110: Total time for which application threads were stopped: 0.0002287 seconds, Stopping threads took: 0.0000943 seconds
2017-04-24T16:24:40.437+0800: 2370.110: Total time for which application threads were stopped: 0.0001783 seconds, Stopping threads took: 0.0000494 seconds
2017-04-24T16:24:40.438+0800: 2370.110: Total time for which application threads were stopped: 0.0001719 seconds, Stopping threads took: 0.0000526 seconds
2017-04-24T16:24:40.438+0800: 2370.111: Total time for which application threads were stopped: 0.0002505 seconds, Stopping threads took: 0.0000978 seconds
2017-04-24T16:24:40.439+0800: 2370.111: Total time for which application threads were stopped: 0.0002017 seconds, Stopping threads took: 0.0000706 seconds
2017-04-24T16:24:40.439+0800: 2370.111: Total time for which application threads were stopped: 0.0001976 seconds, Stopping threads took: 0.0000629 seconds
2017-04-24T16:24:40.439+0800: 2370.112: Total time for which application threads were stopped: 0.0001633 seconds, Stopping threads took: 0.0000285 seconds
2017-04-24T16:24:40.440+0800: 2370.112: Total time for which application threads were stopped: 0.0001995 seconds, Stopping threads took: 0.0000693 seconds
2017-04-24T16:24:40.440+0800: 2370.113: Total time for which application threads were stopped: 0.0004901 seconds, Stopping threads took: 0.0000651 seconds
2017-04-24T16:24:40.441+0800: 2370.113: Total time for which application threads were stopped: 0.0002964 seconds, Stopping threads took: 0.0000282 seconds
2017-04-24T16:24:40.452+0800: 2370.125: Total time for which application threads were stopped: 0.0001479 seconds, Stopping threads took: 0.0000327 seconds
2017-04-24T16:24:40.453+0800: 2370.126: Total time for which application threads were stopped: 0.0001033 seconds, Stopping threads took: 0.0000186 seconds
2017-04-24T16:24:40.761+0800: 2370.433: Total time for which application threads were stopped: 0.0005459 seconds, Stopping threads took: 0.0000510 seconds
2017-04-24T16:24:40.761+0800: 2370.434: Total time for which application threads were stopped: 0.0003791 seconds, Stopping threads took: 0.0000346 seconds
2017-04-24T16:24:40.763+0800: 2370.436: Total time for which application threads were stopped: 0.0002082 seconds, Stopping threads took: 0.0000436 seconds
2017-04-24T16:24:40.763+0800: 2370.436: Total time for which application threads were stopped: 0.0001421 seconds, Stopping threads took: 0.0000263 seconds
2017-04-24T16:24:40.764+0800: 2370.436: Total time for which application threads were stopped: 0.0001354 seconds, Stopping threads took: 0.0000247 seconds
2017-04-24T16:24:40.764+0800: 2370.436: Total time for which application threads were stopped: 0.0001299 seconds, Stopping threads took: 0.0000241 seconds
2017-04-24T16:24:40.764+0800: 2370.436: Total time for which application threads were stopped: 0.0001283 seconds, Stopping threads took: 0.0000234 seconds
2017-04-24T16:24:40.774+0800: 2370.446: Total time for which application threads were stopped: 0.0002393 seconds, Stopping threads took: 0.0000513 seconds
2017-04-24T16:24:41.774+0800: 2371.446: Total time for which application threads were stopped: 0.0001998 seconds, Stopping threads took: 0.0000545 seconds
2017-04-24T16:24:50.439+0800: 2380.112: Total time for which application threads were stopped: 0.0001684 seconds, Stopping threads took: 0.0000372 seconds
2017-04-24T16:24:50.440+0800: 2380.113: Total time for which application threads were stopped: 0.0000824 seconds, Stopping threads took: 0.0000164 seconds
2017-04-24T16:24:50.755+0800: 2380.428: Total time for which application threads were stopped: 0.0002774 seconds, Stopping threads took: 0.0000844 seconds
2017-04-24T16:24:50.755+0800: 2380.428: Total time for which application threads were stopped: 0.0001745 seconds, Stopping threads took: 0.0000619 seconds
2017-04-24T16:24:50.755+0800: 2380.428: Total time for which application threads were stopped: 0.0001831 seconds, Stopping threads took: 0.0000263 seconds
2017-04-24T16:24:50.756+0800: 2380.428: Total time for which application threads were stopped: 0.0001533 seconds, Stopping threads took: 0.0000250 seconds
2017-04-24T16:24:50.756+0800: 2380.429: Total time for which application threads were stopped: 0.0001238 seconds, Stopping threads took: 0.0000247 seconds
2017-04-24T16:24:50.765+0800: 2380.438: Total time for which application threads were stopped: 0.0002143 seconds, Stopping threads took: 0.0000459 seconds
2017-04-24T16:25:00.443+0800: 2390.116: Total time for which application threads were stopped: 0.0002470 seconds, Stopping threads took: 0.0000831 seconds
2017-04-24T16:25:00.444+0800: 2390.118: Total time for which application threads were stopped: 0.0002242 seconds, Stopping threads took: 0.0000603 seconds
2017-04-24T16:25:00.732+0800: 2390.404: Total time for which application threads were stopped: 0.0002781 seconds, Stopping threads took: 0.0000532 seconds
2017-04-24T16:25:00.732+0800: 2390.405: Total time for which application threads were stopped: 0.0002133 seconds, Stopping threads took: 0.0000433 seconds
2017-04-24T16:25:00.733+0800: 2390.405: Total time for which application threads were stopped: 0.0001469 seconds, Stopping threads took: 0.0000273 seconds
2017-04-24T16:25:00.733+0800: 2390.405: Total time for which application threads were stopped: 0.0001325 seconds, Stopping threads took: 0.0000241 seconds
2017-04-24T16:25:00.733+0800: 2390.405: Total time for which application threads were stopped: 0.0001299 seconds, Stopping threads took: 0.0000241 seconds
2017-04-24T16:25:00.742+0800: 2390.415: Total time for which application threads were stopped: 0.0002345 seconds, Stopping threads took: 0.0000497 seconds
2017-04-24T16:25:10.443+0800: 2400.115: Total time for which application threads were stopped: 0.0001562 seconds, Stopping threads took: 0.0000359 seconds
2017-04-24T16:25:10.443+0800: 2400.116: Total time for which application threads were stopped: 0.0001200 seconds, Stopping threads took: 0.0000250 seconds
2017-04-24T16:25:10.758+0800: 2400.431: Total time for which application threads were stopped: 0.0002742 seconds, Stopping threads took: 0.0000645 seconds
2017-04-24T16:25:10.758+0800: 2400.431: Total time for which application threads were stopped: 0.0002146 seconds, Stopping threads took: 0.0000427 seconds
2017-04-24T16:25:10.758+0800: 2400.431: Total time for which application threads were stopped: 0.0001687 seconds, Stopping threads took: 0.0000513 seconds
2017-04-24T16:25:10.759+0800: 2400.432: Total time for which application threads were stopped: 0.0002444 seconds, Stopping threads took: 0.0001209 seconds
2017-04-24T16:25:10.759+0800: 2400.432: Total time for which application threads were stopped: 0.0001610 seconds, Stopping threads took: 0.0000478 seconds
2017-04-24T16:25:10.770+0800: 2400.443: Total time for which application threads were stopped: 0.0005456 seconds, Stopping threads took: 0.0000773 seconds
2017-04-24T16:25:20.446+0800: 2410.119: Total time for which application threads were stopped: 0.0002697 seconds, Stopping threads took: 0.0000545 seconds
2017-04-24T16:25:20.448+0800: 2410.120: Total time for which application threads were stopped: 0.0002441 seconds, Stopping threads took: 0.0000754 seconds
2017-04-24T16:25:20.809+0800: 2410.482: Total time for which application threads were stopped: 0.0002871 seconds, Stopping threads took: 0.0000872 seconds
2017-04-24T16:25:20.811+0800: 2410.484: Total time for which application threads were stopped: 0.0002171 seconds, Stopping threads took: 0.0000468 seconds
2017-04-24T16:25:20.812+0800: 2410.484: Total time for which application threads were stopped: 0.0002066 seconds, Stopping threads took: 0.0000433 seconds
2017-04-24T16:25:20.812+0800: 2410.484: Total time for which application threads were stopped: 0.0001408 seconds, Stopping threads took: 0.0000266 seconds
2017-04-24T16:25:20.812+0800: 2410.485: Total time for which application threads were stopped: 0.0001286 seconds, Stopping threads took: 0.0000247 seconds
2017-04-24T16:25:20.812+0800: 2410.485: Total time for which application threads were stopped: 0.0001235 seconds, Stopping threads took: 0.0000237 seconds
2017-04-24T16:25:21.812+0800: 2411.485: Total time for which application threads were stopped: 0.0002008 seconds, Stopping threads took: 0.0000555 seconds
2017-04-24T16:25:30.459+0800: 2420.132: Total time for which application threads were stopped: 0.0001456 seconds, Stopping threads took: 0.0000330 seconds
2017-04-24T16:25:30.460+0800: 2420.133: Total time for which application threads were stopped: 0.0000972 seconds, Stopping threads took: 0.0000189 seconds
2017-04-24T16:25:30.781+0800: 2420.454: Total time for which application threads were stopped: 0.0001517 seconds, Stopping threads took: 0.0000337 seconds
2017-04-24T16:25:30.782+0800: 2420.455: Total time for which application threads were stopped: 0.0001286 seconds, Stopping threads took: 0.0000285 seconds
2017-04-24T16:25:30.782+0800: 2420.455: Total time for which application threads were stopped: 0.0000994 seconds, Stopping threads took: 0.0000228 seconds
2017-04-24T16:25:30.782+0800: 2420.455: Total time for which application threads were stopped: 0.0000924 seconds, Stopping threads took: 0.0000208 seconds
2017-04-24T16:25:30.782+0800: 2420.455: Total time for which application threads were stopped: 0.0000693 seconds, Stopping threads took: 0.0000141 seconds
2017-04-24T16:25:30.782+0800: 2420.456: Total time for which application threads were stopped: 0.0002447 seconds, Stopping threads took: 0.0000164 seconds
2017-04-24T16:25:40.793+0800: 2430.466: Total time for which application threads were stopped: 0.0002466 seconds, Stopping threads took: 0.0000443 seconds
2017-04-24T16:25:50.440+0800: 2440.112: Total time for which application threads were stopped: 0.0001430 seconds, Stopping threads took: 0.0000318 seconds
2017-04-24T16:25:50.441+0800: 2440.113: Total time for which application threads were stopped: 0.0002685 seconds, Stopping threads took: 0.0000215 seconds
2017-04-24T16:25:50.780+0800: 2440.453: Total time for which application threads were stopped: 0.0002790 seconds, Stopping threads took: 0.0000994 seconds
2017-04-24T16:25:50.782+0800: 2440.454: Total time for which application threads were stopped: 0.0002011 seconds, Stopping threads took: 0.0000436 seconds
2017-04-24T16:25:50.782+0800: 2440.455: Total time for which application threads were stopped: 0.0001700 seconds, Stopping threads took: 0.0000375 seconds
2017-04-24T16:25:50.782+0800: 2440.455: Total time for which application threads were stopped: 0.0001321 seconds, Stopping threads took: 0.0000266 seconds
2017-04-24T16:25:50.782+0800: 2440.455: Total time for which application threads were stopped: 0.0001232 seconds, Stopping threads took: 0.0000247 seconds
2017-04-24T16:25:50.783+0800: 2440.455: Total time for which application threads were stopped: 0.0001257 seconds, Stopping threads took: 0.0000241 seconds
2017-04-24T16:26:00.447+0800: 2450.120: Total time for which application threads were stopped: 0.0002710 seconds, Stopping threads took: 0.0000539 seconds
2017-04-24T16:26:00.448+0800: 2450.122: Total time for which application threads were stopped: 0.0001719 seconds, Stopping threads took: 0.0000343 seconds
2017-04-24T16:26:00.741+0800: 2450.414: Total time for which application threads were stopped: 0.0002441 seconds, Stopping threads took: 0.0000609 seconds
2017-04-24T16:26:00.743+0800: 2450.416: Total time for which application threads were stopped: 0.0002223 seconds, Stopping threads took: 0.0000478 seconds
2017-04-24T16:26:00.743+0800: 2450.416: Total time for which application threads were stopped: 0.0002104 seconds, Stopping threads took: 0.0000455 seconds
2017-04-24T16:26:00.743+0800: 2450.416: Total time for which application threads were stopped: 0.0001867 seconds, Stopping threads took: 0.0000407 seconds
2017-04-24T16:26:00.744+0800: 2450.417: Total time for which application threads were stopped: 0.0002069 seconds, Stopping threads took: 0.0000616 seconds
2017-04-24T16:26:00.744+0800: 2450.417: Total time for which application threads were stopped: 0.0001315 seconds, Stopping threads took: 0.0000266 seconds
2017-04-24T16:26:10.419+0800: 2460.092: Total time for which application threads were stopped: 0.0001793 seconds, Stopping threads took: 0.0000292 seconds
2017-04-24T16:26:10.419+0800: 2460.092: Total time for which application threads were stopped: 0.0000593 seconds, Stopping threads took: 0.0000141 seconds
2017-04-24T16:26:10.729+0800: 2460.402: Total time for which application threads were stopped: 0.0000892 seconds, Stopping threads took: 0.0000199 seconds
2017-04-24T16:26:10.729+0800: 2460.402: Total time for which application threads were stopped: 0.0000731 seconds, Stopping threads took: 0.0000154 seconds
2017-04-24T16:26:10.729+0800: 2460.402: Total time for which application threads were stopped: 0.0000494 seconds, Stopping threads took: 0.0000112 seconds
2017-04-24T16:26:10.729+0800: 2460.402: Total time for which application threads were stopped: 0.0000343 seconds, Stopping threads took: 0.0000077 seconds
2017-04-24T16:26:10.729+0800: 2460.403: Total time for which application threads were stopped: 0.0000356 seconds, Stopping threads took: 0.0000077 seconds
2017-04-24T16:26:10.729+0800: 2460.403: Total time for which application threads were stopped: 0.0000372 seconds, Stopping threads took: 0.0000080 seconds
2017-04-24T16:26:20.408+0800: 2470.080: Total time for which application threads were stopped: 0.0004705 seconds, Stopping threads took: 0.0000529 seconds
{Heap before GC invocations=21 (full 2):
 par new generation   total 109248K, used 91428K [0x00000000e0000000, 0x00000000e8000000, 0x00000000e8000000)
  eden space 87424K, 100% used [0x00000000e0000000, 0x00000000e5560000, 0x00000000e5560000)
  from space 21824K,  18% used [0x00000000e6ab0000, 0x00000000e6e99360, 0x00000000e8000000)
  to   space 21824K,   0% used [0x00000000e5560000, 0x00000000e5560000, 0x00000000e6ab0000)
 concurrent mark-sweep generation total 393216K, used 17126K [0x00000000e8000000, 0x0000000100000000, 0x0000000100000000)
 Metaspace       used 41062K, capacity 41820K, committed 42264K, reserved 1087488K
  class space    used 4580K, capacity 4796K, committed 4940K, reserved 1048576K
2017-04-24T16:26:20.423+0800: 2470.096: [GC (Allocation Failure) 2017-04-24T16:26:20.423+0800: 2470.096: [ParNew
Desired survivor size 20112992 bytes, new threshold 8 (max 8)
- age   1:    2484496 bytes,    2484496 total
- age   2:     634856 bytes,    3119352 total
- age   3:      29608 bytes,    3148960 total
- age   4:      25208 bytes,    3174168 total
- age   5:       5096 bytes,    3179264 total
- age   6:      19208 bytes,    3198472 total
- age   7:      13624 bytes,    3212096 total
- age   8:      12720 bytes,    3224816 total
: 91428K->4599K(109248K), 0.0100895 secs] 108555K->21761K(502464K), 0.0102002 secs] [Times: user=0.06 sys=0.00, real=0.01 secs] 
Heap after GC invocations=22 (full 2):
 par new generation   total 109248K, used 4599K [0x00000000e0000000, 0x00000000e8000000, 0x00000000e8000000)
  eden space 87424K,   0% used [0x00000000e0000000, 0x00000000e0000000, 0x00000000e5560000)
  from space 21824K,  21% used [0x00000000e5560000, 0x00000000e59dded8, 0x00000000e6ab0000)
  to   space 21824K,   0% used [0x00000000e6ab0000, 0x00000000e6ab0000, 0x00000000e8000000)
 concurrent mark-sweep generation total 393216K, used 17161K [0x00000000e8000000, 0x0000000100000000, 0x0000000100000000)
 Metaspace       used 41062K, capacity 41820K, committed 42264K, reserved 1087488K
  class space    used 4580K, capacity 4796K, committed 4940K, reserved 1048576K
}
2017-04-24T16:26:20.433+0800: 2470.106: Total time for which application threads were stopped: 0.0108404 seconds, Stopping threads took: 0.0000606 seconds
2017-04-24T16:26:20.435+0800: 2470.107: Total time for which application threads were stopped: 0.0001366 seconds, Stopping threads took: 0.0000285 seconds
2017-04-24T16:26:20.802+0800: 2470.474: Total time for which application threads were stopped: 0.0003021 seconds, Stopping threads took: 0.0000516 seconds
2017-04-24T16:26:20.802+0800: 2470.475: Total time for which application threads were stopped: 0.0002871 seconds, Stopping threads took: 0.0000455 seconds
2017-04-24T16:26:20.803+0800: 2470.475: Total time for which application threads were stopped: 0.0001998 seconds, Stopping threads took: 0.0000391 seconds
2017-04-24T16:26:20.803+0800: 2470.475: Total time for which application threads were stopped: 0.0001783 seconds, Stopping threads took: 0.0000253 seconds
2017-04-24T16:26:20.803+0800: 2470.476: Total time for which application threads were stopped: 0.0001799 seconds, Stopping threads took: 0.0000282 seconds
2017-04-24T16:26:21.803+0800: 2471.476: Total time for which application threads were stopped: 0.0001908 seconds, Stopping threads took: 0.0000520 seconds
2017-04-24T16:26:30.444+0800: 2480.117: Total time for which application threads were stopped: 0.0002438 seconds, Stopping threads took: 0.0000641 seconds
2017-04-24T16:26:30.446+0800: 2480.119: Total time for which application threads were stopped: 0.0002213 seconds, Stopping threads took: 0.0000558 seconds
2017-04-24T16:26:30.776+0800: 2480.449: Total time for which application threads were stopped: 0.0001761 seconds, Stopping threads took: 0.0000568 seconds
2017-04-24T16:26:30.777+0800: 2480.449: Total time for which application threads were stopped: 0.0001588 seconds, Stopping threads took: 0.0000398 seconds
2017-04-24T16:26:30.777+0800: 2480.449: Total time for which application threads were stopped: 0.0001206 seconds, Stopping threads took: 0.0000433 seconds
2017-04-24T16:26:30.778+0800: 2480.450: Total time for which application threads were stopped: 0.0000946 seconds, Stopping threads took: 0.0000237 seconds
2017-04-24T16:26:30.778+0800: 2480.450: Total time for which application threads were stopped: 0.0000847 seconds, Stopping threads took: 0.0000189 seconds
2017-04-24T16:26:30.778+0800: 2480.450: Total time for which application threads were stopped: 0.0001273 seconds, Stopping threads took: 0.0000420 seconds
2017-04-24T16:26:30.778+0800: 2480.450: Total time for which application threads were stopped: 0.0001196 seconds, Stopping threads took: 0.0000449 seconds
2017-04-24T16:26:30.778+0800: 2480.451: Total time for which application threads were stopped: 0.0000975 seconds, Stopping threads took: 0.0000337 seconds
2017-04-24T16:26:31.779+0800: 2481.451: Total time for which application threads were stopped: 0.0000991 seconds, Stopping threads took: 0.0000266 seconds
2017-04-24T16:26:40.448+0800: 2490.121: Total time for which application threads were stopped: 0.0001533 seconds, Stopping threads took: 0.0000305 seconds
2017-04-24T16:26:40.448+0800: 2490.121: Total time for which application threads were stopped: 0.0000930 seconds, Stopping threads took: 0.0000189 seconds
2017-04-24T16:26:40.744+0800: 2490.417: Total time for which application threads were stopped: 0.0002646 seconds, Stopping threads took: 0.0000802 seconds
2017-04-24T16:26:40.744+0800: 2490.418: Total time for which application threads were stopped: 0.0001742 seconds, Stopping threads took: 0.0000568 seconds
2017-04-24T16:26:40.745+0800: 2490.418: Total time for which application threads were stopped: 0.0002162 seconds, Stopping threads took: 0.0000545 seconds
2017-04-24T16:26:40.746+0800: 2490.419: Total time for which application threads were stopped: 0.0002203 seconds, Stopping threads took: 0.0000728 seconds
2017-04-24T16:26:40.746+0800: 2490.420: Total time for which application threads were stopped: 0.0001700 seconds, Stopping threads took: 0.0000539 seconds
2017-04-24T16:26:40.747+0800: 2490.420: Total time for which application threads were stopped: 0.0001838 seconds, Stopping threads took: 0.0000439 seconds
2017-04-24T16:26:40.747+0800: 2490.420: Total time for which application threads were stopped: 0.0001706 seconds, Stopping threads took: 0.0000520 seconds
2017-04-24T16:26:40.747+0800: 2490.421: Total time for which application threads were stopped: 0.0004407 seconds, Stopping threads took: 0.0000526 seconds
2017-04-24T16:26:41.748+0800: 2491.420: Total time for which application threads were stopped: 0.0002101 seconds, Stopping threads took: 0.0000561 seconds
2017-04-24T16:26:50.438+0800: 2500.110: Total time for which application threads were stopped: 0.0001575 seconds, Stopping threads took: 0.0000439 seconds
2017-04-24T16:26:50.439+0800: 2500.111: Total time for which application threads were stopped: 0.0000879 seconds, Stopping threads took: 0.0000205 seconds
2017-04-24T16:26:50.722+0800: 2500.395: Total time for which application threads were stopped: 0.0002806 seconds, Stopping threads took: 0.0000587 seconds
2017-04-24T16:26:50.722+0800: 2500.395: Total time for which application threads were stopped: 0.0002043 seconds, Stopping threads took: 0.0000465 seconds
2017-04-24T16:26:50.723+0800: 2500.396: Total time for which application threads were stopped: 0.0002373 seconds, Stopping threads took: 0.0001094 seconds
2017-04-24T16:26:50.724+0800: 2500.397: Total time for which application threads were stopped: 0.0001876 seconds, Stopping threads took: 0.0000385 seconds
2017-04-24T16:26:50.735+0800: 2500.408: Total time for which application threads were stopped: 0.0002996 seconds, Stopping threads took: 0.0000879 seconds
2017-04-24T16:26:51.736+0800: 2501.408: Total time for which application threads were stopped: 0.0001992 seconds, Stopping threads took: 0.0000574 seconds
2017-04-24T16:27:00.444+0800: 2510.116: Total time for which application threads were stopped: 0.0002701 seconds, Stopping threads took: 0.0000702 seconds
2017-04-24T16:27:00.445+0800: 2510.118: Total time for which application threads were stopped: 0.0002572 seconds, Stopping threads took: 0.0000744 seconds
2017-04-24T16:27:00.698+0800: 2510.370: Total time for which application threads were stopped: 0.0003031 seconds, Stopping threads took: 0.0000622 seconds
2017-04-24T16:27:00.698+0800: 2510.371: Total time for which application threads were stopped: 0.0002787 seconds, Stopping threads took: 0.0001164 seconds
2017-04-24T16:27:00.700+0800: 2510.373: Total time for which application threads were stopped: 0.0002104 seconds, Stopping threads took: 0.0000414 seconds
2017-04-24T16:27:00.700+0800: 2510.373: Total time for which application threads were stopped: 0.0001514 seconds, Stopping threads took: 0.0000273 seconds
2017-04-24T16:27:00.701+0800: 2510.373: Total time for which application threads were stopped: 0.0001373 seconds, Stopping threads took: 0.0000250 seconds
2017-04-24T16:27:00.701+0800: 2510.373: Total time for which application threads were stopped: 0.0001337 seconds, Stopping threads took: 0.0000247 seconds
2017-04-24T16:27:00.701+0800: 2510.374: Total time for which application threads were stopped: 0.0001309 seconds, Stopping threads took: 0.0000234 seconds
2017-04-24T16:27:10.442+0800: 2520.115: Total time for which application threads were stopped: 0.0001469 seconds, Stopping threads took: 0.0000343 seconds
2017-04-24T16:27:10.443+0800: 2520.116: Total time for which application threads were stopped: 0.0001049 seconds, Stopping threads took: 0.0000186 seconds
2017-04-24T16:27:10.800+0800: 2520.473: Total time for which application threads were stopped: 0.0002290 seconds, Stopping threads took: 0.0000561 seconds
2017-04-24T16:27:10.801+0800: 2520.474: Total time for which application threads were stopped: 0.0002046 seconds, Stopping threads took: 0.0000844 seconds
2017-04-24T16:27:10.801+0800: 2520.474: Total time for which application threads were stopped: 0.0001366 seconds, Stopping threads took: 0.0000350 seconds
2017-04-24T16:27:10.803+0800: 2520.475: Total time for which application threads were stopped: 0.0001511 seconds, Stopping threads took: 0.0000362 seconds
2017-04-24T16:27:10.803+0800: 2520.476: Total time for which application threads were stopped: 0.0001341 seconds, Stopping threads took: 0.0000301 seconds
2017-04-24T16:27:10.803+0800: 2520.476: Total time for which application threads were stopped: 0.0002255 seconds, Stopping threads took: 0.0000545 seconds
2017-04-24T16:27:10.804+0800: 2520.477: Total time for which application threads were stopped: 0.0002130 seconds, Stopping threads took: 0.0000709 seconds
2017-04-24T16:27:10.804+0800: 2520.477: Total time for which application threads were stopped: 0.0001517 seconds, Stopping threads took: 0.0000404 seconds
2017-04-24T16:27:10.814+0800: 2520.487: Total time for which application threads were stopped: 0.0002402 seconds, Stopping threads took: 0.0000558 seconds
2017-04-24T16:27:11.815+0800: 2521.488: Total time for which application threads were stopped: 0.0001960 seconds, Stopping threads took: 0.0000536 seconds
2017-04-24T16:27:20.425+0800: 2530.098: Total time for which application threads were stopped: 0.0000953 seconds, Stopping threads took: 0.0000247 seconds
2017-04-24T16:27:20.426+0800: 2530.099: Total time for which application threads were stopped: 0.0000994 seconds, Stopping threads took: 0.0000497 seconds
2017-04-24T16:27:20.726+0800: 2530.399: Total time for which application threads were stopped: 0.0002332 seconds, Stopping threads took: 0.0000548 seconds
2017-04-24T16:27:20.726+0800: 2530.399: Total time for which application threads were stopped: 0.0001982 seconds, Stopping threads took: 0.0000430 seconds
2017-04-24T16:27:20.728+0800: 2530.400: Total time for which application threads were stopped: 0.0001402 seconds, Stopping threads took: 0.0000308 seconds
2017-04-24T16:27:20.728+0800: 2530.401: Total time for which application threads were stopped: 0.0001649 seconds, Stopping threads took: 0.0000362 seconds
2017-04-24T16:27:20.728+0800: 2530.401: Total time for which application threads were stopped: 0.0001645 seconds, Stopping threads took: 0.0000362 seconds
2017-04-24T16:27:20.728+0800: 2530.401: Total time for which application threads were stopped: 0.0001437 seconds, Stopping threads took: 0.0000305 seconds
2017-04-24T16:27:20.729+0800: 2530.401: Total time for which application threads were stopped: 0.0001572 seconds, Stopping threads took: 0.0000350 seconds
2017-04-24T16:27:20.738+0800: 2530.411: Total time for which application threads were stopped: 0.0003778 seconds, Stopping threads took: 0.0002569 seconds
2017-04-24T16:27:30.452+0800: 2540.125: Total time for which application threads were stopped: 0.0001261 seconds, Stopping threads took: 0.0000314 seconds
2017-04-24T16:27:30.453+0800: 2540.126: Total time for which application threads were stopped: 0.0000985 seconds, Stopping threads took: 0.0000221 seconds
2017-04-24T16:27:30.760+0800: 2540.433: Total time for which application threads were stopped: 0.0002800 seconds, Stopping threads took: 0.0000693 seconds
2017-04-24T16:27:30.761+0800: 2540.434: Total time for which application threads were stopped: 0.0003220 seconds, Stopping threads took: 0.0001607 seconds
2017-04-24T16:27:30.763+0800: 2540.436: Total time for which application threads were stopped: 0.0002133 seconds, Stopping threads took: 0.0000388 seconds
2017-04-24T16:27:30.763+0800: 2540.436: Total time for which application threads were stopped: 0.0002175 seconds, Stopping threads took: 0.0000375 seconds
2017-04-24T16:27:30.763+0800: 2540.436: Total time for which application threads were stopped: 0.0002390 seconds, Stopping threads took: 0.0000378 seconds
2017-04-24T16:27:30.763+0800: 2540.437: Total time for which application threads were stopped: 0.0001584 seconds, Stopping threads took: 0.0000314 seconds
2017-04-24T16:27:30.764+0800: 2540.437: Total time for which application threads were stopped: 0.0001665 seconds, Stopping threads took: 0.0000289 seconds
2017-04-24T16:27:30.774+0800: 2540.447: Total time for which application threads were stopped: 0.0002422 seconds, Stopping threads took: 0.0000529 seconds
2017-04-24T16:27:40.426+0800: 2550.099: Total time for which application threads were stopped: 0.0001155 seconds, Stopping threads took: 0.0000305 seconds
2017-04-24T16:27:40.427+0800: 2550.100: Total time for which application threads were stopped: 0.0000763 seconds, Stopping threads took: 0.0000183 seconds
2017-04-24T16:27:40.763+0800: 2550.436: Total time for which application threads were stopped: 0.0002056 seconds, Stopping threads took: 0.0000494 seconds
2017-04-24T16:27:40.763+0800: 2550.436: Total time for which application threads were stopped: 0.0001530 seconds, Stopping threads took: 0.0000366 seconds
2017-04-24T16:27:40.764+0800: 2550.437: Total time for which application threads were stopped: 0.0001209 seconds, Stopping threads took: 0.0000257 seconds
2017-04-24T16:27:40.764+0800: 2550.437: Total time for which application threads were stopped: 0.0000937 seconds, Stopping threads took: 0.0000189 seconds
2017-04-24T16:27:40.764+0800: 2550.437: Total time for which application threads were stopped: 0.0000876 seconds, Stopping threads took: 0.0000176 seconds
2017-04-24T16:27:40.764+0800: 2550.437: Total time for which application threads were stopped: 0.0000908 seconds, Stopping threads took: 0.0000199 seconds
2017-04-24T16:27:40.765+0800: 2550.437: Total time for which application threads were stopped: 0.0000898 seconds, Stopping threads took: 0.0000176 seconds
2017-04-24T16:27:40.772+0800: 2550.445: Total time for which application threads were stopped: 0.0001764 seconds, Stopping threads took: 0.0000375 seconds
2017-04-24T16:27:50.439+0800: 2560.111: Total time for which application threads were stopped: 0.0001661 seconds, Stopping threads took: 0.0000372 seconds
2017-04-24T16:27:50.440+0800: 2560.112: Total time for which application threads were stopped: 0.0001302 seconds, Stopping threads took: 0.0000260 seconds
2017-04-24T16:27:50.774+0800: 2560.447: Total time for which application threads were stopped: 0.0002454 seconds, Stopping threads took: 0.0000568 seconds
2017-04-24T16:27:50.775+0800: 2560.448: Total time for which application threads were stopped: 0.0002675 seconds, Stopping threads took: 0.0000856 seconds
2017-04-24T16:27:50.777+0800: 2560.449: Total time for which application threads were stopped: 0.0004548 seconds, Stopping threads took: 0.0000279 seconds
2017-04-24T16:27:50.777+0800: 2560.450: Total time for which application threads were stopped: 0.0001347 seconds, Stopping threads took: 0.0000276 seconds
2017-04-24T16:27:50.777+0800: 2560.450: Total time for which application threads were stopped: 0.0001267 seconds, Stopping threads took: 0.0000273 seconds
2017-04-24T16:27:50.777+0800: 2560.450: Total time for which application threads were stopped: 0.0001187 seconds, Stopping threads took: 0.0000234 seconds
2017-04-24T16:27:50.778+0800: 2560.450: Total time for which application threads were stopped: 0.0003923 seconds, Stopping threads took: 0.0000244 seconds
2017-04-24T16:27:50.786+0800: 2560.459: Total time for which application threads were stopped: 0.0002191 seconds, Stopping threads took: 0.0000484 seconds
{Heap before GC invocations=22 (full 2):
 par new generation   total 109248K, used 92023K [0x00000000e0000000, 0x00000000e8000000, 0x00000000e8000000)
  eden space 87424K, 100% used [0x00000000e0000000, 0x00000000e5560000, 0x00000000e5560000)
  from space 21824K,  21% used [0x00000000e5560000, 0x00000000e59dded8, 0x00000000e6ab0000)
  to   space 21824K,   0% used [0x00000000e6ab0000, 0x00000000e6ab0000, 0x00000000e8000000)
 concurrent mark-sweep generation total 393216K, used 17161K [0x00000000e8000000, 0x0000000100000000, 0x0000000100000000)
 Metaspace       used 41080K, capacity 41820K, committed 42264K, reserved 1087488K
  class space    used 4580K, capacity 4796K, committed 4940K, reserved 1048576K
2017-04-24T16:28:00.424+0800: 2570.097: [GC (Allocation Failure) 2017-04-24T16:28:00.424+0800: 2570.097: [ParNew
Desired survivor size 20112992 bytes, new threshold 8 (max 8)
- age   1:    2852080 bytes,    2852080 total
- age   2:     598672 bytes,    3450752 total
- age   3:      69992 bytes,    3520744 total
- age   4:      21968 bytes,    3542712 total
- age   5:      24480 bytes,    3567192 total
- age   6:       5096 bytes,    3572288 total
- age   7:      19208 bytes,    3591496 total
- age   8:      13624 bytes,    3605120 total
: 92023K->4851K(109248K), 0.0108272 secs] 109185K->22025K(502464K), 0.0109716 secs] [Times: user=0.06 sys=0.00, real=0.01 secs] 
Heap after GC invocations=23 (full 2):
 par new generation   total 109248K, used 4851K [0x00000000e0000000, 0x00000000e8000000, 0x00000000e8000000)
  eden space 87424K,   0% used [0x00000000e0000000, 0x00000000e0000000, 0x00000000e5560000)
  from space 21824K,  22% used [0x00000000e6ab0000, 0x00000000e6f6cce0, 0x00000000e8000000)
  to   space 21824K,   0% used [0x00000000e5560000, 0x00000000e5560000, 0x00000000e6ab0000)
 concurrent mark-sweep generation total 393216K, used 17174K [0x00000000e8000000, 0x0000000100000000, 0x0000000100000000)
 Metaspace       used 41080K, capacity 41820K, committed 42264K, reserved 1087488K
  class space    used 4580K, capacity 4796K, committed 4940K, reserved 1048576K
}
2017-04-24T16:28:00.436+0800: 2570.108: Total time for which application threads were stopped: 0.0116259 seconds, Stopping threads took: 0.0000661 seconds
2017-04-24T16:28:00.436+0800: 2570.109: Total time for which application threads were stopped: 0.0003406 seconds, Stopping threads took: 0.0001209 seconds
2017-04-24T16:28:00.437+0800: 2570.109: Total time for which application threads were stopped: 0.0002614 seconds, Stopping threads took: 0.0000520 seconds
2017-04-24T16:28:00.437+0800: 2570.110: Total time for which application threads were stopped: 0.0002543 seconds, Stopping threads took: 0.0000872 seconds
2017-04-24T16:28:00.438+0800: 2570.110: Total time for which application threads were stopped: 0.0002553 seconds, Stopping threads took: 0.0000943 seconds
2017-04-24T16:28:00.438+0800: 2570.111: Total time for which application threads were stopped: 0.0002075 seconds, Stopping threads took: 0.0000680 seconds
2017-04-24T16:28:00.439+0800: 2570.111: Total time for which application threads were stopped: 0.0002139 seconds, Stopping threads took: 0.0000738 seconds
2017-04-24T16:28:00.439+0800: 2570.111: Total time for which application threads were stopped: 0.0002024 seconds, Stopping threads took: 0.0000824 seconds
2017-04-24T16:28:00.440+0800: 2570.112: Total time for which application threads were stopped: 0.0002447 seconds, Stopping threads took: 0.0000799 seconds
2017-04-24T16:28:00.440+0800: 2570.112: Total time for which application threads were stopped: 0.0002088 seconds, Stopping threads took: 0.0000677 seconds
2017-04-24T16:28:00.441+0800: 2570.113: Total time for which application threads were stopped: 0.0001892 seconds, Stopping threads took: 0.0000366 seconds
2017-04-24T16:28:00.441+0800: 2570.113: Total time for which application threads were stopped: 0.0002159 seconds, Stopping threads took: 0.0000619 seconds
2017-04-24T16:28:00.441+0800: 2570.114: Total time for which application threads were stopped: 0.0001504 seconds, Stopping threads took: 0.0000334 seconds
2017-04-24T16:28:00.442+0800: 2570.114: Total time for which application threads were stopped: 0.0001719 seconds, Stopping threads took: 0.0000404 seconds
2017-04-24T16:28:00.442+0800: 2570.114: Total time for which application threads were stopped: 0.0002454 seconds, Stopping threads took: 0.0000882 seconds
2017-04-24T16:28:00.442+0800: 2570.115: Total time for which application threads were stopped: 0.0003413 seconds, Stopping threads took: 0.0000635 seconds
2017-04-24T16:28:00.443+0800: 2570.115: Total time for which application threads were stopped: 0.0003028 seconds, Stopping threads took: 0.0000667 seconds
2017-04-24T16:28:00.443+0800: 2570.116: Total time for which application threads were stopped: 0.0002236 seconds, Stopping threads took: 0.0000949 seconds
2017-04-24T16:28:00.444+0800: 2570.116: Total time for which application threads were stopped: 0.0002470 seconds, Stopping threads took: 0.0000895 seconds
2017-04-24T16:28:00.444+0800: 2570.116: Total time for which application threads were stopped: 0.0002194 seconds, Stopping threads took: 0.0000808 seconds
2017-04-24T16:28:00.445+0800: 2570.117: Total time for which application threads were stopped: 0.0005119 seconds, Stopping threads took: 0.0000773 seconds
2017-04-24T16:28:00.445+0800: 2570.118: Total time for which application threads were stopped: 0.0001658 seconds, Stopping threads took: 0.0000334 seconds
2017-04-24T16:28:00.445+0800: 2570.118: Total time for which application threads were stopped: 0.0002014 seconds, Stopping threads took: 0.0000674 seconds
2017-04-24T16:28:00.446+0800: 2570.118: Total time for which application threads were stopped: 0.0001924 seconds, Stopping threads took: 0.0000651 seconds
2017-04-24T16:28:00.446+0800: 2570.119: Total time for which application threads were stopped: 0.0001665 seconds, Stopping threads took: 0.0000404 seconds
2017-04-24T16:28:00.457+0800: 2570.129: Total time for which application threads were stopped: 0.0001251 seconds, Stopping threads took: 0.0000340 seconds
2017-04-24T16:28:00.457+0800: 2570.130: Total time for which application threads were stopped: 0.0001139 seconds, Stopping threads took: 0.0000266 seconds
2017-04-24T16:28:00.771+0800: 2570.443: Total time for which application threads were stopped: 0.0000860 seconds, Stopping threads took: 0.0000192 seconds
2017-04-24T16:28:00.771+0800: 2570.444: Total time for which application threads were stopped: 0.0000811 seconds, Stopping threads took: 0.0000298 seconds
2017-04-24T16:28:00.775+0800: 2570.447: Total time for which application threads were stopped: 0.0000856 seconds, Stopping threads took: 0.0000160 seconds
2017-04-24T16:28:10.443+0800: 2580.116: Total time for which application threads were stopped: 0.0001408 seconds, Stopping threads took: 0.0000295 seconds
2017-04-24T16:28:10.444+0800: 2580.117: Total time for which application threads were stopped: 0.0000975 seconds, Stopping threads took: 0.0000180 seconds
2017-04-24T16:28:10.759+0800: 2580.432: Total time for which application threads were stopped: 0.0002447 seconds, Stopping threads took: 0.0000625 seconds
2017-04-24T16:28:10.759+0800: 2580.432: Total time for which application threads were stopped: 0.0002213 seconds, Stopping threads took: 0.0000542 seconds
2017-04-24T16:28:10.761+0800: 2580.434: Total time for which application threads were stopped: 0.0002434 seconds, Stopping threads took: 0.0000728 seconds
2017-04-24T16:28:10.761+0800: 2580.434: Total time for which application threads were stopped: 0.0002226 seconds, Stopping threads took: 0.0000574 seconds
2017-04-24T16:28:10.762+0800: 2580.435: Total time for which application threads were stopped: 0.0002114 seconds, Stopping threads took: 0.0000622 seconds
2017-04-24T16:28:10.762+0800: 2580.435: Total time for which application threads were stopped: 0.0001745 seconds, Stopping threads took: 0.0000536 seconds
2017-04-24T16:28:10.762+0800: 2580.435: Total time for which application threads were stopped: 0.0001937 seconds, Stopping threads took: 0.0000603 seconds
2017-04-24T16:28:10.770+0800: 2580.443: Total time for which application threads were stopped: 0.0002216 seconds, Stopping threads took: 0.0000433 seconds
2017-04-24T16:28:11.770+0800: 2581.443: Total time for which application threads were stopped: 0.0001953 seconds, Stopping threads took: 0.0000587 seconds
2017-04-24T16:28:20.719+0800: 2590.392: Total time for which application threads were stopped: 0.0002511 seconds, Stopping threads took: 0.0000603 seconds
2017-04-24T16:28:20.719+0800: 2590.392: Total time for which application threads were stopped: 0.0002078 seconds, Stopping threads took: 0.0000523 seconds
2017-04-24T16:28:20.721+0800: 2590.393: Total time for which application threads were stopped: 0.0002531 seconds, Stopping threads took: 0.0000609 seconds
2017-04-24T16:28:20.721+0800: 2590.394: Total time for which application threads were stopped: 0.0002486 seconds, Stopping threads took: 0.0000439 seconds
2017-04-24T16:28:20.721+0800: 2590.394: Total time for which application threads were stopped: 0.0002636 seconds, Stopping threads took: 0.0000638 seconds
2017-04-24T16:28:20.722+0800: 2590.395: Total time for which application threads were stopped: 0.0002916 seconds, Stopping threads took: 0.0000937 seconds
2017-04-24T16:28:20.722+0800: 2590.395: Total time for which application threads were stopped: 0.0002418 seconds, Stopping threads took: 0.0000584 seconds
2017-04-24T16:28:30.444+0800: 2600.117: Total time for which application threads were stopped: 0.0002787 seconds, Stopping threads took: 0.0000747 seconds
2017-04-24T16:28:30.447+0800: 2600.120: Total time for which application threads were stopped: 0.0003076 seconds, Stopping threads took: 0.0000860 seconds
2017-04-24T16:28:30.714+0800: 2600.386: Total time for which application threads were stopped: 0.0003236 seconds, Stopping threads took: 0.0000888 seconds
2017-04-24T16:28:30.714+0800: 2600.386: Total time for which application threads were stopped: 0.0001684 seconds, Stopping threads took: 0.0000337 seconds
2017-04-24T16:28:30.714+0800: 2600.386: Total time for which application threads were stopped: 0.0001639 seconds, Stopping threads took: 0.0000369 seconds
2017-04-24T16:28:30.716+0800: 2600.388: Total time for which application threads were stopped: 0.0001799 seconds, Stopping threads took: 0.0000388 seconds
2017-04-24T16:28:30.716+0800: 2600.388: Total time for which application threads were stopped: 0.0002425 seconds, Stopping threads took: 0.0000654 seconds
2017-04-24T16:28:30.716+0800: 2600.389: Total time for which application threads were stopped: 0.0002184 seconds, Stopping threads took: 0.0000645 seconds
2017-04-24T16:28:30.717+0800: 2600.389: Total time for which application threads were stopped: 0.0001581 seconds, Stopping threads took: 0.0000334 seconds
2017-04-24T16:28:30.717+0800: 2600.389: Total time for which application threads were stopped: 0.0001694 seconds, Stopping threads took: 0.0000359 seconds
2017-04-24T16:28:30.728+0800: 2600.400: Total time for which application threads were stopped: 0.0002406 seconds, Stopping threads took: 0.0000597 seconds
2017-04-24T16:28:40.442+0800: 2610.114: Total time for which application threads were stopped: 0.0001645 seconds, Stopping threads took: 0.0000430 seconds
2017-04-24T16:28:40.443+0800: 2610.115: Total time for which application threads were stopped: 0.0001219 seconds, Stopping threads took: 0.0000247 seconds
2017-04-24T16:28:40.780+0800: 2610.453: Total time for which application threads were stopped: 0.0003031 seconds, Stopping threads took: 0.0001065 seconds
2017-04-24T16:28:40.780+0800: 2610.453: Total time for which application threads were stopped: 0.0002101 seconds, Stopping threads took: 0.0000776 seconds
2017-04-24T16:28:40.782+0800: 2610.455: Total time for which application threads were stopped: 0.0002184 seconds, Stopping threads took: 0.0000423 seconds
2017-04-24T16:28:40.783+0800: 2610.455: Total time for which application threads were stopped: 0.0001928 seconds, Stopping threads took: 0.0000369 seconds
2017-04-24T16:28:40.783+0800: 2610.455: Total time for which application threads were stopped: 0.0001376 seconds, Stopping threads took: 0.0000260 seconds
2017-04-24T16:28:40.783+0800: 2610.456: Total time for which application threads were stopped: 0.0001309 seconds, Stopping threads took: 0.0000241 seconds
2017-04-24T16:28:40.783+0800: 2610.456: Total time for which application threads were stopped: 0.0001289 seconds, Stopping threads took: 0.0000241 seconds
2017-04-24T16:28:40.792+0800: 2610.464: Total time for which application threads were stopped: 0.0002017 seconds, Stopping threads took: 0.0000459 seconds
2017-04-24T16:28:50.443+0800: 2620.116: Total time for which application threads were stopped: 0.0002479 seconds, Stopping threads took: 0.0000536 seconds
2017-04-24T16:28:50.445+0800: 2620.117: Total time for which application threads were stopped: 0.0002008 seconds, Stopping threads took: 0.0000414 seconds
2017-04-24T16:28:50.815+0800: 2620.488: Total time for which application threads were stopped: 0.0002867 seconds, Stopping threads took: 0.0001046 seconds
2017-04-24T16:28:50.816+0800: 2620.488: Total time for which application threads were stopped: 0.0002329 seconds, Stopping threads took: 0.0000494 seconds
2017-04-24T16:28:50.817+0800: 2620.490: Total time for which application threads were stopped: 0.0001658 seconds, Stopping threads took: 0.0000369 seconds
2017-04-24T16:28:50.817+0800: 2620.490: Total time for which application threads were stopped: 0.0001299 seconds, Stopping threads took: 0.0000263 seconds
2017-04-24T16:28:50.817+0800: 2620.490: Total time for which application threads were stopped: 0.0001273 seconds, Stopping threads took: 0.0000263 seconds
2017-04-24T16:28:50.818+0800: 2620.490: Total time for which application threads were stopped: 0.0001228 seconds, Stopping threads took: 0.0000237 seconds
2017-04-24T16:28:50.818+0800: 2620.490: Total time for which application threads were stopped: 0.0001674 seconds, Stopping threads took: 0.0000372 seconds
2017-04-24T16:28:50.828+0800: 2620.501: Total time for which application threads were stopped: 0.0002175 seconds, Stopping threads took: 0.0000468 seconds
2017-04-24T16:29:00.442+0800: 2630.115: Total time for which application threads were stopped: 0.0002569 seconds, Stopping threads took: 0.0000641 seconds
2017-04-24T16:29:00.444+0800: 2630.116: Total time for which application threads were stopped: 0.0002450 seconds, Stopping threads took: 0.0000799 seconds
2017-04-24T16:29:00.718+0800: 2630.391: Total time for which application threads were stopped: 0.0002710 seconds, Stopping threads took: 0.0000831 seconds
2017-04-24T16:29:00.718+0800: 2630.391: Total time for which application threads were stopped: 0.0002149 seconds, Stopping threads took: 0.0000475 seconds
2017-04-24T16:29:00.720+0800: 2630.393: Total time for which application threads were stopped: 0.0001799 seconds, Stopping threads took: 0.0000465 seconds
2017-04-24T16:29:00.720+0800: 2630.393: Total time for which application threads were stopped: 0.0001857 seconds, Stopping threads took: 0.0000491 seconds
2017-04-24T16:29:00.720+0800: 2630.393: Total time for which application threads were stopped: 0.0001373 seconds, Stopping threads took: 0.0000318 seconds
2017-04-24T16:29:00.720+0800: 2630.393: Total time for which application threads were stopped: 0.0001568 seconds, Stopping threads took: 0.0000359 seconds
2017-04-24T16:29:00.721+0800: 2630.394: Total time for which application threads were stopped: 0.0004933 seconds, Stopping threads took: 0.0000670 seconds
2017-04-24T16:29:10.442+0800: 2640.115: Total time for which application threads were stopped: 0.0001774 seconds, Stopping threads took: 0.0000548 seconds
2017-04-24T16:29:10.443+0800: 2640.115: Total time for which application threads were stopped: 0.0000978 seconds, Stopping threads took: 0.0000289 seconds
2017-04-24T16:29:10.740+0800: 2640.413: Total time for which application threads were stopped: 0.0001973 seconds, Stopping threads took: 0.0000305 seconds
2017-04-24T16:29:10.740+0800: 2640.413: Total time for which application threads were stopped: 0.0000811 seconds, Stopping threads took: 0.0000366 seconds
2017-04-24T16:29:10.740+0800: 2640.413: Total time for which application threads were stopped: 0.0000494 seconds, Stopping threads took: 0.0000125 seconds
2017-04-24T16:29:10.740+0800: 2640.413: Total time for which application threads were stopped: 0.0000455 seconds, Stopping threads took: 0.0000093 seconds
2017-04-24T16:29:20.437+0800: 2650.110: Total time for which application threads were stopped: 0.0001511 seconds, Stopping threads took: 0.0000343 seconds
2017-04-24T16:29:20.438+0800: 2650.111: Total time for which application threads were stopped: 0.0000882 seconds, Stopping threads took: 0.0000189 seconds
2017-04-24T16:29:20.769+0800: 2650.442: Total time for which application threads were stopped: 0.0002354 seconds, Stopping threads took: 0.0000622 seconds
2017-04-24T16:29:20.769+0800: 2650.442: Total time for which application threads were stopped: 0.0002210 seconds, Stopping threads took: 0.0000526 seconds
2017-04-24T16:29:20.770+0800: 2650.442: Total time for which application threads were stopped: 0.0002046 seconds, Stopping threads took: 0.0000844 seconds
2017-04-24T16:29:20.771+0800: 2650.444: Total time for which application threads were stopped: 0.0001536 seconds, Stopping threads took: 0.0000372 seconds
2017-04-24T16:29:20.772+0800: 2650.444: Total time for which application threads were stopped: 0.0001302 seconds, Stopping threads took: 0.0000260 seconds
2017-04-24T16:29:20.772+0800: 2650.444: Total time for which application threads were stopped: 0.0001847 seconds, Stopping threads took: 0.0000250 seconds
2017-04-24T16:29:20.772+0800: 2650.445: Total time for which application threads were stopped: 0.0001257 seconds, Stopping threads took: 0.0000260 seconds
2017-04-24T16:29:20.772+0800: 2650.445: Total time for which application threads were stopped: 0.0001196 seconds, Stopping threads took: 0.0000250 seconds
2017-04-24T16:29:30.444+0800: 2660.117: Total time for which application threads were stopped: 0.0002656 seconds, Stopping threads took: 0.0000548 seconds
2017-04-24T16:29:30.446+0800: 2660.118: Total time for which application threads were stopped: 0.0002210 seconds, Stopping threads took: 0.0000475 seconds
2017-04-24T16:29:30.780+0800: 2660.453: Total time for which application threads were stopped: 0.0002399 seconds, Stopping threads took: 0.0000532 seconds
2017-04-24T16:29:30.781+0800: 2660.453: Total time for which application threads were stopped: 0.0002181 seconds, Stopping threads took: 0.0000828 seconds
2017-04-24T16:29:30.781+0800: 2660.453: Total time for which application threads were stopped: 0.0001815 seconds, Stopping threads took: 0.0000622 seconds
2017-04-24T16:29:30.782+0800: 2660.455: Total time for which application threads were stopped: 0.0001479 seconds, Stopping threads took: 0.0000314 seconds
2017-04-24T16:29:30.782+0800: 2660.455: Total time for which application threads were stopped: 0.0001293 seconds, Stopping threads took: 0.0000250 seconds
2017-04-24T16:29:30.782+0800: 2660.455: Total time for which application threads were stopped: 0.0001251 seconds, Stopping threads took: 0.0000244 seconds
2017-04-24T16:29:30.782+0800: 2660.455: Total time for which application threads were stopped: 0.0001228 seconds, Stopping threads took: 0.0000241 seconds
2017-04-24T16:29:30.783+0800: 2660.456: Total time for which application threads were stopped: 0.0001225 seconds, Stopping threads took: 0.0000237 seconds
{Heap before GC invocations=23 (full 2):
 par new generation   total 109248K, used 92275K [0x00000000e0000000, 0x00000000e8000000, 0x00000000e8000000)
  eden space 87424K, 100% used [0x00000000e0000000, 0x00000000e5560000, 0x00000000e5560000)
  from space 21824K,  22% used [0x00000000e6ab0000, 0x00000000e6f6cce0, 0x00000000e8000000)
  to   space 21824K,   0% used [0x00000000e5560000, 0x00000000e5560000, 0x00000000e6ab0000)
 concurrent mark-sweep generation total 393216K, used 17174K [0x00000000e8000000, 0x0000000100000000, 0x0000000100000000)
 Metaspace       used 41116K, capacity 41884K, committed 42264K, reserved 1087488K
  class space    used 4580K, capacity 4796K, committed 4940K, reserved 1048576K
2017-04-24T16:29:40.416+0800: 2670.089: [GC (Allocation Failure) 2017-04-24T16:29:40.417+0800: 2670.089: [ParNew
Desired survivor size 20112992 bytes, new threshold 8 (max 8)
- age   1:    2899008 bytes,    2899008 total
- age   2:     630848 bytes,    3529856 total
- age   3:      68664 bytes,    3598520 total
- age   4:      13936 bytes,    3612456 total
- age   5:      21968 bytes,    3634424 total
- age   6:      24480 bytes,    3658904 total
- age   7:       5096 bytes,    3664000 total
- age   8:      19208 bytes,    3683208 total
: 92275K->4273K(109248K), 0.0084473 secs] 109449K->21461K(502464K), 0.0085660 secs] [Times: user=0.00 sys=0.00, real=0.01 secs] 
Heap after GC invocations=24 (full 2):
 par new generation   total 109248K, used 4273K [0x00000000e0000000, 0x00000000e8000000, 0x00000000e8000000)
  eden space 87424K,   0% used [0x00000000e0000000, 0x00000000e0000000, 0x00000000e5560000)
  from space 21824K,  19% used [0x00000000e5560000, 0x00000000e598c590, 0x00000000e6ab0000)
  to   space 21824K,   0% used [0x00000000e6ab0000, 0x00000000e6ab0000, 0x00000000e8000000)
 concurrent mark-sweep generation total 393216K, used 17187K [0x00000000e8000000, 0x0000000100000000, 0x0000000100000000)
 Metaspace       used 41116K, capacity 41884K, committed 42264K, reserved 1087488K
  class space    used 4580K, capacity 4796K, committed 4940K, reserved 1048576K
}
2017-04-24T16:29:40.425+0800: 2670.098: Total time for which application threads were stopped: 0.0089057 seconds, Stopping threads took: 0.0000375 seconds
2017-04-24T16:29:40.425+0800: 2670.098: Total time for which application threads were stopped: 0.0002486 seconds, Stopping threads took: 0.0000523 seconds
2017-04-24T16:29:40.426+0800: 2670.098: Total time for which application threads were stopped: 0.0001751 seconds, Stopping threads took: 0.0000311 seconds
2017-04-24T16:29:40.426+0800: 2670.099: Total time for which application threads were stopped: 0.0001232 seconds, Stopping threads took: 0.0000401 seconds
2017-04-24T16:29:40.426+0800: 2670.099: Total time for which application threads were stopped: 0.0000956 seconds, Stopping threads took: 0.0000305 seconds
2017-04-24T16:29:40.427+0800: 2670.099: Total time for which application threads were stopped: 0.0000767 seconds, Stopping threads took: 0.0000180 seconds
2017-04-24T16:29:40.427+0800: 2670.099: Total time for which application threads were stopped: 0.0001046 seconds, Stopping threads took: 0.0000391 seconds
2017-04-24T16:29:40.427+0800: 2670.100: Total time for which application threads were stopped: 0.0000863 seconds, Stopping threads took: 0.0000160 seconds
2017-04-24T16:29:40.427+0800: 2670.100: Total time for which application threads were stopped: 0.0001216 seconds, Stopping threads took: 0.0000221 seconds
2017-04-24T16:29:40.427+0800: 2670.100: Total time for which application threads were stopped: 0.0000767 seconds, Stopping threads took: 0.0000151 seconds
2017-04-24T16:29:40.427+0800: 2670.100: Total time for which application threads were stopped: 0.0000917 seconds, Stopping threads took: 0.0000273 seconds
2017-04-24T16:29:40.428+0800: 2670.101: Total time for which application threads were stopped: 0.0001100 seconds, Stopping threads took: 0.0000314 seconds
2017-04-24T16:29:40.428+0800: 2670.101: Total time for which application threads were stopped: 0.0000805 seconds, Stopping threads took: 0.0000186 seconds
2017-04-24T16:29:40.428+0800: 2670.101: Total time for which application threads were stopped: 0.0001251 seconds, Stopping threads took: 0.0000144 seconds
2017-04-24T16:29:40.428+0800: 2670.101: Total time for which application threads were stopped: 0.0001726 seconds, Stopping threads took: 0.0000504 seconds
2017-04-24T16:29:40.429+0800: 2670.101: Total time for which application threads were stopped: 0.0001520 seconds, Stopping threads took: 0.0000346 seconds
2017-04-24T16:29:40.429+0800: 2670.102: Total time for which application threads were stopped: 0.0001020 seconds, Stopping threads took: 0.0000346 seconds
2017-04-24T16:29:40.429+0800: 2670.102: Total time for which application threads were stopped: 0.0000921 seconds, Stopping threads took: 0.0000308 seconds
2017-04-24T16:29:40.429+0800: 2670.102: Total time for which application threads were stopped: 0.0000885 seconds, Stopping threads took: 0.0000279 seconds
2017-04-24T16:29:40.429+0800: 2670.102: Total time for which application threads were stopped: 0.0000914 seconds, Stopping threads took: 0.0000305 seconds
2017-04-24T16:29:40.430+0800: 2670.102: Total time for which application threads were stopped: 0.0002274 seconds, Stopping threads took: 0.0000144 seconds
2017-04-24T16:29:40.430+0800: 2670.103: Total time for which application threads were stopped: 0.0002890 seconds, Stopping threads took: 0.0000548 seconds
2017-04-24T16:29:40.439+0800: 2670.112: Total time for which application threads were stopped: 0.0001334 seconds, Stopping threads took: 0.0000305 seconds
2017-04-24T16:29:40.440+0800: 2670.113: Total time for which application threads were stopped: 0.0001459 seconds, Stopping threads took: 0.0000334 seconds
2017-04-24T16:29:40.781+0800: 2670.453: Total time for which application threads were stopped: 0.0002611 seconds, Stopping threads took: 0.0000638 seconds
2017-04-24T16:29:40.781+0800: 2670.454: Total time for which application threads were stopped: 0.0005206 seconds, Stopping threads took: 0.0000866 seconds
2017-04-24T16:29:40.782+0800: 2670.454: Total time for which application threads were stopped: 0.0003839 seconds, Stopping threads took: 0.0000433 seconds
2017-04-24T16:29:40.784+0800: 2670.456: Total time for which application threads were stopped: 0.0002024 seconds, Stopping threads took: 0.0000494 seconds
2017-04-24T16:29:40.784+0800: 2670.457: Total time for which application threads were stopped: 0.0001475 seconds, Stopping threads took: 0.0000324 seconds
2017-04-24T16:29:40.784+0800: 2670.457: Total time for which application threads were stopped: 0.0002085 seconds, Stopping threads took: 0.0000516 seconds
2017-04-24T16:29:40.785+0800: 2670.457: Total time for which application threads were stopped: 0.0001770 seconds, Stopping threads took: 0.0000446 seconds
2017-04-24T16:29:40.785+0800: 2670.458: Total time for which application threads were stopped: 0.0001575 seconds, Stopping threads took: 0.0000395 seconds
2017-04-24T16:29:50.437+0800: 2680.110: Total time for which application threads were stopped: 0.0001386 seconds, Stopping threads took: 0.0000305 seconds
2017-04-24T16:29:50.438+0800: 2680.111: Total time for which application threads were stopped: 0.0002335 seconds, Stopping threads took: 0.0000176 seconds
2017-04-24T16:29:50.740+0800: 2680.413: Total time for which application threads were stopped: 0.0005299 seconds, Stopping threads took: 0.0003515 seconds
2017-04-24T16:29:50.743+0800: 2680.416: Total time for which application threads were stopped: 0.0002213 seconds, Stopping threads took: 0.0000532 seconds
2017-04-24T16:29:50.743+0800: 2680.416: Total time for which application threads were stopped: 0.0001591 seconds, Stopping threads took: 0.0000343 seconds
2017-04-24T16:29:50.743+0800: 2680.416: Total time for which application threads were stopped: 0.0001982 seconds, Stopping threads took: 0.0000484 seconds
2017-04-24T16:29:50.743+0800: 2680.416: Total time for which application threads were stopped: 0.0001565 seconds, Stopping threads took: 0.0000359 seconds
2017-04-24T16:29:50.744+0800: 2680.417: Total time for which application threads were stopped: 0.0001873 seconds, Stopping threads took: 0.0000462 seconds
2017-04-24T16:30:00.408+0800: 2690.081: Total time for which application threads were stopped: 0.0004975 seconds, Stopping threads took: 0.0000751 seconds
2017-04-24T16:30:00.447+0800: 2690.119: Total time for which application threads were stopped: 0.0005318 seconds, Stopping threads took: 0.0000600 seconds
2017-04-24T16:30:00.448+0800: 2690.121: Total time for which application threads were stopped: 0.0002207 seconds, Stopping threads took: 0.0000510 seconds
2017-04-24T16:30:00.664+0800: 2690.337: Total time for which application threads were stopped: 0.0001007 seconds, Stopping threads took: 0.0000285 seconds
2017-04-24T16:30:00.664+0800: 2690.337: Total time for which application threads were stopped: 0.0000706 seconds, Stopping threads took: 0.0000138 seconds
2017-04-24T16:30:00.664+0800: 2690.338: Total time for which application threads were stopped: 0.0000683 seconds, Stopping threads took: 0.0000151 seconds
2017-04-24T16:30:00.664+0800: 2690.338: Total time for which application threads were stopped: 0.0000558 seconds, Stopping threads took: 0.0000122 seconds
2017-04-24T16:30:00.665+0800: 2690.338: Total time for which application threads were stopped: 0.0000427 seconds, Stopping threads took: 0.0000096 seconds
2017-04-24T16:30:00.665+0800: 2690.338: Total time for which application threads were stopped: 0.0000401 seconds, Stopping threads took: 0.0000096 seconds
2017-04-24T16:30:10.444+0800: 2700.116: Total time for which application threads were stopped: 0.0001414 seconds, Stopping threads took: 0.0000324 seconds
2017-04-24T16:30:10.444+0800: 2700.117: Total time for which application threads were stopped: 0.0000847 seconds, Stopping threads took: 0.0000208 seconds
2017-04-24T16:30:10.730+0800: 2700.402: Total time for which application threads were stopped: 0.0002611 seconds, Stopping threads took: 0.0000577 seconds
2017-04-24T16:30:10.731+0800: 2700.404: Total time for which application threads were stopped: 0.0002075 seconds, Stopping threads took: 0.0000455 seconds
2017-04-24T16:30:10.731+0800: 2700.404: Total time for which application threads were stopped: 0.0002114 seconds, Stopping threads took: 0.0000378 seconds
2017-04-24T16:30:10.732+0800: 2700.405: Total time for which application threads were stopped: 0.0001780 seconds, Stopping threads took: 0.0000398 seconds
2017-04-24T16:30:10.732+0800: 2700.405: Total time for which application threads were stopped: 0.0001366 seconds, Stopping threads took: 0.0000279 seconds
2017-04-24T16:30:10.733+0800: 2700.405: Total time for which application threads were stopped: 0.0004234 seconds, Stopping threads took: 0.0000318 seconds
2017-04-24T16:30:20.438+0800: 2710.111: Total time for which application threads were stopped: 0.0001482 seconds, Stopping threads took: 0.0000385 seconds
2017-04-24T16:30:20.438+0800: 2710.111: Total time for which application threads were stopped: 0.0001164 seconds, Stopping threads took: 0.0000282 seconds
2017-04-24T16:30:20.737+0800: 2710.410: Total time for which application threads were stopped: 0.0002620 seconds, Stopping threads took: 0.0000648 seconds
2017-04-24T16:30:20.739+0800: 2710.412: Total time for which application threads were stopped: 0.0002351 seconds, Stopping threads took: 0.0000577 seconds
2017-04-24T16:30:24.741+0800: 2714.414: Total time for which application threads were stopped: 0.0000834 seconds, Stopping threads took: 0.0000241 seconds
2017-04-24T16:30:30.448+0800: 2720.120: Total time for which application threads were stopped: 0.0002592 seconds, Stopping threads took: 0.0000645 seconds
2017-04-24T16:30:30.449+0800: 2720.122: Total time for which application threads were stopped: 0.0002354 seconds, Stopping threads took: 0.0000574 seconds
2017-04-24T16:30:30.747+0800: 2720.420: Total time for which application threads were stopped: 0.0002746 seconds, Stopping threads took: 0.0000834 seconds
2017-04-24T16:30:30.749+0800: 2720.422: Total time for which application threads were stopped: 0.0002220 seconds, Stopping threads took: 0.0000523 seconds
2017-04-24T16:30:30.750+0800: 2720.423: Total time for which application threads were stopped: 0.0002303 seconds, Stopping threads took: 0.0000690 seconds
2017-04-24T16:30:30.750+0800: 2720.423: Total time for which application threads were stopped: 0.0002001 seconds, Stopping threads took: 0.0000619 seconds
2017-04-24T16:30:30.750+0800: 2720.423: Total time for which application threads were stopped: 0.0001495 seconds, Stopping threads took: 0.0000346 seconds
2017-04-24T16:30:30.750+0800: 2720.423: Total time for which application threads were stopped: 0.0001783 seconds, Stopping threads took: 0.0000465 seconds
2017-04-24T16:30:40.443+0800: 2730.116: Total time for which application threads were stopped: 0.0001475 seconds, Stopping threads took: 0.0000321 seconds
2017-04-24T16:30:40.444+0800: 2730.116: Total time for which application threads were stopped: 0.0001010 seconds, Stopping threads took: 0.0000253 seconds
2017-04-24T16:30:40.734+0800: 2730.406: Total time for which application threads were stopped: 0.0003156 seconds, Stopping threads took: 0.0001212 seconds
2017-04-24T16:30:40.736+0800: 2730.409: Total time for which application threads were stopped: 0.0002146 seconds, Stopping threads took: 0.0000523 seconds
2017-04-24T16:30:40.737+0800: 2730.409: Total time for which application threads were stopped: 0.0003268 seconds, Stopping threads took: 0.0001581 seconds
2017-04-24T16:30:40.737+0800: 2730.410: Total time for which application threads were stopped: 0.0001710 seconds, Stopping threads took: 0.0000488 seconds
2017-04-24T16:30:40.737+0800: 2730.410: Total time for which application threads were stopped: 0.0001373 seconds, Stopping threads took: 0.0000321 seconds
2017-04-24T16:30:40.738+0800: 2730.410: Total time for which application threads were stopped: 0.0001581 seconds, Stopping threads took: 0.0000491 seconds
2017-04-24T16:30:50.438+0800: 2740.111: Total time for which application threads were stopped: 0.0001434 seconds, Stopping threads took: 0.0000334 seconds
2017-04-24T16:30:50.439+0800: 2740.112: Total time for which application threads were stopped: 0.0000949 seconds, Stopping threads took: 0.0000221 seconds
2017-04-24T16:30:50.751+0800: 2740.423: Total time for which application threads were stopped: 0.0002701 seconds, Stopping threads took: 0.0000568 seconds
2017-04-24T16:30:50.753+0800: 2740.425: Total time for which application threads were stopped: 0.0001761 seconds, Stopping threads took: 0.0000375 seconds
2017-04-24T16:30:50.753+0800: 2740.425: Total time for which application threads were stopped: 0.0001331 seconds, Stopping threads took: 0.0000257 seconds
2017-04-24T16:30:50.753+0800: 2740.426: Total time for which application threads were stopped: 0.0001238 seconds, Stopping threads took: 0.0000241 seconds
2017-04-24T16:30:50.754+0800: 2740.426: Total time for which application threads were stopped: 0.0001254 seconds, Stopping threads took: 0.0000244 seconds
2017-04-24T16:30:50.754+0800: 2740.426: Total time for which application threads were stopped: 0.0001232 seconds, Stopping threads took: 0.0000250 seconds
2017-04-24T16:30:50.764+0800: 2740.437: Total time for which application threads were stopped: 0.0002373 seconds, Stopping threads took: 0.0000494 seconds
2017-04-24T16:31:00.446+0800: 2750.119: Total time for which application threads were stopped: 0.0002576 seconds, Stopping threads took: 0.0000539 seconds
2017-04-24T16:31:00.448+0800: 2750.120: Total time for which application threads were stopped: 0.0001957 seconds, Stopping threads took: 0.0000369 seconds
2017-04-24T16:31:00.829+0800: 2750.501: Total time for which application threads were stopped: 0.0002367 seconds, Stopping threads took: 0.0000523 seconds
2017-04-24T16:31:00.829+0800: 2750.502: Total time for which application threads were stopped: 0.0002056 seconds, Stopping threads took: 0.0000452 seconds
2017-04-24T16:31:00.829+0800: 2750.502: Total time for which application threads were stopped: 0.0001328 seconds, Stopping threads took: 0.0000269 seconds
2017-04-24T16:31:00.829+0800: 2750.502: Total time for which application threads were stopped: 0.0001248 seconds, Stopping threads took: 0.0000247 seconds
2017-04-24T16:31:00.829+0800: 2750.502: Total time for which application threads were stopped: 0.0001222 seconds, Stopping threads took: 0.0000244 seconds
2017-04-24T16:31:00.841+0800: 2750.514: Total time for which application threads were stopped: 0.0001443 seconds, Stopping threads took: 0.0000311 seconds
2017-04-24T16:31:01.841+0800: 2751.514: Total time for which application threads were stopped: 0.0002290 seconds, Stopping threads took: 0.0000629 seconds
2017-04-24T16:31:10.441+0800: 2760.114: Total time for which application threads were stopped: 0.0001273 seconds, Stopping threads took: 0.0000289 seconds
2017-04-24T16:31:10.442+0800: 2760.114: Total time for which application threads were stopped: 0.0000725 seconds, Stopping threads took: 0.0000148 seconds
2017-04-24T16:31:10.755+0800: 2760.428: Total time for which application threads were stopped: 0.0002386 seconds, Stopping threads took: 0.0000523 seconds
2017-04-24T16:31:10.756+0800: 2760.428: Total time for which application threads were stopped: 0.0002066 seconds, Stopping threads took: 0.0000443 seconds
2017-04-24T16:31:10.756+0800: 2760.428: Total time for which application threads were stopped: 0.0001321 seconds, Stopping threads took: 0.0000260 seconds
2017-04-24T16:31:10.756+0800: 2760.429: Total time for which application threads were stopped: 0.0001870 seconds, Stopping threads took: 0.0000241 seconds
2017-04-24T16:31:10.756+0800: 2760.429: Total time for which application threads were stopped: 0.0001280 seconds, Stopping threads took: 0.0000260 seconds
2017-04-24T16:31:10.765+0800: 2760.437: Total time for which application threads were stopped: 0.0001966 seconds, Stopping threads took: 0.0000423 seconds
{Heap before GC invocations=24 (full 2):
 par new generation   total 109248K, used 91693K [0x00000000e0000000, 0x00000000e8000000, 0x00000000e8000000)
  eden space 87424K,  99% used [0x00000000e0000000, 0x00000000e555f178, 0x00000000e5560000)
  from space 21824K,  19% used [0x00000000e5560000, 0x00000000e598c590, 0x00000000e6ab0000)
  to   space 21824K,   0% used [0x00000000e6ab0000, 0x00000000e6ab0000, 0x00000000e8000000)
 concurrent mark-sweep generation total 393216K, used 17187K [0x00000000e8000000, 0x0000000100000000, 0x0000000100000000)
 Metaspace       used 41244K, capacity 41960K, committed 42520K, reserved 1087488K
  class space    used 4580K, capacity 4796K, committed 4940K, reserved 1048576K
2017-04-24T16:31:20.425+0800: 2770.098: [GC (Allocation Failure) 2017-04-24T16:31:20.425+0800: 2770.098: [ParNew
Desired survivor size 20112992 bytes, new threshold 8 (max 8)
- age   1:    3117432 bytes,    3117432 total
- age   2:     633368 bytes,    3750800 total
- age   3:      73184 bytes,    3823984 total
- age   4:      12504 bytes,    3836488 total
- age   5:      12784 bytes,    3849272 total
- age   6:      21968 bytes,    3871240 total
- age   7:      24480 bytes,    3895720 total
- age   8:       5096 bytes,    3900816 total
: 91693K->5373K(109248K), 0.0092896 secs] 108881K->22579K(502464K), 0.0094416 secs] [Times: user=0.06 sys=0.00, real=0.01 secs] 
Heap after GC invocations=25 (full 2):
 par new generation   total 109248K, used 5373K [0x00000000e0000000, 0x00000000e8000000, 0x00000000e8000000)
  eden space 87424K,   0% used [0x00000000e0000000, 0x00000000e0000000, 0x00000000e5560000)
  from space 21824K,  24% used [0x00000000e6ab0000, 0x00000000e6fef628, 0x00000000e8000000)
  to   space 21824K,   0% used [0x00000000e5560000, 0x00000000e5560000, 0x00000000e6ab0000)
 concurrent mark-sweep generation total 393216K, used 17206K [0x00000000e8000000, 0x0000000100000000, 0x0000000100000000)
 Metaspace       used 41244K, capacity 41960K, committed 42520K, reserved 1087488K
  class space    used 4580K, capacity 4796K, committed 4940K, reserved 1048576K
}
2017-04-24T16:31:20.435+0800: 2770.107: Total time for which application threads were stopped: 0.0099548 seconds, Stopping threads took: 0.0000892 seconds
2017-04-24T16:31:20.446+0800: 2770.118: Total time for which application threads were stopped: 0.0001459 seconds, Stopping threads took: 0.0000372 seconds
2017-04-24T16:31:20.447+0800: 2770.119: Total time for which application threads were stopped: 0.0001697 seconds, Stopping threads took: 0.0000654 seconds
2017-04-24T16:31:20.736+0800: 2770.408: Total time for which application threads were stopped: 0.0002861 seconds, Stopping threads took: 0.0000555 seconds
2017-04-24T16:31:20.736+0800: 2770.408: Total time for which application threads were stopped: 0.0001379 seconds, Stopping threads took: 0.0000260 seconds
2017-04-24T16:31:20.736+0800: 2770.408: Total time for which application threads were stopped: 0.0001264 seconds, Stopping threads took: 0.0000247 seconds
2017-04-24T16:31:20.736+0800: 2770.409: Total time for which application threads were stopped: 0.0001241 seconds, Stopping threads took: 0.0000241 seconds
2017-04-24T16:31:20.737+0800: 2770.409: Total time for which application threads were stopped: 0.0004368 seconds, Stopping threads took: 0.0000244 seconds
2017-04-24T16:31:20.746+0800: 2770.419: Total time for which application threads were stopped: 0.0002107 seconds, Stopping threads took: 0.0000455 seconds
2017-04-24T16:31:30.444+0800: 2780.117: Total time for which application threads were stopped: 0.0002502 seconds, Stopping threads took: 0.0000536 seconds
2017-04-24T16:31:30.446+0800: 2780.118: Total time for which application threads were stopped: 0.0001883 seconds, Stopping threads took: 0.0000330 seconds
2017-04-24T16:31:30.773+0800: 2780.445: Total time for which application threads were stopped: 0.0002774 seconds, Stopping threads took: 0.0000571 seconds
2017-04-24T16:31:30.773+0800: 2780.446: Total time for which application threads were stopped: 0.0002383 seconds, Stopping threads took: 0.0000577 seconds
2017-04-24T16:31:30.776+0800: 2780.448: Total time for which application threads were stopped: 0.0005004 seconds, Stopping threads took: 0.0000443 seconds
2017-04-24T16:31:30.787+0800: 2780.459: Total time for which application threads were stopped: 0.0002434 seconds, Stopping threads took: 0.0000552 seconds
2017-04-24T16:31:40.443+0800: 2790.115: Total time for which application threads were stopped: 0.0001331 seconds, Stopping threads took: 0.0000350 seconds
2017-04-24T16:31:40.443+0800: 2790.116: Total time for which application threads were stopped: 0.0000937 seconds, Stopping threads took: 0.0000221 seconds
2017-04-24T16:31:40.733+0800: 2790.406: Total time for which application threads were stopped: 0.0002338 seconds, Stopping threads took: 0.0000552 seconds
2017-04-24T16:31:40.733+0800: 2790.406: Total time for which application threads were stopped: 0.0002636 seconds, Stopping threads took: 0.0000776 seconds
2017-04-24T16:31:40.735+0800: 2790.408: Total time for which application threads were stopped: 0.0001860 seconds, Stopping threads took: 0.0000465 seconds
2017-04-24T16:31:40.735+0800: 2790.408: Total time for which application threads were stopped: 0.0001799 seconds, Stopping threads took: 0.0000417 seconds
2017-04-24T16:31:40.735+0800: 2790.408: Total time for which application threads were stopped: 0.0001777 seconds, Stopping threads took: 0.0000439 seconds
2017-04-24T16:31:40.736+0800: 2790.408: Total time for which application threads were stopped: 0.0001475 seconds, Stopping threads took: 0.0000353 seconds
2017-04-24T16:31:40.747+0800: 2790.419: Total time for which application threads were stopped: 0.0002566 seconds, Stopping threads took: 0.0000754 seconds
2017-04-24T16:31:50.437+0800: 2800.109: Total time for which application threads were stopped: 0.0001591 seconds, Stopping threads took: 0.0000330 seconds
2017-04-24T16:31:50.438+0800: 2800.110: Total time for which application threads were stopped: 0.0001091 seconds, Stopping threads took: 0.0000192 seconds
2017-04-24T16:31:50.764+0800: 2800.437: Total time for which application threads were stopped: 0.0002948 seconds, Stopping threads took: 0.0000917 seconds
2017-04-24T16:31:50.764+0800: 2800.437: Total time for which application threads were stopped: 0.0002236 seconds, Stopping threads took: 0.0000507 seconds
2017-04-24T16:31:50.766+0800: 2800.439: Total time for which application threads were stopped: 0.0002223 seconds, Stopping threads took: 0.0000484 seconds
2017-04-24T16:31:50.766+0800: 2800.439: Total time for which application threads were stopped: 0.0002024 seconds, Stopping threads took: 0.0000462 seconds
2017-04-24T16:31:50.767+0800: 2800.439: Total time for which application threads were stopped: 0.0001572 seconds, Stopping threads took: 0.0000334 seconds
2017-04-24T16:31:50.767+0800: 2800.440: Total time for which application threads were stopped: 0.0001787 seconds, Stopping threads took: 0.0000395 seconds
2017-04-24T16:31:50.767+0800: 2800.440: Total time for which application threads were stopped: 0.0001928 seconds, Stopping threads took: 0.0000423 seconds
2017-04-24T16:31:50.777+0800: 2800.450: Total time for which application threads were stopped: 0.0002207 seconds, Stopping threads took: 0.0000465 seconds
2017-04-24T16:31:58.779+0800: 2808.452: Total time for which application threads were stopped: 0.0002046 seconds, Stopping threads took: 0.0000545 seconds
2017-04-24T16:32:00.778+0800: 2810.450: Total time for which application threads were stopped: 0.0003092 seconds, Stopping threads took: 0.0000850 seconds
2017-04-24T16:32:00.778+0800: 2810.451: Total time for which application threads were stopped: 0.0001803 seconds, Stopping threads took: 0.0000395 seconds
2017-04-24T16:32:00.780+0800: 2810.452: Total time for which application threads were stopped: 0.0003069 seconds, Stopping threads took: 0.0000439 seconds
2017-04-24T16:32:00.780+0800: 2810.452: Total time for which application threads were stopped: 0.0001953 seconds, Stopping threads took: 0.0000269 seconds
2017-04-24T16:32:00.780+0800: 2810.453: Total time for which application threads were stopped: 0.0001847 seconds, Stopping threads took: 0.0000257 seconds
2017-04-24T16:32:00.781+0800: 2810.453: Total time for which application threads were stopped: 0.0002797 seconds, Stopping threads took: 0.0000375 seconds
2017-04-24T16:32:00.781+0800: 2810.453: Total time for which application threads were stopped: 0.0001940 seconds, Stopping threads took: 0.0000266 seconds
2017-04-24T16:32:00.790+0800: 2810.462: Total time for which application threads were stopped: 0.0001950 seconds, Stopping threads took: 0.0000423 seconds
2017-04-24T16:32:10.442+0800: 2820.115: Total time for which application threads were stopped: 0.0002858 seconds, Stopping threads took: 0.0000561 seconds
2017-04-24T16:32:10.443+0800: 2820.116: Total time for which application threads were stopped: 0.0001950 seconds, Stopping threads took: 0.0000356 seconds
2017-04-24T16:32:10.811+0800: 2820.485: Total time for which application threads were stopped: 0.0002710 seconds, Stopping threads took: 0.0000744 seconds
2017-04-24T16:32:10.812+0800: 2820.485: Total time for which application threads were stopped: 0.0001982 seconds, Stopping threads took: 0.0000565 seconds
2017-04-24T16:32:10.814+0800: 2820.487: Total time for which application threads were stopped: 0.0002309 seconds, Stopping threads took: 0.0000475 seconds
2017-04-24T16:32:10.814+0800: 2820.487: Total time for which application threads were stopped: 0.0001453 seconds, Stopping threads took: 0.0000263 seconds
2017-04-24T16:32:10.814+0800: 2820.487: Total time for which application threads were stopped: 0.0001427 seconds, Stopping threads took: 0.0000266 seconds
2017-04-24T16:32:10.814+0800: 2820.488: Total time for which application threads were stopped: 0.0001337 seconds, Stopping threads took: 0.0000250 seconds
2017-04-24T16:32:10.815+0800: 2820.488: Total time for which application threads were stopped: 0.0001357 seconds, Stopping threads took: 0.0000237 seconds
2017-04-24T16:32:10.825+0800: 2820.498: Total time for which application threads were stopped: 0.0002617 seconds, Stopping threads took: 0.0000478 seconds
2017-04-24T16:32:20.438+0800: 2830.110: Total time for which application threads were stopped: 0.0001677 seconds, Stopping threads took: 0.0000520 seconds
2017-04-24T16:32:20.438+0800: 2830.111: Total time for which application threads were stopped: 0.0001254 seconds, Stopping threads took: 0.0000260 seconds
2017-04-24T16:32:20.705+0800: 2830.378: Total time for which application threads were stopped: 0.0002697 seconds, Stopping threads took: 0.0000581 seconds
2017-04-24T16:32:20.706+0800: 2830.378: Total time for which application threads were stopped: 0.0001639 seconds, Stopping threads took: 0.0000337 seconds
2017-04-24T16:32:20.707+0800: 2830.380: Total time for which application threads were stopped: 0.0002094 seconds, Stopping threads took: 0.0000446 seconds
2017-04-24T16:32:20.708+0800: 2830.380: Total time for which application threads were stopped: 0.0001876 seconds, Stopping threads took: 0.0000382 seconds
2017-04-24T16:32:20.708+0800: 2830.380: Total time for which application threads were stopped: 0.0001799 seconds, Stopping threads took: 0.0000369 seconds
2017-04-24T16:32:20.708+0800: 2830.381: Total time for which application threads were stopped: 0.0001350 seconds, Stopping threads took: 0.0000263 seconds
2017-04-24T16:32:20.708+0800: 2830.381: Total time for which application threads were stopped: 0.0001267 seconds, Stopping threads took: 0.0000250 seconds
2017-04-24T16:32:30.445+0800: 2840.117: Total time for which application threads were stopped: 0.0002643 seconds, Stopping threads took: 0.0000648 seconds
2017-04-24T16:32:30.446+0800: 2840.119: Total time for which application threads were stopped: 0.0001825 seconds, Stopping threads took: 0.0000378 seconds
2017-04-24T16:32:30.900+0800: 2840.573: Total time for which application threads were stopped: 0.0002758 seconds, Stopping threads took: 0.0000779 seconds
2017-04-24T16:32:30.901+0800: 2840.573: Total time for which application threads were stopped: 0.0002303 seconds, Stopping threads took: 0.0000847 seconds
2017-04-24T16:32:30.901+0800: 2840.573: Total time for which application threads were stopped: 0.0001953 seconds, Stopping threads took: 0.0000667 seconds
2017-04-24T16:32:30.903+0800: 2840.575: Total time for which application threads were stopped: 0.0002104 seconds, Stopping threads took: 0.0000471 seconds
2017-04-24T16:32:30.903+0800: 2840.575: Total time for which application threads were stopped: 0.0001347 seconds, Stopping threads took: 0.0000263 seconds
2017-04-24T16:32:30.903+0800: 2840.575: Total time for which application threads were stopped: 0.0001251 seconds, Stopping threads took: 0.0000244 seconds
2017-04-24T16:32:30.903+0800: 2840.576: Total time for which application threads were stopped: 0.0001222 seconds, Stopping threads took: 0.0000237 seconds
2017-04-24T16:32:30.904+0800: 2840.576: Total time for which application threads were stopped: 0.0004622 seconds, Stopping threads took: 0.0000241 seconds
2017-04-24T16:32:30.912+0800: 2840.585: Total time for which application threads were stopped: 0.0002309 seconds, Stopping threads took: 0.0000497 seconds
2017-04-24T16:32:40.442+0800: 2850.115: Total time for which application threads were stopped: 0.0001424 seconds, Stopping threads took: 0.0000324 seconds
2017-04-24T16:32:40.443+0800: 2850.116: Total time for which application threads were stopped: 0.0001055 seconds, Stopping threads took: 0.0000199 seconds
2017-04-24T16:32:40.909+0800: 2850.582: Total time for which application threads were stopped: 0.0003009 seconds, Stopping threads took: 0.0000834 seconds
2017-04-24T16:32:40.909+0800: 2850.582: Total time for which application threads were stopped: 0.0001860 seconds, Stopping threads took: 0.0000433 seconds
2017-04-24T16:32:40.911+0800: 2850.584: Total time for which application threads were stopped: 0.0002357 seconds, Stopping threads took: 0.0000658 seconds
2017-04-24T16:32:40.922+0800: 2850.594: Total time for which application threads were stopped: 0.0005010 seconds, Stopping threads took: 0.0000504 seconds
2017-04-24T16:32:42.923+0800: 2852.595: Total time for which application threads were stopped: 0.0001225 seconds, Stopping threads took: 0.0000308 seconds
2017-04-24T16:32:50.443+0800: 2860.116: Total time for which application threads were stopped: 0.0002390 seconds, Stopping threads took: 0.0000536 seconds
2017-04-24T16:32:50.444+0800: 2860.117: Total time for which application threads were stopped: 0.0001857 seconds, Stopping threads took: 0.0000420 seconds
2017-04-24T16:32:50.778+0800: 2860.450: Total time for which application threads were stopped: 0.0002967 seconds, Stopping threads took: 0.0001071 seconds
2017-04-24T16:32:50.778+0800: 2860.451: Total time for which application threads were stopped: 0.0002114 seconds, Stopping threads took: 0.0000520 seconds
2017-04-24T16:32:50.778+0800: 2860.451: Total time for which application threads were stopped: 0.0002245 seconds, Stopping threads took: 0.0000978 seconds
2017-04-24T16:32:50.780+0800: 2860.453: Total time for which application threads were stopped: 0.0002143 seconds, Stopping threads took: 0.0000686 seconds
2017-04-24T16:32:50.780+0800: 2860.453: Total time for which application threads were stopped: 0.0002069 seconds, Stopping threads took: 0.0000632 seconds
2017-04-24T16:32:50.780+0800: 2860.453: Total time for which application threads were stopped: 0.0001620 seconds, Stopping threads took: 0.0000465 seconds
2017-04-24T16:32:50.781+0800: 2860.453: Total time for which application threads were stopped: 0.0001819 seconds, Stopping threads took: 0.0000581 seconds
2017-04-24T16:32:50.781+0800: 2860.454: Total time for which application threads were stopped: 0.0001844 seconds, Stopping threads took: 0.0000455 seconds
2017-04-24T16:32:51.781+0800: 2861.454: Total time for which application threads were stopped: 0.0002123 seconds, Stopping threads took: 0.0000581 seconds
2017-04-24T16:32:55.783+0800: 2865.456: Total time for which application threads were stopped: 0.0002066 seconds, Stopping threads took: 0.0000561 seconds
{Heap before GC invocations=25 (full 2):
 par new generation   total 109248K, used 92797K [0x00000000e0000000, 0x00000000e8000000, 0x00000000e8000000)
  eden space 87424K, 100% used [0x00000000e0000000, 0x00000000e5560000, 0x00000000e5560000)
  from space 21824K,  24% used [0x00000000e6ab0000, 0x00000000e6fef628, 0x00000000e8000000)
  to   space 21824K,   0% used [0x00000000e5560000, 0x00000000e5560000, 0x00000000e6ab0000)
 concurrent mark-sweep generation total 393216K, used 17206K [0x00000000e8000000, 0x0000000100000000, 0x0000000100000000)
 Metaspace       used 41266K, capacity 42024K, committed 42520K, reserved 1087488K
  class space    used 4580K, capacity 4796K, committed 4940K, reserved 1048576K
2017-04-24T16:33:00.427+0800: 2870.099: [GC (Allocation Failure) 2017-04-24T16:33:00.427+0800: 2870.099: [ParNew
Desired survivor size 20112992 bytes, new threshold 8 (max 8)
- age   1:    3237608 bytes,    3237608 total
- age   2:     665976 bytes,    3903584 total
- age   3:      75864 bytes,    3979448 total
- age   4:      17480 bytes,    3996928 total
- age   5:      11776 bytes,    4008704 total
- age   6:      12784 bytes,    4021488 total
- age   7:      21968 bytes,    4043456 total
- age   8:      24480 bytes,    4067936 total
: 92797K->5133K(109248K), 0.0112936 secs] 110003K->22344K(502464K), 0.0115110 secs] [Times: user=0.06 sys=0.00, real=0.01 secs] 
Heap after GC invocations=26 (full 2):
 par new generation   total 109248K, used 5133K [0x00000000e0000000, 0x00000000e8000000, 0x00000000e8000000)
  eden space 87424K,   0% used [0x00000000e0000000, 0x00000000e0000000, 0x00000000e5560000)
  from space 21824K,  23% used [0x00000000e5560000, 0x00000000e5a63598, 0x00000000e6ab0000)
  to   space 21824K,   0% used [0x00000000e6ab0000, 0x00000000e6ab0000, 0x00000000e8000000)
 concurrent mark-sweep generation total 393216K, used 17211K [0x00000000e8000000, 0x0000000100000000, 0x0000000100000000)
 Metaspace       used 41266K, capacity 42024K, committed 42520K, reserved 1087488K
  class space    used 4580K, capacity 4796K, committed 4940K, reserved 1048576K
}
2017-04-24T16:33:00.439+0800: 2870.111: Total time for which application threads were stopped: 0.0121070 seconds, Stopping threads took: 0.0000539 seconds
2017-04-24T16:33:00.439+0800: 2870.112: Total time for which application threads were stopped: 0.0003631 seconds, Stopping threads took: 0.0001283 seconds
2017-04-24T16:33:00.440+0800: 2870.112: Total time for which application threads were stopped: 0.0002790 seconds, Stopping threads took: 0.0001058 seconds
2017-04-24T16:33:00.440+0800: 2870.113: Total time for which application threads were stopped: 0.0001809 seconds, Stopping threads took: 0.0000353 seconds
2017-04-24T16:33:00.441+0800: 2870.113: Total time for which application threads were stopped: 0.0002239 seconds, Stopping threads took: 0.0000622 seconds
2017-04-24T16:33:00.441+0800: 2870.113: Total time for which application threads were stopped: 0.0001790 seconds, Stopping threads took: 0.0000321 seconds
2017-04-24T16:33:00.441+0800: 2870.114: Total time for which application threads were stopped: 0.0001870 seconds, Stopping threads took: 0.0000356 seconds
2017-04-24T16:33:00.442+0800: 2870.114: Total time for which application threads were stopped: 0.0002393 seconds, Stopping threads took: 0.0000767 seconds
2017-04-24T16:33:00.442+0800: 2870.115: Total time for which application threads were stopped: 0.0002037 seconds, Stopping threads took: 0.0000654 seconds
2017-04-24T16:33:00.443+0800: 2870.115: Total time for which application threads were stopped: 0.0003265 seconds, Stopping threads took: 0.0000606 seconds
2017-04-24T16:33:00.443+0800: 2870.116: Total time for which application threads were stopped: 0.0002425 seconds, Stopping threads took: 0.0000359 seconds
2017-04-24T16:33:00.444+0800: 2870.116: Total time for which application threads were stopped: 0.0001969 seconds, Stopping threads took: 0.0000516 seconds
2017-04-24T16:33:00.444+0800: 2870.116: Total time for which application threads were stopped: 0.0001924 seconds, Stopping threads took: 0.0000423 seconds
2017-04-24T16:33:00.444+0800: 2870.117: Total time for which application threads were stopped: 0.0001703 seconds, Stopping threads took: 0.0000334 seconds
2017-04-24T16:33:00.445+0800: 2870.117: Total time for which application threads were stopped: 0.0003695 seconds, Stopping threads took: 0.0000869 seconds
2017-04-24T16:33:00.445+0800: 2870.118: Total time for which application threads were stopped: 0.0003031 seconds, Stopping threads took: 0.0000654 seconds
2017-04-24T16:33:00.446+0800: 2870.118: Total time for which application threads were stopped: 0.0001822 seconds, Stopping threads took: 0.0000590 seconds
2017-04-24T16:33:00.446+0800: 2870.118: Total time for which application threads were stopped: 0.0001764 seconds, Stopping threads took: 0.0000600 seconds
2017-04-24T16:33:00.447+0800: 2870.119: Total time for which application threads were stopped: 0.0001530 seconds, Stopping threads took: 0.0000295 seconds
2017-04-24T16:33:00.447+0800: 2870.119: Total time for which application threads were stopped: 0.0001517 seconds, Stopping threads took: 0.0000516 seconds
2017-04-24T16:33:00.447+0800: 2870.119: Total time for which application threads were stopped: 0.0001305 seconds, Stopping threads took: 0.0000285 seconds
2017-04-24T16:33:00.447+0800: 2870.120: Total time for which application threads were stopped: 0.0001305 seconds, Stopping threads took: 0.0000285 seconds
2017-04-24T16:33:00.455+0800: 2870.128: Total time for which application threads were stopped: 0.0001350 seconds, Stopping threads took: 0.0000407 seconds
2017-04-24T16:33:00.455+0800: 2870.128: Total time for which application threads were stopped: 0.0001289 seconds, Stopping threads took: 0.0000398 seconds
2017-04-24T16:33:00.754+0800: 2870.427: Total time for which application threads were stopped: 0.0002819 seconds, Stopping threads took: 0.0000632 seconds
2017-04-24T16:33:00.754+0800: 2870.427: Total time for which application threads were stopped: 0.0002309 seconds, Stopping threads took: 0.0000548 seconds
2017-04-24T16:33:00.755+0800: 2870.428: Total time for which application threads were stopped: 0.0001812 seconds, Stopping threads took: 0.0000577 seconds
2017-04-24T16:33:00.756+0800: 2870.429: Total time for which application threads were stopped: 0.0001588 seconds, Stopping threads took: 0.0000298 seconds
2017-04-24T16:33:00.756+0800: 2870.429: Total time for which application threads were stopped: 0.0001373 seconds, Stopping threads took: 0.0000244 seconds
2017-04-24T16:33:00.756+0800: 2870.429: Total time for which application threads were stopped: 0.0001354 seconds, Stopping threads took: 0.0000250 seconds
2017-04-24T16:33:00.757+0800: 2870.430: Total time for which application threads were stopped: 0.0001594 seconds, Stopping threads took: 0.0000241 seconds
2017-04-24T16:33:00.757+0800: 2870.430: Total time for which application threads were stopped: 0.0001870 seconds, Stopping threads took: 0.0000375 seconds
2017-04-24T16:33:10.442+0800: 2880.115: Total time for which application threads were stopped: 0.0001703 seconds, Stopping threads took: 0.0000395 seconds
2017-04-24T16:33:10.443+0800: 2880.116: Total time for which application threads were stopped: 0.0001430 seconds, Stopping threads took: 0.0000285 seconds
2017-04-24T16:33:10.723+0800: 2880.396: Total time for which application threads were stopped: 0.0002935 seconds, Stopping threads took: 0.0000645 seconds
2017-04-24T16:33:10.724+0800: 2880.396: Total time for which application threads were stopped: 0.0002332 seconds, Stopping threads took: 0.0000462 seconds
2017-04-24T16:33:10.724+0800: 2880.397: Total time for which application threads were stopped: 0.0002345 seconds, Stopping threads took: 0.0000860 seconds
2017-04-24T16:33:10.726+0800: 2880.398: Total time for which application threads were stopped: 0.0001562 seconds, Stopping threads took: 0.0000289 seconds
2017-04-24T16:33:10.726+0800: 2880.398: Total time for which application threads were stopped: 0.0001376 seconds, Stopping threads took: 0.0000241 seconds
2017-04-24T16:33:10.726+0800: 2880.399: Total time for which application threads were stopped: 0.0001341 seconds, Stopping threads took: 0.0000237 seconds
2017-04-24T16:33:10.726+0800: 2880.399: Total time for which application threads were stopped: 0.0001334 seconds, Stopping threads took: 0.0000247 seconds
2017-04-24T16:33:10.726+0800: 2880.399: Total time for which application threads were stopped: 0.0001318 seconds, Stopping threads took: 0.0000244 seconds
2017-04-24T16:33:20.441+0800: 2890.114: Total time for which application threads were stopped: 0.0001908 seconds, Stopping threads took: 0.0000449 seconds
2017-04-24T16:33:20.442+0800: 2890.115: Total time for which application threads were stopped: 0.0001110 seconds, Stopping threads took: 0.0000225 seconds
2017-04-24T16:33:20.765+0800: 2890.438: Total time for which application threads were stopped: 0.0003005 seconds, Stopping threads took: 0.0000770 seconds
2017-04-24T16:33:20.765+0800: 2890.438: Total time for which application threads were stopped: 0.0001636 seconds, Stopping threads took: 0.0000391 seconds
2017-04-24T16:33:20.766+0800: 2890.438: Total time for which application threads were stopped: 0.0001427 seconds, Stopping threads took: 0.0000276 seconds
2017-04-24T16:33:20.767+0800: 2890.440: Total time for which application threads were stopped: 0.0002662 seconds, Stopping threads took: 0.0000914 seconds
2017-04-24T16:33:20.768+0800: 2890.440: Total time for which application threads were stopped: 0.0001886 seconds, Stopping threads took: 0.0000427 seconds
2017-04-24T16:33:20.768+0800: 2890.440: Total time for which application threads were stopped: 0.0001562 seconds, Stopping threads took: 0.0000334 seconds
2017-04-24T16:33:20.768+0800: 2890.440: Total time for which application threads were stopped: 0.0001966 seconds, Stopping threads took: 0.0000459 seconds
2017-04-24T16:33:20.768+0800: 2890.441: Total time for which application threads were stopped: 0.0001732 seconds, Stopping threads took: 0.0000385 seconds
2017-04-24T16:33:30.417+0800: 2900.090: Total time for which application threads were stopped: 0.0001097 seconds, Stopping threads took: 0.0000247 seconds
2017-04-24T16:33:30.417+0800: 2900.090: Total time for which application threads were stopped: 0.0000645 seconds, Stopping threads took: 0.0000125 seconds
2017-04-24T16:33:30.705+0800: 2900.378: Total time for which application threads were stopped: 0.0000921 seconds, Stopping threads took: 0.0000176 seconds
2017-04-24T16:33:30.705+0800: 2900.378: Total time for which application threads were stopped: 0.0000661 seconds, Stopping threads took: 0.0000128 seconds
2017-04-24T16:33:30.705+0800: 2900.378: Total time for which application threads were stopped: 0.0000507 seconds, Stopping threads took: 0.0000122 seconds
2017-04-24T16:33:30.705+0800: 2900.378: Total time for which application threads were stopped: 0.0000497 seconds, Stopping threads took: 0.0000148 seconds
2017-04-24T16:33:30.705+0800: 2900.378: Total time for which application threads were stopped: 0.0000395 seconds, Stopping threads took: 0.0000093 seconds
2017-04-24T16:33:30.706+0800: 2900.378: Total time for which application threads were stopped: 0.0000375 seconds, Stopping threads took: 0.0000096 seconds
2017-04-24T16:33:30.706+0800: 2900.378: Total time for which application threads were stopped: 0.0000500 seconds, Stopping threads took: 0.0000228 seconds
2017-04-24T16:33:30.706+0800: 2900.378: Total time for which application threads were stopped: 0.0000334 seconds, Stopping threads took: 0.0000077 seconds
2017-04-24T16:33:40.409+0800: 2910.082: Total time for which application threads were stopped: 0.0004907 seconds, Stopping threads took: 0.0000520 seconds
2017-04-24T16:33:40.443+0800: 2910.116: Total time for which application threads were stopped: 0.0001931 seconds, Stopping threads took: 0.0000523 seconds
2017-04-24T16:33:40.444+0800: 2910.117: Total time for which application threads were stopped: 0.0003268 seconds, Stopping threads took: 0.0000247 seconds
2017-04-24T16:33:40.727+0800: 2910.400: Total time for which application threads were stopped: 0.0002633 seconds, Stopping threads took: 0.0000513 seconds
2017-04-24T16:33:40.727+0800: 2910.400: Total time for which application threads were stopped: 0.0002774 seconds, Stopping threads took: 0.0000821 seconds
2017-04-24T16:33:40.727+0800: 2910.401: Total time for which application threads were stopped: 0.0001652 seconds, Stopping threads took: 0.0000417 seconds
2017-04-24T16:33:40.729+0800: 2910.402: Total time for which application threads were stopped: 0.0001495 seconds, Stopping threads took: 0.0000298 seconds
2017-04-24T16:33:40.729+0800: 2910.402: Total time for which application threads were stopped: 0.0001280 seconds, Stopping threads took: 0.0000237 seconds
2017-04-24T16:33:40.729+0800: 2910.402: Total time for which application threads were stopped: 0.0001232 seconds, Stopping threads took: 0.0000237 seconds
2017-04-24T16:33:40.729+0800: 2910.403: Total time for which application threads were stopped: 0.0001232 seconds, Stopping threads took: 0.0000237 seconds
2017-04-24T16:33:40.730+0800: 2910.403: Total time for which application threads were stopped: 0.0004487 seconds, Stopping threads took: 0.0000241 seconds
2017-04-24T16:33:50.444+0800: 2920.117: Total time for which application threads were stopped: 0.0005289 seconds, Stopping threads took: 0.0000593 seconds
2017-04-24T16:33:50.445+0800: 2920.118: Total time for which application threads were stopped: 0.0002069 seconds, Stopping threads took: 0.0000507 seconds
2017-04-24T16:33:50.803+0800: 2920.475: Total time for which application threads were stopped: 0.0002909 seconds, Stopping threads took: 0.0000651 seconds
2017-04-24T16:33:50.803+0800: 2920.475: Total time for which application threads were stopped: 0.0002313 seconds, Stopping threads took: 0.0000565 seconds
2017-04-24T16:33:50.803+0800: 2920.476: Total time for which application threads were stopped: 0.0001854 seconds, Stopping threads took: 0.0000654 seconds
2017-04-24T16:33:50.805+0800: 2920.478: Total time for which application threads were stopped: 0.0002001 seconds, Stopping threads took: 0.0000548 seconds
2017-04-24T16:34:00.433+0800: 2930.106: Total time for which application threads were stopped: 0.0001665 seconds, Stopping threads took: 0.0000369 seconds
2017-04-24T16:34:00.434+0800: 2930.107: Total time for which application threads were stopped: 0.0001389 seconds, Stopping threads took: 0.0000298 seconds
2017-04-24T16:34:00.746+0800: 2930.419: Total time for which application threads were stopped: 0.0002989 seconds, Stopping threads took: 0.0000927 seconds
2017-04-24T16:34:00.746+0800: 2930.419: Total time for which application threads were stopped: 0.0002380 seconds, Stopping threads took: 0.0000744 seconds
2017-04-24T16:34:00.746+0800: 2930.420: Total time for which application threads were stopped: 0.0003265 seconds, Stopping threads took: 0.0001706 seconds
2017-04-24T16:34:00.748+0800: 2930.421: Total time for which application threads were stopped: 0.0001963 seconds, Stopping threads took: 0.0000494 seconds
2017-04-24T16:34:00.749+0800: 2930.422: Total time for which application threads were stopped: 0.0001966 seconds, Stopping threads took: 0.0000471 seconds
2017-04-24T16:34:00.749+0800: 2930.422: Total time for which application threads were stopped: 0.0002576 seconds, Stopping threads took: 0.0001277 seconds
2017-04-24T16:34:00.749+0800: 2930.422: Total time for which application threads were stopped: 0.0002008 seconds, Stopping threads took: 0.0000590 seconds
2017-04-24T16:34:00.749+0800: 2930.423: Total time for which application threads were stopped: 0.0001658 seconds, Stopping threads took: 0.0000548 seconds
2017-04-24T16:34:01.750+0800: 2931.423: Total time for which application threads were stopped: 0.0001979 seconds, Stopping threads took: 0.0000523 seconds
2017-04-24T16:34:10.441+0800: 2940.114: Total time for which application threads were stopped: 0.0001273 seconds, Stopping threads took: 0.0000285 seconds
2017-04-24T16:34:10.442+0800: 2940.115: Total time for which application threads were stopped: 0.0001033 seconds, Stopping threads took: 0.0000266 seconds
2017-04-24T16:34:10.740+0800: 2940.413: Total time for which application threads were stopped: 0.0003836 seconds, Stopping threads took: 0.0001382 seconds
2017-04-24T16:34:10.741+0800: 2940.414: Total time for which application threads were stopped: 0.0002152 seconds, Stopping threads took: 0.0000738 seconds
2017-04-24T16:34:10.741+0800: 2940.414: Total time for which application threads were stopped: 0.0002319 seconds, Stopping threads took: 0.0000632 seconds
2017-04-24T16:34:10.744+0800: 2940.417: Total time for which application threads were stopped: 0.0002200 seconds, Stopping threads took: 0.0000513 seconds
2017-04-24T16:34:10.744+0800: 2940.417: Total time for which application threads were stopped: 0.0001517 seconds, Stopping threads took: 0.0000340 seconds
2017-04-24T16:34:10.744+0800: 2940.417: Total time for which application threads were stopped: 0.0001405 seconds, Stopping threads took: 0.0000305 seconds
2017-04-24T16:34:10.745+0800: 2940.417: Total time for which application threads were stopped: 0.0001957 seconds, Stopping threads took: 0.0000468 seconds
2017-04-24T16:34:10.745+0800: 2940.418: Total time for which application threads were stopped: 0.0001552 seconds, Stopping threads took: 0.0000375 seconds
2017-04-24T16:34:20.437+0800: 2950.109: Total time for which application threads were stopped: 0.0001507 seconds, Stopping threads took: 0.0000305 seconds
2017-04-24T16:34:20.437+0800: 2950.110: Total time for which application threads were stopped: 0.0001488 seconds, Stopping threads took: 0.0000234 seconds
2017-04-24T16:34:20.733+0800: 2950.405: Total time for which application threads were stopped: 0.0002601 seconds, Stopping threads took: 0.0000597 seconds
2017-04-24T16:34:20.733+0800: 2950.405: Total time for which application threads were stopped: 0.0003076 seconds, Stopping threads took: 0.0001373 seconds
2017-04-24T16:34:20.733+0800: 2950.406: Total time for which application threads were stopped: 0.0002338 seconds, Stopping threads took: 0.0000789 seconds
2017-04-24T16:34:20.736+0800: 2950.409: Total time for which application threads were stopped: 0.0002046 seconds, Stopping threads took: 0.0000504 seconds
2017-04-24T16:34:20.737+0800: 2950.409: Total time for which application threads were stopped: 0.0002136 seconds, Stopping threads took: 0.0000622 seconds
2017-04-24T16:34:20.737+0800: 2950.409: Total time for which application threads were stopped: 0.0001770 seconds, Stopping threads took: 0.0000423 seconds
2017-04-24T16:34:20.737+0800: 2950.410: Total time for which application threads were stopped: 0.0001658 seconds, Stopping threads took: 0.0000536 seconds
2017-04-24T16:34:20.737+0800: 2950.410: Total time for which application threads were stopped: 0.0001588 seconds, Stopping threads took: 0.0000398 seconds
2017-04-24T16:34:20.747+0800: 2950.420: Total time for which application threads were stopped: 0.0002502 seconds, Stopping threads took: 0.0000590 seconds
2017-04-24T16:34:21.748+0800: 2951.420: Total time for which application threads were stopped: 0.0000821 seconds, Stopping threads took: 0.0000241 seconds
2017-04-24T16:34:30.436+0800: 2960.109: Total time for which application threads were stopped: 0.0001774 seconds, Stopping threads took: 0.0000459 seconds
2017-04-24T16:34:30.437+0800: 2960.109: Total time for which application threads were stopped: 0.0000888 seconds, Stopping threads took: 0.0000173 seconds
2017-04-24T16:34:30.725+0800: 2960.398: Total time for which application threads were stopped: 0.0002492 seconds, Stopping threads took: 0.0000603 seconds
2017-04-24T16:34:30.726+0800: 2960.398: Total time for which application threads were stopped: 0.0002393 seconds, Stopping threads took: 0.0000574 seconds
2017-04-24T16:34:30.727+0800: 2960.400: Total time for which application threads were stopped: 0.0002280 seconds, Stopping threads took: 0.0000709 seconds
2017-04-24T16:34:30.727+0800: 2960.400: Total time for which application threads were stopped: 0.0001604 seconds, Stopping threads took: 0.0000395 seconds
2017-04-24T16:34:30.729+0800: 2960.402: Total time for which application threads were stopped: 0.0002357 seconds, Stopping threads took: 0.0000670 seconds
2017-04-24T16:34:30.729+0800: 2960.402: Total time for which application threads were stopped: 0.0001902 seconds, Stopping threads took: 0.0000455 seconds
2017-04-24T16:34:30.730+0800: 2960.402: Total time for which application threads were stopped: 0.0002726 seconds, Stopping threads took: 0.0001155 seconds
2017-04-24T16:34:30.740+0800: 2960.412: Total time for which application threads were stopped: 0.0002540 seconds, Stopping threads took: 0.0000616 seconds
2017-04-24T16:34:31.740+0800: 2961.413: Total time for which application threads were stopped: 0.0002248 seconds, Stopping threads took: 0.0000545 seconds
{Heap before GC invocations=26 (full 2):
 par new generation   total 109248K, used 92557K [0x00000000e0000000, 0x00000000e8000000, 0x00000000e8000000)
  eden space 87424K, 100% used [0x00000000e0000000, 0x00000000e5560000, 0x00000000e5560000)
  from space 21824K,  23% used [0x00000000e5560000, 0x00000000e5a63598, 0x00000000e6ab0000)
  to   space 21824K,   0% used [0x00000000e6ab0000, 0x00000000e6ab0000, 0x00000000e8000000)
 concurrent mark-sweep generation total 393216K, used 17211K [0x00000000e8000000, 0x0000000100000000, 0x0000000100000000)
 Metaspace       used 41349K, capacity 42088K, committed 42520K, reserved 1087488K
  class space    used 4580K, capacity 4796K, committed 4940K, reserved 1048576K
2017-04-24T16:34:40.434+0800: 2970.107: [GC (Allocation Failure) 2017-04-24T16:34:40.434+0800: 2970.107: [ParNew
Desired survivor size 20112992 bytes, new threshold 8 (max 8)
- age   1:    3166544 bytes,    3166544 total
- age   2:     711152 bytes,    3877696 total
- age   3:     108544 bytes,    3986240 total
- age   4:      19784 bytes,    4006024 total
- age   5:      16784 bytes,    4022808 total
- age   6:      11776 bytes,    4034584 total
- age   7:      12784 bytes,    4047368 total
- age   8:      21968 bytes,    4069336 total
: 92557K->5108K(109248K), 0.0090564 secs] 109768K->22344K(502464K), 0.0091693 secs] [Times: user=0.02 sys=0.00, real=0.01 secs] 
Heap after GC invocations=27 (full 2):
 par new generation   total 109248K, used 5108K [0x00000000e0000000, 0x00000000e8000000, 0x00000000e8000000)
  eden space 87424K,   0% used [0x00000000e0000000, 0x00000000e0000000, 0x00000000e5560000)
  from space 21824K,  23% used [0x00000000e6ab0000, 0x00000000e6fad360, 0x00000000e8000000)
  to   space 21824K,   0% used [0x00000000e5560000, 0x00000000e5560000, 0x00000000e6ab0000)
 concurrent mark-sweep generation total 393216K, used 17235K [0x00000000e8000000, 0x0000000100000000, 0x0000000100000000)
 Metaspace       used 41349K, capacity 42088K, committed 42520K, reserved 1087488K
  class space    used 4580K, capacity 4796K, committed 4940K, reserved 1048576K
}
2017-04-24T16:34:40.443+0800: 2970.116: Total time for which application threads were stopped: 0.0097502 seconds, Stopping threads took: 0.0000670 seconds
2017-04-24T16:34:40.444+0800: 2970.116: Total time for which application threads were stopped: 0.0001633 seconds, Stopping threads took: 0.0000513 seconds
2017-04-24T16:34:40.444+0800: 2970.116: Total time for which application threads were stopped: 0.0001033 seconds, Stopping threads took: 0.0000305 seconds
2017-04-24T16:34:40.444+0800: 2970.117: Total time for which application threads were stopped: 0.0000921 seconds, Stopping threads took: 0.0000273 seconds
2017-04-24T16:34:40.444+0800: 2970.117: Total time for which application threads were stopped: 0.0000908 seconds, Stopping threads took: 0.0000362 seconds
2017-04-24T16:34:40.444+0800: 2970.117: Total time for which application threads were stopped: 0.0000879 seconds, Stopping threads took: 0.0000237 seconds
2017-04-24T16:34:40.445+0800: 2970.117: Total time for which application threads were stopped: 0.0000917 seconds, Stopping threads took: 0.0000359 seconds
2017-04-24T16:34:40.445+0800: 2970.117: Total time for which application threads were stopped: 0.0000818 seconds, Stopping threads took: 0.0000225 seconds
2017-04-24T16:34:40.445+0800: 2970.118: Total time for which application threads were stopped: 0.0000779 seconds, Stopping threads took: 0.0000225 seconds
2017-04-24T16:34:40.445+0800: 2970.118: Total time for which application threads were stopped: 0.0000994 seconds, Stopping threads took: 0.0000369 seconds
2017-04-24T16:34:40.445+0800: 2970.118: Total time for which application threads were stopped: 0.0000888 seconds, Stopping threads took: 0.0000369 seconds
2017-04-24T16:34:40.445+0800: 2970.118: Total time for which application threads were stopped: 0.0000892 seconds, Stopping threads took: 0.0000305 seconds
2017-04-24T16:34:40.446+0800: 2970.118: Total time for which application threads were stopped: 0.0000863 seconds, Stopping threads took: 0.0000247 seconds
2017-04-24T16:34:40.446+0800: 2970.118: Total time for which application threads were stopped: 0.0000866 seconds, Stopping threads took: 0.0000353 seconds
2017-04-24T16:34:40.446+0800: 2970.119: Total time for which application threads were stopped: 0.0000847 seconds, Stopping threads took: 0.0000208 seconds
2017-04-24T16:34:40.446+0800: 2970.119: Total time for which application threads were stopped: 0.0000786 seconds, Stopping threads took: 0.0000218 seconds
2017-04-24T16:34:40.447+0800: 2970.119: Total time for which application threads were stopped: 0.0001148 seconds, Stopping threads took: 0.0000395 seconds
2017-04-24T16:34:40.447+0800: 2970.119: Total time for which application threads were stopped: 0.0001030 seconds, Stopping threads took: 0.0000356 seconds
2017-04-24T16:34:40.447+0800: 2970.119: Total time for which application threads were stopped: 0.0000911 seconds, Stopping threads took: 0.0000353 seconds
2017-04-24T16:34:40.447+0800: 2970.120: Total time for which application threads were stopped: 0.0000885 seconds, Stopping threads took: 0.0000327 seconds
2017-04-24T16:34:40.447+0800: 2970.120: Total time for which application threads were stopped: 0.0000799 seconds, Stopping threads took: 0.0000244 seconds
2017-04-24T16:34:40.448+0800: 2970.120: Total time for which application threads were stopped: 0.0002159 seconds, Stopping threads took: 0.0000321 seconds
2017-04-24T16:34:40.448+0800: 2970.120: Total time for which application threads were stopped: 0.0001944 seconds, Stopping threads took: 0.0000282 seconds
2017-04-24T16:34:40.452+0800: 2970.124: Total time for which application threads were stopped: 0.0001337 seconds, Stopping threads took: 0.0000388 seconds
2017-04-24T16:34:40.452+0800: 2970.125: Total time for which application threads were stopped: 0.0000921 seconds, Stopping threads took: 0.0000199 seconds
2017-04-24T16:34:40.754+0800: 2970.427: Total time for which application threads were stopped: 0.0005613 seconds, Stopping threads took: 0.0000818 seconds
2017-04-24T16:34:40.755+0800: 2970.427: Total time for which application threads were stopped: 0.0005372 seconds, Stopping threads took: 0.0000792 seconds
2017-04-24T16:34:40.756+0800: 2970.429: Total time for which application threads were stopped: 0.0001950 seconds, Stopping threads took: 0.0000475 seconds
2017-04-24T16:34:40.757+0800: 2970.429: Total time for which application threads were stopped: 0.0002159 seconds, Stopping threads took: 0.0000574 seconds
2017-04-24T16:34:40.757+0800: 2970.430: Total time for which application threads were stopped: 0.0002184 seconds, Stopping threads took: 0.0000776 seconds
2017-04-24T16:34:40.757+0800: 2970.430: Total time for which application threads were stopped: 0.0001819 seconds, Stopping threads took: 0.0000629 seconds
2017-04-24T16:34:40.758+0800: 2970.430: Total time for which application threads were stopped: 0.0002184 seconds, Stopping threads took: 0.0000824 seconds
2017-04-24T16:34:40.767+0800: 2970.440: Total time for which application threads were stopped: 0.0002200 seconds, Stopping threads took: 0.0000468 seconds
2017-04-24T16:34:41.767+0800: 2971.440: Total time for which application threads were stopped: 0.0002030 seconds, Stopping threads took: 0.0000555 seconds
2017-04-24T16:34:50.437+0800: 2980.110: Total time for which application threads were stopped: 0.0001463 seconds, Stopping threads took: 0.0000334 seconds
2017-04-24T16:34:50.438+0800: 2980.111: Total time for which application threads were stopped: 0.0000818 seconds, Stopping threads took: 0.0000170 seconds
2017-04-24T16:34:50.746+0800: 2980.419: Total time for which application threads were stopped: 0.0002367 seconds, Stopping threads took: 0.0000516 seconds
2017-04-24T16:34:50.746+0800: 2980.419: Total time for which application threads were stopped: 0.0001588 seconds, Stopping threads took: 0.0000298 seconds
2017-04-24T16:34:50.747+0800: 2980.420: Total time for which application threads were stopped: 0.0001430 seconds, Stopping threads took: 0.0000266 seconds
2017-04-24T16:34:50.747+0800: 2980.420: Total time for which application threads were stopped: 0.0001337 seconds, Stopping threads took: 0.0000257 seconds
2017-04-24T16:34:50.747+0800: 2980.420: Total time for which application threads were stopped: 0.0004279 seconds, Stopping threads took: 0.0000257 seconds
2017-04-24T16:34:50.756+0800: 2980.429: Total time for which application threads were stopped: 0.0002364 seconds, Stopping threads took: 0.0000500 seconds
2017-04-24T16:34:56.760+0800: 2986.432: Total time for which application threads were stopped: 0.0001931 seconds, Stopping threads took: 0.0000510 seconds
2017-04-24T16:35:00.438+0800: 2990.111: Total time for which application threads were stopped: 0.0002556 seconds, Stopping threads took: 0.0000619 seconds
2017-04-24T16:35:00.440+0800: 2990.112: Total time for which application threads were stopped: 0.0002399 seconds, Stopping threads took: 0.0000696 seconds
2017-04-24T16:35:00.946+0800: 2990.619: Total time for which application threads were stopped: 0.0001594 seconds, Stopping threads took: 0.0000362 seconds
2017-04-24T16:35:00.956+0800: 2990.629: Total time for which application threads were stopped: 0.0001661 seconds, Stopping threads took: 0.0000353 seconds
2017-04-24T16:35:10.443+0800: 3000.115: Total time for which application threads were stopped: 0.0001610 seconds, Stopping threads took: 0.0000449 seconds
2017-04-24T16:35:10.443+0800: 3000.116: Total time for which application threads were stopped: 0.0001081 seconds, Stopping threads took: 0.0000231 seconds
2017-04-24T16:35:10.867+0800: 3000.540: Total time for which application threads were stopped: 0.0005087 seconds, Stopping threads took: 0.0000494 seconds
2017-04-24T16:35:10.868+0800: 3000.540: Total time for which application threads were stopped: 0.0002390 seconds, Stopping threads took: 0.0000670 seconds
2017-04-24T16:35:10.868+0800: 3000.540: Total time for which application threads were stopped: 0.0001520 seconds, Stopping threads took: 0.0000321 seconds
2017-04-24T16:35:10.868+0800: 3000.541: Total time for which application threads were stopped: 0.0002540 seconds, Stopping threads took: 0.0001158 seconds
2017-04-24T16:35:10.869+0800: 3000.541: Total time for which application threads were stopped: 0.0001822 seconds, Stopping threads took: 0.0000632 seconds
2017-04-24T16:35:20.442+0800: 3010.115: Total time for which application threads were stopped: 0.0002774 seconds, Stopping threads took: 0.0000552 seconds
2017-04-24T16:35:20.444+0800: 3010.116: Total time for which application threads were stopped: 0.0001880 seconds, Stopping threads took: 0.0000327 seconds
2017-04-24T16:35:20.814+0800: 3010.487: Total time for which application threads were stopped: 0.0001722 seconds, Stopping threads took: 0.0000513 seconds
2017-04-24T16:35:20.815+0800: 3010.488: Total time for which application threads were stopped: 0.0001376 seconds, Stopping threads took: 0.0000263 seconds
2017-04-24T16:35:20.815+0800: 3010.488: Total time for which application threads were stopped: 0.0001238 seconds, Stopping threads took: 0.0000250 seconds
2017-04-24T16:35:20.815+0800: 3010.489: Total time for which application threads were stopped: 0.0001010 seconds, Stopping threads took: 0.0000189 seconds
2017-04-24T16:35:20.816+0800: 3010.489: Total time for which application threads were stopped: 0.0000969 seconds, Stopping threads took: 0.0000180 seconds
2017-04-24T16:35:20.822+0800: 3010.495: Total time for which application threads were stopped: 0.0001588 seconds, Stopping threads took: 0.0000318 seconds
2017-04-24T16:35:30.417+0800: 3020.090: Total time for which application threads were stopped: 0.0000965 seconds, Stopping threads took: 0.0000196 seconds
2017-04-24T16:35:30.418+0800: 3020.090: Total time for which application threads were stopped: 0.0000869 seconds, Stopping threads took: 0.0000164 seconds
2017-04-24T16:35:30.674+0800: 3020.346: Total time for which application threads were stopped: 0.0001030 seconds, Stopping threads took: 0.0000202 seconds
2017-04-24T16:35:30.674+0800: 3020.347: Total time for which application threads were stopped: 0.0000792 seconds, Stopping threads took: 0.0000144 seconds
2017-04-24T16:35:30.674+0800: 3020.347: Total time for which application threads were stopped: 0.0000712 seconds, Stopping threads took: 0.0000115 seconds
2017-04-24T16:35:30.674+0800: 3020.347: Total time for which application threads were stopped: 0.0000520 seconds, Stopping threads took: 0.0000096 seconds
2017-04-24T16:35:30.674+0800: 3020.347: Total time for which application threads were stopped: 0.0000481 seconds, Stopping threads took: 0.0000090 seconds
2017-04-24T16:35:30.677+0800: 3020.350: Total time for which application threads were stopped: 0.0000728 seconds, Stopping threads took: 0.0000122 seconds
2017-04-24T16:35:40.683+0800: 3030.355: Total time for which application threads were stopped: 0.0002110 seconds, Stopping threads took: 0.0000484 seconds
2017-04-24T16:35:40.754+0800: 3030.427: Total time for which application threads were stopped: 0.0003069 seconds, Stopping threads took: 0.0000500 seconds
2017-04-24T16:35:40.755+0800: 3030.427: Total time for which application threads were stopped: 0.0001979 seconds, Stopping threads took: 0.0000301 seconds
2017-04-24T16:35:40.755+0800: 3030.427: Total time for which application threads were stopped: 0.0002749 seconds, Stopping threads took: 0.0000430 seconds
2017-04-24T16:35:40.755+0800: 3030.428: Total time for which application threads were stopped: 0.0001915 seconds, Stopping threads took: 0.0000266 seconds
2017-04-24T16:35:40.756+0800: 3030.428: Total time for which application threads were stopped: 0.0002200 seconds, Stopping threads took: 0.0000273 seconds
2017-04-24T16:35:40.765+0800: 3030.438: Total time for which application threads were stopped: 0.0002229 seconds, Stopping threads took: 0.0000481 seconds
2017-04-24T16:35:50.439+0800: 3040.112: Total time for which application threads were stopped: 0.0001453 seconds, Stopping threads took: 0.0000372 seconds
2017-04-24T16:35:50.440+0800: 3040.113: Total time for which application threads were stopped: 0.0000895 seconds, Stopping threads took: 0.0000205 seconds
2017-04-24T16:35:50.776+0800: 3040.449: Total time for which application threads were stopped: 0.0002717 seconds, Stopping threads took: 0.0000561 seconds
2017-04-24T16:35:50.777+0800: 3040.450: Total time for which application threads were stopped: 0.0002078 seconds, Stopping threads took: 0.0000443 seconds
2017-04-24T16:35:50.777+0800: 3040.450: Total time for which application threads were stopped: 0.0001491 seconds, Stopping threads took: 0.0000301 seconds
2017-04-24T16:35:50.777+0800: 3040.450: Total time for which application threads were stopped: 0.0001758 seconds, Stopping threads took: 0.0000385 seconds
2017-04-24T16:35:50.777+0800: 3040.450: Total time for which application threads were stopped: 0.0001334 seconds, Stopping threads took: 0.0000266 seconds
2017-04-24T16:35:50.787+0800: 3040.460: Total time for which application threads were stopped: 0.0002473 seconds, Stopping threads took: 0.0000529 seconds
2017-04-24T16:35:51.788+0800: 3041.461: Total time for which application threads were stopped: 0.0001280 seconds, Stopping threads took: 0.0000314 seconds
2017-04-24T16:36:00.435+0800: 3050.107: Total time for which application threads were stopped: 0.0001924 seconds, Stopping threads took: 0.0000462 seconds
2017-04-24T16:36:00.436+0800: 3050.108: Total time for which application threads were stopped: 0.0001809 seconds, Stopping threads took: 0.0000552 seconds
2017-04-24T16:36:00.809+0800: 3050.481: Total time for which application threads were stopped: 0.0002588 seconds, Stopping threads took: 0.0000507 seconds
2017-04-24T16:36:00.809+0800: 3050.482: Total time for which application threads were stopped: 0.0002069 seconds, Stopping threads took: 0.0000449 seconds
2017-04-24T16:36:00.809+0800: 3050.482: Total time for which application threads were stopped: 0.0001437 seconds, Stopping threads took: 0.0000298 seconds
2017-04-24T16:36:00.809+0800: 3050.482: Total time for which application threads were stopped: 0.0001248 seconds, Stopping threads took: 0.0000237 seconds
2017-04-24T16:36:00.810+0800: 3050.482: Total time for which application threads were stopped: 0.0004215 seconds, Stopping threads took: 0.0000289 seconds
2017-04-24T16:36:00.817+0800: 3050.491: Total time for which application threads were stopped: 0.0002085 seconds, Stopping threads took: 0.0000465 seconds
2017-04-24T16:36:10.444+0800: 3060.117: Total time for which application threads were stopped: 0.0001357 seconds, Stopping threads took: 0.0000301 seconds
2017-04-24T16:36:10.445+0800: 3060.118: Total time for which application threads were stopped: 0.0000754 seconds, Stopping threads took: 0.0000180 seconds
2017-04-24T16:36:10.767+0800: 3060.440: Total time for which application threads were stopped: 0.0002627 seconds, Stopping threads took: 0.0000507 seconds
2017-04-24T16:36:10.776+0800: 3060.449: Total time for which application threads were stopped: 0.0005045 seconds, Stopping threads took: 0.0000475 seconds
{Heap before GC invocations=27 (full 2):
 par new generation   total 109248K, used 92532K [0x00000000e0000000, 0x00000000e8000000, 0x00000000e8000000)
  eden space 87424K, 100% used [0x00000000e0000000, 0x00000000e5560000, 0x00000000e5560000)
  from space 21824K,  23% used [0x00000000e6ab0000, 0x00000000e6fad360, 0x00000000e8000000)
  to   space 21824K,   0% used [0x00000000e5560000, 0x00000000e5560000, 0x00000000e6ab0000)
 concurrent mark-sweep generation total 393216K, used 17235K [0x00000000e8000000, 0x0000000100000000, 0x0000000100000000)
 Metaspace       used 41389K, capacity 42088K, committed 42520K, reserved 1087488K
  class space    used 4580K, capacity 4796K, committed 4940K, reserved 1048576K
2017-04-24T16:36:20.436+0800: 3070.109: [GC (Allocation Failure) 2017-04-24T16:36:20.436+0800: 3070.109: [ParNew
Desired survivor size 20112992 bytes, new threshold 8 (max 8)
- age   1:    3154880 bytes,    3154880 total
- age   2:     705088 bytes,    3859968 total
- age   3:      86600 bytes,    3946568 total
- age   4:      52600 bytes,    3999168 total
- age   5:      19056 bytes,    4018224 total
- age   6:      16784 bytes,    4035008 total
- age   7:      11776 bytes,    4046784 total
- age   8:      12784 bytes,    4059568 total
: 92532K->5444K(109248K), 0.0116403 secs] 109768K->22701K(502464K), 0.0117878 secs] [Times: user=0.02 sys=0.02, real=0.01 secs] 
Heap after GC invocations=28 (full 2):
 par new generation   total 109248K, used 5444K [0x00000000e0000000, 0x00000000e8000000, 0x00000000e8000000)
  eden space 87424K,   0% used [0x00000000e0000000, 0x00000000e0000000, 0x00000000e5560000)
  from space 21824K,  24% used [0x00000000e5560000, 0x00000000e5ab1128, 0x00000000e6ab0000)
  to   space 21824K,   0% used [0x00000000e6ab0000, 0x00000000e6ab0000, 0x00000000e8000000)
 concurrent mark-sweep generation total 393216K, used 17256K [0x00000000e8000000, 0x0000000100000000, 0x0000000100000000)
 Metaspace       used 41389K, capacity 42088K, committed 42520K, reserved 1087488K
  class space    used 4580K, capacity 4796K, committed 4940K, reserved 1048576K
}
2017-04-24T16:36:20.447+0800: 3070.120: Total time for which application threads were stopped: 0.0124200 seconds, Stopping threads took: 0.0000568 seconds
2017-04-24T16:36:20.448+0800: 3070.121: Total time for which application threads were stopped: 0.0003169 seconds, Stopping threads took: 0.0001155 seconds
2017-04-24T16:36:20.449+0800: 3070.122: Total time for which application threads were stopped: 0.0002114 seconds, Stopping threads took: 0.0000478 seconds
2017-04-24T16:36:20.451+0800: 3070.124: Total time for which application threads were stopped: 0.0002669 seconds, Stopping threads took: 0.0000860 seconds
2017-04-24T16:36:20.460+0800: 3070.133: Total time for which application threads were stopped: 0.0000927 seconds, Stopping threads took: 0.0000199 seconds
2017-04-24T16:36:20.461+0800: 3070.134: Total time for which application threads were stopped: 0.0001091 seconds, Stopping threads took: 0.0000221 seconds
2017-04-24T16:36:20.785+0800: 3070.458: Total time for which application threads were stopped: 0.0002518 seconds, Stopping threads took: 0.0000510 seconds
2017-04-24T16:36:20.787+0800: 3070.460: Total time for which application threads were stopped: 0.0002656 seconds, Stopping threads took: 0.0000741 seconds
2017-04-24T16:36:20.787+0800: 3070.460: Total time for which application threads were stopped: 0.0002069 seconds, Stopping threads took: 0.0000481 seconds
2017-04-24T16:36:20.787+0800: 3070.460: Total time for which application threads were stopped: 0.0002001 seconds, Stopping threads took: 0.0000465 seconds
2017-04-24T16:36:20.788+0800: 3070.461: Total time for which application threads were stopped: 0.0002345 seconds, Stopping threads took: 0.0000619 seconds
2017-04-24T16:36:20.788+0800: 3070.461: Total time for which application threads were stopped: 0.0001488 seconds, Stopping threads took: 0.0000305 seconds
2017-04-24T16:36:26.791+0800: 3076.464: Total time for which application threads were stopped: 0.0001982 seconds, Stopping threads took: 0.0000542 seconds
2017-04-24T16:36:30.454+0800: 3080.127: Total time for which application threads were stopped: 0.0001546 seconds, Stopping threads took: 0.0000455 seconds
2017-04-24T16:36:30.455+0800: 3080.128: Total time for which application threads were stopped: 0.0001036 seconds, Stopping threads took: 0.0000205 seconds
2017-04-24T16:36:30.745+0800: 3080.418: Total time for which application threads were stopped: 0.0002534 seconds, Stopping threads took: 0.0000609 seconds
2017-04-24T16:36:30.746+0800: 3080.419: Total time for which application threads were stopped: 0.0002726 seconds, Stopping threads took: 0.0001052 seconds
2017-04-24T16:36:30.746+0800: 3080.419: Total time for which application threads were stopped: 0.0002168 seconds, Stopping threads took: 0.0000635 seconds
2017-04-24T16:36:30.748+0800: 3080.421: Total time for which application threads were stopped: 0.0001738 seconds, Stopping threads took: 0.0000382 seconds
2017-04-24T16:36:30.748+0800: 3080.421: Total time for which application threads were stopped: 0.0001860 seconds, Stopping threads took: 0.0000436 seconds
2017-04-24T16:36:30.748+0800: 3080.421: Total time for which application threads were stopped: 0.0001780 seconds, Stopping threads took: 0.0000439 seconds
2017-04-24T16:36:30.749+0800: 3080.421: Total time for which application threads were stopped: 0.0001767 seconds, Stopping threads took: 0.0000539 seconds
2017-04-24T16:36:30.749+0800: 3080.422: Total time for which application threads were stopped: 0.0001758 seconds, Stopping threads took: 0.0000532 seconds
2017-04-24T16:36:40.443+0800: 3090.117: Total time for which application threads were stopped: 0.0001758 seconds, Stopping threads took: 0.0000385 seconds
2017-04-24T16:36:40.444+0800: 3090.117: Total time for which application threads were stopped: 0.0001004 seconds, Stopping threads took: 0.0000298 seconds
2017-04-24T16:36:40.704+0800: 3090.377: Total time for which application threads were stopped: 0.0002438 seconds, Stopping threads took: 0.0000539 seconds
2017-04-24T16:36:40.704+0800: 3090.377: Total time for which application threads were stopped: 0.0002107 seconds, Stopping threads took: 0.0000837 seconds
2017-04-24T16:36:40.704+0800: 3090.377: Total time for which application threads were stopped: 0.0001392 seconds, Stopping threads took: 0.0000269 seconds
2017-04-24T16:36:40.706+0800: 3090.379: Total time for which application threads were stopped: 0.0002114 seconds, Stopping threads took: 0.0000417 seconds
2017-04-24T16:36:40.706+0800: 3090.379: Total time for which application threads were stopped: 0.0001370 seconds, Stopping threads took: 0.0000260 seconds
2017-04-24T16:36:40.706+0800: 3090.380: Total time for which application threads were stopped: 0.0001440 seconds, Stopping threads took: 0.0000241 seconds
2017-04-24T16:36:40.707+0800: 3090.380: Total time for which application threads were stopped: 0.0001283 seconds, Stopping threads took: 0.0000250 seconds
2017-04-24T16:36:40.707+0800: 3090.380: Total time for which application threads were stopped: 0.0001238 seconds, Stopping threads took: 0.0000237 seconds
2017-04-24T16:36:41.708+0800: 3091.380: Total time for which application threads were stopped: 0.0000815 seconds, Stopping threads took: 0.0000225 seconds
2017-04-24T16:36:45.711+0800: 3095.384: Total time for which application threads were stopped: 0.0002091 seconds, Stopping threads took: 0.0000635 seconds
2017-04-24T16:36:50.446+0800: 3100.119: Total time for which application threads were stopped: 0.0002438 seconds, Stopping threads took: 0.0000565 seconds
2017-04-24T16:36:50.447+0800: 3100.120: Total time for which application threads were stopped: 0.0002184 seconds, Stopping threads took: 0.0000500 seconds
2017-04-24T16:36:50.739+0800: 3100.412: Total time for which application threads were stopped: 0.0002784 seconds, Stopping threads took: 0.0000767 seconds
2017-04-24T16:36:50.739+0800: 3100.412: Total time for which application threads were stopped: 0.0002236 seconds, Stopping threads took: 0.0000860 seconds
2017-04-24T16:36:50.739+0800: 3100.412: Total time for which application threads were stopped: 0.0001883 seconds, Stopping threads took: 0.0000625 seconds
2017-04-24T16:36:50.742+0800: 3100.414: Total time for which application threads were stopped: 0.0002143 seconds, Stopping threads took: 0.0000459 seconds
2017-04-24T16:36:50.742+0800: 3100.415: Total time for which application threads were stopped: 0.0001376 seconds, Stopping threads took: 0.0000269 seconds
2017-04-24T16:36:50.742+0800: 3100.415: Total time for which application threads were stopped: 0.0001257 seconds, Stopping threads took: 0.0000247 seconds
2017-04-24T16:36:50.742+0800: 3100.415: Total time for which application threads were stopped: 0.0001241 seconds, Stopping threads took: 0.0000247 seconds
2017-04-24T16:36:50.742+0800: 3100.415: Total time for which application threads were stopped: 0.0001238 seconds, Stopping threads took: 0.0000247 seconds
2017-04-24T16:37:00.416+0800: 3110.089: Total time for which application threads were stopped: 0.0001001 seconds, Stopping threads took: 0.0000257 seconds
2017-04-24T16:37:00.417+0800: 3110.090: Total time for which application threads were stopped: 0.0000795 seconds, Stopping threads took: 0.0000160 seconds
2017-04-24T16:37:00.725+0800: 3110.398: Total time for which application threads were stopped: 0.0002717 seconds, Stopping threads took: 0.0000539 seconds
2017-04-24T16:37:00.726+0800: 3110.399: Total time for which application threads were stopped: 0.0002364 seconds, Stopping threads took: 0.0000523 seconds
2017-04-24T16:37:00.726+0800: 3110.399: Total time for which application threads were stopped: 0.0001719 seconds, Stopping threads took: 0.0000346 seconds
2017-04-24T16:37:00.728+0800: 3110.401: Total time for which application threads were stopped: 0.0002367 seconds, Stopping threads took: 0.0000382 seconds
2017-04-24T16:37:00.728+0800: 3110.401: Total time for which application threads were stopped: 0.0002296 seconds, Stopping threads took: 0.0000449 seconds
2017-04-24T16:37:00.728+0800: 3110.401: Total time for which application threads were stopped: 0.0003483 seconds, Stopping threads took: 0.0000446 seconds
2017-04-24T16:37:00.729+0800: 3110.402: Total time for which application threads were stopped: 0.0002085 seconds, Stopping threads took: 0.0000391 seconds
2017-04-24T16:37:00.729+0800: 3110.402: Total time for which application threads were stopped: 0.0001867 seconds, Stopping threads took: 0.0000350 seconds
2017-04-24T16:37:10.732+0800: 3120.405: Total time for which application threads were stopped: 0.0002662 seconds, Stopping threads took: 0.0000520 seconds
2017-04-24T16:37:10.793+0800: 3120.465: Total time for which application threads were stopped: 0.0003227 seconds, Stopping threads took: 0.0001091 seconds
2017-04-24T16:37:10.793+0800: 3120.465: Total time for which application threads were stopped: 0.0002062 seconds, Stopping threads took: 0.0000783 seconds
2017-04-24T16:37:10.795+0800: 3120.467: Total time for which application threads were stopped: 0.0002948 seconds, Stopping threads took: 0.0000292 seconds
2017-04-24T16:37:10.795+0800: 3120.467: Total time for which application threads were stopped: 0.0001934 seconds, Stopping threads took: 0.0000257 seconds
2017-04-24T16:37:10.795+0800: 3120.468: Total time for which application threads were stopped: 0.0001844 seconds, Stopping threads took: 0.0000241 seconds
2017-04-24T16:37:10.795+0800: 3120.468: Total time for which application threads were stopped: 0.0001828 seconds, Stopping threads took: 0.0000247 seconds
2017-04-24T16:37:10.796+0800: 3120.468: Total time for which application threads were stopped: 0.0004176 seconds, Stopping threads took: 0.0000241 seconds
2017-04-24T16:37:20.408+0800: 3130.081: Total time for which application threads were stopped: 0.0004478 seconds, Stopping threads took: 0.0000545 seconds
2017-04-24T16:37:20.439+0800: 3130.111: Total time for which application threads were stopped: 0.0001703 seconds, Stopping threads took: 0.0000350 seconds
2017-04-24T16:37:20.439+0800: 3130.112: Total time for which application threads were stopped: 0.0001190 seconds, Stopping threads took: 0.0000208 seconds
2017-04-24T16:37:20.811+0800: 3130.484: Total time for which application threads were stopped: 0.0002746 seconds, Stopping threads took: 0.0000606 seconds
2017-04-24T16:37:20.812+0800: 3130.485: Total time for which application threads were stopped: 0.0002207 seconds, Stopping threads took: 0.0000427 seconds
2017-04-24T16:37:30.442+0800: 3140.115: Total time for which application threads were stopped: 0.0002640 seconds, Stopping threads took: 0.0000532 seconds
2017-04-24T16:37:30.444+0800: 3140.116: Total time for which application threads were stopped: 0.0001552 seconds, Stopping threads took: 0.0000382 seconds
2017-04-24T16:37:30.780+0800: 3140.452: Total time for which application threads were stopped: 0.0002832 seconds, Stopping threads took: 0.0000757 seconds
2017-04-24T16:37:30.780+0800: 3140.452: Total time for which application threads were stopped: 0.0002582 seconds, Stopping threads took: 0.0001020 seconds
2017-04-24T16:37:30.780+0800: 3140.453: Total time for which application threads were stopped: 0.0001822 seconds, Stopping threads took: 0.0000593 seconds
2017-04-24T16:37:30.782+0800: 3140.454: Total time for which application threads were stopped: 0.0002425 seconds, Stopping threads took: 0.0000645 seconds
2017-04-24T16:37:30.782+0800: 3140.455: Total time for which application threads were stopped: 0.0002030 seconds, Stopping threads took: 0.0000645 seconds
2017-04-24T16:37:30.782+0800: 3140.455: Total time for which application threads were stopped: 0.0001880 seconds, Stopping threads took: 0.0000471 seconds
2017-04-24T16:37:30.783+0800: 3140.455: Total time for which application threads were stopped: 0.0001722 seconds, Stopping threads took: 0.0000491 seconds
2017-04-24T16:37:30.783+0800: 3140.455: Total time for which application threads were stopped: 0.0001402 seconds, Stopping threads took: 0.0000308 seconds
2017-04-24T16:37:40.419+0800: 3150.091: Total time for which application threads were stopped: 0.0002560 seconds, Stopping threads took: 0.0000590 seconds
2017-04-24T16:37:40.442+0800: 3150.115: Total time for which application threads were stopped: 0.0001366 seconds, Stopping threads took: 0.0000285 seconds
2017-04-24T16:37:40.443+0800: 3150.115: Total time for which application threads were stopped: 0.0002322 seconds, Stopping threads took: 0.0000196 seconds
2017-04-24T16:37:40.756+0800: 3150.428: Total time for which application threads were stopped: 0.0002774 seconds, Stopping threads took: 0.0000581 seconds
2017-04-24T16:37:40.756+0800: 3150.428: Total time for which application threads were stopped: 0.0002175 seconds, Stopping threads took: 0.0000529 seconds
2017-04-24T16:37:40.756+0800: 3150.428: Total time for which application threads were stopped: 0.0001568 seconds, Stopping threads took: 0.0000330 seconds
2017-04-24T16:37:40.758+0800: 3150.430: Total time for which application threads were stopped: 0.0001889 seconds, Stopping threads took: 0.0000369 seconds
2017-04-24T16:37:40.758+0800: 3150.430: Total time for which application threads were stopped: 0.0002216 seconds, Stopping threads took: 0.0000718 seconds
2017-04-24T16:37:40.758+0800: 3150.431: Total time for which application threads were stopped: 0.0001475 seconds, Stopping threads took: 0.0000301 seconds
2017-04-24T16:37:40.758+0800: 3150.431: Total time for which application threads were stopped: 0.0001360 seconds, Stopping threads took: 0.0000247 seconds
2017-04-24T16:37:40.759+0800: 3150.431: Total time for which application threads were stopped: 0.0001677 seconds, Stopping threads took: 0.0000334 seconds
2017-04-24T16:37:41.759+0800: 3151.432: Total time for which application threads were stopped: 0.0002059 seconds, Stopping threads took: 0.0000513 seconds
2017-04-24T16:37:50.437+0800: 3160.110: Total time for which application threads were stopped: 0.0002803 seconds, Stopping threads took: 0.0000340 seconds
2017-04-24T16:37:50.438+0800: 3160.111: Total time for which application threads were stopped: 0.0000763 seconds, Stopping threads took: 0.0000173 seconds
2017-04-24T16:37:50.723+0800: 3160.395: Total time for which application threads were stopped: 0.0002912 seconds, Stopping threads took: 0.0000741 seconds
2017-04-24T16:37:50.723+0800: 3160.396: Total time for which application threads were stopped: 0.0002175 seconds, Stopping threads took: 0.0000452 seconds
2017-04-24T16:37:50.723+0800: 3160.396: Total time for which application threads were stopped: 0.0002191 seconds, Stopping threads took: 0.0000975 seconds
2017-04-24T16:37:50.725+0800: 3160.398: Total time for which application threads were stopped: 0.0002434 seconds, Stopping threads took: 0.0000629 seconds
2017-04-24T16:37:50.725+0800: 3160.398: Total time for which application threads were stopped: 0.0001841 seconds, Stopping threads took: 0.0000555 seconds
2017-04-24T16:37:50.726+0800: 3160.398: Total time for which application threads were stopped: 0.0002149 seconds, Stopping threads took: 0.0000609 seconds
2017-04-24T16:37:50.726+0800: 3160.398: Total time for which application threads were stopped: 0.0002264 seconds, Stopping threads took: 0.0000654 seconds
2017-04-24T16:37:50.726+0800: 3160.399: Total time for which application threads were stopped: 0.0001838 seconds, Stopping threads took: 0.0000584 seconds
2017-04-24T16:37:50.736+0800: 3160.409: Total time for which application threads were stopped: 0.0002216 seconds, Stopping threads took: 0.0000484 seconds
{Heap before GC invocations=28 (full 2):
 par new generation   total 109248K, used 92607K [0x00000000e0000000, 0x00000000e8000000, 0x00000000e8000000)
  eden space 87424K,  99% used [0x00000000e0000000, 0x00000000e551eb98, 0x00000000e5560000)
  from space 21824K,  24% used [0x00000000e5560000, 0x00000000e5ab1128, 0x00000000e6ab0000)
  to   space 21824K,   0% used [0x00000000e6ab0000, 0x00000000e6ab0000, 0x00000000e8000000)
 concurrent mark-sweep generation total 393216K, used 17256K [0x00000000e8000000, 0x0000000100000000, 0x0000000100000000)
 Metaspace       used 41436K, capacity 42288K, committed 42776K, reserved 1087488K
  class space    used 4580K, capacity 4796K, committed 4940K, reserved 1048576K
2017-04-24T16:38:00.439+0800: 3170.112: [GC (Allocation Failure) 2017-04-24T16:38:00.439+0800: 3170.112: [ParNew
Desired survivor size 20112992 bytes, new threshold 8 (max 8)
- age   1:    3148616 bytes,    3148616 total
- age   2:     694200 bytes,    3842816 total
- age   3:      79152 bytes,    3921968 total
- age   4:      30896 bytes,    3952864 total
- age   5:      51872 bytes,    4004736 total
- age   6:      19056 bytes,    4023792 total
- age   7:      16784 bytes,    4040576 total
- age   8:      11776 bytes,    4052352 total
: 92607K->5459K(109248K), 0.0110216 secs] 109863K->22728K(502464K), 0.0111714 secs] [Times: user=0.06 sys=0.00, real=0.01 secs] 
Heap after GC invocations=29 (full 2):
 par new generation   total 109248K, used 5459K [0x00000000e0000000, 0x00000000e8000000, 0x00000000e8000000)
  eden space 87424K,   0% used [0x00000000e0000000, 0x00000000e0000000, 0x00000000e5560000)
  from space 21824K,  25% used [0x00000000e6ab0000, 0x00000000e7004d48, 0x00000000e8000000)
  to   space 21824K,   0% used [0x00000000e5560000, 0x00000000e5560000, 0x00000000e6ab0000)
 concurrent mark-sweep generation total 393216K, used 17269K [0x00000000e8000000, 0x0000000100000000, 0x0000000100000000)
 Metaspace       used 41436K, capacity 42288K, committed 42776K, reserved 1087488K
  class space    used 4580K, capacity 4796K, committed 4940K, reserved 1048576K
}
2017-04-24T16:38:00.450+0800: 3170.123: Total time for which application threads were stopped: 0.0118019 seconds, Stopping threads took: 0.0000584 seconds
2017-04-24T16:38:00.450+0800: 3170.123: Total time for which application threads were stopped: 0.0001665 seconds, Stopping threads took: 0.0000638 seconds
2017-04-24T16:38:00.450+0800: 3170.123: Total time for which application threads were stopped: 0.0001382 seconds, Stopping threads took: 0.0000699 seconds
2017-04-24T16:38:00.450+0800: 3170.124: Total time for which application threads were stopped: 0.0000892 seconds, Stopping threads took: 0.0000250 seconds
2017-04-24T16:38:00.451+0800: 3170.124: Total time for which application threads were stopped: 0.0001219 seconds, Stopping threads took: 0.0000305 seconds
2017-04-24T16:38:00.451+0800: 3170.124: Total time for which application threads were stopped: 0.0001225 seconds, Stopping threads took: 0.0000606 seconds
2017-04-24T16:38:00.451+0800: 3170.124: Total time for which application threads were stopped: 0.0000773 seconds, Stopping threads took: 0.0000276 seconds
2017-04-24T16:38:00.451+0800: 3170.125: Total time for which application threads were stopped: 0.0001219 seconds, Stopping threads took: 0.0000632 seconds
2017-04-24T16:38:00.451+0800: 3170.125: Total time for which application threads were stopped: 0.0000811 seconds, Stopping threads took: 0.0000273 seconds
2017-04-24T16:38:00.451+0800: 3170.125: Total time for which application threads were stopped: 0.0000757 seconds, Stopping threads took: 0.0000253 seconds
2017-04-24T16:38:00.452+0800: 3170.125: Total time for which application threads were stopped: 0.0000789 seconds, Stopping threads took: 0.0000253 seconds
2017-04-24T16:38:00.452+0800: 3170.125: Total time for which application threads were stopped: 0.0001007 seconds, Stopping threads took: 0.0000504 seconds
2017-04-24T16:38:00.452+0800: 3170.125: Total time for which application threads were stopped: 0.0000802 seconds, Stopping threads took: 0.0000237 seconds
2017-04-24T16:38:00.452+0800: 3170.125: Total time for which application threads were stopped: 0.0000738 seconds, Stopping threads took: 0.0000247 seconds
2017-04-24T16:38:00.452+0800: 3170.126: Total time for which application threads were stopped: 0.0000786 seconds, Stopping threads took: 0.0000138 seconds
2017-04-24T16:38:00.452+0800: 3170.126: Total time for which application threads were stopped: 0.0000763 seconds, Stopping threads took: 0.0000192 seconds
2017-04-24T16:38:00.453+0800: 3170.126: Total time for which application threads were stopped: 0.0000911 seconds, Stopping threads took: 0.0000330 seconds
2017-04-24T16:38:00.453+0800: 3170.126: Total time for which application threads were stopped: 0.0000722 seconds, Stopping threads took: 0.0000234 seconds
2017-04-24T16:38:00.453+0800: 3170.126: Total time for which application threads were stopped: 0.0000840 seconds, Stopping threads took: 0.0000241 seconds
2017-04-24T16:38:00.454+0800: 3170.127: Total time for which application threads were stopped: 0.0000876 seconds, Stopping threads took: 0.0000301 seconds
2017-04-24T16:38:00.454+0800: 3170.127: Total time for which application threads were stopped: 0.0001430 seconds, Stopping threads took: 0.0000311 seconds
2017-04-24T16:38:00.454+0800: 3170.127: Total time for which application threads were stopped: 0.0000872 seconds, Stopping threads took: 0.0000340 seconds
2017-04-24T16:38:00.454+0800: 3170.127: Total time for which application threads were stopped: 0.0000860 seconds, Stopping threads took: 0.0000298 seconds
2017-04-24T16:38:00.454+0800: 3170.128: Total time for which application threads were stopped: 0.0000888 seconds, Stopping threads took: 0.0000269 seconds
2017-04-24T16:38:00.455+0800: 3170.128: Total time for which application threads were stopped: 0.0000969 seconds, Stopping threads took: 0.0000308 seconds
2017-04-24T16:38:00.456+0800: 3170.129: Total time for which application threads were stopped: 0.0000965 seconds, Stopping threads took: 0.0000225 seconds
2017-04-24T16:38:00.808+0800: 3170.481: Total time for which application threads were stopped: 0.0002932 seconds, Stopping threads took: 0.0000863 seconds
2017-04-24T16:38:00.809+0800: 3170.482: Total time for which application threads were stopped: 0.0002223 seconds, Stopping threads took: 0.0000526 seconds
2017-04-24T16:38:00.810+0800: 3170.483: Total time for which application threads were stopped: 0.0002175 seconds, Stopping threads took: 0.0000629 seconds
2017-04-24T16:38:00.811+0800: 3170.484: Total time for which application threads were stopped: 0.0002409 seconds, Stopping threads took: 0.0000690 seconds
2017-04-24T16:38:00.811+0800: 3170.484: Total time for which application threads were stopped: 0.0002146 seconds, Stopping threads took: 0.0000786 seconds
2017-04-24T16:38:00.811+0800: 3170.484: Total time for which application threads were stopped: 0.0002078 seconds, Stopping threads took: 0.0000581 seconds
2017-04-24T16:38:00.811+0800: 3170.484: Total time for which application threads were stopped: 0.0002200 seconds, Stopping threads took: 0.0000597 seconds
2017-04-24T16:38:00.821+0800: 3170.494: Total time for which application threads were stopped: 0.0002264 seconds, Stopping threads took: 0.0000516 seconds
2017-04-24T16:38:01.822+0800: 3171.494: Total time for which application threads were stopped: 0.0002107 seconds, Stopping threads took: 0.0000632 seconds
2017-04-24T16:38:10.441+0800: 3180.114: Total time for which application threads were stopped: 0.0001456 seconds, Stopping threads took: 0.0000330 seconds
2017-04-24T16:38:10.442+0800: 3180.114: Total time for which application threads were stopped: 0.0000783 seconds, Stopping threads took: 0.0000148 seconds
2017-04-24T16:38:10.787+0800: 3180.459: Total time for which application threads were stopped: 0.0002736 seconds, Stopping threads took: 0.0000532 seconds
2017-04-24T16:38:10.787+0800: 3180.459: Total time for which application threads were stopped: 0.0002114 seconds, Stopping threads took: 0.0000443 seconds
2017-04-24T16:38:10.787+0800: 3180.460: Total time for which application threads were stopped: 0.0001331 seconds, Stopping threads took: 0.0000263 seconds
2017-04-24T16:38:10.787+0800: 3180.460: Total time for which application threads were stopped: 0.0001257 seconds, Stopping threads took: 0.0000250 seconds
2017-04-24T16:38:10.788+0800: 3180.460: Total time for which application threads were stopped: 0.0001289 seconds, Stopping threads took: 0.0000244 seconds
2017-04-24T16:38:10.798+0800: 3180.471: Total time for which application threads were stopped: 0.0002470 seconds, Stopping threads took: 0.0000491 seconds
2017-04-24T16:38:20.437+0800: 3190.110: Total time for which application threads were stopped: 0.0001456 seconds, Stopping threads took: 0.0000350 seconds
2017-04-24T16:38:20.438+0800: 3190.111: Total time for which application threads were stopped: 0.0000937 seconds, Stopping threads took: 0.0000212 seconds
2017-04-24T16:38:20.720+0800: 3190.393: Total time for which application threads were stopped: 0.0002441 seconds, Stopping threads took: 0.0000548 seconds
2017-04-24T16:38:20.720+0800: 3190.393: Total time for which application threads were stopped: 0.0002418 seconds, Stopping threads took: 0.0000574 seconds
2017-04-24T16:38:20.721+0800: 3190.394: Total time for which application threads were stopped: 0.0001623 seconds, Stopping threads took: 0.0000285 seconds
2017-04-24T16:38:20.722+0800: 3190.394: Total time for which application threads were stopped: 0.0001421 seconds, Stopping threads took: 0.0000257 seconds
2017-04-24T16:38:20.722+0800: 3190.395: Total time for which application threads were stopped: 0.0001418 seconds, Stopping threads took: 0.0000266 seconds
2017-04-24T16:38:20.722+0800: 3190.395: Total time for which application threads were stopped: 0.0001337 seconds, Stopping threads took: 0.0000237 seconds
2017-04-24T16:38:20.723+0800: 3190.395: Total time for which application threads were stopped: 0.0004423 seconds, Stopping threads took: 0.0000237 seconds
2017-04-24T16:38:20.732+0800: 3190.405: Total time for which application threads were stopped: 0.0002306 seconds, Stopping threads took: 0.0000516 seconds
2017-04-24T16:38:27.735+0800: 3197.408: Total time for which application threads were stopped: 0.0001963 seconds, Stopping threads took: 0.0000545 seconds
2017-04-24T16:38:30.443+0800: 3200.116: Total time for which application threads were stopped: 0.0002823 seconds, Stopping threads took: 0.0000600 seconds
2017-04-24T16:38:30.444+0800: 3200.117: Total time for which application threads were stopped: 0.0002091 seconds, Stopping threads took: 0.0000494 seconds
2017-04-24T16:38:30.719+0800: 3200.391: Total time for which application threads were stopped: 0.0000895 seconds, Stopping threads took: 0.0000180 seconds
2017-04-24T16:38:30.719+0800: 3200.391: Total time for which application threads were stopped: 0.0000391 seconds, Stopping threads took: 0.0000096 seconds
2017-04-24T16:38:30.719+0800: 3200.392: Total time for which application threads were stopped: 0.0000513 seconds, Stopping threads took: 0.0000106 seconds
2017-04-24T16:38:40.442+0800: 3210.115: Total time for which application threads were stopped: 0.0002829 seconds, Stopping threads took: 0.0000622 seconds
2017-04-24T16:38:40.443+0800: 3210.116: Total time for which application threads were stopped: 0.0001953 seconds, Stopping threads took: 0.0000398 seconds
2017-04-24T16:38:40.749+0800: 3210.421: Total time for which application threads were stopped: 0.0002611 seconds, Stopping threads took: 0.0000584 seconds
2017-04-24T16:38:40.749+0800: 3210.422: Total time for which application threads were stopped: 0.0001863 seconds, Stopping threads took: 0.0000548 seconds
2017-04-24T16:38:40.750+0800: 3210.422: Total time for which application threads were stopped: 0.0002091 seconds, Stopping threads took: 0.0000853 seconds
2017-04-24T16:38:40.751+0800: 3210.423: Total time for which application threads were stopped: 0.0001639 seconds, Stopping threads took: 0.0000318 seconds
2017-04-24T16:38:40.751+0800: 3210.424: Total time for which application threads were stopped: 0.0001386 seconds, Stopping threads took: 0.0000247 seconds
2017-04-24T16:38:40.751+0800: 3210.424: Total time for which application threads were stopped: 0.0001347 seconds, Stopping threads took: 0.0000237 seconds
2017-04-24T16:38:40.752+0800: 3210.424: Total time for which application threads were stopped: 0.0002213 seconds, Stopping threads took: 0.0000443 seconds
2017-04-24T16:38:40.752+0800: 3210.424: Total time for which application threads were stopped: 0.0001437 seconds, Stopping threads took: 0.0000269 seconds
2017-04-24T16:38:40.761+0800: 3210.433: Total time for which application threads were stopped: 0.0002473 seconds, Stopping threads took: 0.0000491 seconds
2017-04-24T16:38:50.437+0800: 3220.109: Total time for which application threads were stopped: 0.0001498 seconds, Stopping threads took: 0.0000356 seconds
2017-04-24T16:38:50.437+0800: 3220.110: Total time for which application threads were stopped: 0.0001055 seconds, Stopping threads took: 0.0000228 seconds
2017-04-24T16:38:50.707+0800: 3220.380: Total time for which application threads were stopped: 0.0002813 seconds, Stopping threads took: 0.0000603 seconds
2017-04-24T16:38:50.707+0800: 3220.380: Total time for which application threads were stopped: 0.0001880 seconds, Stopping threads took: 0.0000561 seconds
2017-04-24T16:38:50.709+0800: 3220.382: Total time for which application threads were stopped: 0.0004994 seconds, Stopping threads took: 0.0000423 seconds
2017-04-24T16:38:50.709+0800: 3220.382: Total time for which application threads were stopped: 0.0001472 seconds, Stopping threads took: 0.0000289 seconds
2017-04-24T16:38:50.710+0800: 3220.382: Total time for which application threads were stopped: 0.0001796 seconds, Stopping threads took: 0.0000391 seconds
2017-04-24T16:38:50.710+0800: 3220.383: Total time for which application threads were stopped: 0.0001357 seconds, Stopping threads took: 0.0000263 seconds
2017-04-24T16:38:50.710+0800: 3220.383: Total time for which application threads were stopped: 0.0001289 seconds, Stopping threads took: 0.0000244 seconds
2017-04-24T16:38:50.720+0800: 3220.392: Total time for which application threads were stopped: 0.0002252 seconds, Stopping threads took: 0.0000494 seconds
2017-04-24T16:39:00.445+0800: 3230.117: Total time for which application threads were stopped: 0.0002704 seconds, Stopping threads took: 0.0000622 seconds
2017-04-24T16:39:00.446+0800: 3230.118: Total time for which application threads were stopped: 0.0002457 seconds, Stopping threads took: 0.0000558 seconds
2017-04-24T16:39:00.743+0800: 3230.416: Total time for which application threads were stopped: 0.0002819 seconds, Stopping threads took: 0.0000779 seconds
2017-04-24T16:39:00.743+0800: 3230.416: Total time for which application threads were stopped: 0.0002386 seconds, Stopping threads took: 0.0000690 seconds
2017-04-24T16:39:00.745+0800: 3230.417: Total time for which application threads were stopped: 0.0002008 seconds, Stopping threads took: 0.0000395 seconds
2017-04-24T16:39:00.745+0800: 3230.418: Total time for which application threads were stopped: 0.0002842 seconds, Stopping threads took: 0.0000359 seconds
2017-04-24T16:39:00.745+0800: 3230.418: Total time for which application threads were stopped: 0.0001491 seconds, Stopping threads took: 0.0000276 seconds
2017-04-24T16:39:00.745+0800: 3230.418: Total time for which application threads were stopped: 0.0001382 seconds, Stopping threads took: 0.0000253 seconds
2017-04-24T16:39:10.441+0800: 3240.114: Total time for which application threads were stopped: 0.0001700 seconds, Stopping threads took: 0.0000385 seconds
2017-04-24T16:39:10.442+0800: 3240.115: Total time for which application threads were stopped: 0.0001588 seconds, Stopping threads took: 0.0000446 seconds
2017-04-24T16:39:10.786+0800: 3240.459: Total time for which application threads were stopped: 0.0002601 seconds, Stopping threads took: 0.0000577 seconds
2017-04-24T16:39:10.786+0800: 3240.459: Total time for which application threads were stopped: 0.0002364 seconds, Stopping threads took: 0.0000542 seconds
2017-04-24T16:39:10.787+0800: 3240.460: Total time for which application threads were stopped: 0.0001754 seconds, Stopping threads took: 0.0000433 seconds
2017-04-24T16:39:10.788+0800: 3240.461: Total time for which application threads were stopped: 0.0002152 seconds, Stopping threads took: 0.0000718 seconds
2017-04-24T16:39:10.788+0800: 3240.462: Total time for which application threads were stopped: 0.0002072 seconds, Stopping threads took: 0.0000603 seconds
2017-04-24T16:39:10.789+0800: 3240.462: Total time for which application threads were stopped: 0.0001825 seconds, Stopping threads took: 0.0000536 seconds
2017-04-24T16:39:10.789+0800: 3240.462: Total time for which application threads were stopped: 0.0001617 seconds, Stopping threads took: 0.0000504 seconds
2017-04-24T16:39:10.789+0800: 3240.462: Total time for which application threads were stopped: 0.0001764 seconds, Stopping threads took: 0.0000507 seconds
2017-04-24T16:39:10.799+0800: 3240.472: Total time for which application threads were stopped: 0.0002139 seconds, Stopping threads took: 0.0000455 seconds
2017-04-24T16:39:20.437+0800: 3250.110: Total time for which application threads were stopped: 0.0001613 seconds, Stopping threads took: 0.0000330 seconds
2017-04-24T16:39:20.438+0800: 3250.110: Total time for which application threads were stopped: 0.0000853 seconds, Stopping threads took: 0.0000141 seconds
2017-04-24T16:39:20.721+0800: 3250.393: Total time for which application threads were stopped: 0.0003191 seconds, Stopping threads took: 0.0000561 seconds
2017-04-24T16:39:20.721+0800: 3250.394: Total time for which application threads were stopped: 0.0002341 seconds, Stopping threads took: 0.0000539 seconds
2017-04-24T16:39:20.722+0800: 3250.395: Total time for which application threads were stopped: 0.0002216 seconds, Stopping threads took: 0.0000404 seconds
2017-04-24T16:39:20.723+0800: 3250.395: Total time for which application threads were stopped: 0.0001408 seconds, Stopping threads took: 0.0000273 seconds
2017-04-24T16:39:20.723+0800: 3250.396: Total time for which application threads were stopped: 0.0001286 seconds, Stopping threads took: 0.0000253 seconds
2017-04-24T16:39:20.723+0800: 3250.396: Total time for which application threads were stopped: 0.0001261 seconds, Stopping threads took: 0.0000247 seconds
2017-04-24T16:39:20.723+0800: 3250.396: Total time for which application threads were stopped: 0.0001248 seconds, Stopping threads took: 0.0000241 seconds
2017-04-24T16:39:20.733+0800: 3250.405: Total time for which application threads were stopped: 0.0001989 seconds, Stopping threads took: 0.0000449 seconds
2017-04-24T16:39:30.442+0800: 3260.115: Total time for which application threads were stopped: 0.0002749 seconds, Stopping threads took: 0.0000670 seconds
2017-04-24T16:39:30.443+0800: 3260.116: Total time for which application threads were stopped: 0.0002191 seconds, Stopping threads took: 0.0000468 seconds
2017-04-24T16:39:30.748+0800: 3260.420: Total time for which application threads were stopped: 0.0002781 seconds, Stopping threads took: 0.0000693 seconds
2017-04-24T16:39:30.748+0800: 3260.421: Total time for which application threads were stopped: 0.0002386 seconds, Stopping threads took: 0.0000536 seconds
2017-04-24T16:39:30.748+0800: 3260.421: Total time for which application threads were stopped: 0.0001944 seconds, Stopping threads took: 0.0000568 seconds
2017-04-24T16:39:30.749+0800: 3260.421: Total time for which application threads were stopped: 0.0002287 seconds, Stopping threads took: 0.0000465 seconds
2017-04-24T16:39:30.749+0800: 3260.422: Total time for which application threads were stopped: 0.0004590 seconds, Stopping threads took: 0.0000362 seconds
2017-04-24T16:39:30.758+0800: 3260.431: Total time for which application threads were stopped: 0.0002649 seconds, Stopping threads took: 0.0000619 seconds
{Heap before GC invocations=29 (full 2):
 par new generation   total 109248K, used 92859K [0x00000000e0000000, 0x00000000e8000000, 0x00000000e8000000)
  eden space 87424K,  99% used [0x00000000e0000000, 0x00000000e5559fa8, 0x00000000e5560000)
  from space 21824K,  25% used [0x00000000e6ab0000, 0x00000000e7004d48, 0x00000000e8000000)
  to   space 21824K,   0% used [0x00000000e5560000, 0x00000000e5560000, 0x00000000e6ab0000)
 concurrent mark-sweep generation total 393216K, used 17269K [0x00000000e8000000, 0x0000000100000000, 0x0000000100000000)
 Metaspace       used 41453K, capacity 42288K, committed 42776K, reserved 1087488K
  class space    used 4580K, capacity 4796K, committed 4940K, reserved 1048576K
2017-04-24T16:39:40.437+0800: 3270.110: [GC (Allocation Failure) 2017-04-24T16:39:40.438+0800: 3270.110: [ParNew
Desired survivor size 20112992 bytes, new threshold 8 (max 8)
- age   1:    3093064 bytes,    3093064 total
- age   2:     703944 bytes,    3797008 total
- age   3:      69368 bytes,    3866376 total
- age   4:      23792 bytes,    3890168 total
- age   5:      29744 bytes,    3919912 total
- age   6:      51872 bytes,    3971784 total
- age   7:      19056 bytes,    3990840 total
- age   8:      16784 bytes,    4007624 total
: 92859K->4908K(109248K), 0.0068234 secs] 110128K->22189K(502464K), 0.0069864 secs] [Times: user=0.06 sys=0.00, real=0.01 secs] 
Heap after GC invocations=30 (full 2):
 par new generation   total 109248K, used 4908K [0x00000000e0000000, 0x00000000e8000000, 0x00000000e8000000)
  eden space 87424K,   0% used [0x00000000e0000000, 0x00000000e0000000, 0x00000000e5560000)
  from space 21824K,  22% used [0x00000000e5560000, 0x00000000e5a2b290, 0x00000000e6ab0000)
  to   space 21824K,   0% used [0x00000000e6ab0000, 0x00000000e6ab0000, 0x00000000e8000000)
 concurrent mark-sweep generation total 393216K, used 17280K [0x00000000e8000000, 0x0000000100000000, 0x0000000100000000)
 Metaspace       used 41453K, capacity 42288K, committed 42776K, reserved 1087488K
  class space    used 4580K, capacity 4796K, committed 4940K, reserved 1048576K
}
2017-04-24T16:39:40.445+0800: 3270.117: Total time for which application threads were stopped: 0.0074550 seconds, Stopping threads took: 0.0000574 seconds
2017-04-24T16:39:40.445+0800: 3270.118: Total time for which application threads were stopped: 0.0001742 seconds, Stopping threads took: 0.0000609 seconds
2017-04-24T16:39:40.445+0800: 3270.118: Total time for which application threads were stopped: 0.0001014 seconds, Stopping threads took: 0.0000314 seconds
2017-04-24T16:39:40.445+0800: 3270.118: Total time for which application threads were stopped: 0.0001052 seconds, Stopping threads took: 0.0000298 seconds
2017-04-24T16:39:40.445+0800: 3270.118: Total time for which application threads were stopped: 0.0000879 seconds, Stopping threads took: 0.0000228 seconds
2017-04-24T16:39:40.446+0800: 3270.118: Total time for which application threads were stopped: 0.0000994 seconds, Stopping threads took: 0.0000430 seconds
2017-04-24T16:39:40.446+0800: 3270.119: Total time for which application threads were stopped: 0.0000789 seconds, Stopping threads took: 0.0000228 seconds
2017-04-24T16:39:40.446+0800: 3270.119: Total time for which application threads were stopped: 0.0000946 seconds, Stopping threads took: 0.0000401 seconds
2017-04-24T16:39:40.446+0800: 3270.119: Total time for which application threads were stopped: 0.0001296 seconds, Stopping threads took: 0.0000763 seconds
2017-04-24T16:39:40.447+0800: 3270.119: Total time for which application threads were stopped: 0.0001350 seconds, Stopping threads took: 0.0000279 seconds
2017-04-24T16:39:40.447+0800: 3270.119: Total time for which application threads were stopped: 0.0001030 seconds, Stopping threads took: 0.0000228 seconds
2017-04-24T16:39:40.447+0800: 3270.120: Total time for which application threads were stopped: 0.0000860 seconds, Stopping threads took: 0.0000285 seconds
2017-04-24T16:39:40.447+0800: 3270.120: Total time for which application threads were stopped: 0.0000805 seconds, Stopping threads took: 0.0000282 seconds
2017-04-24T16:39:40.447+0800: 3270.120: Total time for which application threads were stopped: 0.0000658 seconds, Stopping threads took: 0.0000144 seconds
2017-04-24T16:39:40.447+0800: 3270.120: Total time for which application threads were stopped: 0.0000638 seconds, Stopping threads took: 0.0000144 seconds
2017-04-24T16:39:40.447+0800: 3270.120: Total time for which application threads were stopped: 0.0000638 seconds, Stopping threads took: 0.0000138 seconds
2017-04-24T16:39:40.448+0800: 3270.120: Total time for which application threads were stopped: 0.0000853 seconds, Stopping threads took: 0.0000276 seconds
2017-04-24T16:39:40.448+0800: 3270.120: Total time for which application threads were stopped: 0.0000654 seconds, Stopping threads took: 0.0000128 seconds
2017-04-24T16:39:40.448+0800: 3270.121: Total time for which application threads were stopped: 0.0000751 seconds, Stopping threads took: 0.0000231 seconds
2017-04-24T16:39:40.448+0800: 3270.121: Total time for which application threads were stopped: 0.0000645 seconds, Stopping threads took: 0.0000128 seconds
2017-04-24T16:39:40.448+0800: 3270.121: Total time for which application threads were stopped: 0.0002017 seconds, Stopping threads took: 0.0000138 seconds
2017-04-24T16:39:40.448+0800: 3270.121: Total time for which application threads were stopped: 0.0001831 seconds, Stopping threads took: 0.0000141 seconds
2017-04-24T16:39:40.449+0800: 3270.121: Total time for which application threads were stopped: 0.0000808 seconds, Stopping threads took: 0.0000241 seconds
2017-04-24T16:39:40.449+0800: 3270.123: Total time for which application threads were stopped: 0.0000763 seconds, Stopping threads took: 0.0000164 seconds
2017-04-24T16:39:40.451+0800: 3270.123: Total time for which application threads were stopped: 0.0000664 seconds, Stopping threads took: 0.0000122 seconds
2017-04-24T16:39:40.757+0800: 3270.429: Total time for which application threads were stopped: 0.0002431 seconds, Stopping threads took: 0.0000600 seconds
2017-04-24T16:39:40.757+0800: 3270.429: Total time for which application threads were stopped: 0.0002220 seconds, Stopping threads took: 0.0000795 seconds
2017-04-24T16:39:40.759+0800: 3270.431: Total time for which application threads were stopped: 0.0002412 seconds, Stopping threads took: 0.0000414 seconds
2017-04-24T16:39:40.769+0800: 3270.441: Total time for which application threads were stopped: 0.0002332 seconds, Stopping threads took: 0.0000459 seconds
2017-04-24T16:39:50.441+0800: 3280.115: Total time for which application threads were stopped: 0.0002521 seconds, Stopping threads took: 0.0000523 seconds
2017-04-24T16:39:50.443+0800: 3280.116: Total time for which application threads were stopped: 0.0002268 seconds, Stopping threads took: 0.0000462 seconds
2017-04-24T16:39:50.752+0800: 3280.424: Total time for which application threads were stopped: 0.0003031 seconds, Stopping threads took: 0.0001023 seconds
2017-04-24T16:39:50.752+0800: 3280.425: Total time for which application threads were stopped: 0.0002171 seconds, Stopping threads took: 0.0000949 seconds
2017-04-24T16:39:50.754+0800: 3280.426: Total time for which application threads were stopped: 0.0002264 seconds, Stopping threads took: 0.0000459 seconds
2017-04-24T16:39:50.754+0800: 3280.426: Total time for which application threads were stopped: 0.0001726 seconds, Stopping threads took: 0.0000407 seconds
2017-04-24T16:39:50.754+0800: 3280.427: Total time for which application threads were stopped: 0.0002146 seconds, Stopping threads took: 0.0000664 seconds
2017-04-24T16:39:50.754+0800: 3280.427: Total time for which application threads were stopped: 0.0001697 seconds, Stopping threads took: 0.0000526 seconds
2017-04-24T16:39:50.755+0800: 3280.427: Total time for which application threads were stopped: 0.0001825 seconds, Stopping threads took: 0.0000577 seconds
2017-04-24T16:39:50.766+0800: 3280.439: Total time for which application threads were stopped: 0.0005542 seconds, Stopping threads took: 0.0000504 seconds
2017-04-24T16:40:00.444+0800: 3290.117: Total time for which application threads were stopped: 0.0002450 seconds, Stopping threads took: 0.0000523 seconds
2017-04-24T16:40:00.445+0800: 3290.118: Total time for which application threads were stopped: 0.0001799 seconds, Stopping threads took: 0.0000337 seconds
2017-04-24T16:40:00.752+0800: 3290.425: Total time for which application threads were stopped: 0.0002566 seconds, Stopping threads took: 0.0000584 seconds
2017-04-24T16:40:00.752+0800: 3290.425: Total time for which application threads were stopped: 0.0002572 seconds, Stopping threads took: 0.0000597 seconds
2017-04-24T16:40:00.752+0800: 3290.425: Total time for which application threads were stopped: 0.0001710 seconds, Stopping threads took: 0.0000382 seconds
2017-04-24T16:40:00.754+0800: 3290.426: Total time for which application threads were stopped: 0.0001774 seconds, Stopping threads took: 0.0000362 seconds
2017-04-24T16:40:00.754+0800: 3290.427: Total time for which application threads were stopped: 0.0001347 seconds, Stopping threads took: 0.0000260 seconds
2017-04-24T16:40:00.754+0800: 3290.427: Total time for which application threads were stopped: 0.0001270 seconds, Stopping threads took: 0.0000244 seconds
2017-04-24T16:40:00.754+0800: 3290.427: Total time for which application threads were stopped: 0.0001244 seconds, Stopping threads took: 0.0000241 seconds
2017-04-24T16:40:00.755+0800: 3290.427: Total time for which application threads were stopped: 0.0001277 seconds, Stopping threads took: 0.0000263 seconds
2017-04-24T16:40:10.440+0800: 3300.113: Total time for which application threads were stopped: 0.0002653 seconds, Stopping threads took: 0.0000600 seconds
2017-04-24T16:40:10.441+0800: 3300.114: Total time for which application threads were stopped: 0.0000831 seconds, Stopping threads took: 0.0000154 seconds
2017-04-24T16:40:10.770+0800: 3300.442: Total time for which application threads were stopped: 0.0002806 seconds, Stopping threads took: 0.0000834 seconds
2017-04-24T16:40:10.770+0800: 3300.443: Total time for which application threads were stopped: 0.0004439 seconds, Stopping threads took: 0.0000330 seconds
2017-04-24T16:40:10.771+0800: 3300.444: Total time for which application threads were stopped: 0.0004571 seconds, Stopping threads took: 0.0000545 seconds
2017-04-24T16:40:10.772+0800: 3300.445: Total time for which application threads were stopped: 0.0001610 seconds, Stopping threads took: 0.0000305 seconds
2017-04-24T16:40:10.772+0800: 3300.445: Total time for which application threads were stopped: 0.0001402 seconds, Stopping threads took: 0.0000257 seconds
2017-04-24T16:40:10.773+0800: 3300.445: Total time for which application threads were stopped: 0.0001440 seconds, Stopping threads took: 0.0000279 seconds
2017-04-24T16:40:10.773+0800: 3300.445: Total time for which application threads were stopped: 0.0001344 seconds, Stopping threads took: 0.0000241 seconds
2017-04-24T16:40:10.773+0800: 3300.446: Total time for which application threads were stopped: 0.0001341 seconds, Stopping threads took: 0.0000244 seconds
2017-04-24T16:40:20.436+0800: 3310.109: Total time for which application threads were stopped: 0.0001783 seconds, Stopping threads took: 0.0000619 seconds
2017-04-24T16:40:20.436+0800: 3310.109: Total time for which application threads were stopped: 0.0001283 seconds, Stopping threads took: 0.0000398 seconds
2017-04-24T16:40:20.791+0800: 3310.463: Total time for which application threads were stopped: 0.0003442 seconds, Stopping threads took: 0.0001049 seconds
2017-04-24T16:40:20.792+0800: 3310.465: Total time for which application threads were stopped: 0.0002560 seconds, Stopping threads took: 0.0000718 seconds
2017-04-24T16:40:20.793+0800: 3310.465: Total time for which application threads were stopped: 0.0002027 seconds, Stopping threads took: 0.0000507 seconds
2017-04-24T16:40:20.793+0800: 3310.465: Total time for which application threads were stopped: 0.0001617 seconds, Stopping threads took: 0.0000401 seconds
2017-04-24T16:40:20.793+0800: 3310.466: Total time for which application threads were stopped: 0.0001655 seconds, Stopping threads took: 0.0000414 seconds
2017-04-24T16:40:20.793+0800: 3310.466: Total time for which application threads were stopped: 0.0001607 seconds, Stopping threads took: 0.0000504 seconds
2017-04-24T16:40:30.443+0800: 3320.116: Total time for which application threads were stopped: 0.0002357 seconds, Stopping threads took: 0.0000565 seconds
2017-04-24T16:40:30.445+0800: 3320.117: Total time for which application threads were stopped: 0.0002194 seconds, Stopping threads took: 0.0000683 seconds
2017-04-24T16:40:30.883+0800: 3320.555: Total time for which application threads were stopped: 0.0003397 seconds, Stopping threads took: 0.0001315 seconds
2017-04-24T16:40:30.885+0800: 3320.557: Total time for which application threads were stopped: 0.0002338 seconds, Stopping threads took: 0.0000468 seconds
2017-04-24T16:40:30.885+0800: 3320.558: Total time for which application threads were stopped: 0.0001626 seconds, Stopping threads took: 0.0000311 seconds
2017-04-24T16:40:30.885+0800: 3320.558: Total time for which application threads were stopped: 0.0001408 seconds, Stopping threads took: 0.0000263 seconds
2017-04-24T16:40:30.886+0800: 3320.558: Total time for which application threads were stopped: 0.0001366 seconds, Stopping threads took: 0.0000257 seconds
2017-04-24T16:40:30.886+0800: 3320.558: Total time for which application threads were stopped: 0.0001312 seconds, Stopping threads took: 0.0000244 seconds
2017-04-24T16:40:40.417+0800: 3330.090: Total time for which application threads were stopped: 0.0000972 seconds, Stopping threads took: 0.0000289 seconds
2017-04-24T16:40:40.418+0800: 3330.090: Total time for which application threads were stopped: 0.0000581 seconds, Stopping threads took: 0.0000115 seconds
2017-04-24T16:40:40.672+0800: 3330.345: Total time for which application threads were stopped: 0.0001004 seconds, Stopping threads took: 0.0000244 seconds
2017-04-24T16:40:40.673+0800: 3330.345: Total time for which application threads were stopped: 0.0000760 seconds, Stopping threads took: 0.0000141 seconds
2017-04-24T16:40:40.673+0800: 3330.345: Total time for which application threads were stopped: 0.0000690 seconds, Stopping threads took: 0.0000128 seconds
2017-04-24T16:40:40.673+0800: 3330.345: Total time for which application threads were stopped: 0.0000529 seconds, Stopping threads took: 0.0000106 seconds
2017-04-24T16:40:40.673+0800: 3330.345: Total time for which application threads were stopped: 0.0000555 seconds, Stopping threads took: 0.0000112 seconds
2017-04-24T16:40:40.673+0800: 3330.346: Total time for which application threads were stopped: 0.0001472 seconds, Stopping threads took: 0.0000090 seconds
2017-04-24T16:40:41.674+0800: 3331.346: Total time for which application threads were stopped: 0.0000815 seconds, Stopping threads took: 0.0000218 seconds
2017-04-24T16:40:50.439+0800: 3340.112: Total time for which application threads were stopped: 0.0001764 seconds, Stopping threads took: 0.0000375 seconds
2017-04-24T16:40:50.440+0800: 3340.113: Total time for which application threads were stopped: 0.0001536 seconds, Stopping threads took: 0.0000321 seconds
2017-04-24T16:40:50.767+0800: 3340.440: Total time for which application threads were stopped: 0.0002585 seconds, Stopping threads took: 0.0000613 seconds
2017-04-24T16:40:50.769+0800: 3340.441: Total time for which application threads were stopped: 0.0002309 seconds, Stopping threads took: 0.0000433 seconds
2017-04-24T16:41:00.409+0800: 3350.082: Total time for which application threads were stopped: 0.0004782 seconds, Stopping threads took: 0.0000523 seconds
2017-04-24T16:41:00.448+0800: 3350.120: Total time for which application threads were stopped: 0.0002819 seconds, Stopping threads took: 0.0000577 seconds
2017-04-24T16:41:00.449+0800: 3350.121: Total time for which application threads were stopped: 0.0002303 seconds, Stopping threads took: 0.0000484 seconds
2017-04-24T16:41:00.730+0800: 3350.402: Total time for which application threads were stopped: 0.0003066 seconds, Stopping threads took: 0.0000872 seconds
2017-04-24T16:41:00.732+0800: 3350.404: Total time for which application threads were stopped: 0.0002399 seconds, Stopping threads took: 0.0000616 seconds
2017-04-24T16:41:00.732+0800: 3350.405: Total time for which application threads were stopped: 0.0004596 seconds, Stopping threads took: 0.0002653 seconds
2017-04-24T16:41:00.732+0800: 3350.405: Total time for which application threads were stopped: 0.0001876 seconds, Stopping threads took: 0.0000398 seconds
2017-04-24T16:41:00.733+0800: 3350.405: Total time for which application threads were stopped: 0.0002146 seconds, Stopping threads took: 0.0000603 seconds
2017-04-24T16:41:00.733+0800: 3350.405: Total time for which application threads were stopped: 0.0001950 seconds, Stopping threads took: 0.0000609 seconds
2017-04-24T16:41:10.441+0800: 3360.114: Total time for which application threads were stopped: 0.0001639 seconds, Stopping threads took: 0.0000359 seconds
2017-04-24T16:41:10.442+0800: 3360.115: Total time for which application threads were stopped: 0.0001424 seconds, Stopping threads took: 0.0000311 seconds
2017-04-24T16:41:10.788+0800: 3360.460: Total time for which application threads were stopped: 0.0003393 seconds, Stopping threads took: 0.0000609 seconds
2017-04-24T16:41:10.789+0800: 3360.461: Total time for which application threads were stopped: 0.0002264 seconds, Stopping threads took: 0.0000712 seconds
2017-04-24T16:41:10.789+0800: 3360.462: Total time for which application threads were stopped: 0.0002697 seconds, Stopping threads took: 0.0000497 seconds
2017-04-24T16:41:10.790+0800: 3360.462: Total time for which application threads were stopped: 0.0001581 seconds, Stopping threads took: 0.0000350 seconds
2017-04-24T16:41:10.790+0800: 3360.462: Total time for which application threads were stopped: 0.0001604 seconds, Stopping threads took: 0.0000366 seconds
2017-04-24T16:41:10.790+0800: 3360.462: Total time for which application threads were stopped: 0.0001658 seconds, Stopping threads took: 0.0000491 seconds
{Heap before GC invocations=30 (full 2):
 par new generation   total 109248K, used 92064K [0x00000000e0000000, 0x00000000e8000000, 0x00000000e8000000)
  eden space 87424K,  99% used [0x00000000e0000000, 0x00000000e551cef8, 0x00000000e5560000)
  from space 21824K,  22% used [0x00000000e5560000, 0x00000000e5a2b290, 0x00000000e6ab0000)
  to   space 21824K,   0% used [0x00000000e6ab0000, 0x00000000e6ab0000, 0x00000000e8000000)
 concurrent mark-sweep generation total 393216K, used 17280K [0x00000000e8000000, 0x0000000100000000, 0x0000000100000000)
 Metaspace       used 41497K, capacity 42288K, committed 42776K, reserved 1087488K
  class space    used 4580K, capacity 4796K, committed 4940K, reserved 1048576K
2017-04-24T16:41:20.437+0800: 3370.109: [GC (Allocation Failure) 2017-04-24T16:41:20.437+0800: 3370.109: [ParNew
Desired survivor size 20112992 bytes, new threshold 8 (max 8)
- age   1:    3032840 bytes,    3032840 total
- age   2:     698624 bytes,    3731464 total
- age   3:      78416 bytes,    3809880 total
- age   4:      12752 bytes,    3822632 total
- age   5:      23096 bytes,    3845728 total
- age   6:      29744 bytes,    3875472 total
- age   7:      51872 bytes,    3927344 total
- age   8:      19056 bytes,    3946400 total
: 92064K->5614K(109248K), 0.0057419 secs] 109345K->22912K(502464K), 0.0058391 secs] [Times: user=0.00 sys=0.00, real=0.01 secs] 
Heap after GC invocations=31 (full 2):
 par new generation   total 109248K, used 5614K [0x00000000e0000000, 0x00000000e8000000, 0x00000000e8000000)
  eden space 87424K,   0% used [0x00000000e0000000, 0x00000000e0000000, 0x00000000e5560000)
  from space 21824K,  25% used [0x00000000e6ab0000, 0x00000000e702bb80, 0x00000000e8000000)
  to   space 21824K,   0% used [0x00000000e5560000, 0x00000000e5560000, 0x00000000e6ab0000)
 concurrent mark-sweep generation total 393216K, used 17297K [0x00000000e8000000, 0x0000000100000000, 0x0000000100000000)
 Metaspace       used 41497K, capacity 42288K, committed 42776K, reserved 1087488K
  class space    used 4580K, capacity 4796K, committed 4940K, reserved 1048576K
}
2017-04-24T16:41:20.443+0800: 3370.115: Total time for which application threads were stopped: 0.0061322 seconds, Stopping threads took: 0.0000346 seconds
2017-04-24T16:41:20.443+0800: 3370.116: Total time for which application threads were stopped: 0.0001469 seconds, Stopping threads took: 0.0000462 seconds
2017-04-24T16:41:20.444+0800: 3370.117: Total time for which application threads were stopped: 0.0001700 seconds, Stopping threads took: 0.0000385 seconds
2017-04-24T16:41:20.446+0800: 3370.119: Total time for which application threads were stopped: 0.0001216 seconds, Stopping threads took: 0.0000250 seconds
2017-04-24T16:41:20.447+0800: 3370.120: Total time for which application threads were stopped: 0.0002636 seconds, Stopping threads took: 0.0000260 seconds
2017-04-24T16:41:20.757+0800: 3370.430: Total time for which application threads were stopped: 0.0002842 seconds, Stopping threads took: 0.0000763 seconds
2017-04-24T16:41:20.759+0800: 3370.432: Total time for which application threads were stopped: 0.0002296 seconds, Stopping threads took: 0.0000471 seconds
2017-04-24T16:41:20.759+0800: 3370.432: Total time for which application threads were stopped: 0.0002165 seconds, Stopping threads took: 0.0000462 seconds
2017-04-24T16:41:20.760+0800: 3370.432: Total time for which application threads were stopped: 0.0001572 seconds, Stopping threads took: 0.0000292 seconds
2017-04-24T16:41:20.760+0800: 3370.432: Total time for which application threads were stopped: 0.0001758 seconds, Stopping threads took: 0.0000356 seconds
2017-04-24T16:41:20.760+0800: 3370.433: Total time for which application threads were stopped: 0.0002001 seconds, Stopping threads took: 0.0000449 seconds
2017-04-24T16:41:30.451+0800: 3380.123: Total time for which application threads were stopped: 0.0006052 seconds, Stopping threads took: 0.0000574 seconds
2017-04-24T16:41:30.451+0800: 3380.124: Total time for which application threads were stopped: 0.0001151 seconds, Stopping threads took: 0.0000250 seconds
2017-04-24T16:41:30.734+0800: 3380.407: Total time for which application threads were stopped: 0.0002486 seconds, Stopping threads took: 0.0000568 seconds
2017-04-24T16:41:30.736+0800: 3380.408: Total time for which application threads were stopped: 0.0002181 seconds, Stopping threads took: 0.0000446 seconds
2017-04-24T16:41:30.736+0800: 3380.409: Total time for which application threads were stopped: 0.0001565 seconds, Stopping threads took: 0.0000282 seconds
2017-04-24T16:41:30.736+0800: 3380.409: Total time for which application threads were stopped: 0.0001366 seconds, Stopping threads took: 0.0000247 seconds
2017-04-24T16:41:30.737+0800: 3380.409: Total time for which application threads were stopped: 0.0001389 seconds, Stopping threads took: 0.0000250 seconds
2017-04-24T16:41:30.737+0800: 3380.409: Total time for which application threads were stopped: 0.0001328 seconds, Stopping threads took: 0.0000247 seconds
2017-04-24T16:41:30.748+0800: 3380.420: Total time for which application threads were stopped: 0.0002345 seconds, Stopping threads took: 0.0000478 seconds
2017-04-24T16:41:31.748+0800: 3381.421: Total time for which application threads were stopped: 0.0002107 seconds, Stopping threads took: 0.0000555 seconds
2017-04-24T16:41:40.441+0800: 3390.113: Total time for which application threads were stopped: 0.0001485 seconds, Stopping threads took: 0.0000427 seconds
2017-04-24T16:41:40.441+0800: 3390.114: Total time for which application threads were stopped: 0.0001177 seconds, Stopping threads took: 0.0000260 seconds
2017-04-24T16:41:40.719+0800: 3390.391: Total time for which application threads were stopped: 0.0002540 seconds, Stopping threads took: 0.0000558 seconds
2017-04-24T16:41:40.719+0800: 3390.392: Total time for which application threads were stopped: 0.0001722 seconds, Stopping threads took: 0.0000308 seconds
2017-04-24T16:41:40.719+0800: 3390.392: Total time for which application threads were stopped: 0.0002139 seconds, Stopping threads took: 0.0000446 seconds
2017-04-24T16:41:40.720+0800: 3390.392: Total time for which application threads were stopped: 0.0001495 seconds, Stopping threads took: 0.0000269 seconds
2017-04-24T16:41:40.720+0800: 3390.392: Total time for which application threads were stopped: 0.0001347 seconds, Stopping threads took: 0.0000250 seconds
2017-04-24T16:41:40.729+0800: 3390.401: Total time for which application threads were stopped: 0.0002313 seconds, Stopping threads took: 0.0000446 seconds
2017-04-24T16:41:41.729+0800: 3391.402: Total time for which application threads were stopped: 0.0002069 seconds, Stopping threads took: 0.0000523 seconds
2017-04-24T16:41:50.729+0800: 3400.402: Total time for which application threads were stopped: 0.0003509 seconds, Stopping threads took: 0.0000510 seconds
2017-04-24T16:41:50.730+0800: 3400.402: Total time for which application threads were stopped: 0.0002402 seconds, Stopping threads took: 0.0000321 seconds
2017-04-24T16:41:50.730+0800: 3400.402: Total time for which application threads were stopped: 0.0002120 seconds, Stopping threads took: 0.0000285 seconds
2017-04-24T16:41:50.730+0800: 3400.403: Total time for which application threads were stopped: 0.0003009 seconds, Stopping threads took: 0.0000561 seconds
2017-04-24T16:41:50.731+0800: 3400.403: Total time for which application threads were stopped: 0.0004946 seconds, Stopping threads took: 0.0000282 seconds
2017-04-24T16:42:00.442+0800: 3410.114: Total time for which application threads were stopped: 0.0002293 seconds, Stopping threads took: 0.0000471 seconds
2017-04-24T16:42:00.443+0800: 3410.115: Total time for which application threads were stopped: 0.0001546 seconds, Stopping threads took: 0.0000292 seconds
2017-04-24T16:42:00.756+0800: 3410.428: Total time for which application threads were stopped: 0.0003358 seconds, Stopping threads took: 0.0001241 seconds
2017-04-24T16:42:00.756+0800: 3410.429: Total time for which application threads were stopped: 0.0003102 seconds, Stopping threads took: 0.0001065 seconds
2017-04-24T16:42:00.756+0800: 3410.429: Total time for which application threads were stopped: 0.0002566 seconds, Stopping threads took: 0.0000773 seconds
2017-04-24T16:42:00.758+0800: 3410.431: Total time for which application threads were stopped: 0.0001873 seconds, Stopping threads took: 0.0000385 seconds
2017-04-24T16:42:10.419+0800: 3420.091: Total time for which application threads were stopped: 0.0002636 seconds, Stopping threads took: 0.0000552 seconds
2017-04-24T16:42:10.442+0800: 3420.114: Total time for which application threads were stopped: 0.0001376 seconds, Stopping threads took: 0.0000308 seconds
2017-04-24T16:42:10.443+0800: 3420.115: Total time for which application threads were stopped: 0.0000998 seconds, Stopping threads took: 0.0000173 seconds
2017-04-24T16:42:10.739+0800: 3420.411: Total time for which application threads were stopped: 0.0003031 seconds, Stopping threads took: 0.0000844 seconds
2017-04-24T16:42:10.739+0800: 3420.412: Total time for which application threads were stopped: 0.0002377 seconds, Stopping threads took: 0.0000520 seconds
2017-04-24T16:42:10.740+0800: 3420.412: Total time for which application threads were stopped: 0.0002014 seconds, Stopping threads took: 0.0000462 seconds
2017-04-24T16:42:10.742+0800: 3420.414: Total time for which application threads were stopped: 0.0001944 seconds, Stopping threads took: 0.0000375 seconds
2017-04-24T16:42:10.742+0800: 3420.415: Total time for which application threads were stopped: 0.0001581 seconds, Stopping threads took: 0.0000269 seconds
2017-04-24T16:42:10.742+0800: 3420.415: Total time for which application threads were stopped: 0.0001934 seconds, Stopping threads took: 0.0000382 seconds
2017-04-24T16:42:10.743+0800: 3420.415: Total time for which application threads were stopped: 0.0001434 seconds, Stopping threads took: 0.0000266 seconds
2017-04-24T16:42:10.743+0800: 3420.415: Total time for which application threads were stopped: 0.0001350 seconds, Stopping threads took: 0.0000257 seconds
2017-04-24T16:42:10.752+0800: 3420.425: Total time for which application threads were stopped: 0.0002220 seconds, Stopping threads took: 0.0000488 seconds
2017-04-24T16:42:20.438+0800: 3430.110: Total time for which application threads were stopped: 0.0001491 seconds, Stopping threads took: 0.0000279 seconds
2017-04-24T16:42:20.438+0800: 3430.111: Total time for which application threads were stopped: 0.0000965 seconds, Stopping threads took: 0.0000173 seconds
2017-04-24T16:42:20.764+0800: 3430.436: Total time for which application threads were stopped: 0.0001880 seconds, Stopping threads took: 0.0000375 seconds
2017-04-24T16:42:20.764+0800: 3430.436: Total time for which application threads were stopped: 0.0001437 seconds, Stopping threads took: 0.0000622 seconds
2017-04-24T16:42:20.765+0800: 3430.437: Total time for which application threads were stopped: 0.0001200 seconds, Stopping threads took: 0.0000276 seconds
2017-04-24T16:42:20.765+0800: 3430.437: Total time for which application threads were stopped: 0.0001392 seconds, Stopping threads took: 0.0000279 seconds
2017-04-24T16:42:20.765+0800: 3430.437: Total time for which application threads were stopped: 0.0001167 seconds, Stopping threads took: 0.0000234 seconds
2017-04-24T16:42:20.765+0800: 3430.437: Total time for which application threads were stopped: 0.0000888 seconds, Stopping threads took: 0.0000164 seconds
2017-04-24T16:42:20.765+0800: 3430.438: Total time for which application threads were stopped: 0.0001007 seconds, Stopping threads took: 0.0000189 seconds
2017-04-24T16:42:20.771+0800: 3430.443: Total time for which application threads were stopped: 0.0001354 seconds, Stopping threads took: 0.0000282 seconds
2017-04-24T16:42:30.444+0800: 3440.116: Total time for which application threads were stopped: 0.0002454 seconds, Stopping threads took: 0.0000548 seconds
2017-04-24T16:42:30.445+0800: 3440.117: Total time for which application threads were stopped: 0.0001713 seconds, Stopping threads took: 0.0000330 seconds
2017-04-24T16:42:30.711+0800: 3440.383: Total time for which application threads were stopped: 0.0001963 seconds, Stopping threads took: 0.0000378 seconds
2017-04-24T16:42:30.711+0800: 3440.384: Total time for which application threads were stopped: 0.0003640 seconds, Stopping threads took: 0.0001584 seconds
2017-04-24T16:42:30.713+0800: 3440.385: Total time for which application threads were stopped: 0.0003785 seconds, Stopping threads took: 0.0000282 seconds
2017-04-24T16:42:30.713+0800: 3440.385: Total time for which application threads were stopped: 0.0001039 seconds, Stopping threads took: 0.0000205 seconds
2017-04-24T16:42:30.713+0800: 3440.386: Total time for which application threads were stopped: 0.0001456 seconds, Stopping threads took: 0.0000269 seconds
2017-04-24T16:42:30.713+0800: 3440.386: Total time for which application threads were stopped: 0.0001235 seconds, Stopping threads took: 0.0000269 seconds
2017-04-24T16:42:30.713+0800: 3440.386: Total time for which application threads were stopped: 0.0000962 seconds, Stopping threads took: 0.0000183 seconds
2017-04-24T16:42:30.720+0800: 3440.393: Total time for which application threads were stopped: 0.0001751 seconds, Stopping threads took: 0.0000334 seconds
2017-04-24T16:42:40.441+0800: 3450.114: Total time for which application threads were stopped: 0.0001373 seconds, Stopping threads took: 0.0000292 seconds
2017-04-24T16:42:40.442+0800: 3450.115: Total time for which application threads were stopped: 0.0001244 seconds, Stopping threads took: 0.0000276 seconds
2017-04-24T16:42:40.768+0800: 3450.441: Total time for which application threads were stopped: 0.0002604 seconds, Stopping threads took: 0.0000520 seconds
2017-04-24T16:42:40.769+0800: 3450.441: Total time for which application threads were stopped: 0.0002098 seconds, Stopping threads took: 0.0000638 seconds
2017-04-24T16:42:40.770+0800: 3450.443: Total time for which application threads were stopped: 0.0001969 seconds, Stopping threads took: 0.0000301 seconds
2017-04-24T16:42:40.770+0800: 3450.443: Total time for which application threads were stopped: 0.0002203 seconds, Stopping threads took: 0.0000462 seconds
2017-04-24T16:42:40.771+0800: 3450.443: Total time for which application threads were stopped: 0.0001491 seconds, Stopping threads took: 0.0000279 seconds
2017-04-24T16:42:40.771+0800: 3450.444: Total time for which application threads were stopped: 0.0001966 seconds, Stopping threads took: 0.0000433 seconds
2017-04-24T16:42:40.781+0800: 3450.454: Total time for which application threads were stopped: 0.0002239 seconds, Stopping threads took: 0.0000471 seconds
2017-04-24T16:42:50.437+0800: 3460.110: Total time for which application threads were stopped: 0.0001430 seconds, Stopping threads took: 0.0000308 seconds
2017-04-24T16:42:50.438+0800: 3460.111: Total time for which application threads were stopped: 0.0001042 seconds, Stopping threads took: 0.0000192 seconds
2017-04-24T16:42:50.753+0800: 3460.426: Total time for which application threads were stopped: 0.0002848 seconds, Stopping threads took: 0.0000593 seconds
2017-04-24T16:42:50.753+0800: 3460.426: Total time for which application threads were stopped: 0.0002912 seconds, Stopping threads took: 0.0000927 seconds
2017-04-24T16:42:50.755+0800: 3460.427: Total time for which application threads were stopped: 0.0001937 seconds, Stopping threads took: 0.0000494 seconds
2017-04-24T16:42:50.755+0800: 3460.428: Total time for which application threads were stopped: 0.0002681 seconds, Stopping threads took: 0.0001501 seconds
2017-04-24T16:42:50.756+0800: 3460.428: Total time for which application threads were stopped: 0.0002014 seconds, Stopping threads took: 0.0000577 seconds
2017-04-24T16:42:50.756+0800: 3460.428: Total time for which application threads were stopped: 0.0001588 seconds, Stopping threads took: 0.0000468 seconds
2017-04-24T16:42:50.756+0800: 3460.429: Total time for which application threads were stopped: 0.0001793 seconds, Stopping threads took: 0.0000561 seconds
2017-04-24T16:42:50.765+0800: 3460.438: Total time for which application threads were stopped: 0.0002229 seconds, Stopping threads took: 0.0000494 seconds
2017-04-24T16:43:00.422+0800: 3470.094: Total time for which application threads were stopped: 0.0001729 seconds, Stopping threads took: 0.0000523 seconds
{Heap before GC invocations=31 (full 2):
 par new generation   total 109248K, used 92902K [0x00000000e0000000, 0x00000000e8000000, 0x00000000e8000000)
  eden space 87424K,  99% used [0x00000000e0000000, 0x00000000e553e000, 0x00000000e5560000)
  from space 21824K,  25% used [0x00000000e6ab0000, 0x00000000e702bb80, 0x00000000e8000000)
  to   space 21824K,   0% used [0x00000000e5560000, 0x00000000e5560000, 0x00000000e6ab0000)
 concurrent mark-sweep generation total 393216K, used 17297K [0x00000000e8000000, 0x0000000100000000, 0x0000000100000000)
 Metaspace       used 41535K, capacity 42288K, committed 42776K, reserved 1087488K
  class space    used 4581K, capacity 4796K, committed 4940K, reserved 1048576K
2017-04-24T16:43:00.433+0800: 3470.105: [GC (Allocation Failure) 2017-04-24T16:43:00.433+0800: 3470.106: [ParNew
Desired survivor size 20112992 bytes, new threshold 8 (max 8)
- age   1:    3027664 bytes,    3027664 total
- age   2:     704880 bytes,    3732544 total
- age   3:      73368 bytes,    3805912 total
- age   4:      22712 bytes,    3828624 total
- age   5:      12024 bytes,    3840648 total
- age   6:      23096 bytes,    3863744 total
- age   7:      29744 bytes,    3893488 total
- age   8:      51872 bytes,    3945360 total
: 92902K->4686K(109248K), 0.0057871 secs] 110200K->22002K(502464K), 0.0058881 secs] [Times: user=0.00 sys=0.00, real=0.01 secs] 
Heap after GC invocations=32 (full 2):
 par new generation   total 109248K, used 4686K [0x00000000e0000000, 0x00000000e8000000, 0x00000000e8000000)
  eden space 87424K,   0% used [0x00000000e0000000, 0x00000000e0000000, 0x00000000e5560000)
  from space 21824K,  21% used [0x00000000e5560000, 0x00000000e59f3af0, 0x00000000e6ab0000)
  to   space 21824K,   0% used [0x00000000e6ab0000, 0x00000000e6ab0000, 0x00000000e8000000)
 concurrent mark-sweep generation total 393216K, used 17315K [0x00000000e8000000, 0x0000000100000000, 0x0000000100000000)
 Metaspace       used 41535K, capacity 42288K, committed 42776K, reserved 1087488K
  class space    used 4581K, capacity 4796K, committed 4940K, reserved 1048576K
}
2017-04-24T16:43:00.439+0800: 3470.111: Total time for which application threads were stopped: 0.0061778 seconds, Stopping threads took: 0.0000266 seconds
2017-04-24T16:43:00.439+0800: 3470.112: Total time for which application threads were stopped: 0.0001620 seconds, Stopping threads took: 0.0000494 seconds
2017-04-24T16:43:00.439+0800: 3470.112: Total time for which application threads were stopped: 0.0001142 seconds, Stopping threads took: 0.0000491 seconds
2017-04-24T16:43:00.440+0800: 3470.112: Total time for which application threads were stopped: 0.0001392 seconds, Stopping threads took: 0.0000577 seconds
2017-04-24T16:43:00.440+0800: 3470.112: Total time for which application threads were stopped: 0.0001058 seconds, Stopping threads took: 0.0000292 seconds
2017-04-24T16:43:00.440+0800: 3470.113: Total time for which application threads were stopped: 0.0000850 seconds, Stopping threads took: 0.0000263 seconds
2017-04-24T16:43:00.440+0800: 3470.113: Total time for which application threads were stopped: 0.0001238 seconds, Stopping threads took: 0.0000715 seconds
2017-04-24T16:43:00.441+0800: 3470.113: Total time for which application threads were stopped: 0.0000901 seconds, Stopping threads took: 0.0000340 seconds
2017-04-24T16:43:00.441+0800: 3470.113: Total time for which application threads were stopped: 0.0000921 seconds, Stopping threads took: 0.0000314 seconds
2017-04-24T16:43:00.441+0800: 3470.113: Total time for which application threads were stopped: 0.0000744 seconds, Stopping threads took: 0.0000234 seconds
2017-04-24T16:43:00.441+0800: 3470.113: Total time for which application threads were stopped: 0.0001081 seconds, Stopping threads took: 0.0000375 seconds
2017-04-24T16:43:00.441+0800: 3470.114: Total time for which application threads were stopped: 0.0000985 seconds, Stopping threads took: 0.0000321 seconds
2017-04-24T16:43:00.441+0800: 3470.114: Total time for which application threads were stopped: 0.0000767 seconds, Stopping threads took: 0.0000241 seconds
2017-04-24T16:43:00.442+0800: 3470.114: Total time for which application threads were stopped: 0.0000773 seconds, Stopping threads took: 0.0000144 seconds
2017-04-24T16:43:00.442+0800: 3470.114: Total time for which application threads were stopped: 0.0001200 seconds, Stopping threads took: 0.0000513 seconds
2017-04-24T16:43:00.442+0800: 3470.114: Total time for which application threads were stopped: 0.0000828 seconds, Stopping threads took: 0.0000241 seconds
2017-04-24T16:43:00.442+0800: 3470.114: Total time for which application threads were stopped: 0.0000808 seconds, Stopping threads took: 0.0000228 seconds
2017-04-24T16:43:00.442+0800: 3470.115: Total time for which application threads were stopped: 0.0000622 seconds, Stopping threads took: 0.0000125 seconds
2017-04-24T16:43:00.442+0800: 3470.115: Total time for which application threads were stopped: 0.0000786 seconds, Stopping threads took: 0.0000269 seconds
2017-04-24T16:43:00.443+0800: 3470.115: Total time for which application threads were stopped: 0.0001235 seconds, Stopping threads took: 0.0000221 seconds
2017-04-24T16:43:00.443+0800: 3470.115: Total time for which application threads were stopped: 0.0001052 seconds, Stopping threads took: 0.0000215 seconds
2017-04-24T16:43:00.443+0800: 3470.115: Total time for which application threads were stopped: 0.0000844 seconds, Stopping threads took: 0.0000285 seconds
2017-04-24T16:43:00.443+0800: 3470.115: Total time for which application threads were stopped: 0.0000863 seconds, Stopping threads took: 0.0000273 seconds
2017-04-24T16:43:00.444+0800: 3470.116: Total time for which application threads were stopped: 0.0000664 seconds, Stopping threads took: 0.0000125 seconds
2017-04-24T16:43:00.445+0800: 3470.117: Total time for which application threads were stopped: 0.0000658 seconds, Stopping threads took: 0.0000115 seconds
2017-04-24T16:43:00.754+0800: 3470.427: Total time for which application threads were stopped: 0.0003769 seconds, Stopping threads took: 0.0001196 seconds
2017-04-24T16:43:00.755+0800: 3470.427: Total time for which application threads were stopped: 0.0002178 seconds, Stopping threads took: 0.0000443 seconds
2017-04-24T16:43:00.759+0800: 3470.432: Total time for which application threads were stopped: 0.0002996 seconds, Stopping threads took: 0.0000818 seconds
2017-04-24T16:43:00.760+0800: 3470.432: Total time for which application threads were stopped: 0.0002341 seconds, Stopping threads took: 0.0000536 seconds
2017-04-24T16:43:00.760+0800: 3470.433: Total time for which application threads were stopped: 0.0001931 seconds, Stopping threads took: 0.0000471 seconds
2017-04-24T16:43:00.760+0800: 3470.433: Total time for which application threads were stopped: 0.0001507 seconds, Stopping threads took: 0.0000311 seconds
2017-04-24T16:43:00.761+0800: 3470.434: Total time for which application threads were stopped: 0.0004426 seconds, Stopping threads took: 0.0000308 seconds
2017-04-24T16:43:10.423+0800: 3480.095: Total time for which application threads were stopped: 0.0001001 seconds, Stopping threads took: 0.0000205 seconds
2017-04-24T16:43:10.423+0800: 3480.095: Total time for which application threads were stopped: 0.0000751 seconds, Stopping threads took: 0.0000144 seconds
2017-04-24T16:43:10.699+0800: 3480.371: Total time for which application threads were stopped: 0.0000998 seconds, Stopping threads took: 0.0000279 seconds
2017-04-24T16:43:10.699+0800: 3480.371: Total time for which application threads were stopped: 0.0000651 seconds, Stopping threads took: 0.0000183 seconds
2017-04-24T16:43:10.699+0800: 3480.371: Total time for which application threads were stopped: 0.0000481 seconds, Stopping threads took: 0.0000115 seconds
2017-04-24T16:43:10.699+0800: 3480.372: Total time for which application threads were stopped: 0.0000507 seconds, Stopping threads took: 0.0000138 seconds
2017-04-24T16:43:10.706+0800: 3480.379: Total time for which application threads were stopped: 0.0001046 seconds, Stopping threads took: 0.0000205 seconds
2017-04-24T16:43:20.706+0800: 3490.379: Total time for which application threads were stopped: 0.0001825 seconds, Stopping threads took: 0.0000475 seconds
2017-04-24T16:43:20.706+0800: 3490.379: Total time for which application threads were stopped: 0.0001078 seconds, Stopping threads took: 0.0000356 seconds
2017-04-24T16:43:20.707+0800: 3490.379: Total time for which application threads were stopped: 0.0001337 seconds, Stopping threads took: 0.0000176 seconds
2017-04-24T16:43:20.707+0800: 3490.379: Total time for which application threads were stopped: 0.0000994 seconds, Stopping threads took: 0.0000151 seconds
2017-04-24T16:43:20.707+0800: 3490.380: Total time for which application threads were stopped: 0.0001107 seconds, Stopping threads took: 0.0000144 seconds
2017-04-24T16:43:20.707+0800: 3490.380: Total time for which application threads were stopped: 0.0000940 seconds, Stopping threads took: 0.0000144 seconds
2017-04-24T16:43:20.707+0800: 3490.380: Total time for which application threads were stopped: 0.0000895 seconds, Stopping threads took: 0.0000141 seconds
2017-04-24T16:43:20.713+0800: 3490.385: Total time for which application threads were stopped: 0.0002704 seconds, Stopping threads took: 0.0000279 seconds
2017-04-24T16:43:21.713+0800: 3491.386: Total time for which application threads were stopped: 0.0001219 seconds, Stopping threads took: 0.0000334 seconds
2017-04-24T16:43:30.445+0800: 3500.117: Total time for which application threads were stopped: 0.0002739 seconds, Stopping threads took: 0.0000600 seconds
2017-04-24T16:43:30.446+0800: 3500.119: Total time for which application threads were stopped: 0.0002143 seconds, Stopping threads took: 0.0000465 seconds
2017-04-24T16:43:30.742+0800: 3500.415: Total time for which application threads were stopped: 0.0003223 seconds, Stopping threads took: 0.0001097 seconds
2017-04-24T16:43:30.743+0800: 3500.415: Total time for which application threads were stopped: 0.0001870 seconds, Stopping threads took: 0.0000414 seconds
2017-04-24T16:43:30.743+0800: 3500.416: Total time for which application threads were stopped: 0.0003191 seconds, Stopping threads took: 0.0001318 seconds
2017-04-24T16:43:30.745+0800: 3500.417: Total time for which application threads were stopped: 0.0001690 seconds, Stopping threads took: 0.0000337 seconds
2017-04-24T16:43:30.745+0800: 3500.418: Total time for which application threads were stopped: 0.0001334 seconds, Stopping threads took: 0.0000257 seconds
2017-04-24T16:43:30.745+0800: 3500.418: Total time for which application threads were stopped: 0.0001283 seconds, Stopping threads took: 0.0000234 seconds
2017-04-24T16:43:30.745+0800: 3500.418: Total time for which application threads were stopped: 0.0001254 seconds, Stopping threads took: 0.0000247 seconds
2017-04-24T16:43:30.745+0800: 3500.418: Total time for which application threads were stopped: 0.0001241 seconds, Stopping threads took: 0.0000244 seconds
2017-04-24T16:43:40.421+0800: 3510.094: Total time for which application threads were stopped: 0.0001280 seconds, Stopping threads took: 0.0000273 seconds
2017-04-24T16:43:40.422+0800: 3510.094: Total time for which application threads were stopped: 0.0001225 seconds, Stopping threads took: 0.0000208 seconds
2017-04-24T16:43:40.760+0800: 3510.433: Total time for which application threads were stopped: 0.0002681 seconds, Stopping threads took: 0.0000565 seconds
2017-04-24T16:43:40.761+0800: 3510.433: Total time for which application threads were stopped: 0.0002483 seconds, Stopping threads took: 0.0000597 seconds
2017-04-24T16:43:40.761+0800: 3510.433: Total time for which application threads were stopped: 0.0002220 seconds, Stopping threads took: 0.0000436 seconds
2017-04-24T16:43:40.763+0800: 3510.435: Total time for which application threads were stopped: 0.0001899 seconds, Stopping threads took: 0.0000388 seconds
2017-04-24T16:43:40.763+0800: 3510.436: Total time for which application threads were stopped: 0.0001485 seconds, Stopping threads took: 0.0000266 seconds
2017-04-24T16:43:40.763+0800: 3510.436: Total time for which application threads were stopped: 0.0001344 seconds, Stopping threads took: 0.0000253 seconds
2017-04-24T16:43:40.764+0800: 3510.436: Total time for which application threads were stopped: 0.0001341 seconds, Stopping threads took: 0.0000269 seconds
2017-04-24T16:43:40.764+0800: 3510.436: Total time for which application threads were stopped: 0.0001283 seconds, Stopping threads took: 0.0000237 seconds
2017-04-24T16:43:41.764+0800: 3511.436: Total time for which application threads were stopped: 0.0000821 seconds, Stopping threads took: 0.0000208 seconds
2017-04-24T16:43:50.438+0800: 3520.110: Total time for which application threads were stopped: 0.0001479 seconds, Stopping threads took: 0.0000321 seconds
2017-04-24T16:43:50.438+0800: 3520.111: Total time for which application threads were stopped: 0.0001270 seconds, Stopping threads took: 0.0000253 seconds
2017-04-24T16:43:50.763+0800: 3520.436: Total time for which application threads were stopped: 0.0002569 seconds, Stopping threads took: 0.0000532 seconds
2017-04-24T16:43:50.763+0800: 3520.436: Total time for which application threads were stopped: 0.0002774 seconds, Stopping threads took: 0.0000824 seconds
2017-04-24T16:43:50.764+0800: 3520.436: Total time for which application threads were stopped: 0.0003855 seconds, Stopping threads took: 0.0002495 seconds
2017-04-24T16:43:50.765+0800: 3520.438: Total time for which application threads were stopped: 0.0001793 seconds, Stopping threads took: 0.0000353 seconds
2017-04-24T16:43:50.766+0800: 3520.439: Total time for which application threads were stopped: 0.0001940 seconds, Stopping threads took: 0.0000353 seconds
2017-04-24T16:43:50.766+0800: 3520.439: Total time for which application threads were stopped: 0.0001912 seconds, Stopping threads took: 0.0000382 seconds
2017-04-24T16:43:50.767+0800: 3520.439: Total time for which application threads were stopped: 0.0001719 seconds, Stopping threads took: 0.0000324 seconds
2017-04-24T16:43:50.767+0800: 3520.439: Total time for which application threads were stopped: 0.0001623 seconds, Stopping threads took: 0.0000324 seconds
2017-04-24T16:44:00.420+0800: 3530.093: Total time for which application threads were stopped: 0.0001161 seconds, Stopping threads took: 0.0000388 seconds
2017-04-24T16:44:00.420+0800: 3530.093: Total time for which application threads were stopped: 0.0000622 seconds, Stopping threads took: 0.0000192 seconds
2017-04-24T16:44:00.696+0800: 3530.368: Total time for which application threads were stopped: 0.0002107 seconds, Stopping threads took: 0.0000635 seconds
2017-04-24T16:44:00.696+0800: 3530.369: Total time for which application threads were stopped: 0.0001645 seconds, Stopping threads took: 0.0000423 seconds
2017-04-24T16:44:00.696+0800: 3530.369: Total time for which application threads were stopped: 0.0002380 seconds, Stopping threads took: 0.0001261 seconds
2017-04-24T16:44:00.698+0800: 3530.370: Total time for which application threads were stopped: 0.0001212 seconds, Stopping threads took: 0.0000231 seconds
2017-04-24T16:44:00.698+0800: 3530.370: Total time for which application threads were stopped: 0.0001119 seconds, Stopping threads took: 0.0000218 seconds
2017-04-24T16:44:00.698+0800: 3530.370: Total time for which application threads were stopped: 0.0000937 seconds, Stopping threads took: 0.0000160 seconds
2017-04-24T16:44:00.698+0800: 3530.371: Total time for which application threads were stopped: 0.0000808 seconds, Stopping threads took: 0.0000167 seconds
2017-04-24T16:44:00.698+0800: 3530.371: Total time for which application threads were stopped: 0.0001014 seconds, Stopping threads took: 0.0000330 seconds
2017-04-24T16:44:10.703+0800: 3540.375: Total time for which application threads were stopped: 0.0002916 seconds, Stopping threads took: 0.0000539 seconds
2017-04-24T16:44:10.765+0800: 3540.438: Total time for which application threads were stopped: 0.0003326 seconds, Stopping threads took: 0.0001049 seconds
2017-04-24T16:44:10.765+0800: 3540.438: Total time for which application threads were stopped: 0.0002434 seconds, Stopping threads took: 0.0000494 seconds
2017-04-24T16:44:10.767+0800: 3540.440: Total time for which application threads were stopped: 0.0003050 seconds, Stopping threads took: 0.0000481 seconds
2017-04-24T16:44:10.767+0800: 3540.440: Total time for which application threads were stopped: 0.0002800 seconds, Stopping threads took: 0.0000471 seconds
2017-04-24T16:44:10.768+0800: 3540.440: Total time for which application threads were stopped: 0.0002518 seconds, Stopping threads took: 0.0000443 seconds
2017-04-24T16:44:10.768+0800: 3540.441: Total time for which application threads were stopped: 0.0002447 seconds, Stopping threads took: 0.0000401 seconds
2017-04-24T16:44:10.769+0800: 3540.441: Total time for which application threads were stopped: 0.0004763 seconds, Stopping threads took: 0.0000395 seconds
2017-04-24T16:44:11.769+0800: 3541.441: Total time for which application threads were stopped: 0.0002043 seconds, Stopping threads took: 0.0000552 seconds
2017-04-24T16:44:20.438+0800: 3550.111: Total time for which application threads were stopped: 0.0001363 seconds, Stopping threads took: 0.0000292 seconds
2017-04-24T16:44:20.439+0800: 3550.111: Total time for which application threads were stopped: 0.0001283 seconds, Stopping threads took: 0.0000359 seconds
2017-04-24T16:44:20.750+0800: 3550.422: Total time for which application threads were stopped: 0.0002685 seconds, Stopping threads took: 0.0000568 seconds
2017-04-24T16:44:20.750+0800: 3550.423: Total time for which application threads were stopped: 0.0003198 seconds, Stopping threads took: 0.0000888 seconds
2017-04-24T16:44:20.751+0800: 3550.423: Total time for which application threads were stopped: 0.0002040 seconds, Stopping threads took: 0.0000600 seconds
2017-04-24T16:44:20.752+0800: 3550.424: Total time for which application threads were stopped: 0.0001799 seconds, Stopping threads took: 0.0000378 seconds
2017-04-24T16:44:30.451+0800: 3560.123: Total time for which application threads were stopped: 0.0001363 seconds, Stopping threads took: 0.0000340 seconds
2017-04-24T16:44:30.453+0800: 3560.125: Total time for which application threads were stopped: 0.0001325 seconds, Stopping threads took: 0.0000337 seconds
2017-04-24T16:44:30.773+0800: 3560.446: Total time for which application threads were stopped: 0.0003073 seconds, Stopping threads took: 0.0000763 seconds
2017-04-24T16:44:30.774+0800: 3560.446: Total time for which application threads were stopped: 0.0001774 seconds, Stopping threads took: 0.0000353 seconds
2017-04-24T16:44:30.774+0800: 3560.446: Total time for which application threads were stopped: 0.0001572 seconds, Stopping threads took: 0.0000343 seconds
2017-04-24T16:44:30.776+0800: 3560.448: Total time for which application threads were stopped: 0.0002887 seconds, Stopping threads took: 0.0000751 seconds
2017-04-24T16:44:30.776+0800: 3560.448: Total time for which application threads were stopped: 0.0001969 seconds, Stopping threads took: 0.0000523 seconds
2017-04-24T16:44:30.776+0800: 3560.449: Total time for which application threads were stopped: 0.0001796 seconds, Stopping threads took: 0.0000462 seconds
2017-04-24T16:44:30.776+0800: 3560.449: Total time for which application threads were stopped: 0.0001690 seconds, Stopping threads took: 0.0000433 seconds
2017-04-24T16:44:30.777+0800: 3560.449: Total time for which application threads were stopped: 0.0001886 seconds, Stopping threads took: 0.0000635 seconds
2017-04-24T16:44:31.777+0800: 3561.450: Total time for which application threads were stopped: 0.0002078 seconds, Stopping threads took: 0.0000577 seconds
2017-04-24T16:44:40.409+0800: 3570.081: Total time for which application threads were stopped: 0.0005113 seconds, Stopping threads took: 0.0000513 seconds
{Heap before GC invocations=32 (full 2):
 par new generation   total 109248K, used 92099K [0x00000000e0000000, 0x00000000e8000000, 0x00000000e8000000)
  eden space 87424K,  99% used [0x00000000e0000000, 0x00000000e555d4a8, 0x00000000e5560000)
  from space 21824K,  21% used [0x00000000e5560000, 0x00000000e59f3af0, 0x00000000e6ab0000)
  to   space 21824K,   0% used [0x00000000e6ab0000, 0x00000000e6ab0000, 0x00000000e8000000)
 concurrent mark-sweep generation total 393216K, used 17315K [0x00000000e8000000, 0x0000000100000000, 0x0000000100000000)
 Metaspace       used 41609K, capacity 42416K, committed 42776K, reserved 1087488K
  class space    used 4581K, capacity 4796K, committed 4940K, reserved 1048576K
2017-04-24T16:44:40.441+0800: 3570.114: [GC (Allocation Failure) 2017-04-24T16:44:40.441+0800: 3570.114: [ParNew
Desired survivor size 20112992 bytes, new threshold 8 (max 8)
- age   1:    2975248 bytes,    2975248 total
- age   2:     698016 bytes,    3673264 total
- age   3:      79112 bytes,    3752376 total
- age   4:      18008 bytes,    3770384 total
- age   5:      22016 bytes,    3792400 total
- age   6:      12024 bytes,    3804424 total
- age   7:      23096 bytes,    3827520 total
- age   8:      29744 bytes,    3857264 total
: 92099K->5788K(109248K), 0.0048858 secs] 109415K->23154K(502464K), 0.0049737 secs] [Times: user=0.06 sys=0.00, real=0.01 secs] 
Heap after GC invocations=33 (full 2):
 par new generation   total 109248K, used 5788K [0x00000000e0000000, 0x00000000e8000000, 0x00000000e8000000)
  eden space 87424K,   0% used [0x00000000e0000000, 0x00000000e0000000, 0x00000000e5560000)
  from space 21824K,  26% used [0x00000000e6ab0000, 0x00000000e7057080, 0x00000000e8000000)
  to   space 21824K,   0% used [0x00000000e5560000, 0x00000000e5560000, 0x00000000e6ab0000)
 concurrent mark-sweep generation total 393216K, used 17366K [0x00000000e8000000, 0x0000000100000000, 0x0000000100000000)
 Metaspace       used 41609K, capacity 42416K, committed 42776K, reserved 1087488K
  class space    used 4581K, capacity 4796K, committed 4940K, reserved 1048576K
}
2017-04-24T16:44:40.446+0800: 3570.119: Total time for which application threads were stopped: 0.0052354 seconds, Stopping threads took: 0.0000285 seconds
2017-04-24T16:44:40.447+0800: 3570.120: Total time for which application threads were stopped: 0.0001799 seconds, Stopping threads took: 0.0000571 seconds
2017-04-24T16:44:40.447+0800: 3570.120: Total time for which application threads were stopped: 0.0001126 seconds, Stopping threads took: 0.0000295 seconds
2017-04-24T16:44:40.448+0800: 3570.120: Total time for which application threads were stopped: 0.0001116 seconds, Stopping threads took: 0.0000292 seconds
2017-04-24T16:44:40.448+0800: 3570.120: Total time for which application threads were stopped: 0.0001241 seconds, Stopping threads took: 0.0000311 seconds
2017-04-24T16:44:40.449+0800: 3570.121: Total time for which application threads were stopped: 0.0001129 seconds, Stopping threads took: 0.0000382 seconds
2017-04-24T16:44:40.449+0800: 3570.121: Total time for which application threads were stopped: 0.0000924 seconds, Stopping threads took: 0.0000225 seconds
2017-04-24T16:44:40.449+0800: 3570.121: Total time for which application threads were stopped: 0.0000901 seconds, Stopping threads took: 0.0000257 seconds
2017-04-24T16:44:40.449+0800: 3570.122: Total time for which application threads were stopped: 0.0000943 seconds, Stopping threads took: 0.0000343 seconds
2017-04-24T16:44:40.449+0800: 3570.122: Total time for which application threads were stopped: 0.0002396 seconds, Stopping threads took: 0.0000414 seconds
2017-04-24T16:44:40.450+0800: 3570.122: Total time for which application threads were stopped: 0.0000911 seconds, Stopping threads took: 0.0000295 seconds
2017-04-24T16:44:40.450+0800: 3570.122: Total time for which application threads were stopped: 0.0000757 seconds, Stopping threads took: 0.0000234 seconds
2017-04-24T16:44:40.450+0800: 3570.122: Total time for which application threads were stopped: 0.0000795 seconds, Stopping threads took: 0.0000212 seconds
2017-04-24T16:44:40.450+0800: 3570.123: Total time for which application threads were stopped: 0.0000773 seconds, Stopping threads took: 0.0000308 seconds
2017-04-24T16:44:40.450+0800: 3570.123: Total time for which application threads were stopped: 0.0000693 seconds, Stopping threads took: 0.0000228 seconds
2017-04-24T16:44:40.450+0800: 3570.123: Total time for which application threads were stopped: 0.0000731 seconds, Stopping threads took: 0.0000289 seconds
2017-04-24T16:44:40.451+0800: 3570.123: Total time for which application threads were stopped: 0.0000702 seconds, Stopping threads took: 0.0000225 seconds
2017-04-24T16:44:40.451+0800: 3570.123: Total time for which application threads were stopped: 0.0000616 seconds, Stopping threads took: 0.0000186 seconds
2017-04-24T16:44:40.451+0800: 3570.123: Total time for which application threads were stopped: 0.0001097 seconds, Stopping threads took: 0.0000253 seconds
2017-04-24T16:44:40.451+0800: 3570.124: Total time for which application threads were stopped: 0.0001129 seconds, Stopping threads took: 0.0000292 seconds
2017-04-24T16:44:40.451+0800: 3570.124: Total time for which application threads were stopped: 0.0001969 seconds, Stopping threads took: 0.0000269 seconds
2017-04-24T16:44:40.452+0800: 3570.124: Total time for which application threads were stopped: 0.0001620 seconds, Stopping threads took: 0.0000212 seconds
2017-04-24T16:44:40.452+0800: 3570.124: Total time for which application threads were stopped: 0.0000581 seconds, Stopping threads took: 0.0000135 seconds
2017-04-24T16:44:40.452+0800: 3570.125: Total time for which application threads were stopped: 0.0000888 seconds, Stopping threads took: 0.0000273 seconds
2017-04-24T16:44:40.839+0800: 3570.511: Total time for which application threads were stopped: 0.0002415 seconds, Stopping threads took: 0.0000568 seconds
2017-04-24T16:44:40.839+0800: 3570.512: Total time for which application threads were stopped: 0.0002598 seconds, Stopping threads took: 0.0000638 seconds
2017-04-24T16:44:40.839+0800: 3570.512: Total time for which application threads were stopped: 0.0002588 seconds, Stopping threads took: 0.0000625 seconds
2017-04-24T16:44:40.841+0800: 3570.514: Total time for which application threads were stopped: 0.0002367 seconds, Stopping threads took: 0.0000635 seconds
2017-04-24T16:44:40.841+0800: 3570.514: Total time for which application threads were stopped: 0.0002377 seconds, Stopping threads took: 0.0000658 seconds
2017-04-24T16:44:40.842+0800: 3570.515: Total time for which application threads were stopped: 0.0001713 seconds, Stopping threads took: 0.0000407 seconds
2017-04-24T16:44:40.842+0800: 3570.515: Total time for which application threads were stopped: 0.0001985 seconds, Stopping threads took: 0.0000465 seconds
2017-04-24T16:44:40.842+0800: 3570.515: Total time for which application threads were stopped: 0.0001549 seconds, Stopping threads took: 0.0000343 seconds
2017-04-24T16:44:50.438+0800: 3580.110: Total time for which application threads were stopped: 0.0001649 seconds, Stopping threads took: 0.0000356 seconds
2017-04-24T16:44:50.438+0800: 3580.111: Total time for which application threads were stopped: 0.0001107 seconds, Stopping threads took: 0.0000234 seconds
2017-04-24T16:44:50.731+0800: 3580.404: Total time for which application threads were stopped: 0.0003179 seconds, Stopping threads took: 0.0000882 seconds
2017-04-24T16:44:50.732+0800: 3580.404: Total time for which application threads were stopped: 0.0001892 seconds, Stopping threads took: 0.0000465 seconds
2017-04-24T16:44:50.732+0800: 3580.404: Total time for which application threads were stopped: 0.0002499 seconds, Stopping threads took: 0.0001074 seconds
2017-04-24T16:44:50.734+0800: 3580.406: Total time for which application threads were stopped: 0.0002075 seconds, Stopping threads took: 0.0000398 seconds
2017-04-24T16:44:50.734+0800: 3580.406: Total time for which application threads were stopped: 0.0001953 seconds, Stopping threads took: 0.0000459 seconds
2017-04-24T16:44:50.734+0800: 3580.407: Total time for which application threads were stopped: 0.0001684 seconds, Stopping threads took: 0.0000356 seconds
2017-04-24T16:44:50.734+0800: 3580.407: Total time for which application threads were stopped: 0.0001594 seconds, Stopping threads took: 0.0000369 seconds
2017-04-24T16:44:50.735+0800: 3580.407: Total time for which application threads were stopped: 0.0003300 seconds, Stopping threads took: 0.0001806 seconds
2017-04-24T16:45:00.452+0800: 3590.125: Total time for which application threads were stopped: 0.0001309 seconds, Stopping threads took: 0.0000321 seconds
2017-04-24T16:45:00.453+0800: 3590.125: Total time for which application threads were stopped: 0.0001123 seconds, Stopping threads took: 0.0000311 seconds
2017-04-24T16:45:00.756+0800: 3590.429: Total time for which application threads were stopped: 0.0003092 seconds, Stopping threads took: 0.0000799 seconds
2017-04-24T16:45:00.757+0800: 3590.429: Total time for which application threads were stopped: 0.0002236 seconds, Stopping threads took: 0.0000481 seconds
2017-04-24T16:45:00.757+0800: 3590.430: Total time for which application threads were stopped: 0.0002255 seconds, Stopping threads took: 0.0000677 seconds
2017-04-24T16:45:00.759+0800: 3590.431: Total time for which application threads were stopped: 0.0002017 seconds, Stopping threads took: 0.0000455 seconds
2017-04-24T16:45:00.759+0800: 3590.431: Total time for which application threads were stopped: 0.0001960 seconds, Stopping threads took: 0.0000423 seconds
2017-04-24T16:45:00.759+0800: 3590.432: Total time for which application threads were stopped: 0.0001594 seconds, Stopping threads took: 0.0000346 seconds
2017-04-24T16:45:00.760+0800: 3590.432: Total time for which application threads were stopped: 0.0001931 seconds, Stopping threads took: 0.0000423 seconds
2017-04-24T16:45:00.760+0800: 3590.433: Total time for which application threads were stopped: 0.0006014 seconds, Stopping threads took: 0.0004471 seconds
2017-04-24T16:45:00.771+0800: 3590.444: Total time for which application threads were stopped: 0.0002293 seconds, Stopping threads took: 0.0000536 seconds
2017-04-24T16:45:01.771+0800: 3591.444: Total time for which application threads were stopped: 0.0000937 seconds, Stopping threads took: 0.0000269 seconds
2017-04-24T16:45:10.444+0800: 3600.116: Total time for which application threads were stopped: 0.0001600 seconds, Stopping threads took: 0.0000462 seconds
2017-04-24T16:45:10.444+0800: 3600.117: Total time for which application threads were stopped: 0.0001004 seconds, Stopping threads took: 0.0000257 seconds
2017-04-24T16:45:10.893+0800: 3600.565: Total time for which application threads were stopped: 0.0003772 seconds, Stopping threads took: 0.0000369 seconds
2017-04-24T16:45:10.893+0800: 3600.566: Total time for which application threads were stopped: 0.0003015 seconds, Stopping threads took: 0.0000330 seconds
2017-04-24T16:45:10.894+0800: 3600.566: Total time for which application threads were stopped: 0.0000911 seconds, Stopping threads took: 0.0000247 seconds
2017-04-24T16:45:10.894+0800: 3600.567: Total time for which application threads were stopped: 0.0001087 seconds, Stopping threads took: 0.0000285 seconds
2017-04-24T16:45:10.894+0800: 3600.567: Total time for which application threads were stopped: 0.0000789 seconds, Stopping threads took: 0.0000176 seconds
2017-04-24T16:45:10.894+0800: 3600.567: Total time for which application threads were stopped: 0.0001341 seconds, Stopping threads took: 0.0000148 seconds
2017-04-24T16:45:10.894+0800: 3600.567: Total time for which application threads were stopped: 0.0000760 seconds, Stopping threads took: 0.0000173 seconds
2017-04-24T16:45:10.900+0800: 3600.573: Total time for which application threads were stopped: 0.0001427 seconds, Stopping threads took: 0.0000289 seconds
2017-04-24T16:45:11.900+0800: 3601.573: Total time for which application threads were stopped: 0.0002155 seconds, Stopping threads took: 0.0000571 seconds
2017-04-24T16:45:20.438+0800: 3610.110: Total time for which application threads were stopped: 0.0001847 seconds, Stopping threads took: 0.0000478 seconds
2017-04-24T16:45:20.438+0800: 3610.111: Total time for which application threads were stopped: 0.0000943 seconds, Stopping threads took: 0.0000218 seconds
2017-04-24T16:45:20.729+0800: 3610.402: Total time for which application threads were stopped: 0.0003262 seconds, Stopping threads took: 0.0001049 seconds
2017-04-24T16:45:20.730+0800: 3610.402: Total time for which application threads were stopped: 0.0002252 seconds, Stopping threads took: 0.0000491 seconds
2017-04-24T16:45:20.730+0800: 3610.403: Total time for which application threads were stopped: 0.0002255 seconds, Stopping threads took: 0.0000715 seconds
2017-04-24T16:45:20.730+0800: 3610.403: Total time for which application threads were stopped: 0.0001575 seconds, Stopping threads took: 0.0000433 seconds
2017-04-24T16:45:20.731+0800: 3610.404: Total time for which application threads were stopped: 0.0005719 seconds, Stopping threads took: 0.0001046 seconds
2017-04-24T16:45:20.741+0800: 3610.414: Total time for which application threads were stopped: 0.0002729 seconds, Stopping threads took: 0.0000532 seconds
2017-04-24T16:45:30.443+0800: 3620.116: Total time for which application threads were stopped: 0.0005886 seconds, Stopping threads took: 0.0000558 seconds
2017-04-24T16:45:30.445+0800: 3620.117: Total time for which application threads were stopped: 0.0004426 seconds, Stopping threads took: 0.0000343 seconds
2017-04-24T16:45:30.780+0800: 3620.453: Total time for which application threads were stopped: 0.0002726 seconds, Stopping threads took: 0.0000507 seconds
2017-04-24T16:45:30.792+0800: 3620.464: Total time for which application threads were stopped: 0.0002790 seconds, Stopping threads took: 0.0000523 seconds
2017-04-24T16:45:40.442+0800: 3630.115: Total time for which application threads were stopped: 0.0001559 seconds, Stopping threads took: 0.0000439 seconds
2017-04-24T16:45:40.443+0800: 3630.115: Total time for which application threads were stopped: 0.0001119 seconds, Stopping threads took: 0.0000289 seconds
2017-04-24T16:45:40.773+0800: 3630.445: Total time for which application threads were stopped: 0.0002803 seconds, Stopping threads took: 0.0000747 seconds
2017-04-24T16:45:40.773+0800: 3630.446: Total time for which application threads were stopped: 0.0002499 seconds, Stopping threads took: 0.0000763 seconds
2017-04-24T16:45:40.773+0800: 3630.446: Total time for which application threads were stopped: 0.0001905 seconds, Stopping threads took: 0.0000587 seconds
2017-04-24T16:45:40.773+0800: 3630.446: Total time for which application threads were stopped: 0.0002046 seconds, Stopping threads took: 0.0000587 seconds
2017-04-24T16:45:40.774+0800: 3630.446: Total time for which application threads were stopped: 0.0001912 seconds, Stopping threads took: 0.0000645 seconds
2017-04-24T16:45:40.793+0800: 3630.466: Total time for which application threads were stopped: 0.0002649 seconds, Stopping threads took: 0.0000548 seconds
2017-04-24T16:45:50.427+0800: 3640.100: Total time for which application threads were stopped: 0.0002399 seconds, Stopping threads took: 0.0000808 seconds
2017-04-24T16:45:50.428+0800: 3640.100: Total time for which application threads were stopped: 0.0001774 seconds, Stopping threads took: 0.0000513 seconds
2017-04-24T16:45:50.765+0800: 3640.438: Total time for which application threads were stopped: 0.0000991 seconds, Stopping threads took: 0.0000199 seconds
2017-04-24T16:45:50.766+0800: 3640.438: Total time for which application threads were stopped: 0.0000433 seconds, Stopping threads took: 0.0000099 seconds
2017-04-24T16:45:50.766+0800: 3640.438: Total time for which application threads were stopped: 0.0000372 seconds, Stopping threads took: 0.0000080 seconds
2017-04-24T16:45:50.766+0800: 3640.438: Total time for which application threads were stopped: 0.0000366 seconds, Stopping threads took: 0.0000077 seconds
2017-04-24T16:45:50.766+0800: 3640.438: Total time for which application threads were stopped: 0.0000366 seconds, Stopping threads took: 0.0000077 seconds
2017-04-24T16:46:00.416+0800: 3650.088: Total time for which application threads were stopped: 0.0000988 seconds, Stopping threads took: 0.0000279 seconds
2017-04-24T16:46:00.416+0800: 3650.088: Total time for which application threads were stopped: 0.0000648 seconds, Stopping threads took: 0.0000186 seconds
2017-04-24T16:46:00.716+0800: 3650.388: Total time for which application threads were stopped: 0.0002425 seconds, Stopping threads took: 0.0000488 seconds
2017-04-24T16:46:00.718+0800: 3650.390: Total time for which application threads were stopped: 0.0002835 seconds, Stopping threads took: 0.0000834 seconds
2017-04-24T16:46:00.718+0800: 3650.391: Total time for which application threads were stopped: 0.0003098 seconds, Stopping threads took: 0.0000481 seconds
2017-04-24T16:46:00.718+0800: 3650.391: Total time for which application threads were stopped: 0.0001527 seconds, Stopping threads took: 0.0000343 seconds
2017-04-24T16:46:00.719+0800: 3650.391: Total time for which application threads were stopped: 0.0001857 seconds, Stopping threads took: 0.0000686 seconds
2017-04-24T16:46:00.719+0800: 3650.392: Total time for which application threads were stopped: 0.0001825 seconds, Stopping threads took: 0.0000411 seconds
2017-04-24T16:46:00.733+0800: 3650.406: Total time for which application threads were stopped: 0.0002845 seconds, Stopping threads took: 0.0000558 seconds
2017-04-24T16:46:10.444+0800: 3660.117: Total time for which application threads were stopped: 0.0001575 seconds, Stopping threads took: 0.0000273 seconds
2017-04-24T16:46:10.445+0800: 3660.117: Total time for which application threads were stopped: 0.0000927 seconds, Stopping threads took: 0.0000183 seconds
2017-04-24T16:46:10.718+0800: 3660.391: Total time for which application threads were stopped: 0.0004189 seconds, Stopping threads took: 0.0000411 seconds
2017-04-24T16:46:10.718+0800: 3660.391: Total time for which application threads were stopped: 0.0001103 seconds, Stopping threads took: 0.0000202 seconds
2017-04-24T16:46:10.718+0800: 3660.391: Total time for which application threads were stopped: 0.0001010 seconds, Stopping threads took: 0.0000183 seconds
2017-04-24T16:46:10.719+0800: 3660.391: Total time for which application threads were stopped: 0.0001010 seconds, Stopping threads took: 0.0000176 seconds
2017-04-24T16:46:10.719+0800: 3660.391: Total time for which application threads were stopped: 0.0000998 seconds, Stopping threads took: 0.0000180 seconds
2017-04-24T16:46:10.726+0800: 3660.399: Total time for which application threads were stopped: 0.0002598 seconds, Stopping threads took: 0.0000593 seconds
{Heap before GC invocations=33 (full 2):
 par new generation   total 109248K, used 93146K [0x00000000e0000000, 0x00000000e8000000, 0x00000000e8000000)
  eden space 87424K,  99% used [0x00000000e0000000, 0x00000000e554f840, 0x00000000e5560000)
  from space 21824K,  26% used [0x00000000e6ab0000, 0x00000000e7057080, 0x00000000e8000000)
  to   space 21824K,   0% used [0x00000000e5560000, 0x00000000e5560000, 0x00000000e6ab0000)
 concurrent mark-sweep generation total 393216K, used 17366K [0x00000000e8000000, 0x0000000100000000, 0x0000000100000000)
 Metaspace       used 41743K, capacity 42480K, committed 43032K, reserved 1087488K
  class space    used 4582K, capacity 4796K, committed 4940K, reserved 1048576K
2017-04-24T16:46:20.437+0800: 3670.110: [GC (Allocation Failure) 2017-04-24T16:46:20.437+0800: 3670.110: [ParNew
Desired survivor size 20112992 bytes, new threshold 8 (max 8)
- age   1:    3252576 bytes,    3252576 total
- age   2:     696320 bytes,    3948896 total
- age   3:      70648 bytes,    4019544 total
- age   4:      21248 bytes,    4040792 total
- age   5:      15152 bytes,    4055944 total
- age   6:      20096 bytes,    4076040 total
- age   7:      10080 bytes,    4086120 total
- age   8:      21128 bytes,    4107248 total
: 93146K->5183K(109248K), 0.0126455 secs] 110512K->22577K(502464K), 0.0128033 secs] [Times: user=0.06 sys=0.00, real=0.01 secs] 
Heap after GC invocations=34 (full 2):
 par new generation   total 109248K, used 5183K [0x00000000e0000000, 0x00000000e8000000, 0x00000000e8000000)
  eden space 87424K,   0% used [0x00000000e0000000, 0x00000000e0000000, 0x00000000e5560000)
  from space 21824K,  23% used [0x00000000e5560000, 0x00000000e5a6fed8, 0x00000000e6ab0000)
  to   space 21824K,   0% used [0x00000000e6ab0000, 0x00000000e6ab0000, 0x00000000e8000000)
 concurrent mark-sweep generation total 393216K, used 17393K [0x00000000e8000000, 0x0000000100000000, 0x0000000100000000)
 Metaspace       used 41743K, capacity 42480K, committed 43032K, reserved 1087488K
  class space    used 4582K, capacity 4796K, committed 4940K, reserved 1048576K
}
2017-04-24T16:46:20.450+0800: 3670.123: Total time for which application threads were stopped: 0.0133415 seconds, Stopping threads took: 0.0000561 seconds
2017-04-24T16:46:20.454+0800: 3670.126: Total time for which application threads were stopped: 0.0002976 seconds, Stopping threads took: 0.0001023 seconds
2017-04-24T16:46:20.455+0800: 3670.127: Total time for which application threads were stopped: 0.0002457 seconds, Stopping threads took: 0.0000831 seconds
2017-04-24T16:46:20.456+0800: 3670.128: Total time for which application threads were stopped: 0.0003256 seconds, Stopping threads took: 0.0000927 seconds
2017-04-24T16:46:20.720+0800: 3670.393: Total time for which application threads were stopped: 0.0003618 seconds, Stopping threads took: 0.0000536 seconds
2017-04-24T16:46:20.721+0800: 3670.393: Total time for which application threads were stopped: 0.0002922 seconds, Stopping threads took: 0.0000465 seconds
2017-04-24T16:46:20.721+0800: 3670.393: Total time for which application threads were stopped: 0.0002582 seconds, Stopping threads took: 0.0000388 seconds
2017-04-24T16:46:20.721+0800: 3670.394: Total time for which application threads were stopped: 0.0002547 seconds, Stopping threads took: 0.0000401 seconds
2017-04-24T16:46:20.731+0800: 3670.404: Total time for which application threads were stopped: 0.0002649 seconds, Stopping threads took: 0.0000532 seconds
2017-04-24T16:46:30.418+0800: 3680.091: Total time for which application threads were stopped: 0.0000962 seconds, Stopping threads took: 0.0000260 seconds
2017-04-24T16:46:30.418+0800: 3680.091: Total time for which application threads were stopped: 0.0000616 seconds, Stopping threads took: 0.0000148 seconds
2017-04-24T16:46:30.713+0800: 3680.385: Total time for which application threads were stopped: 0.0002338 seconds, Stopping threads took: 0.0001010 seconds
2017-04-24T16:46:30.713+0800: 3680.385: Total time for which application threads were stopped: 0.0001424 seconds, Stopping threads took: 0.0000395 seconds
2017-04-24T16:46:30.713+0800: 3680.385: Total time for which application threads were stopped: 0.0001228 seconds, Stopping threads took: 0.0000356 seconds
2017-04-24T16:46:30.713+0800: 3680.385: Total time for which application threads were stopped: 0.0001126 seconds, Stopping threads took: 0.0000334 seconds
2017-04-24T16:46:30.713+0800: 3680.386: Total time for which application threads were stopped: 0.0002960 seconds, Stopping threads took: 0.0000337 seconds
2017-04-24T16:46:30.719+0800: 3680.391: Total time for which application threads were stopped: 0.0001398 seconds, Stopping threads took: 0.0000295 seconds
2017-04-24T16:46:40.442+0800: 3690.115: Total time for which application threads were stopped: 0.0001402 seconds, Stopping threads took: 0.0000285 seconds
2017-04-24T16:46:40.443+0800: 3690.115: Total time for which application threads were stopped: 0.0001042 seconds, Stopping threads took: 0.0000186 seconds
2017-04-24T16:46:40.702+0800: 3690.375: Total time for which application threads were stopped: 0.0002935 seconds, Stopping threads took: 0.0000536 seconds
2017-04-24T16:46:40.711+0800: 3690.384: Total time for which application threads were stopped: 0.0002348 seconds, Stopping threads took: 0.0000478 seconds
2017-04-24T16:46:50.438+0800: 3700.110: Total time for which application threads were stopped: 0.0001511 seconds, Stopping threads took: 0.0000334 seconds
2017-04-24T16:46:50.438+0800: 3700.111: Total time for which application threads were stopped: 0.0001074 seconds, Stopping threads took: 0.0000202 seconds
2017-04-24T16:46:50.766+0800: 3700.438: Total time for which application threads were stopped: 0.0002470 seconds, Stopping threads took: 0.0000523 seconds
2017-04-24T16:46:50.766+0800: 3700.439: Total time for which application threads were stopped: 0.0002178 seconds, Stopping threads took: 0.0000452 seconds
2017-04-24T16:46:50.767+0800: 3700.439: Total time for which application threads were stopped: 0.0001379 seconds, Stopping threads took: 0.0000250 seconds
2017-04-24T16:46:50.767+0800: 3700.439: Total time for which application threads were stopped: 0.0001886 seconds, Stopping threads took: 0.0000395 seconds
2017-04-24T16:46:50.767+0800: 3700.439: Total time for which application threads were stopped: 0.0001677 seconds, Stopping threads took: 0.0000343 seconds
2017-04-24T16:46:50.778+0800: 3700.450: Total time for which application threads were stopped: 0.0002466 seconds, Stopping threads took: 0.0000520 seconds
2017-04-24T16:47:00.443+0800: 3710.116: Total time for which application threads were stopped: 0.0002633 seconds, Stopping threads took: 0.0000577 seconds
2017-04-24T16:47:00.445+0800: 3710.117: Total time for which application threads were stopped: 0.0001472 seconds, Stopping threads took: 0.0000279 seconds
2017-04-24T16:47:00.750+0800: 3710.422: Total time for which application threads were stopped: 0.0002082 seconds, Stopping threads took: 0.0000571 seconds
2017-04-24T16:47:00.750+0800: 3710.422: Total time for which application threads were stopped: 0.0001504 seconds, Stopping threads took: 0.0000587 seconds
2017-04-24T16:47:00.751+0800: 3710.424: Total time for which application threads were stopped: 0.0001613 seconds, Stopping threads took: 0.0000327 seconds
2017-04-24T16:47:00.751+0800: 3710.424: Total time for which application threads were stopped: 0.0001366 seconds, Stopping threads took: 0.0000292 seconds
2017-04-24T16:47:00.752+0800: 3710.424: Total time for which application threads were stopped: 0.0001257 seconds, Stopping threads took: 0.0000260 seconds
2017-04-24T16:47:00.752+0800: 3710.424: Total time for which application threads were stopped: 0.0001113 seconds, Stopping threads took: 0.0000225 seconds
2017-04-24T16:47:00.752+0800: 3710.424: Total time for which application threads were stopped: 0.0001135 seconds, Stopping threads took: 0.0000228 seconds
2017-04-24T16:47:00.759+0800: 3710.431: Total time for which application threads were stopped: 0.0004160 seconds, Stopping threads took: 0.0000388 seconds
2017-04-24T16:47:10.421+0800: 3720.094: Total time for which application threads were stopped: 0.0001058 seconds, Stopping threads took: 0.0000225 seconds
2017-04-24T16:47:10.421+0800: 3720.094: Total time for which application threads were stopped: 0.0000940 seconds, Stopping threads took: 0.0000180 seconds
2017-04-24T16:47:10.743+0800: 3720.415: Total time for which application threads were stopped: 0.0002338 seconds, Stopping threads took: 0.0000510 seconds
2017-04-24T16:47:10.743+0800: 3720.415: Total time for which application threads were stopped: 0.0002085 seconds, Stopping threads took: 0.0000481 seconds
2017-04-24T16:47:10.743+0800: 3720.416: Total time for which application threads were stopped: 0.0003650 seconds, Stopping threads took: 0.0002085 seconds
2017-04-24T16:47:10.745+0800: 3720.417: Total time for which application threads were stopped: 0.0001594 seconds, Stopping threads took: 0.0000337 seconds
2017-04-24T16:47:10.745+0800: 3720.417: Total time for which application threads were stopped: 0.0001337 seconds, Stopping threads took: 0.0000250 seconds
2017-04-24T16:47:10.745+0800: 3720.418: Total time for which application threads were stopped: 0.0001232 seconds, Stopping threads took: 0.0000234 seconds
2017-04-24T16:47:10.745+0800: 3720.418: Total time for which application threads were stopped: 0.0001216 seconds, Stopping threads took: 0.0000231 seconds
2017-04-24T16:47:10.746+0800: 3720.418: Total time for which application threads were stopped: 0.0001232 seconds, Stopping threads took: 0.0000225 seconds
2017-04-24T16:47:20.438+0800: 3730.111: Total time for which application threads were stopped: 0.0001325 seconds, Stopping threads took: 0.0000298 seconds
2017-04-24T16:47:20.438+0800: 3730.111: Total time for which application threads were stopped: 0.0000946 seconds, Stopping threads took: 0.0000176 seconds
2017-04-24T16:47:20.779+0800: 3730.452: Total time for which application threads were stopped: 0.0002611 seconds, Stopping threads took: 0.0000641 seconds
2017-04-24T16:47:20.779+0800: 3730.452: Total time for which application threads were stopped: 0.0003166 seconds, Stopping threads took: 0.0001026 seconds
2017-04-24T16:47:20.780+0800: 3730.452: Total time for which application threads were stopped: 0.0002390 seconds, Stopping threads took: 0.0000844 seconds
2017-04-24T16:47:20.781+0800: 3730.454: Total time for which application threads were stopped: 0.0001902 seconds, Stopping threads took: 0.0000395 seconds
2017-04-24T16:47:20.781+0800: 3730.454: Total time for which application threads were stopped: 0.0001450 seconds, Stopping threads took: 0.0000250 seconds
2017-04-24T16:47:20.782+0800: 3730.454: Total time for which application threads were stopped: 0.0001373 seconds, Stopping threads took: 0.0000247 seconds
2017-04-24T16:47:20.782+0800: 3730.454: Total time for which application threads were stopped: 0.0001321 seconds, Stopping threads took: 0.0000241 seconds
2017-04-24T16:47:20.782+0800: 3730.455: Total time for which application threads were stopped: 0.0001318 seconds, Stopping threads took: 0.0000244 seconds
2017-04-24T16:47:30.452+0800: 3740.124: Total time for which application threads were stopped: 0.0001347 seconds, Stopping threads took: 0.0000279 seconds
2017-04-24T16:47:30.452+0800: 3740.125: Total time for which application threads were stopped: 0.0001184 seconds, Stopping threads took: 0.0000241 seconds
2017-04-24T16:47:30.776+0800: 3740.449: Total time for which application threads were stopped: 0.0002774 seconds, Stopping threads took: 0.0000706 seconds
2017-04-24T16:47:30.777+0800: 3740.449: Total time for which application threads were stopped: 0.0002518 seconds, Stopping threads took: 0.0000494 seconds
2017-04-24T16:47:30.777+0800: 3740.449: Total time for which application threads were stopped: 0.0001912 seconds, Stopping threads took: 0.0000391 seconds
2017-04-24T16:47:30.779+0800: 3740.451: Total time for which application threads were stopped: 0.0001982 seconds, Stopping threads took: 0.0000526 seconds
2017-04-24T16:47:30.779+0800: 3740.451: Total time for which application threads were stopped: 0.0001392 seconds, Stopping threads took: 0.0000237 seconds
2017-04-24T16:47:30.779+0800: 3740.452: Total time for which application threads were stopped: 0.0002322 seconds, Stopping threads took: 0.0000837 seconds
2017-04-24T16:47:30.780+0800: 3740.452: Total time for which application threads were stopped: 0.0001928 seconds, Stopping threads took: 0.0000391 seconds
2017-04-24T16:47:30.780+0800: 3740.452: Total time for which application threads were stopped: 0.0001857 seconds, Stopping threads took: 0.0000398 seconds
2017-04-24T16:47:40.441+0800: 3750.114: Total time for which application threads were stopped: 0.0001443 seconds, Stopping threads took: 0.0000295 seconds
2017-04-24T16:47:40.442+0800: 3750.114: Total time for which application threads were stopped: 0.0000991 seconds, Stopping threads took: 0.0000180 seconds
2017-04-24T16:47:40.721+0800: 3750.394: Total time for which application threads were stopped: 0.0001543 seconds, Stopping threads took: 0.0000362 seconds
2017-04-24T16:47:40.721+0800: 3750.394: Total time for which application threads were stopped: 0.0001325 seconds, Stopping threads took: 0.0000500 seconds
2017-04-24T16:47:40.721+0800: 3750.394: Total time for which application threads were stopped: 0.0000853 seconds, Stopping threads took: 0.0000173 seconds
2017-04-24T16:47:40.722+0800: 3750.395: Total time for which application threads were stopped: 0.0001167 seconds, Stopping threads took: 0.0000228 seconds
2017-04-24T16:47:40.722+0800: 3750.395: Total time for which application threads were stopped: 0.0000828 seconds, Stopping threads took: 0.0000154 seconds
2017-04-24T16:47:40.722+0800: 3750.395: Total time for which application threads were stopped: 0.0000734 seconds, Stopping threads took: 0.0000132 seconds
2017-04-24T16:47:40.722+0800: 3750.395: Total time for which application threads were stopped: 0.0000715 seconds, Stopping threads took: 0.0000128 seconds
2017-04-24T16:47:40.723+0800: 3750.395: Total time for which application threads were stopped: 0.0002649 seconds, Stopping threads took: 0.0000132 seconds
2017-04-24T16:47:50.432+0800: 3760.104: Total time for which application threads were stopped: 0.0001052 seconds, Stopping threads took: 0.0000234 seconds
2017-04-24T16:47:50.432+0800: 3760.104: Total time for which application threads were stopped: 0.0000754 seconds, Stopping threads took: 0.0000186 seconds
2017-04-24T16:47:50.704+0800: 3760.377: Total time for which application threads were stopped: 0.0000956 seconds, Stopping threads took: 0.0000231 seconds
2017-04-24T16:47:50.705+0800: 3760.377: Total time for which application threads were stopped: 0.0000548 seconds, Stopping threads took: 0.0000112 seconds
{Heap before GC invocations=34 (full 2):
 par new generation   total 109248K, used 92241K [0x00000000e0000000, 0x00000000e8000000, 0x00000000e8000000)
  eden space 87424K,  99% used [0x00000000e0000000, 0x00000000e5504790, 0x00000000e5560000)
  from space 21824K,  23% used [0x00000000e5560000, 0x00000000e5a6fed8, 0x00000000e6ab0000)
  to   space 21824K,   0% used [0x00000000e6ab0000, 0x00000000e6ab0000, 0x00000000e8000000)
 concurrent mark-sweep generation total 393216K, used 17393K [0x00000000e8000000, 0x0000000100000000, 0x0000000100000000)
 Metaspace       used 41758K, capacity 42544K, committed 43032K, reserved 1087488K
  class space    used 4582K, capacity 4796K, committed 4940K, reserved 1048576K
2017-04-24T16:48:00.442+0800: 3770.114: [GC (Allocation Failure) 2017-04-24T16:48:00.442+0800: 3770.114: [ParNew
Desired survivor size 20112992 bytes, new threshold 8 (max 8)
- age   1:    2972184 bytes,    2972184 total
- age   2:     975624 bytes,    3947808 total
- age   3:      70144 bytes,    4017952 total
- age   4:      14944 bytes,    4032896 total
- age   5:      20520 bytes,    4053416 total
- age   6:      15152 bytes,    4068568 total
- age   7:      20096 bytes,    4088664 total
- age   8:      10080 bytes,    4098744 total
: 92241K->5342K(109248K), 0.0106178 secs] 109635K->22756K(502464K), 0.0107685 secs] [Times: user=0.06 sys=0.00, real=0.01 secs] 
Heap after GC invocations=35 (full 2):
 par new generation   total 109248K, used 5342K [0x00000000e0000000, 0x00000000e8000000, 0x00000000e8000000)
  eden space 87424K,   0% used [0x00000000e0000000, 0x00000000e0000000, 0x00000000e5560000)
  from space 21824K,  24% used [0x00000000e6ab0000, 0x00000000e6fe7910, 0x00000000e8000000)
  to   space 21824K,   0% used [0x00000000e5560000, 0x00000000e5560000, 0x00000000e6ab0000)
 concurrent mark-sweep generation total 393216K, used 17414K [0x00000000e8000000, 0x0000000100000000, 0x0000000100000000)
 Metaspace       used 41758K, capacity 42544K, committed 43032K, reserved 1087488K
  class space    used 4582K, capacity 4796K, committed 4940K, reserved 1048576K
}
2017-04-24T16:48:00.453+0800: 3770.125: Total time for which application threads were stopped: 0.0112214 seconds, Stopping threads took: 0.0000561 seconds
2017-04-24T16:48:00.453+0800: 3770.125: Total time for which application threads were stopped: 0.0001469 seconds, Stopping threads took: 0.0000375 seconds
2017-04-24T16:48:00.453+0800: 3770.125: Total time for which application threads were stopped: 0.0001203 seconds, Stopping threads took: 0.0000423 seconds
2017-04-24T16:48:00.453+0800: 3770.126: Total time for which application threads were stopped: 0.0001254 seconds, Stopping threads took: 0.0000603 seconds
2017-04-24T16:48:00.453+0800: 3770.126: Total time for which application threads were stopped: 0.0000904 seconds, Stopping threads took: 0.0000318 seconds
2017-04-24T16:48:00.454+0800: 3770.126: Total time for which application threads were stopped: 0.0001421 seconds, Stopping threads took: 0.0000266 seconds
2017-04-24T16:48:00.454+0800: 3770.126: Total time for which application threads were stopped: 0.0001591 seconds, Stopping threads took: 0.0000311 seconds
2017-04-24T16:48:00.454+0800: 3770.126: Total time for which application threads were stopped: 0.0001116 seconds, Stopping threads took: 0.0000266 seconds
2017-04-24T16:48:00.454+0800: 3770.127: Total time for which application threads were stopped: 0.0000824 seconds, Stopping threads took: 0.0000273 seconds
2017-04-24T16:48:00.454+0800: 3770.127: Total time for which application threads were stopped: 0.0000840 seconds, Stopping threads took: 0.0000324 seconds
2017-04-24T16:48:00.455+0800: 3770.127: Total time for which application threads were stopped: 0.0001193 seconds, Stopping threads took: 0.0000141 seconds
2017-04-24T16:48:00.455+0800: 3770.127: Total time for which application threads were stopped: 0.0001251 seconds, Stopping threads took: 0.0000282 seconds
2017-04-24T16:48:00.455+0800: 3770.127: Total time for which application threads were stopped: 0.0001171 seconds, Stopping threads took: 0.0000253 seconds
2017-04-24T16:48:00.455+0800: 3770.128: Total time for which application threads were stopped: 0.0001289 seconds, Stopping threads took: 0.0000298 seconds
2017-04-24T16:48:00.455+0800: 3770.128: Total time for which application threads were stopped: 0.0000808 seconds, Stopping threads took: 0.0000298 seconds
2017-04-24T16:48:00.456+0800: 3770.128: Total time for which application threads were stopped: 0.0000834 seconds, Stopping threads took: 0.0000263 seconds
2017-04-24T16:48:00.456+0800: 3770.128: Total time for which application threads were stopped: 0.0000731 seconds, Stopping threads took: 0.0000228 seconds
2017-04-24T16:48:00.456+0800: 3770.128: Total time for which application threads were stopped: 0.0000818 seconds, Stopping threads took: 0.0000269 seconds
2017-04-24T16:48:00.456+0800: 3770.128: Total time for which application threads were stopped: 0.0000904 seconds, Stopping threads took: 0.0000359 seconds
2017-04-24T16:48:00.456+0800: 3770.129: Total time for which application threads were stopped: 0.0000908 seconds, Stopping threads took: 0.0000359 seconds
2017-04-24T16:48:00.456+0800: 3770.129: Total time for which application threads were stopped: 0.0000953 seconds, Stopping threads took: 0.0000285 seconds
2017-04-24T16:48:00.457+0800: 3770.129: Total time for which application threads were stopped: 0.0000850 seconds, Stopping threads took: 0.0000282 seconds
2017-04-24T16:48:00.698+0800: 3770.371: Total time for which application threads were stopped: 0.0005600 seconds, Stopping threads took: 0.0002489 seconds
2017-04-24T16:48:00.699+0800: 3770.371: Total time for which application threads were stopped: 0.0003361 seconds, Stopping threads took: 0.0000696 seconds
2017-04-24T16:48:00.699+0800: 3770.372: Total time for which application threads were stopped: 0.0002383 seconds, Stopping threads took: 0.0000510 seconds
2017-04-24T16:48:00.700+0800: 3770.372: Total time for which application threads were stopped: 0.0003012 seconds, Stopping threads took: 0.0000645 seconds
2017-04-24T16:48:00.700+0800: 3770.372: Total time for which application threads were stopped: 0.0002620 seconds, Stopping threads took: 0.0000587 seconds
2017-04-24T16:48:10.442+0800: 3780.114: Total time for which application threads were stopped: 0.0001469 seconds, Stopping threads took: 0.0000321 seconds
2017-04-24T16:48:10.443+0800: 3780.115: Total time for which application threads were stopped: 0.0001119 seconds, Stopping threads took: 0.0000189 seconds
2017-04-24T16:48:10.741+0800: 3780.414: Total time for which application threads were stopped: 0.0005074 seconds, Stopping threads took: 0.0002572 seconds
2017-04-24T16:48:10.741+0800: 3780.414: Total time for which application threads were stopped: 0.0002293 seconds, Stopping threads took: 0.0000494 seconds
2017-04-24T16:48:10.742+0800: 3780.414: Total time for which application threads were stopped: 0.0002829 seconds, Stopping threads took: 0.0000981 seconds
2017-04-24T16:48:10.743+0800: 3780.416: Total time for which application threads were stopped: 0.0001838 seconds, Stopping threads took: 0.0000382 seconds
2017-04-24T16:48:10.744+0800: 3780.416: Total time for which application threads were stopped: 0.0001937 seconds, Stopping threads took: 0.0000372 seconds
2017-04-24T16:48:10.744+0800: 3780.416: Total time for which application threads were stopped: 0.0001857 seconds, Stopping threads took: 0.0000369 seconds
2017-04-24T16:48:10.744+0800: 3780.417: Total time for which application threads were stopped: 0.0001495 seconds, Stopping threads took: 0.0000305 seconds
2017-04-24T16:48:10.744+0800: 3780.417: Total time for which application threads were stopped: 0.0001633 seconds, Stopping threads took: 0.0000330 seconds
2017-04-24T16:48:20.407+0800: 3790.079: Total time for which application threads were stopped: 0.0003223 seconds, Stopping threads took: 0.0000475 seconds
2017-04-24T16:48:20.423+0800: 3790.095: Total time for which application threads were stopped: 0.0002595 seconds, Stopping threads took: 0.0000734 seconds
2017-04-24T16:48:20.423+0800: 3790.096: Total time for which application threads were stopped: 0.0001835 seconds, Stopping threads took: 0.0000391 seconds
2017-04-24T16:48:20.706+0800: 3790.379: Total time for which application threads were stopped: 0.0002906 seconds, Stopping threads took: 0.0000792 seconds
2017-04-24T16:48:20.708+0800: 3790.381: Total time for which application threads were stopped: 0.0001876 seconds, Stopping threads took: 0.0000385 seconds
2017-04-24T16:48:20.708+0800: 3790.381: Total time for which application threads were stopped: 0.0001382 seconds, Stopping threads took: 0.0000263 seconds
2017-04-24T16:48:20.708+0800: 3790.381: Total time for which application threads were stopped: 0.0001286 seconds, Stopping threads took: 0.0000244 seconds
2017-04-24T16:48:20.709+0800: 3790.381: Total time for which application threads were stopped: 0.0001289 seconds, Stopping threads took: 0.0000250 seconds
2017-04-24T16:48:20.709+0800: 3790.382: Total time for which application threads were stopped: 0.0002085 seconds, Stopping threads took: 0.0000401 seconds
2017-04-24T16:48:30.440+0800: 3800.113: Total time for which application threads were stopped: 0.0002707 seconds, Stopping threads took: 0.0000571 seconds
2017-04-24T16:48:30.441+0800: 3800.114: Total time for which application threads were stopped: 0.0001876 seconds, Stopping threads took: 0.0000372 seconds
2017-04-24T16:48:30.789+0800: 3800.462: Total time for which application threads were stopped: 0.0002351 seconds, Stopping threads took: 0.0000500 seconds
2017-04-24T16:48:30.791+0800: 3800.463: Total time for which application threads were stopped: 0.0002200 seconds, Stopping threads took: 0.0000452 seconds
2017-04-24T16:48:30.791+0800: 3800.463: Total time for which application threads were stopped: 0.0001976 seconds, Stopping threads took: 0.0000446 seconds
2017-04-24T16:48:30.791+0800: 3800.464: Total time for which application threads were stopped: 0.0001530 seconds, Stopping threads took: 0.0000311 seconds
2017-04-24T16:48:30.792+0800: 3800.464: Total time for which application threads were stopped: 0.0001815 seconds, Stopping threads took: 0.0000378 seconds
2017-04-24T16:48:30.792+0800: 3800.464: Total time for which application threads were stopped: 0.0001549 seconds, Stopping threads took: 0.0000324 seconds
2017-04-24T16:48:40.442+0800: 3810.115: Total time for which application threads were stopped: 0.0001360 seconds, Stopping threads took: 0.0000314 seconds
2017-04-24T16:48:40.443+0800: 3810.115: Total time for which application threads were stopped: 0.0000953 seconds, Stopping threads took: 0.0000189 seconds
2017-04-24T16:48:40.737+0800: 3810.410: Total time for which application threads were stopped: 0.0000921 seconds, Stopping threads took: 0.0000205 seconds
2017-04-24T16:48:40.737+0800: 3810.410: Total time for which application threads were stopped: 0.0000459 seconds, Stopping threads took: 0.0000083 seconds
2017-04-24T16:48:40.737+0800: 3810.410: Total time for which application threads were stopped: 0.0000783 seconds, Stopping threads took: 0.0000250 seconds
2017-04-24T16:48:40.737+0800: 3810.410: Total time for which application threads were stopped: 0.0000366 seconds, Stopping threads took: 0.0000071 seconds
2017-04-24T16:48:40.737+0800: 3810.410: Total time for which application threads were stopped: 0.0000330 seconds, Stopping threads took: 0.0000064 seconds
2017-04-24T16:48:40.737+0800: 3810.410: Total time for which application threads were stopped: 0.0000321 seconds, Stopping threads took: 0.0000064 seconds
2017-04-24T16:48:40.737+0800: 3810.410: Total time for which application threads were stopped: 0.0000318 seconds, Stopping threads took: 0.0000064 seconds
2017-04-24T16:48:40.737+0800: 3810.410: Total time for which application threads were stopped: 0.0000314 seconds, Stopping threads took: 0.0000061 seconds
2017-04-24T16:48:40.741+0800: 3810.413: Total time for which application threads were stopped: 0.0001046 seconds, Stopping threads took: 0.0000231 seconds
2017-04-24T16:48:50.437+0800: 3820.109: Total time for which application threads were stopped: 0.0001408 seconds, Stopping threads took: 0.0000330 seconds
2017-04-24T16:48:50.437+0800: 3820.110: Total time for which application threads were stopped: 0.0001418 seconds, Stopping threads took: 0.0000382 seconds
2017-04-24T16:48:50.692+0800: 3820.365: Total time for which application threads were stopped: 0.0002624 seconds, Stopping threads took: 0.0000529 seconds
2017-04-24T16:48:50.692+0800: 3820.365: Total time for which application threads were stopped: 0.0002216 seconds, Stopping threads took: 0.0000613 seconds
2017-04-24T16:48:50.694+0800: 3820.366: Total time for which application threads were stopped: 0.0002008 seconds, Stopping threads took: 0.0000375 seconds
2017-04-24T16:48:50.694+0800: 3820.367: Total time for which application threads were stopped: 0.0001552 seconds, Stopping threads took: 0.0000260 seconds
2017-04-24T16:48:50.694+0800: 3820.367: Total time for which application threads were stopped: 0.0001953 seconds, Stopping threads took: 0.0000452 seconds
2017-04-24T16:48:50.695+0800: 3820.367: Total time for which application threads were stopped: 0.0001867 seconds, Stopping threads took: 0.0000337 seconds
2017-04-24T16:48:50.695+0800: 3820.368: Total time for which application threads were stopped: 0.0004314 seconds, Stopping threads took: 0.0000250 seconds
2017-04-24T16:48:50.706+0800: 3820.378: Total time for which application threads were stopped: 0.0001411 seconds, Stopping threads took: 0.0000327 seconds
2017-04-24T16:49:00.426+0800: 3830.099: Total time for which application threads were stopped: 0.0001187 seconds, Stopping threads took: 0.0000234 seconds
2017-04-24T16:49:00.426+0800: 3830.099: Total time for which application threads were stopped: 0.0000786 seconds, Stopping threads took: 0.0000154 seconds
2017-04-24T16:49:00.675+0800: 3830.348: Total time for which application threads were stopped: 0.0001960 seconds, Stopping threads took: 0.0000542 seconds
2017-04-24T16:49:00.676+0800: 3830.348: Total time for which application threads were stopped: 0.0001491 seconds, Stopping threads took: 0.0000260 seconds
2017-04-24T16:49:00.677+0800: 3830.349: Total time for which application threads were stopped: 0.0001386 seconds, Stopping threads took: 0.0000228 seconds
2017-04-24T16:49:00.685+0800: 3830.357: Total time for which application threads were stopped: 0.0001770 seconds, Stopping threads took: 0.0000369 seconds
2017-04-24T16:49:10.428+0800: 3840.101: Total time for which application threads were stopped: 0.0001726 seconds, Stopping threads took: 0.0000356 seconds
2017-04-24T16:49:10.429+0800: 3840.102: Total time for which application threads were stopped: 0.0001325 seconds, Stopping threads took: 0.0000282 seconds
2017-04-24T16:49:10.802+0800: 3840.474: Total time for which application threads were stopped: 0.0001475 seconds, Stopping threads took: 0.0000404 seconds
2017-04-24T16:49:10.802+0800: 3840.475: Total time for which application threads were stopped: 0.0001116 seconds, Stopping threads took: 0.0000500 seconds
2017-04-24T16:49:10.803+0800: 3840.475: Total time for which application threads were stopped: 0.0000988 seconds, Stopping threads took: 0.0000186 seconds
2017-04-24T16:49:10.803+0800: 3840.475: Total time for which application threads were stopped: 0.0000850 seconds, Stopping threads took: 0.0000167 seconds
2017-04-24T16:49:10.803+0800: 3840.475: Total time for which application threads were stopped: 0.0000651 seconds, Stopping threads took: 0.0000125 seconds
2017-04-24T16:49:10.803+0800: 3840.476: Total time for which application threads were stopped: 0.0000776 seconds, Stopping threads took: 0.0000241 seconds
2017-04-24T16:49:10.803+0800: 3840.476: Total time for which application threads were stopped: 0.0000866 seconds, Stopping threads took: 0.0000186 seconds
2017-04-24T16:49:10.808+0800: 3840.480: Total time for which application threads were stopped: 0.0001113 seconds, Stopping threads took: 0.0000221 seconds
2017-04-24T16:49:20.437+0800: 3850.110: Total time for which application threads were stopped: 0.0001626 seconds, Stopping threads took: 0.0000340 seconds
2017-04-24T16:49:20.438+0800: 3850.111: Total time for which application threads were stopped: 0.0001068 seconds, Stopping threads took: 0.0000196 seconds
2017-04-24T16:49:20.739+0800: 3850.412: Total time for which application threads were stopped: 0.0003474 seconds, Stopping threads took: 0.0000568 seconds
2017-04-24T16:49:20.739+0800: 3850.412: Total time for which application threads were stopped: 0.0002508 seconds, Stopping threads took: 0.0000840 seconds
2017-04-24T16:49:20.741+0800: 3850.414: Total time for which application threads were stopped: 0.0002242 seconds, Stopping threads took: 0.0000443 seconds
2017-04-24T16:49:20.742+0800: 3850.414: Total time for which application threads were stopped: 0.0001597 seconds, Stopping threads took: 0.0000285 seconds
2017-04-24T16:49:20.742+0800: 3850.415: Total time for which application threads were stopped: 0.0002056 seconds, Stopping threads took: 0.0000430 seconds
2017-04-24T16:49:20.742+0800: 3850.415: Total time for which application threads were stopped: 0.0001469 seconds, Stopping threads took: 0.0000276 seconds
2017-04-24T16:49:20.742+0800: 3850.415: Total time for which application threads were stopped: 0.0001344 seconds, Stopping threads took: 0.0000250 seconds
2017-04-24T16:49:30.442+0800: 3860.115: Total time for which application threads were stopped: 0.0006043 seconds, Stopping threads took: 0.0000882 seconds
2017-04-24T16:49:30.444+0800: 3860.116: Total time for which application threads were stopped: 0.0005908 seconds, Stopping threads took: 0.0000622 seconds
2017-04-24T16:49:30.789+0800: 3860.462: Total time for which application threads were stopped: 0.0002569 seconds, Stopping threads took: 0.0000520 seconds
2017-04-24T16:49:30.789+0800: 3860.462: Total time for which application threads were stopped: 0.0001799 seconds, Stopping threads took: 0.0000362 seconds
2017-04-24T16:49:30.790+0800: 3860.462: Total time for which application threads were stopped: 0.0002563 seconds, Stopping threads took: 0.0000734 seconds
2017-04-24T16:49:30.791+0800: 3860.464: Total time for which application threads were stopped: 0.0001847 seconds, Stopping threads took: 0.0000369 seconds
2017-04-24T16:49:30.792+0800: 3860.464: Total time for which application threads were stopped: 0.0002033 seconds, Stopping threads took: 0.0000417 seconds
2017-04-24T16:49:30.792+0800: 3860.464: Total time for which application threads were stopped: 0.0001379 seconds, Stopping threads took: 0.0000266 seconds
2017-04-24T16:49:30.792+0800: 3860.464: Total time for which application threads were stopped: 0.0001328 seconds, Stopping threads took: 0.0000247 seconds
2017-04-24T16:49:30.792+0800: 3860.465: Total time for which application threads were stopped: 0.0003207 seconds, Stopping threads took: 0.0001787 seconds
2017-04-24T16:49:30.803+0800: 3860.475: Total time for which application threads were stopped: 0.0002303 seconds, Stopping threads took: 0.0000478 seconds
{Heap before GC invocations=35 (full 2):
 par new generation   total 109248K, used 92696K [0x00000000e0000000, 0x00000000e8000000, 0x00000000e8000000)
  eden space 87424K,  99% used [0x00000000e0000000, 0x00000000e554e768, 0x00000000e5560000)
  from space 21824K,  24% used [0x00000000e6ab0000, 0x00000000e6fe7910, 0x00000000e8000000)
  to   space 21824K,   0% used [0x00000000e5560000, 0x00000000e5560000, 0x00000000e6ab0000)
 concurrent mark-sweep generation total 393216K, used 17414K [0x00000000e8000000, 0x0000000100000000, 0x0000000100000000)
 Metaspace       used 41767K, capacity 42544K, committed 43032K, reserved 1087488K
  class space    used 4582K, capacity 4796K, committed 4940K, reserved 1048576K
2017-04-24T16:49:40.427+0800: 3870.100: [GC (Allocation Failure) 2017-04-24T16:49:40.428+0800: 3870.100: [ParNew
Desired survivor size 20112992 bytes, new threshold 8 (max 8)
- age   1:    2921784 bytes,    2921784 total
- age   2:     695008 bytes,    3616792 total
- age   3:     350152 bytes,    3966944 total
- age   4:      14328 bytes,    3981272 total
- age   5:      14248 bytes,    3995520 total
- age   6:      20520 bytes,    4016040 total
- age   7:      15152 bytes,    4031192 total
- age   8:      20096 bytes,    4051288 total
: 92696K->4977K(109248K), 0.0081285 secs] 110110K->22401K(502464K), 0.0082514 secs] [Times: user=0.01 sys=0.00, real=0.01 secs] 
Heap after GC invocations=36 (full 2):
 par new generation   total 109248K, used 4977K [0x00000000e0000000, 0x00000000e8000000, 0x00000000e8000000)
  eden space 87424K,   0% used [0x00000000e0000000, 0x00000000e0000000, 0x00000000e5560000)
  from space 21824K,  22% used [0x00000000e5560000, 0x00000000e5a3c7b0, 0x00000000e6ab0000)
  to   space 21824K,   0% used [0x00000000e6ab0000, 0x00000000e6ab0000, 0x00000000e8000000)
 concurrent mark-sweep generation total 393216K, used 17424K [0x00000000e8000000, 0x0000000100000000, 0x0000000100000000)
 Metaspace       used 41767K, capacity 42544K, committed 43032K, reserved 1087488K
  class space    used 4582K, capacity 4796K, committed 4940K, reserved 1048576K
}
2017-04-24T16:49:40.436+0800: 3870.108: Total time for which application threads were stopped: 0.0085987 seconds, Stopping threads took: 0.0000314 seconds
2017-04-24T16:49:40.436+0800: 3870.109: Total time for which application threads were stopped: 0.0001940 seconds, Stopping threads took: 0.0000619 seconds
2017-04-24T16:49:40.436+0800: 3870.109: Total time for which application threads were stopped: 0.0001398 seconds, Stopping threads took: 0.0000625 seconds
2017-04-24T16:49:40.436+0800: 3870.109: Total time for which application threads were stopped: 0.0001225 seconds, Stopping threads took: 0.0000542 seconds
2017-04-24T16:49:40.437+0800: 3870.109: Total time for which application threads were stopped: 0.0001151 seconds, Stopping threads took: 0.0000375 seconds
2017-04-24T16:49:40.437+0800: 3870.109: Total time for which application threads were stopped: 0.0001485 seconds, Stopping threads took: 0.0000805 seconds
2017-04-24T16:49:40.437+0800: 3870.110: Total time for which application threads were stopped: 0.0000959 seconds, Stopping threads took: 0.0000314 seconds
2017-04-24T16:49:40.437+0800: 3870.110: Total time for which application threads were stopped: 0.0001129 seconds, Stopping threads took: 0.0000295 seconds
2017-04-24T16:49:40.438+0800: 3870.110: Total time for which application threads were stopped: 0.0000978 seconds, Stopping threads took: 0.0000282 seconds
2017-04-24T16:49:40.438+0800: 3870.110: Total time for which application threads were stopped: 0.0001174 seconds, Stopping threads took: 0.0000385 seconds
2017-04-24T16:49:40.438+0800: 3870.110: Total time for which application threads were stopped: 0.0001081 seconds, Stopping threads took: 0.0000388 seconds
2017-04-24T16:49:40.438+0800: 3870.111: Total time for which application threads were stopped: 0.0001889 seconds, Stopping threads took: 0.0000208 seconds
2017-04-24T16:49:40.439+0800: 3870.111: Total time for which application threads were stopped: 0.0001969 seconds, Stopping threads took: 0.0000520 seconds
2017-04-24T16:49:40.439+0800: 3870.111: Total time for which application threads were stopped: 0.0001257 seconds, Stopping threads took: 0.0000388 seconds
2017-04-24T16:49:40.439+0800: 3870.112: Total time for which application threads were stopped: 0.0001382 seconds, Stopping threads took: 0.0000212 seconds
2017-04-24T16:49:40.439+0800: 3870.112: Total time for which application threads were stopped: 0.0001732 seconds, Stopping threads took: 0.0000382 seconds
2017-04-24T16:49:40.440+0800: 3870.112: Total time for which application threads were stopped: 0.0001251 seconds, Stopping threads took: 0.0000372 seconds
2017-04-24T16:49:40.440+0800: 3870.113: Total time for which application threads were stopped: 0.0001735 seconds, Stopping threads took: 0.0000369 seconds
2017-04-24T16:49:40.441+0800: 3870.113: Total time for which application threads were stopped: 0.0002187 seconds, Stopping threads took: 0.0000565 seconds
2017-04-24T16:49:40.441+0800: 3870.113: Total time for which application threads were stopped: 0.0000981 seconds, Stopping threads took: 0.0000212 seconds
2017-04-24T16:49:40.446+0800: 3870.119: Total time for which application threads were stopped: 0.0052835 seconds, Stopping threads took: 0.0052037 seconds
2017-04-24T16:49:40.446+0800: 3870.119: Total time for which application threads were stopped: 0.0000741 seconds, Stopping threads took: 0.0000257 seconds
2017-04-24T16:49:40.447+0800: 3870.119: Total time for which application threads were stopped: 0.0001764 seconds, Stopping threads took: 0.0000202 seconds
2017-04-24T16:49:40.447+0800: 3870.119: Total time for which application threads were stopped: 0.0001674 seconds, Stopping threads took: 0.0000420 seconds
2017-04-24T16:49:40.447+0800: 3870.120: Total time for which application threads were stopped: 0.0000491 seconds, Stopping threads took: 0.0000106 seconds
2017-04-24T16:49:40.448+0800: 3870.120: Total time for which application threads were stopped: 0.0000404 seconds, Stopping threads took: 0.0000077 seconds
2017-04-24T16:49:40.725+0800: 3870.397: Total time for which application threads were stopped: 0.0002839 seconds, Stopping threads took: 0.0000581 seconds
2017-04-24T16:49:40.725+0800: 3870.398: Total time for which application threads were stopped: 0.0002296 seconds, Stopping threads took: 0.0000423 seconds
2017-04-24T16:49:40.726+0800: 3870.399: Total time for which application threads were stopped: 0.0001623 seconds, Stopping threads took: 0.0000337 seconds
2017-04-24T16:49:40.727+0800: 3870.399: Total time for which application threads were stopped: 0.0001815 seconds, Stopping threads took: 0.0000382 seconds
2017-04-24T16:49:40.727+0800: 3870.399: Total time for which application threads were stopped: 0.0001366 seconds, Stopping threads took: 0.0000266 seconds
2017-04-24T16:49:40.727+0800: 3870.400: Total time for which application threads were stopped: 0.0001719 seconds, Stopping threads took: 0.0000359 seconds
2017-04-24T16:49:40.727+0800: 3870.400: Total time for which application threads were stopped: 0.0001540 seconds, Stopping threads took: 0.0000314 seconds
2017-04-24T16:49:40.739+0800: 3870.411: Total time for which application threads were stopped: 0.0002588 seconds, Stopping threads took: 0.0000539 seconds
2017-04-24T16:49:50.418+0800: 3880.091: Total time for which application threads were stopped: 0.0001119 seconds, Stopping threads took: 0.0000202 seconds
2017-04-24T16:49:50.418+0800: 3880.091: Total time for which application threads were stopped: 0.0000516 seconds, Stopping threads took: 0.0000103 seconds
2017-04-24T16:49:50.709+0800: 3880.382: Total time for which application threads were stopped: 0.0002694 seconds, Stopping threads took: 0.0000606 seconds
2017-04-24T16:49:50.709+0800: 3880.382: Total time for which application threads were stopped: 0.0001578 seconds, Stopping threads took: 0.0000343 seconds
2017-04-24T16:49:50.711+0800: 3880.383: Total time for which application threads were stopped: 0.0005113 seconds, Stopping threads took: 0.0000417 seconds
2017-04-24T16:49:50.711+0800: 3880.384: Total time for which application threads were stopped: 0.0001398 seconds, Stopping threads took: 0.0000273 seconds
2017-04-24T16:49:50.711+0800: 3880.384: Total time for which application threads were stopped: 0.0001543 seconds, Stopping threads took: 0.0000244 seconds
2017-04-24T16:49:50.711+0800: 3880.384: Total time for which application threads were stopped: 0.0001286 seconds, Stopping threads took: 0.0000244 seconds
2017-04-24T16:49:50.711+0800: 3880.384: Total time for which application threads were stopped: 0.0001261 seconds, Stopping threads took: 0.0000237 seconds
2017-04-24T16:49:50.721+0800: 3880.393: Total time for which application threads were stopped: 0.0002550 seconds, Stopping threads took: 0.0000539 seconds
2017-04-24T16:50:00.716+0800: 3890.389: Total time for which application threads were stopped: 0.0001100 seconds, Stopping threads took: 0.0000225 seconds
2017-04-24T16:50:00.716+0800: 3890.389: Total time for which application threads were stopped: 0.0000417 seconds, Stopping threads took: 0.0000077 seconds
2017-04-24T16:50:00.717+0800: 3890.389: Total time for which application threads were stopped: 0.0000648 seconds, Stopping threads took: 0.0000064 seconds
2017-04-24T16:50:00.717+0800: 3890.389: Total time for which application threads were stopped: 0.0000523 seconds, Stopping threads took: 0.0000064 seconds
2017-04-24T16:50:00.717+0800: 3890.389: Total time for which application threads were stopped: 0.0000481 seconds, Stopping threads took: 0.0000064 seconds
2017-04-24T16:50:00.717+0800: 3890.390: Total time for which application threads were stopped: 0.0001238 seconds, Stopping threads took: 0.0000067 seconds
2017-04-24T16:50:00.720+0800: 3890.393: Total time for which application threads were stopped: 0.0001062 seconds, Stopping threads took: 0.0000292 seconds
2017-04-24T16:50:10.722+0800: 3900.395: Total time for which application threads were stopped: 0.0002694 seconds, Stopping threads took: 0.0000411 seconds
2017-04-24T16:50:10.736+0800: 3900.409: Total time for which application threads were stopped: 0.0001806 seconds, Stopping threads took: 0.0000423 seconds
2017-04-24T16:50:10.736+0800: 3900.409: Total time for which application threads were stopped: 0.0000940 seconds, Stopping threads took: 0.0000183 seconds
2017-04-24T16:50:10.737+0800: 3900.410: Total time for which application threads were stopped: 0.0001597 seconds, Stopping threads took: 0.0000311 seconds
2017-04-24T16:50:10.747+0800: 3900.419: Total time for which application threads were stopped: 0.0001710 seconds, Stopping threads took: 0.0000356 seconds
2017-04-24T16:50:11.747+0800: 3901.420: Total time for which application threads were stopped: 0.0002149 seconds, Stopping threads took: 0.0000568 seconds
2017-04-24T16:50:20.438+0800: 3910.110: Total time for which application threads were stopped: 0.0001594 seconds, Stopping threads took: 0.0000362 seconds
2017-04-24T16:50:20.439+0800: 3910.111: Total time for which application threads were stopped: 0.0001472 seconds, Stopping threads took: 0.0000334 seconds
2017-04-24T16:50:20.717+0800: 3910.389: Total time for which application threads were stopped: 0.0002656 seconds, Stopping threads took: 0.0000609 seconds
2017-04-24T16:50:20.717+0800: 3910.390: Total time for which application threads were stopped: 0.0002181 seconds, Stopping threads took: 0.0000529 seconds
2017-04-24T16:50:20.720+0800: 3910.392: Total time for which application threads were stopped: 0.0002800 seconds, Stopping threads took: 0.0000962 seconds
2017-04-24T16:50:20.720+0800: 3910.393: Total time for which application threads were stopped: 0.0002296 seconds, Stopping threads took: 0.0000709 seconds
2017-04-24T16:50:20.720+0800: 3910.393: Total time for which application threads were stopped: 0.0002203 seconds, Stopping threads took: 0.0000648 seconds
2017-04-24T16:50:20.720+0800: 3910.393: Total time for which application threads were stopped: 0.0001799 seconds, Stopping threads took: 0.0000597 seconds
2017-04-24T16:50:20.721+0800: 3910.393: Total time for which application threads were stopped: 0.0001629 seconds, Stopping threads took: 0.0000407 seconds
2017-04-24T16:50:20.734+0800: 3910.406: Total time for which application threads were stopped: 0.0001998 seconds, Stopping threads took: 0.0000443 seconds
2017-04-24T16:50:21.734+0800: 3911.406: Total time for which application threads were stopped: 0.0001934 seconds, Stopping threads took: 0.0000513 seconds
2017-04-24T16:50:30.442+0800: 3920.114: Total time for which application threads were stopped: 0.0002861 seconds, Stopping threads took: 0.0000542 seconds
2017-04-24T16:50:30.443+0800: 3920.116: Total time for which application threads were stopped: 0.0002017 seconds, Stopping threads took: 0.0000346 seconds
2017-04-24T16:50:30.768+0800: 3920.440: Total time for which application threads were stopped: 0.0002880 seconds, Stopping threads took: 0.0000638 seconds
2017-04-24T16:50:30.768+0800: 3920.440: Total time for which application threads were stopped: 0.0001944 seconds, Stopping threads took: 0.0000494 seconds
2017-04-24T16:50:30.770+0800: 3920.442: Total time for which application threads were stopped: 0.0002765 seconds, Stopping threads took: 0.0000715 seconds
2017-04-24T16:50:30.770+0800: 3920.443: Total time for which application threads were stopped: 0.0002402 seconds, Stopping threads took: 0.0000609 seconds
2017-04-24T16:50:30.770+0800: 3920.443: Total time for which application threads were stopped: 0.0002191 seconds, Stopping threads took: 0.0000632 seconds
2017-04-24T16:50:30.771+0800: 3920.443: Total time for which application threads were stopped: 0.0001973 seconds, Stopping threads took: 0.0000574 seconds
2017-04-24T16:50:30.771+0800: 3920.443: Total time for which application threads were stopped: 0.0001937 seconds, Stopping threads took: 0.0000532 seconds
2017-04-24T16:50:30.780+0800: 3920.452: Total time for which application threads were stopped: 0.0002489 seconds, Stopping threads took: 0.0000523 seconds
2017-04-24T16:50:31.780+0800: 3921.453: Total time for which application threads were stopped: 0.0002043 seconds, Stopping threads took: 0.0000555 seconds
2017-04-24T16:50:40.441+0800: 3930.114: Total time for which application threads were stopped: 0.0001482 seconds, Stopping threads took: 0.0000362 seconds
2017-04-24T16:50:40.441+0800: 3930.114: Total time for which application threads were stopped: 0.0001033 seconds, Stopping threads took: 0.0000247 seconds
2017-04-24T16:50:40.742+0800: 3930.415: Total time for which application threads were stopped: 0.0003464 seconds, Stopping threads took: 0.0001277 seconds
2017-04-24T16:50:40.742+0800: 3930.415: Total time for which application threads were stopped: 0.0001783 seconds, Stopping threads took: 0.0000561 seconds
2017-04-24T16:50:40.744+0800: 3930.417: Total time for which application threads were stopped: 0.0002155 seconds, Stopping threads took: 0.0000446 seconds
2017-04-24T16:50:40.745+0800: 3930.417: Total time for which application threads were stopped: 0.0001908 seconds, Stopping threads took: 0.0000401 seconds
2017-04-24T16:50:40.745+0800: 3930.417: Total time for which application threads were stopped: 0.0001392 seconds, Stopping threads took: 0.0000266 seconds
2017-04-24T16:50:40.745+0800: 3930.417: Total time for which application threads were stopped: 0.0001328 seconds, Stopping threads took: 0.0000247 seconds
2017-04-24T16:50:40.745+0800: 3930.418: Total time for which application threads were stopped: 0.0001658 seconds, Stopping threads took: 0.0000346 seconds
2017-04-24T16:50:40.755+0800: 3930.428: Total time for which application threads were stopped: 0.0005064 seconds, Stopping threads took: 0.0000481 seconds
2017-04-24T16:50:50.437+0800: 3940.109: Total time for which application threads were stopped: 0.0001684 seconds, Stopping threads took: 0.0000497 seconds
2017-04-24T16:50:50.437+0800: 3940.110: Total time for which application threads were stopped: 0.0001360 seconds, Stopping threads took: 0.0000417 seconds
2017-04-24T16:50:50.744+0800: 3940.417: Total time for which application threads were stopped: 0.0003044 seconds, Stopping threads took: 0.0000661 seconds
2017-04-24T16:50:50.745+0800: 3940.418: Total time for which application threads were stopped: 0.0005324 seconds, Stopping threads took: 0.0000847 seconds
2017-04-24T16:50:50.745+0800: 3940.418: Total time for which application threads were stopped: 0.0005571 seconds, Stopping threads took: 0.0000853 seconds
2017-04-24T16:50:50.747+0800: 3940.420: Total time for which application threads were stopped: 0.0001799 seconds, Stopping threads took: 0.0000391 seconds
2017-04-24T16:50:50.747+0800: 3940.420: Total time for which application threads were stopped: 0.0001819 seconds, Stopping threads took: 0.0000382 seconds
2017-04-24T16:50:50.747+0800: 3940.420: Total time for which application threads were stopped: 0.0001745 seconds, Stopping threads took: 0.0000382 seconds
2017-04-24T16:50:50.748+0800: 3940.420: Total time for which application threads were stopped: 0.0001610 seconds, Stopping threads took: 0.0000346 seconds
2017-04-24T16:50:50.748+0800: 3940.421: Total time for which application threads were stopped: 0.0001453 seconds, Stopping threads took: 0.0000292 seconds
2017-04-24T16:51:00.444+0800: 3950.117: Total time for which application threads were stopped: 0.0002617 seconds, Stopping threads took: 0.0000581 seconds
2017-04-24T16:51:00.446+0800: 3950.118: Total time for which application threads were stopped: 0.0002309 seconds, Stopping threads took: 0.0000520 seconds
2017-04-24T16:51:00.710+0800: 3950.382: Total time for which application threads were stopped: 0.0001270 seconds, Stopping threads took: 0.0000301 seconds
2017-04-24T16:51:00.710+0800: 3950.383: Total time for which application threads were stopped: 0.0000446 seconds, Stopping threads took: 0.0000106 seconds
2017-04-24T16:51:00.710+0800: 3950.383: Total time for which application threads were stopped: 0.0000346 seconds, Stopping threads took: 0.0000064 seconds
2017-04-24T16:51:00.710+0800: 3950.383: Total time for which application threads were stopped: 0.0000334 seconds, Stopping threads took: 0.0000064 seconds
2017-04-24T16:51:00.710+0800: 3950.383: Total time for which application threads were stopped: 0.0000330 seconds, Stopping threads took: 0.0000064 seconds
2017-04-24T16:51:00.710+0800: 3950.383: Total time for which application threads were stopped: 0.0000327 seconds, Stopping threads took: 0.0000061 seconds
2017-04-24T16:51:10.441+0800: 3960.114: Total time for which application threads were stopped: 0.0001543 seconds, Stopping threads took: 0.0000305 seconds
2017-04-24T16:51:10.442+0800: 3960.115: Total time for which application threads were stopped: 0.0001373 seconds, Stopping threads took: 0.0000266 seconds
2017-04-24T16:51:10.723+0800: 3960.396: Total time for which application threads were stopped: 0.0002524 seconds, Stopping threads took: 0.0000625 seconds
2017-04-24T16:51:10.725+0800: 3960.397: Total time for which application threads were stopped: 0.0003201 seconds, Stopping threads took: 0.0000520 seconds
2017-04-24T16:51:10.725+0800: 3960.397: Total time for which application threads were stopped: 0.0001392 seconds, Stopping threads took: 0.0000260 seconds
2017-04-24T16:51:10.725+0800: 3960.397: Total time for which application threads were stopped: 0.0001193 seconds, Stopping threads took: 0.0000208 seconds
2017-04-24T16:51:10.725+0800: 3960.398: Total time for which application threads were stopped: 0.0001434 seconds, Stopping threads took: 0.0000452 seconds
2017-04-24T16:51:10.726+0800: 3960.398: Total time for which application threads were stopped: 0.0004131 seconds, Stopping threads took: 0.0000225 seconds
{Heap before GC invocations=36 (full 2):
 par new generation   total 109248K, used 92005K [0x00000000e0000000, 0x00000000e8000000, 0x00000000e8000000)
  eden space 87424K,  99% used [0x00000000e0000000, 0x00000000e54fcde0, 0x00000000e5560000)
  from space 21824K,  22% used [0x00000000e5560000, 0x00000000e5a3c7b0, 0x00000000e6ab0000)
  to   space 21824K,   0% used [0x00000000e6ab0000, 0x00000000e6ab0000, 0x00000000e8000000)
 concurrent mark-sweep generation total 393216K, used 17424K [0x00000000e8000000, 0x0000000100000000, 0x0000000100000000)
 Metaspace       used 41798K, capacity 42608K, committed 43032K, reserved 1087488K
  class space    used 4582K, capacity 4796K, committed 4940K, reserved 1048576K
2017-04-24T16:51:20.435+0800: 3970.108: [GC (Allocation Failure) 2017-04-24T16:51:20.435+0800: 3970.108: [ParNew
Desired survivor size 20112992 bytes, new threshold 8 (max 8)
- age   1:    2987856 bytes,    2987856 total
- age   2:     693400 bytes,    3681256 total
- age   3:      69480 bytes,    3750736 total
- age   4:     293992 bytes,    4044728 total
- age   5:      13632 bytes,    4058360 total
- age   6:      12240 bytes,    4070600 total
- age   7:      20520 bytes,    4091120 total
- age   8:      15152 bytes,    4106272 total
: 92005K->4707K(109248K), 0.0083732 secs] 109429K->22151K(502464K), 0.0085002 secs] [Times: user=0.05 sys=0.00, real=0.01 secs] 
Heap after GC invocations=37 (full 2):
 par new generation   total 109248K, used 4707K [0x00000000e0000000, 0x00000000e8000000, 0x00000000e8000000)
  eden space 87424K,   0% used [0x00000000e0000000, 0x00000000e0000000, 0x00000000e5560000)
  from space 21824K,  21% used [0x00000000e6ab0000, 0x00000000e6f48f90, 0x00000000e8000000)
  to   space 21824K,   0% used [0x00000000e5560000, 0x00000000e5560000, 0x00000000e6ab0000)
 concurrent mark-sweep generation total 393216K, used 17443K [0x00000000e8000000, 0x0000000100000000, 0x0000000100000000)
 Metaspace       used 41798K, capacity 42608K, committed 43032K, reserved 1087488K
  class space    used 4582K, capacity 4796K, committed 4940K, reserved 1048576K
}
2017-04-24T16:51:20.444+0800: 3970.116: Total time for which application threads were stopped: 0.0088880 seconds, Stopping threads took: 0.0000362 seconds
2017-04-24T16:51:20.444+0800: 3970.117: Total time for which application threads were stopped: 0.0002322 seconds, Stopping threads took: 0.0000731 seconds
2017-04-24T16:51:20.445+0800: 3970.118: Total time for which application threads were stopped: 0.0002027 seconds, Stopping threads took: 0.0000738 seconds
2017-04-24T16:51:20.446+0800: 3970.118: Total time for which application threads were stopped: 0.0001668 seconds, Stopping threads took: 0.0000427 seconds
2017-04-24T16:51:20.448+0800: 3970.120: Total time for which application threads were stopped: 0.0001325 seconds, Stopping threads took: 0.0000292 seconds
2017-04-24T16:51:20.449+0800: 3970.121: Total time for which application threads were stopped: 0.0001536 seconds, Stopping threads took: 0.0000411 seconds
2017-04-24T16:51:20.734+0800: 3970.407: Total time for which application threads were stopped: 0.0003179 seconds, Stopping threads took: 0.0001017 seconds
2017-04-24T16:51:20.734+0800: 3970.407: Total time for which application threads were stopped: 0.0002033 seconds, Stopping threads took: 0.0000593 seconds
2017-04-24T16:51:30.443+0800: 3980.116: Total time for which application threads were stopped: 0.0003079 seconds, Stopping threads took: 0.0000597 seconds
2017-04-24T16:51:30.444+0800: 3980.117: Total time for which application threads were stopped: 0.0002335 seconds, Stopping threads took: 0.0000471 seconds
2017-04-24T16:51:30.784+0800: 3980.456: Total time for which application threads were stopped: 0.0002733 seconds, Stopping threads took: 0.0000606 seconds
2017-04-24T16:51:30.785+0800: 3980.458: Total time for which application threads were stopped: 0.0002393 seconds, Stopping threads took: 0.0000497 seconds
2017-04-24T16:51:30.785+0800: 3980.458: Total time for which application threads were stopped: 0.0001658 seconds, Stopping threads took: 0.0000298 seconds
2017-04-24T16:51:30.786+0800: 3980.458: Total time for which application threads were stopped: 0.0001517 seconds, Stopping threads took: 0.0000282 seconds
2017-04-24T16:51:30.786+0800: 3980.458: Total time for which application threads were stopped: 0.0001443 seconds, Stopping threads took: 0.0000266 seconds
2017-04-24T16:51:30.786+0800: 3980.459: Total time for which application threads were stopped: 0.0001430 seconds, Stopping threads took: 0.0000263 seconds
2017-04-24T16:51:40.441+0800: 3990.114: Total time for which application threads were stopped: 0.0001389 seconds, Stopping threads took: 0.0000282 seconds
2017-04-24T16:51:40.442+0800: 3990.114: Total time for which application threads were stopped: 0.0001026 seconds, Stopping threads took: 0.0000180 seconds
2017-04-24T16:51:40.761+0800: 3990.433: Total time for which application threads were stopped: 0.0002611 seconds, Stopping threads took: 0.0000510 seconds
2017-04-24T16:51:40.763+0800: 3990.436: Total time for which application threads were stopped: 0.0002434 seconds, Stopping threads took: 0.0000497 seconds
2017-04-24T16:51:40.764+0800: 3990.436: Total time for which application threads were stopped: 0.0002797 seconds, Stopping threads took: 0.0000856 seconds
2017-04-24T16:51:40.764+0800: 3990.437: Total time for which application threads were stopped: 0.0001976 seconds, Stopping threads took: 0.0000616 seconds
2017-04-24T16:51:40.764+0800: 3990.437: Total time for which application threads were stopped: 0.0001876 seconds, Stopping threads took: 0.0000545 seconds
2017-04-24T16:51:40.765+0800: 3990.437: Total time for which application threads were stopped: 0.0001860 seconds, Stopping threads took: 0.0000597 seconds
2017-04-24T16:51:50.438+0800: 4000.110: Total time for which application threads were stopped: 0.0001466 seconds, Stopping threads took: 0.0000305 seconds
2017-04-24T16:51:50.438+0800: 4000.111: Total time for which application threads were stopped: 0.0001110 seconds, Stopping threads took: 0.0000234 seconds
2017-04-24T16:51:50.795+0800: 4000.467: Total time for which application threads were stopped: 0.0002925 seconds, Stopping threads took: 0.0000876 seconds
2017-04-24T16:51:50.797+0800: 4000.469: Total time for which application threads were stopped: 0.0001995 seconds, Stopping threads took: 0.0000330 seconds
2017-04-24T16:51:50.797+0800: 4000.470: Total time for which application threads were stopped: 0.0001607 seconds, Stopping threads took: 0.0000279 seconds
2017-04-24T16:51:50.797+0800: 4000.470: Total time for which application threads were stopped: 0.0001450 seconds, Stopping threads took: 0.0000257 seconds
2017-04-24T16:51:50.797+0800: 4000.470: Total time for which application threads were stopped: 0.0001395 seconds, Stopping threads took: 0.0000247 seconds
2017-04-24T16:51:50.798+0800: 4000.470: Total time for which application threads were stopped: 0.0001370 seconds, Stopping threads took: 0.0000244 seconds
2017-04-24T16:52:00.409+0800: 4010.081: Total time for which application threads were stopped: 0.0005222 seconds, Stopping threads took: 0.0000561 seconds
2017-04-24T16:52:00.445+0800: 4010.117: Total time for which application threads were stopped: 0.0002447 seconds, Stopping threads took: 0.0000542 seconds
2017-04-24T16:52:00.446+0800: 4010.118: Total time for which application threads were stopped: 0.0001649 seconds, Stopping threads took: 0.0000366 seconds
2017-04-24T16:52:00.846+0800: 4010.519: Total time for which application threads were stopped: 0.0003044 seconds, Stopping threads took: 0.0000574 seconds
2017-04-24T16:52:00.848+0800: 4010.520: Total time for which application threads were stopped: 0.0002438 seconds, Stopping threads took: 0.0000507 seconds
2017-04-24T16:52:00.848+0800: 4010.520: Total time for which application threads were stopped: 0.0001639 seconds, Stopping threads took: 0.0000298 seconds
2017-04-24T16:52:00.848+0800: 4010.521: Total time for which application threads were stopped: 0.0001479 seconds, Stopping threads took: 0.0000266 seconds
2017-04-24T16:52:00.848+0800: 4010.521: Total time for which application threads were stopped: 0.0001414 seconds, Stopping threads took: 0.0000257 seconds
2017-04-24T16:52:00.849+0800: 4010.521: Total time for which application threads were stopped: 0.0001411 seconds, Stopping threads took: 0.0000250 seconds
2017-04-24T16:52:10.442+0800: 4020.115: Total time for which application threads were stopped: 0.0001867 seconds, Stopping threads took: 0.0000430 seconds
2017-04-24T16:52:10.443+0800: 4020.115: Total time for which application threads were stopped: 0.0001511 seconds, Stopping threads took: 0.0000407 seconds
2017-04-24T16:52:10.739+0800: 4020.411: Total time for which application threads were stopped: 0.0002688 seconds, Stopping threads took: 0.0000539 seconds
2017-04-24T16:52:10.741+0800: 4020.413: Total time for which application threads were stopped: 0.0002627 seconds, Stopping threads took: 0.0000513 seconds
2017-04-24T16:52:10.741+0800: 4020.413: Total time for which application threads were stopped: 0.0001652 seconds, Stopping threads took: 0.0000295 seconds
2017-04-24T16:52:10.741+0800: 4020.413: Total time for which application threads were stopped: 0.0001710 seconds, Stopping threads took: 0.0000465 seconds
2017-04-24T16:52:10.741+0800: 4020.414: Total time for which application threads were stopped: 0.0001430 seconds, Stopping threads took: 0.0000260 seconds
2017-04-24T16:52:10.742+0800: 4020.414: Total time for which application threads were stopped: 0.0001463 seconds, Stopping threads took: 0.0000257 seconds
2017-04-24T16:52:20.436+0800: 4030.109: Total time for which application threads were stopped: 0.0001556 seconds, Stopping threads took: 0.0000340 seconds
2017-04-24T16:52:20.437+0800: 4030.109: Total time for which application threads were stopped: 0.0001248 seconds, Stopping threads took: 0.0000314 seconds
2017-04-24T16:52:20.750+0800: 4030.422: Total time for which application threads were stopped: 0.0002986 seconds, Stopping threads took: 0.0000568 seconds
2017-04-24T16:52:20.751+0800: 4030.424: Total time for which application threads were stopped: 0.0002354 seconds, Stopping threads took: 0.0000385 seconds
2017-04-24T16:52:20.752+0800: 4030.424: Total time for which application threads were stopped: 0.0002434 seconds, Stopping threads took: 0.0000468 seconds
2017-04-24T16:52:20.752+0800: 4030.425: Total time for which application threads were stopped: 0.0001716 seconds, Stopping threads took: 0.0000282 seconds
2017-04-24T16:52:20.752+0800: 4030.425: Total time for which application threads were stopped: 0.0002171 seconds, Stopping threads took: 0.0000417 seconds
2017-04-24T16:52:20.753+0800: 4030.425: Total time for which application threads were stopped: 0.0004628 seconds, Stopping threads took: 0.0000305 seconds
2017-04-24T16:52:20.764+0800: 4030.436: Total time for which application threads were stopped: 0.0002762 seconds, Stopping threads took: 0.0000532 seconds
2017-04-24T16:52:21.764+0800: 4031.437: Total time for which application threads were stopped: 0.0002313 seconds, Stopping threads took: 0.0000548 seconds
2017-04-24T16:52:30.442+0800: 4040.115: Total time for which application threads were stopped: 0.0002691 seconds, Stopping threads took: 0.0000532 seconds
2017-04-24T16:52:30.443+0800: 4040.116: Total time for which application threads were stopped: 0.0002367 seconds, Stopping threads took: 0.0000455 seconds
2017-04-24T16:52:30.769+0800: 4040.442: Total time for which application threads were stopped: 0.0002816 seconds, Stopping threads took: 0.0000561 seconds
2017-04-24T16:52:30.780+0800: 4040.452: Total time for which application threads were stopped: 0.0002810 seconds, Stopping threads took: 0.0000555 seconds
2017-04-24T16:52:40.441+0800: 4050.114: Total time for which application threads were stopped: 0.0001386 seconds, Stopping threads took: 0.0000318 seconds
2017-04-24T16:52:40.442+0800: 4050.115: Total time for which application threads were stopped: 0.0001222 seconds, Stopping threads took: 0.0000247 seconds
2017-04-24T16:52:40.703+0800: 4050.376: Total time for which application threads were stopped: 0.0003313 seconds, Stopping threads took: 0.0000863 seconds
2017-04-24T16:52:40.703+0800: 4050.376: Total time for which application threads were stopped: 0.0002588 seconds, Stopping threads took: 0.0000558 seconds
2017-04-24T16:52:40.705+0800: 4050.377: Total time for which application threads were stopped: 0.0002406 seconds, Stopping threads took: 0.0000548 seconds
2017-04-24T16:52:40.705+0800: 4050.378: Total time for which application threads were stopped: 0.0001847 seconds, Stopping threads took: 0.0000362 seconds
2017-04-24T16:52:40.705+0800: 4050.378: Total time for which application threads were stopped: 0.0002104 seconds, Stopping threads took: 0.0000417 seconds
2017-04-24T16:52:40.706+0800: 4050.378: Total time for which application threads were stopped: 0.0001732 seconds, Stopping threads took: 0.0000311 seconds
2017-04-24T16:52:40.706+0800: 4050.379: Total time for which application threads were stopped: 0.0001472 seconds, Stopping threads took: 0.0000260 seconds
2017-04-24T16:52:40.717+0800: 4050.390: Total time for which application threads were stopped: 0.0002264 seconds, Stopping threads took: 0.0000500 seconds
2017-04-24T16:52:41.718+0800: 4051.390: Total time for which application threads were stopped: 0.0001982 seconds, Stopping threads took: 0.0000536 seconds
2017-04-24T16:52:50.439+0800: 4060.111: Total time for which application threads were stopped: 0.0001479 seconds, Stopping threads took: 0.0000366 seconds
2017-04-24T16:52:50.439+0800: 4060.112: Total time for which application threads were stopped: 0.0001116 seconds, Stopping threads took: 0.0000247 seconds
2017-04-24T16:52:50.742+0800: 4060.415: Total time for which application threads were stopped: 0.0001091 seconds, Stopping threads took: 0.0000273 seconds
2017-04-24T16:52:50.742+0800: 4060.415: Total time for which application threads were stopped: 0.0000532 seconds, Stopping threads took: 0.0000212 seconds
2017-04-24T16:52:50.742+0800: 4060.415: Total time for which application threads were stopped: 0.0000404 seconds, Stopping threads took: 0.0000090 seconds
2017-04-24T16:52:50.743+0800: 4060.415: Total time for which application threads were stopped: 0.0000430 seconds, Stopping threads took: 0.0000132 seconds
2017-04-24T16:52:50.743+0800: 4060.415: Total time for which application threads were stopped: 0.0000770 seconds, Stopping threads took: 0.0000330 seconds
2017-04-24T16:52:50.743+0800: 4060.416: Total time for which application threads were stopped: 0.0000577 seconds, Stopping threads took: 0.0000189 seconds
2017-04-24T16:52:50.743+0800: 4060.416: Total time for which application threads were stopped: 0.0000404 seconds, Stopping threads took: 0.0000099 seconds
2017-04-24T16:52:50.746+0800: 4060.419: Total time for which application threads were stopped: 0.0000815 seconds, Stopping threads took: 0.0000196 seconds
{Heap before GC invocations=37 (full 2):
 par new generation   total 109248K, used 91824K [0x00000000e0000000, 0x00000000e8000000, 0x00000000e8000000)
  eden space 87424K,  99% used [0x00000000e0000000, 0x00000000e5513080, 0x00000000e5560000)
  from space 21824K,  21% used [0x00000000e6ab0000, 0x00000000e6f48f90, 0x00000000e8000000)
  to   space 21824K,   0% used [0x00000000e5560000, 0x00000000e5560000, 0x00000000e6ab0000)
 concurrent mark-sweep generation total 393216K, used 17443K [0x00000000e8000000, 0x0000000100000000, 0x0000000100000000)
 Metaspace       used 41802K, capacity 42608K, committed 43032K, reserved 1087488K
  class space    used 4582K, capacity 4796K, committed 4940K, reserved 1048576K
2017-04-24T16:53:00.437+0800: 4070.109: [GC (Allocation Failure) 2017-04-24T16:53:00.437+0800: 4070.109: [ParNew
Desired survivor size 20112992 bytes, new threshold 8 (max 8)
- age   1:    2926752 bytes,    2926752 total
- age   2:     694008 bytes,    3620760 total
- age   3:      68120 bytes,    3688880 total
- age   4:      13320 bytes,    3702200 total
- age   5:     293264 bytes,    3995464 total
- age   6:      13632 bytes,    4009096 total
- age   7:      12240 bytes,    4021336 total
- age   8:      20520 bytes,    4041856 total
: 91824K->5616K(109248K), 0.0132081 secs] 109267K->23074K(502464K), 0.0133902 secs] [Times: user=0.06 sys=0.00, real=0.01 secs] 
Heap after GC invocations=38 (full 2):
 par new generation   total 109248K, used 5616K [0x00000000e0000000, 0x00000000e8000000, 0x00000000e8000000)
  eden space 87424K,   0% used [0x00000000e0000000, 0x00000000e0000000, 0x00000000e5560000)
  from space 21824K,  25% used [0x00000000e5560000, 0x00000000e5adc120, 0x00000000e6ab0000)
  to   space 21824K,   0% used [0x00000000e6ab0000, 0x00000000e6ab0000, 0x00000000e8000000)
 concurrent mark-sweep generation total 393216K, used 17458K [0x00000000e8000000, 0x0000000100000000, 0x0000000100000000)
 Metaspace       used 41802K, capacity 42608K, committed 43032K, reserved 1087488K
  class space    used 4582K, capacity 4796K, committed 4940K, reserved 1048576K
}
2017-04-24T16:53:00.451+0800: 4070.123: Total time for which application threads were stopped: 0.0140118 seconds, Stopping threads took: 0.0000513 seconds
2017-04-24T16:53:00.451+0800: 4070.123: Total time for which application threads were stopped: 0.0001690 seconds, Stopping threads took: 0.0000468 seconds
2017-04-24T16:53:00.451+0800: 4070.123: Total time for which application threads were stopped: 0.0001626 seconds, Stopping threads took: 0.0000494 seconds
2017-04-24T16:53:00.451+0800: 4070.124: Total time for which application threads were stopped: 0.0001998 seconds, Stopping threads took: 0.0000407 seconds
2017-04-24T16:53:00.452+0800: 4070.124: Total time for which application threads were stopped: 0.0001639 seconds, Stopping threads took: 0.0000311 seconds
2017-04-24T16:53:00.452+0800: 4070.124: Total time for which application threads were stopped: 0.0001004 seconds, Stopping threads took: 0.0000314 seconds
2017-04-24T16:53:00.452+0800: 4070.124: Total time for which application threads were stopped: 0.0001014 seconds, Stopping threads took: 0.0000327 seconds
2017-04-24T16:53:00.452+0800: 4070.125: Total time for which application threads were stopped: 0.0001100 seconds, Stopping threads took: 0.0000359 seconds
2017-04-24T16:53:00.453+0800: 4070.125: Total time for which application threads were stopped: 0.0000969 seconds, Stopping threads took: 0.0000308 seconds
2017-04-24T16:53:00.453+0800: 4070.125: Total time for which application threads were stopped: 0.0000706 seconds, Stopping threads took: 0.0000151 seconds
2017-04-24T16:53:00.453+0800: 4070.125: Total time for which application threads were stopped: 0.0001225 seconds, Stopping threads took: 0.0000491 seconds
2017-04-24T16:53:00.453+0800: 4070.125: Total time for which application threads were stopped: 0.0000738 seconds, Stopping threads took: 0.0000183 seconds
2017-04-24T16:53:00.453+0800: 4070.126: Total time for which application threads were stopped: 0.0000805 seconds, Stopping threads took: 0.0000247 seconds
2017-04-24T16:53:00.453+0800: 4070.126: Total time for which application threads were stopped: 0.0000776 seconds, Stopping threads took: 0.0000215 seconds
2017-04-24T16:53:00.454+0800: 4070.126: Total time for which application threads were stopped: 0.0000760 seconds, Stopping threads took: 0.0000231 seconds
2017-04-24T16:53:00.454+0800: 4070.126: Total time for which application threads were stopped: 0.0000767 seconds, Stopping threads took: 0.0000212 seconds
2017-04-24T16:53:00.454+0800: 4070.126: Total time for which application threads were stopped: 0.0000860 seconds, Stopping threads took: 0.0000311 seconds
2017-04-24T16:53:00.454+0800: 4070.126: Total time for which application threads were stopped: 0.0001479 seconds, Stopping threads took: 0.0000343 seconds
2017-04-24T16:53:00.454+0800: 4070.127: Total time for which application threads were stopped: 0.0001472 seconds, Stopping threads took: 0.0000420 seconds
2017-04-24T16:53:00.455+0800: 4070.127: Total time for which application threads were stopped: 0.0000937 seconds, Stopping threads took: 0.0000359 seconds
2017-04-24T16:53:00.455+0800: 4070.127: Total time for which application threads were stopped: 0.0000898 seconds, Stopping threads took: 0.0000346 seconds
2017-04-24T16:53:00.456+0800: 4070.128: Total time for which application threads were stopped: 0.0000641 seconds, Stopping threads took: 0.0000119 seconds
2017-04-24T16:53:00.456+0800: 4070.128: Total time for which application threads were stopped: 0.0000641 seconds, Stopping threads took: 0.0000122 seconds
2017-04-24T16:53:00.730+0800: 4070.402: Total time for which application threads were stopped: 0.0002418 seconds, Stopping threads took: 0.0000600 seconds
2017-04-24T16:53:00.730+0800: 4070.403: Total time for which application threads were stopped: 0.0001793 seconds, Stopping threads took: 0.0000532 seconds
2017-04-24T16:53:00.731+0800: 4070.404: Total time for which application threads were stopped: 0.0001617 seconds, Stopping threads took: 0.0000353 seconds
2017-04-24T16:53:00.732+0800: 4070.404: Total time for which application threads were stopped: 0.0001905 seconds, Stopping threads took: 0.0000523 seconds
2017-04-24T16:53:00.732+0800: 4070.404: Total time for which application threads were stopped: 0.0001748 seconds, Stopping threads took: 0.0000504 seconds
2017-04-24T16:53:00.732+0800: 4070.405: Total time for which application threads were stopped: 0.0001524 seconds, Stopping threads took: 0.0000356 seconds
2017-04-24T16:53:00.732+0800: 4070.405: Total time for which application threads were stopped: 0.0001488 seconds, Stopping threads took: 0.0000443 seconds
2017-04-24T16:53:00.739+0800: 4070.412: Total time for which application threads were stopped: 0.0001809 seconds, Stopping threads took: 0.0000439 seconds
2017-04-24T16:53:10.441+0800: 4080.114: Total time for which application threads were stopped: 0.0001434 seconds, Stopping threads took: 0.0000311 seconds
2017-04-24T16:53:10.442+0800: 4080.114: Total time for which application threads were stopped: 0.0001026 seconds, Stopping threads took: 0.0000180 seconds
2017-04-24T16:53:10.781+0800: 4080.454: Total time for which application threads were stopped: 0.0002566 seconds, Stopping threads took: 0.0000856 seconds
2017-04-24T16:53:10.782+0800: 4080.454: Total time for which application threads were stopped: 0.0002030 seconds, Stopping threads took: 0.0000581 seconds
2017-04-24T16:53:10.783+0800: 4080.456: Total time for which application threads were stopped: 0.0001953 seconds, Stopping threads took: 0.0000542 seconds
2017-04-24T16:53:10.784+0800: 4080.456: Total time for which application threads were stopped: 0.0001803 seconds, Stopping threads took: 0.0000513 seconds
2017-04-24T16:53:10.784+0800: 4080.457: Total time for which application threads were stopped: 0.0001552 seconds, Stopping threads took: 0.0000455 seconds
2017-04-24T16:53:10.784+0800: 4080.457: Total time for which application threads were stopped: 0.0001668 seconds, Stopping threads took: 0.0000484 seconds
2017-04-24T16:53:10.784+0800: 4080.457: Total time for which application threads were stopped: 0.0001341 seconds, Stopping threads took: 0.0000391 seconds
2017-04-24T16:53:10.791+0800: 4080.464: Total time for which application threads were stopped: 0.0002033 seconds, Stopping threads took: 0.0000385 seconds
2017-04-24T16:53:20.438+0800: 4090.111: Total time for which application threads were stopped: 0.0001960 seconds, Stopping threads took: 0.0000581 seconds
2017-04-24T16:53:20.439+0800: 4090.112: Total time for which application threads were stopped: 0.0001479 seconds, Stopping threads took: 0.0000382 seconds
2017-04-24T16:53:20.734+0800: 4090.406: Total time for which application threads were stopped: 0.0003146 seconds, Stopping threads took: 0.0000818 seconds
2017-04-24T16:53:20.734+0800: 4090.407: Total time for which application threads were stopped: 0.0002441 seconds, Stopping threads took: 0.0000558 seconds
2017-04-24T16:53:20.735+0800: 4090.408: Total time for which application threads were stopped: 0.0002088 seconds, Stopping threads took: 0.0000414 seconds
2017-04-24T16:53:20.736+0800: 4090.408: Total time for which application threads were stopped: 0.0001581 seconds, Stopping threads took: 0.0000282 seconds
2017-04-24T16:53:20.736+0800: 4090.408: Total time for which application threads were stopped: 0.0001430 seconds, Stopping threads took: 0.0000260 seconds
2017-04-24T16:53:20.736+0800: 4090.409: Total time for which application threads were stopped: 0.0001421 seconds, Stopping threads took: 0.0000250 seconds
2017-04-24T16:53:20.736+0800: 4090.409: Total time for which application threads were stopped: 0.0001440 seconds, Stopping threads took: 0.0000276 seconds
2017-04-24T16:53:20.745+0800: 4090.418: Total time for which application threads were stopped: 0.0002245 seconds, Stopping threads took: 0.0000455 seconds
2017-04-24T16:53:30.445+0800: 4100.118: Total time for which application threads were stopped: 0.0005687 seconds, Stopping threads took: 0.0000548 seconds
2017-04-24T16:53:30.446+0800: 4100.119: Total time for which application threads were stopped: 0.0004455 seconds, Stopping threads took: 0.0000330 seconds
2017-04-24T16:53:30.787+0800: 4100.460: Total time for which application threads were stopped: 0.0003217 seconds, Stopping threads took: 0.0001010 seconds
2017-04-24T16:53:30.787+0800: 4100.460: Total time for which application threads were stopped: 0.0002460 seconds, Stopping threads took: 0.0000548 seconds
2017-04-24T16:53:30.789+0800: 4100.462: Total time for which application threads were stopped: 0.0005963 seconds, Stopping threads took: 0.0000654 seconds
2017-04-24T16:53:30.790+0800: 4100.462: Total time for which application threads were stopped: 0.0002386 seconds, Stopping threads took: 0.0000747 seconds
2017-04-24T16:53:30.790+0800: 4100.463: Total time for which application threads were stopped: 0.0001767 seconds, Stopping threads took: 0.0000516 seconds
2017-04-24T16:53:30.790+0800: 4100.463: Total time for which application threads were stopped: 0.0002216 seconds, Stopping threads took: 0.0000651 seconds
2017-04-24T16:53:30.791+0800: 4100.463: Total time for which application threads were stopped: 0.0005061 seconds, Stopping threads took: 0.0000542 seconds
2017-04-24T16:53:30.802+0800: 4100.474: Total time for which application threads were stopped: 0.0002954 seconds, Stopping threads took: 0.0000568 seconds
2017-04-24T16:53:40.443+0800: 4110.115: Total time for which application threads were stopped: 0.0001620 seconds, Stopping threads took: 0.0000346 seconds
2017-04-24T16:53:40.443+0800: 4110.116: Total time for which application threads were stopped: 0.0001222 seconds, Stopping threads took: 0.0000257 seconds
2017-04-24T16:53:40.757+0800: 4110.429: Total time for which application threads were stopped: 0.0002560 seconds, Stopping threads took: 0.0000500 seconds
2017-04-24T16:53:50.438+0800: 4120.110: Total time for which application threads were stopped: 0.0001783 seconds, Stopping threads took: 0.0000356 seconds
2017-04-24T16:53:50.438+0800: 4120.111: Total time for which application threads were stopped: 0.0001251 seconds, Stopping threads took: 0.0000208 seconds
2017-04-24T16:53:50.738+0800: 4120.410: Total time for which application threads were stopped: 0.0002681 seconds, Stopping threads took: 0.0000532 seconds
2017-04-24T16:53:50.738+0800: 4120.411: Total time for which application threads were stopped: 0.0001835 seconds, Stopping threads took: 0.0000359 seconds
2017-04-24T16:53:50.739+0800: 4120.412: Total time for which application threads were stopped: 0.0001812 seconds, Stopping threads took: 0.0000340 seconds
2017-04-24T16:53:50.740+0800: 4120.412: Total time for which application threads were stopped: 0.0002245 seconds, Stopping threads took: 0.0000475 seconds
2017-04-24T16:53:50.740+0800: 4120.413: Total time for which application threads were stopped: 0.0001899 seconds, Stopping threads took: 0.0000378 seconds
2017-04-24T16:53:50.740+0800: 4120.413: Total time for which application threads were stopped: 0.0001408 seconds, Stopping threads took: 0.0000263 seconds
2017-04-24T16:53:50.740+0800: 4120.413: Total time for which application threads were stopped: 0.0001315 seconds, Stopping threads took: 0.0000247 seconds
2017-04-24T16:53:50.752+0800: 4120.425: Total time for which application threads were stopped: 0.0002906 seconds, Stopping threads took: 0.0000552 seconds
2017-04-24T16:54:00.452+0800: 4130.124: Total time for which application threads were stopped: 0.0001443 seconds, Stopping threads took: 0.0000324 seconds
2017-04-24T16:54:00.453+0800: 4130.125: Total time for which application threads were stopped: 0.0001087 seconds, Stopping threads took: 0.0000208 seconds
2017-04-24T16:54:00.911+0800: 4130.584: Total time for which application threads were stopped: 0.0002835 seconds, Stopping threads took: 0.0000616 seconds
2017-04-24T16:54:00.912+0800: 4130.584: Total time for which application threads were stopped: 0.0002685 seconds, Stopping threads took: 0.0000779 seconds
2017-04-24T16:54:00.913+0800: 4130.586: Total time for which application threads were stopped: 0.0001777 seconds, Stopping threads took: 0.0000324 seconds
2017-04-24T16:54:00.913+0800: 4130.586: Total time for which application threads were stopped: 0.0001973 seconds, Stopping threads took: 0.0000382 seconds
2017-04-24T16:54:00.914+0800: 4130.586: Total time for which application threads were stopped: 0.0001546 seconds, Stopping threads took: 0.0000260 seconds
2017-04-24T16:54:00.914+0800: 4130.586: Total time for which application threads were stopped: 0.0001710 seconds, Stopping threads took: 0.0000314 seconds
2017-04-24T16:54:00.914+0800: 4130.587: Total time for which application threads were stopped: 0.0001642 seconds, Stopping threads took: 0.0000308 seconds
2017-04-24T16:54:00.927+0800: 4130.600: Total time for which application threads were stopped: 0.0002746 seconds, Stopping threads took: 0.0000526 seconds
2017-04-24T16:54:10.442+0800: 4140.115: Total time for which application threads were stopped: 0.0001376 seconds, Stopping threads took: 0.0000298 seconds
2017-04-24T16:54:10.443+0800: 4140.115: Total time for which application threads were stopped: 0.0001004 seconds, Stopping threads took: 0.0000205 seconds
2017-04-24T16:54:10.742+0800: 4140.415: Total time for which application threads were stopped: 0.0003130 seconds, Stopping threads took: 0.0000802 seconds
2017-04-24T16:54:10.742+0800: 4140.415: Total time for which application threads were stopped: 0.0002935 seconds, Stopping threads took: 0.0000975 seconds
2017-04-24T16:54:10.744+0800: 4140.417: Total time for which application threads were stopped: 0.0002521 seconds, Stopping threads took: 0.0000744 seconds
2017-04-24T16:54:10.744+0800: 4140.417: Total time for which application threads were stopped: 0.0001661 seconds, Stopping threads took: 0.0000343 seconds
2017-04-24T16:54:10.745+0800: 4140.417: Total time for which application threads were stopped: 0.0002104 seconds, Stopping threads took: 0.0000491 seconds
2017-04-24T16:54:10.745+0800: 4140.418: Total time for which application threads were stopped: 0.0001924 seconds, Stopping threads took: 0.0000375 seconds
2017-04-24T16:54:10.745+0800: 4140.418: Total time for which application threads were stopped: 0.0002348 seconds, Stopping threads took: 0.0000301 seconds
2017-04-24T16:54:10.755+0800: 4140.428: Total time for which application threads were stopped: 0.0005671 seconds, Stopping threads took: 0.0000629 seconds
2017-04-24T16:54:20.436+0800: 4150.109: Total time for which application threads were stopped: 0.0001645 seconds, Stopping threads took: 0.0000478 seconds
2017-04-24T16:54:20.437+0800: 4150.109: Total time for which application threads were stopped: 0.0001873 seconds, Stopping threads took: 0.0000314 seconds
2017-04-24T16:54:20.735+0800: 4150.408: Total time for which application threads were stopped: 0.0002928 seconds, Stopping threads took: 0.0000494 seconds
2017-04-24T16:54:20.736+0800: 4150.408: Total time for which application threads were stopped: 0.0002296 seconds, Stopping threads took: 0.0000779 seconds
2017-04-24T16:54:20.736+0800: 4150.408: Total time for which application threads were stopped: 0.0002489 seconds, Stopping threads took: 0.0000513 seconds
2017-04-24T16:54:20.737+0800: 4150.410: Total time for which application threads were stopped: 0.0002094 seconds, Stopping threads took: 0.0000401 seconds
2017-04-24T16:54:20.738+0800: 4150.410: Total time for which application threads were stopped: 0.0001921 seconds, Stopping threads took: 0.0000343 seconds
2017-04-24T16:54:20.738+0800: 4150.410: Total time for which application threads were stopped: 0.0002248 seconds, Stopping threads took: 0.0000266 seconds
2017-04-24T16:54:20.738+0800: 4150.411: Total time for which application threads were stopped: 0.0001645 seconds, Stopping threads took: 0.0000289 seconds
2017-04-24T16:54:20.739+0800: 4150.411: Total time for which application threads were stopped: 0.0002027 seconds, Stopping threads took: 0.0000398 seconds
2017-04-24T16:54:21.739+0800: 4151.411: Total time for which application threads were stopped: 0.0001886 seconds, Stopping threads took: 0.0000500 seconds
2017-04-24T16:54:30.723+0800: 4160.395: Total time for which application threads were stopped: 0.0002624 seconds, Stopping threads took: 0.0000603 seconds
2017-04-24T16:54:30.723+0800: 4160.396: Total time for which application threads were stopped: 0.0001546 seconds, Stopping threads took: 0.0000343 seconds
2017-04-24T16:54:30.724+0800: 4160.397: Total time for which application threads were stopped: 0.0003066 seconds, Stopping threads took: 0.0000443 seconds
2017-04-24T16:54:30.725+0800: 4160.397: Total time for which application threads were stopped: 0.0002717 seconds, Stopping threads took: 0.0000385 seconds
2017-04-24T16:54:30.725+0800: 4160.398: Total time for which application threads were stopped: 0.0002659 seconds, Stopping threads took: 0.0000398 seconds
2017-04-24T16:54:30.726+0800: 4160.398: Total time for which application threads were stopped: 0.0002460 seconds, Stopping threads took: 0.0000327 seconds
2017-04-24T16:54:30.726+0800: 4160.398: Total time for which application threads were stopped: 0.0002386 seconds, Stopping threads took: 0.0000343 seconds
{Heap before GC invocations=38 (full 2):
 par new generation   total 109248K, used 92850K [0x00000000e0000000, 0x00000000e8000000, 0x00000000e8000000)
  eden space 87424K,  99% used [0x00000000e0000000, 0x00000000e5530960, 0x00000000e5560000)
  from space 21824K,  25% used [0x00000000e5560000, 0x00000000e5adc120, 0x00000000e6ab0000)
  to   space 21824K,   0% used [0x00000000e6ab0000, 0x00000000e6ab0000, 0x00000000e8000000)
 concurrent mark-sweep generation total 393216K, used 17458K [0x00000000e8000000, 0x0000000100000000, 0x0000000100000000)
 Metaspace       used 41804K, capacity 42608K, committed 43032K, reserved 1087488K
  class space    used 4582K, capacity 4796K, committed 4940K, reserved 1048576K
2017-04-24T16:54:40.414+0800: 4170.086: [GC (Allocation Failure) 2017-04-24T16:54:40.414+0800: 4170.086: [ParNew
Desired survivor size 20112992 bytes, new threshold 8 (max 8)
- age   1:    2904416 bytes,    2904416 total
- age   2:     698560 bytes,    3602976 total
- age   3:      68000 bytes,    3670976 total
- age   4:      12304 bytes,    3683280 total
- age   5:      12624 bytes,    3695904 total
- age   6:     293264 bytes,    3989168 total
- age   7:      13632 bytes,    4002800 total
- age   8:      12240 bytes,    4015040 total
: 92850K->5088K(109248K), 0.0036635 secs] 110309K->22567K(502464K), 0.0037241 secs] [Times: user=0.00 sys=0.00, real=0.00 secs] 
Heap after GC invocations=39 (full 2):
 par new generation   total 109248K, used 5088K [0x00000000e0000000, 0x00000000e8000000, 0x00000000e8000000)
  eden space 87424K,   0% used [0x00000000e0000000, 0x00000000e0000000, 0x00000000e5560000)
  from space 21824K,  23% used [0x00000000e6ab0000, 0x00000000e6fa8200, 0x00000000e8000000)
  to   space 21824K,   0% used [0x00000000e5560000, 0x00000000e5560000, 0x00000000e6ab0000)
 concurrent mark-sweep generation total 393216K, used 17478K [0x00000000e8000000, 0x0000000100000000, 0x0000000100000000)
 Metaspace       used 41804K, capacity 42608K, committed 43032K, reserved 1087488K
  class space    used 4582K, capacity 4796K, committed 4940K, reserved 1048576K
}
2017-04-24T16:54:40.418+0800: 4170.090: Total time for which application threads were stopped: 0.0039092 seconds, Stopping threads took: 0.0000215 seconds
2017-04-24T16:54:40.418+0800: 4170.090: Total time for which application threads were stopped: 0.0001289 seconds, Stopping threads took: 0.0000401 seconds
2017-04-24T16:54:40.418+0800: 4170.090: Total time for which application threads were stopped: 0.0001081 seconds, Stopping threads took: 0.0000308 seconds
2017-04-24T16:54:40.418+0800: 4170.091: Total time for which application threads were stopped: 0.0000751 seconds, Stopping threads took: 0.0000199 seconds
2017-04-24T16:54:40.418+0800: 4170.091: Total time for which application threads were stopped: 0.0000545 seconds, Stopping threads took: 0.0000173 seconds
2017-04-24T16:54:40.418+0800: 4170.091: Total time for which application threads were stopped: 0.0000488 seconds, Stopping threads took: 0.0000148 seconds
2017-04-24T16:54:40.419+0800: 4170.091: Total time for which application threads were stopped: 0.0000577 seconds, Stopping threads took: 0.0000167 seconds
2017-04-24T16:54:40.419+0800: 4170.091: Total time for which application threads were stopped: 0.0000667 seconds, Stopping threads took: 0.0000128 seconds
2017-04-24T16:54:40.419+0800: 4170.091: Total time for which application threads were stopped: 0.0000581 seconds, Stopping threads took: 0.0000157 seconds
2017-04-24T16:54:40.419+0800: 4170.091: Total time for which application threads were stopped: 0.0001174 seconds, Stopping threads took: 0.0000693 seconds
2017-04-24T16:54:40.419+0800: 4170.092: Total time for which application threads were stopped: 0.0000520 seconds, Stopping threads took: 0.0000109 seconds
2017-04-24T16:54:40.419+0800: 4170.092: Total time for which application threads were stopped: 0.0000465 seconds, Stopping threads took: 0.0000106 seconds
2017-04-24T16:54:40.420+0800: 4170.092: Total time for which application threads were stopped: 0.0000587 seconds, Stopping threads took: 0.0000215 seconds
2017-04-24T16:54:40.420+0800: 4170.092: Total time for which application threads were stopped: 0.0000587 seconds, Stopping threads took: 0.0000167 seconds
2017-04-24T16:54:40.420+0800: 4170.092: Total time for which application threads were stopped: 0.0000497 seconds, Stopping threads took: 0.0000173 seconds
2017-04-24T16:54:40.420+0800: 4170.092: Total time for which application threads were stopped: 0.0000536 seconds, Stopping threads took: 0.0000170 seconds
2017-04-24T16:54:40.420+0800: 4170.092: Total time for which application threads were stopped: 0.0000427 seconds, Stopping threads took: 0.0000122 seconds
2017-04-24T16:54:40.420+0800: 4170.093: Total time for which application threads were stopped: 0.0000574 seconds, Stopping threads took: 0.0000180 seconds
2017-04-24T16:54:40.420+0800: 4170.093: Total time for which application threads were stopped: 0.0000446 seconds, Stopping threads took: 0.0000148 seconds
2017-04-24T16:54:40.420+0800: 4170.093: Total time for which application threads were stopped: 0.0000414 seconds, Stopping threads took: 0.0000071 seconds
2017-04-24T16:54:40.420+0800: 4170.093: Total time for which application threads were stopped: 0.0000520 seconds, Stopping threads took: 0.0000151 seconds
2017-04-24T16:54:40.421+0800: 4170.093: Total time for which application threads were stopped: 0.0001578 seconds, Stopping threads took: 0.0000170 seconds
2017-04-24T16:54:40.421+0800: 4170.093: Total time for which application threads were stopped: 0.0001193 seconds, Stopping threads took: 0.0000138 seconds
2017-04-24T16:54:40.421+0800: 4170.093: Total time for which application threads were stopped: 0.0000407 seconds, Stopping threads took: 0.0000077 seconds
2017-04-24T16:54:40.421+0800: 4170.094: Total time for which application threads were stopped: 0.0000359 seconds, Stopping threads took: 0.0000067 seconds
2017-04-24T16:54:40.756+0800: 4170.428: Total time for which application threads were stopped: 0.0002871 seconds, Stopping threads took: 0.0000789 seconds
2017-04-24T16:54:40.756+0800: 4170.429: Total time for which application threads were stopped: 0.0002418 seconds, Stopping threads took: 0.0000866 seconds
2017-04-24T16:54:40.756+0800: 4170.429: Total time for which application threads were stopped: 0.0002001 seconds, Stopping threads took: 0.0000654 seconds
2017-04-24T16:54:40.758+0800: 4170.431: Total time for which application threads were stopped: 0.0002239 seconds, Stopping threads took: 0.0000471 seconds
2017-04-24T16:54:40.758+0800: 4170.431: Total time for which application threads were stopped: 0.0001440 seconds, Stopping threads took: 0.0000279 seconds
2017-04-24T16:54:40.758+0800: 4170.431: Total time for which application threads were stopped: 0.0001325 seconds, Stopping threads took: 0.0000247 seconds
2017-04-24T16:54:40.759+0800: 4170.431: Total time for which application threads were stopped: 0.0001357 seconds, Stopping threads took: 0.0000241 seconds
2017-04-24T16:54:40.759+0800: 4170.432: Total time for which application threads were stopped: 0.0004606 seconds, Stopping threads took: 0.0000244 seconds
2017-04-24T16:54:50.437+0800: 4180.110: Total time for which application threads were stopped: 0.0001517 seconds, Stopping threads took: 0.0000321 seconds
2017-04-24T16:54:50.438+0800: 4180.111: Total time for which application threads were stopped: 0.0001370 seconds, Stopping threads took: 0.0000273 seconds
2017-04-24T16:54:50.753+0800: 4180.426: Total time for which application threads were stopped: 0.0001049 seconds, Stopping threads took: 0.0000241 seconds
2017-04-24T16:54:50.753+0800: 4180.426: Total time for which application threads were stopped: 0.0000606 seconds, Stopping threads took: 0.0000115 seconds
2017-04-24T16:54:50.753+0800: 4180.426: Total time for which application threads were stopped: 0.0000831 seconds, Stopping threads took: 0.0000404 seconds
2017-04-24T16:54:50.754+0800: 4180.426: Total time for which application threads were stopped: 0.0000417 seconds, Stopping threads took: 0.0000080 seconds
2017-04-24T16:55:00.442+0800: 4190.115: Total time for which application threads were stopped: 0.0002829 seconds, Stopping threads took: 0.0000548 seconds
2017-04-24T16:55:00.444+0800: 4190.116: Total time for which application threads were stopped: 0.0001998 seconds, Stopping threads took: 0.0000340 seconds
2017-04-24T16:55:00.769+0800: 4190.442: Total time for which application threads were stopped: 0.0003207 seconds, Stopping threads took: 0.0000844 seconds
2017-04-24T16:55:00.770+0800: 4190.442: Total time for which application threads were stopped: 0.0001844 seconds, Stopping threads took: 0.0000382 seconds
2017-04-24T16:55:00.770+0800: 4190.442: Total time for which application threads were stopped: 0.0001674 seconds, Stopping threads took: 0.0000346 seconds
2017-04-24T16:55:00.771+0800: 4190.444: Total time for which application threads were stopped: 0.0001652 seconds, Stopping threads took: 0.0000279 seconds
2017-04-24T16:55:00.771+0800: 4190.444: Total time for which application threads were stopped: 0.0001540 seconds, Stopping threads took: 0.0000257 seconds
2017-04-24T16:55:00.772+0800: 4190.444: Total time for which application threads were stopped: 0.0001527 seconds, Stopping threads took: 0.0000257 seconds
2017-04-24T16:55:00.772+0800: 4190.444: Total time for which application threads were stopped: 0.0002348 seconds, Stopping threads took: 0.0000430 seconds
2017-04-24T16:55:00.772+0800: 4190.445: Total time for which application threads were stopped: 0.0002191 seconds, Stopping threads took: 0.0000350 seconds
2017-04-24T16:55:10.442+0800: 4200.115: Total time for which application threads were stopped: 0.0001514 seconds, Stopping threads took: 0.0000314 seconds
2017-04-24T16:55:10.443+0800: 4200.116: Total time for which application threads were stopped: 0.0001007 seconds, Stopping threads took: 0.0000183 seconds
2017-04-24T16:55:10.751+0800: 4200.423: Total time for which application threads were stopped: 0.0003130 seconds, Stopping threads took: 0.0000876 seconds
2017-04-24T16:55:10.752+0800: 4200.425: Total time for which application threads were stopped: 0.0001912 seconds, Stopping threads took: 0.0000327 seconds
2017-04-24T16:55:10.752+0800: 4200.425: Total time for which application threads were stopped: 0.0001594 seconds, Stopping threads took: 0.0000273 seconds
2017-04-24T16:55:10.752+0800: 4200.425: Total time for which application threads were stopped: 0.0001456 seconds, Stopping threads took: 0.0000263 seconds
2017-04-24T16:55:10.753+0800: 4200.425: Total time for which application threads were stopped: 0.0001469 seconds, Stopping threads took: 0.0000295 seconds
2017-04-24T16:55:10.753+0800: 4200.426: Total time for which application threads were stopped: 0.0001398 seconds, Stopping threads took: 0.0000257 seconds
2017-04-24T16:55:20.436+0800: 4210.108: Total time for which application threads were stopped: 0.0001402 seconds, Stopping threads took: 0.0000324 seconds
2017-04-24T16:55:20.437+0800: 4210.109: Total time for which application threads were stopped: 0.0001001 seconds, Stopping threads took: 0.0000192 seconds
2017-04-24T16:55:20.737+0800: 4210.410: Total time for which application threads were stopped: 0.0002755 seconds, Stopping threads took: 0.0000616 seconds
2017-04-24T16:55:20.739+0800: 4210.411: Total time for which application threads were stopped: 0.0002556 seconds, Stopping threads took: 0.0000571 seconds
2017-04-24T16:55:20.739+0800: 4210.412: Total time for which application threads were stopped: 0.0002046 seconds, Stopping threads took: 0.0000497 seconds
2017-04-24T16:55:20.739+0800: 4210.412: Total time for which application threads were stopped: 0.0002640 seconds, Stopping threads took: 0.0000853 seconds
2017-04-24T16:55:20.740+0800: 4210.412: Total time for which application threads were stopped: 0.0001838 seconds, Stopping threads took: 0.0000414 seconds
2017-04-24T16:55:20.740+0800: 4210.412: Total time for which application threads were stopped: 0.0001969 seconds, Stopping threads took: 0.0000683 seconds
2017-04-24T16:55:30.434+0800: 4220.107: Total time for which application threads were stopped: 0.0002040 seconds, Stopping threads took: 0.0000558 seconds
2017-04-24T16:55:30.435+0800: 4220.108: Total time for which application threads were stopped: 0.0001517 seconds, Stopping threads took: 0.0000324 seconds
2017-04-24T16:55:30.720+0800: 4220.393: Total time for which application threads were stopped: 0.0002685 seconds, Stopping threads took: 0.0000584 seconds
2017-04-24T16:55:30.720+0800: 4220.393: Total time for which application threads were stopped: 0.0002390 seconds, Stopping threads took: 0.0000507 seconds
2017-04-24T16:55:30.721+0800: 4220.393: Total time for which application threads were stopped: 0.0002967 seconds, Stopping threads took: 0.0001049 seconds
2017-04-24T16:55:30.722+0800: 4220.395: Total time for which application threads were stopped: 0.0002139 seconds, Stopping threads took: 0.0000494 seconds
2017-04-24T16:55:30.722+0800: 4220.395: Total time for which application threads were stopped: 0.0002120 seconds, Stopping threads took: 0.0000475 seconds
2017-04-24T16:55:30.723+0800: 4220.395: Total time for which application threads were stopped: 0.0001677 seconds, Stopping threads took: 0.0000337 seconds
2017-04-24T16:55:30.723+0800: 4220.396: Total time for which application threads were stopped: 0.0002033 seconds, Stopping threads took: 0.0000481 seconds
2017-04-24T16:55:30.723+0800: 4220.396: Total time for which application threads were stopped: 0.0001806 seconds, Stopping threads took: 0.0000388 seconds
2017-04-24T16:55:40.407+0800: 4230.080: Total time for which application threads were stopped: 0.0005141 seconds, Stopping threads took: 0.0000545 seconds
2017-04-24T16:55:40.442+0800: 4230.115: Total time for which application threads were stopped: 0.0001363 seconds, Stopping threads took: 0.0000289 seconds
2017-04-24T16:55:40.443+0800: 4230.115: Total time for which application threads were stopped: 0.0000959 seconds, Stopping threads took: 0.0000167 seconds
2017-04-24T16:55:40.731+0800: 4230.403: Total time for which application threads were stopped: 0.0003086 seconds, Stopping threads took: 0.0001017 seconds
2017-04-24T16:55:40.731+0800: 4230.404: Total time for which application threads were stopped: 0.0001912 seconds, Stopping threads took: 0.0000343 seconds
2017-04-24T16:55:40.731+0800: 4230.404: Total time for which application threads were stopped: 0.0002316 seconds, Stopping threads took: 0.0000513 seconds
2017-04-24T16:55:40.733+0800: 4230.405: Total time for which application threads were stopped: 0.0001924 seconds, Stopping threads took: 0.0000385 seconds
2017-04-24T16:55:40.733+0800: 4230.406: Total time for which application threads were stopped: 0.0001475 seconds, Stopping threads took: 0.0000273 seconds
2017-04-24T16:55:40.733+0800: 4230.406: Total time for which application threads were stopped: 0.0001421 seconds, Stopping threads took: 0.0000263 seconds
2017-04-24T16:55:40.733+0800: 4230.406: Total time for which application threads were stopped: 0.0001414 seconds, Stopping threads took: 0.0000279 seconds
2017-04-24T16:55:40.733+0800: 4230.406: Total time for which application threads were stopped: 0.0001350 seconds, Stopping threads took: 0.0000257 seconds
2017-04-24T16:55:50.439+0800: 4240.112: Total time for which application threads were stopped: 0.0001735 seconds, Stopping threads took: 0.0000321 seconds
2017-04-24T16:55:50.440+0800: 4240.113: Total time for which application threads were stopped: 0.0001392 seconds, Stopping threads took: 0.0000260 seconds
2017-04-24T16:55:50.749+0800: 4240.421: Total time for which application threads were stopped: 0.0002454 seconds, Stopping threads took: 0.0000539 seconds
2017-04-24T16:55:50.750+0800: 4240.423: Total time for which application threads were stopped: 0.0002085 seconds, Stopping threads took: 0.0000314 seconds
2017-04-24T16:55:50.750+0800: 4240.423: Total time for which application threads were stopped: 0.0002088 seconds, Stopping threads took: 0.0000401 seconds
2017-04-24T16:55:50.751+0800: 4240.423: Total time for which application threads were stopped: 0.0001450 seconds, Stopping threads took: 0.0000253 seconds
2017-04-24T16:55:50.751+0800: 4240.423: Total time for which application threads were stopped: 0.0001536 seconds, Stopping threads took: 0.0000276 seconds
2017-04-24T16:55:50.751+0800: 4240.424: Total time for which application threads were stopped: 0.0003913 seconds, Stopping threads took: 0.0000202 seconds
2017-04-24T16:55:50.759+0800: 4240.431: Total time for which application threads were stopped: 0.0001783 seconds, Stopping threads took: 0.0000350 seconds
2017-04-24T16:55:51.759+0800: 4241.432: Total time for which application threads were stopped: 0.0001430 seconds, Stopping threads took: 0.0000362 seconds
2017-04-24T16:56:00.426+0800: 4250.098: Total time for which application threads were stopped: 0.0001315 seconds, Stopping threads took: 0.0000266 seconds
2017-04-24T16:56:00.426+0800: 4250.099: Total time for which application threads were stopped: 0.0000667 seconds, Stopping threads took: 0.0000112 seconds
2017-04-24T16:56:00.725+0800: 4250.397: Total time for which application threads were stopped: 0.0003820 seconds, Stopping threads took: 0.0000593 seconds
2017-04-24T16:56:00.725+0800: 4250.398: Total time for which application threads were stopped: 0.0002774 seconds, Stopping threads took: 0.0000677 seconds
2017-04-24T16:56:00.727+0800: 4250.399: Total time for which application threads were stopped: 0.0002255 seconds, Stopping threads took: 0.0000449 seconds
2017-04-24T16:56:00.744+0800: 4250.416: Total time for which application threads were stopped: 0.0004683 seconds, Stopping threads took: 0.0000565 seconds
2017-04-24T16:56:10.441+0800: 4260.113: Total time for which application threads were stopped: 0.0001687 seconds, Stopping threads took: 0.0000334 seconds
2017-04-24T16:56:10.441+0800: 4260.114: Total time for which application threads were stopped: 0.0000834 seconds, Stopping threads took: 0.0000144 seconds
2017-04-24T16:56:10.724+0800: 4260.397: Total time for which application threads were stopped: 0.0001607 seconds, Stopping threads took: 0.0000362 seconds
2017-04-24T16:56:10.724+0800: 4260.397: Total time for which application threads were stopped: 0.0001418 seconds, Stopping threads took: 0.0000369 seconds
2017-04-24T16:56:10.725+0800: 4260.398: Total time for which application threads were stopped: 0.0001305 seconds, Stopping threads took: 0.0000208 seconds
2017-04-24T16:56:10.725+0800: 4260.398: Total time for which application threads were stopped: 0.0001001 seconds, Stopping threads took: 0.0000173 seconds
2017-04-24T16:56:10.725+0800: 4260.398: Total time for which application threads were stopped: 0.0001216 seconds, Stopping threads took: 0.0000225 seconds
2017-04-24T16:56:10.726+0800: 4260.398: Total time for which application threads were stopped: 0.0000901 seconds, Stopping threads took: 0.0000154 seconds
2017-04-24T16:56:10.726+0800: 4260.398: Total time for which application threads were stopped: 0.0000828 seconds, Stopping threads took: 0.0000141 seconds
2017-04-24T16:56:10.732+0800: 4260.404: Total time for which application threads were stopped: 0.0001379 seconds, Stopping threads took: 0.0000269 seconds
{Heap before GC invocations=39 (full 2):
 par new generation   total 109248K, used 92436K [0x00000000e0000000, 0x00000000e8000000, 0x00000000e8000000)
  eden space 87424K,  99% used [0x00000000e0000000, 0x00000000e554d048, 0x00000000e5560000)
  from space 21824K,  23% used [0x00000000e6ab0000, 0x00000000e6fa8200, 0x00000000e8000000)
  to   space 21824K,   0% used [0x00000000e5560000, 0x00000000e5560000, 0x00000000e6ab0000)
 concurrent mark-sweep generation total 393216K, used 17478K [0x00000000e8000000, 0x0000000100000000, 0x0000000100000000)
 Metaspace       used 41808K, capacity 42608K, committed 43032K, reserved 1087488K
  class space    used 4582K, capacity 4796K, committed 4940K, reserved 1048576K
2017-04-24T16:56:20.414+0800: 4270.086: [GC (Allocation Failure) 2017-04-24T16:56:20.414+0800: 4270.086: [ParNew
Desired survivor size 20112992 bytes, new threshold 8 (max 8)
- age   1:    2887384 bytes,    2887384 total
- age   2:     693512 bytes,    3580896 total
- age   3:      72656 bytes,    3653552 total
- age   4:      12296 bytes,    3665848 total
- age   5:      11608 bytes,    3677456 total
- age   6:      12624 bytes,    3690080 total
- age   7:     293264 bytes,    3983344 total
- age   8:      13632 bytes,    3996976 total
: 92436K->5236K(109248K), 0.0035490 secs] 109915K->22726K(502464K), 0.0036093 secs] [Times: user=0.00 sys=0.00, real=0.00 secs] 
Heap after GC invocations=40 (full 2):
 par new generation   total 109248K, used 5236K [0x00000000e0000000, 0x00000000e8000000, 0x00000000e8000000)
  eden space 87424K,   0% used [0x00000000e0000000, 0x00000000e0000000, 0x00000000e5560000)
  from space 21824K,  23% used [0x00000000e5560000, 0x00000000e5a7d010, 0x00000000e6ab0000)
  to   space 21824K,   0% used [0x00000000e6ab0000, 0x00000000e6ab0000, 0x00000000e8000000)
 concurrent mark-sweep generation total 393216K, used 17490K [0x00000000e8000000, 0x0000000100000000, 0x0000000100000000)
 Metaspace       used 41808K, capacity 42608K, committed 43032K, reserved 1087488K
  class space    used 4582K, capacity 4796K, committed 4940K, reserved 1048576K
}
2017-04-24T16:56:20.417+0800: 4270.090: Total time for which application threads were stopped: 0.0037915 seconds, Stopping threads took: 0.0000202 seconds
2017-04-24T16:56:20.418+0800: 4270.090: Total time for which application threads were stopped: 0.0001713 seconds, Stopping threads took: 0.0000619 seconds
2017-04-24T16:56:20.419+0800: 4270.091: Total time for which application threads were stopped: 0.0000693 seconds, Stopping threads took: 0.0000132 seconds
2017-04-24T16:56:20.419+0800: 4270.092: Total time for which application threads were stopped: 0.0000686 seconds, Stopping threads took: 0.0000119 seconds
2017-04-24T16:56:20.701+0800: 4270.373: Total time for which application threads were stopped: 0.0001129 seconds, Stopping threads took: 0.0000298 seconds
2017-04-24T16:56:20.701+0800: 4270.373: Total time for which application threads were stopped: 0.0000584 seconds, Stopping threads took: 0.0000205 seconds
2017-04-24T16:56:20.701+0800: 4270.374: Total time for which application threads were stopped: 0.0000747 seconds, Stopping threads took: 0.0000189 seconds
2017-04-24T16:56:20.701+0800: 4270.374: Total time for which application threads were stopped: 0.0000577 seconds, Stopping threads took: 0.0000189 seconds
2017-04-24T16:56:20.701+0800: 4270.374: Total time for which application threads were stopped: 0.0000616 seconds, Stopping threads took: 0.0000205 seconds
2017-04-24T16:56:20.701+0800: 4270.374: Total time for which application threads were stopped: 0.0000491 seconds, Stopping threads took: 0.0000119 seconds
2017-04-24T16:56:20.701+0800: 4270.374: Total time for which application threads were stopped: 0.0000619 seconds, Stopping threads took: 0.0000173 seconds
2017-04-24T16:56:20.706+0800: 4270.378: Total time for which application threads were stopped: 0.0000975 seconds, Stopping threads took: 0.0000192 seconds
2017-04-24T16:56:30.423+0800: 4280.095: Total time for which application threads were stopped: 0.0001912 seconds, Stopping threads took: 0.0000417 seconds
2017-04-24T16:56:30.424+0800: 4280.096: Total time for which application threads were stopped: 0.0002944 seconds, Stopping threads took: 0.0000558 seconds
2017-04-24T16:56:30.815+0800: 4280.487: Total time for which application threads were stopped: 0.0005892 seconds, Stopping threads took: 0.0000584 seconds
2017-04-24T16:56:30.815+0800: 4280.488: Total time for which application threads were stopped: 0.0005690 seconds, Stopping threads took: 0.0000523 seconds
2017-04-24T16:56:30.817+0800: 4280.489: Total time for which application threads were stopped: 0.0002255 seconds, Stopping threads took: 0.0000404 seconds
2017-04-24T16:56:30.817+0800: 4280.490: Total time for which application threads were stopped: 0.0001671 seconds, Stopping threads took: 0.0000298 seconds
2017-04-24T16:56:30.817+0800: 4280.490: Total time for which application threads were stopped: 0.0001540 seconds, Stopping threads took: 0.0000257 seconds
2017-04-24T16:56:30.817+0800: 4280.490: Total time for which application threads were stopped: 0.0001645 seconds, Stopping threads took: 0.0000253 seconds
2017-04-24T16:56:30.818+0800: 4280.490: Total time for which application threads were stopped: 0.0002162 seconds, Stopping threads took: 0.0000436 seconds
2017-04-24T16:56:30.831+0800: 4280.504: Total time for which application threads were stopped: 0.0002636 seconds, Stopping threads took: 0.0000536 seconds
2017-04-24T16:56:40.442+0800: 4290.115: Total time for which application threads were stopped: 0.0001540 seconds, Stopping threads took: 0.0000324 seconds
2017-04-24T16:56:40.443+0800: 4290.115: Total time for which application threads were stopped: 0.0001017 seconds, Stopping threads took: 0.0000183 seconds
2017-04-24T16:56:40.765+0800: 4290.438: Total time for which application threads were stopped: 0.0002505 seconds, Stopping threads took: 0.0000513 seconds
2017-04-24T16:56:40.765+0800: 4290.438: Total time for which application threads were stopped: 0.0002155 seconds, Stopping threads took: 0.0000436 seconds
2017-04-24T16:56:40.765+0800: 4290.438: Total time for which application threads were stopped: 0.0001398 seconds, Stopping threads took: 0.0000257 seconds
2017-04-24T16:56:40.766+0800: 4290.438: Total time for which application threads were stopped: 0.0001325 seconds, Stopping threads took: 0.0000247 seconds
2017-04-24T16:56:40.766+0800: 4290.439: Total time for which application threads were stopped: 0.0001293 seconds, Stopping threads took: 0.0000237 seconds
2017-04-24T16:56:50.440+0800: 4300.112: Total time for which application threads were stopped: 0.0002675 seconds, Stopping threads took: 0.0000536 seconds
2017-04-24T16:56:50.441+0800: 4300.113: Total time for which application threads were stopped: 0.0001453 seconds, Stopping threads took: 0.0000273 seconds
2017-04-24T16:56:50.778+0800: 4300.450: Total time for which application threads were stopped: 0.0002614 seconds, Stopping threads took: 0.0000532 seconds
2017-04-24T16:56:50.780+0800: 4300.453: Total time for which application threads were stopped: 0.0002415 seconds, Stopping threads took: 0.0000484 seconds
2017-04-24T16:56:50.780+0800: 4300.453: Total time for which application threads were stopped: 0.0002191 seconds, Stopping threads took: 0.0000459 seconds
2017-04-24T16:56:50.781+0800: 4300.453: Total time for which application threads were stopped: 0.0001514 seconds, Stopping threads took: 0.0000298 seconds
2017-04-24T16:56:50.781+0800: 4300.453: Total time for which application threads were stopped: 0.0001681 seconds, Stopping threads took: 0.0000343 seconds
2017-04-24T16:56:50.781+0800: 4300.454: Total time for which application threads were stopped: 0.0001498 seconds, Stopping threads took: 0.0000308 seconds
2017-04-24T16:56:50.794+0800: 4300.467: Total time for which application threads were stopped: 0.0002729 seconds, Stopping threads took: 0.0000545 seconds
2017-04-24T16:57:00.416+0800: 4310.089: Total time for which application threads were stopped: 0.0001440 seconds, Stopping threads took: 0.0000260 seconds
2017-04-24T16:57:00.416+0800: 4310.089: Total time for which application threads were stopped: 0.0000372 seconds, Stopping threads took: 0.0000071 seconds
2017-04-24T16:57:00.689+0800: 4310.362: Total time for which application threads were stopped: 0.0002511 seconds, Stopping threads took: 0.0000536 seconds
2017-04-24T16:57:00.689+0800: 4310.362: Total time for which application threads were stopped: 0.0001450 seconds, Stopping threads took: 0.0000273 seconds
2017-04-24T16:57:00.690+0800: 4310.362: Total time for which application threads were stopped: 0.0002191 seconds, Stopping threads took: 0.0000443 seconds
2017-04-24T16:57:00.690+0800: 4310.363: Total time for which application threads were stopped: 0.0001421 seconds, Stopping threads took: 0.0000260 seconds
2017-04-24T16:57:00.690+0800: 4310.363: Total time for which application threads were stopped: 0.0004930 seconds, Stopping threads took: 0.0000244 seconds
2017-04-24T16:57:00.700+0800: 4310.372: Total time for which application threads were stopped: 0.0002771 seconds, Stopping threads took: 0.0000552 seconds
2017-04-24T16:57:10.416+0800: 4320.089: Total time for which application threads were stopped: 0.0001007 seconds, Stopping threads took: 0.0000273 seconds
2017-04-24T16:57:10.417+0800: 4320.089: Total time for which application threads were stopped: 0.0000587 seconds, Stopping threads took: 0.0000132 seconds
2017-04-24T16:57:10.654+0800: 4320.326: Total time for which application threads were stopped: 0.0002043 seconds, Stopping threads took: 0.0000196 seconds
2017-04-24T16:57:10.657+0800: 4320.330: Total time for which application threads were stopped: 0.0001087 seconds, Stopping threads took: 0.0000218 seconds
2017-04-24T16:57:20.435+0800: 4330.107: Total time for which application threads were stopped: 0.0002162 seconds, Stopping threads took: 0.0000372 seconds
2017-04-24T16:57:20.722+0800: 4330.395: Total time for which application threads were stopped: 0.0003769 seconds, Stopping threads took: 0.0000638 seconds
2017-04-24T16:57:20.723+0800: 4330.395: Total time for which application threads were stopped: 0.0003403 seconds, Stopping threads took: 0.0000571 seconds
2017-04-24T16:57:20.723+0800: 4330.396: Total time for which application threads were stopped: 0.0003044 seconds, Stopping threads took: 0.0000481 seconds
2017-04-24T16:57:20.723+0800: 4330.396: Total time for which application threads were stopped: 0.0002681 seconds, Stopping threads took: 0.0000414 seconds
2017-04-24T16:57:20.735+0800: 4330.407: Total time for which application threads were stopped: 0.0002746 seconds, Stopping threads took: 0.0000609 seconds
2017-04-24T16:57:30.433+0800: 4340.106: Total time for which application threads were stopped: 0.0003679 seconds, Stopping threads took: 0.0000462 seconds
2017-04-24T16:57:30.434+0800: 4340.107: Total time for which application threads were stopped: 0.0002925 seconds, Stopping threads took: 0.0000289 seconds
2017-04-24T16:57:30.695+0800: 4340.367: Total time for which application threads were stopped: 0.0003156 seconds, Stopping threads took: 0.0000593 seconds
2017-04-24T16:57:30.695+0800: 4340.367: Total time for which application threads were stopped: 0.0002585 seconds, Stopping threads took: 0.0000513 seconds
2017-04-24T16:57:30.695+0800: 4340.368: Total time for which application threads were stopped: 0.0002017 seconds, Stopping threads took: 0.0000411 seconds
2017-04-24T16:57:30.696+0800: 4340.368: Total time for which application threads were stopped: 0.0002492 seconds, Stopping threads took: 0.0000728 seconds
2017-04-24T16:57:30.696+0800: 4340.368: Total time for which application threads were stopped: 0.0001684 seconds, Stopping threads took: 0.0000324 seconds
2017-04-24T16:57:31.697+0800: 4341.369: Total time for which application threads were stopped: 0.0002053 seconds, Stopping threads took: 0.0000510 seconds
2017-04-24T16:57:40.441+0800: 4350.114: Total time for which application threads were stopped: 0.0001405 seconds, Stopping threads took: 0.0000269 seconds
2017-04-24T16:57:40.442+0800: 4350.114: Total time for which application threads were stopped: 0.0001033 seconds, Stopping threads took: 0.0000180 seconds
2017-04-24T16:57:40.733+0800: 4350.406: Total time for which application threads were stopped: 0.0002697 seconds, Stopping threads took: 0.0000542 seconds
2017-04-24T16:57:40.735+0800: 4350.407: Total time for which application threads were stopped: 0.0002794 seconds, Stopping threads took: 0.0000481 seconds
2017-04-24T16:57:40.735+0800: 4350.408: Total time for which application threads were stopped: 0.0002303 seconds, Stopping threads took: 0.0000494 seconds
2017-04-24T16:57:40.735+0800: 4350.408: Total time for which application threads were stopped: 0.0001953 seconds, Stopping threads took: 0.0000401 seconds
2017-04-24T16:57:40.736+0800: 4350.408: Total time for which application threads were stopped: 0.0002101 seconds, Stopping threads took: 0.0000398 seconds
2017-04-24T16:57:40.736+0800: 4350.408: Total time for which application threads were stopped: 0.0002078 seconds, Stopping threads took: 0.0000513 seconds
2017-04-24T16:57:40.746+0800: 4350.419: Total time for which application threads were stopped: 0.0005183 seconds, Stopping threads took: 0.0000455 seconds
2017-04-24T16:57:50.438+0800: 4360.110: Total time for which application threads were stopped: 0.0001790 seconds, Stopping threads took: 0.0000324 seconds
2017-04-24T16:57:50.439+0800: 4360.111: Total time for which application threads were stopped: 0.0001318 seconds, Stopping threads took: 0.0000382 seconds
2017-04-24T16:57:50.725+0800: 4360.398: Total time for which application threads were stopped: 0.0003368 seconds, Stopping threads took: 0.0001158 seconds
2017-04-24T16:57:50.728+0800: 4360.400: Total time for which application threads were stopped: 0.0003403 seconds, Stopping threads took: 0.0001344 seconds
2017-04-24T16:57:50.728+0800: 4360.401: Total time for which application threads were stopped: 0.0002906 seconds, Stopping threads took: 0.0001139 seconds
2017-04-24T16:57:50.729+0800: 4360.401: Total time for which application threads were stopped: 0.0002325 seconds, Stopping threads took: 0.0000423 seconds
2017-04-24T16:57:50.729+0800: 4360.402: Total time for which application threads were stopped: 0.0003406 seconds, Stopping threads took: 0.0001565 seconds
2017-04-24T16:57:50.729+0800: 4360.402: Total time for which application threads were stopped: 0.0001642 seconds, Stopping threads took: 0.0000273 seconds
{Heap before GC invocations=40 (full 2):
 par new generation   total 109248K, used 92166K [0x00000000e0000000, 0x00000000e8000000, 0x00000000e8000000)
  eden space 87424K,  99% used [0x00000000e0000000, 0x00000000e54e4bb0, 0x00000000e5560000)
  from space 21824K,  23% used [0x00000000e5560000, 0x00000000e5a7d010, 0x00000000e6ab0000)
  to   space 21824K,   0% used [0x00000000e6ab0000, 0x00000000e6ab0000, 0x00000000e8000000)
 concurrent mark-sweep generation total 393216K, used 17490K [0x00000000e8000000, 0x0000000100000000, 0x0000000100000000)
 Metaspace       used 41816K, capacity 42608K, committed 43032K, reserved 1087488K
  class space    used 4583K, capacity 4796K, committed 4940K, reserved 1048576K
2017-04-24T16:58:00.437+0800: 4370.109: [GC (Allocation Failure) 2017-04-24T16:58:00.437+0800: 4370.109: [ParNew
Desired survivor size 20112992 bytes, new threshold 8 (max 8)
- age   1:    2833368 bytes,    2833368 total
- age   2:     694376 bytes,    3527744 total
- age   3:      67480 bytes,    3595224 total
- age   4:      16952 bytes,    3612176 total
- age   5:      11568 bytes,    3623744 total
- age   6:      11608 bytes,    3635352 total
- age   7:      12624 bytes,    3647976 total
- age   8:     293264 bytes,    3941240 total
: 92166K->4848K(109248K), 0.0132594 secs] 109657K->22352K(502464K), 0.0134493 secs] [Times: user=0.06 sys=0.00, real=0.01 secs] 
Heap after GC invocations=41 (full 2):
 par new generation   total 109248K, used 4848K [0x00000000e0000000, 0x00000000e8000000, 0x00000000e8000000)
  eden space 87424K,   0% used [0x00000000e0000000, 0x00000000e0000000, 0x00000000e5560000)
  from space 21824K,  22% used [0x00000000e6ab0000, 0x00000000e6f6c170, 0x00000000e8000000)
  to   space 21824K,   0% used [0x00000000e5560000, 0x00000000e5560000, 0x00000000e6ab0000)
 concurrent mark-sweep generation total 393216K, used 17503K [0x00000000e8000000, 0x0000000100000000, 0x0000000100000000)
 Metaspace       used 41816K, capacity 42608K, committed 43032K, reserved 1087488K
  class space    used 4583K, capacity 4796K, committed 4940K, reserved 1048576K
}
2017-04-24T16:58:00.450+0800: 4370.123: Total time for which application threads were stopped: 0.0140157 seconds, Stopping threads took: 0.0000542 seconds
2017-04-24T16:58:00.451+0800: 4370.124: Total time for which application threads were stopped: 0.0001649 seconds, Stopping threads took: 0.0000446 seconds
2017-04-24T16:58:00.451+0800: 4370.124: Total time for which application threads were stopped: 0.0001799 seconds, Stopping threads took: 0.0000718 seconds
2017-04-24T16:58:00.451+0800: 4370.124: Total time for which application threads were stopped: 0.0001110 seconds, Stopping threads took: 0.0000382 seconds
2017-04-24T16:58:00.452+0800: 4370.124: Total time for which application threads were stopped: 0.0001289 seconds, Stopping threads took: 0.0000292 seconds
2017-04-24T16:58:00.452+0800: 4370.124: Total time for which application threads were stopped: 0.0001033 seconds, Stopping threads took: 0.0000318 seconds
2017-04-24T16:58:00.452+0800: 4370.125: Total time for which application threads were stopped: 0.0000664 seconds, Stopping threads took: 0.0000138 seconds
2017-04-24T16:58:00.452+0800: 4370.125: Total time for which application threads were stopped: 0.0000696 seconds, Stopping threads took: 0.0000167 seconds
2017-04-24T16:58:00.452+0800: 4370.125: Total time for which application threads were stopped: 0.0000888 seconds, Stopping threads took: 0.0000164 seconds
2017-04-24T16:58:00.452+0800: 4370.125: Total time for which application threads were stopped: 0.0000828 seconds, Stopping threads took: 0.0000253 seconds
2017-04-24T16:58:00.453+0800: 4370.125: Total time for which application threads were stopped: 0.0001389 seconds, Stopping threads took: 0.0000298 seconds
2017-04-24T16:58:00.453+0800: 4370.125: Total time for which application threads were stopped: 0.0000824 seconds, Stopping threads took: 0.0000221 seconds
2017-04-24T16:58:00.453+0800: 4370.126: Total time for which application threads were stopped: 0.0000767 seconds, Stopping threads took: 0.0000215 seconds
2017-04-24T16:58:00.453+0800: 4370.126: Total time for which application threads were stopped: 0.0001062 seconds, Stopping threads took: 0.0000151 seconds
2017-04-24T16:58:00.453+0800: 4370.126: Total time for which application threads were stopped: 0.0001039 seconds, Stopping threads took: 0.0000167 seconds
2017-04-24T16:58:00.453+0800: 4370.126: Total time for which application threads were stopped: 0.0000648 seconds, Stopping threads took: 0.0000148 seconds
2017-04-24T16:58:00.454+0800: 4370.126: Total time for which application threads were stopped: 0.0000831 seconds, Stopping threads took: 0.0000298 seconds
2017-04-24T16:58:00.454+0800: 4370.126: Total time for which application threads were stopped: 0.0000815 seconds, Stopping threads took: 0.0000257 seconds
2017-04-24T16:58:00.454+0800: 4370.126: Total time for which application threads were stopped: 0.0000770 seconds, Stopping threads took: 0.0000250 seconds
2017-04-24T16:58:00.454+0800: 4370.127: Total time for which application threads were stopped: 0.0000828 seconds, Stopping threads took: 0.0000282 seconds
2017-04-24T16:58:00.454+0800: 4370.127: Total time for which application threads were stopped: 0.0001014 seconds, Stopping threads took: 0.0000337 seconds
2017-04-24T16:58:00.454+0800: 4370.127: Total time for which application threads were stopped: 0.0000911 seconds, Stopping threads took: 0.0000318 seconds
2017-04-24T16:58:00.455+0800: 4370.127: Total time for which application threads were stopped: 0.0000834 seconds, Stopping threads took: 0.0000273 seconds
2017-04-24T16:58:00.455+0800: 4370.127: Total time for which application threads were stopped: 0.0000802 seconds, Stopping threads took: 0.0000253 seconds
2017-04-24T16:58:00.455+0800: 4370.127: Total time for which application threads were stopped: 0.0000876 seconds, Stopping threads took: 0.0000273 seconds
2017-04-24T16:58:00.455+0800: 4370.128: Total time for which application threads were stopped: 0.0000670 seconds, Stopping threads took: 0.0000112 seconds
2017-04-24T16:58:00.456+0800: 4370.129: Total time for which application threads were stopped: 0.0000664 seconds, Stopping threads took: 0.0000115 seconds
2017-04-24T16:58:00.749+0800: 4370.421: Total time for which application threads were stopped: 0.0003082 seconds, Stopping threads took: 0.0000811 seconds
2017-04-24T16:58:00.750+0800: 4370.423: Total time for which application threads were stopped: 0.0003021 seconds, Stopping threads took: 0.0000321 seconds
2017-04-24T16:58:00.751+0800: 4370.423: Total time for which application threads were stopped: 0.0001886 seconds, Stopping threads took: 0.0000407 seconds
2017-04-24T16:58:00.751+0800: 4370.423: Total time for which application threads were stopped: 0.0001007 seconds, Stopping threads took: 0.0000202 seconds
2017-04-24T16:58:00.751+0800: 4370.423: Total time for which application threads were stopped: 0.0000792 seconds, Stopping threads took: 0.0000141 seconds
2017-04-24T16:58:00.751+0800: 4370.423: Total time for which application threads were stopped: 0.0000757 seconds, Stopping threads took: 0.0000128 seconds
2017-04-24T16:58:01.751+0800: 4371.424: Total time for which application threads were stopped: 0.0002027 seconds, Stopping threads took: 0.0000545 seconds
2017-04-24T16:58:10.442+0800: 4380.115: Total time for which application threads were stopped: 0.0001459 seconds, Stopping threads took: 0.0000289 seconds
2017-04-24T16:58:10.442+0800: 4380.115: Total time for which application threads were stopped: 0.0000921 seconds, Stopping threads took: 0.0000157 seconds
2017-04-24T16:58:10.796+0800: 4380.469: Total time for which application threads were stopped: 0.0002521 seconds, Stopping threads took: 0.0000574 seconds
2017-04-24T16:58:10.798+0800: 4380.470: Total time for which application threads were stopped: 0.0002050 seconds, Stopping threads took: 0.0000388 seconds
2017-04-24T16:58:10.798+0800: 4380.470: Total time for which application threads were stopped: 0.0002348 seconds, Stopping threads took: 0.0000459 seconds
2017-04-24T16:58:10.798+0800: 4380.471: Total time for which application threads were stopped: 0.0002001 seconds, Stopping threads took: 0.0000404 seconds
2017-04-24T16:58:10.798+0800: 4380.471: Total time for which application threads were stopped: 0.0001408 seconds, Stopping threads took: 0.0000266 seconds
2017-04-24T16:58:10.799+0800: 4380.472: Total time for which application threads were stopped: 0.0005356 seconds, Stopping threads took: 0.0000754 seconds
2017-04-24T16:58:20.425+0800: 4390.097: Total time for which application threads were stopped: 0.0001703 seconds, Stopping threads took: 0.0000500 seconds
2017-04-24T16:58:20.425+0800: 4390.098: Total time for which application threads were stopped: 0.0001398 seconds, Stopping threads took: 0.0000398 seconds
2017-04-24T16:58:20.714+0800: 4390.386: Total time for which application threads were stopped: 0.0003381 seconds, Stopping threads took: 0.0001097 seconds
2017-04-24T16:58:20.714+0800: 4390.386: Total time for which application threads were stopped: 0.0002839 seconds, Stopping threads took: 0.0000706 seconds
2017-04-24T16:58:20.714+0800: 4390.387: Total time for which application threads were stopped: 0.0001649 seconds, Stopping threads took: 0.0000337 seconds
2017-04-24T16:58:20.716+0800: 4390.388: Total time for which application threads were stopped: 0.0001831 seconds, Stopping threads took: 0.0000308 seconds
2017-04-24T16:58:30.706+0800: 4400.378: Total time for which application threads were stopped: 0.0003153 seconds, Stopping threads took: 0.0000808 seconds
2017-04-24T16:58:30.706+0800: 4400.379: Total time for which application threads were stopped: 0.0001915 seconds, Stopping threads took: 0.0000520 seconds
2017-04-24T16:58:30.708+0800: 4400.381: Total time for which application threads were stopped: 0.0003156 seconds, Stopping threads took: 0.0000433 seconds
2017-04-24T16:58:30.709+0800: 4400.381: Total time for which application threads were stopped: 0.0002883 seconds, Stopping threads took: 0.0000391 seconds
2017-04-24T16:58:30.709+0800: 4400.381: Total time for which application threads were stopped: 0.0002428 seconds, Stopping threads took: 0.0000318 seconds
2017-04-24T16:58:30.709+0800: 4400.382: Total time for which application threads were stopped: 0.0002236 seconds, Stopping threads took: 0.0000314 seconds
2017-04-24T16:58:30.710+0800: 4400.382: Total time for which application threads were stopped: 0.0002114 seconds, Stopping threads took: 0.0000314 seconds
2017-04-24T16:58:39.160+0800: 4408.833: Total time for which application threads were stopped: 0.0001799 seconds, Stopping threads took: 0.0000192 seconds
2017-04-24T16:58:40.160+0800: 4409.833: Total time for which application threads were stopped: 0.0000818 seconds, Stopping threads took: 0.0000221 seconds
2017-04-24T16:58:40.436+0800: 4410.109: Total time for which application threads were stopped: 0.0002021 seconds, Stopping threads took: 0.0000423 seconds
2017-04-24T16:58:40.437+0800: 4410.110: Total time for which application threads were stopped: 0.0001158 seconds, Stopping threads took: 0.0000257 seconds
2017-04-24T16:58:40.713+0800: 4410.386: Total time for which application threads were stopped: 0.0000940 seconds, Stopping threads took: 0.0000199 seconds
2017-04-24T16:58:40.713+0800: 4410.386: Total time for which application threads were stopped: 0.0000776 seconds, Stopping threads took: 0.0000305 seconds
2017-04-24T16:58:40.714+0800: 4410.386: Total time for which application threads were stopped: 0.0000488 seconds, Stopping threads took: 0.0000096 seconds
2017-04-24T16:58:40.714+0800: 4410.386: Total time for which application threads were stopped: 0.0000411 seconds, Stopping threads took: 0.0000083 seconds
2017-04-24T16:58:40.714+0800: 4410.386: Total time for which application threads were stopped: 0.0000462 seconds, Stopping threads took: 0.0000096 seconds
2017-04-24T16:58:40.714+0800: 4410.386: Total time for which application threads were stopped: 0.0000356 seconds, Stopping threads took: 0.0000071 seconds
2017-04-24T16:58:40.714+0800: 4410.386: Total time for which application threads were stopped: 0.0000420 seconds, Stopping threads took: 0.0000090 seconds
2017-04-24T16:58:40.714+0800: 4410.386: Total time for which application threads were stopped: 0.0000343 seconds, Stopping threads took: 0.0000064 seconds
2017-04-24T16:58:41.714+0800: 4411.387: Total time for which application threads were stopped: 0.0000811 seconds, Stopping threads took: 0.0000231 seconds
2017-04-24T16:58:50.441+0800: 4420.113: Total time for which application threads were stopped: 0.0002678 seconds, Stopping threads took: 0.0000555 seconds
2017-04-24T16:58:50.442+0800: 4420.114: Total time for which application threads were stopped: 0.0001844 seconds, Stopping threads took: 0.0000327 seconds
2017-04-24T16:58:50.752+0800: 4420.425: Total time for which application threads were stopped: 0.0002899 seconds, Stopping threads took: 0.0000802 seconds
2017-04-24T16:58:50.752+0800: 4420.425: Total time for which application threads were stopped: 0.0002409 seconds, Stopping threads took: 0.0000484 seconds
2017-04-24T16:58:50.753+0800: 4420.425: Total time for which application threads were stopped: 0.0002842 seconds, Stopping threads took: 0.0000994 seconds
2017-04-24T16:58:50.754+0800: 4420.427: Total time for which application threads were stopped: 0.0001831 seconds, Stopping threads took: 0.0000350 seconds
2017-04-24T16:58:50.754+0800: 4420.427: Total time for which application threads were stopped: 0.0001572 seconds, Stopping threads took: 0.0000279 seconds
2017-04-24T16:58:50.754+0800: 4420.427: Total time for which application threads were stopped: 0.0001463 seconds, Stopping threads took: 0.0000276 seconds
2017-04-24T16:58:50.755+0800: 4420.427: Total time for which application threads were stopped: 0.0001405 seconds, Stopping threads took: 0.0000250 seconds
2017-04-24T16:58:50.755+0800: 4420.427: Total time for which application threads were stopped: 0.0001969 seconds, Stopping threads took: 0.0000401 seconds
2017-04-24T16:59:00.441+0800: 4430.114: Total time for which application threads were stopped: 0.0002746 seconds, Stopping threads took: 0.0000561 seconds
2017-04-24T16:59:00.442+0800: 4430.115: Total time for which application threads were stopped: 0.0001485 seconds, Stopping threads took: 0.0000298 seconds
2017-04-24T16:59:00.803+0800: 4430.475: Total time for which application threads were stopped: 0.0002912 seconds, Stopping threads took: 0.0000757 seconds
2017-04-24T16:59:00.803+0800: 4430.475: Total time for which application threads were stopped: 0.0001969 seconds, Stopping threads took: 0.0000382 seconds
2017-04-24T16:59:00.803+0800: 4430.476: Total time for which application threads were stopped: 0.0001745 seconds, Stopping threads took: 0.0000292 seconds
2017-04-24T16:59:00.804+0800: 4430.477: Total time for which application threads were stopped: 0.0002066 seconds, Stopping threads took: 0.0000378 seconds
2017-04-24T16:59:00.805+0800: 4430.477: Total time for which application threads were stopped: 0.0001787 seconds, Stopping threads took: 0.0000337 seconds
2017-04-24T16:59:00.805+0800: 4430.477: Total time for which application threads were stopped: 0.0001286 seconds, Stopping threads took: 0.0000215 seconds
2017-04-24T16:59:00.805+0800: 4430.478: Total time for which application threads were stopped: 0.0001706 seconds, Stopping threads took: 0.0000497 seconds
2017-04-24T16:59:00.805+0800: 4430.478: Total time for which application threads were stopped: 0.0001838 seconds, Stopping threads took: 0.0000350 seconds
2017-04-24T16:59:10.441+0800: 4440.114: Total time for which application threads were stopped: 0.0001264 seconds, Stopping threads took: 0.0000273 seconds
2017-04-24T16:59:10.442+0800: 4440.114: Total time for which application threads were stopped: 0.0000638 seconds, Stopping threads took: 0.0000119 seconds
2017-04-24T16:59:10.759+0800: 4440.432: Total time for which application threads were stopped: 0.0002685 seconds, Stopping threads took: 0.0000545 seconds
2017-04-24T16:59:10.759+0800: 4440.432: Total time for which application threads were stopped: 0.0001713 seconds, Stopping threads took: 0.0000369 seconds
2017-04-24T16:59:10.760+0800: 4440.432: Total time for which application threads were stopped: 0.0001825 seconds, Stopping threads took: 0.0000520 seconds
2017-04-24T16:59:10.761+0800: 4440.433: Total time for which application threads were stopped: 0.0002149 seconds, Stopping threads took: 0.0000430 seconds
2017-04-24T16:59:10.761+0800: 4440.434: Total time for which application threads were stopped: 0.0001880 seconds, Stopping threads took: 0.0000388 seconds
2017-04-24T16:59:10.762+0800: 4440.434: Total time for which application threads were stopped: 0.0001706 seconds, Stopping threads took: 0.0000350 seconds
2017-04-24T16:59:10.762+0800: 4440.434: Total time for which application threads were stopped: 0.0001690 seconds, Stopping threads took: 0.0000385 seconds
2017-04-24T16:59:10.762+0800: 4440.435: Total time for which application threads were stopped: 0.0001629 seconds, Stopping threads took: 0.0000260 seconds
2017-04-24T16:59:20.409+0800: 4450.081: Total time for which application threads were stopped: 0.0004648 seconds, Stopping threads took: 0.0000577 seconds
2017-04-24T16:59:20.438+0800: 4450.110: Total time for which application threads were stopped: 0.0001742 seconds, Stopping threads took: 0.0000321 seconds
2017-04-24T16:59:20.438+0800: 4450.111: Total time for which application threads were stopped: 0.0001200 seconds, Stopping threads took: 0.0000221 seconds
2017-04-24T16:59:20.714+0800: 4450.387: Total time for which application threads were stopped: 0.0003272 seconds, Stopping threads took: 0.0000539 seconds
2017-04-24T16:59:20.714+0800: 4450.387: Total time for which application threads were stopped: 0.0002656 seconds, Stopping threads took: 0.0000728 seconds
2017-04-24T16:59:20.715+0800: 4450.388: Total time for which application threads were stopped: 0.0002072 seconds, Stopping threads took: 0.0000452 seconds
2017-04-24T16:59:20.716+0800: 4450.389: Total time for which application threads were stopped: 0.0002123 seconds, Stopping threads took: 0.0000674 seconds
2017-04-24T16:59:20.716+0800: 4450.389: Total time for which application threads were stopped: 0.0002393 seconds, Stopping threads took: 0.0000641 seconds
2017-04-24T16:59:20.717+0800: 4450.389: Total time for which application threads were stopped: 0.0002367 seconds, Stopping threads took: 0.0000641 seconds
2017-04-24T16:59:20.717+0800: 4450.390: Total time for which application threads were stopped: 0.0001790 seconds, Stopping threads took: 0.0000484 seconds
2017-04-24T16:59:20.717+0800: 4450.390: Total time for which application threads were stopped: 0.0005106 seconds, Stopping threads took: 0.0000548 seconds
2017-04-24T16:59:20.730+0800: 4450.403: Total time for which application threads were stopped: 0.0002903 seconds, Stopping threads took: 0.0000513 seconds
2017-04-24T16:59:30.429+0800: 4460.101: Total time for which application threads were stopped: 0.0001828 seconds, Stopping threads took: 0.0000372 seconds
2017-04-24T16:59:30.429+0800: 4460.102: Total time for which application threads were stopped: 0.0001296 seconds, Stopping threads took: 0.0000218 seconds
2017-04-24T16:59:30.724+0800: 4460.397: Total time for which application threads were stopped: 0.0002845 seconds, Stopping threads took: 0.0000552 seconds
2017-04-24T16:59:30.725+0800: 4460.397: Total time for which application threads were stopped: 0.0002348 seconds, Stopping threads took: 0.0000427 seconds
2017-04-24T16:59:30.726+0800: 4460.399: Total time for which application threads were stopped: 0.0002033 seconds, Stopping threads took: 0.0000411 seconds
2017-04-24T16:59:30.738+0800: 4460.411: Total time for which application threads were stopped: 0.0002518 seconds, Stopping threads took: 0.0000510 seconds
2017-04-24T16:59:40.418+0800: 4470.091: Total time for which application threads were stopped: 0.0002062 seconds, Stopping threads took: 0.0000417 seconds
{Heap before GC invocations=41 (full 2):
 par new generation   total 109248K, used 91826K [0x00000000e0000000, 0x00000000e8000000, 0x00000000e8000000)
  eden space 87424K,  99% used [0x00000000e0000000, 0x00000000e54f07b0, 0x00000000e5560000)
  from space 21824K,  22% used [0x00000000e6ab0000, 0x00000000e6f6c170, 0x00000000e8000000)
  to   space 21824K,   0% used [0x00000000e5560000, 0x00000000e5560000, 0x00000000e6ab0000)
 concurrent mark-sweep generation total 393216K, used 17503K [0x00000000e8000000, 0x0000000100000000, 0x0000000100000000)
 Metaspace       used 41832K, capacity 42608K, committed 43032K, reserved 1087488K
  class space    used 4583K, capacity 4796K, committed 4940K, reserved 1048576K
2017-04-24T16:59:40.435+0800: 4470.108: [GC (Allocation Failure) 2017-04-24T16:59:40.435+0800: 4470.108: [ParNew
Desired survivor size 20112992 bytes, new threshold 8 (max 8)
- age   1:    2827560 bytes,    2827560 total
- age   2:     703360 bytes,    3530920 total
- age   3:      68688 bytes,    3599608 total
- age   4:      11664 bytes,    3611272 total
- age   5:      16256 bytes,    3627528 total
- age   6:      11568 bytes,    3639096 total
- age   7:      11608 bytes,    3650704 total
- age   8:      12624 bytes,    3663328 total
: 91826K->4649K(109248K), 0.0068516 secs] 109330K->22439K(502464K), 0.0069434 secs] [Times: user=0.00 sys=0.00, real=0.01 secs] 
Heap after GC invocations=42 (full 2):
 par new generation   total 109248K, used 4649K [0x00000000e0000000, 0x00000000e8000000, 0x00000000e8000000)
  eden space 87424K,   0% used [0x00000000e0000000, 0x00000000e0000000, 0x00000000e5560000)
  from space 21824K,  21% used [0x00000000e5560000, 0x00000000e59ea4a0, 0x00000000e6ab0000)
  to   space 21824K,   0% used [0x00000000e6ab0000, 0x00000000e6ab0000, 0x00000000e8000000)
 concurrent mark-sweep generation total 393216K, used 17790K [0x00000000e8000000, 0x0000000100000000, 0x0000000100000000)
 Metaspace       used 41832K, capacity 42608K, committed 43032K, reserved 1087488K
  class space    used 4583K, capacity 4796K, committed 4940K, reserved 1048576K
}
2017-04-24T16:59:40.442+0800: 4470.115: Total time for which application threads were stopped: 0.0072782 seconds, Stopping threads took: 0.0000757 seconds
2017-04-24T16:59:40.442+0800: 4470.115: Total time for which application threads were stopped: 0.0001277 seconds, Stopping threads took: 0.0000411 seconds
2017-04-24T16:59:40.443+0800: 4470.115: Total time for which application threads were stopped: 0.0000725 seconds, Stopping threads took: 0.0000221 seconds
2017-04-24T16:59:40.443+0800: 4470.116: Total time for which application threads were stopped: 0.0000693 seconds, Stopping threads took: 0.0000189 seconds
2017-04-24T16:59:40.443+0800: 4470.116: Total time for which application threads were stopped: 0.0000619 seconds, Stopping threads took: 0.0000205 seconds
2017-04-24T16:59:40.443+0800: 4470.116: Total time for which application threads were stopped: 0.0000568 seconds, Stopping threads took: 0.0000157 seconds
2017-04-24T16:59:40.443+0800: 4470.116: Total time for which application threads were stopped: 0.0000478 seconds, Stopping threads took: 0.0000164 seconds
2017-04-24T16:59:40.443+0800: 4470.116: Total time for which application threads were stopped: 0.0000481 seconds, Stopping threads took: 0.0000119 seconds
2017-04-24T16:59:40.444+0800: 4470.116: Total time for which application threads were stopped: 0.0000455 seconds, Stopping threads took: 0.0000141 seconds
2017-04-24T16:59:40.444+0800: 4470.117: Total time for which application threads were stopped: 0.0000686 seconds, Stopping threads took: 0.0000241 seconds
2017-04-24T16:59:40.444+0800: 4470.117: Total time for which application threads were stopped: 0.0000568 seconds, Stopping threads took: 0.0000196 seconds
2017-04-24T16:59:40.444+0800: 4470.117: Total time for which application threads were stopped: 0.0000539 seconds, Stopping threads took: 0.0000205 seconds
2017-04-24T16:59:40.444+0800: 4470.117: Total time for which application threads were stopped: 0.0000526 seconds, Stopping threads took: 0.0000176 seconds
2017-04-24T16:59:40.444+0800: 4470.117: Total time for which application threads were stopped: 0.0000565 seconds, Stopping threads took: 0.0000183 seconds
2017-04-24T16:59:40.445+0800: 4470.117: Total time for which application threads were stopped: 0.0000452 seconds, Stopping threads took: 0.0000138 seconds
2017-04-24T16:59:40.445+0800: 4470.117: Total time for which application threads were stopped: 0.0000439 seconds, Stopping threads took: 0.0000141 seconds
2017-04-24T16:59:40.445+0800: 4470.117: Total time for which application threads were stopped: 0.0000565 seconds, Stopping threads took: 0.0000221 seconds
2017-04-24T16:59:40.445+0800: 4470.118: Total time for which application threads were stopped: 0.0000414 seconds, Stopping threads took: 0.0000099 seconds
2017-04-24T16:59:40.445+0800: 4470.118: Total time for which application threads were stopped: 0.0000494 seconds, Stopping threads took: 0.0000186 seconds
2017-04-24T16:59:40.445+0800: 4470.118: Total time for which application threads were stopped: 0.0001681 seconds, Stopping threads took: 0.0000109 seconds
2017-04-24T16:59:40.445+0800: 4470.118: Total time for which application threads were stopped: 0.0001337 seconds, Stopping threads took: 0.0000141 seconds
2017-04-24T16:59:40.446+0800: 4470.118: Total time for which application threads were stopped: 0.0000725 seconds, Stopping threads took: 0.0000205 seconds
2017-04-24T16:59:40.751+0800: 4470.423: Total time for which application threads were stopped: 0.0003480 seconds, Stopping threads took: 0.0001110 seconds
2017-04-24T16:59:40.751+0800: 4470.424: Total time for which application threads were stopped: 0.0002370 seconds, Stopping threads took: 0.0000638 seconds
2017-04-24T16:59:40.752+0800: 4470.425: Total time for which application threads were stopped: 0.0001671 seconds, Stopping threads took: 0.0000391 seconds
2017-04-24T16:59:40.752+0800: 4470.425: Total time for which application threads were stopped: 0.0001370 seconds, Stopping threads took: 0.0000257 seconds
2017-04-24T16:59:40.753+0800: 4470.425: Total time for which application threads were stopped: 0.0001337 seconds, Stopping threads took: 0.0000247 seconds
2017-04-24T16:59:40.753+0800: 4470.425: Total time for which application threads were stopped: 0.0001293 seconds, Stopping threads took: 0.0000241 seconds
2017-04-24T16:59:40.753+0800: 4470.426: Total time for which application threads were stopped: 0.0001286 seconds, Stopping threads took: 0.0000237 seconds
2017-04-24T16:59:40.766+0800: 4470.438: Total time for which application threads were stopped: 0.0002547 seconds, Stopping threads took: 0.0000500 seconds
2017-04-24T16:59:50.437+0800: 4480.109: Total time for which application threads were stopped: 0.0001668 seconds, Stopping threads took: 0.0000340 seconds
2017-04-24T16:59:50.437+0800: 4480.110: Total time for which application threads were stopped: 0.0001164 seconds, Stopping threads took: 0.0000192 seconds
2017-04-24T16:59:50.715+0800: 4480.387: Total time for which application threads were stopped: 0.0003272 seconds, Stopping threads took: 0.0001042 seconds
2017-04-24T16:59:50.715+0800: 4480.387: Total time for which application threads were stopped: 0.0001511 seconds, Stopping threads took: 0.0000301 seconds
2017-04-24T16:59:50.716+0800: 4480.388: Total time for which application threads were stopped: 0.0001456 seconds, Stopping threads took: 0.0000289 seconds
2017-04-24T16:59:50.716+0800: 4480.388: Total time for which application threads were stopped: 0.0001370 seconds, Stopping threads took: 0.0000244 seconds
2017-04-24T16:59:50.716+0800: 4480.389: Total time for which application threads were stopped: 0.0001293 seconds, Stopping threads took: 0.0000234 seconds
2017-04-24T16:59:50.716+0800: 4480.389: Total time for which application threads were stopped: 0.0001318 seconds, Stopping threads took: 0.0000244 seconds
2017-04-24T16:59:50.717+0800: 4480.389: Total time for which application threads were stopped: 0.0002117 seconds, Stopping threads took: 0.0000430 seconds
2017-04-24T16:59:50.726+0800: 4480.398: Total time for which application threads were stopped: 0.0002162 seconds, Stopping threads took: 0.0000423 seconds
2017-04-24T17:00:00.450+0800: 4490.123: Total time for which application threads were stopped: 0.0003025 seconds, Stopping threads took: 0.0000645 seconds
2017-04-24T17:00:00.451+0800: 4490.123: Total time for which application threads were stopped: 0.0001363 seconds, Stopping threads took: 0.0000369 seconds
2017-04-24T17:00:00.746+0800: 4490.419: Total time for which application threads were stopped: 0.0002739 seconds, Stopping threads took: 0.0000481 seconds
2017-04-24T17:00:00.746+0800: 4490.419: Total time for which application threads were stopped: 0.0002159 seconds, Stopping threads took: 0.0000828 seconds
2017-04-24T17:00:00.748+0800: 4490.420: Total time for which application threads were stopped: 0.0001793 seconds, Stopping threads took: 0.0000330 seconds
2017-04-24T17:00:00.748+0800: 4490.420: Total time for which application threads were stopped: 0.0001482 seconds, Stopping threads took: 0.0000250 seconds
2017-04-24T17:00:00.748+0800: 4490.421: Total time for which application threads were stopped: 0.0001408 seconds, Stopping threads took: 0.0000244 seconds
2017-04-24T17:00:00.748+0800: 4490.421: Total time for which application threads were stopped: 0.0001402 seconds, Stopping threads took: 0.0000244 seconds
2017-04-24T17:00:00.748+0800: 4490.421: Total time for which application threads were stopped: 0.0001389 seconds, Stopping threads took: 0.0000234 seconds
2017-04-24T17:00:00.758+0800: 4490.431: Total time for which application threads were stopped: 0.0002582 seconds, Stopping threads took: 0.0000513 seconds
2017-04-24T17:00:10.441+0800: 4500.114: Total time for which application threads were stopped: 0.0001421 seconds, Stopping threads took: 0.0000276 seconds
2017-04-24T17:00:10.442+0800: 4500.114: Total time for which application threads were stopped: 0.0000956 seconds, Stopping threads took: 0.0000164 seconds
2017-04-24T17:00:10.846+0800: 4500.519: Total time for which application threads were stopped: 0.0002839 seconds, Stopping threads took: 0.0000763 seconds
2017-04-24T17:00:10.847+0800: 4500.519: Total time for which application threads were stopped: 0.0002883 seconds, Stopping threads took: 0.0000956 seconds
2017-04-24T17:00:10.848+0800: 4500.521: Total time for which application threads were stopped: 0.0001694 seconds, Stopping threads took: 0.0000324 seconds
2017-04-24T17:00:10.848+0800: 4500.521: Total time for which application threads were stopped: 0.0001389 seconds, Stopping threads took: 0.0000257 seconds
2017-04-24T17:00:10.848+0800: 4500.521: Total time for which application threads were stopped: 0.0001328 seconds, Stopping threads took: 0.0000241 seconds
2017-04-24T17:00:10.849+0800: 4500.521: Total time for which application threads were stopped: 0.0001325 seconds, Stopping threads took: 0.0000247 seconds
2017-04-24T17:00:10.849+0800: 4500.521: Total time for which application threads were stopped: 0.0001302 seconds, Stopping threads took: 0.0000237 seconds
2017-04-24T17:00:10.858+0800: 4500.531: Total time for which application threads were stopped: 0.0002361 seconds, Stopping threads took: 0.0000488 seconds
2017-04-24T17:00:20.436+0800: 4510.109: Total time for which application threads were stopped: 0.0001466 seconds, Stopping threads took: 0.0000330 seconds
2017-04-24T17:00:20.437+0800: 4510.109: Total time for which application threads were stopped: 0.0000770 seconds, Stopping threads took: 0.0000148 seconds
2017-04-24T17:00:20.716+0800: 4510.389: Total time for which application threads were stopped: 0.0002656 seconds, Stopping threads took: 0.0000516 seconds
2017-04-24T17:00:20.716+0800: 4510.389: Total time for which application threads were stopped: 0.0002162 seconds, Stopping threads took: 0.0000439 seconds
2017-04-24T17:00:20.717+0800: 4510.389: Total time for which application threads were stopped: 0.0001475 seconds, Stopping threads took: 0.0000269 seconds
2017-04-24T17:00:20.717+0800: 4510.389: Total time for which application threads were stopped: 0.0001277 seconds, Stopping threads took: 0.0000263 seconds
2017-04-24T17:00:20.717+0800: 4510.390: Total time for which application threads were stopped: 0.0001395 seconds, Stopping threads took: 0.0000247 seconds
2017-04-24T17:00:20.728+0800: 4510.401: Total time for which application threads were stopped: 0.0002697 seconds, Stopping threads took: 0.0000529 seconds
2017-04-24T17:00:30.442+0800: 4520.114: Total time for which application threads were stopped: 0.0002906 seconds, Stopping threads took: 0.0000542 seconds
2017-04-24T17:00:30.443+0800: 4520.115: Total time for which application threads were stopped: 0.0002463 seconds, Stopping threads took: 0.0000481 seconds
2017-04-24T17:00:30.794+0800: 4520.466: Total time for which application threads were stopped: 0.0003220 seconds, Stopping threads took: 0.0001023 seconds
2017-04-24T17:00:30.794+0800: 4520.467: Total time for which application threads were stopped: 0.0002017 seconds, Stopping threads took: 0.0000526 seconds
2017-04-24T17:00:30.795+0800: 4520.468: Total time for which application threads were stopped: 0.0001847 seconds, Stopping threads took: 0.0000279 seconds
2017-04-24T17:00:30.795+0800: 4520.468: Total time for which application threads were stopped: 0.0001613 seconds, Stopping threads took: 0.0000260 seconds
2017-04-24T17:00:30.796+0800: 4520.468: Total time for which application threads were stopped: 0.0001565 seconds, Stopping threads took: 0.0000253 seconds
2017-04-24T17:00:30.796+0800: 4520.468: Total time for which application threads were stopped: 0.0001568 seconds, Stopping threads took: 0.0000282 seconds
2017-04-24T17:00:30.796+0800: 4520.469: Total time for which application threads were stopped: 0.0004590 seconds, Stopping threads took: 0.0000250 seconds
2017-04-24T17:00:30.806+0800: 4520.479: Total time for which application threads were stopped: 0.0002171 seconds, Stopping threads took: 0.0000443 seconds
2017-04-24T17:00:40.425+0800: 4530.097: Total time for which application threads were stopped: 0.0001661 seconds, Stopping threads took: 0.0000324 seconds
2017-04-24T17:00:40.425+0800: 4530.098: Total time for which application threads were stopped: 0.0001373 seconds, Stopping threads took: 0.0000269 seconds
2017-04-24T17:00:40.751+0800: 4530.423: Total time for which application threads were stopped: 0.0003118 seconds, Stopping threads took: 0.0000815 seconds
2017-04-24T17:00:40.751+0800: 4530.424: Total time for which application threads were stopped: 0.0001963 seconds, Stopping threads took: 0.0000443 seconds
2017-04-24T17:00:40.752+0800: 4530.425: Total time for which application threads were stopped: 0.0001754 seconds, Stopping threads took: 0.0000334 seconds
2017-04-24T17:00:40.764+0800: 4530.437: Total time for which application threads were stopped: 0.0002595 seconds, Stopping threads took: 0.0000520 seconds
2017-04-24T17:00:50.418+0800: 4540.091: Total time for which application threads were stopped: 0.0001203 seconds, Stopping threads took: 0.0000289 seconds
2017-04-24T17:00:50.419+0800: 4540.091: Total time for which application threads were stopped: 0.0000786 seconds, Stopping threads took: 0.0000173 seconds
2017-04-24T17:00:50.719+0800: 4540.391: Total time for which application threads were stopped: 0.0002620 seconds, Stopping threads took: 0.0001174 seconds
2017-04-24T17:00:50.719+0800: 4540.391: Total time for which application threads were stopped: 0.0001828 seconds, Stopping threads took: 0.0000597 seconds
2017-04-24T17:00:50.720+0800: 4540.393: Total time for which application threads were stopped: 0.0004599 seconds, Stopping threads took: 0.0000520 seconds
2017-04-24T17:00:50.720+0800: 4540.393: Total time for which application threads were stopped: 0.0001052 seconds, Stopping threads took: 0.0000285 seconds
2017-04-24T17:00:50.720+0800: 4540.393: Total time for which application threads were stopped: 0.0001081 seconds, Stopping threads took: 0.0000330 seconds
2017-04-24T17:00:50.721+0800: 4540.393: Total time for which application threads were stopped: 0.0001341 seconds, Stopping threads took: 0.0000395 seconds
2017-04-24T17:00:50.721+0800: 4540.393: Total time for which application threads were stopped: 0.0001110 seconds, Stopping threads took: 0.0000237 seconds
2017-04-24T17:00:50.728+0800: 4540.401: Total time for which application threads were stopped: 0.0001713 seconds, Stopping threads took: 0.0000343 seconds
2017-04-24T17:01:00.440+0800: 4550.113: Total time for which application threads were stopped: 0.0002736 seconds, Stopping threads took: 0.0000516 seconds
2017-04-24T17:01:00.441+0800: 4550.114: Total time for which application threads were stopped: 0.0002543 seconds, Stopping threads took: 0.0000478 seconds
2017-04-24T17:01:00.806+0800: 4550.479: Total time for which application threads were stopped: 0.0002790 seconds, Stopping threads took: 0.0000536 seconds
2017-04-24T17:01:00.806+0800: 4550.479: Total time for which application threads were stopped: 0.0002566 seconds, Stopping threads took: 0.0000455 seconds
2017-04-24T17:01:00.808+0800: 4550.481: Total time for which application threads were stopped: 0.0002483 seconds, Stopping threads took: 0.0000404 seconds
2017-04-24T17:01:00.808+0800: 4550.481: Total time for which application threads were stopped: 0.0001668 seconds, Stopping threads took: 0.0000282 seconds
2017-04-24T17:01:00.808+0800: 4550.481: Total time for which application threads were stopped: 0.0001540 seconds, Stopping threads took: 0.0000263 seconds
2017-04-24T17:01:00.809+0800: 4550.481: Total time for which application threads were stopped: 0.0002091 seconds, Stopping threads took: 0.0000253 seconds
2017-04-24T17:01:00.818+0800: 4550.490: Total time for which application threads were stopped: 0.0002236 seconds, Stopping threads took: 0.0000439 seconds
2017-04-24T17:01:10.441+0800: 4560.113: Total time for which application threads were stopped: 0.0002890 seconds, Stopping threads took: 0.0000629 seconds
2017-04-24T17:01:10.441+0800: 4560.114: Total time for which application threads were stopped: 0.0001123 seconds, Stopping threads took: 0.0000301 seconds
2017-04-24T17:01:10.794+0800: 4560.467: Total time for which application threads were stopped: 0.0002085 seconds, Stopping threads took: 0.0000632 seconds
2017-04-24T17:01:10.795+0800: 4560.467: Total time for which application threads were stopped: 0.0001940 seconds, Stopping threads took: 0.0000638 seconds
2017-04-24T17:01:10.795+0800: 4560.468: Total time for which application threads were stopped: 0.0001527 seconds, Stopping threads took: 0.0000443 seconds
2017-04-24T17:01:10.796+0800: 4560.468: Total time for which application threads were stopped: 0.0001244 seconds, Stopping threads took: 0.0000350 seconds
2017-04-24T17:01:10.796+0800: 4560.468: Total time for which application threads were stopped: 0.0001475 seconds, Stopping threads took: 0.0000417 seconds
2017-04-24T17:01:10.796+0800: 4560.468: Total time for which application threads were stopped: 0.0000933 seconds, Stopping threads took: 0.0000167 seconds
2017-04-24T17:01:10.796+0800: 4560.468: Total time for which application threads were stopped: 0.0000898 seconds, Stopping threads took: 0.0000160 seconds
2017-04-24T17:01:10.802+0800: 4560.474: Total time for which application threads were stopped: 0.0001267 seconds, Stopping threads took: 0.0000244 seconds
{Heap before GC invocations=42 (full 2):
 par new generation   total 109248K, used 91979K [0x00000000e0000000, 0x00000000e8000000, 0x00000000e8000000)
  eden space 87424K,  99% used [0x00000000e0000000, 0x00000000e55489c0, 0x00000000e5560000)
  from space 21824K,  21% used [0x00000000e5560000, 0x00000000e59ea4a0, 0x00000000e6ab0000)
  to   space 21824K,   0% used [0x00000000e6ab0000, 0x00000000e6ab0000, 0x00000000e8000000)
 concurrent mark-sweep generation total 393216K, used 17790K [0x00000000e8000000, 0x0000000100000000, 0x0000000100000000)
 Metaspace       used 41839K, capacity 42608K, committed 43032K, reserved 1087488K
  class space    used 4583K, capacity 4796K, committed 4940K, reserved 1048576K
2017-04-24T17:01:20.437+0800: 4570.109: [GC (Allocation Failure) 2017-04-24T17:01:20.437+0800: 4570.109: [ParNew
Desired survivor size 20112992 bytes, new threshold 8 (max 8)
- age   1:    2877760 bytes,    2877760 total
- age   2:     699448 bytes,    3577208 total
- age   3:      77880 bytes,    3655088 total
- age   4:      12528 bytes,    3667616 total
- age   5:      10968 bytes,    3678584 total
- age   6:      16256 bytes,    3694840 total
- age   7:      11568 bytes,    3706408 total
- age   8:      11608 bytes,    3718016 total
: 91979K->4360K(109248K), 0.0055969 secs] 109769K->22163K(502464K), 0.0056912 secs] [Times: user=0.00 sys=0.00, real=0.00 secs] 
Heap after GC invocations=43 (full 2):
 par new generation   total 109248K, used 4360K [0x00000000e0000000, 0x00000000e8000000, 0x00000000e8000000)
  eden space 87424K,   0% used [0x00000000e0000000, 0x00000000e0000000, 0x00000000e5560000)
  from space 21824K,  19% used [0x00000000e6ab0000, 0x00000000e6ef2360, 0x00000000e8000000)
  to   space 21824K,   0% used [0x00000000e5560000, 0x00000000e5560000, 0x00000000e6ab0000)
 concurrent mark-sweep generation total 393216K, used 17802K [0x00000000e8000000, 0x0000000100000000, 0x0000000100000000)
 Metaspace       used 41839K, capacity 42608K, committed 43032K, reserved 1087488K
  class space    used 4583K, capacity 4796K, committed 4940K, reserved 1048576K
}
2017-04-24T17:01:20.442+0800: 4570.115: Total time for which application threads were stopped: 0.0059754 seconds, Stopping threads took: 0.0000308 seconds
2017-04-24T17:01:20.443+0800: 4570.116: Total time for which application threads were stopped: 0.0001908 seconds, Stopping threads took: 0.0000407 seconds
2017-04-24T17:01:20.764+0800: 4570.437: Total time for which application threads were stopped: 0.0001998 seconds, Stopping threads took: 0.0000372 seconds
2017-04-24T17:01:20.765+0800: 4570.437: Total time for which application threads were stopped: 0.0001716 seconds, Stopping threads took: 0.0000433 seconds
2017-04-24T17:01:20.765+0800: 4570.438: Total time for which application threads were stopped: 0.0001790 seconds, Stopping threads took: 0.0000241 seconds
2017-04-24T17:01:20.766+0800: 4570.438: Total time for which application threads were stopped: 0.0001684 seconds, Stopping threads took: 0.0000247 seconds
2017-04-24T17:01:20.766+0800: 4570.438: Total time for which application threads were stopped: 0.0001507 seconds, Stopping threads took: 0.0000266 seconds
2017-04-24T17:01:20.766+0800: 4570.438: Total time for which application threads were stopped: 0.0001645 seconds, Stopping threads took: 0.0000228 seconds
2017-04-24T17:01:20.766+0800: 4570.439: Total time for which application threads were stopped: 0.0001402 seconds, Stopping threads took: 0.0000192 seconds
2017-04-24T17:01:20.773+0800: 4570.446: Total time for which application threads were stopped: 0.0003374 seconds, Stopping threads took: 0.0000305 seconds
2017-04-24T17:01:30.442+0800: 4580.114: Total time for which application threads were stopped: 0.0005552 seconds, Stopping threads took: 0.0000561 seconds
2017-04-24T17:01:30.443+0800: 4580.116: Total time for which application threads were stopped: 0.0004753 seconds, Stopping threads took: 0.0000423 seconds
2017-04-24T17:01:30.760+0800: 4580.432: Total time for which application threads were stopped: 0.0002675 seconds, Stopping threads took: 0.0000584 seconds
2017-04-24T17:01:30.760+0800: 4580.433: Total time for which application threads were stopped: 0.0002588 seconds, Stopping threads took: 0.0000510 seconds
2017-04-24T17:01:30.761+0800: 4580.433: Total time for which application threads were stopped: 0.0002919 seconds, Stopping threads took: 0.0000921 seconds
2017-04-24T17:01:30.762+0800: 4580.434: Total time for which application threads were stopped: 0.0001668 seconds, Stopping threads took: 0.0000305 seconds
2017-04-24T17:01:30.762+0800: 4580.435: Total time for which application threads were stopped: 0.0001889 seconds, Stopping threads took: 0.0000375 seconds
2017-04-24T17:01:30.762+0800: 4580.435: Total time for which application threads were stopped: 0.0001796 seconds, Stopping threads took: 0.0000359 seconds
2017-04-24T17:01:30.763+0800: 4580.435: Total time for which application threads were stopped: 0.0001623 seconds, Stopping threads took: 0.0000340 seconds
2017-04-24T17:01:30.763+0800: 4580.435: Total time for which application threads were stopped: 0.0001584 seconds, Stopping threads took: 0.0000301 seconds
2017-04-24T17:01:40.415+0800: 4590.088: Total time for which application threads were stopped: 0.0000998 seconds, Stopping threads took: 0.0000215 seconds
2017-04-24T17:01:40.416+0800: 4590.088: Total time for which application threads were stopped: 0.0000568 seconds, Stopping threads took: 0.0000112 seconds
2017-04-24T17:01:40.645+0800: 4590.318: Total time for which application threads were stopped: 0.0000998 seconds, Stopping threads took: 0.0000212 seconds
2017-04-24T17:01:40.646+0800: 4590.318: Total time for which application threads were stopped: 0.0000600 seconds, Stopping threads took: 0.0000115 seconds
2017-04-24T17:01:40.646+0800: 4590.318: Total time for which application threads were stopped: 0.0000471 seconds, Stopping threads took: 0.0000103 seconds
2017-04-24T17:01:40.646+0800: 4590.318: Total time for which application threads were stopped: 0.0000417 seconds, Stopping threads took: 0.0000087 seconds
2017-04-24T17:01:40.646+0800: 4590.318: Total time for which application threads were stopped: 0.0000395 seconds, Stopping threads took: 0.0000077 seconds
2017-04-24T17:01:40.646+0800: 4590.318: Total time for which application threads were stopped: 0.0001427 seconds, Stopping threads took: 0.0000080 seconds
2017-04-24T17:01:50.435+0800: 4600.108: Total time for which application threads were stopped: 0.0001738 seconds, Stopping threads took: 0.0000350 seconds
2017-04-24T17:01:50.436+0800: 4600.108: Total time for which application threads were stopped: 0.0001135 seconds, Stopping threads took: 0.0000186 seconds
2017-04-24T17:01:50.746+0800: 4600.419: Total time for which application threads were stopped: 0.0002672 seconds, Stopping threads took: 0.0000584 seconds
2017-04-24T17:01:50.747+0800: 4600.420: Total time for which application threads were stopped: 0.0006158 seconds, Stopping threads took: 0.0001113 seconds
2017-04-24T17:01:50.748+0800: 4600.420: Total time for which application threads were stopped: 0.0005193 seconds, Stopping threads took: 0.0000475 seconds
2017-04-24T17:01:50.749+0800: 4600.422: Total time for which application threads were stopped: 0.0001892 seconds, Stopping threads took: 0.0000334 seconds
2017-04-24T17:02:00.707+0800: 4610.380: Total time for which application threads were stopped: 0.0003823 seconds, Stopping threads took: 0.0000670 seconds
2017-04-24T17:02:00.708+0800: 4610.380: Total time for which application threads were stopped: 0.0003326 seconds, Stopping threads took: 0.0000471 seconds
2017-04-24T17:02:00.708+0800: 4610.381: Total time for which application threads were stopped: 0.0003631 seconds, Stopping threads took: 0.0000709 seconds
2017-04-24T17:02:00.709+0800: 4610.381: Total time for which application threads were stopped: 0.0002774 seconds, Stopping threads took: 0.0000398 seconds
2017-04-24T17:02:00.709+0800: 4610.382: Total time for which application threads were stopped: 0.0002916 seconds, Stopping threads took: 0.0000629 seconds
2017-04-24T17:02:10.442+0800: 4620.114: Total time for which application threads were stopped: 0.0001536 seconds, Stopping threads took: 0.0000337 seconds
2017-04-24T17:02:10.442+0800: 4620.115: Total time for which application threads were stopped: 0.0000683 seconds, Stopping threads took: 0.0000125 seconds
2017-04-24T17:02:10.801+0800: 4620.474: Total time for which application threads were stopped: 0.0002954 seconds, Stopping threads took: 0.0000831 seconds
2017-04-24T17:02:10.802+0800: 4620.475: Total time for which application threads were stopped: 0.0001902 seconds, Stopping threads took: 0.0000340 seconds
2017-04-24T17:02:10.803+0800: 4620.475: Total time for which application threads were stopped: 0.0001578 seconds, Stopping threads took: 0.0000305 seconds
2017-04-24T17:02:10.803+0800: 4620.475: Total time for which application threads were stopped: 0.0001437 seconds, Stopping threads took: 0.0000257 seconds
2017-04-24T17:02:10.803+0800: 4620.476: Total time for which application threads were stopped: 0.0001440 seconds, Stopping threads took: 0.0000253 seconds
2017-04-24T17:02:10.803+0800: 4620.476: Total time for which application threads were stopped: 0.0001373 seconds, Stopping threads took: 0.0000250 seconds
2017-04-24T17:02:20.441+0800: 4630.114: Total time for which application threads were stopped: 0.0002678 seconds, Stopping threads took: 0.0000565 seconds
2017-04-24T17:02:20.442+0800: 4630.115: Total time for which application threads were stopped: 0.0001883 seconds, Stopping threads took: 0.0000327 seconds
2017-04-24T17:02:20.800+0800: 4630.472: Total time for which application threads were stopped: 0.0002890 seconds, Stopping threads took: 0.0000529 seconds
2017-04-24T17:02:20.801+0800: 4630.474: Total time for which application threads were stopped: 0.0002248 seconds, Stopping threads took: 0.0000391 seconds
2017-04-24T17:02:20.801+0800: 4630.474: Total time for which application threads were stopped: 0.0001636 seconds, Stopping threads took: 0.0000285 seconds
2017-04-24T17:02:20.802+0800: 4630.474: Total time for which application threads were stopped: 0.0001770 seconds, Stopping threads took: 0.0000257 seconds
2017-04-24T17:02:20.802+0800: 4630.474: Total time for which application threads were stopped: 0.0001450 seconds, Stopping threads took: 0.0000260 seconds
2017-04-24T17:02:20.802+0800: 4630.474: Total time for which application threads were stopped: 0.0001408 seconds, Stopping threads took: 0.0000257 seconds
2017-04-24T17:02:30.441+0800: 4640.114: Total time for which application threads were stopped: 0.0002928 seconds, Stopping threads took: 0.0000783 seconds
2017-04-24T17:02:30.442+0800: 4640.115: Total time for which application threads were stopped: 0.0002069 seconds, Stopping threads took: 0.0000430 seconds
2017-04-24T17:02:30.751+0800: 4640.424: Total time for which application threads were stopped: 0.0002762 seconds, Stopping threads took: 0.0000584 seconds
2017-04-24T17:02:30.752+0800: 4640.425: Total time for which application threads were stopped: 0.0002399 seconds, Stopping threads took: 0.0000475 seconds
2017-04-24T17:02:30.753+0800: 4640.425: Total time for which application threads were stopped: 0.0002248 seconds, Stopping threads took: 0.0000430 seconds
2017-04-24T17:02:30.753+0800: 4640.426: Total time for which application threads were stopped: 0.0001633 seconds, Stopping threads took: 0.0000273 seconds
2017-04-24T17:02:30.753+0800: 4640.426: Total time for which application threads were stopped: 0.0002040 seconds, Stopping threads took: 0.0000404 seconds
2017-04-24T17:02:30.754+0800: 4640.426: Total time for which application threads were stopped: 0.0001565 seconds, Stopping threads took: 0.0000269 seconds
2017-04-24T17:02:39.757+0800: 4649.429: Total time for which application threads were stopped: 0.0000834 seconds, Stopping threads took: 0.0000234 seconds
2017-04-24T17:02:40.422+0800: 4650.095: Total time for which application threads were stopped: 0.0001341 seconds, Stopping threads took: 0.0000279 seconds
2017-04-24T17:02:40.423+0800: 4650.095: Total time for which application threads were stopped: 0.0000998 seconds, Stopping threads took: 0.0000199 seconds
2017-04-24T17:02:40.684+0800: 4650.356: Total time for which application threads were stopped: 0.0001491 seconds, Stopping threads took: 0.0000677 seconds
2017-04-24T17:02:40.684+0800: 4650.356: Total time for which application threads were stopped: 0.0000613 seconds, Stopping threads took: 0.0000115 seconds
2017-04-24T17:02:40.684+0800: 4650.357: Total time for which application threads were stopped: 0.0000494 seconds, Stopping threads took: 0.0000112 seconds
2017-04-24T17:02:40.684+0800: 4650.357: Total time for which application threads were stopped: 0.0000417 seconds, Stopping threads took: 0.0000087 seconds
2017-04-24T17:02:40.684+0800: 4650.357: Total time for which application threads were stopped: 0.0000395 seconds, Stopping threads took: 0.0000077 seconds
2017-04-24T17:02:40.684+0800: 4650.357: Total time for which application threads were stopped: 0.0000391 seconds, Stopping threads took: 0.0000074 seconds
2017-04-24T17:02:50.436+0800: 4660.108: Total time for which application threads were stopped: 0.0001475 seconds, Stopping threads took: 0.0000276 seconds
2017-04-24T17:02:50.437+0800: 4660.109: Total time for which application threads were stopped: 0.0001026 seconds, Stopping threads took: 0.0000170 seconds
2017-04-24T17:02:50.789+0800: 4660.461: Total time for which application threads were stopped: 0.0002861 seconds, Stopping threads took: 0.0000619 seconds
2017-04-24T17:02:50.790+0800: 4660.463: Total time for which application threads were stopped: 0.0002592 seconds, Stopping threads took: 0.0000465 seconds
2017-04-24T17:02:50.791+0800: 4660.463: Total time for which application threads were stopped: 0.0001973 seconds, Stopping threads took: 0.0000327 seconds
2017-04-24T17:02:50.791+0800: 4660.464: Total time for which application threads were stopped: 0.0001713 seconds, Stopping threads took: 0.0000282 seconds
2017-04-24T17:02:50.791+0800: 4660.464: Total time for which application threads were stopped: 0.0001572 seconds, Stopping threads took: 0.0000263 seconds
2017-04-24T17:02:50.792+0800: 4660.464: Total time for which application threads were stopped: 0.0004968 seconds, Stopping threads took: 0.0000257 seconds
2017-04-24T17:03:00.408+0800: 4670.081: Total time for which application threads were stopped: 0.0004628 seconds, Stopping threads took: 0.0000481 seconds
{Heap before GC invocations=43 (full 2):
 par new generation   total 109248K, used 91437K [0x00000000e0000000, 0x00000000e8000000, 0x00000000e8000000)
  eden space 87424K,  99% used [0x00000000e0000000, 0x00000000e5509458, 0x00000000e5560000)
  from space 21824K,  19% used [0x00000000e6ab0000, 0x00000000e6ef2360, 0x00000000e8000000)
  to   space 21824K,   0% used [0x00000000e5560000, 0x00000000e5560000, 0x00000000e6ab0000)
 concurrent mark-sweep generation total 393216K, used 17802K [0x00000000e8000000, 0x0000000100000000, 0x0000000100000000)
 Metaspace       used 41841K, capacity 42608K, committed 43032K, reserved 1087488K
  class space    used 4583K, capacity 4796K, committed 4940K, reserved 1048576K
2017-04-24T17:03:00.441+0800: 4670.114: [GC (Allocation Failure) 2017-04-24T17:03:00.441+0800: 4670.114: [ParNew
Desired survivor size 20112992 bytes, new threshold 8 (max 8)
- age   1:    2892520 bytes,    2892520 total
- age   2:     699264 bytes,    3591784 total
- age   3:      73872 bytes,    3665656 total
- age   4:      22176 bytes,    3687832 total
- age   5:      11800 bytes,    3699632 total
- age   6:      10968 bytes,    3710600 total
- age   7:      16256 bytes,    3726856 total
- age   8:      11568 bytes,    3738424 total
: 91437K->4734K(109248K), 0.0103413 secs] 109240K->22548K(502464K), 0.0104895 secs] [Times: user=0.05 sys=0.00, real=0.01 secs] 
Heap after GC invocations=44 (full 2):
 par new generation   total 109248K, used 4734K [0x00000000e0000000, 0x00000000e8000000, 0x00000000e8000000)
  eden space 87424K,   0% used [0x00000000e0000000, 0x00000000e0000000, 0x00000000e5560000)
  from space 21824K,  21% used [0x00000000e5560000, 0x00000000e59ff9b0, 0x00000000e6ab0000)
  to   space 21824K,   0% used [0x00000000e6ab0000, 0x00000000e6ab0000, 0x00000000e8000000)
 concurrent mark-sweep generation total 393216K, used 17813K [0x00000000e8000000, 0x0000000100000000, 0x0000000100000000)
 Metaspace       used 41841K, capacity 42608K, committed 43032K, reserved 1087488K
  class space    used 4583K, capacity 4796K, committed 4940K, reserved 1048576K
}
2017-04-24T17:03:00.452+0800: 4670.124: Total time for which application threads were stopped: 0.0109398 seconds, Stopping threads took: 0.0000632 seconds
2017-04-24T17:03:00.452+0800: 4670.124: Total time for which application threads were stopped: 0.0001363 seconds, Stopping threads took: 0.0000343 seconds
2017-04-24T17:03:00.452+0800: 4670.125: Total time for which application threads were stopped: 0.0001216 seconds, Stopping threads took: 0.0000449 seconds
2017-04-24T17:03:00.452+0800: 4670.125: Total time for which application threads were stopped: 0.0000879 seconds, Stopping threads took: 0.0000298 seconds
2017-04-24T17:03:00.452+0800: 4670.125: Total time for which application threads were stopped: 0.0000795 seconds, Stopping threads took: 0.0000250 seconds
2017-04-24T17:03:00.453+0800: 4670.125: Total time for which application threads were stopped: 0.0000994 seconds, Stopping threads took: 0.0000420 seconds
2017-04-24T17:03:00.453+0800: 4670.126: Total time for which application threads were stopped: 0.0000940 seconds, Stopping threads took: 0.0000343 seconds
2017-04-24T17:03:00.453+0800: 4670.126: Total time for which application threads were stopped: 0.0002168 seconds, Stopping threads took: 0.0000359 seconds
2017-04-24T17:03:00.454+0800: 4670.127: Total time for which application threads were stopped: 0.0001074 seconds, Stopping threads took: 0.0000414 seconds
2017-04-24T17:03:00.454+0800: 4670.127: Total time for which application threads were stopped: 0.0000872 seconds, Stopping threads took: 0.0000340 seconds
2017-04-24T17:03:00.455+0800: 4670.127: Total time for which application threads were stopped: 0.0000949 seconds, Stopping threads took: 0.0000318 seconds
2017-04-24T17:03:00.455+0800: 4670.127: Total time for which application threads were stopped: 0.0000911 seconds, Stopping threads took: 0.0000237 seconds
2017-04-24T17:03:00.455+0800: 4670.128: Total time for which application threads were stopped: 0.0000972 seconds, Stopping threads took: 0.0000395 seconds
2017-04-24T17:03:00.455+0800: 4670.128: Total time for which application threads were stopped: 0.0000949 seconds, Stopping threads took: 0.0000334 seconds
2017-04-24T17:03:00.455+0800: 4670.128: Total time for which application threads were stopped: 0.0000741 seconds, Stopping threads took: 0.0000215 seconds
2017-04-24T17:03:00.455+0800: 4670.128: Total time for which application threads were stopped: 0.0000844 seconds, Stopping threads took: 0.0000359 seconds
2017-04-24T17:03:00.456+0800: 4670.128: Total time for which application threads were stopped: 0.0000879 seconds, Stopping threads took: 0.0000167 seconds
2017-04-24T17:03:00.456+0800: 4670.129: Total time for which application threads were stopped: 0.0000888 seconds, Stopping threads took: 0.0000282 seconds
2017-04-24T17:03:00.456+0800: 4670.129: Total time for which application threads were stopped: 0.0000805 seconds, Stopping threads took: 0.0000257 seconds
2017-04-24T17:03:00.457+0800: 4670.129: Total time for which application threads were stopped: 0.0000783 seconds, Stopping threads took: 0.0000154 seconds
2017-04-24T17:03:00.457+0800: 4670.130: Total time for which application threads were stopped: 0.0000789 seconds, Stopping threads took: 0.0000241 seconds
2017-04-24T17:03:00.457+0800: 4670.130: Total time for which application threads were stopped: 0.0000949 seconds, Stopping threads took: 0.0000298 seconds
2017-04-24T17:03:00.457+0800: 4670.130: Total time for which application threads were stopped: 0.0001190 seconds, Stopping threads took: 0.0000132 seconds
2017-04-24T17:03:00.457+0800: 4670.130: Total time for which application threads were stopped: 0.0001158 seconds, Stopping threads took: 0.0000176 seconds
2017-04-24T17:03:00.731+0800: 4670.403: Total time for which application threads were stopped: 0.0002563 seconds, Stopping threads took: 0.0000529 seconds
2017-04-24T17:03:00.732+0800: 4670.405: Total time for which application threads were stopped: 0.0001735 seconds, Stopping threads took: 0.0000330 seconds
2017-04-24T17:03:00.744+0800: 4670.416: Total time for which application threads were stopped: 0.0002983 seconds, Stopping threads took: 0.0000744 seconds
2017-04-24T17:03:10.416+0800: 4680.089: Total time for which application threads were stopped: 0.0001010 seconds, Stopping threads took: 0.0000225 seconds
2017-04-24T17:03:10.417+0800: 4680.089: Total time for which application threads were stopped: 0.0000709 seconds, Stopping threads took: 0.0000122 seconds
2017-04-24T17:03:10.665+0800: 4680.337: Total time for which application threads were stopped: 0.0001094 seconds, Stopping threads took: 0.0000221 seconds
2017-04-24T17:03:10.665+0800: 4680.337: Total time for which application threads were stopped: 0.0000661 seconds, Stopping threads took: 0.0000132 seconds
2017-04-24T17:03:10.665+0800: 4680.337: Total time for which application threads were stopped: 0.0000542 seconds, Stopping threads took: 0.0000115 seconds
2017-04-24T17:03:10.665+0800: 4680.337: Total time for which application threads were stopped: 0.0000468 seconds, Stopping threads took: 0.0000093 seconds
2017-04-24T17:03:10.665+0800: 4680.338: Total time for which application threads were stopped: 0.0000475 seconds, Stopping threads took: 0.0000093 seconds
2017-04-24T17:03:10.669+0800: 4680.341: Total time for which application threads were stopped: 0.0001244 seconds, Stopping threads took: 0.0000266 seconds
2017-04-24T17:03:20.439+0800: 4690.111: Total time for which application threads were stopped: 0.0001594 seconds, Stopping threads took: 0.0000350 seconds
2017-04-24T17:03:20.439+0800: 4690.112: Total time for which application threads were stopped: 0.0001062 seconds, Stopping threads took: 0.0000244 seconds
2017-04-24T17:03:20.694+0800: 4690.367: Total time for which application threads were stopped: 0.0002636 seconds, Stopping threads took: 0.0000545 seconds
2017-04-24T17:03:20.695+0800: 4690.367: Total time for which application threads were stopped: 0.0002325 seconds, Stopping threads took: 0.0000459 seconds
2017-04-24T17:03:20.695+0800: 4690.368: Total time for which application threads were stopped: 0.0001674 seconds, Stopping threads took: 0.0000269 seconds
2017-04-24T17:03:20.695+0800: 4690.368: Total time for which application threads were stopped: 0.0001520 seconds, Stopping threads took: 0.0000285 seconds
2017-04-24T17:03:20.696+0800: 4690.368: Total time for which application threads were stopped: 0.0001536 seconds, Stopping threads took: 0.0000257 seconds
2017-04-24T17:03:21.696+0800: 4691.368: Total time for which application threads were stopped: 0.0001219 seconds, Stopping threads took: 0.0000324 seconds
2017-04-24T17:03:30.445+0800: 4700.118: Total time for which application threads were stopped: 0.0003044 seconds, Stopping threads took: 0.0000872 seconds
2017-04-24T17:03:30.447+0800: 4700.119: Total time for which application threads were stopped: 0.0003717 seconds, Stopping threads took: 0.0001764 seconds
2017-04-24T17:03:30.771+0800: 4700.444: Total time for which application threads were stopped: 0.0002851 seconds, Stopping threads took: 0.0000561 seconds
2017-04-24T17:03:30.772+0800: 4700.445: Total time for which application threads were stopped: 0.0002329 seconds, Stopping threads took: 0.0000433 seconds
2017-04-24T17:03:30.773+0800: 4700.445: Total time for which application threads were stopped: 0.0001806 seconds, Stopping threads took: 0.0000276 seconds
2017-04-24T17:03:30.773+0800: 4700.445: Total time for which application threads were stopped: 0.0002072 seconds, Stopping threads took: 0.0000404 seconds
2017-04-24T17:03:30.773+0800: 4700.446: Total time for which application threads were stopped: 0.0001934 seconds, Stopping threads took: 0.0000378 seconds
2017-04-24T17:03:30.774+0800: 4700.446: Total time for which application threads were stopped: 0.0001767 seconds, Stopping threads took: 0.0000327 seconds
2017-04-24T17:03:30.785+0800: 4700.457: Total time for which application threads were stopped: 0.0002733 seconds, Stopping threads took: 0.0000526 seconds
2017-04-24T17:03:40.443+0800: 4710.115: Total time for which application threads were stopped: 0.0001328 seconds, Stopping threads took: 0.0000308 seconds
2017-04-24T17:03:40.443+0800: 4710.116: Total time for which application threads were stopped: 0.0000998 seconds, Stopping threads took: 0.0000183 seconds
2017-04-24T17:03:40.713+0800: 4710.385: Total time for which application threads were stopped: 0.0003297 seconds, Stopping threads took: 0.0000786 seconds
2017-04-24T17:03:40.713+0800: 4710.385: Total time for which application threads were stopped: 0.0002912 seconds, Stopping threads took: 0.0000888 seconds
2017-04-24T17:03:40.715+0800: 4710.387: Total time for which application threads were stopped: 0.0001995 seconds, Stopping threads took: 0.0000404 seconds
2017-04-24T17:03:40.715+0800: 4710.387: Total time for which application threads were stopped: 0.0001540 seconds, Stopping threads took: 0.0000266 seconds
2017-04-24T17:03:40.715+0800: 4710.387: Total time for which application threads were stopped: 0.0001427 seconds, Stopping threads took: 0.0000250 seconds
2017-04-24T17:03:40.715+0800: 4710.388: Total time for which application threads were stopped: 0.0001386 seconds, Stopping threads took: 0.0000247 seconds
2017-04-24T17:03:40.715+0800: 4710.388: Total time for which application threads were stopped: 0.0001360 seconds, Stopping threads took: 0.0000244 seconds
2017-04-24T17:03:40.725+0800: 4710.398: Total time for which application threads were stopped: 0.0002739 seconds, Stopping threads took: 0.0000471 seconds
2017-04-24T17:03:50.436+0800: 4720.109: Total time for which application threads were stopped: 0.0001777 seconds, Stopping threads took: 0.0000343 seconds
2017-04-24T17:03:50.437+0800: 4720.110: Total time for which application threads were stopped: 0.0001212 seconds, Stopping threads took: 0.0000202 seconds
2017-04-24T17:03:50.747+0800: 4720.420: Total time for which application threads were stopped: 0.0003182 seconds, Stopping threads took: 0.0000953 seconds
2017-04-24T17:03:50.748+0800: 4720.420: Total time for which application threads were stopped: 0.0002165 seconds, Stopping threads took: 0.0000722 seconds
2017-04-24T17:03:50.750+0800: 4720.422: Total time for which application threads were stopped: 0.0002531 seconds, Stopping threads took: 0.0000439 seconds
2017-04-24T17:03:50.750+0800: 4720.423: Total time for which application threads were stopped: 0.0002434 seconds, Stopping threads took: 0.0000667 seconds
2017-04-24T17:03:50.750+0800: 4720.423: Total time for which application threads were stopped: 0.0002287 seconds, Stopping threads took: 0.0000696 seconds
2017-04-24T17:03:50.750+0800: 4720.423: Total time for which application threads were stopped: 0.0002277 seconds, Stopping threads took: 0.0000674 seconds
2017-04-24T17:03:50.751+0800: 4720.423: Total time for which application threads were stopped: 0.0001915 seconds, Stopping threads took: 0.0000427 seconds
2017-04-24T17:03:50.769+0800: 4720.442: Total time for which application threads were stopped: 0.0003114 seconds, Stopping threads took: 0.0000792 seconds
2017-04-24T17:04:00.433+0800: 4730.105: Total time for which application threads were stopped: 0.0001828 seconds, Stopping threads took: 0.0000385 seconds
2017-04-24T17:04:00.434+0800: 4730.106: Total time for which application threads were stopped: 0.0001289 seconds, Stopping threads took: 0.0000266 seconds
2017-04-24T17:04:00.741+0800: 4730.414: Total time for which application threads were stopped: 0.0003172 seconds, Stopping threads took: 0.0000831 seconds
2017-04-24T17:04:00.742+0800: 4730.414: Total time for which application threads were stopped: 0.0002964 seconds, Stopping threads took: 0.0000956 seconds
2017-04-24T17:04:00.743+0800: 4730.416: Total time for which application threads were stopped: 0.0002207 seconds, Stopping threads took: 0.0000391 seconds
2017-04-24T17:04:00.744+0800: 4730.416: Total time for which application threads were stopped: 0.0003066 seconds, Stopping threads took: 0.0001418 seconds
2017-04-24T17:04:00.744+0800: 4730.416: Total time for which application threads were stopped: 0.0001536 seconds, Stopping threads took: 0.0000276 seconds
2017-04-24T17:04:00.744+0800: 4730.417: Total time for which application threads were stopped: 0.0001822 seconds, Stopping threads took: 0.0000375 seconds
2017-04-24T17:04:00.745+0800: 4730.417: Total time for which application threads were stopped: 0.0004859 seconds, Stopping threads took: 0.0000292 seconds
2017-04-24T17:04:00.755+0800: 4730.428: Total time for which application threads were stopped: 0.0002643 seconds, Stopping threads took: 0.0000494 seconds
2017-04-24T17:04:01.756+0800: 4731.429: Total time for which application threads were stopped: 0.0001880 seconds, Stopping threads took: 0.0000497 seconds
2017-04-24T17:04:10.421+0800: 4740.093: Total time for which application threads were stopped: 0.0001475 seconds, Stopping threads took: 0.0000279 seconds
2017-04-24T17:04:10.421+0800: 4740.093: Total time for which application threads were stopped: 0.0001200 seconds, Stopping threads took: 0.0000231 seconds
2017-04-24T17:04:10.810+0800: 4740.483: Total time for which application threads were stopped: 0.0002935 seconds, Stopping threads took: 0.0000821 seconds
2017-04-24T17:04:10.811+0800: 4740.483: Total time for which application threads were stopped: 0.0003150 seconds, Stopping threads took: 0.0001036 seconds
2017-04-24T17:04:10.812+0800: 4740.485: Total time for which application threads were stopped: 0.0002178 seconds, Stopping threads took: 0.0000398 seconds
2017-04-24T17:04:10.823+0800: 4740.495: Total time for which application threads were stopped: 0.0002306 seconds, Stopping threads took: 0.0000494 seconds
2017-04-24T17:04:20.438+0800: 4750.110: Total time for which application threads were stopped: 0.0001501 seconds, Stopping threads took: 0.0000276 seconds
2017-04-24T17:04:20.438+0800: 4750.111: Total time for which application threads were stopped: 0.0000975 seconds, Stopping threads took: 0.0000183 seconds
2017-04-24T17:04:20.731+0800: 4750.404: Total time for which application threads were stopped: 0.0003288 seconds, Stopping threads took: 0.0000876 seconds
2017-04-24T17:04:20.732+0800: 4750.404: Total time for which application threads were stopped: 0.0002672 seconds, Stopping threads took: 0.0000510 seconds
2017-04-24T17:04:20.733+0800: 4750.406: Total time for which application threads were stopped: 0.0002040 seconds, Stopping threads took: 0.0000375 seconds
2017-04-24T17:04:20.733+0800: 4750.406: Total time for which application threads were stopped: 0.0001594 seconds, Stopping threads took: 0.0000273 seconds
2017-04-24T17:04:20.733+0800: 4750.406: Total time for which application threads were stopped: 0.0001447 seconds, Stopping threads took: 0.0000260 seconds
2017-04-24T17:04:20.734+0800: 4750.406: Total time for which application threads were stopped: 0.0001447 seconds, Stopping threads took: 0.0000260 seconds
2017-04-24T17:04:20.734+0800: 4750.407: Total time for which application threads were stopped: 0.0001386 seconds, Stopping threads took: 0.0000253 seconds
2017-04-24T17:04:20.744+0800: 4750.416: Total time for which application threads were stopped: 0.0002255 seconds, Stopping threads took: 0.0000471 seconds
2017-04-24T17:04:30.445+0800: 4760.118: Total time for which application threads were stopped: 0.0002630 seconds, Stopping threads took: 0.0000561 seconds
2017-04-24T17:04:30.446+0800: 4760.119: Total time for which application threads were stopped: 0.0002075 seconds, Stopping threads took: 0.0000427 seconds
2017-04-24T17:04:30.762+0800: 4760.435: Total time for which application threads were stopped: 0.0003355 seconds, Stopping threads took: 0.0000674 seconds
2017-04-24T17:04:30.763+0800: 4760.435: Total time for which application threads were stopped: 0.0002187 seconds, Stopping threads took: 0.0000837 seconds
2017-04-24T17:04:30.764+0800: 4760.436: Total time for which application threads were stopped: 0.0004468 seconds, Stopping threads took: 0.0000269 seconds
2017-04-24T17:04:30.764+0800: 4760.437: Total time for which application threads were stopped: 0.0001386 seconds, Stopping threads took: 0.0000253 seconds
2017-04-24T17:04:30.765+0800: 4760.437: Total time for which application threads were stopped: 0.0001328 seconds, Stopping threads took: 0.0000241 seconds
2017-04-24T17:04:30.765+0800: 4760.437: Total time for which application threads were stopped: 0.0002117 seconds, Stopping threads took: 0.0000433 seconds
2017-04-24T17:04:30.765+0800: 4760.437: Total time for which application threads were stopped: 0.0001437 seconds, Stopping threads took: 0.0000260 seconds
2017-04-24T17:04:30.774+0800: 4760.446: Total time for which application threads were stopped: 0.0002572 seconds, Stopping threads took: 0.0000478 seconds
{Heap before GC invocations=44 (full 2):
 par new generation   total 109248K, used 91979K [0x00000000e0000000, 0x00000000e8000000, 0x00000000e8000000)
  eden space 87424K,  99% used [0x00000000e0000000, 0x00000000e5533528, 0x00000000e5560000)
  from space 21824K,  21% used [0x00000000e5560000, 0x00000000e59ff9b0, 0x00000000e6ab0000)
  to   space 21824K,   0% used [0x00000000e6ab0000, 0x00000000e6ab0000, 0x00000000e8000000)
 concurrent mark-sweep generation total 393216K, used 17813K [0x00000000e8000000, 0x0000000100000000, 0x0000000100000000)
 Metaspace       used 41885K, capacity 42608K, committed 43032K, reserved 1087488K
  class space    used 4583K, capacity 4796K, committed 4940K, reserved 1048576K
2017-04-24T17:04:40.439+0800: 4770.112: [GC (Allocation Failure) 2017-04-24T17:04:40.439+0800: 4770.112: [ParNew
Desired survivor size 20112992 bytes, new threshold 8 (max 8)
- age   1:    2830952 bytes,    2830952 total
- age   2:     713360 bytes,    3544312 total
- age   3:      73792 bytes,    3618104 total
- age   4:      18056 bytes,    3636160 total
- age   5:      21480 bytes,    3657640 total
- age   6:      11800 bytes,    3669440 total
- age   7:      10968 bytes,    3680408 total
- age   8:      16256 bytes,    3696664 total
: 91979K->5290K(109248K), 0.0060876 secs] 109793K->23115K(502464K), 0.0062432 secs] [Times: user=0.02 sys=0.00, real=0.01 secs] 
Heap after GC invocations=45 (full 2):
 par new generation   total 109248K, used 5290K [0x00000000e0000000, 0x00000000e8000000, 0x00000000e8000000)
  eden space 87424K,   0% used [0x00000000e0000000, 0x00000000e0000000, 0x00000000e5560000)
  from space 21824K,  24% used [0x00000000e6ab0000, 0x00000000e6fdab20, 0x00000000e8000000)
  to   space 21824K,   0% used [0x00000000e5560000, 0x00000000e5560000, 0x00000000e6ab0000)
 concurrent mark-sweep generation total 393216K, used 17825K [0x00000000e8000000, 0x0000000100000000, 0x0000000100000000)
 Metaspace       used 41885K, capacity 42608K, committed 43032K, reserved 1087488K
  class space    used 4583K, capacity 4796K, committed 4940K, reserved 1048576K
}
2017-04-24T17:04:40.445+0800: 4770.118: Total time for which application threads were stopped: 0.0066919 seconds, Stopping threads took: 0.0000510 seconds
2017-04-24T17:04:40.445+0800: 4770.118: Total time for which application threads were stopped: 0.0001565 seconds, Stopping threads took: 0.0000423 seconds
2017-04-24T17:04:40.446+0800: 4770.118: Total time for which application threads were stopped: 0.0001376 seconds, Stopping threads took: 0.0000536 seconds
2017-04-24T17:04:40.446+0800: 4770.119: Total time for which application threads were stopped: 0.0001799 seconds, Stopping threads took: 0.0000411 seconds
2017-04-24T17:04:40.446+0800: 4770.119: Total time for which application threads were stopped: 0.0002386 seconds, Stopping threads took: 0.0000837 seconds
2017-04-24T17:04:40.447+0800: 4770.119: Total time for which application threads were stopped: 0.0001238 seconds, Stopping threads took: 0.0000548 seconds
2017-04-24T17:04:40.447+0800: 4770.120: Total time for which application threads were stopped: 0.0000937 seconds, Stopping threads took: 0.0000192 seconds
2017-04-24T17:04:40.447+0800: 4770.120: Total time for which application threads were stopped: 0.0000767 seconds, Stopping threads took: 0.0000148 seconds
2017-04-24T17:04:40.447+0800: 4770.120: Total time for which application threads were stopped: 0.0000699 seconds, Stopping threads took: 0.0000151 seconds
2017-04-24T17:04:40.447+0800: 4770.120: Total time for which application threads were stopped: 0.0000786 seconds, Stopping threads took: 0.0000234 seconds
2017-04-24T17:04:40.448+0800: 4770.120: Total time for which application threads were stopped: 0.0000776 seconds, Stopping threads took: 0.0000212 seconds
2017-04-24T17:04:40.448+0800: 4770.121: Total time for which application threads were stopped: 0.0000789 seconds, Stopping threads took: 0.0000250 seconds
2017-04-24T17:04:40.448+0800: 4770.121: Total time for which application threads were stopped: 0.0000767 seconds, Stopping threads took: 0.0000228 seconds
2017-04-24T17:04:40.448+0800: 4770.121: Total time for which application threads were stopped: 0.0000754 seconds, Stopping threads took: 0.0000218 seconds
2017-04-24T17:04:40.448+0800: 4770.121: Total time for which application threads were stopped: 0.0000872 seconds, Stopping threads took: 0.0000321 seconds
2017-04-24T17:04:40.448+0800: 4770.121: Total time for which application threads were stopped: 0.0000818 seconds, Stopping threads took: 0.0000276 seconds
2017-04-24T17:04:40.448+0800: 4770.121: Total time for which application threads were stopped: 0.0000731 seconds, Stopping threads took: 0.0000215 seconds
2017-04-24T17:04:40.449+0800: 4770.121: Total time for which application threads were stopped: 0.0000818 seconds, Stopping threads took: 0.0000276 seconds
2017-04-24T17:04:40.449+0800: 4770.122: Total time for which application threads were stopped: 0.0000911 seconds, Stopping threads took: 0.0000292 seconds
2017-04-24T17:04:40.449+0800: 4770.122: Total time for which application threads were stopped: 0.0000828 seconds, Stopping threads took: 0.0000231 seconds
2017-04-24T17:04:40.449+0800: 4770.122: Total time for which application threads were stopped: 0.0000808 seconds, Stopping threads took: 0.0000263 seconds
2017-04-24T17:04:40.449+0800: 4770.122: Total time for which application threads were stopped: 0.0000824 seconds, Stopping threads took: 0.0000279 seconds
2017-04-24T17:04:40.450+0800: 4770.122: Total time for which application threads were stopped: 0.0002239 seconds, Stopping threads took: 0.0000234 seconds
2017-04-24T17:04:40.450+0800: 4770.123: Total time for which application threads were stopped: 0.0002017 seconds, Stopping threads took: 0.0000221 seconds
2017-04-24T17:04:40.450+0800: 4770.123: Total time for which application threads were stopped: 0.0000632 seconds, Stopping threads took: 0.0000115 seconds
2017-04-24T17:04:40.451+0800: 4770.124: Total time for which application threads were stopped: 0.0000625 seconds, Stopping threads took: 0.0000119 seconds
2017-04-24T17:04:40.772+0800: 4770.444: Total time for which application threads were stopped: 0.0002823 seconds, Stopping threads took: 0.0000715 seconds
2017-04-24T17:04:40.772+0800: 4770.444: Total time for which application threads were stopped: 0.0001803 seconds, Stopping threads took: 0.0000330 seconds
2017-04-24T17:04:40.773+0800: 4770.446: Total time for which application threads were stopped: 0.0001652 seconds, Stopping threads took: 0.0000285 seconds
2017-04-24T17:04:40.773+0800: 4770.446: Total time for which application threads were stopped: 0.0001495 seconds, Stopping threads took: 0.0000263 seconds
2017-04-24T17:04:40.774+0800: 4770.446: Total time for which application threads were stopped: 0.0001463 seconds, Stopping threads took: 0.0000276 seconds
2017-04-24T17:04:40.774+0800: 4770.446: Total time for which application threads were stopped: 0.0001398 seconds, Stopping threads took: 0.0000247 seconds
2017-04-24T17:04:40.786+0800: 4770.458: Total time for which application threads were stopped: 0.0002669 seconds, Stopping threads took: 0.0000529 seconds
2017-04-24T17:04:50.437+0800: 4780.109: Total time for which application threads were stopped: 0.0001421 seconds, Stopping threads took: 0.0000298 seconds
2017-04-24T17:04:50.437+0800: 4780.110: Total time for which application threads were stopped: 0.0000706 seconds, Stopping threads took: 0.0000128 seconds
2017-04-24T17:04:50.729+0800: 4780.401: Total time for which application threads were stopped: 0.0003304 seconds, Stopping threads took: 0.0000892 seconds
2017-04-24T17:04:50.729+0800: 4780.401: Total time for which application threads were stopped: 0.0002380 seconds, Stopping threads took: 0.0000504 seconds
2017-04-24T17:04:50.730+0800: 4780.403: Total time for which application threads were stopped: 0.0002197 seconds, Stopping threads took: 0.0000414 seconds
2017-04-24T17:04:50.731+0800: 4780.403: Total time for which application threads were stopped: 0.0001658 seconds, Stopping threads took: 0.0000269 seconds
2017-04-24T17:04:50.731+0800: 4780.403: Total time for which application threads were stopped: 0.0001536 seconds, Stopping threads took: 0.0000276 seconds
2017-04-24T17:04:50.731+0800: 4780.403: Total time for which application threads were stopped: 0.0001398 seconds, Stopping threads took: 0.0000253 seconds
2017-04-24T17:04:50.731+0800: 4780.404: Total time for which application threads were stopped: 0.0002011 seconds, Stopping threads took: 0.0000407 seconds
2017-04-24T17:04:50.741+0800: 4780.413: Total time for which application threads were stopped: 0.0002242 seconds, Stopping threads took: 0.0000423 seconds
2017-04-24T17:05:00.441+0800: 4790.113: Total time for which application threads were stopped: 0.0002893 seconds, Stopping threads took: 0.0000561 seconds
2017-04-24T17:05:00.442+0800: 4790.114: Total time for which application threads were stopped: 0.0002014 seconds, Stopping threads took: 0.0000350 seconds
2017-04-24T17:05:00.797+0800: 4790.469: Total time for which application threads were stopped: 0.0002948 seconds, Stopping threads took: 0.0000597 seconds
2017-04-24T17:05:00.797+0800: 4790.470: Total time for which application threads were stopped: 0.0002050 seconds, Stopping threads took: 0.0000369 seconds
2017-04-24T17:05:00.798+0800: 4790.471: Total time for which application threads were stopped: 0.0002220 seconds, Stopping threads took: 0.0000388 seconds
2017-04-24T17:05:00.798+0800: 4790.471: Total time for which application threads were stopped: 0.0002454 seconds, Stopping threads took: 0.0000455 seconds
2017-04-24T17:05:00.799+0800: 4790.471: Total time for which application threads were stopped: 0.0001758 seconds, Stopping threads took: 0.0000295 seconds
2017-04-24T17:05:00.799+0800: 4790.472: Total time for which application threads were stopped: 0.0001559 seconds, Stopping threads took: 0.0000257 seconds
2017-04-24T17:05:00.799+0800: 4790.472: Total time for which application threads were stopped: 0.0001533 seconds, Stopping threads took: 0.0000257 seconds
2017-04-24T17:05:00.810+0800: 4790.482: Total time for which application threads were stopped: 0.0005295 seconds, Stopping threads took: 0.0000475 seconds
2017-04-24T17:05:10.441+0800: 4800.114: Total time for which application threads were stopped: 0.0001674 seconds, Stopping threads took: 0.0000343 seconds
2017-04-24T17:05:10.442+0800: 4800.114: Total time for which application threads were stopped: 0.0000795 seconds, Stopping threads took: 0.0000154 seconds
2017-04-24T17:05:10.664+0800: 4800.336: Total time for which application threads were stopped: 0.0002720 seconds, Stopping threads took: 0.0000561 seconds
2017-04-24T17:05:10.664+0800: 4800.336: Total time for which application threads were stopped: 0.0002899 seconds, Stopping threads took: 0.0000577 seconds
2017-04-24T17:05:10.665+0800: 4800.337: Total time for which application threads were stopped: 0.0002409 seconds, Stopping threads took: 0.0000619 seconds
2017-04-24T17:05:10.666+0800: 4800.338: Total time for which application threads were stopped: 0.0001809 seconds, Stopping threads took: 0.0000353 seconds
2017-04-24T17:05:10.666+0800: 4800.339: Total time for which application threads were stopped: 0.0001847 seconds, Stopping threads took: 0.0000375 seconds
2017-04-24T17:05:10.666+0800: 4800.339: Total time for which application threads were stopped: 0.0001770 seconds, Stopping threads took: 0.0000475 seconds
2017-04-24T17:05:10.667+0800: 4800.339: Total time for which application threads were stopped: 0.0002406 seconds, Stopping threads took: 0.0000430 seconds
2017-04-24T17:05:10.667+0800: 4800.340: Total time for which application threads were stopped: 0.0004792 seconds, Stopping threads took: 0.0000269 seconds
2017-04-24T17:05:11.667+0800: 4801.340: Total time for which application threads were stopped: 0.0002489 seconds, Stopping threads took: 0.0000529 seconds
2017-04-24T17:05:20.436+0800: 4810.108: Total time for which application threads were stopped: 0.0003214 seconds, Stopping threads took: 0.0000295 seconds
2017-04-24T17:05:20.436+0800: 4810.109: Total time for which application threads were stopped: 0.0002515 seconds, Stopping threads took: 0.0000192 seconds
2017-04-24T17:05:20.691+0800: 4810.364: Total time for which application threads were stopped: 0.0003015 seconds, Stopping threads took: 0.0000805 seconds
2017-04-24T17:05:20.692+0800: 4810.364: Total time for which application threads were stopped: 0.0003002 seconds, Stopping threads took: 0.0001084 seconds
2017-04-24T17:05:20.692+0800: 4810.364: Total time for which application threads were stopped: 0.0002123 seconds, Stopping threads took: 0.0000670 seconds
2017-04-24T17:05:20.694+0800: 4810.366: Total time for which application threads were stopped: 0.0002624 seconds, Stopping threads took: 0.0000690 seconds
2017-04-24T17:05:30.443+0800: 4820.115: Total time for which application threads were stopped: 0.0002556 seconds, Stopping threads took: 0.0000542 seconds
2017-04-24T17:05:30.444+0800: 4820.116: Total time for which application threads were stopped: 0.0002617 seconds, Stopping threads took: 0.0000751 seconds
2017-04-24T17:05:30.765+0800: 4820.437: Total time for which application threads were stopped: 0.0002553 seconds, Stopping threads took: 0.0000587 seconds
2017-04-24T17:05:30.765+0800: 4820.438: Total time for which application threads were stopped: 0.0002059 seconds, Stopping threads took: 0.0000587 seconds
2017-04-24T17:05:30.765+0800: 4820.438: Total time for which application threads were stopped: 0.0002155 seconds, Stopping threads took: 0.0000811 seconds
2017-04-24T17:05:30.767+0800: 4820.439: Total time for which application threads were stopped: 0.0001629 seconds, Stopping threads took: 0.0000314 seconds
2017-04-24T17:05:30.767+0800: 4820.439: Total time for which application threads were stopped: 0.0001424 seconds, Stopping threads took: 0.0000253 seconds
2017-04-24T17:05:30.767+0800: 4820.440: Total time for which application threads were stopped: 0.0001402 seconds, Stopping threads took: 0.0000247 seconds
2017-04-24T17:05:30.767+0800: 4820.440: Total time for which application threads were stopped: 0.0001347 seconds, Stopping threads took: 0.0000234 seconds
2017-04-24T17:05:30.767+0800: 4820.440: Total time for which application threads were stopped: 0.0001347 seconds, Stopping threads took: 0.0000250 seconds
2017-04-24T17:05:40.408+0800: 4830.081: Total time for which application threads were stopped: 0.0001228 seconds, Stopping threads took: 0.0000241 seconds
2017-04-24T17:05:40.415+0800: 4830.088: Total time for which application threads were stopped: 0.0001097 seconds, Stopping threads took: 0.0000298 seconds
2017-04-24T17:05:40.416+0800: 4830.088: Total time for which application threads were stopped: 0.0000587 seconds, Stopping threads took: 0.0000106 seconds
2017-04-24T17:05:40.666+0800: 4830.339: Total time for which application threads were stopped: 0.0001203 seconds, Stopping threads took: 0.0000250 seconds
2017-04-24T17:05:40.667+0800: 4830.339: Total time for which application threads were stopped: 0.0000779 seconds, Stopping threads took: 0.0000173 seconds
2017-04-24T17:05:40.667+0800: 4830.339: Total time for which application threads were stopped: 0.0000779 seconds, Stopping threads took: 0.0000282 seconds
2017-04-24T17:05:40.667+0800: 4830.339: Total time for which application threads were stopped: 0.0000597 seconds, Stopping threads took: 0.0000096 seconds
2017-04-24T17:05:40.667+0800: 4830.339: Total time for which application threads were stopped: 0.0000597 seconds, Stopping threads took: 0.0000103 seconds
2017-04-24T17:05:40.667+0800: 4830.339: Total time for which application threads were stopped: 0.0000471 seconds, Stopping threads took: 0.0000071 seconds
2017-04-24T17:05:40.667+0800: 4830.339: Total time for which application threads were stopped: 0.0000430 seconds, Stopping threads took: 0.0000071 seconds
2017-04-24T17:05:40.667+0800: 4830.340: Total time for which application threads were stopped: 0.0000439 seconds, Stopping threads took: 0.0000074 seconds
2017-04-24T17:05:50.413+0800: 4840.086: Total time for which application threads were stopped: 0.0001123 seconds, Stopping threads took: 0.0000221 seconds
2017-04-24T17:05:50.414+0800: 4840.087: Total time for which application threads were stopped: 0.0000744 seconds, Stopping threads took: 0.0000122 seconds
2017-04-24T17:05:50.664+0800: 4840.336: Total time for which application threads were stopped: 0.0001081 seconds, Stopping threads took: 0.0000225 seconds
2017-04-24T17:05:50.664+0800: 4840.336: Total time for which application threads were stopped: 0.0000795 seconds, Stopping threads took: 0.0000221 seconds
2017-04-24T17:05:50.664+0800: 4840.337: Total time for which application threads were stopped: 0.0000795 seconds, Stopping threads took: 0.0000170 seconds
2017-04-24T17:05:50.664+0800: 4840.337: Total time for which application threads were stopped: 0.0000568 seconds, Stopping threads took: 0.0000096 seconds
2017-04-24T17:05:50.664+0800: 4840.337: Total time for which application threads were stopped: 0.0000484 seconds, Stopping threads took: 0.0000080 seconds
2017-04-24T17:05:50.665+0800: 4840.337: Total time for which application threads were stopped: 0.0000552 seconds, Stopping threads took: 0.0000103 seconds
2017-04-24T17:05:50.665+0800: 4840.337: Total time for which application threads were stopped: 0.0000439 seconds, Stopping threads took: 0.0000071 seconds
2017-04-24T17:05:50.665+0800: 4840.337: Total time for which application threads were stopped: 0.0000452 seconds, Stopping threads took: 0.0000080 seconds
2017-04-24T17:06:00.441+0800: 4850.114: Total time for which application threads were stopped: 0.0003602 seconds, Stopping threads took: 0.0000539 seconds
2017-04-24T17:06:00.442+0800: 4850.115: Total time for which application threads were stopped: 0.0002239 seconds, Stopping threads took: 0.0000423 seconds
2017-04-24T17:06:00.810+0800: 4850.483: Total time for which application threads were stopped: 0.0002980 seconds, Stopping threads took: 0.0000590 seconds
2017-04-24T17:06:00.810+0800: 4850.483: Total time for which application threads were stopped: 0.0002373 seconds, Stopping threads took: 0.0000542 seconds
2017-04-24T17:06:00.811+0800: 4850.483: Total time for which application threads were stopped: 0.0002207 seconds, Stopping threads took: 0.0000831 seconds
2017-04-24T17:06:00.812+0800: 4850.485: Total time for which application threads were stopped: 0.0002017 seconds, Stopping threads took: 0.0000391 seconds
2017-04-24T17:06:00.812+0800: 4850.485: Total time for which application threads were stopped: 0.0001767 seconds, Stopping threads took: 0.0000481 seconds
2017-04-24T17:06:00.813+0800: 4850.485: Total time for which application threads were stopped: 0.0001960 seconds, Stopping threads took: 0.0000709 seconds
2017-04-24T17:06:00.813+0800: 4850.486: Total time for which application threads were stopped: 0.0002110 seconds, Stopping threads took: 0.0000446 seconds
2017-04-24T17:06:00.813+0800: 4850.486: Total time for which application threads were stopped: 0.0001617 seconds, Stopping threads took: 0.0000334 seconds
2017-04-24T17:06:10.441+0800: 4860.113: Total time for which application threads were stopped: 0.0001572 seconds, Stopping threads took: 0.0000340 seconds
2017-04-24T17:06:10.441+0800: 4860.114: Total time for which application threads were stopped: 0.0000754 seconds, Stopping threads took: 0.0000154 seconds
2017-04-24T17:06:10.732+0800: 4860.404: Total time for which application threads were stopped: 0.0002787 seconds, Stopping threads took: 0.0000584 seconds
2017-04-24T17:06:10.732+0800: 4860.405: Total time for which application threads were stopped: 0.0002274 seconds, Stopping threads took: 0.0000520 seconds
2017-04-24T17:06:10.733+0800: 4860.405: Total time for which application threads were stopped: 0.0001677 seconds, Stopping threads took: 0.0000356 seconds
2017-04-24T17:06:10.734+0800: 4860.406: Total time for which application threads were stopped: 0.0002130 seconds, Stopping threads took: 0.0000632 seconds
2017-04-24T17:06:10.734+0800: 4860.407: Total time for which application threads were stopped: 0.0002046 seconds, Stopping threads took: 0.0000574 seconds
2017-04-24T17:06:10.734+0800: 4860.407: Total time for which application threads were stopped: 0.0002050 seconds, Stopping threads took: 0.0000606 seconds
2017-04-24T17:06:10.735+0800: 4860.407: Total time for which application threads were stopped: 0.0001902 seconds, Stopping threads took: 0.0000565 seconds
2017-04-24T17:06:10.735+0800: 4860.407: Total time for which application threads were stopped: 0.0001713 seconds, Stopping threads took: 0.0000491 seconds
{Heap before GC invocations=45 (full 2):
 par new generation   total 109248K, used 92422K [0x00000000e0000000, 0x00000000e8000000, 0x00000000e8000000)
  eden space 87424K,  99% used [0x00000000e0000000, 0x00000000e5516ea0, 0x00000000e5560000)
  from space 21824K,  24% used [0x00000000e6ab0000, 0x00000000e6fdab20, 0x00000000e8000000)
  to   space 21824K,   0% used [0x00000000e5560000, 0x00000000e5560000, 0x00000000e6ab0000)
 concurrent mark-sweep generation total 393216K, used 17825K [0x00000000e8000000, 0x0000000100000000, 0x0000000100000000)
 Metaspace       used 41944K, capacity 42736K, committed 43288K, reserved 1087488K
  class space    used 4583K, capacity 4796K, committed 4940K, reserved 1048576K
2017-04-24T17:06:20.442+0800: 4870.114: [GC (Allocation Failure) 2017-04-24T17:06:20.442+0800: 4870.114: [ParNew
Desired survivor size 20112992 bytes, new threshold 8 (max 8)
- age   1:    2838208 bytes,    2838208 total
- age   2:     702464 bytes,    3540672 total
- age   3:      88384 bytes,    3629056 total
- age   4:      17632 bytes,    3646688 total
- age   5:      17360 bytes,    3664048 total
- age   6:      19472 bytes,    3683520 total
- age   7:      11800 bytes,    3695320 total
- age   8:      10968 bytes,    3706288 total
: 92422K->4663K(109248K), 0.0063984 secs] 110247K->22504K(502464K), 0.0065101 secs] [Times: user=0.06 sys=0.00, real=0.01 secs] 
Heap after GC invocations=46 (full 2):
 par new generation   total 109248K, used 4663K [0x00000000e0000000, 0x00000000e8000000, 0x00000000e8000000)
  eden space 87424K,   0% used [0x00000000e0000000, 0x00000000e0000000, 0x00000000e5560000)
  from space 21824K,  21% used [0x00000000e5560000, 0x00000000e59edcb0, 0x00000000e6ab0000)
  to   space 21824K,   0% used [0x00000000e6ab0000, 0x00000000e6ab0000, 0x00000000e8000000)
 concurrent mark-sweep generation total 393216K, used 17841K [0x00000000e8000000, 0x0000000100000000, 0x0000000100000000)
 Metaspace       used 41944K, capacity 42736K, committed 43288K, reserved 1087488K
  class space    used 4583K, capacity 4796K, committed 4940K, reserved 1048576K
}
2017-04-24T17:06:20.448+0800: 4870.121: Total time for which application threads were stopped: 0.0068449 seconds, Stopping threads took: 0.0000430 seconds
2017-04-24T17:06:20.450+0800: 4870.122: Total time for which application threads were stopped: 0.0001835 seconds, Stopping threads took: 0.0000504 seconds
2017-04-24T17:06:20.451+0800: 4870.124: Total time for which application threads were stopped: 0.0001280 seconds, Stopping threads took: 0.0000212 seconds
2017-04-24T17:06:20.452+0800: 4870.124: Total time for which application threads were stopped: 0.0001382 seconds, Stopping threads took: 0.0000266 seconds
2017-04-24T17:06:20.738+0800: 4870.411: Total time for which application threads were stopped: 0.0003390 seconds, Stopping threads took: 0.0000949 seconds
2017-04-24T17:06:20.739+0800: 4870.412: Total time for which application threads were stopped: 0.0002858 seconds, Stopping threads took: 0.0000802 seconds
2017-04-24T17:06:20.740+0800: 4870.412: Total time for which application threads were stopped: 0.0002367 seconds, Stopping threads took: 0.0000677 seconds
2017-04-24T17:06:20.740+0800: 4870.413: Total time for which application threads were stopped: 0.0002200 seconds, Stopping threads took: 0.0000561 seconds
2017-04-24T17:06:20.742+0800: 4870.414: Total time for which application threads were stopped: 0.0006242 seconds, Stopping threads took: 0.0004673 seconds
2017-04-24T17:06:20.742+0800: 4870.415: Total time for which application threads were stopped: 0.0002531 seconds, Stopping threads took: 0.0000850 seconds
2017-04-24T17:06:20.743+0800: 4870.415: Total time for which application threads were stopped: 0.0005337 seconds, Stopping threads took: 0.0000847 seconds
2017-04-24T17:06:20.743+0800: 4870.416: Total time for which application threads were stopped: 0.0002332 seconds, Stopping threads took: 0.0000818 seconds
2017-04-24T17:06:30.433+0800: 4880.105: Total time for which application threads were stopped: 0.0001450 seconds, Stopping threads took: 0.0000298 seconds
2017-04-24T17:06:30.433+0800: 4880.106: Total time for which application threads were stopped: 0.0000773 seconds, Stopping threads took: 0.0000180 seconds
2017-04-24T17:06:30.706+0800: 4880.378: Total time for which application threads were stopped: 0.0003053 seconds, Stopping threads took: 0.0000609 seconds
2017-04-24T17:06:30.706+0800: 4880.378: Total time for which application threads were stopped: 0.0002001 seconds, Stopping threads took: 0.0000545 seconds
2017-04-24T17:06:30.706+0800: 4880.379: Total time for which application threads were stopped: 0.0001588 seconds, Stopping threads took: 0.0000308 seconds
2017-04-24T17:06:30.708+0800: 4880.380: Total time for which application threads were stopped: 0.0002149 seconds, Stopping threads took: 0.0000427 seconds
2017-04-24T17:06:31.708+0800: 4881.380: Total time for which application threads were stopped: 0.0001161 seconds, Stopping threads took: 0.0000318 seconds
2017-04-24T17:06:40.407+0800: 4890.080: Total time for which application threads were stopped: 0.0004542 seconds, Stopping threads took: 0.0000532 seconds
2017-04-24T17:06:40.441+0800: 4890.113: Total time for which application threads were stopped: 0.0002220 seconds, Stopping threads took: 0.0000587 seconds
2017-04-24T17:06:40.441+0800: 4890.114: Total time for which application threads were stopped: 0.0000702 seconds, Stopping threads took: 0.0000128 seconds
2017-04-24T17:06:40.667+0800: 4890.340: Total time for which application threads were stopped: 0.0003865 seconds, Stopping threads took: 0.0001607 seconds
2017-04-24T17:06:40.668+0800: 4890.340: Total time for which application threads were stopped: 0.0002983 seconds, Stopping threads took: 0.0000985 seconds
2017-04-24T17:06:40.668+0800: 4890.341: Total time for which application threads were stopped: 0.0002127 seconds, Stopping threads took: 0.0000494 seconds
2017-04-24T17:06:40.670+0800: 4890.342: Total time for which application threads were stopped: 0.0003535 seconds, Stopping threads took: 0.0001732 seconds
2017-04-24T17:06:40.670+0800: 4890.343: Total time for which application threads were stopped: 0.0002511 seconds, Stopping threads took: 0.0000651 seconds
2017-04-24T17:06:40.670+0800: 4890.343: Total time for which application threads were stopped: 0.0002483 seconds, Stopping threads took: 0.0000706 seconds
2017-04-24T17:06:40.671+0800: 4890.343: Total time for which application threads were stopped: 0.0002162 seconds, Stopping threads took: 0.0000638 seconds
2017-04-24T17:06:40.671+0800: 4890.344: Total time for which application threads were stopped: 0.0001989 seconds, Stopping threads took: 0.0000670 seconds
2017-04-24T17:06:40.683+0800: 4890.356: Total time for which application threads were stopped: 0.0001546 seconds, Stopping threads took: 0.0000301 seconds
2017-04-24T17:06:50.687+0800: 4900.359: Total time for which application threads were stopped: 0.0002697 seconds, Stopping threads took: 0.0000536 seconds
2017-04-24T17:06:50.717+0800: 4900.389: Total time for which application threads were stopped: 0.0006219 seconds, Stopping threads took: 0.0000600 seconds
2017-04-24T17:06:50.717+0800: 4900.390: Total time for which application threads were stopped: 0.0005635 seconds, Stopping threads took: 0.0000478 seconds
2017-04-24T17:06:50.719+0800: 4900.391: Total time for which application threads were stopped: 0.0002980 seconds, Stopping threads took: 0.0000513 seconds
2017-04-24T17:06:50.719+0800: 4900.392: Total time for which application threads were stopped: 0.0003037 seconds, Stopping threads took: 0.0000497 seconds
2017-04-24T17:06:50.719+0800: 4900.392: Total time for which application threads were stopped: 0.0002784 seconds, Stopping threads took: 0.0000452 seconds
2017-04-24T17:06:50.720+0800: 4900.392: Total time for which application threads were stopped: 0.0002351 seconds, Stopping threads took: 0.0000337 seconds
2017-04-24T17:06:50.720+0800: 4900.393: Total time for which application threads were stopped: 0.0002951 seconds, Stopping threads took: 0.0000484 seconds
2017-04-24T17:07:00.452+0800: 4910.124: Total time for which application threads were stopped: 0.0001379 seconds, Stopping threads took: 0.0000285 seconds
2017-04-24T17:07:00.452+0800: 4910.125: Total time for which application threads were stopped: 0.0000699 seconds, Stopping threads took: 0.0000125 seconds
2017-04-24T17:07:00.743+0800: 4910.416: Total time for which application threads were stopped: 0.0002633 seconds, Stopping threads took: 0.0000600 seconds
2017-04-24T17:07:00.745+0800: 4910.417: Total time for which application threads were stopped: 0.0002364 seconds, Stopping threads took: 0.0000455 seconds
2017-04-24T17:07:00.745+0800: 4910.418: Total time for which application threads were stopped: 0.0002271 seconds, Stopping threads took: 0.0000433 seconds
2017-04-24T17:07:00.745+0800: 4910.418: Total time for which application threads were stopped: 0.0001578 seconds, Stopping threads took: 0.0000282 seconds
2017-04-24T17:07:00.746+0800: 4910.418: Total time for which application threads were stopped: 0.0001495 seconds, Stopping threads took: 0.0000260 seconds
2017-04-24T17:07:00.746+0800: 4910.418: Total time for which application threads were stopped: 0.0001430 seconds, Stopping threads took: 0.0000247 seconds
2017-04-24T17:07:00.756+0800: 4910.428: Total time for which application threads were stopped: 0.0002893 seconds, Stopping threads took: 0.0000532 seconds
2017-04-24T17:07:10.442+0800: 4920.114: Total time for which application threads were stopped: 0.0001690 seconds, Stopping threads took: 0.0000382 seconds
2017-04-24T17:07:10.442+0800: 4920.115: Total time for which application threads were stopped: 0.0001206 seconds, Stopping threads took: 0.0000241 seconds
2017-04-24T17:07:10.763+0800: 4920.436: Total time for which application threads were stopped: 0.0002656 seconds, Stopping threads took: 0.0000529 seconds
2017-04-24T17:07:10.764+0800: 4920.436: Total time for which application threads were stopped: 0.0001966 seconds, Stopping threads took: 0.0000334 seconds
2017-04-24T17:07:10.764+0800: 4920.436: Total time for which application threads were stopped: 0.0002364 seconds, Stopping threads took: 0.0000478 seconds
2017-04-24T17:07:10.764+0800: 4920.437: Total time for which application threads were stopped: 0.0002463 seconds, Stopping threads took: 0.0000625 seconds
2017-04-24T17:07:10.765+0800: 4920.437: Total time for which application threads were stopped: 0.0002383 seconds, Stopping threads took: 0.0000584 seconds
2017-04-24T17:07:10.775+0800: 4920.447: Total time for which application threads were stopped: 0.0002380 seconds, Stopping threads took: 0.0000462 seconds
2017-04-24T17:07:20.436+0800: 4930.108: Total time for which application threads were stopped: 0.0001870 seconds, Stopping threads took: 0.0000427 seconds
2017-04-24T17:07:20.437+0800: 4930.109: Total time for which application threads were stopped: 0.0001196 seconds, Stopping threads took: 0.0000212 seconds
2017-04-24T17:07:20.714+0800: 4930.387: Total time for which application threads were stopped: 0.0002611 seconds, Stopping threads took: 0.0000539 seconds
2017-04-24T17:07:20.714+0800: 4930.387: Total time for which application threads were stopped: 0.0001751 seconds, Stopping threads took: 0.0000289 seconds
2017-04-24T17:07:20.715+0800: 4930.387: Total time for which application threads were stopped: 0.0001819 seconds, Stopping threads took: 0.0000520 seconds
2017-04-24T17:07:20.715+0800: 4930.388: Total time for which application threads were stopped: 0.0001482 seconds, Stopping threads took: 0.0000269 seconds
2017-04-24T17:07:20.715+0800: 4930.388: Total time for which application threads were stopped: 0.0001652 seconds, Stopping threads took: 0.0000285 seconds
2017-04-24T17:07:20.724+0800: 4930.397: Total time for which application threads were stopped: 0.0002296 seconds, Stopping threads took: 0.0000465 seconds
2017-04-24T17:07:30.442+0800: 4940.114: Total time for which application threads were stopped: 0.0002778 seconds, Stopping threads took: 0.0000577 seconds
2017-04-24T17:07:30.443+0800: 4940.115: Total time for which application threads were stopped: 0.0002483 seconds, Stopping threads took: 0.0000465 seconds
2017-04-24T17:07:30.766+0800: 4940.438: Total time for which application threads were stopped: 0.0002681 seconds, Stopping threads took: 0.0000536 seconds
2017-04-24T17:07:30.766+0800: 4940.439: Total time for which application threads were stopped: 0.0002261 seconds, Stopping threads took: 0.0000292 seconds
2017-04-24T17:07:30.766+0800: 4940.439: Total time for which application threads were stopped: 0.0002595 seconds, Stopping threads took: 0.0000478 seconds
2017-04-24T17:07:30.767+0800: 4940.439: Total time for which application threads were stopped: 0.0002274 seconds, Stopping threads took: 0.0000452 seconds
2017-04-24T17:07:30.767+0800: 4940.440: Total time for which application threads were stopped: 0.0005247 seconds, Stopping threads took: 0.0000359 seconds
2017-04-24T17:07:30.777+0800: 4940.450: Total time for which application threads were stopped: 0.0002425 seconds, Stopping threads took: 0.0000465 seconds
2017-04-24T17:07:40.689+0800: 4950.362: Total time for which application threads were stopped: 0.0001495 seconds, Stopping threads took: 0.0000218 seconds
2017-04-24T17:07:40.692+0800: 4950.365: Total time for which application threads were stopped: 0.0001010 seconds, Stopping threads took: 0.0000180 seconds
2017-04-24T17:07:41.692+0800: 4951.365: Total time for which application threads were stopped: 0.0000853 seconds, Stopping threads took: 0.0000237 seconds
2017-04-24T17:07:50.415+0800: 4960.088: Total time for which application threads were stopped: 0.0001116 seconds, Stopping threads took: 0.0000241 seconds
2017-04-24T17:07:50.416+0800: 4960.088: Total time for which application threads were stopped: 0.0000853 seconds, Stopping threads took: 0.0000151 seconds
2017-04-24T17:07:50.666+0800: 4960.339: Total time for which application threads were stopped: 0.0001283 seconds, Stopping threads took: 0.0000231 seconds
2017-04-24T17:07:50.666+0800: 4960.339: Total time for which application threads were stopped: 0.0000994 seconds, Stopping threads took: 0.0000186 seconds
2017-04-24T17:07:50.666+0800: 4960.339: Total time for which application threads were stopped: 0.0001020 seconds, Stopping threads took: 0.0000350 seconds
2017-04-24T17:07:50.667+0800: 4960.339: Total time for which application threads were stopped: 0.0000600 seconds, Stopping threads took: 0.0000083 seconds
2017-04-24T17:07:50.667+0800: 4960.339: Total time for which application threads were stopped: 0.0000696 seconds, Stopping threads took: 0.0000119 seconds
2017-04-24T17:07:50.670+0800: 4960.342: Total time for which application threads were stopped: 0.0000805 seconds, Stopping threads took: 0.0000148 seconds
{Heap before GC invocations=46 (full 2):
 par new generation   total 109248K, used 92074K [0x00000000e0000000, 0x00000000e8000000, 0x00000000e8000000)
  eden space 87424K,  99% used [0x00000000e0000000, 0x00000000e555cd30, 0x00000000e5560000)
  from space 21824K,  21% used [0x00000000e5560000, 0x00000000e59edcb0, 0x00000000e6ab0000)
  to   space 21824K,   0% used [0x00000000e6ab0000, 0x00000000e6ab0000, 0x00000000e8000000)
 concurrent mark-sweep generation total 393216K, used 17841K [0x00000000e8000000, 0x0000000100000000, 0x0000000100000000)
 Metaspace       used 42012K, capacity 42736K, committed 43288K, reserved 1087488K
  class space    used 4583K, capacity 4796K, committed 4940K, reserved 1048576K
2017-04-24T17:08:00.414+0800: 4970.087: [GC (Allocation Failure) 2017-04-24T17:08:00.414+0800: 4970.087: [ParNew
Desired survivor size 20112992 bytes, new threshold 8 (max 8)
- age   1:    2843200 bytes,    2843200 total
- age   2:     710328 bytes,    3553528 total
- age   3:      76728 bytes,    3630256 total
- age   4:      32680 bytes,    3662936 total
- age   5:      16904 bytes,    3679840 total
- age   6:      17360 bytes,    3697200 total
- age   7:      19472 bytes,    3716672 total
- age   8:      11800 bytes,    3728472 total
: 92074K->4405K(109248K), 0.0033857 secs] 109915K->22257K(502464K), 0.0035249 secs] [Times: user=0.00 sys=0.00, real=0.00 secs] 
Heap after GC invocations=47 (full 2):
 par new generation   total 109248K, used 4405K [0x00000000e0000000, 0x00000000e8000000, 0x00000000e8000000)
  eden space 87424K,   0% used [0x00000000e0000000, 0x00000000e0000000, 0x00000000e5560000)
  from space 21824K,  20% used [0x00000000e6ab0000, 0x00000000e6efd5a8, 0x00000000e8000000)
  to   space 21824K,   0% used [0x00000000e5560000, 0x00000000e5560000, 0x00000000e6ab0000)
 concurrent mark-sweep generation total 393216K, used 17851K [0x00000000e8000000, 0x0000000100000000, 0x0000000100000000)
 Metaspace       used 42012K, capacity 42736K, committed 43288K, reserved 1087488K
  class space    used 4583K, capacity 4796K, committed 4940K, reserved 1048576K
}
2017-04-24T17:08:00.418+0800: 4970.090: Total time for which application threads were stopped: 0.0037148 seconds, Stopping threads took: 0.0000228 seconds
2017-04-24T17:08:00.418+0800: 4970.090: Total time for which application threads were stopped: 0.0001078 seconds, Stopping threads took: 0.0000244 seconds
2017-04-24T17:08:00.418+0800: 4970.090: Total time for which application threads were stopped: 0.0000734 seconds, Stopping threads took: 0.0000321 seconds
2017-04-24T17:08:00.418+0800: 4970.091: Total time for which application threads were stopped: 0.0000552 seconds, Stopping threads took: 0.0000196 seconds
2017-04-24T17:08:00.418+0800: 4970.091: Total time for which application threads were stopped: 0.0000443 seconds, Stopping threads took: 0.0000151 seconds
2017-04-24T17:08:00.418+0800: 4970.091: Total time for which application threads were stopped: 0.0000946 seconds, Stopping threads took: 0.0000157 seconds
2017-04-24T17:08:00.419+0800: 4970.091: Total time for which application threads were stopped: 0.0000763 seconds, Stopping threads took: 0.0000192 seconds
2017-04-24T17:08:00.419+0800: 4970.091: Total time for which application threads were stopped: 0.0000565 seconds, Stopping threads took: 0.0000103 seconds
2017-04-24T17:08:00.419+0800: 4970.091: Total time for which application threads were stopped: 0.0000430 seconds, Stopping threads took: 0.0000103 seconds
2017-04-24T17:08:00.419+0800: 4970.091: Total time for which application threads were stopped: 0.0000471 seconds, Stopping threads took: 0.0000154 seconds
2017-04-24T17:08:00.419+0800: 4970.091: Total time for which application threads were stopped: 0.0000465 seconds, Stopping threads took: 0.0000160 seconds
2017-04-24T17:08:00.419+0800: 4970.091: Total time for which application threads were stopped: 0.0000507 seconds, Stopping threads took: 0.0000128 seconds
2017-04-24T17:08:00.419+0800: 4970.091: Total time for which application threads were stopped: 0.0000484 seconds, Stopping threads took: 0.0000154 seconds
2017-04-24T17:08:00.419+0800: 4970.092: Total time for which application threads were stopped: 0.0000491 seconds, Stopping threads took: 0.0000132 seconds
2017-04-24T17:08:00.419+0800: 4970.092: Total time for which application threads were stopped: 0.0000722 seconds, Stopping threads took: 0.0000337 seconds
2017-04-24T17:08:00.419+0800: 4970.092: Total time for which application threads were stopped: 0.0000821 seconds, Stopping threads took: 0.0000221 seconds
2017-04-24T17:08:00.420+0800: 4970.092: Total time for which application threads were stopped: 0.0000741 seconds, Stopping threads took: 0.0000170 seconds
2017-04-24T17:08:00.420+0800: 4970.092: Total time for which application threads were stopped: 0.0000500 seconds, Stopping threads took: 0.0000148 seconds
2017-04-24T17:08:00.420+0800: 4970.092: Total time for which application threads were stopped: 0.0000488 seconds, Stopping threads took: 0.0000160 seconds
2017-04-24T17:08:00.420+0800: 4970.092: Total time for which application threads were stopped: 0.0000459 seconds, Stopping threads took: 0.0000160 seconds
2017-04-24T17:08:00.420+0800: 4970.092: Total time for which application threads were stopped: 0.0000510 seconds, Stopping threads took: 0.0000151 seconds
2017-04-24T17:08:00.420+0800: 4970.092: Total time for which application threads were stopped: 0.0000491 seconds, Stopping threads took: 0.0000151 seconds
2017-04-24T17:08:00.421+0800: 4970.093: Total time for which application threads were stopped: 0.0000699 seconds, Stopping threads took: 0.0000128 seconds
2017-04-24T17:08:00.421+0800: 4970.093: Total time for which application threads were stopped: 0.0000645 seconds, Stopping threads took: 0.0000109 seconds
2017-04-24T17:08:00.646+0800: 4970.319: Total time for which application threads were stopped: 0.0001135 seconds, Stopping threads took: 0.0000212 seconds
2017-04-24T17:08:00.646+0800: 4970.319: Total time for which application threads were stopped: 0.0000901 seconds, Stopping threads took: 0.0000148 seconds
2017-04-24T17:08:00.647+0800: 4970.319: Total time for which application threads were stopped: 0.0000664 seconds, Stopping threads took: 0.0000106 seconds
2017-04-24T17:08:00.647+0800: 4970.319: Total time for which application threads were stopped: 0.0000632 seconds, Stopping threads took: 0.0000109 seconds
2017-04-24T17:08:00.647+0800: 4970.319: Total time for which application threads were stopped: 0.0000629 seconds, Stopping threads took: 0.0000109 seconds
2017-04-24T17:08:00.650+0800: 4970.322: Total time for which application threads were stopped: 0.0000751 seconds, Stopping threads took: 0.0000148 seconds
2017-04-24T17:08:10.415+0800: 4980.088: Total time for which application threads were stopped: 0.0001366 seconds, Stopping threads took: 0.0000221 seconds
2017-04-24T17:08:10.415+0800: 4980.088: Total time for which application threads were stopped: 0.0000728 seconds, Stopping threads took: 0.0000132 seconds
2017-04-24T17:08:10.702+0800: 4980.375: Total time for which application threads were stopped: 0.0002345 seconds, Stopping threads took: 0.0000199 seconds
2017-04-24T17:08:10.702+0800: 4980.375: Total time for which application threads were stopped: 0.0000792 seconds, Stopping threads took: 0.0000154 seconds
2017-04-24T17:08:10.702+0800: 4980.375: Total time for which application threads were stopped: 0.0000725 seconds, Stopping threads took: 0.0000119 seconds
2017-04-24T17:08:10.702+0800: 4980.375: Total time for which application threads were stopped: 0.0000494 seconds, Stopping threads took: 0.0000087 seconds
2017-04-24T17:08:10.702+0800: 4980.375: Total time for which application threads were stopped: 0.0000423 seconds, Stopping threads took: 0.0000074 seconds
2017-04-24T17:08:10.705+0800: 4980.378: Total time for which application threads were stopped: 0.0000638 seconds, Stopping threads took: 0.0000122 seconds
2017-04-24T17:08:20.438+0800: 4990.111: Total time for which application threads were stopped: 0.0001507 seconds, Stopping threads took: 0.0000330 seconds
2017-04-24T17:08:20.439+0800: 4990.111: Total time for which application threads were stopped: 0.0001167 seconds, Stopping threads took: 0.0000237 seconds
2017-04-24T17:08:20.762+0800: 4990.435: Total time for which application threads were stopped: 0.0002883 seconds, Stopping threads took: 0.0000523 seconds
2017-04-24T17:08:20.762+0800: 4990.435: Total time for which application threads were stopped: 0.0001924 seconds, Stopping threads took: 0.0000301 seconds
2017-04-24T17:08:20.763+0800: 4990.435: Total time for which application threads were stopped: 0.0001697 seconds, Stopping threads took: 0.0000273 seconds
2017-04-24T17:08:20.763+0800: 4990.435: Total time for which application threads were stopped: 0.0001645 seconds, Stopping threads took: 0.0000276 seconds
2017-04-24T17:08:20.772+0800: 4990.444: Total time for which application threads were stopped: 0.0002085 seconds, Stopping threads took: 0.0000417 seconds
2017-04-24T17:08:30.429+0800: 5000.101: Total time for which application threads were stopped: 0.0002136 seconds, Stopping threads took: 0.0000378 seconds
2017-04-24T17:08:30.429+0800: 5000.102: Total time for which application threads were stopped: 0.0001437 seconds, Stopping threads took: 0.0000266 seconds
2017-04-24T17:08:30.759+0800: 5000.432: Total time for which application threads were stopped: 0.0002944 seconds, Stopping threads took: 0.0000751 seconds
2017-04-24T17:08:30.759+0800: 5000.432: Total time for which application threads were stopped: 0.0002790 seconds, Stopping threads took: 0.0000754 seconds
2017-04-24T17:08:30.760+0800: 5000.432: Total time for which application threads were stopped: 0.0002572 seconds, Stopping threads took: 0.0000725 seconds
2017-04-24T17:08:30.760+0800: 5000.433: Total time for which application threads were stopped: 0.0002393 seconds, Stopping threads took: 0.0000478 seconds
2017-04-24T17:08:30.760+0800: 5000.433: Total time for which application threads were stopped: 0.0002127 seconds, Stopping threads took: 0.0000565 seconds
2017-04-24T17:08:30.772+0800: 5000.444: Total time for which application threads were stopped: 0.0005924 seconds, Stopping threads took: 0.0000561 seconds
2017-04-24T17:08:36.773+0800: 5006.446: Total time for which application threads were stopped: 0.0000818 seconds, Stopping threads took: 0.0000221 seconds
2017-04-24T17:08:40.443+0800: 5010.116: Total time for which application threads were stopped: 0.0001514 seconds, Stopping threads took: 0.0000346 seconds
2017-04-24T17:08:40.444+0800: 5010.117: Total time for which application threads were stopped: 0.0001058 seconds, Stopping threads took: 0.0000231 seconds
2017-04-24T17:08:40.859+0800: 5010.532: Total time for which application threads were stopped: 0.0002877 seconds, Stopping threads took: 0.0000565 seconds
2017-04-24T17:08:40.861+0800: 5010.533: Total time for which application threads were stopped: 0.0002871 seconds, Stopping threads took: 0.0000468 seconds
2017-04-24T17:08:40.861+0800: 5010.533: Total time for which application threads were stopped: 0.0001825 seconds, Stopping threads took: 0.0000298 seconds
2017-04-24T17:08:40.861+0800: 5010.534: Total time for which application threads were stopped: 0.0001636 seconds, Stopping threads took: 0.0000257 seconds
2017-04-24T17:08:40.861+0800: 5010.534: Total time for which application threads were stopped: 0.0001562 seconds, Stopping threads took: 0.0000257 seconds
2017-04-24T17:08:40.862+0800: 5010.534: Total time for which application threads were stopped: 0.0004452 seconds, Stopping threads took: 0.0000244 seconds
2017-04-24T17:08:50.416+0800: 5020.088: Total time for which application threads were stopped: 0.0000994 seconds, Stopping threads took: 0.0000205 seconds
2017-04-24T17:08:50.416+0800: 5020.089: Total time for which application threads were stopped: 0.0000507 seconds, Stopping threads took: 0.0000093 seconds
2017-04-24T17:08:50.828+0800: 5020.501: Total time for which application threads were stopped: 0.0002720 seconds, Stopping threads took: 0.0000581 seconds
2017-04-24T17:08:50.829+0800: 5020.501: Total time for which application threads were stopped: 0.0003118 seconds, Stopping threads took: 0.0001094 seconds
2017-04-24T17:08:50.829+0800: 5020.502: Total time for which application threads were stopped: 0.0002495 seconds, Stopping threads took: 0.0000799 seconds
2017-04-24T17:08:50.830+0800: 5020.503: Total time for which application threads were stopped: 0.0001607 seconds, Stopping threads took: 0.0000308 seconds
2017-04-24T17:09:00.435+0800: 5030.108: Total time for which application threads were stopped: 0.0002149 seconds, Stopping threads took: 0.0000433 seconds
2017-04-24T17:09:00.436+0800: 5030.109: Total time for which application threads were stopped: 0.0001251 seconds, Stopping threads took: 0.0000215 seconds
2017-04-24T17:09:00.851+0800: 5030.524: Total time for which application threads were stopped: 0.0001081 seconds, Stopping threads took: 0.0000228 seconds
2017-04-24T17:09:00.852+0800: 5030.524: Total time for which application threads were stopped: 0.0000773 seconds, Stopping threads took: 0.0000253 seconds
2017-04-24T17:09:00.852+0800: 5030.524: Total time for which application threads were stopped: 0.0000484 seconds, Stopping threads took: 0.0000087 seconds
2017-04-24T17:09:00.852+0800: 5030.524: Total time for which application threads were stopped: 0.0000651 seconds, Stopping threads took: 0.0000202 seconds
2017-04-24T17:09:00.852+0800: 5030.524: Total time for which application threads were stopped: 0.0000696 seconds, Stopping threads took: 0.0000125 seconds
2017-04-24T17:09:00.852+0800: 5030.525: Total time for which application threads were stopped: 0.0000520 seconds, Stopping threads took: 0.0000096 seconds
2017-04-24T17:09:00.852+0800: 5030.525: Total time for which application threads were stopped: 0.0000584 seconds, Stopping threads took: 0.0000106 seconds
2017-04-24T17:09:00.852+0800: 5030.525: Total time for which application threads were stopped: 0.0000468 seconds, Stopping threads took: 0.0000083 seconds
2017-04-24T17:09:10.449+0800: 5040.122: Total time for which application threads were stopped: 0.0001321 seconds, Stopping threads took: 0.0000244 seconds
2017-04-24T17:09:10.450+0800: 5040.122: Total time for which application threads were stopped: 0.0000924 seconds, Stopping threads took: 0.0000154 seconds
2017-04-24T17:09:10.747+0800: 5040.419: Total time for which application threads were stopped: 0.0002903 seconds, Stopping threads took: 0.0000590 seconds
2017-04-24T17:09:10.747+0800: 5040.420: Total time for which application threads were stopped: 0.0001851 seconds, Stopping threads took: 0.0000356 seconds
2017-04-24T17:09:10.747+0800: 5040.420: Total time for which application threads were stopped: 0.0001626 seconds, Stopping threads took: 0.0000343 seconds
2017-04-24T17:09:10.749+0800: 5040.421: Total time for which application threads were stopped: 0.0001764 seconds, Stopping threads took: 0.0000318 seconds
2017-04-24T17:09:10.749+0800: 5040.421: Total time for which application threads were stopped: 0.0002483 seconds, Stopping threads took: 0.0000455 seconds
2017-04-24T17:09:10.749+0800: 5040.422: Total time for which application threads were stopped: 0.0001665 seconds, Stopping threads took: 0.0000273 seconds
2017-04-24T17:09:10.749+0800: 5040.422: Total time for which application threads were stopped: 0.0001761 seconds, Stopping threads took: 0.0000318 seconds
2017-04-24T17:09:10.750+0800: 5040.422: Total time for which application threads were stopped: 0.0002040 seconds, Stopping threads took: 0.0000398 seconds
2017-04-24T17:09:20.451+0800: 5050.123: Total time for which application threads were stopped: 0.0003634 seconds, Stopping threads took: 0.0000334 seconds
2017-04-24T17:09:20.452+0800: 5050.124: Total time for which application threads were stopped: 0.0002752 seconds, Stopping threads took: 0.0000225 seconds
2017-04-24T17:09:20.799+0800: 5050.472: Total time for which application threads were stopped: 0.0003082 seconds, Stopping threads took: 0.0000872 seconds
2017-04-24T17:09:20.800+0800: 5050.473: Total time for which application threads were stopped: 0.0002752 seconds, Stopping threads took: 0.0000696 seconds
2017-04-24T17:09:20.801+0800: 5050.473: Total time for which application threads were stopped: 0.0002585 seconds, Stopping threads took: 0.0000664 seconds
2017-04-24T17:09:20.801+0800: 5050.474: Total time for which application threads were stopped: 0.0002335 seconds, Stopping threads took: 0.0000635 seconds
2017-04-24T17:09:20.801+0800: 5050.474: Total time for which application threads were stopped: 0.0002101 seconds, Stopping threads took: 0.0000593 seconds
2017-04-24T17:09:20.802+0800: 5050.474: Total time for which application threads were stopped: 0.0001825 seconds, Stopping threads took: 0.0000471 seconds
2017-04-24T17:09:30.441+0800: 5060.113: Total time for which application threads were stopped: 0.0002678 seconds, Stopping threads took: 0.0000510 seconds
2017-04-24T17:09:30.442+0800: 5060.114: Total time for which application threads were stopped: 0.0002072 seconds, Stopping threads took: 0.0000353 seconds
2017-04-24T17:09:30.792+0800: 5060.465: Total time for which application threads were stopped: 0.0002983 seconds, Stopping threads took: 0.0000629 seconds
2017-04-24T17:09:30.793+0800: 5060.466: Total time for which application threads were stopped: 0.0002159 seconds, Stopping threads took: 0.0000334 seconds
2017-04-24T17:09:30.793+0800: 5060.466: Total time for which application threads were stopped: 0.0002502 seconds, Stopping threads took: 0.0000459 seconds
2017-04-24T17:09:30.794+0800: 5060.467: Total time for which application threads were stopped: 0.0003201 seconds, Stopping threads took: 0.0000654 seconds
2017-04-24T17:09:30.794+0800: 5060.467: Total time for which application threads were stopped: 0.0001915 seconds, Stopping threads took: 0.0000327 seconds
2017-04-24T17:09:30.794+0800: 5060.467: Total time for which application threads were stopped: 0.0001597 seconds, Stopping threads took: 0.0000260 seconds
{Heap before GC invocations=47 (full 2):
 par new generation   total 109248K, used 91478K [0x00000000e0000000, 0x00000000e8000000, 0x00000000e8000000)
  eden space 87424K,  99% used [0x00000000e0000000, 0x00000000e5508518, 0x00000000e5560000)
  from space 21824K,  20% used [0x00000000e6ab0000, 0x00000000e6efd5a8, 0x00000000e8000000)
  to   space 21824K,   0% used [0x00000000e5560000, 0x00000000e5560000, 0x00000000e6ab0000)
 concurrent mark-sweep generation total 393216K, used 17851K [0x00000000e8000000, 0x0000000100000000, 0x0000000100000000)
 Metaspace       used 42077K, capacity 42864K, committed 43288K, reserved 1087488K
  class space    used 4583K, capacity 4796K, committed 4940K, reserved 1048576K
2017-04-24T17:09:40.438+0800: 5070.110: [GC (Allocation Failure) 2017-04-24T17:09:40.438+0800: 5070.110: [ParNew
Desired survivor size 20112992 bytes, new threshold 8 (max 8)
- age   1:    2851792 bytes,    2851792 total
- age   2:     715640 bytes,    3567432 total
- age   3:      84776 bytes,    3652208 total
- age   4:      20912 bytes,    3673120 total
- age   5:      31984 bytes,    3705104 total
- age   6:      16904 bytes,    3722008 total
- age   7:      17360 bytes,    3739368 total
- age   8:      19472 bytes,    3758840 total
: 91478K->5999K(109248K), 0.0070066 secs] 109330K->23862K(502464K), 0.0071358 secs] [Times: user=0.06 sys=0.00, real=0.01 secs] 
Heap after GC invocations=48 (full 2):
 par new generation   total 109248K, used 5999K [0x00000000e0000000, 0x00000000e8000000, 0x00000000e8000000)
  eden space 87424K,   0% used [0x00000000e0000000, 0x00000000e0000000, 0x00000000e5560000)
  from space 21824K,  27% used [0x00000000e5560000, 0x00000000e5b3be80, 0x00000000e6ab0000)
  to   space 21824K,   0% used [0x00000000e6ab0000, 0x00000000e6ab0000, 0x00000000e8000000)
 concurrent mark-sweep generation total 393216K, used 17863K [0x00000000e8000000, 0x0000000100000000, 0x0000000100000000)
 Metaspace       used 42077K, capacity 42864K, committed 43288K, reserved 1087488K
  class space    used 4583K, capacity 4796K, committed 4940K, reserved 1048576K
}
2017-04-24T17:09:40.445+0800: 5070.118: Total time for which application threads were stopped: 0.0076006 seconds, Stopping threads took: 0.0000561 seconds
2017-04-24T17:09:40.445+0800: 5070.118: Total time for which application threads were stopped: 0.0001754 seconds, Stopping threads took: 0.0000616 seconds
2017-04-24T17:09:40.445+0800: 5070.118: Total time for which application threads were stopped: 0.0001296 seconds, Stopping threads took: 0.0000481 seconds
2017-04-24T17:09:40.446+0800: 5070.118: Total time for which application threads were stopped: 0.0000981 seconds, Stopping threads took: 0.0000282 seconds
2017-04-24T17:09:40.446+0800: 5070.119: Total time for which application threads were stopped: 0.0000988 seconds, Stopping threads took: 0.0000298 seconds
2017-04-24T17:09:40.446+0800: 5070.119: Total time for which application threads were stopped: 0.0001155 seconds, Stopping threads took: 0.0000196 seconds
2017-04-24T17:09:40.446+0800: 5070.119: Total time for which application threads were stopped: 0.0000834 seconds, Stopping threads took: 0.0000157 seconds
2017-04-24T17:09:40.447+0800: 5070.119: Total time for which application threads were stopped: 0.0000760 seconds, Stopping threads took: 0.0000157 seconds
2017-04-24T17:09:40.447+0800: 5070.119: Total time for which application threads were stopped: 0.0000699 seconds, Stopping threads took: 0.0000144 seconds
2017-04-24T17:09:40.447+0800: 5070.120: Total time for which application threads were stopped: 0.0000706 seconds, Stopping threads took: 0.0000138 seconds
2017-04-24T17:09:40.447+0800: 5070.120: Total time for which application threads were stopped: 0.0000702 seconds, Stopping threads took: 0.0000148 seconds
2017-04-24T17:09:40.447+0800: 5070.120: Total time for which application threads were stopped: 0.0000866 seconds, Stopping threads took: 0.0000234 seconds
2017-04-24T17:09:40.447+0800: 5070.120: Total time for which application threads were stopped: 0.0000818 seconds, Stopping threads took: 0.0000218 seconds
2017-04-24T17:09:40.448+0800: 5070.120: Total time for which application threads were stopped: 0.0000959 seconds, Stopping threads took: 0.0000250 seconds
2017-04-24T17:09:40.448+0800: 5070.120: Total time for which application threads were stopped: 0.0000991 seconds, Stopping threads took: 0.0000334 seconds
2017-04-24T17:09:40.448+0800: 5070.120: Total time for which application threads were stopped: 0.0000872 seconds, Stopping threads took: 0.0000273 seconds
2017-04-24T17:09:40.448+0800: 5070.121: Total time for which application threads were stopped: 0.0000895 seconds, Stopping threads took: 0.0000279 seconds
2017-04-24T17:09:40.448+0800: 5070.121: Total time for which application threads were stopped: 0.0000885 seconds, Stopping threads took: 0.0000285 seconds
2017-04-24T17:09:40.448+0800: 5070.121: Total time for which application threads were stopped: 0.0000863 seconds, Stopping threads took: 0.0000279 seconds
2017-04-24T17:09:40.449+0800: 5070.121: Total time for which application threads were stopped: 0.0000799 seconds, Stopping threads took: 0.0000221 seconds
2017-04-24T17:09:40.449+0800: 5070.121: Total time for which application threads were stopped: 0.0000876 seconds, Stopping threads took: 0.0000301 seconds
2017-04-24T17:09:40.449+0800: 5070.122: Total time for which application threads were stopped: 0.0002319 seconds, Stopping threads took: 0.0000228 seconds
2017-04-24T17:09:40.449+0800: 5070.122: Total time for which application threads were stopped: 0.0002361 seconds, Stopping threads took: 0.0000318 seconds
2017-04-24T17:09:40.450+0800: 5070.122: Total time for which application threads were stopped: 0.0000699 seconds, Stopping threads took: 0.0000119 seconds
2017-04-24T17:09:40.450+0800: 5070.123: Total time for which application threads were stopped: 0.0000725 seconds, Stopping threads took: 0.0000132 seconds
2017-04-24T17:09:40.727+0800: 5070.400: Total time for which application threads were stopped: 0.0002899 seconds, Stopping threads took: 0.0000638 seconds
2017-04-24T17:09:40.728+0800: 5070.400: Total time for which application threads were stopped: 0.0002332 seconds, Stopping threads took: 0.0000443 seconds
2017-04-24T17:09:40.728+0800: 5070.400: Total time for which application threads were stopped: 0.0002444 seconds, Stopping threads took: 0.0000895 seconds
2017-04-24T17:09:40.729+0800: 5070.402: Total time for which application threads were stopped: 0.0002101 seconds, Stopping threads took: 0.0000356 seconds
2017-04-24T17:09:40.729+0800: 5070.402: Total time for which application threads were stopped: 0.0002056 seconds, Stopping threads took: 0.0000366 seconds
2017-04-24T17:09:40.730+0800: 5070.402: Total time for which application threads were stopped: 0.0001700 seconds, Stopping threads took: 0.0000295 seconds
2017-04-24T17:09:40.730+0800: 5070.402: Total time for which application threads were stopped: 0.0001530 seconds, Stopping threads took: 0.0000253 seconds
2017-04-24T17:09:40.730+0800: 5070.403: Total time for which application threads were stopped: 0.0001524 seconds, Stopping threads took: 0.0000247 seconds
2017-04-24T17:09:50.437+0800: 5080.110: Total time for which application threads were stopped: 0.0001770 seconds, Stopping threads took: 0.0000362 seconds
2017-04-24T17:09:50.438+0800: 5080.110: Total time for which application threads were stopped: 0.0001286 seconds, Stopping threads took: 0.0000228 seconds
2017-04-24T17:09:50.736+0800: 5080.408: Total time for which application threads were stopped: 0.0002823 seconds, Stopping threads took: 0.0000622 seconds
2017-04-24T17:09:50.736+0800: 5080.409: Total time for which application threads were stopped: 0.0002450 seconds, Stopping threads took: 0.0000542 seconds
2017-04-24T17:09:50.737+0800: 5080.409: Total time for which application threads were stopped: 0.0002479 seconds, Stopping threads took: 0.0000892 seconds
2017-04-24T17:09:50.738+0800: 5080.410: Total time for which application threads were stopped: 0.0001989 seconds, Stopping threads took: 0.0000388 seconds
2017-04-24T17:09:50.738+0800: 5080.410: Total time for which application threads were stopped: 0.0001607 seconds, Stopping threads took: 0.0000273 seconds
2017-04-24T17:09:50.738+0800: 5080.411: Total time for which application threads were stopped: 0.0001447 seconds, Stopping threads took: 0.0000257 seconds
2017-04-24T17:09:50.739+0800: 5080.411: Total time for which application threads were stopped: 0.0001536 seconds, Stopping threads took: 0.0000241 seconds
2017-04-24T17:09:50.739+0800: 5080.411: Total time for which application threads were stopped: 0.0004923 seconds, Stopping threads took: 0.0000241 seconds
2017-04-24T17:10:00.440+0800: 5090.113: Total time for which application threads were stopped: 0.0002681 seconds, Stopping threads took: 0.0000619 seconds
2017-04-24T17:10:00.441+0800: 5090.114: Total time for which application threads were stopped: 0.0001591 seconds, Stopping threads took: 0.0000343 seconds
2017-04-24T17:10:00.730+0800: 5090.402: Total time for which application threads were stopped: 0.0003082 seconds, Stopping threads took: 0.0000661 seconds
2017-04-24T17:10:00.730+0800: 5090.402: Total time for which application threads were stopped: 0.0002691 seconds, Stopping threads took: 0.0000555 seconds
2017-04-24T17:10:00.730+0800: 5090.403: Total time for which application threads were stopped: 0.0002598 seconds, Stopping threads took: 0.0000760 seconds
2017-04-24T17:10:00.732+0800: 5090.404: Total time for which application threads were stopped: 0.0002457 seconds, Stopping threads took: 0.0000674 seconds
2017-04-24T17:10:10.413+0800: 5100.085: Total time for which application threads were stopped: 0.0001014 seconds, Stopping threads took: 0.0000208 seconds
2017-04-24T17:10:10.413+0800: 5100.086: Total time for which application threads were stopped: 0.0000414 seconds, Stopping threads took: 0.0000067 seconds
2017-04-24T17:10:10.741+0800: 5100.413: Total time for which application threads were stopped: 0.0003374 seconds, Stopping threads took: 0.0000991 seconds
2017-04-24T17:10:10.742+0800: 5100.415: Total time for which application threads were stopped: 0.0002348 seconds, Stopping threads took: 0.0000369 seconds
2017-04-24T17:10:10.743+0800: 5100.415: Total time for which application threads were stopped: 0.0002848 seconds, Stopping threads took: 0.0000446 seconds
2017-04-24T17:10:10.743+0800: 5100.415: Total time for which application threads were stopped: 0.0001953 seconds, Stopping threads took: 0.0000350 seconds
2017-04-24T17:10:10.743+0800: 5100.416: Total time for which application threads were stopped: 0.0002149 seconds, Stopping threads took: 0.0000404 seconds
2017-04-24T17:10:10.744+0800: 5100.416: Total time for which application threads were stopped: 0.0002110 seconds, Stopping threads took: 0.0000346 seconds
2017-04-24T17:10:10.758+0800: 5100.431: Total time for which application threads were stopped: 0.0002729 seconds, Stopping threads took: 0.0000539 seconds
2017-04-24T17:10:20.407+0800: 5110.079: Total time for which application threads were stopped: 0.0003342 seconds, Stopping threads took: 0.0000372 seconds
2017-04-24T17:10:20.428+0800: 5110.100: Total time for which application threads were stopped: 0.0001860 seconds, Stopping threads took: 0.0000401 seconds
2017-04-24T17:10:20.429+0800: 5110.101: Total time for which application threads were stopped: 0.0001687 seconds, Stopping threads took: 0.0000350 seconds
2017-04-24T17:10:20.708+0800: 5110.380: Total time for which application threads were stopped: 0.0002736 seconds, Stopping threads took: 0.0000513 seconds
2017-04-24T17:10:20.708+0800: 5110.381: Total time for which application threads were stopped: 0.0002066 seconds, Stopping threads took: 0.0000552 seconds
2017-04-24T17:10:20.709+0800: 5110.382: Total time for which application threads were stopped: 0.0002296 seconds, Stopping threads took: 0.0000420 seconds
2017-04-24T17:10:20.710+0800: 5110.382: Total time for which application threads were stopped: 0.0002072 seconds, Stopping threads took: 0.0000407 seconds
2017-04-24T17:10:20.710+0800: 5110.382: Total time for which application threads were stopped: 0.0001613 seconds, Stopping threads took: 0.0000279 seconds
2017-04-24T17:10:20.710+0800: 5110.383: Total time for which application threads were stopped: 0.0001896 seconds, Stopping threads took: 0.0000356 seconds
2017-04-24T17:10:20.711+0800: 5110.383: Total time for which application threads were stopped: 0.0001892 seconds, Stopping threads took: 0.0000356 seconds
2017-04-24T17:10:20.721+0800: 5110.394: Total time for which application threads were stopped: 0.0002268 seconds, Stopping threads took: 0.0000449 seconds
2017-04-24T17:10:30.781+0800: 5120.454: Total time for which application threads were stopped: 0.0003220 seconds, Stopping threads took: 0.0001010 seconds
2017-04-24T17:10:30.782+0800: 5120.454: Total time for which application threads were stopped: 0.0001883 seconds, Stopping threads took: 0.0000385 seconds
2017-04-24T17:10:30.783+0800: 5120.455: Total time for which application threads were stopped: 0.0002806 seconds, Stopping threads took: 0.0000327 seconds
2017-04-24T17:10:30.783+0800: 5120.456: Total time for which application threads were stopped: 0.0003368 seconds, Stopping threads took: 0.0000449 seconds
2017-04-24T17:10:30.784+0800: 5120.456: Total time for which application threads were stopped: 0.0002476 seconds, Stopping threads took: 0.0000273 seconds
2017-04-24T17:10:30.784+0800: 5120.456: Total time for which application threads were stopped: 0.0002922 seconds, Stopping threads took: 0.0000388 seconds
2017-04-24T17:10:30.784+0800: 5120.457: Total time for which application threads were stopped: 0.0002383 seconds, Stopping threads took: 0.0000285 seconds
2017-04-24T17:10:30.797+0800: 5120.469: Total time for which application threads were stopped: 0.0002681 seconds, Stopping threads took: 0.0000516 seconds
2017-04-24T17:10:40.442+0800: 5130.114: Total time for which application threads were stopped: 0.0001626 seconds, Stopping threads took: 0.0000318 seconds
2017-04-24T17:10:40.443+0800: 5130.115: Total time for which application threads were stopped: 0.0000786 seconds, Stopping threads took: 0.0000148 seconds
2017-04-24T17:10:40.703+0800: 5130.376: Total time for which application threads were stopped: 0.0002790 seconds, Stopping threads took: 0.0000581 seconds
2017-04-24T17:10:40.703+0800: 5130.376: Total time for which application threads were stopped: 0.0001742 seconds, Stopping threads took: 0.0000266 seconds
2017-04-24T17:10:40.704+0800: 5130.376: Total time for which application threads were stopped: 0.0002329 seconds, Stopping threads took: 0.0000430 seconds
2017-04-24T17:10:40.704+0800: 5130.377: Total time for which application threads were stopped: 0.0001562 seconds, Stopping threads took: 0.0000257 seconds
2017-04-24T17:10:40.704+0800: 5130.377: Total time for which application threads were stopped: 0.0001443 seconds, Stopping threads took: 0.0000241 seconds
2017-04-24T17:10:40.713+0800: 5130.386: Total time for which application threads were stopped: 0.0002165 seconds, Stopping threads took: 0.0000436 seconds
2017-04-24T17:10:50.436+0800: 5140.108: Total time for which application threads were stopped: 0.0001899 seconds, Stopping threads took: 0.0000382 seconds
2017-04-24T17:10:50.436+0800: 5140.109: Total time for which application threads were stopped: 0.0001357 seconds, Stopping threads took: 0.0000247 seconds
2017-04-24T17:10:50.714+0800: 5140.386: Total time for which application threads were stopped: 0.0002835 seconds, Stopping threads took: 0.0000683 seconds
2017-04-24T17:10:50.714+0800: 5140.387: Total time for which application threads were stopped: 0.0001770 seconds, Stopping threads took: 0.0000340 seconds
2017-04-24T17:10:50.715+0800: 5140.388: Total time for which application threads were stopped: 0.0001668 seconds, Stopping threads took: 0.0000301 seconds
2017-04-24T17:10:50.715+0800: 5140.388: Total time for which application threads were stopped: 0.0001552 seconds, Stopping threads took: 0.0000273 seconds
2017-04-24T17:10:50.716+0800: 5140.388: Total time for which application threads were stopped: 0.0001507 seconds, Stopping threads took: 0.0000266 seconds
2017-04-24T17:10:50.716+0800: 5140.388: Total time for which application threads were stopped: 0.0001456 seconds, Stopping threads took: 0.0000260 seconds
2017-04-24T17:10:50.716+0800: 5140.389: Total time for which application threads were stopped: 0.0002277 seconds, Stopping threads took: 0.0000452 seconds
2017-04-24T17:10:50.726+0800: 5140.398: Total time for which application threads were stopped: 0.0002236 seconds, Stopping threads took: 0.0000446 seconds
2017-04-24T17:11:00.440+0800: 5150.113: Total time for which application threads were stopped: 0.0002701 seconds, Stopping threads took: 0.0000545 seconds
2017-04-24T17:11:00.442+0800: 5150.114: Total time for which application threads were stopped: 0.0001998 seconds, Stopping threads took: 0.0000343 seconds
2017-04-24T17:11:00.803+0800: 5150.475: Total time for which application threads were stopped: 0.0001161 seconds, Stopping threads took: 0.0000298 seconds
2017-04-24T17:11:00.803+0800: 5150.475: Total time for which application threads were stopped: 0.0000622 seconds, Stopping threads took: 0.0000128 seconds
2017-04-24T17:11:00.803+0800: 5150.475: Total time for which application threads were stopped: 0.0000439 seconds, Stopping threads took: 0.0000087 seconds
2017-04-24T17:11:00.803+0800: 5150.475: Total time for which application threads were stopped: 0.0000468 seconds, Stopping threads took: 0.0000099 seconds
2017-04-24T17:11:00.803+0800: 5150.475: Total time for which application threads were stopped: 0.0000664 seconds, Stopping threads took: 0.0000096 seconds
2017-04-24T17:11:00.803+0800: 5150.476: Total time for which application threads were stopped: 0.0000430 seconds, Stopping threads took: 0.0000090 seconds
2017-04-24T17:11:00.803+0800: 5150.476: Total time for which application threads were stopped: 0.0001479 seconds, Stopping threads took: 0.0000080 seconds
2017-04-24T17:11:00.807+0800: 5150.479: Total time for which application threads were stopped: 0.0001158 seconds, Stopping threads took: 0.0000234 seconds
2017-04-24T17:11:10.415+0800: 5160.087: Total time for which application threads were stopped: 0.0000965 seconds, Stopping threads took: 0.0000205 seconds
2017-04-24T17:11:10.415+0800: 5160.088: Total time for which application threads were stopped: 0.0000568 seconds, Stopping threads took: 0.0000112 seconds
2017-04-24T17:11:10.699+0800: 5160.371: Total time for which application threads were stopped: 0.0002762 seconds, Stopping threads took: 0.0000548 seconds
2017-04-24T17:11:10.699+0800: 5160.371: Total time for which application threads were stopped: 0.0002370 seconds, Stopping threads took: 0.0001004 seconds
2017-04-24T17:11:10.700+0800: 5160.372: Total time for which application threads were stopped: 0.0001764 seconds, Stopping threads took: 0.0000346 seconds
2017-04-24T17:11:10.711+0800: 5160.383: Total time for which application threads were stopped: 0.0002659 seconds, Stopping threads took: 0.0000552 seconds
{Heap before GC invocations=48 (full 2):
 par new generation   total 109248K, used 93063K [0x00000000e0000000, 0x00000000e8000000, 0x00000000e8000000)
  eden space 87424K,  99% used [0x00000000e0000000, 0x00000000e5506158, 0x00000000e5560000)
  from space 21824K,  27% used [0x00000000e5560000, 0x00000000e5b3be80, 0x00000000e6ab0000)
  to   space 21824K,   0% used [0x00000000e6ab0000, 0x00000000e6ab0000, 0x00000000e8000000)
 concurrent mark-sweep generation total 393216K, used 17863K [0x00000000e8000000, 0x0000000100000000, 0x0000000100000000)
 Metaspace       used 42077K, capacity 42864K, committed 43288K, reserved 1087488K
  class space    used 4583K, capacity 4796K, committed 4940K, reserved 1048576K
2017-04-24T17:11:20.433+0800: 5170.105: [GC (Allocation Failure) 2017-04-24T17:11:20.433+0800: 5170.106: [ParNew
Desired survivor size 20112992 bytes, new threshold 8 (max 8)
- age   1:    2887584 bytes,    2887584 total
- age   2:     724232 bytes,    3611816 total
- age   3:      89800 bytes,    3701616 total
- age   4:      28616 bytes,    3730232 total
- age   5:      20216 bytes,    3750448 total
- age   6:      31984 bytes,    3782432 total
- age   7:      16904 bytes,    3799336 total
- age   8:      17360 bytes,    3816696 total
: 93063K->4489K(109248K), 0.0069867 secs] 110927K->22371K(502464K), 0.0071002 secs] [Times: user=0.00 sys=0.00, real=0.01 secs] 
Heap after GC invocations=49 (full 2):
 par new generation   total 109248K, used 4489K [0x00000000e0000000, 0x00000000e8000000, 0x00000000e8000000)
  eden space 87424K,   0% used [0x00000000e0000000, 0x00000000e0000000, 0x00000000e5560000)
  from space 21824K,  20% used [0x00000000e6ab0000, 0x00000000e6f12490, 0x00000000e8000000)
  to   space 21824K,   0% used [0x00000000e5560000, 0x00000000e5560000, 0x00000000e6ab0000)
 concurrent mark-sweep generation total 393216K, used 17882K [0x00000000e8000000, 0x0000000100000000, 0x0000000100000000)
 Metaspace       used 42077K, capacity 42864K, committed 43288K, reserved 1087488K
  class space    used 4583K, capacity 4796K, committed 4940K, reserved 1048576K
}
2017-04-24T17:11:20.440+0800: 5170.113: Total time for which application threads were stopped: 0.0074197 seconds, Stopping threads took: 0.0000369 seconds
2017-04-24T17:11:20.441+0800: 5170.114: Total time for which application threads were stopped: 0.0001918 seconds, Stopping threads took: 0.0000507 seconds
2017-04-24T17:11:20.442+0800: 5170.115: Total time for which application threads were stopped: 0.0001533 seconds, Stopping threads took: 0.0000420 seconds
2017-04-24T17:11:20.443+0800: 5170.116: Total time for which application threads were stopped: 0.0001498 seconds, Stopping threads took: 0.0000398 seconds
2017-04-24T17:11:20.444+0800: 5170.116: Total time for which application threads were stopped: 0.0001232 seconds, Stopping threads took: 0.0000455 seconds
2017-04-24T17:11:20.723+0800: 5170.396: Total time for which application threads were stopped: 0.0001084 seconds, Stopping threads took: 0.0000205 seconds
2017-04-24T17:11:20.723+0800: 5170.396: Total time for which application threads were stopped: 0.0000914 seconds, Stopping threads took: 0.0000180 seconds
2017-04-24T17:11:20.723+0800: 5170.396: Total time for which application threads were stopped: 0.0000622 seconds, Stopping threads took: 0.0000077 seconds
2017-04-24T17:11:20.723+0800: 5170.396: Total time for which application threads were stopped: 0.0000398 seconds, Stopping threads took: 0.0000067 seconds
2017-04-24T17:11:20.723+0800: 5170.396: Total time for which application threads were stopped: 0.0000375 seconds, Stopping threads took: 0.0000064 seconds
2017-04-24T17:11:20.730+0800: 5170.403: Total time for which application threads were stopped: 0.0001081 seconds, Stopping threads took: 0.0000208 seconds
2017-04-24T17:11:30.434+0800: 5180.106: Total time for which application threads were stopped: 0.0001690 seconds, Stopping threads took: 0.0000318 seconds
2017-04-24T17:11:30.435+0800: 5180.107: Total time for which application threads were stopped: 0.0001617 seconds, Stopping threads took: 0.0000266 seconds
2017-04-24T17:11:30.719+0800: 5180.391: Total time for which application threads were stopped: 0.0002649 seconds, Stopping threads took: 0.0000532 seconds
2017-04-24T17:11:30.719+0800: 5180.392: Total time for which application threads were stopped: 0.0002887 seconds, Stopping threads took: 0.0000850 seconds
2017-04-24T17:11:30.721+0800: 5180.393: Total time for which application threads were stopped: 0.0001912 seconds, Stopping threads took: 0.0000353 seconds
2017-04-24T17:11:30.721+0800: 5180.393: Total time for which application threads were stopped: 0.0001767 seconds, Stopping threads took: 0.0000298 seconds
2017-04-24T17:11:30.721+0800: 5180.393: Total time for which application threads were stopped: 0.0001610 seconds, Stopping threads took: 0.0000266 seconds
2017-04-24T17:11:30.721+0800: 5180.394: Total time for which application threads were stopped: 0.0001511 seconds, Stopping threads took: 0.0000247 seconds
2017-04-24T17:11:30.721+0800: 5180.394: Total time for which application threads were stopped: 0.0001501 seconds, Stopping threads took: 0.0000250 seconds
2017-04-24T17:11:30.732+0800: 5180.404: Total time for which application threads were stopped: 0.0002563 seconds, Stopping threads took: 0.0000504 seconds
2017-04-24T17:11:40.435+0800: 5190.107: Total time for which application threads were stopped: 0.0002280 seconds, Stopping threads took: 0.0000475 seconds
2017-04-24T17:11:40.436+0800: 5190.108: Total time for which application threads were stopped: 0.0001280 seconds, Stopping threads took: 0.0000247 seconds
2017-04-24T17:11:40.730+0800: 5190.403: Total time for which application threads were stopped: 0.0002614 seconds, Stopping threads took: 0.0000526 seconds
2017-04-24T17:11:40.731+0800: 5190.403: Total time for which application threads were stopped: 0.0002213 seconds, Stopping threads took: 0.0000449 seconds
2017-04-24T17:11:40.731+0800: 5190.403: Total time for which application threads were stopped: 0.0001453 seconds, Stopping threads took: 0.0000260 seconds
2017-04-24T17:11:40.731+0800: 5190.404: Total time for which application threads were stopped: 0.0001382 seconds, Stopping threads took: 0.0000269 seconds
2017-04-24T17:11:40.731+0800: 5190.404: Total time for which application threads were stopped: 0.0001350 seconds, Stopping threads took: 0.0000244 seconds
2017-04-24T17:11:40.743+0800: 5190.416: Total time for which application threads were stopped: 0.0003204 seconds, Stopping threads took: 0.0001046 seconds
2017-04-24T17:11:50.436+0800: 5200.109: Total time for which application threads were stopped: 0.0001867 seconds, Stopping threads took: 0.0000356 seconds
2017-04-24T17:11:50.437+0800: 5200.109: Total time for which application threads were stopped: 0.0000927 seconds, Stopping threads took: 0.0000170 seconds
2017-04-24T17:11:50.739+0800: 5200.412: Total time for which application threads were stopped: 0.0002736 seconds, Stopping threads took: 0.0000584 seconds
2017-04-24T17:11:50.740+0800: 5200.412: Total time for which application threads were stopped: 0.0002415 seconds, Stopping threads took: 0.0000869 seconds
2017-04-24T17:11:50.741+0800: 5200.414: Total time for which application threads were stopped: 0.0005626 seconds, Stopping threads took: 0.0000430 seconds
2017-04-24T17:11:50.741+0800: 5200.414: Total time for which application threads were stopped: 0.0002582 seconds, Stopping threads took: 0.0000863 seconds
2017-04-24T17:11:50.742+0800: 5200.415: Total time for which application threads were stopped: 0.0002261 seconds, Stopping threads took: 0.0000548 seconds
2017-04-24T17:11:50.742+0800: 5200.415: Total time for which application threads were stopped: 0.0001706 seconds, Stopping threads took: 0.0000298 seconds
2017-04-24T17:11:50.742+0800: 5200.415: Total time for which application threads were stopped: 0.0001793 seconds, Stopping threads took: 0.0000362 seconds
2017-04-24T17:11:50.752+0800: 5200.425: Total time for which application threads were stopped: 0.0001966 seconds, Stopping threads took: 0.0000391 seconds
2017-04-24T17:12:00.431+0800: 5210.104: Total time for which application threads were stopped: 0.0002373 seconds, Stopping threads took: 0.0000718 seconds
2017-04-24T17:12:00.432+0800: 5210.105: Total time for which application threads were stopped: 0.0001398 seconds, Stopping threads took: 0.0000449 seconds
2017-04-24T17:12:00.773+0800: 5210.445: Total time for which application threads were stopped: 0.0002806 seconds, Stopping threads took: 0.0000520 seconds
2017-04-24T17:12:00.773+0800: 5210.446: Total time for which application threads were stopped: 0.0002466 seconds, Stopping threads took: 0.0000507 seconds
2017-04-24T17:12:00.775+0800: 5210.447: Total time for which application threads were stopped: 0.0002187 seconds, Stopping threads took: 0.0000674 seconds
2017-04-24T17:12:00.775+0800: 5210.448: Total time for which application threads were stopped: 0.0001642 seconds, Stopping threads took: 0.0000548 seconds
2017-04-24T17:12:00.775+0800: 5210.448: Total time for which application threads were stopped: 0.0002056 seconds, Stopping threads took: 0.0000568 seconds
2017-04-24T17:12:00.775+0800: 5210.448: Total time for which application threads were stopped: 0.0001677 seconds, Stopping threads took: 0.0000427 seconds
2017-04-24T17:12:00.821+0800: 5210.494: Total time for which application threads were stopped: 0.0004089 seconds, Stopping threads took: 0.0000366 seconds
2017-04-24T17:12:10.441+0800: 5220.113: Total time for which application threads were stopped: 0.0001447 seconds, Stopping threads took: 0.0000295 seconds
2017-04-24T17:12:10.441+0800: 5220.114: Total time for which application threads were stopped: 0.0001026 seconds, Stopping threads took: 0.0000212 seconds
2017-04-24T17:12:10.750+0800: 5220.423: Total time for which application threads were stopped: 0.0003217 seconds, Stopping threads took: 0.0001007 seconds
2017-04-24T17:12:10.750+0800: 5220.423: Total time for which application threads were stopped: 0.0002441 seconds, Stopping threads took: 0.0000481 seconds
2017-04-24T17:12:10.751+0800: 5220.423: Total time for which application threads were stopped: 0.0001735 seconds, Stopping threads took: 0.0000366 seconds
2017-04-24T17:12:10.752+0800: 5220.424: Total time for which application threads were stopped: 0.0001617 seconds, Stopping threads took: 0.0000350 seconds
2017-04-24T17:12:10.752+0800: 5220.425: Total time for which application threads were stopped: 0.0001767 seconds, Stopping threads took: 0.0000369 seconds
2017-04-24T17:12:10.752+0800: 5220.425: Total time for which application threads were stopped: 0.0001443 seconds, Stopping threads took: 0.0000257 seconds
2017-04-24T17:12:10.752+0800: 5220.425: Total time for which application threads were stopped: 0.0001559 seconds, Stopping threads took: 0.0000321 seconds
2017-04-24T17:12:10.753+0800: 5220.426: Total time for which application threads were stopped: 0.0005218 seconds, Stopping threads took: 0.0000404 seconds
2017-04-24T17:12:20.437+0800: 5230.109: Total time for which application threads were stopped: 0.0001668 seconds, Stopping threads took: 0.0000330 seconds
2017-04-24T17:12:20.437+0800: 5230.110: Total time for which application threads were stopped: 0.0001132 seconds, Stopping threads took: 0.0000192 seconds
2017-04-24T17:12:20.746+0800: 5230.419: Total time for which application threads were stopped: 0.0003265 seconds, Stopping threads took: 0.0001033 seconds
2017-04-24T17:12:20.747+0800: 5230.419: Total time for which application threads were stopped: 0.0002370 seconds, Stopping threads took: 0.0000532 seconds
2017-04-24T17:12:20.747+0800: 5230.420: Total time for which application threads were stopped: 0.0002277 seconds, Stopping threads took: 0.0000738 seconds
2017-04-24T17:12:20.748+0800: 5230.421: Total time for which application threads were stopped: 0.0001934 seconds, Stopping threads took: 0.0000395 seconds
2017-04-24T17:12:30.440+0800: 5240.112: Total time for which application threads were stopped: 0.0003053 seconds, Stopping threads took: 0.0000568 seconds
2017-04-24T17:12:30.441+0800: 5240.113: Total time for which application threads were stopped: 0.0001886 seconds, Stopping threads took: 0.0000314 seconds
2017-04-24T17:12:30.778+0800: 5240.450: Total time for which application threads were stopped: 0.0002681 seconds, Stopping threads took: 0.0000545 seconds
2017-04-24T17:12:30.779+0800: 5240.452: Total time for which application threads were stopped: 0.0002434 seconds, Stopping threads took: 0.0000398 seconds
2017-04-24T17:12:30.779+0800: 5240.452: Total time for which application threads were stopped: 0.0001726 seconds, Stopping threads took: 0.0000279 seconds
2017-04-24T17:12:30.780+0800: 5240.452: Total time for which application threads were stopped: 0.0001572 seconds, Stopping threads took: 0.0000263 seconds
2017-04-24T17:12:30.780+0800: 5240.453: Total time for which application threads were stopped: 0.0001475 seconds, Stopping threads took: 0.0000247 seconds
2017-04-24T17:12:30.780+0800: 5240.453: Total time for which application threads were stopped: 0.0001488 seconds, Stopping threads took: 0.0000247 seconds
2017-04-24T17:12:40.441+0800: 5250.114: Total time for which application threads were stopped: 0.0001594 seconds, Stopping threads took: 0.0000330 seconds
2017-04-24T17:12:40.442+0800: 5250.114: Total time for which application threads were stopped: 0.0001094 seconds, Stopping threads took: 0.0000234 seconds
2017-04-24T17:12:40.746+0800: 5250.419: Total time for which application threads were stopped: 0.0002640 seconds, Stopping threads took: 0.0000600 seconds
2017-04-24T17:12:40.746+0800: 5250.419: Total time for which application threads were stopped: 0.0001607 seconds, Stopping threads took: 0.0000359 seconds
2017-04-24T17:12:40.746+0800: 5250.419: Total time for which application threads were stopped: 0.0001456 seconds, Stopping threads took: 0.0000311 seconds
2017-04-24T17:12:40.748+0800: 5250.420: Total time for which application threads were stopped: 0.0001524 seconds, Stopping threads took: 0.0000301 seconds
2017-04-24T17:12:40.748+0800: 5250.421: Total time for which application threads were stopped: 0.0001350 seconds, Stopping threads took: 0.0000247 seconds
2017-04-24T17:12:40.748+0800: 5250.421: Total time for which application threads were stopped: 0.0001373 seconds, Stopping threads took: 0.0000276 seconds
2017-04-24T17:12:40.748+0800: 5250.421: Total time for which application threads were stopped: 0.0001315 seconds, Stopping threads took: 0.0000244 seconds
2017-04-24T17:12:40.748+0800: 5250.421: Total time for which application threads were stopped: 0.0001299 seconds, Stopping threads took: 0.0000234 seconds
2017-04-24T17:12:50.322+0800: 5259.995: Total time for which application threads were stopped: 0.0008342 seconds, Stopping threads took: 0.0000257 seconds
2017-04-24T17:12:50.326+0800: 5259.998: Total time for which application threads were stopped: 0.0001851 seconds, Stopping threads took: 0.0000269 seconds
2017-04-24T17:12:50.417+0800: 5260.089: Total time for which application threads were stopped: 0.0001357 seconds, Stopping threads took: 0.0000334 seconds
2017-04-24T17:12:50.417+0800: 5260.090: Total time for which application threads were stopped: 0.0000600 seconds, Stopping threads took: 0.0000099 seconds
2017-04-24T17:12:50.680+0800: 5260.353: Total time for which application threads were stopped: 0.0005376 seconds, Stopping threads took: 0.0003429 seconds
2017-04-24T17:12:50.682+0800: 5260.355: Total time for which application threads were stopped: 0.0002659 seconds, Stopping threads took: 0.0000391 seconds
2017-04-24T17:12:50.682+0800: 5260.355: Total time for which application threads were stopped: 0.0001507 seconds, Stopping threads took: 0.0000273 seconds
2017-04-24T17:12:50.682+0800: 5260.355: Total time for which application threads were stopped: 0.0001495 seconds, Stopping threads took: 0.0000314 seconds
2017-04-24T17:12:50.683+0800: 5260.355: Total time for which application threads were stopped: 0.0001174 seconds, Stopping threads took: 0.0000215 seconds
2017-04-24T17:12:50.683+0800: 5260.355: Total time for which application threads were stopped: 0.0001113 seconds, Stopping threads took: 0.0000205 seconds
2017-04-24T17:12:51.683+0800: 5261.356: Total time for which application threads were stopped: 0.0002261 seconds, Stopping threads took: 0.0000558 seconds
{Heap before GC invocations=49 (full 2):
 par new generation   total 109248K, used 91750K [0x00000000e0000000, 0x00000000e8000000, 0x00000000e8000000)
  eden space 87424K,  99% used [0x00000000e0000000, 0x00000000e55373f8, 0x00000000e5560000)
  from space 21824K,  20% used [0x00000000e6ab0000, 0x00000000e6f12490, 0x00000000e8000000)
  to   space 21824K,   0% used [0x00000000e5560000, 0x00000000e5560000, 0x00000000e6ab0000)
 concurrent mark-sweep generation total 393216K, used 17882K [0x00000000e8000000, 0x0000000100000000, 0x0000000100000000)
 Metaspace       used 42105K, capacity 42872K, committed 43288K, reserved 1087488K
  class space    used 4589K, capacity 4798K, committed 4940K, reserved 1048576K
2017-04-24T17:13:00.439+0800: 5270.111: [GC (Allocation Failure) 2017-04-24T17:13:00.439+0800: 5270.111: [ParNew
Desired survivor size 20112992 bytes, new threshold 8 (max 8)
- age   1:    2978808 bytes,    2978808 total
- age   2:     693296 bytes,    3672104 total
- age   3:      98480 bytes,    3770584 total
- age   4:      33856 bytes,    3804440 total
- age   5:      27888 bytes,    3832328 total
- age   6:      20216 bytes,    3852544 total
- age   7:      31984 bytes,    3884528 total
- age   8:      16904 bytes,    3901432 total
: 91750K->5848K(109248K), 0.0122154 secs] 109632K->23747K(502464K), 0.0123774 secs] [Times: user=0.06 sys=0.00, real=0.01 secs] 
Heap after GC invocations=50 (full 2):
 par new generation   total 109248K, used 5848K [0x00000000e0000000, 0x00000000e8000000, 0x00000000e8000000)
  eden space 87424K,   0% used [0x00000000e0000000, 0x00000000e0000000, 0x00000000e5560000)
  from space 21824K,  26% used [0x00000000e5560000, 0x00000000e5b16240, 0x00000000e6ab0000)
  to   space 21824K,   0% used [0x00000000e6ab0000, 0x00000000e6ab0000, 0x00000000e8000000)
 concurrent mark-sweep generation total 393216K, used 17899K [0x00000000e8000000, 0x0000000100000000, 0x0000000100000000)
 Metaspace       used 42105K, capacity 42872K, committed 43288K, reserved 1087488K
  class space    used 4589K, capacity 4798K, committed 4940K, reserved 1048576K
}
2017-04-24T17:13:00.451+0800: 5270.124: Total time for which application threads were stopped: 0.0128392 seconds, Stopping threads took: 0.0000555 seconds
2017-04-24T17:13:00.451+0800: 5270.124: Total time for which application threads were stopped: 0.0001745 seconds, Stopping threads took: 0.0000507 seconds
2017-04-24T17:13:00.452+0800: 5270.124: Total time for which application threads were stopped: 0.0001572 seconds, Stopping threads took: 0.0000597 seconds
2017-04-24T17:13:00.452+0800: 5270.125: Total time for which application threads were stopped: 0.0000994 seconds, Stopping threads took: 0.0000366 seconds
2017-04-24T17:13:00.452+0800: 5270.125: Total time for which application threads were stopped: 0.0000978 seconds, Stopping threads took: 0.0000356 seconds
2017-04-24T17:13:00.452+0800: 5270.125: Total time for which application threads were stopped: 0.0000821 seconds, Stopping threads took: 0.0000266 seconds
2017-04-24T17:13:00.452+0800: 5270.125: Total time for which application threads were stopped: 0.0000914 seconds, Stopping threads took: 0.0000350 seconds
2017-04-24T17:13:00.453+0800: 5270.125: Total time for which application threads were stopped: 0.0001517 seconds, Stopping threads took: 0.0000285 seconds
2017-04-24T17:13:00.453+0800: 5270.125: Total time for which application threads were stopped: 0.0000853 seconds, Stopping threads took: 0.0000273 seconds
2017-04-24T17:13:00.453+0800: 5270.126: Total time for which application threads were stopped: 0.0000667 seconds, Stopping threads took: 0.0000141 seconds
2017-04-24T17:13:00.453+0800: 5270.126: Total time for which application threads were stopped: 0.0001026 seconds, Stopping threads took: 0.0000266 seconds
2017-04-24T17:13:00.453+0800: 5270.126: Total time for which application threads were stopped: 0.0000943 seconds, Stopping threads took: 0.0000350 seconds
2017-04-24T17:13:00.453+0800: 5270.126: Total time for which application threads were stopped: 0.0000670 seconds, Stopping threads took: 0.0000154 seconds
2017-04-24T17:13:00.454+0800: 5270.126: Total time for which application threads were stopped: 0.0000776 seconds, Stopping threads took: 0.0000218 seconds
2017-04-24T17:13:00.454+0800: 5270.126: Total time for which application threads were stopped: 0.0000757 seconds, Stopping threads took: 0.0000228 seconds
2017-04-24T17:13:00.454+0800: 5270.126: Total time for which application threads were stopped: 0.0000770 seconds, Stopping threads took: 0.0000228 seconds
2017-04-24T17:13:00.454+0800: 5270.127: Total time for which application threads were stopped: 0.0000783 seconds, Stopping threads took: 0.0000244 seconds
2017-04-24T17:13:00.454+0800: 5270.127: Total time for which application threads were stopped: 0.0000811 seconds, Stopping threads took: 0.0000276 seconds
2017-04-24T17:13:00.454+0800: 5270.127: Total time for which application threads were stopped: 0.0001488 seconds, Stopping threads took: 0.0000311 seconds
2017-04-24T17:13:00.455+0800: 5270.127: Total time for which application threads were stopped: 0.0001424 seconds, Stopping threads took: 0.0000298 seconds
2017-04-24T17:13:00.455+0800: 5270.127: Total time for which application threads were stopped: 0.0000824 seconds, Stopping threads took: 0.0000276 seconds
2017-04-24T17:13:00.455+0800: 5270.127: Total time for which application threads were stopped: 0.0000828 seconds, Stopping threads took: 0.0000273 seconds
2017-04-24T17:13:00.742+0800: 5270.415: Total time for which application threads were stopped: 0.0002765 seconds, Stopping threads took: 0.0000597 seconds
2017-04-24T17:13:00.743+0800: 5270.415: Total time for which application threads were stopped: 0.0002989 seconds, Stopping threads took: 0.0001055 seconds
2017-04-24T17:13:00.744+0800: 5270.417: Total time for which application threads were stopped: 0.0002848 seconds, Stopping threads took: 0.0000378 seconds
2017-04-24T17:13:00.745+0800: 5270.417: Total time for which application threads were stopped: 0.0002768 seconds, Stopping threads took: 0.0000375 seconds
2017-04-24T17:13:00.745+0800: 5270.417: Total time for which application threads were stopped: 0.0002406 seconds, Stopping threads took: 0.0000334 seconds
2017-04-24T17:13:00.745+0800: 5270.418: Total time for which application threads were stopped: 0.0002117 seconds, Stopping threads took: 0.0000257 seconds
2017-04-24T17:13:00.746+0800: 5270.418: Total time for which application threads were stopped: 0.0002082 seconds, Stopping threads took: 0.0000241 seconds
2017-04-24T17:13:10.073+0800: 5279.745: Total time for which application threads were stopped: 0.0000956 seconds, Stopping threads took: 0.0000221 seconds
2017-04-24T17:13:10.073+0800: 5279.745: Total time for which application threads were stopped: 0.0000513 seconds, Stopping threads took: 0.0000115 seconds
2017-04-24T17:13:10.073+0800: 5279.745: Total time for which application threads were stopped: 0.0000382 seconds, Stopping threads took: 0.0000087 seconds
2017-04-24T17:13:10.073+0800: 5279.745: Total time for which application threads were stopped: 0.0000359 seconds, Stopping threads took: 0.0000080 seconds
2017-04-24T17:13:10.073+0800: 5279.746: Total time for which application threads were stopped: 0.0000420 seconds, Stopping threads took: 0.0000093 seconds
2017-04-24T17:13:10.074+0800: 5279.746: Total time for which application threads were stopped: 0.0000991 seconds, Stopping threads took: 0.0000295 seconds
2017-04-24T17:13:10.074+0800: 5279.746: Total time for which application threads were stopped: 0.0000805 seconds, Stopping threads took: 0.0000362 seconds
2017-04-24T17:13:10.074+0800: 5279.746: Total time for which application threads were stopped: 0.0000677 seconds, Stopping threads took: 0.0000173 seconds
2017-04-24T17:13:10.074+0800: 5279.746: Total time for which application threads were stopped: 0.0000603 seconds, Stopping threads took: 0.0000192 seconds
2017-04-24T17:13:10.074+0800: 5279.747: Total time for which application threads were stopped: 0.0000548 seconds, Stopping threads took: 0.0000167 seconds
2017-04-24T17:13:10.074+0800: 5279.747: Total time for which application threads were stopped: 0.0000548 seconds, Stopping threads took: 0.0000205 seconds
2017-04-24T17:13:10.074+0800: 5279.747: Total time for which application threads were stopped: 0.0000648 seconds, Stopping threads took: 0.0000167 seconds
2017-04-24T17:13:10.074+0800: 5279.747: Total time for which application threads were stopped: 0.0000728 seconds, Stopping threads took: 0.0000308 seconds
2017-04-24T17:13:10.080+0800: 5279.753: Total time for which application threads were stopped: 0.0001414 seconds, Stopping threads took: 0.0000362 seconds
2017-04-24T17:13:10.441+0800: 5280.114: Total time for which application threads were stopped: 0.0001549 seconds, Stopping threads took: 0.0000282 seconds
2017-04-24T17:13:10.442+0800: 5280.114: Total time for which application threads were stopped: 0.0000763 seconds, Stopping threads took: 0.0000132 seconds
2017-04-24T17:13:10.792+0800: 5280.465: Total time for which application threads were stopped: 0.0003095 seconds, Stopping threads took: 0.0000866 seconds
2017-04-24T17:13:10.792+0800: 5280.465: Total time for which application threads were stopped: 0.0001594 seconds, Stopping threads took: 0.0000343 seconds
2017-04-24T17:13:10.793+0800: 5280.465: Total time for which application threads were stopped: 0.0002492 seconds, Stopping threads took: 0.0000670 seconds
2017-04-24T17:13:10.794+0800: 5280.467: Total time for which application threads were stopped: 0.0001623 seconds, Stopping threads took: 0.0000282 seconds
2017-04-24T17:13:10.794+0800: 5280.467: Total time for which application threads were stopped: 0.0001565 seconds, Stopping threads took: 0.0000276 seconds
2017-04-24T17:13:10.795+0800: 5280.467: Total time for which application threads were stopped: 0.0001947 seconds, Stopping threads took: 0.0000356 seconds
2017-04-24T17:13:10.795+0800: 5280.467: Total time for which application threads were stopped: 0.0002152 seconds, Stopping threads took: 0.0000395 seconds
2017-04-24T17:13:10.795+0800: 5280.468: Total time for which application threads were stopped: 0.0002050 seconds, Stopping threads took: 0.0000404 seconds
2017-04-24T17:13:20.429+0800: 5290.102: Total time for which application threads were stopped: 0.0004012 seconds, Stopping threads took: 0.0000395 seconds
2017-04-24T17:13:20.430+0800: 5290.103: Total time for which application threads were stopped: 0.0002989 seconds, Stopping threads took: 0.0000375 seconds
2017-04-24T17:13:20.734+0800: 5290.407: Total time for which application threads were stopped: 0.0002762 seconds, Stopping threads took: 0.0000641 seconds
2017-04-24T17:13:20.735+0800: 5290.408: Total time for which application threads were stopped: 0.0005414 seconds, Stopping threads took: 0.0000507 seconds
2017-04-24T17:13:20.736+0800: 5290.408: Total time for which application threads were stopped: 0.0005353 seconds, Stopping threads took: 0.0001347 seconds
2017-04-24T17:13:20.737+0800: 5290.410: Total time for which application threads were stopped: 0.0002329 seconds, Stopping threads took: 0.0000632 seconds
2017-04-24T17:13:20.737+0800: 5290.410: Total time for which application threads were stopped: 0.0002075 seconds, Stopping threads took: 0.0000568 seconds
2017-04-24T17:13:20.738+0800: 5290.410: Total time for which application threads were stopped: 0.0002114 seconds, Stopping threads took: 0.0000616 seconds
2017-04-24T17:13:20.738+0800: 5290.411: Total time for which application threads were stopped: 0.0002046 seconds, Stopping threads took: 0.0000702 seconds
2017-04-24T17:13:20.739+0800: 5290.411: Total time for which application threads were stopped: 0.0005029 seconds, Stopping threads took: 0.0000536 seconds
2017-04-24T17:13:30.406+0800: 5300.078: Total time for which application threads were stopped: 0.0001694 seconds, Stopping threads took: 0.0000205 seconds
2017-04-24T17:13:30.417+0800: 5300.089: Total time for which application threads were stopped: 0.0001058 seconds, Stopping threads took: 0.0000244 seconds
2017-04-24T17:13:30.417+0800: 5300.090: Total time for which application threads were stopped: 0.0000767 seconds, Stopping threads took: 0.0000154 seconds
2017-04-24T17:13:30.670+0800: 5300.342: Total time for which application threads were stopped: 0.0003102 seconds, Stopping threads took: 0.0000568 seconds
2017-04-24T17:13:30.671+0800: 5300.344: Total time for which application threads were stopped: 0.0002556 seconds, Stopping threads took: 0.0000475 seconds
2017-04-24T17:13:30.698+0800: 5300.371: Total time for which application threads were stopped: 0.0002152 seconds, Stopping threads took: 0.0000994 seconds
2017-04-24T17:13:40.616+0800: 5310.289: Total time for which application threads were stopped: 0.0001212 seconds, Stopping threads took: 0.0000289 seconds
2017-04-24T17:13:40.617+0800: 5310.289: Total time for which application threads were stopped: 0.0000763 seconds, Stopping threads took: 0.0000231 seconds
2017-04-24T17:13:40.617+0800: 5310.289: Total time for which application threads were stopped: 0.0000459 seconds, Stopping threads took: 0.0000087 seconds
2017-04-24T17:13:40.617+0800: 5310.289: Total time for which application threads were stopped: 0.0001001 seconds, Stopping threads took: 0.0000577 seconds
2017-04-24T17:13:40.617+0800: 5310.290: Total time for which application threads were stopped: 0.0000523 seconds, Stopping threads took: 0.0000170 seconds
2017-04-24T17:13:40.624+0800: 5310.296: Total time for which application threads were stopped: 0.0013131 seconds, Stopping threads took: 0.0012073 seconds
2017-04-24T17:13:40.624+0800: 5310.297: Total time for which application threads were stopped: 0.0001989 seconds, Stopping threads took: 0.0000164 seconds
2017-04-24T17:13:40.803+0800: 5310.475: Total time for which application threads were stopped: 0.0001466 seconds, Stopping threads took: 0.0000212 seconds
2017-04-24T17:13:40.803+0800: 5310.475: Total time for which application threads were stopped: 0.0000837 seconds, Stopping threads took: 0.0000115 seconds
2017-04-24T17:13:40.803+0800: 5310.475: Total time for which application threads were stopped: 0.0000680 seconds, Stopping threads took: 0.0000099 seconds
2017-04-24T17:13:40.803+0800: 5310.475: Total time for which application threads were stopped: 0.0000606 seconds, Stopping threads took: 0.0000083 seconds
2017-04-24T17:13:40.803+0800: 5310.475: Total time for which application threads were stopped: 0.0000603 seconds, Stopping threads took: 0.0000115 seconds
2017-04-24T17:13:40.808+0800: 5310.481: Total time for which application threads were stopped: 0.0001354 seconds, Stopping threads took: 0.0000218 seconds
2017-04-24T17:13:41.808+0800: 5311.481: Total time for which application threads were stopped: 0.0001928 seconds, Stopping threads took: 0.0000529 seconds
2017-04-24T17:13:50.437+0800: 5320.110: Total time for which application threads were stopped: 0.0001857 seconds, Stopping threads took: 0.0000385 seconds
2017-04-24T17:13:50.438+0800: 5320.110: Total time for which application threads were stopped: 0.0000946 seconds, Stopping threads took: 0.0000170 seconds
2017-04-24T17:13:50.783+0800: 5320.456: Total time for which application threads were stopped: 0.0002662 seconds, Stopping threads took: 0.0000536 seconds
2017-04-24T17:13:50.784+0800: 5320.456: Total time for which application threads were stopped: 0.0002441 seconds, Stopping threads took: 0.0000491 seconds
2017-04-24T17:13:50.784+0800: 5320.456: Total time for which application threads were stopped: 0.0001636 seconds, Stopping threads took: 0.0000282 seconds
2017-04-24T17:13:50.784+0800: 5320.456: Total time for which application threads were stopped: 0.0001511 seconds, Stopping threads took: 0.0000257 seconds
2017-04-24T17:13:50.784+0800: 5320.457: Total time for which application threads were stopped: 0.0001463 seconds, Stopping threads took: 0.0000257 seconds
2017-04-24T17:13:50.794+0800: 5320.466: Total time for which application threads were stopped: 0.0002351 seconds, Stopping threads took: 0.0000427 seconds
2017-04-24T17:14:00.427+0800: 5330.100: Total time for which application threads were stopped: 0.0001889 seconds, Stopping threads took: 0.0000411 seconds
2017-04-24T17:14:00.428+0800: 5330.100: Total time for which application threads were stopped: 0.0001155 seconds, Stopping threads took: 0.0000257 seconds
2017-04-24T17:14:00.692+0800: 5330.365: Total time for which application threads were stopped: 0.0002309 seconds, Stopping threads took: 0.0000465 seconds
2017-04-24T17:14:00.692+0800: 5330.365: Total time for which application threads were stopped: 0.0001655 seconds, Stopping threads took: 0.0000289 seconds
2017-04-24T17:14:00.692+0800: 5330.365: Total time for which application threads were stopped: 0.0001447 seconds, Stopping threads took: 0.0000250 seconds
2017-04-24T17:14:00.693+0800: 5330.365: Total time for which application threads were stopped: 0.0001398 seconds, Stopping threads took: 0.0000260 seconds
2017-04-24T17:14:00.693+0800: 5330.366: Total time for which application threads were stopped: 0.0001341 seconds, Stopping threads took: 0.0000231 seconds
2017-04-24T17:14:00.703+0800: 5330.376: Total time for which application threads were stopped: 0.0002162 seconds, Stopping threads took: 0.0000423 seconds
2017-04-24T17:14:10.428+0800: 5340.100: Total time for which application threads were stopped: 0.0001912 seconds, Stopping threads took: 0.0000362 seconds
2017-04-24T17:14:10.428+0800: 5340.101: Total time for which application threads were stopped: 0.0001424 seconds, Stopping threads took: 0.0000241 seconds
2017-04-24T17:14:10.777+0800: 5340.450: Total time for which application threads were stopped: 0.0003291 seconds, Stopping threads took: 0.0000545 seconds
2017-04-24T17:14:10.778+0800: 5340.450: Total time for which application threads were stopped: 0.0002489 seconds, Stopping threads took: 0.0000481 seconds
2017-04-24T17:14:10.778+0800: 5340.451: Total time for which application threads were stopped: 0.0002422 seconds, Stopping threads took: 0.0000423 seconds
2017-04-24T17:14:10.778+0800: 5340.451: Total time for which application threads were stopped: 0.0001995 seconds, Stopping threads took: 0.0000369 seconds
2017-04-24T17:14:10.779+0800: 5340.451: Total time for which application threads were stopped: 0.0001896 seconds, Stopping threads took: 0.0000411 seconds
2017-04-24T17:14:10.792+0800: 5340.464: Total time for which application threads were stopped: 0.0002640 seconds, Stopping threads took: 0.0000504 seconds
2017-04-24T17:14:10.802+0800: 5340.475: Total time for which application threads were stopped: 0.0001289 seconds, Stopping threads took: 0.0000318 seconds
2017-04-24T17:14:20.436+0800: 5350.108: Total time for which application threads were stopped: 0.0001572 seconds, Stopping threads took: 0.0000324 seconds
2017-04-24T17:14:20.437+0800: 5350.109: Total time for which application threads were stopped: 0.0001350 seconds, Stopping threads took: 0.0000247 seconds
2017-04-24T17:14:20.747+0800: 5350.420: Total time for which application threads were stopped: 0.0002858 seconds, Stopping threads took: 0.0000536 seconds
2017-04-24T17:14:20.748+0800: 5350.420: Total time for which application threads were stopped: 0.0002357 seconds, Stopping threads took: 0.0000452 seconds
2017-04-24T17:14:20.748+0800: 5350.420: Total time for which application threads were stopped: 0.0001876 seconds, Stopping threads took: 0.0000346 seconds
2017-04-24T17:14:20.748+0800: 5350.421: Total time for which application threads were stopped: 0.0002085 seconds, Stopping threads took: 0.0000411 seconds
2017-04-24T17:14:20.748+0800: 5350.421: Total time for which application threads were stopped: 0.0001742 seconds, Stopping threads took: 0.0000327 seconds
2017-04-24T17:14:20.760+0800: 5350.432: Total time for which application threads were stopped: 0.0002515 seconds, Stopping threads took: 0.0000510 seconds
2017-04-24T17:14:20.772+0800: 5350.444: Total time for which application threads were stopped: 0.0002130 seconds, Stopping threads took: 0.0000500 seconds
2017-04-24T17:14:24.149+0800: 5353.821: Total time for which application threads were stopped: 0.0000917 seconds, Stopping threads took: 0.0000208 seconds
2017-04-24T17:14:24.149+0800: 5353.821: Total time for which application threads were stopped: 0.0000337 seconds, Stopping threads took: 0.0000071 seconds
2017-04-24T17:14:24.149+0800: 5353.821: Total time for which application threads were stopped: 0.0000308 seconds, Stopping threads took: 0.0000064 seconds
2017-04-24T17:14:24.149+0800: 5353.821: Total time for which application threads were stopped: 0.0000298 seconds, Stopping threads took: 0.0000061 seconds
2017-04-24T17:14:24.149+0800: 5353.821: Total time for which application threads were stopped: 0.0000295 seconds, Stopping threads took: 0.0000061 seconds
2017-04-24T17:14:24.149+0800: 5353.821: Total time for which application threads were stopped: 0.0000295 seconds, Stopping threads took: 0.0000061 seconds
2017-04-24T17:14:24.149+0800: 5353.821: Total time for which application threads were stopped: 0.0000295 seconds, Stopping threads took: 0.0000061 seconds
2017-04-24T17:14:27.149+0800: 5356.822: Total time for which application threads were stopped: 0.0002441 seconds, Stopping threads took: 0.0000702 seconds
2017-04-24T17:14:30.436+0800: 5360.109: Total time for which application threads were stopped: 0.0002515 seconds, Stopping threads took: 0.0000548 seconds
2017-04-24T17:14:30.437+0800: 5360.110: Total time for which application threads were stopped: 0.0002046 seconds, Stopping threads took: 0.0000385 seconds
2017-04-24T17:14:30.755+0800: 5360.428: Total time for which application threads were stopped: 0.0003211 seconds, Stopping threads took: 0.0000539 seconds
2017-04-24T17:14:30.756+0800: 5360.428: Total time for which application threads were stopped: 0.0002627 seconds, Stopping threads took: 0.0000481 seconds
2017-04-24T17:14:30.756+0800: 5360.429: Total time for which application threads were stopped: 0.0002649 seconds, Stopping threads took: 0.0000459 seconds
2017-04-24T17:14:30.756+0800: 5360.429: Total time for which application threads were stopped: 0.0002441 seconds, Stopping threads took: 0.0000433 seconds
2017-04-24T17:14:30.757+0800: 5360.430: Total time for which application threads were stopped: 0.0005882 seconds, Stopping threads took: 0.0000305 seconds
2017-04-24T17:14:30.770+0800: 5360.442: Total time for which application threads were stopped: 0.0002466 seconds, Stopping threads took: 0.0000455 seconds
{Heap before GC invocations=50 (full 2):
 par new generation   total 109248K, used 93024K [0x00000000e0000000, 0x00000000e8000000, 0x00000000e8000000)
  eden space 87424K,  99% used [0x00000000e0000000, 0x00000000e5521f48, 0x00000000e5560000)
  from space 21824K,  26% used [0x00000000e5560000, 0x00000000e5b16240, 0x00000000e6ab0000)
  to   space 21824K,   0% used [0x00000000e6ab0000, 0x00000000e6ab0000, 0x00000000e8000000)
 concurrent mark-sweep generation total 393216K, used 17899K [0x00000000e8000000, 0x0000000100000000, 0x0000000100000000)
 Metaspace       used 42245K, capacity 43032K, committed 43544K, reserved 1087488K
  class space    used 4601K, capacity 4830K, committed 4940K, reserved 1048576K
2017-04-24T17:14:40.436+0800: 5370.108: [GC (Allocation Failure) 2017-04-24T17:14:40.436+0800: 5370.109: [ParNew
Desired survivor size 20112992 bytes, new threshold 8 (max 8)
- age   1:    3402848 bytes,    3402848 total
- age   2:     777368 bytes,    4180216 total
- age   3:      68256 bytes,    4248472 total
- age   4:      42840 bytes,    4291312 total
- age   5:      33160 bytes,    4324472 total
- age   6:      27888 bytes,    4352360 total
- age   7:      20216 bytes,    4372576 total
- age   8:      31984 bytes,    4404560 total
: 93024K->5370K(109248K), 0.0082661 secs] 110923K->23286K(502464K), 0.0084114 secs] [Times: user=0.05 sys=0.00, real=0.01 secs] 
Heap after GC invocations=51 (full 2):
 par new generation   total 109248K, used 5370K [0x00000000e0000000, 0x00000000e8000000, 0x00000000e8000000)
  eden space 87424K,   0% used [0x00000000e0000000, 0x00000000e0000000, 0x00000000e5560000)
  from space 21824K,  24% used [0x00000000e6ab0000, 0x00000000e6feeb10, 0x00000000e8000000)
  to   space 21824K,   0% used [0x00000000e5560000, 0x00000000e5560000, 0x00000000e6ab0000)
 concurrent mark-sweep generation total 393216K, used 17915K [0x00000000e8000000, 0x0000000100000000, 0x0000000100000000)
 Metaspace       used 42245K, capacity 43032K, committed 43544K, reserved 1087488K
  class space    used 4601K, capacity 4830K, committed 4940K, reserved 1048576K
}
2017-04-24T17:14:40.445+0800: 5370.117: Total time for which application threads were stopped: 0.0088932 seconds, Stopping threads took: 0.0000555 seconds
2017-04-24T17:14:40.445+0800: 5370.117: Total time for which application threads were stopped: 0.0001645 seconds, Stopping threads took: 0.0000443 seconds
2017-04-24T17:14:40.445+0800: 5370.117: Total time for which application threads were stopped: 0.0001424 seconds, Stopping threads took: 0.0000504 seconds
2017-04-24T17:14:40.445+0800: 5370.118: Total time for which application threads were stopped: 0.0001546 seconds, Stopping threads took: 0.0000962 seconds
2017-04-24T17:14:40.446+0800: 5370.118: Total time for which application threads were stopped: 0.0000930 seconds, Stopping threads took: 0.0000324 seconds
2017-04-24T17:14:40.446+0800: 5370.118: Total time for which application threads were stopped: 0.0001447 seconds, Stopping threads took: 0.0000808 seconds
2017-04-24T17:14:40.446+0800: 5370.118: Total time for which application threads were stopped: 0.0000927 seconds, Stopping threads took: 0.0000305 seconds
2017-04-24T17:14:40.446+0800: 5370.119: Total time for which application threads were stopped: 0.0000776 seconds, Stopping threads took: 0.0000244 seconds
2017-04-24T17:14:40.446+0800: 5370.119: Total time for which application threads were stopped: 0.0000776 seconds, Stopping threads took: 0.0000208 seconds
2017-04-24T17:14:40.446+0800: 5370.119: Total time for which application threads were stopped: 0.0000824 seconds, Stopping threads took: 0.0000260 seconds
2017-04-24T17:14:40.447+0800: 5370.119: Total time for which application threads were stopped: 0.0000747 seconds, Stopping threads took: 0.0000221 seconds
2017-04-24T17:14:40.447+0800: 5370.119: Total time for which application threads were stopped: 0.0000789 seconds, Stopping threads took: 0.0000244 seconds
2017-04-24T17:14:40.447+0800: 5370.119: Total time for which application threads were stopped: 0.0000792 seconds, Stopping threads took: 0.0000237 seconds
2017-04-24T17:14:40.447+0800: 5370.119: Total time for which application threads were stopped: 0.0000792 seconds, Stopping threads took: 0.0000250 seconds
2017-04-24T17:14:40.447+0800: 5370.120: Total time for which application threads were stopped: 0.0000959 seconds, Stopping threads took: 0.0000180 seconds
2017-04-24T17:14:40.447+0800: 5370.120: Total time for which application threads were stopped: 0.0000763 seconds, Stopping threads took: 0.0000151 seconds
2017-04-24T17:14:40.447+0800: 5370.120: Total time for which application threads were stopped: 0.0000728 seconds, Stopping threads took: 0.0000141 seconds
2017-04-24T17:14:40.448+0800: 5370.120: Total time for which application threads were stopped: 0.0000815 seconds, Stopping threads took: 0.0000234 seconds
2017-04-24T17:14:40.448+0800: 5370.120: Total time for which application threads were stopped: 0.0000892 seconds, Stopping threads took: 0.0000337 seconds
2017-04-24T17:14:40.448+0800: 5370.120: Total time for which application threads were stopped: 0.0000722 seconds, Stopping threads took: 0.0000215 seconds
2017-04-24T17:14:40.448+0800: 5370.120: Total time for which application threads were stopped: 0.0000760 seconds, Stopping threads took: 0.0000225 seconds
2017-04-24T17:14:40.448+0800: 5370.120: Total time for which application threads were stopped: 0.0000763 seconds, Stopping threads took: 0.0000212 seconds
2017-04-24T17:14:40.448+0800: 5370.121: Total time for which application threads were stopped: 0.0002370 seconds, Stopping threads took: 0.0000257 seconds
2017-04-24T17:14:40.449+0800: 5370.121: Total time for which application threads were stopped: 0.0001973 seconds, Stopping threads took: 0.0000212 seconds
2017-04-24T17:14:40.449+0800: 5370.121: Total time for which application threads were stopped: 0.0000898 seconds, Stopping threads took: 0.0000218 seconds
2017-04-24T17:14:40.450+0800: 5370.122: Total time for which application threads were stopped: 0.0000888 seconds, Stopping threads took: 0.0000183 seconds
2017-04-24T17:14:40.450+0800: 5370.123: Total time for which application threads were stopped: 0.0000888 seconds, Stopping threads took: 0.0000176 seconds
2017-04-24T17:14:40.740+0800: 5370.412: Total time for which application threads were stopped: 0.0002550 seconds, Stopping threads took: 0.0000529 seconds
2017-04-24T17:14:40.752+0800: 5370.424: Total time for which application threads were stopped: 0.0002774 seconds, Stopping threads took: 0.0000523 seconds
2017-04-24T17:14:42.396+0800: 5372.069: Total time for which application threads were stopped: 0.0000860 seconds, Stopping threads took: 0.0000192 seconds
2017-04-24T17:14:42.397+0800: 5372.069: Total time for which application threads were stopped: 0.0000356 seconds, Stopping threads took: 0.0000067 seconds
2017-04-24T17:14:42.397+0800: 5372.069: Total time for which application threads were stopped: 0.0000321 seconds, Stopping threads took: 0.0000064 seconds
2017-04-24T17:14:42.397+0800: 5372.070: Total time for which application threads were stopped: 0.0000625 seconds, Stopping threads took: 0.0000125 seconds
2017-04-24T17:14:42.398+0800: 5372.070: Total time for which application threads were stopped: 0.0000468 seconds, Stopping threads took: 0.0000106 seconds
2017-04-24T17:14:42.398+0800: 5372.070: Total time for which application threads were stopped: 0.0000423 seconds, Stopping threads took: 0.0000093 seconds
2017-04-24T17:14:43.398+0800: 5373.070: Total time for which application threads were stopped: 0.0002098 seconds, Stopping threads took: 0.0000532 seconds
2017-04-24T17:14:50.438+0800: 5380.111: Total time for which application threads were stopped: 0.0001588 seconds, Stopping threads took: 0.0000327 seconds
2017-04-24T17:14:50.758+0800: 5380.430: Total time for which application threads were stopped: 0.0001607 seconds, Stopping threads took: 0.0000292 seconds
2017-04-24T17:14:50.758+0800: 5380.430: Total time for which application threads were stopped: 0.0001020 seconds, Stopping threads took: 0.0000164 seconds
2017-04-24T17:14:50.758+0800: 5380.430: Total time for which application threads were stopped: 0.0000850 seconds, Stopping threads took: 0.0000135 seconds
2017-04-24T17:14:50.758+0800: 5380.430: Total time for which application threads were stopped: 0.0000805 seconds, Stopping threads took: 0.0000128 seconds
2017-04-24T17:14:50.758+0800: 5380.431: Total time for which application threads were stopped: 0.0001171 seconds, Stopping threads took: 0.0000212 seconds
2017-04-24T17:15:00.441+0800: 5390.114: Total time for which application threads were stopped: 0.0002752 seconds, Stopping threads took: 0.0000565 seconds
2017-04-24T17:15:00.442+0800: 5390.115: Total time for which application threads were stopped: 0.0001947 seconds, Stopping threads took: 0.0000337 seconds
2017-04-24T17:15:00.825+0800: 5390.497: Total time for which application threads were stopped: 0.0001809 seconds, Stopping threads took: 0.0000372 seconds
2017-04-24T17:15:00.826+0800: 5390.498: Total time for which application threads were stopped: 0.0001469 seconds, Stopping threads took: 0.0000260 seconds
2017-04-24T17:15:00.826+0800: 5390.498: Total time for which application threads were stopped: 0.0001527 seconds, Stopping threads took: 0.0000295 seconds
2017-04-24T17:15:00.826+0800: 5390.498: Total time for which application threads were stopped: 0.0001382 seconds, Stopping threads took: 0.0000250 seconds
2017-04-24T17:15:00.826+0800: 5390.499: Total time for which application threads were stopped: 0.0001007 seconds, Stopping threads took: 0.0000176 seconds
2017-04-24T17:15:00.826+0800: 5390.499: Total time for which application threads were stopped: 0.0001097 seconds, Stopping threads took: 0.0000202 seconds
2017-04-24T17:15:00.833+0800: 5390.505: Total time for which application threads were stopped: 0.0001498 seconds, Stopping threads took: 0.0000292 seconds
2017-04-24T17:15:10.441+0800: 5400.114: Total time for which application threads were stopped: 0.0001376 seconds, Stopping threads took: 0.0000276 seconds
2017-04-24T17:15:10.442+0800: 5400.114: Total time for which application threads were stopped: 0.0001026 seconds, Stopping threads took: 0.0000176 seconds
2017-04-24T17:15:10.870+0800: 5400.542: Total time for which application threads were stopped: 0.0002826 seconds, Stopping threads took: 0.0000747 seconds
2017-04-24T17:15:10.870+0800: 5400.543: Total time for which application threads were stopped: 0.0002935 seconds, Stopping threads took: 0.0001020 seconds
2017-04-24T17:15:10.871+0800: 5400.544: Total time for which application threads were stopped: 0.0001799 seconds, Stopping threads took: 0.0000369 seconds
2017-04-24T17:15:10.872+0800: 5400.544: Total time for which application threads were stopped: 0.0001976 seconds, Stopping threads took: 0.0000391 seconds
2017-04-24T17:15:10.872+0800: 5400.544: Total time for which application threads were stopped: 0.0002017 seconds, Stopping threads took: 0.0000382 seconds
2017-04-24T17:15:10.872+0800: 5400.545: Total time for which application threads were stopped: 0.0001491 seconds, Stopping threads took: 0.0000263 seconds
2017-04-24T17:15:10.872+0800: 5400.545: Total time for which application threads were stopped: 0.0001363 seconds, Stopping threads took: 0.0000244 seconds
2017-04-24T17:15:10.883+0800: 5400.555: Total time for which application threads were stopped: 0.0002816 seconds, Stopping threads took: 0.0000526 seconds
2017-04-24T17:15:16.884+0800: 5406.557: Total time for which application threads were stopped: 0.0002377 seconds, Stopping threads took: 0.0000581 seconds
2017-04-24T17:15:20.420+0800: 5410.093: Total time for which application threads were stopped: 0.0001135 seconds, Stopping threads took: 0.0000250 seconds
2017-04-24T17:15:20.421+0800: 5410.093: Total time for which application threads were stopped: 0.0000789 seconds, Stopping threads took: 0.0000132 seconds
2017-04-24T17:15:20.726+0800: 5410.398: Total time for which application threads were stopped: 0.0001113 seconds, Stopping threads took: 0.0000212 seconds
2017-04-24T17:15:20.726+0800: 5410.399: Total time for which application threads were stopped: 0.0000622 seconds, Stopping threads took: 0.0000125 seconds
2017-04-24T17:15:20.726+0800: 5410.399: Total time for which application threads were stopped: 0.0000420 seconds, Stopping threads took: 0.0000080 seconds
2017-04-24T17:15:20.727+0800: 5410.399: Total time for which application threads were stopped: 0.0000494 seconds, Stopping threads took: 0.0000099 seconds
2017-04-24T17:15:20.727+0800: 5410.399: Total time for which application threads were stopped: 0.0000359 seconds, Stopping threads took: 0.0000067 seconds
2017-04-24T17:15:20.727+0800: 5410.399: Total time for which application threads were stopped: 0.0000385 seconds, Stopping threads took: 0.0000074 seconds
2017-04-24T17:15:20.727+0800: 5410.399: Total time for which application threads were stopped: 0.0000398 seconds, Stopping threads took: 0.0000080 seconds
2017-04-24T17:15:20.730+0800: 5410.402: Total time for which application threads were stopped: 0.0001074 seconds, Stopping threads took: 0.0000199 seconds
2017-04-24T17:15:30.423+0800: 5420.095: Total time for which application threads were stopped: 0.0001119 seconds, Stopping threads took: 0.0000228 seconds
2017-04-24T17:15:30.423+0800: 5420.095: Total time for which application threads were stopped: 0.0000767 seconds, Stopping threads took: 0.0000122 seconds
2017-04-24T17:15:30.670+0800: 5420.343: Total time for which application threads were stopped: 0.0006469 seconds, Stopping threads took: 0.0000545 seconds
2017-04-24T17:15:30.671+0800: 5420.343: Total time for which application threads were stopped: 0.0002566 seconds, Stopping threads took: 0.0000449 seconds
2017-04-24T17:15:30.671+0800: 5420.344: Total time for which application threads were stopped: 0.0002434 seconds, Stopping threads took: 0.0000462 seconds
2017-04-24T17:15:30.671+0800: 5420.344: Total time for which application threads were stopped: 0.0002236 seconds, Stopping threads took: 0.0000411 seconds
2017-04-24T17:15:30.672+0800: 5420.344: Total time for which application threads were stopped: 0.0001716 seconds, Stopping threads took: 0.0000276 seconds
2017-04-24T17:15:30.683+0800: 5420.356: Total time for which application threads were stopped: 0.0002357 seconds, Stopping threads took: 0.0000465 seconds
2017-04-24T17:15:40.823+0800: 5430.496: Total time for which application threads were stopped: 0.0002790 seconds, Stopping threads took: 0.0000545 seconds
2017-04-24T17:15:40.823+0800: 5430.496: Total time for which application threads were stopped: 0.0002450 seconds, Stopping threads took: 0.0000510 seconds
2017-04-24T17:15:40.826+0800: 5430.498: Total time for which application threads were stopped: 0.0003239 seconds, Stopping threads took: 0.0000423 seconds
2017-04-24T17:15:40.826+0800: 5430.498: Total time for which application threads were stopped: 0.0003102 seconds, Stopping threads took: 0.0000417 seconds
2017-04-24T17:15:40.826+0800: 5430.499: Total time for which application threads were stopped: 0.0002624 seconds, Stopping threads took: 0.0000350 seconds
2017-04-24T17:15:40.827+0800: 5430.499: Total time for which application threads were stopped: 0.0005311 seconds, Stopping threads took: 0.0000382 seconds
2017-04-24T17:15:40.837+0800: 5430.510: Total time for which application threads were stopped: 0.0002515 seconds, Stopping threads took: 0.0000494 seconds
2017-04-24T17:15:50.415+0800: 5440.088: Total time for which application threads were stopped: 0.0000994 seconds, Stopping threads took: 0.0000212 seconds
2017-04-24T17:15:50.416+0800: 5440.088: Total time for which application threads were stopped: 0.0000632 seconds, Stopping threads took: 0.0000103 seconds
2017-04-24T17:15:50.708+0800: 5440.380: Total time for which application threads were stopped: 0.0002550 seconds, Stopping threads took: 0.0000536 seconds
2017-04-24T17:15:50.708+0800: 5440.381: Total time for which application threads were stopped: 0.0002932 seconds, Stopping threads took: 0.0000869 seconds
2017-04-24T17:15:50.709+0800: 5440.382: Total time for which application threads were stopped: 0.0001591 seconds, Stopping threads took: 0.0000340 seconds
2017-04-24T17:15:50.721+0800: 5440.394: Total time for which application threads were stopped: 0.0005716 seconds, Stopping threads took: 0.0000532 seconds
2017-04-24T17:16:00.441+0800: 5450.113: Total time for which application threads were stopped: 0.0002749 seconds, Stopping threads took: 0.0000520 seconds
2017-04-24T17:16:00.442+0800: 5450.114: Total time for which application threads were stopped: 0.0001934 seconds, Stopping threads took: 0.0000308 seconds
2017-04-24T17:16:00.745+0800: 5450.418: Total time for which application threads were stopped: 0.0002143 seconds, Stopping threads took: 0.0000362 seconds
2017-04-24T17:16:00.746+0800: 5450.418: Total time for which application threads were stopped: 0.0002162 seconds, Stopping threads took: 0.0000863 seconds
2017-04-24T17:16:00.746+0800: 5450.418: Total time for which application threads were stopped: 0.0001443 seconds, Stopping threads took: 0.0000273 seconds
2017-04-24T17:16:00.747+0800: 5450.419: Total time for which application threads were stopped: 0.0001617 seconds, Stopping threads took: 0.0000276 seconds
2017-04-24T17:16:00.747+0800: 5450.419: Total time for which application threads were stopped: 0.0001527 seconds, Stopping threads took: 0.0000353 seconds
2017-04-24T17:16:00.747+0800: 5450.419: Total time for which application threads were stopped: 0.0001373 seconds, Stopping threads took: 0.0000311 seconds
2017-04-24T17:16:00.747+0800: 5450.420: Total time for which application threads were stopped: 0.0001514 seconds, Stopping threads took: 0.0000241 seconds
2017-04-24T17:16:00.748+0800: 5450.420: Total time for which application threads were stopped: 0.0002139 seconds, Stopping threads took: 0.0001164 seconds
2017-04-24T17:16:10.435+0800: 5460.107: Total time for which application threads were stopped: 0.0001908 seconds, Stopping threads took: 0.0000391 seconds
2017-04-24T17:16:10.435+0800: 5460.108: Total time for which application threads were stopped: 0.0001655 seconds, Stopping threads took: 0.0000301 seconds
2017-04-24T17:16:10.760+0800: 5460.432: Total time for which application threads were stopped: 0.0001822 seconds, Stopping threads took: 0.0000411 seconds
2017-04-24T17:16:10.760+0800: 5460.433: Total time for which application threads were stopped: 0.0001540 seconds, Stopping threads took: 0.0000545 seconds
2017-04-24T17:16:10.760+0800: 5460.433: Total time for which application threads were stopped: 0.0001014 seconds, Stopping threads took: 0.0000183 seconds
2017-04-24T17:16:10.761+0800: 5460.433: Total time for which application threads were stopped: 0.0000949 seconds, Stopping threads took: 0.0000167 seconds
2017-04-24T17:16:10.761+0800: 5460.434: Total time for which application threads were stopped: 0.0000917 seconds, Stopping threads took: 0.0000151 seconds
2017-04-24T17:16:10.761+0800: 5460.434: Total time for which application threads were stopped: 0.0000888 seconds, Stopping threads took: 0.0000154 seconds
2017-04-24T17:16:10.761+0800: 5460.434: Total time for which application threads were stopped: 0.0000872 seconds, Stopping threads took: 0.0000154 seconds
2017-04-24T17:16:10.761+0800: 5460.434: Total time for which application threads were stopped: 0.0000876 seconds, Stopping threads took: 0.0000154 seconds
{Heap before GC invocations=51 (full 2):
 par new generation   total 109248K, used 92299K [0x00000000e0000000, 0x00000000e8000000, 0x00000000e8000000)
  eden space 87424K,  99% used [0x00000000e0000000, 0x00000000e54e4410, 0x00000000e5560000)
  from space 21824K,  24% used [0x00000000e6ab0000, 0x00000000e6feeb10, 0x00000000e8000000)
  to   space 21824K,   0% used [0x00000000e5560000, 0x00000000e5560000, 0x00000000e6ab0000)
 concurrent mark-sweep generation total 393216K, used 17915K [0x00000000e8000000, 0x0000000100000000, 0x0000000100000000)
 Metaspace       used 42247K, capacity 43032K, committed 43544K, reserved 1087488K
  class space    used 4601K, capacity 4830K, committed 4940K, reserved 1048576K
2017-04-24T17:16:20.433+0800: 5470.105: [GC (Allocation Failure) 2017-04-24T17:16:20.433+0800: 5470.106: [ParNew
Desired survivor size 20112992 bytes, new threshold 8 (max 8)
- age   1:    3088168 bytes,    3088168 total
- age   2:     772824 bytes,    3860992 total
- age   3:     105920 bytes,    3966912 total
- age   4:      12552 bytes,    3979464 total
- age   5:      42144 bytes,    4021608 total
- age   6:      33160 bytes,    4054768 total
- age   7:      27888 bytes,    4082656 total
- age   8:      20216 bytes,    4102872 total
: 92299K->4920K(109248K), 0.0068148 secs] 110215K->22867K(502464K), 0.0069264 secs] [Times: user=0.00 sys=0.00, real=0.01 secs] 
Heap after GC invocations=52 (full 2):
 par new generation   total 109248K, used 4920K [0x00000000e0000000, 0x00000000e8000000, 0x00000000e8000000)
  eden space 87424K,   0% used [0x00000000e0000000, 0x00000000e0000000, 0x00000000e5560000)
  from space 21824K,  22% used [0x00000000e5560000, 0x00000000e5a2e2b0, 0x00000000e6ab0000)
  to   space 21824K,   0% used [0x00000000e6ab0000, 0x00000000e6ab0000, 0x00000000e8000000)
 concurrent mark-sweep generation total 393216K, used 17947K [0x00000000e8000000, 0x0000000100000000, 0x0000000100000000)
 Metaspace       used 42247K, capacity 43032K, committed 43544K, reserved 1087488K
  class space    used 4601K, capacity 4830K, committed 4940K, reserved 1048576K
}
2017-04-24T17:16:20.440+0800: 5470.113: Total time for which application threads were stopped: 0.0072449 seconds, Stopping threads took: 0.0000327 seconds
2017-04-24T17:16:20.441+0800: 5470.114: Total time for which application threads were stopped: 0.0002681 seconds, Stopping threads took: 0.0000536 seconds
2017-04-24T17:16:20.442+0800: 5470.114: Total time for which application threads were stopped: 0.0003663 seconds, Stopping threads took: 0.0000449 seconds
2017-04-24T17:16:20.444+0800: 5470.116: Total time for which application threads were stopped: 0.0001116 seconds, Stopping threads took: 0.0000196 seconds
2017-04-24T17:16:20.444+0800: 5470.117: Total time for which application threads were stopped: 0.0000892 seconds, Stopping threads took: 0.0000148 seconds
2017-04-24T17:16:20.694+0800: 5470.366: Total time for which application threads were stopped: 0.0001107 seconds, Stopping threads took: 0.0000221 seconds
2017-04-24T17:16:20.694+0800: 5470.366: Total time for which application threads were stopped: 0.0000590 seconds, Stopping threads took: 0.0000135 seconds
2017-04-24T17:16:20.694+0800: 5470.366: Total time for which application threads were stopped: 0.0000584 seconds, Stopping threads took: 0.0000253 seconds
2017-04-24T17:16:20.694+0800: 5470.366: Total time for which application threads were stopped: 0.0000398 seconds, Stopping threads took: 0.0000077 seconds
2017-04-24T17:16:20.694+0800: 5470.366: Total time for which application threads were stopped: 0.0000481 seconds, Stopping threads took: 0.0000103 seconds
2017-04-24T17:16:20.694+0800: 5470.366: Total time for which application threads were stopped: 0.0000404 seconds, Stopping threads took: 0.0000067 seconds
2017-04-24T17:16:20.694+0800: 5470.367: Total time for which application threads were stopped: 0.0000340 seconds, Stopping threads took: 0.0000064 seconds
2017-04-24T17:16:20.694+0800: 5470.367: Total time for which application threads were stopped: 0.0000337 seconds, Stopping threads took: 0.0000061 seconds
2017-04-24T17:16:30.874+0800: 5480.547: Total time for which application threads were stopped: 0.0002794 seconds, Stopping threads took: 0.0000523 seconds
2017-04-24T17:16:30.874+0800: 5480.547: Total time for which application threads were stopped: 0.0002415 seconds, Stopping threads took: 0.0000449 seconds
2017-04-24T17:16:30.876+0800: 5480.549: Total time for which application threads were stopped: 0.0003150 seconds, Stopping threads took: 0.0000362 seconds
2017-04-24T17:16:30.876+0800: 5480.549: Total time for which application threads were stopped: 0.0002980 seconds, Stopping threads took: 0.0000382 seconds
2017-04-24T17:16:30.877+0800: 5480.549: Total time for which application threads were stopped: 0.0002906 seconds, Stopping threads took: 0.0000407 seconds
2017-04-24T17:16:30.877+0800: 5480.550: Total time for which application threads were stopped: 0.0002620 seconds, Stopping threads took: 0.0000337 seconds
2017-04-24T17:16:30.877+0800: 5480.550: Total time for which application threads were stopped: 0.0002444 seconds, Stopping threads took: 0.0000324 seconds
2017-04-24T17:16:40.418+0800: 5490.091: Total time for which application threads were stopped: 0.0001475 seconds, Stopping threads took: 0.0000257 seconds
2017-04-24T17:16:40.419+0800: 5490.091: Total time for which application threads were stopped: 0.0001010 seconds, Stopping threads took: 0.0000196 seconds
2017-04-24T17:16:40.723+0800: 5490.396: Total time for which application threads were stopped: 0.0001844 seconds, Stopping threads took: 0.0000404 seconds
2017-04-24T17:16:40.723+0800: 5490.396: Total time for which application threads were stopped: 0.0002139 seconds, Stopping threads took: 0.0000760 seconds
2017-04-24T17:16:40.723+0800: 5490.396: Total time for which application threads were stopped: 0.0001408 seconds, Stopping threads took: 0.0000494 seconds
2017-04-24T17:16:40.724+0800: 5490.397: Total time for which application threads were stopped: 0.0001014 seconds, Stopping threads took: 0.0000173 seconds
2017-04-24T17:16:40.724+0800: 5490.397: Total time for which application threads were stopped: 0.0000908 seconds, Stopping threads took: 0.0000154 seconds
2017-04-24T17:16:40.724+0800: 5490.397: Total time for which application threads were stopped: 0.0000866 seconds, Stopping threads took: 0.0000148 seconds
2017-04-24T17:16:40.725+0800: 5490.397: Total time for which application threads were stopped: 0.0001389 seconds, Stopping threads took: 0.0000202 seconds
2017-04-24T17:16:40.725+0800: 5490.397: Total time for which application threads were stopped: 0.0001126 seconds, Stopping threads took: 0.0000225 seconds
2017-04-24T17:16:50.440+0800: 5500.113: Total time for which application threads were stopped: 0.0002736 seconds, Stopping threads took: 0.0000523 seconds
2017-04-24T17:16:50.442+0800: 5500.115: Total time for which application threads were stopped: 0.0005991 seconds, Stopping threads took: 0.0000738 seconds
2017-04-24T17:16:50.768+0800: 5500.441: Total time for which application threads were stopped: 0.0002675 seconds, Stopping threads took: 0.0000532 seconds
2017-04-24T17:16:50.769+0800: 5500.441: Total time for which application threads were stopped: 0.0002980 seconds, Stopping threads took: 0.0000773 seconds
2017-04-24T17:16:50.769+0800: 5500.441: Total time for which application threads were stopped: 0.0002178 seconds, Stopping threads took: 0.0000619 seconds
2017-04-24T17:16:50.770+0800: 5500.443: Total time for which application threads were stopped: 0.0002146 seconds, Stopping threads took: 0.0000468 seconds
2017-04-24T17:16:50.770+0800: 5500.443: Total time for which application threads were stopped: 0.0001694 seconds, Stopping threads took: 0.0000305 seconds
2017-04-24T17:16:50.771+0800: 5500.443: Total time for which application threads were stopped: 0.0002088 seconds, Stopping threads took: 0.0000478 seconds
2017-04-24T17:16:50.771+0800: 5500.443: Total time for which application threads were stopped: 0.0001604 seconds, Stopping threads took: 0.0000343 seconds
2017-04-24T17:16:50.772+0800: 5500.444: Total time for which application threads were stopped: 0.0005202 seconds, Stopping threads took: 0.0000427 seconds
2017-04-24T17:17:00.432+0800: 5510.105: Total time for which application threads were stopped: 0.0001998 seconds, Stopping threads took: 0.0000648 seconds
2017-04-24T17:17:00.433+0800: 5510.105: Total time for which application threads were stopped: 0.0001190 seconds, Stopping threads took: 0.0000266 seconds
2017-04-24T17:17:00.700+0800: 5510.373: Total time for which application threads were stopped: 0.0001084 seconds, Stopping threads took: 0.0000215 seconds
2017-04-24T17:17:00.700+0800: 5510.373: Total time for which application threads were stopped: 0.0000529 seconds, Stopping threads took: 0.0000157 seconds
2017-04-24T17:17:00.701+0800: 5510.373: Total time for which application threads were stopped: 0.0000632 seconds, Stopping threads took: 0.0000324 seconds
2017-04-24T17:17:00.701+0800: 5510.373: Total time for which application threads were stopped: 0.0000536 seconds, Stopping threads took: 0.0000138 seconds
2017-04-24T17:17:10.408+0800: 5520.081: Total time for which application threads were stopped: 0.0004734 seconds, Stopping threads took: 0.0000526 seconds
2017-04-24T17:17:10.442+0800: 5520.115: Total time for which application threads were stopped: 0.0001520 seconds, Stopping threads took: 0.0000289 seconds
2017-04-24T17:17:10.443+0800: 5520.116: Total time for which application threads were stopped: 0.0001200 seconds, Stopping threads took: 0.0000202 seconds
2017-04-24T17:17:10.757+0800: 5520.429: Total time for which application threads were stopped: 0.0004965 seconds, Stopping threads took: 0.0002338 seconds
2017-04-24T17:17:10.757+0800: 5520.430: Total time for which application threads were stopped: 0.0001876 seconds, Stopping threads took: 0.0000427 seconds
2017-04-24T17:17:10.758+0800: 5520.430: Total time for which application threads were stopped: 0.0002239 seconds, Stopping threads took: 0.0000763 seconds
2017-04-24T17:17:10.760+0800: 5520.432: Total time for which application threads were stopped: 0.0002402 seconds, Stopping threads took: 0.0000388 seconds
2017-04-24T17:17:10.760+0800: 5520.432: Total time for which application threads were stopped: 0.0002563 seconds, Stopping threads took: 0.0000741 seconds
2017-04-24T17:17:10.760+0800: 5520.433: Total time for which application threads were stopped: 0.0002098 seconds, Stopping threads took: 0.0000295 seconds
2017-04-24T17:17:10.761+0800: 5520.433: Total time for which application threads were stopped: 0.0001851 seconds, Stopping threads took: 0.0000330 seconds
2017-04-24T17:17:10.761+0800: 5520.433: Total time for which application threads were stopped: 0.0001835 seconds, Stopping threads took: 0.0000314 seconds
2017-04-24T17:17:20.436+0800: 5530.109: Total time for which application threads were stopped: 0.0004006 seconds, Stopping threads took: 0.0000350 seconds
2017-04-24T17:17:20.436+0800: 5530.109: Total time for which application threads were stopped: 0.0001119 seconds, Stopping threads took: 0.0000225 seconds
2017-04-24T17:17:20.763+0800: 5530.436: Total time for which application threads were stopped: 0.0002713 seconds, Stopping threads took: 0.0000539 seconds
2017-04-24T17:17:20.765+0800: 5530.437: Total time for which application threads were stopped: 0.0002373 seconds, Stopping threads took: 0.0000443 seconds
2017-04-24T17:17:20.765+0800: 5530.438: Total time for which application threads were stopped: 0.0002264 seconds, Stopping threads took: 0.0000436 seconds
2017-04-24T17:17:20.765+0800: 5530.438: Total time for which application threads were stopped: 0.0001607 seconds, Stopping threads took: 0.0000282 seconds
2017-04-24T17:17:20.765+0800: 5530.438: Total time for which application threads were stopped: 0.0001453 seconds, Stopping threads took: 0.0000253 seconds
2017-04-24T17:17:20.766+0800: 5530.438: Total time for which application threads were stopped: 0.0001466 seconds, Stopping threads took: 0.0000247 seconds
2017-04-24T17:17:30.415+0800: 5540.088: Total time for which application threads were stopped: 0.0001126 seconds, Stopping threads took: 0.0000253 seconds
2017-04-24T17:17:30.416+0800: 5540.088: Total time for which application threads were stopped: 0.0001200 seconds, Stopping threads took: 0.0000247 seconds
2017-04-24T17:17:30.688+0800: 5540.361: Total time for which application threads were stopped: 0.0001084 seconds, Stopping threads took: 0.0000244 seconds
2017-04-24T17:17:30.688+0800: 5540.361: Total time for which application threads were stopped: 0.0000901 seconds, Stopping threads took: 0.0000160 seconds
2017-04-24T17:17:30.689+0800: 5540.361: Total time for which application threads were stopped: 0.0000744 seconds, Stopping threads took: 0.0000148 seconds
2017-04-24T17:17:30.689+0800: 5540.361: Total time for which application threads were stopped: 0.0000712 seconds, Stopping threads took: 0.0000176 seconds
2017-04-24T17:17:30.689+0800: 5540.361: Total time for which application threads were stopped: 0.0000577 seconds, Stopping threads took: 0.0000138 seconds
2017-04-24T17:17:30.689+0800: 5540.361: Total time for which application threads were stopped: 0.0000468 seconds, Stopping threads took: 0.0000087 seconds
2017-04-24T17:17:30.692+0800: 5540.365: Total time for which application threads were stopped: 0.0000930 seconds, Stopping threads took: 0.0000205 seconds
2017-04-24T17:17:40.428+0800: 5550.101: Total time for which application threads were stopped: 0.0001803 seconds, Stopping threads took: 0.0000350 seconds
2017-04-24T17:17:40.429+0800: 5550.102: Total time for which application threads were stopped: 0.0001552 seconds, Stopping threads took: 0.0000311 seconds
2017-04-24T17:17:40.718+0800: 5550.391: Total time for which application threads were stopped: 0.0002726 seconds, Stopping threads took: 0.0000584 seconds
2017-04-24T17:17:40.718+0800: 5550.391: Total time for which application threads were stopped: 0.0002845 seconds, Stopping threads took: 0.0000802 seconds
2017-04-24T17:17:40.720+0800: 5550.392: Total time for which application threads were stopped: 0.0002001 seconds, Stopping threads took: 0.0000404 seconds
2017-04-24T17:17:40.720+0800: 5550.393: Total time for which application threads were stopped: 0.0001803 seconds, Stopping threads took: 0.0000375 seconds
2017-04-24T17:17:40.720+0800: 5550.393: Total time for which application threads were stopped: 0.0001620 seconds, Stopping threads took: 0.0000362 seconds
2017-04-24T17:17:40.720+0800: 5550.393: Total time for which application threads were stopped: 0.0001225 seconds, Stopping threads took: 0.0000250 seconds
2017-04-24T17:17:40.721+0800: 5550.393: Total time for which application threads were stopped: 0.0001145 seconds, Stopping threads took: 0.0000231 seconds
2017-04-24T17:17:50.423+0800: 5560.095: Total time for which application threads were stopped: 0.0001427 seconds, Stopping threads took: 0.0000279 seconds
2017-04-24T17:17:50.423+0800: 5560.095: Total time for which application threads were stopped: 0.0001049 seconds, Stopping threads took: 0.0000189 seconds
2017-04-24T17:17:50.710+0800: 5560.382: Total time for which application threads were stopped: 0.0002040 seconds, Stopping threads took: 0.0000401 seconds
2017-04-24T17:17:50.710+0800: 5560.383: Total time for which application threads were stopped: 0.0002229 seconds, Stopping threads took: 0.0000808 seconds
2017-04-24T17:17:50.710+0800: 5560.383: Total time for which application threads were stopped: 0.0001918 seconds, Stopping threads took: 0.0000786 seconds
2017-04-24T17:17:50.711+0800: 5560.384: Total time for which application threads were stopped: 0.0001902 seconds, Stopping threads took: 0.0000728 seconds
2017-04-24T17:17:50.711+0800: 5560.384: Total time for which application threads were stopped: 0.0001116 seconds, Stopping threads took: 0.0000205 seconds
2017-04-24T17:17:50.712+0800: 5560.384: Total time for which application threads were stopped: 0.0001062 seconds, Stopping threads took: 0.0000192 seconds
2017-04-24T17:17:50.712+0800: 5560.384: Total time for which application threads were stopped: 0.0001020 seconds, Stopping threads took: 0.0000186 seconds
2017-04-24T17:17:50.712+0800: 5560.385: Total time for which application threads were stopped: 0.0001007 seconds, Stopping threads took: 0.0000186 seconds
2017-04-24T17:17:50.720+0800: 5560.393: Total time for which application threads were stopped: 0.0002194 seconds, Stopping threads took: 0.0000407 seconds
{Heap before GC invocations=52 (full 2):
 par new generation   total 109248K, used 92111K [0x00000000e0000000, 0x00000000e8000000, 0x00000000e8000000)
  eden space 87424K,  99% used [0x00000000e0000000, 0x00000000e5525b60, 0x00000000e5560000)
  from space 21824K,  22% used [0x00000000e5560000, 0x00000000e5a2e2b0, 0x00000000e6ab0000)
  to   space 21824K,   0% used [0x00000000e6ab0000, 0x00000000e6ab0000, 0x00000000e8000000)
 concurrent mark-sweep generation total 393216K, used 17947K [0x00000000e8000000, 0x0000000100000000, 0x0000000100000000)
 Metaspace       used 42251K, capacity 43032K, committed 43544K, reserved 1087488K
  class space    used 4601K, capacity 4830K, committed 4940K, reserved 1048576K
2017-04-24T17:18:00.436+0800: 5570.108: [GC (Allocation Failure) 2017-04-24T17:18:00.436+0800: 5570.108: [ParNew
Desired survivor size 20112992 bytes, new threshold 8 (max 8)
- age   1:    3089440 bytes,    3089440 total
- age   2:     693976 bytes,    3783416 total
- age   3:     147184 bytes,    3930600 total
- age   4:      50192 bytes,    3980792 total
- age   5:      11824 bytes,    3992616 total
- age   6:      42144 bytes,    4034760 total
- age   7:      33160 bytes,    4067920 total
- age   8:      27888 bytes,    4095808 total
: 92111K->4919K(109248K), 0.0126888 secs] 110058K->22886K(502464K), 0.0128857 secs] [Times: user=0.02 sys=0.00, real=0.01 secs] 
Heap after GC invocations=53 (full 2):
 par new generation   total 109248K, used 4919K [0x00000000e0000000, 0x00000000e8000000, 0x00000000e8000000)
  eden space 87424K,   0% used [0x00000000e0000000, 0x00000000e0000000, 0x00000000e5560000)
  from space 21824K,  22% used [0x00000000e6ab0000, 0x00000000e6f7dcd0, 0x00000000e8000000)
  to   space 21824K,   0% used [0x00000000e5560000, 0x00000000e5560000, 0x00000000e6ab0000)
 concurrent mark-sweep generation total 393216K, used 17966K [0x00000000e8000000, 0x0000000100000000, 0x0000000100000000)
 Metaspace       used 42251K, capacity 43032K, committed 43544K, reserved 1087488K
  class space    used 4601K, capacity 4830K, committed 4940K, reserved 1048576K
}
2017-04-24T17:18:00.449+0800: 5570.121: Total time for which application threads were stopped: 0.0134586 seconds, Stopping threads took: 0.0000526 seconds
2017-04-24T17:18:00.450+0800: 5570.122: Total time for which application threads were stopped: 0.0003304 seconds, Stopping threads took: 0.0000818 seconds
2017-04-24T17:18:00.450+0800: 5570.122: Total time for which application threads were stopped: 0.0003268 seconds, Stopping threads took: 0.0000911 seconds
2017-04-24T17:18:00.450+0800: 5570.123: Total time for which application threads were stopped: 0.0003733 seconds, Stopping threads took: 0.0001780 seconds
2017-04-24T17:18:00.451+0800: 5570.123: Total time for which application threads were stopped: 0.0001094 seconds, Stopping threads took: 0.0000356 seconds
2017-04-24T17:18:00.451+0800: 5570.123: Total time for which application threads were stopped: 0.0001049 seconds, Stopping threads took: 0.0000346 seconds
2017-04-24T17:18:00.451+0800: 5570.124: Total time for which application threads were stopped: 0.0000965 seconds, Stopping threads took: 0.0000327 seconds
2017-04-24T17:18:00.451+0800: 5570.124: Total time for which application threads were stopped: 0.0000869 seconds, Stopping threads took: 0.0000269 seconds
2017-04-24T17:18:00.452+0800: 5570.124: Total time for which application threads were stopped: 0.0000927 seconds, Stopping threads took: 0.0000289 seconds
2017-04-24T17:18:00.452+0800: 5570.124: Total time for which application threads were stopped: 0.0000840 seconds, Stopping threads took: 0.0000247 seconds
2017-04-24T17:18:00.452+0800: 5570.124: Total time for which application threads were stopped: 0.0001347 seconds, Stopping threads took: 0.0000135 seconds
2017-04-24T17:18:00.452+0800: 5570.125: Total time for which application threads were stopped: 0.0001241 seconds, Stopping threads took: 0.0000144 seconds
2017-04-24T17:18:00.452+0800: 5570.125: Total time for which application threads were stopped: 0.0001094 seconds, Stopping threads took: 0.0000468 seconds
2017-04-24T17:18:00.453+0800: 5570.125: Total time for which application threads were stopped: 0.0000783 seconds, Stopping threads took: 0.0000228 seconds
2017-04-24T17:18:00.453+0800: 5570.125: Total time for which application threads were stopped: 0.0000783 seconds, Stopping threads took: 0.0000225 seconds
2017-04-24T17:18:00.453+0800: 5570.125: Total time for which application threads were stopped: 0.0000773 seconds, Stopping threads took: 0.0000221 seconds
2017-04-24T17:18:00.453+0800: 5570.125: Total time for which application threads were stopped: 0.0000770 seconds, Stopping threads took: 0.0000212 seconds
2017-04-24T17:18:00.453+0800: 5570.126: Total time for which application threads were stopped: 0.0000795 seconds, Stopping threads took: 0.0000237 seconds
2017-04-24T17:18:00.453+0800: 5570.126: Total time for which application threads were stopped: 0.0000882 seconds, Stopping threads took: 0.0000314 seconds
2017-04-24T17:18:00.453+0800: 5570.126: Total time for which application threads were stopped: 0.0000792 seconds, Stopping threads took: 0.0000247 seconds
2017-04-24T17:18:00.454+0800: 5570.126: Total time for which application threads were stopped: 0.0001318 seconds, Stopping threads took: 0.0000247 seconds
2017-04-24T17:18:00.454+0800: 5570.126: Total time for which application threads were stopped: 0.0001142 seconds, Stopping threads took: 0.0000228 seconds
2017-04-24T17:18:00.454+0800: 5570.126: Total time for which application threads were stopped: 0.0001094 seconds, Stopping threads took: 0.0000301 seconds
2017-04-24T17:18:00.454+0800: 5570.127: Total time for which application threads were stopped: 0.0000969 seconds, Stopping threads took: 0.0000366 seconds
2017-04-24T17:18:00.455+0800: 5570.128: Total time for which application threads were stopped: 0.0001321 seconds, Stopping threads took: 0.0000192 seconds
2017-04-24T17:18:00.456+0800: 5570.128: Total time for which application threads were stopped: 0.0001151 seconds, Stopping threads took: 0.0000337 seconds
2017-04-24T17:18:00.703+0800: 5570.376: Total time for which application threads were stopped: 0.0002707 seconds, Stopping threads took: 0.0000510 seconds
2017-04-24T17:18:00.704+0800: 5570.376: Total time for which application threads were stopped: 0.0002563 seconds, Stopping threads took: 0.0000696 seconds
2017-04-24T17:18:00.705+0800: 5570.378: Total time for which application threads were stopped: 0.0002143 seconds, Stopping threads took: 0.0000382 seconds
2017-04-24T17:18:00.705+0800: 5570.378: Total time for which application threads were stopped: 0.0002168 seconds, Stopping threads took: 0.0000468 seconds
2017-04-24T17:18:00.706+0800: 5570.378: Total time for which application threads were stopped: 0.0001989 seconds, Stopping threads took: 0.0000369 seconds
2017-04-24T17:18:00.706+0800: 5570.379: Total time for which application threads were stopped: 0.0001607 seconds, Stopping threads took: 0.0000263 seconds
2017-04-24T17:18:00.707+0800: 5570.379: Total time for which application threads were stopped: 0.0005100 seconds, Stopping threads took: 0.0000350 seconds
2017-04-24T17:18:00.718+0800: 5570.391: Total time for which application threads were stopped: 0.0002479 seconds, Stopping threads took: 0.0000513 seconds
2017-04-24T17:18:10.417+0800: 5580.090: Total time for which application threads were stopped: 0.0001094 seconds, Stopping threads took: 0.0000228 seconds
2017-04-24T17:18:10.418+0800: 5580.090: Total time for which application threads were stopped: 0.0000885 seconds, Stopping threads took: 0.0000160 seconds
2017-04-24T17:18:10.714+0800: 5580.387: Total time for which application threads were stopped: 0.0002954 seconds, Stopping threads took: 0.0000536 seconds
2017-04-24T17:18:10.724+0800: 5580.397: Total time for which application threads were stopped: 0.0002537 seconds, Stopping threads took: 0.0000513 seconds
2017-04-24T17:18:20.435+0800: 5590.108: Total time for which application threads were stopped: 0.0001665 seconds, Stopping threads took: 0.0000378 seconds
2017-04-24T17:18:20.436+0800: 5590.109: Total time for which application threads were stopped: 0.0001091 seconds, Stopping threads took: 0.0000183 seconds
2017-04-24T17:18:20.722+0800: 5590.395: Total time for which application threads were stopped: 0.0001296 seconds, Stopping threads took: 0.0000266 seconds
2017-04-24T17:18:20.723+0800: 5590.395: Total time for which application threads were stopped: 0.0000908 seconds, Stopping threads took: 0.0000176 seconds
2017-04-24T17:18:20.723+0800: 5590.395: Total time for which application threads were stopped: 0.0000674 seconds, Stopping threads took: 0.0000135 seconds
2017-04-24T17:18:20.723+0800: 5590.395: Total time for which application threads were stopped: 0.0000651 seconds, Stopping threads took: 0.0000128 seconds
2017-04-24T17:18:20.723+0800: 5590.395: Total time for which application threads were stopped: 0.0000664 seconds, Stopping threads took: 0.0000160 seconds
2017-04-24T17:18:20.731+0800: 5590.403: Total time for which application threads were stopped: 0.0001094 seconds, Stopping threads took: 0.0000218 seconds
2017-04-24T17:18:30.441+0800: 5600.113: Total time for which application threads were stopped: 0.0002938 seconds, Stopping threads took: 0.0000581 seconds
2017-04-24T17:18:30.442+0800: 5600.115: Total time for which application threads were stopped: 0.0002245 seconds, Stopping threads took: 0.0000452 seconds
2017-04-24T17:18:30.725+0800: 5600.398: Total time for which application threads were stopped: 0.0003005 seconds, Stopping threads took: 0.0000539 seconds
2017-04-24T17:18:30.726+0800: 5600.398: Total time for which application threads were stopped: 0.0002620 seconds, Stopping threads took: 0.0000475 seconds
2017-04-24T17:18:30.726+0800: 5600.399: Total time for which application threads were stopped: 0.0002380 seconds, Stopping threads took: 0.0000430 seconds
2017-04-24T17:18:30.727+0800: 5600.399: Total time for which application threads were stopped: 0.0002088 seconds, Stopping threads took: 0.0000375 seconds
2017-04-24T17:18:30.727+0800: 5600.399: Total time for which application threads were stopped: 0.0001873 seconds, Stopping threads took: 0.0000321 seconds
2017-04-24T17:18:30.738+0800: 5600.410: Total time for which application threads were stopped: 0.0002402 seconds, Stopping threads took: 0.0000436 seconds
2017-04-24T17:18:40.441+0800: 5610.114: Total time for which application threads were stopped: 0.0001610 seconds, Stopping threads took: 0.0000324 seconds
2017-04-24T17:18:40.442+0800: 5610.115: Total time for which application threads were stopped: 0.0001296 seconds, Stopping threads took: 0.0000253 seconds
2017-04-24T17:18:40.868+0800: 5610.540: Total time for which application threads were stopped: 0.0003076 seconds, Stopping threads took: 0.0000590 seconds
2017-04-24T17:18:40.868+0800: 5610.541: Total time for which application threads were stopped: 0.0004465 seconds, Stopping threads took: 0.0002357 seconds
2017-04-24T17:18:40.870+0800: 5610.542: Total time for which application threads were stopped: 0.0002187 seconds, Stopping threads took: 0.0000369 seconds
2017-04-24T17:18:40.870+0800: 5610.543: Total time for which application threads were stopped: 0.0001652 seconds, Stopping threads took: 0.0000282 seconds
2017-04-24T17:18:40.870+0800: 5610.543: Total time for which application threads were stopped: 0.0001549 seconds, Stopping threads took: 0.0000285 seconds
2017-04-24T17:18:40.870+0800: 5610.543: Total time for which application threads were stopped: 0.0001456 seconds, Stopping threads took: 0.0000250 seconds
2017-04-24T17:18:40.871+0800: 5610.543: Total time for which application threads were stopped: 0.0001466 seconds, Stopping threads took: 0.0000253 seconds
2017-04-24T17:18:50.437+0800: 5620.109: Total time for which application threads were stopped: 0.0001860 seconds, Stopping threads took: 0.0000388 seconds
2017-04-24T17:18:50.438+0800: 5620.110: Total time for which application threads were stopped: 0.0001710 seconds, Stopping threads took: 0.0000449 seconds
2017-04-24T17:18:50.703+0800: 5620.376: Total time for which application threads were stopped: 0.0002810 seconds, Stopping threads took: 0.0000616 seconds
2017-04-24T17:18:50.704+0800: 5620.376: Total time for which application threads were stopped: 0.0001540 seconds, Stopping threads took: 0.0000292 seconds
2017-04-24T17:18:50.704+0800: 5620.377: Total time for which application threads were stopped: 0.0002168 seconds, Stopping threads took: 0.0000898 seconds
2017-04-24T17:18:50.705+0800: 5620.378: Total time for which application threads were stopped: 0.0002191 seconds, Stopping threads took: 0.0000433 seconds
2017-04-24T17:18:50.705+0800: 5620.378: Total time for which application threads were stopped: 0.0001892 seconds, Stopping threads took: 0.0000391 seconds
2017-04-24T17:18:50.706+0800: 5620.378: Total time for which application threads were stopped: 0.0001469 seconds, Stopping threads took: 0.0000253 seconds
2017-04-24T17:18:50.706+0800: 5620.378: Total time for which application threads were stopped: 0.0001886 seconds, Stopping threads took: 0.0000388 seconds
2017-04-24T17:18:50.706+0800: 5620.379: Total time for which application threads were stopped: 0.0001591 seconds, Stopping threads took: 0.0000260 seconds
2017-04-24T17:18:50.716+0800: 5620.389: Total time for which application threads were stopped: 0.0002313 seconds, Stopping threads took: 0.0000468 seconds
2017-04-24T17:19:00.441+0800: 5630.114: Total time for which application threads were stopped: 0.0002989 seconds, Stopping threads took: 0.0000600 seconds
2017-04-24T17:19:00.442+0800: 5630.115: Total time for which application threads were stopped: 0.0002242 seconds, Stopping threads took: 0.0000443 seconds
2017-04-24T17:19:00.782+0800: 5630.454: Total time for which application threads were stopped: 0.0002829 seconds, Stopping threads took: 0.0000565 seconds
2017-04-24T17:19:00.782+0800: 5630.454: Total time for which application threads were stopped: 0.0002560 seconds, Stopping threads took: 0.0000901 seconds
2017-04-24T17:19:00.783+0800: 5630.455: Total time for which application threads were stopped: 0.0002422 seconds, Stopping threads took: 0.0000455 seconds
2017-04-24T17:19:00.783+0800: 5630.456: Total time for which application threads were stopped: 0.0001623 seconds, Stopping threads took: 0.0000276 seconds
2017-04-24T17:19:00.784+0800: 5630.456: Total time for which application threads were stopped: 0.0001803 seconds, Stopping threads took: 0.0000257 seconds
2017-04-24T17:19:00.784+0800: 5630.456: Total time for which application threads were stopped: 0.0001536 seconds, Stopping threads took: 0.0000282 seconds
2017-04-24T17:19:00.784+0800: 5630.456: Total time for which application threads were stopped: 0.0001424 seconds, Stopping threads took: 0.0000253 seconds
2017-04-24T17:19:10.441+0800: 5640.113: Total time for which application threads were stopped: 0.0001540 seconds, Stopping threads took: 0.0000311 seconds
2017-04-24T17:19:10.441+0800: 5640.114: Total time for which application threads were stopped: 0.0001142 seconds, Stopping threads took: 0.0000205 seconds
2017-04-24T17:19:10.757+0800: 5640.429: Total time for which application threads were stopped: 0.0002688 seconds, Stopping threads took: 0.0000571 seconds
2017-04-24T17:19:10.757+0800: 5640.430: Total time for which application threads were stopped: 0.0002431 seconds, Stopping threads took: 0.0000872 seconds
2017-04-24T17:19:10.757+0800: 5640.430: Total time for which application threads were stopped: 0.0001629 seconds, Stopping threads took: 0.0000318 seconds
2017-04-24T17:19:10.759+0800: 5640.431: Total time for which application threads were stopped: 0.0004997 seconds, Stopping threads took: 0.0000308 seconds
2017-04-24T17:19:10.759+0800: 5640.431: Total time for which application threads were stopped: 0.0001546 seconds, Stopping threads took: 0.0000273 seconds
2017-04-24T17:19:10.759+0800: 5640.432: Total time for which application threads were stopped: 0.0002296 seconds, Stopping threads took: 0.0000449 seconds
2017-04-24T17:19:10.760+0800: 5640.432: Total time for which application threads were stopped: 0.0001976 seconds, Stopping threads took: 0.0000439 seconds
2017-04-24T17:19:10.760+0800: 5640.433: Total time for which application threads were stopped: 0.0004667 seconds, Stopping threads took: 0.0000340 seconds
2017-04-24T17:19:10.769+0800: 5640.442: Total time for which application threads were stopped: 0.0002245 seconds, Stopping threads took: 0.0000414 seconds
2017-04-24T17:19:20.436+0800: 5650.108: Total time for which application threads were stopped: 0.0001645 seconds, Stopping threads took: 0.0000350 seconds
2017-04-24T17:19:20.436+0800: 5650.109: Total time for which application threads were stopped: 0.0001151 seconds, Stopping threads took: 0.0000202 seconds
2017-04-24T17:19:20.788+0800: 5650.461: Total time for which application threads were stopped: 0.0002056 seconds, Stopping threads took: 0.0000205 seconds
2017-04-24T17:19:20.789+0800: 5650.461: Total time for which application threads were stopped: 0.0001411 seconds, Stopping threads took: 0.0000132 seconds
2017-04-24T17:19:20.792+0800: 5650.465: Total time for which application threads were stopped: 0.0001107 seconds, Stopping threads took: 0.0000228 seconds
2017-04-24T17:19:30.443+0800: 5660.116: Total time for which application threads were stopped: 0.0003015 seconds, Stopping threads took: 0.0000532 seconds
2017-04-24T17:19:30.444+0800: 5660.117: Total time for which application threads were stopped: 0.0002409 seconds, Stopping threads took: 0.0000619 seconds
2017-04-24T17:19:30.777+0800: 5660.449: Total time for which application threads were stopped: 0.0003365 seconds, Stopping threads took: 0.0000536 seconds
2017-04-24T17:19:30.777+0800: 5660.450: Total time for which application threads were stopped: 0.0002508 seconds, Stopping threads took: 0.0000484 seconds
2017-04-24T17:19:30.777+0800: 5660.450: Total time for which application threads were stopped: 0.0002053 seconds, Stopping threads took: 0.0000398 seconds
2017-04-24T17:19:30.778+0800: 5660.450: Total time for which application threads were stopped: 0.0001908 seconds, Stopping threads took: 0.0000645 seconds
2017-04-24T17:19:30.778+0800: 5660.450: Total time for which application threads were stopped: 0.0001581 seconds, Stopping threads took: 0.0000279 seconds
2017-04-24T17:19:30.789+0800: 5660.462: Total time for which application threads were stopped: 0.0005767 seconds, Stopping threads took: 0.0000497 seconds
{Heap before GC invocations=53 (full 2):
 par new generation   total 109248K, used 91846K [0x00000000e0000000, 0x00000000e8000000, 0x00000000e8000000)
  eden space 87424K,  99% used [0x00000000e0000000, 0x00000000e54e3c08, 0x00000000e5560000)
  from space 21824K,  22% used [0x00000000e6ab0000, 0x00000000e6f7dcd0, 0x00000000e8000000)
  to   space 21824K,   0% used [0x00000000e5560000, 0x00000000e5560000, 0x00000000e6ab0000)
 concurrent mark-sweep generation total 393216K, used 17966K [0x00000000e8000000, 0x0000000100000000, 0x0000000100000000)
 Metaspace       used 42251K, capacity 43032K, committed 43544K, reserved 1087488K
  class space    used 4601K, capacity 4830K, committed 4940K, reserved 1048576K
2017-04-24T17:19:40.439+0800: 5670.111: [GC (Allocation Failure) 2017-04-24T17:19:40.439+0800: 5670.111: [ParNew
Desired survivor size 20112992 bytes, new threshold 8 (max 8)
- age   1:    3020496 bytes,    3020496 total
- age   2:     695768 bytes,    3716264 total
- age   3:      68976 bytes,    3785240 total
- age   4:      91368 bytes,    3876608 total
- age   5:      49496 bytes,    3926104 total
- age   6:      11824 bytes,    3937928 total
- age   7:      42144 bytes,    3980072 total
- age   8:      33160 bytes,    4013232 total
: 91846K->5657K(109248K), 0.0069177 secs] 109813K->23651K(502464K), 0.0072109 secs] [Times: user=0.02 sys=0.00, real=0.01 secs] 
Heap after GC invocations=54 (full 2):
 par new generation   total 109248K, used 5657K [0x00000000e0000000, 0x00000000e8000000, 0x00000000e8000000)
  eden space 87424K,   0% used [0x00000000e0000000, 0x00000000e0000000, 0x00000000e5560000)
  from space 21824K,  25% used [0x00000000e5560000, 0x00000000e5ae6620, 0x00000000e6ab0000)
  to   space 21824K,   0% used [0x00000000e6ab0000, 0x00000000e6ab0000, 0x00000000e8000000)
 concurrent mark-sweep generation total 393216K, used 17994K [0x00000000e8000000, 0x0000000100000000, 0x0000000100000000)
 Metaspace       used 42251K, capacity 43032K, committed 43544K, reserved 1087488K
  class space    used 4601K, capacity 4830K, committed 4940K, reserved 1048576K
}
2017-04-24T17:19:40.446+0800: 5670.118: Total time for which application threads were stopped: 0.0076824 seconds, Stopping threads took: 0.0000532 seconds
2017-04-24T17:19:40.446+0800: 5670.119: Total time for which application threads were stopped: 0.0002390 seconds, Stopping threads took: 0.0001039 seconds
2017-04-24T17:19:40.447+0800: 5670.119: Total time for which application threads were stopped: 0.0001277 seconds, Stopping threads took: 0.0000404 seconds
2017-04-24T17:19:40.447+0800: 5670.119: Total time for which application threads were stopped: 0.0002017 seconds, Stopping threads took: 0.0001030 seconds
2017-04-24T17:19:40.447+0800: 5670.120: Total time for which application threads were stopped: 0.0000956 seconds, Stopping threads took: 0.0000257 seconds
2017-04-24T17:19:40.448+0800: 5670.120: Total time for which application threads were stopped: 0.0001466 seconds, Stopping threads took: 0.0000754 seconds
2017-04-24T17:19:40.448+0800: 5670.120: Total time for which application threads were stopped: 0.0000911 seconds, Stopping threads took: 0.0000237 seconds
2017-04-24T17:19:40.448+0800: 5670.120: Total time for which application threads were stopped: 0.0000805 seconds, Stopping threads took: 0.0000231 seconds
2017-04-24T17:19:40.448+0800: 5670.120: Total time for which application threads were stopped: 0.0000917 seconds, Stopping threads took: 0.0000321 seconds
2017-04-24T17:19:40.448+0800: 5670.120: Total time for which application threads were stopped: 0.0000853 seconds, Stopping threads took: 0.0000269 seconds
2017-04-24T17:19:40.448+0800: 5670.121: Total time for which application threads were stopped: 0.0001488 seconds, Stopping threads took: 0.0000279 seconds
2017-04-24T17:19:40.449+0800: 5670.121: Total time for which application threads were stopped: 0.0001091 seconds, Stopping threads took: 0.0000128 seconds
2017-04-24T17:19:40.449+0800: 5670.121: Total time for which application threads were stopped: 0.0000712 seconds, Stopping threads took: 0.0000132 seconds
2017-04-24T17:19:40.449+0800: 5670.121: Total time for which application threads were stopped: 0.0001241 seconds, Stopping threads took: 0.0000231 seconds
2017-04-24T17:19:40.449+0800: 5670.121: Total time for which application threads were stopped: 0.0001402 seconds, Stopping threads took: 0.0000382 seconds
2017-04-24T17:19:40.449+0800: 5670.122: Total time for which application threads were stopped: 0.0000885 seconds, Stopping threads took: 0.0000305 seconds
2017-04-24T17:19:40.449+0800: 5670.122: Total time for which application threads were stopped: 0.0000770 seconds, Stopping threads took: 0.0000225 seconds
2017-04-24T17:19:40.450+0800: 5670.122: Total time for which application threads were stopped: 0.0000844 seconds, Stopping threads took: 0.0000247 seconds
2017-04-24T17:19:40.450+0800: 5670.122: Total time for which application threads were stopped: 0.0000799 seconds, Stopping threads took: 0.0000212 seconds
2017-04-24T17:19:40.450+0800: 5670.122: Total time for which application threads were stopped: 0.0000767 seconds, Stopping threads took: 0.0000221 seconds
2017-04-24T17:19:40.450+0800: 5670.122: Total time for which application threads were stopped: 0.0000930 seconds, Stopping threads took: 0.0000372 seconds
2017-04-24T17:19:40.450+0800: 5670.123: Total time for which application threads were stopped: 0.0000799 seconds, Stopping threads took: 0.0000263 seconds
2017-04-24T17:19:40.451+0800: 5670.123: Total time for which application threads were stopped: 0.0002341 seconds, Stopping threads took: 0.0000308 seconds
2017-04-24T17:19:40.451+0800: 5670.123: Total time for which application threads were stopped: 0.0002171 seconds, Stopping threads took: 0.0000308 seconds
2017-04-24T17:19:40.452+0800: 5670.124: Total time for which application threads were stopped: 0.0000670 seconds, Stopping threads took: 0.0000122 seconds
2017-04-24T17:19:40.452+0800: 5670.125: Total time for which application threads were stopped: 0.0000661 seconds, Stopping threads took: 0.0000119 seconds
2017-04-24T17:19:40.746+0800: 5670.418: Total time for which application threads were stopped: 0.0002643 seconds, Stopping threads took: 0.0000571 seconds
2017-04-24T17:19:40.747+0800: 5670.420: Total time for which application threads were stopped: 0.0002332 seconds, Stopping threads took: 0.0000407 seconds
2017-04-24T17:19:40.748+0800: 5670.420: Total time for which application threads were stopped: 0.0002386 seconds, Stopping threads took: 0.0000465 seconds
2017-04-24T17:19:40.748+0800: 5670.421: Total time for which application threads were stopped: 0.0001918 seconds, Stopping threads took: 0.0000334 seconds
2017-04-24T17:19:40.748+0800: 5670.421: Total time for which application threads were stopped: 0.0002300 seconds, Stopping threads took: 0.0000709 seconds
2017-04-24T17:19:40.749+0800: 5670.421: Total time for which application threads were stopped: 0.0001905 seconds, Stopping threads took: 0.0000305 seconds
2017-04-24T17:19:50.415+0800: 5680.088: Total time for which application threads were stopped: 0.0001107 seconds, Stopping threads took: 0.0000279 seconds
2017-04-24T17:19:50.416+0800: 5680.088: Total time for which application threads were stopped: 0.0000914 seconds, Stopping threads took: 0.0000199 seconds
2017-04-24T17:19:50.660+0800: 5680.332: Total time for which application threads were stopped: 0.0001293 seconds, Stopping threads took: 0.0000269 seconds
2017-04-24T17:19:50.660+0800: 5680.333: Total time for which application threads were stopped: 0.0000895 seconds, Stopping threads took: 0.0000154 seconds
2017-04-24T17:19:50.660+0800: 5680.333: Total time for which application threads were stopped: 0.0000741 seconds, Stopping threads took: 0.0000122 seconds
2017-04-24T17:19:50.660+0800: 5680.333: Total time for which application threads were stopped: 0.0000491 seconds, Stopping threads took: 0.0000087 seconds
2017-04-24T17:19:50.660+0800: 5680.333: Total time for which application threads were stopped: 0.0000500 seconds, Stopping threads took: 0.0000096 seconds
2017-04-24T17:19:50.661+0800: 5680.333: Total time for which application threads were stopped: 0.0000446 seconds, Stopping threads took: 0.0000083 seconds
2017-04-24T17:19:55.547+0800: 5685.220: Total time for which application threads were stopped: 0.0001953 seconds, Stopping threads took: 0.0000558 seconds
2017-04-24T17:20:00.440+0800: 5690.113: Total time for which application threads were stopped: 0.0002839 seconds, Stopping threads took: 0.0000545 seconds
2017-04-24T17:20:00.441+0800: 5690.114: Total time for which application threads were stopped: 0.0002207 seconds, Stopping threads took: 0.0000401 seconds
2017-04-24T17:20:00.772+0800: 5690.444: Total time for which application threads were stopped: 0.0002970 seconds, Stopping threads took: 0.0000622 seconds
2017-04-24T17:20:00.773+0800: 5690.446: Total time for which application threads were stopped: 0.0002531 seconds, Stopping threads took: 0.0000475 seconds
2017-04-24T17:20:00.773+0800: 5690.446: Total time for which application threads were stopped: 0.0001844 seconds, Stopping threads took: 0.0000289 seconds
2017-04-24T17:20:00.774+0800: 5690.446: Total time for which application threads were stopped: 0.0002418 seconds, Stopping threads took: 0.0000391 seconds
2017-04-24T17:20:00.774+0800: 5690.447: Total time for which application threads were stopped: 0.0002203 seconds, Stopping threads took: 0.0000398 seconds
2017-04-24T17:20:00.774+0800: 5690.447: Total time for which application threads were stopped: 0.0001854 seconds, Stopping threads took: 0.0000330 seconds
2017-04-24T17:20:10.441+0800: 5700.114: Total time for which application threads were stopped: 0.0001562 seconds, Stopping threads took: 0.0000314 seconds
2017-04-24T17:20:10.442+0800: 5700.114: Total time for which application threads were stopped: 0.0001126 seconds, Stopping threads took: 0.0000196 seconds
2017-04-24T17:20:10.784+0800: 5700.456: Total time for which application threads were stopped: 0.0003009 seconds, Stopping threads took: 0.0000587 seconds
2017-04-24T17:20:10.785+0800: 5700.458: Total time for which application threads were stopped: 0.0002537 seconds, Stopping threads took: 0.0000436 seconds
2017-04-24T17:20:10.785+0800: 5700.458: Total time for which application threads were stopped: 0.0001809 seconds, Stopping threads took: 0.0000301 seconds
2017-04-24T17:20:10.786+0800: 5700.458: Total time for which application threads were stopped: 0.0001613 seconds, Stopping threads took: 0.0000269 seconds
2017-04-24T17:20:10.786+0800: 5700.458: Total time for which application threads were stopped: 0.0001475 seconds, Stopping threads took: 0.0000257 seconds
2017-04-24T17:20:10.786+0800: 5700.459: Total time for which application threads were stopped: 0.0001466 seconds, Stopping threads took: 0.0000257 seconds
2017-04-24T17:20:20.436+0800: 5710.108: Total time for which application threads were stopped: 0.0001440 seconds, Stopping threads took: 0.0000282 seconds
2017-04-24T17:20:20.436+0800: 5710.109: Total time for which application threads were stopped: 0.0001293 seconds, Stopping threads took: 0.0000279 seconds
2017-04-24T17:20:20.759+0800: 5710.432: Total time for which application threads were stopped: 0.0002758 seconds, Stopping threads took: 0.0000648 seconds
2017-04-24T17:20:20.760+0800: 5710.433: Total time for which application threads were stopped: 0.0002030 seconds, Stopping threads took: 0.0000337 seconds
2017-04-24T17:20:20.760+0800: 5710.433: Total time for which application threads were stopped: 0.0001671 seconds, Stopping threads took: 0.0000276 seconds
2017-04-24T17:20:20.761+0800: 5710.433: Total time for which application threads were stopped: 0.0001889 seconds, Stopping threads took: 0.0000263 seconds
2017-04-24T17:20:20.761+0800: 5710.433: Total time for which application threads were stopped: 0.0001501 seconds, Stopping threads took: 0.0000266 seconds
2017-04-24T17:20:20.761+0800: 5710.434: Total time for which application threads were stopped: 0.0004692 seconds, Stopping threads took: 0.0000253 seconds
2017-04-24T17:20:30.415+0800: 5720.088: Total time for which application threads were stopped: 0.0001004 seconds, Stopping threads took: 0.0000189 seconds
2017-04-24T17:20:30.415+0800: 5720.088: Total time for which application threads were stopped: 0.0001649 seconds, Stopping threads took: 0.0000119 seconds
2017-04-24T17:20:30.693+0800: 5720.365: Total time for which application threads were stopped: 0.0002649 seconds, Stopping threads took: 0.0000606 seconds
2017-04-24T17:20:30.694+0800: 5720.367: Total time for which application threads were stopped: 0.0002261 seconds, Stopping threads took: 0.0000427 seconds
2017-04-24T17:20:40.428+0800: 5730.101: Total time for which application threads were stopped: 0.0001726 seconds, Stopping threads took: 0.0000295 seconds
2017-04-24T17:20:40.429+0800: 5730.101: Total time for which application threads were stopped: 0.0001437 seconds, Stopping threads took: 0.0000356 seconds
2017-04-24T17:20:40.700+0800: 5730.373: Total time for which application threads were stopped: 0.0001180 seconds, Stopping threads took: 0.0000250 seconds
2017-04-24T17:20:40.701+0800: 5730.373: Total time for which application threads were stopped: 0.0000651 seconds, Stopping threads took: 0.0000119 seconds
2017-04-24T17:20:40.701+0800: 5730.373: Total time for which application threads were stopped: 0.0000488 seconds, Stopping threads took: 0.0000096 seconds
2017-04-24T17:20:40.701+0800: 5730.373: Total time for which application threads were stopped: 0.0000439 seconds, Stopping threads took: 0.0000087 seconds
2017-04-24T17:20:40.701+0800: 5730.373: Total time for which application threads were stopped: 0.0000427 seconds, Stopping threads took: 0.0000080 seconds
2017-04-24T17:20:40.701+0800: 5730.373: Total time for which application threads were stopped: 0.0000504 seconds, Stopping threads took: 0.0000103 seconds
2017-04-24T17:20:50.407+0800: 5740.080: Total time for which application threads were stopped: 0.0004455 seconds, Stopping threads took: 0.0000532 seconds
2017-04-24T17:20:50.436+0800: 5740.108: Total time for which application threads were stopped: 0.0001520 seconds, Stopping threads took: 0.0000298 seconds
2017-04-24T17:20:50.436+0800: 5740.109: Total time for which application threads were stopped: 0.0000757 seconds, Stopping threads took: 0.0000132 seconds
2017-04-24T17:20:50.733+0800: 5740.405: Total time for which application threads were stopped: 0.0003182 seconds, Stopping threads took: 0.0000731 seconds
2017-04-24T17:20:50.735+0800: 5740.407: Total time for which application threads were stopped: 0.0002566 seconds, Stopping threads took: 0.0000462 seconds
2017-04-24T17:20:50.735+0800: 5740.407: Total time for which application threads were stopped: 0.0001806 seconds, Stopping threads took: 0.0000292 seconds
2017-04-24T17:20:50.735+0800: 5740.408: Total time for which application threads were stopped: 0.0001649 seconds, Stopping threads took: 0.0000276 seconds
2017-04-24T17:20:50.735+0800: 5740.408: Total time for which application threads were stopped: 0.0001543 seconds, Stopping threads took: 0.0000247 seconds
2017-04-24T17:20:50.736+0800: 5740.408: Total time for which application threads were stopped: 0.0001748 seconds, Stopping threads took: 0.0000247 seconds
2017-04-24T17:20:51.053+0800: 5740.725: Total time for which application threads were stopped: 0.0000933 seconds, Stopping threads took: 0.0000208 seconds
2017-04-24T17:20:51.053+0800: 5740.725: Total time for which application threads were stopped: 0.0000404 seconds, Stopping threads took: 0.0000087 seconds
2017-04-24T17:20:51.053+0800: 5740.726: Total time for which application threads were stopped: 0.0000516 seconds, Stopping threads took: 0.0000109 seconds
2017-04-24T17:20:51.053+0800: 5740.726: Total time for which application threads were stopped: 0.0000532 seconds, Stopping threads took: 0.0000093 seconds
2017-04-24T17:20:51.053+0800: 5740.726: Total time for which application threads were stopped: 0.0000455 seconds, Stopping threads took: 0.0000099 seconds
2017-04-24T17:20:51.054+0800: 5740.726: Total time for which application threads were stopped: 0.0000430 seconds, Stopping threads took: 0.0000090 seconds
2017-04-24T17:21:00.440+0800: 5750.113: Total time for which application threads were stopped: 0.0005834 seconds, Stopping threads took: 0.0000545 seconds
2017-04-24T17:21:00.772+0800: 5750.445: Total time for which application threads were stopped: 0.0002729 seconds, Stopping threads took: 0.0000651 seconds
2017-04-24T17:21:00.774+0800: 5750.446: Total time for which application threads were stopped: 0.0002021 seconds, Stopping threads took: 0.0000353 seconds
2017-04-24T17:21:00.774+0800: 5750.446: Total time for which application threads were stopped: 0.0001665 seconds, Stopping threads took: 0.0000289 seconds
2017-04-24T17:21:00.774+0800: 5750.447: Total time for which application threads were stopped: 0.0002393 seconds, Stopping threads took: 0.0000465 seconds
2017-04-24T17:21:00.774+0800: 5750.447: Total time for which application threads were stopped: 0.0001575 seconds, Stopping threads took: 0.0000273 seconds
2017-04-24T17:21:00.775+0800: 5750.447: Total time for which application threads were stopped: 0.0001729 seconds, Stopping threads took: 0.0000260 seconds
2017-04-24T17:21:00.799+0800: 5750.471: Total time for which application threads were stopped: 0.0002306 seconds, Stopping threads took: 0.0000587 seconds
2017-04-24T17:21:10.441+0800: 5760.114: Total time for which application threads were stopped: 0.0001633 seconds, Stopping threads took: 0.0000366 seconds
2017-04-24T17:21:10.442+0800: 5760.114: Total time for which application threads were stopped: 0.0001578 seconds, Stopping threads took: 0.0000228 seconds
2017-04-24T17:21:10.733+0800: 5760.406: Total time for which application threads were stopped: 0.0003227 seconds, Stopping threads took: 0.0000914 seconds
2017-04-24T17:21:10.734+0800: 5760.407: Total time for which application threads were stopped: 0.0002175 seconds, Stopping threads took: 0.0000423 seconds
2017-04-24T17:21:10.735+0800: 5760.407: Total time for which application threads were stopped: 0.0001751 seconds, Stopping threads took: 0.0000298 seconds
2017-04-24T17:21:10.735+0800: 5760.408: Total time for which application threads were stopped: 0.0002271 seconds, Stopping threads took: 0.0000443 seconds
2017-04-24T17:21:10.735+0800: 5760.408: Total time for which application threads were stopped: 0.0001584 seconds, Stopping threads took: 0.0000276 seconds
2017-04-24T17:21:10.735+0800: 5760.408: Total time for which application threads were stopped: 0.0001443 seconds, Stopping threads took: 0.0000260 seconds
2017-04-24T17:21:10.745+0800: 5760.418: Total time for which application threads were stopped: 0.0002098 seconds, Stopping threads took: 0.0000427 seconds
2017-04-24T17:21:20.418+0800: 5770.091: Total time for which application threads were stopped: 0.0002835 seconds, Stopping threads took: 0.0000536 seconds
{Heap before GC invocations=54 (full 2):
 par new generation   total 109248K, used 92930K [0x00000000e0000000, 0x00000000e8000000, 0x00000000e8000000)
  eden space 87424K,  99% used [0x00000000e0000000, 0x00000000e553a590, 0x00000000e5560000)
  from space 21824K,  25% used [0x00000000e5560000, 0x00000000e5ae6620, 0x00000000e6ab0000)
  to   space 21824K,   0% used [0x00000000e6ab0000, 0x00000000e6ab0000, 0x00000000e8000000)
 concurrent mark-sweep generation total 393216K, used 17994K [0x00000000e8000000, 0x0000000100000000, 0x0000000100000000)
 Metaspace       used 42255K, capacity 43032K, committed 43544K, reserved 1087488K
  class space    used 4601K, capacity 4830K, committed 4940K, reserved 1048576K
2017-04-24T17:21:20.433+0800: 5770.106: [GC (Allocation Failure) 2017-04-24T17:21:20.433+0800: 5770.106: [ParNew
Desired survivor size 20112992 bytes, new threshold 8 (max 8)
- age   1:    2991536 bytes,    2991536 total
- age   2:     692816 bytes,    3684352 total
- age   3:      70696 bytes,    3755048 total
- age   4:      13272 bytes,    3768320 total
- age   5:      90672 bytes,    3858992 total
- age   6:      49088 bytes,    3908080 total
- age   7:      11824 bytes,    3919904 total
- age   8:      42144 bytes,    3962048 total
: 92930K->4953K(109248K), 0.0069370 secs] 110924K->22979K(502464K), 0.0070479 secs] [Times: user=0.00 sys=0.00, real=0.01 secs] 
Heap after GC invocations=55 (full 2):
 par new generation   total 109248K, used 4953K [0x00000000e0000000, 0x00000000e8000000, 0x00000000e8000000)
  eden space 87424K,   0% used [0x00000000e0000000, 0x00000000e0000000, 0x00000000e5560000)
  from space 21824K,  22% used [0x00000000e6ab0000, 0x00000000e6f864e0, 0x00000000e8000000)
  to   space 21824K,   0% used [0x00000000e5560000, 0x00000000e5560000, 0x00000000e6ab0000)
 concurrent mark-sweep generation total 393216K, used 18026K [0x00000000e8000000, 0x0000000100000000, 0x0000000100000000)
 Metaspace       used 42255K, capacity 43032K, committed 43544K, reserved 1087488K
  class space    used 4601K, capacity 4830K, committed 4940K, reserved 1048576K
}
2017-04-24T17:21:20.440+0800: 5770.113: Total time for which application threads were stopped: 0.0073664 seconds, Stopping threads took: 0.0000314 seconds
2017-04-24T17:21:20.443+0800: 5770.116: Total time for which application threads were stopped: 0.0001485 seconds, Stopping threads took: 0.0000305 seconds
2017-04-24T17:21:20.444+0800: 5770.116: Total time for which application threads were stopped: 0.0001552 seconds, Stopping threads took: 0.0000273 seconds
2017-04-24T17:21:20.787+0800: 5770.459: Total time for which application threads were stopped: 0.0002874 seconds, Stopping threads took: 0.0000574 seconds
2017-04-24T17:21:20.787+0800: 5770.460: Total time for which application threads were stopped: 0.0003259 seconds, Stopping threads took: 0.0000904 seconds
2017-04-24T17:21:20.789+0800: 5770.461: Total time for which application threads were stopped: 0.0002582 seconds, Stopping threads took: 0.0000680 seconds
2017-04-24T17:21:20.789+0800: 5770.462: Total time for which application threads were stopped: 0.0002399 seconds, Stopping threads took: 0.0000375 seconds
2017-04-24T17:21:20.789+0800: 5770.462: Total time for which application threads were stopped: 0.0002069 seconds, Stopping threads took: 0.0000574 seconds
2017-04-24T17:21:20.790+0800: 5770.462: Total time for which application threads were stopped: 0.0001847 seconds, Stopping threads took: 0.0000308 seconds
2017-04-24T17:21:20.790+0800: 5770.463: Total time for which application threads were stopped: 0.0001847 seconds, Stopping threads took: 0.0000382 seconds
2017-04-24T17:21:20.801+0800: 5770.473: Total time for which application threads were stopped: 0.0002543 seconds, Stopping threads took: 0.0000452 seconds
2017-04-24T17:21:30.442+0800: 5780.114: Total time for which application threads were stopped: 0.0003304 seconds, Stopping threads took: 0.0001036 seconds
2017-04-24T17:21:30.443+0800: 5780.115: Total time for which application threads were stopped: 0.0002431 seconds, Stopping threads took: 0.0000462 seconds
2017-04-24T17:21:30.762+0800: 5780.434: Total time for which application threads were stopped: 0.0002547 seconds, Stopping threads took: 0.0000504 seconds
2017-04-24T17:21:30.762+0800: 5780.435: Total time for which application threads were stopped: 0.0002457 seconds, Stopping threads took: 0.0000930 seconds
2017-04-24T17:21:30.763+0800: 5780.436: Total time for which application threads were stopped: 0.0002521 seconds, Stopping threads took: 0.0000420 seconds
2017-04-24T17:21:30.763+0800: 5780.436: Total time for which application threads were stopped: 0.0001658 seconds, Stopping threads took: 0.0000273 seconds
2017-04-24T17:21:30.764+0800: 5780.436: Total time for which application threads were stopped: 0.0001770 seconds, Stopping threads took: 0.0000411 seconds
2017-04-24T17:21:30.764+0800: 5780.437: Total time for which application threads were stopped: 0.0002043 seconds, Stopping threads took: 0.0000404 seconds
2017-04-24T17:21:30.764+0800: 5780.437: Total time for which application threads were stopped: 0.0005023 seconds, Stopping threads took: 0.0000298 seconds
2017-04-24T17:21:30.774+0800: 5780.446: Total time for which application threads were stopped: 0.0002165 seconds, Stopping threads took: 0.0000462 seconds
2017-04-24T17:21:36.831+0800: 5786.503: Total time for which application threads were stopped: 0.0000911 seconds, Stopping threads took: 0.0000205 seconds
2017-04-24T17:21:36.831+0800: 5786.503: Total time for which application threads were stopped: 0.0000507 seconds, Stopping threads took: 0.0000112 seconds
2017-04-24T17:21:36.831+0800: 5786.503: Total time for which application threads were stopped: 0.0000340 seconds, Stopping threads took: 0.0000067 seconds
2017-04-24T17:21:36.831+0800: 5786.504: Total time for which application threads were stopped: 0.0000507 seconds, Stopping threads took: 0.0000119 seconds
2017-04-24T17:21:36.831+0800: 5786.504: Total time for which application threads were stopped: 0.0000468 seconds, Stopping threads took: 0.0000122 seconds
2017-04-24T17:21:36.832+0800: 5786.504: Total time for which application threads were stopped: 0.0000481 seconds, Stopping threads took: 0.0000170 seconds
2017-04-24T17:21:40.718+0800: 5790.391: Total time for which application threads were stopped: 0.0001129 seconds, Stopping threads took: 0.0000273 seconds
2017-04-24T17:21:40.719+0800: 5790.391: Total time for which application threads were stopped: 0.0000510 seconds, Stopping threads took: 0.0000141 seconds
2017-04-24T17:21:40.719+0800: 5790.391: Total time for which application threads were stopped: 0.0000898 seconds, Stopping threads took: 0.0000093 seconds
2017-04-24T17:21:40.723+0800: 5790.395: Total time for which application threads were stopped: 0.0001145 seconds, Stopping threads took: 0.0000215 seconds
2017-04-24T17:21:43.729+0800: 5793.402: Total time for which application threads were stopped: 0.0001058 seconds, Stopping threads took: 0.0000228 seconds
2017-04-24T17:21:43.729+0800: 5793.402: Total time for which application threads were stopped: 0.0001087 seconds, Stopping threads took: 0.0000244 seconds
2017-04-24T17:21:43.730+0800: 5793.402: Total time for which application threads were stopped: 0.0000741 seconds, Stopping threads took: 0.0000122 seconds
2017-04-24T17:21:43.730+0800: 5793.403: Total time for which application threads were stopped: 0.0000667 seconds, Stopping threads took: 0.0000115 seconds
2017-04-24T17:21:43.730+0800: 5793.403: Total time for which application threads were stopped: 0.0000670 seconds, Stopping threads took: 0.0000115 seconds
2017-04-24T17:21:43.730+0800: 5793.403: Total time for which application threads were stopped: 0.0000590 seconds, Stopping threads took: 0.0000106 seconds
2017-04-24T17:21:46.806+0800: 5796.478: Total time for which application threads were stopped: 0.0000962 seconds, Stopping threads took: 0.0000215 seconds
2017-04-24T17:21:46.806+0800: 5796.479: Total time for which application threads were stopped: 0.0000353 seconds, Stopping threads took: 0.0000077 seconds
2017-04-24T17:21:50.436+0800: 5800.108: Total time for which application threads were stopped: 0.0001652 seconds, Stopping threads took: 0.0000318 seconds
2017-04-24T17:21:50.736+0800: 5800.408: Total time for which application threads were stopped: 0.0002941 seconds, Stopping threads took: 0.0000613 seconds
2017-04-24T17:21:50.736+0800: 5800.409: Total time for which application threads were stopped: 0.0003082 seconds, Stopping threads took: 0.0001014 seconds
2017-04-24T17:21:50.737+0800: 5800.410: Total time for which application threads were stopped: 0.0002476 seconds, Stopping threads took: 0.0000696 seconds
2017-04-24T17:21:50.738+0800: 5800.410: Total time for which application threads were stopped: 0.0002280 seconds, Stopping threads took: 0.0000536 seconds
2017-04-24T17:21:50.738+0800: 5800.411: Total time for which application threads were stopped: 0.0002274 seconds, Stopping threads took: 0.0000658 seconds
2017-04-24T17:21:50.738+0800: 5800.411: Total time for which application threads were stopped: 0.0001989 seconds, Stopping threads took: 0.0000494 seconds
2017-04-24T17:21:50.739+0800: 5800.411: Total time for which application threads were stopped: 0.0001995 seconds, Stopping threads took: 0.0000677 seconds
2017-04-24T17:21:50.749+0800: 5800.421: Total time for which application threads were stopped: 0.0002309 seconds, Stopping threads took: 0.0000462 seconds
2017-04-24T17:22:00.435+0800: 5810.108: Total time for which application threads were stopped: 0.0002110 seconds, Stopping threads took: 0.0000459 seconds
2017-04-24T17:22:00.436+0800: 5810.109: Total time for which application threads were stopped: 0.0001312 seconds, Stopping threads took: 0.0000269 seconds
2017-04-24T17:22:00.742+0800: 5810.414: Total time for which application threads were stopped: 0.0002393 seconds, Stopping threads took: 0.0000507 seconds
2017-04-24T17:22:00.742+0800: 5810.414: Total time for which application threads were stopped: 0.0002864 seconds, Stopping threads took: 0.0001023 seconds
2017-04-24T17:22:00.743+0800: 5810.416: Total time for which application threads were stopped: 0.0002139 seconds, Stopping threads took: 0.0000391 seconds
2017-04-24T17:22:00.744+0800: 5810.416: Total time for which application threads were stopped: 0.0002104 seconds, Stopping threads took: 0.0000378 seconds
2017-04-24T17:22:00.744+0800: 5810.416: Total time for which application threads were stopped: 0.0001649 seconds, Stopping threads took: 0.0000269 seconds
2017-04-24T17:22:00.744+0800: 5810.417: Total time for which application threads were stopped: 0.0001504 seconds, Stopping threads took: 0.0000250 seconds
2017-04-24T17:22:00.744+0800: 5810.417: Total time for which application threads were stopped: 0.0001828 seconds, Stopping threads took: 0.0000324 seconds
2017-04-24T17:22:00.754+0800: 5810.426: Total time for which application threads were stopped: 0.0002162 seconds, Stopping threads took: 0.0000401 seconds
2017-04-24T17:22:10.441+0800: 5820.114: Total time for which application threads were stopped: 0.0001966 seconds, Stopping threads took: 0.0000366 seconds
2017-04-24T17:22:10.442+0800: 5820.115: Total time for which application threads were stopped: 0.0001309 seconds, Stopping threads took: 0.0000228 seconds
2017-04-24T17:22:10.759+0800: 5820.431: Total time for which application threads were stopped: 0.0002935 seconds, Stopping threads took: 0.0000590 seconds
2017-04-24T17:22:10.759+0800: 5820.432: Total time for which application threads were stopped: 0.0002146 seconds, Stopping threads took: 0.0000378 seconds
2017-04-24T17:22:10.761+0800: 5820.433: Total time for which application threads were stopped: 0.0002851 seconds, Stopping threads took: 0.0001145 seconds
2017-04-24T17:22:10.761+0800: 5820.434: Total time for which application threads were stopped: 0.0002322 seconds, Stopping threads took: 0.0000459 seconds
2017-04-24T17:22:10.761+0800: 5820.434: Total time for which application threads were stopped: 0.0002021 seconds, Stopping threads took: 0.0000411 seconds
2017-04-24T17:22:10.761+0800: 5820.434: Total time for which application threads were stopped: 0.0001540 seconds, Stopping threads took: 0.0000276 seconds
2017-04-24T17:22:10.762+0800: 5820.434: Total time for which application threads were stopped: 0.0001450 seconds, Stopping threads took: 0.0000276 seconds
2017-04-24T17:22:10.771+0800: 5820.443: Total time for which application threads were stopped: 0.0002165 seconds, Stopping threads took: 0.0000433 seconds
2017-04-24T17:22:20.432+0800: 5830.105: Total time for which application threads were stopped: 0.0001158 seconds, Stopping threads took: 0.0000225 seconds
2017-04-24T17:22:20.432+0800: 5830.105: Total time for which application threads were stopped: 0.0000542 seconds, Stopping threads took: 0.0000099 seconds
2017-04-24T17:22:20.727+0800: 5830.399: Total time for which application threads were stopped: 0.0005161 seconds, Stopping threads took: 0.0003223 seconds
2017-04-24T17:22:20.727+0800: 5830.400: Total time for which application threads were stopped: 0.0002050 seconds, Stopping threads took: 0.0000651 seconds
2017-04-24T17:22:20.729+0800: 5830.401: Total time for which application threads were stopped: 0.0002104 seconds, Stopping threads took: 0.0000417 seconds
2017-04-24T17:22:20.729+0800: 5830.401: Total time for which application threads were stopped: 0.0001694 seconds, Stopping threads took: 0.0000324 seconds
2017-04-24T17:22:20.729+0800: 5830.401: Total time for which application threads were stopped: 0.0001940 seconds, Stopping threads took: 0.0000362 seconds
2017-04-24T17:22:20.729+0800: 5830.402: Total time for which application threads were stopped: 0.0001421 seconds, Stopping threads took: 0.0000269 seconds
2017-04-24T17:22:20.730+0800: 5830.402: Total time for which application threads were stopped: 0.0001658 seconds, Stopping threads took: 0.0000337 seconds
2017-04-24T17:22:21.717+0800: 5831.389: Total time for which application threads were stopped: 0.0000981 seconds, Stopping threads took: 0.0000208 seconds
2017-04-24T17:22:21.717+0800: 5831.389: Total time for which application threads were stopped: 0.0000536 seconds, Stopping threads took: 0.0000119 seconds
2017-04-24T17:22:21.717+0800: 5831.390: Total time for which application threads were stopped: 0.0000404 seconds, Stopping threads took: 0.0000083 seconds
2017-04-24T17:22:21.717+0800: 5831.390: Total time for which application threads were stopped: 0.0000513 seconds, Stopping threads took: 0.0000099 seconds
2017-04-24T17:22:21.717+0800: 5831.390: Total time for which application threads were stopped: 0.0000462 seconds, Stopping threads took: 0.0000103 seconds
2017-04-24T17:22:21.717+0800: 5831.390: Total time for which application threads were stopped: 0.0000439 seconds, Stopping threads took: 0.0000099 seconds
2017-04-24T17:22:30.440+0800: 5840.113: Total time for which application threads were stopped: 0.0002922 seconds, Stopping threads took: 0.0000629 seconds
2017-04-24T17:22:30.737+0800: 5840.409: Total time for which application threads were stopped: 0.0003535 seconds, Stopping threads took: 0.0000779 seconds
2017-04-24T17:22:30.737+0800: 5840.410: Total time for which application threads were stopped: 0.0002659 seconds, Stopping threads took: 0.0000911 seconds
2017-04-24T17:22:30.738+0800: 5840.410: Total time for which application threads were stopped: 0.0002005 seconds, Stopping threads took: 0.0000484 seconds
2017-04-24T17:22:30.739+0800: 5840.411: Total time for which application threads were stopped: 0.0001716 seconds, Stopping threads took: 0.0000289 seconds
2017-04-24T17:22:30.739+0800: 5840.412: Total time for which application threads were stopped: 0.0002704 seconds, Stopping threads took: 0.0000436 seconds
2017-04-24T17:22:30.740+0800: 5840.412: Total time for which application threads were stopped: 0.0002345 seconds, Stopping threads took: 0.0000475 seconds
2017-04-24T17:22:30.740+0800: 5840.412: Total time for which application threads were stopped: 0.0001892 seconds, Stopping threads took: 0.0000334 seconds
2017-04-24T17:22:30.740+0800: 5840.413: Total time for which application threads were stopped: 0.0001847 seconds, Stopping threads took: 0.0000298 seconds
2017-04-24T17:22:30.750+0800: 5840.423: Total time for which application threads were stopped: 0.0002290 seconds, Stopping threads took: 0.0000462 seconds
2017-04-24T17:22:40.414+0800: 5850.086: Total time for which application threads were stopped: 0.0000917 seconds, Stopping threads took: 0.0000192 seconds
2017-04-24T17:22:40.414+0800: 5850.087: Total time for which application threads were stopped: 0.0000555 seconds, Stopping threads took: 0.0000112 seconds
2017-04-24T17:22:40.711+0800: 5850.383: Total time for which application threads were stopped: 0.0002710 seconds, Stopping threads took: 0.0000523 seconds
2017-04-24T17:22:40.711+0800: 5850.384: Total time for which application threads were stopped: 0.0002050 seconds, Stopping threads took: 0.0000715 seconds
2017-04-24T17:22:40.712+0800: 5850.385: Total time for which application threads were stopped: 0.0001514 seconds, Stopping threads took: 0.0000292 seconds
2017-04-24T17:22:40.712+0800: 5850.385: Total time for which application threads were stopped: 0.0001376 seconds, Stopping threads took: 0.0000247 seconds
2017-04-24T17:22:40.713+0800: 5850.385: Total time for which application threads were stopped: 0.0001360 seconds, Stopping threads took: 0.0000244 seconds
2017-04-24T17:22:40.713+0800: 5850.385: Total time for which application threads were stopped: 0.0001331 seconds, Stopping threads took: 0.0000241 seconds
2017-04-24T17:22:40.713+0800: 5850.386: Total time for which application threads were stopped: 0.0005347 seconds, Stopping threads took: 0.0000250 seconds
2017-04-24T17:22:40.723+0800: 5850.396: Total time for which application threads were stopped: 0.0002483 seconds, Stopping threads took: 0.0000465 seconds
2017-04-24T17:22:50.409+0800: 5860.082: Total time for which application threads were stopped: 0.0001126 seconds, Stopping threads took: 0.0000186 seconds
2017-04-24T17:22:50.416+0800: 5860.089: Total time for which application threads were stopped: 0.0000962 seconds, Stopping threads took: 0.0000189 seconds
2017-04-24T17:22:50.417+0800: 5860.089: Total time for which application threads were stopped: 0.0001591 seconds, Stopping threads took: 0.0000115 seconds
2017-04-24T17:22:50.698+0800: 5860.371: Total time for which application threads were stopped: 0.0005209 seconds, Stopping threads took: 0.0000625 seconds
2017-04-24T17:22:50.707+0800: 5860.380: Total time for which application threads were stopped: 0.0001116 seconds, Stopping threads took: 0.0000215 seconds
{Heap before GC invocations=55 (full 2):
 par new generation   total 109248K, used 92000K [0x00000000e0000000, 0x00000000e8000000, 0x00000000e8000000)
  eden space 87424K,  99% used [0x00000000e0000000, 0x00000000e5501ba8, 0x00000000e5560000)
  from space 21824K,  22% used [0x00000000e6ab0000, 0x00000000e6f864e0, 0x00000000e8000000)
  to   space 21824K,   0% used [0x00000000e5560000, 0x00000000e5560000, 0x00000000e6ab0000)
 concurrent mark-sweep generation total 393216K, used 18026K [0x00000000e8000000, 0x0000000100000000, 0x0000000100000000)
 Metaspace       used 42255K, capacity 43032K, committed 43544K, reserved 1087488K
  class space    used 4601K, capacity 4830K, committed 4940K, reserved 1048576K
2017-04-24T17:23:00.428+0800: 5870.101: [GC (Allocation Failure) 2017-04-24T17:23:00.428+0800: 5870.101: [ParNew
Desired survivor size 20112992 bytes, new threshold 8 (max 8)
- age   1:    2988344 bytes,    2988344 total
- age   2:     699888 bytes,    3688232 total
- age   3:      67000 bytes,    3755232 total
- age   4:      14992 bytes,    3770224 total
- age   5:      12168 bytes,    3782392 total
- age   6:      85144 bytes,    3867536 total
- age   7:      42512 bytes,    3910048 total
- age   8:      11824 bytes,    3921872 total
: 92000K->5271K(109248K), 0.0038723 secs] 110026K->23338K(502464K), 0.0039345 secs] [Times: user=0.00 sys=0.00, real=0.00 secs] 
Heap after GC invocations=56 (full 2):
 par new generation   total 109248K, used 5271K [0x00000000e0000000, 0x00000000e8000000, 0x00000000e8000000)
  eden space 87424K,   0% used [0x00000000e0000000, 0x00000000e0000000, 0x00000000e5560000)
  from space 21824K,  24% used [0x00000000e5560000, 0x00000000e5a85d30, 0x00000000e6ab0000)
  to   space 21824K,   0% used [0x00000000e6ab0000, 0x00000000e6ab0000, 0x00000000e8000000)
 concurrent mark-sweep generation total 393216K, used 18067K [0x00000000e8000000, 0x0000000100000000, 0x0000000100000000)
 Metaspace       used 42255K, capacity 43032K, committed 43544K, reserved 1087488K
  class space    used 4601K, capacity 4830K, committed 4940K, reserved 1048576K
}
2017-04-24T17:23:00.432+0800: 5870.105: Total time for which application threads were stopped: 0.0041221 seconds, Stopping threads took: 0.0000218 seconds
2017-04-24T17:23:00.433+0800: 5870.105: Total time for which application threads were stopped: 0.0001071 seconds, Stopping threads took: 0.0000279 seconds
2017-04-24T17:23:00.433+0800: 5870.105: Total time for which application threads were stopped: 0.0000847 seconds, Stopping threads took: 0.0000305 seconds
2017-04-24T17:23:00.433+0800: 5870.105: Total time for which application threads were stopped: 0.0000709 seconds, Stopping threads took: 0.0000160 seconds
2017-04-24T17:23:00.433+0800: 5870.105: Total time for which application threads were stopped: 0.0000622 seconds, Stopping threads took: 0.0000170 seconds
2017-04-24T17:23:00.433+0800: 5870.106: Total time for which application threads were stopped: 0.0000545 seconds, Stopping threads took: 0.0000157 seconds
2017-04-24T17:23:00.433+0800: 5870.106: Total time for which application threads were stopped: 0.0000507 seconds, Stopping threads took: 0.0000157 seconds
2017-04-24T17:23:00.433+0800: 5870.106: Total time for which application threads were stopped: 0.0000555 seconds, Stopping threads took: 0.0000148 seconds
2017-04-24T17:23:00.433+0800: 5870.106: Total time for which application threads were stopped: 0.0000520 seconds, Stopping threads took: 0.0000157 seconds
2017-04-24T17:23:00.434+0800: 5870.106: Total time for which application threads were stopped: 0.0000452 seconds, Stopping threads took: 0.0000090 seconds
2017-04-24T17:23:00.434+0800: 5870.106: Total time for which application threads were stopped: 0.0000423 seconds, Stopping threads took: 0.0000080 seconds
2017-04-24T17:23:00.434+0800: 5870.106: Total time for which application threads were stopped: 0.0000427 seconds, Stopping threads took: 0.0000083 seconds
2017-04-24T17:23:00.434+0800: 5870.106: Total time for which application threads were stopped: 0.0000901 seconds, Stopping threads took: 0.0000199 seconds
2017-04-24T17:23:00.434+0800: 5870.106: Total time for which application threads were stopped: 0.0000863 seconds, Stopping threads took: 0.0000221 seconds
2017-04-24T17:23:00.434+0800: 5870.107: Total time for which application threads were stopped: 0.0000513 seconds, Stopping threads took: 0.0000160 seconds
2017-04-24T17:23:00.434+0800: 5870.107: Total time for which application threads were stopped: 0.0000423 seconds, Stopping threads took: 0.0000132 seconds
2017-04-24T17:23:00.434+0800: 5870.107: Total time for which application threads were stopped: 0.0000362 seconds, Stopping threads took: 0.0000080 seconds
2017-04-24T17:23:00.434+0800: 5870.107: Total time for which application threads were stopped: 0.0000366 seconds, Stopping threads took: 0.0000080 seconds
2017-04-24T17:23:00.434+0800: 5870.107: Total time for which application threads were stopped: 0.0000770 seconds, Stopping threads took: 0.0000160 seconds
2017-04-24T17:23:00.435+0800: 5870.107: Total time for which application threads were stopped: 0.0000734 seconds, Stopping threads took: 0.0000160 seconds
2017-04-24T17:23:00.435+0800: 5870.107: Total time for which application threads were stopped: 0.0000488 seconds, Stopping threads took: 0.0000144 seconds
2017-04-24T17:23:00.435+0800: 5870.107: Total time for which application threads were stopped: 0.0000500 seconds, Stopping threads took: 0.0000160 seconds
2017-04-24T17:23:00.435+0800: 5870.107: Total time for which application threads were stopped: 0.0000468 seconds, Stopping threads took: 0.0000167 seconds
2017-04-24T17:23:00.435+0800: 5870.108: Total time for which application threads were stopped: 0.0000395 seconds, Stopping threads took: 0.0000067 seconds
2017-04-24T17:23:00.436+0800: 5870.108: Total time for which application threads were stopped: 0.0000375 seconds, Stopping threads took: 0.0000061 seconds
2017-04-24T17:23:00.691+0800: 5870.363: Total time for which application threads were stopped: 0.0001774 seconds, Stopping threads took: 0.0000808 seconds
2017-04-24T17:23:00.691+0800: 5870.363: Total time for which application threads were stopped: 0.0000940 seconds, Stopping threads took: 0.0000298 seconds
2017-04-24T17:23:00.691+0800: 5870.364: Total time for which application threads were stopped: 0.0000715 seconds, Stopping threads took: 0.0000103 seconds
2017-04-24T17:23:00.691+0800: 5870.364: Total time for which application threads were stopped: 0.0000709 seconds, Stopping threads took: 0.0000106 seconds
2017-04-24T17:23:00.691+0800: 5870.364: Total time for which application threads were stopped: 0.0000555 seconds, Stopping threads took: 0.0000090 seconds
2017-04-24T17:23:00.691+0800: 5870.364: Total time for which application threads were stopped: 0.0000520 seconds, Stopping threads took: 0.0000087 seconds
2017-04-24T17:23:00.696+0800: 5870.368: Total time for which application threads were stopped: 0.0002033 seconds, Stopping threads took: 0.0000183 seconds
2017-04-24T17:23:08.083+0800: 5877.756: Total time for which application threads were stopped: 0.0001023 seconds, Stopping threads took: 0.0000228 seconds
2017-04-24T17:23:08.083+0800: 5877.756: Total time for which application threads were stopped: 0.0000417 seconds, Stopping threads took: 0.0000083 seconds
2017-04-24T17:23:08.084+0800: 5877.756: Total time for which application threads were stopped: 0.0000526 seconds, Stopping threads took: 0.0000112 seconds
2017-04-24T17:23:08.084+0800: 5877.757: Total time for which application threads were stopped: 0.0002139 seconds, Stopping threads took: 0.0000334 seconds
2017-04-24T17:23:08.084+0800: 5877.757: Total time for which application threads were stopped: 0.0000471 seconds, Stopping threads took: 0.0000099 seconds
2017-04-24T17:23:08.084+0800: 5877.757: Total time for which application threads were stopped: 0.0000532 seconds, Stopping threads took: 0.0000138 seconds
2017-04-24T17:23:10.719+0800: 5880.392: Total time for which application threads were stopped: 0.0003053 seconds, Stopping threads took: 0.0000658 seconds
2017-04-24T17:23:10.720+0800: 5880.392: Total time for which application threads were stopped: 0.0002835 seconds, Stopping threads took: 0.0000738 seconds
2017-04-24T17:23:10.721+0800: 5880.393: Total time for which application threads were stopped: 0.0002823 seconds, Stopping threads took: 0.0000359 seconds
2017-04-24T17:23:10.721+0800: 5880.394: Total time for which application threads were stopped: 0.0002835 seconds, Stopping threads took: 0.0000395 seconds
2017-04-24T17:23:10.722+0800: 5880.394: Total time for which application threads were stopped: 0.0002601 seconds, Stopping threads took: 0.0000571 seconds
2017-04-24T17:23:10.722+0800: 5880.394: Total time for which application threads were stopped: 0.0002672 seconds, Stopping threads took: 0.0000359 seconds
2017-04-24T17:23:10.722+0800: 5880.395: Total time for which application threads were stopped: 0.0002165 seconds, Stopping threads took: 0.0000257 seconds
2017-04-24T17:23:20.434+0800: 5890.107: Total time for which application threads were stopped: 0.0001819 seconds, Stopping threads took: 0.0000353 seconds
2017-04-24T17:23:20.435+0800: 5890.107: Total time for which application threads were stopped: 0.0001187 seconds, Stopping threads took: 0.0000186 seconds
2017-04-24T17:23:20.712+0800: 5890.384: Total time for which application threads were stopped: 0.0002932 seconds, Stopping threads took: 0.0000587 seconds
2017-04-24T17:23:20.712+0800: 5890.385: Total time for which application threads were stopped: 0.0002627 seconds, Stopping threads took: 0.0000917 seconds
2017-04-24T17:23:20.713+0800: 5890.385: Total time for which application threads were stopped: 0.0001703 seconds, Stopping threads took: 0.0000308 seconds
2017-04-24T17:23:20.714+0800: 5890.386: Total time for which application threads were stopped: 0.0002409 seconds, Stopping threads took: 0.0000423 seconds
2017-04-24T17:23:20.714+0800: 5890.387: Total time for which application threads were stopped: 0.0002851 seconds, Stopping threads took: 0.0000895 seconds
2017-04-24T17:23:20.715+0800: 5890.387: Total time for which application threads were stopped: 0.0001908 seconds, Stopping threads took: 0.0000378 seconds
2017-04-24T17:23:20.715+0800: 5890.387: Total time for which application threads were stopped: 0.0002098 seconds, Stopping threads took: 0.0000366 seconds
2017-04-24T17:23:20.715+0800: 5890.388: Total time for which application threads were stopped: 0.0001655 seconds, Stopping threads took: 0.0000257 seconds
2017-04-24T17:23:28.836+0800: 5898.508: Total time for which application threads were stopped: 0.0001135 seconds, Stopping threads took: 0.0000340 seconds
2017-04-24T17:23:28.836+0800: 5898.508: Total time for which application threads were stopped: 0.0000648 seconds, Stopping threads took: 0.0000180 seconds
2017-04-24T17:23:28.836+0800: 5898.509: Total time for which application threads were stopped: 0.0001177 seconds, Stopping threads took: 0.0000658 seconds
2017-04-24T17:23:28.837+0800: 5898.509: Total time for which application threads were stopped: 0.0000718 seconds, Stopping threads took: 0.0000221 seconds
2017-04-24T17:23:28.837+0800: 5898.509: Total time for which application threads were stopped: 0.0000568 seconds, Stopping threads took: 0.0000170 seconds
2017-04-24T17:23:28.837+0800: 5898.509: Total time for which application threads were stopped: 0.0000510 seconds, Stopping threads took: 0.0000176 seconds
2017-04-24T17:23:30.444+0800: 5900.117: Total time for which application threads were stopped: 0.0003175 seconds, Stopping threads took: 0.0000744 seconds
2017-04-24T17:23:30.746+0800: 5900.419: Total time for which application threads were stopped: 0.0003047 seconds, Stopping threads took: 0.0000638 seconds
2017-04-24T17:23:30.746+0800: 5900.419: Total time for which application threads were stopped: 0.0003086 seconds, Stopping threads took: 0.0000853 seconds
2017-04-24T17:23:30.747+0800: 5900.419: Total time for which application threads were stopped: 0.0003111 seconds, Stopping threads took: 0.0000526 seconds
2017-04-24T17:23:30.748+0800: 5900.421: Total time for which application threads were stopped: 0.0001963 seconds, Stopping threads took: 0.0000346 seconds
2017-04-24T17:23:30.749+0800: 5900.421: Total time for which application threads were stopped: 0.0001572 seconds, Stopping threads took: 0.0000250 seconds
2017-04-24T17:23:30.749+0800: 5900.421: Total time for which application threads were stopped: 0.0001453 seconds, Stopping threads took: 0.0000247 seconds
2017-04-24T17:23:30.749+0800: 5900.421: Total time for which application threads were stopped: 0.0001434 seconds, Stopping threads took: 0.0000241 seconds
2017-04-24T17:23:30.749+0800: 5900.422: Total time for which application threads were stopped: 0.0001751 seconds, Stopping threads took: 0.0000545 seconds
2017-04-24T17:23:40.439+0800: 5910.112: Total time for which application threads were stopped: 0.0002832 seconds, Stopping threads took: 0.0000523 seconds
2017-04-24T17:23:40.441+0800: 5910.113: Total time for which application threads were stopped: 0.0002922 seconds, Stopping threads took: 0.0000465 seconds
2017-04-24T17:23:40.745+0800: 5910.418: Total time for which application threads were stopped: 0.0003069 seconds, Stopping threads took: 0.0000609 seconds
2017-04-24T17:23:40.745+0800: 5910.418: Total time for which application threads were stopped: 0.0003910 seconds, Stopping threads took: 0.0001905 seconds
2017-04-24T17:23:40.746+0800: 5910.418: Total time for which application threads were stopped: 0.0002062 seconds, Stopping threads took: 0.0000423 seconds
2017-04-24T17:23:40.747+0800: 5910.420: Total time for which application threads were stopped: 0.0002091 seconds, Stopping threads took: 0.0000366 seconds
2017-04-24T17:23:40.747+0800: 5910.420: Total time for which application threads were stopped: 0.0002220 seconds, Stopping threads took: 0.0000411 seconds
2017-04-24T17:23:40.748+0800: 5910.420: Total time for which application threads were stopped: 0.0001754 seconds, Stopping threads took: 0.0000289 seconds
2017-04-24T17:23:40.748+0800: 5910.421: Total time for which application threads were stopped: 0.0001562 seconds, Stopping threads took: 0.0000257 seconds
2017-04-24T17:23:40.748+0800: 5910.421: Total time for which application threads were stopped: 0.0001527 seconds, Stopping threads took: 0.0000260 seconds
2017-04-24T17:23:41.748+0800: 5911.421: Total time for which application threads were stopped: 0.0002056 seconds, Stopping threads took: 0.0000577 seconds
2017-04-24T17:23:50.423+0800: 5920.096: Total time for which application threads were stopped: 0.0001918 seconds, Stopping threads took: 0.0000372 seconds
2017-04-24T17:23:50.424+0800: 5920.096: Total time for which application threads were stopped: 0.0001690 seconds, Stopping threads took: 0.0000282 seconds
2017-04-24T17:23:50.782+0800: 5920.455: Total time for which application threads were stopped: 0.0002871 seconds, Stopping threads took: 0.0000600 seconds
2017-04-24T17:23:50.782+0800: 5920.455: Total time for which application threads were stopped: 0.0001835 seconds, Stopping threads took: 0.0000337 seconds
2017-04-24T17:23:50.783+0800: 5920.455: Total time for which application threads were stopped: 0.0002345 seconds, Stopping threads took: 0.0000885 seconds
2017-04-24T17:23:50.784+0800: 5920.456: Total time for which application threads were stopped: 0.0002454 seconds, Stopping threads took: 0.0000420 seconds
2017-04-24T17:23:50.784+0800: 5920.457: Total time for which application threads were stopped: 0.0002226 seconds, Stopping threads took: 0.0000398 seconds
2017-04-24T17:23:50.784+0800: 5920.457: Total time for which application threads were stopped: 0.0001921 seconds, Stopping threads took: 0.0000340 seconds
2017-04-24T17:23:50.785+0800: 5920.457: Total time for which application threads were stopped: 0.0001626 seconds, Stopping threads took: 0.0000257 seconds
2017-04-24T17:23:50.785+0800: 5920.458: Total time for which application threads were stopped: 0.0004744 seconds, Stopping threads took: 0.0000247 seconds
2017-04-24T17:24:00.431+0800: 5930.103: Total time for which application threads were stopped: 0.0001132 seconds, Stopping threads took: 0.0000273 seconds
2017-04-24T17:24:00.431+0800: 5930.104: Total time for which application threads were stopped: 0.0000731 seconds, Stopping threads took: 0.0000160 seconds
2017-04-24T17:24:00.725+0800: 5930.397: Total time for which application threads were stopped: 0.0002450 seconds, Stopping threads took: 0.0000510 seconds
2017-04-24T17:24:00.725+0800: 5930.398: Total time for which application threads were stopped: 0.0002608 seconds, Stopping threads took: 0.0000940 seconds
2017-04-24T17:24:00.725+0800: 5930.398: Total time for which application threads were stopped: 0.0001819 seconds, Stopping threads took: 0.0000606 seconds
2017-04-24T17:24:00.726+0800: 5930.399: Total time for which application threads were stopped: 0.0001546 seconds, Stopping threads took: 0.0000301 seconds
2017-04-24T17:24:10.409+0800: 5940.082: Total time for which application threads were stopped: 0.0004724 seconds, Stopping threads took: 0.0000536 seconds
2017-04-24T17:24:10.710+0800: 5940.383: Total time for which application threads were stopped: 0.0003326 seconds, Stopping threads took: 0.0000571 seconds
2017-04-24T17:24:10.711+0800: 5940.383: Total time for which application threads were stopped: 0.0002502 seconds, Stopping threads took: 0.0000526 seconds
2017-04-24T17:24:10.712+0800: 5940.385: Total time for which application threads were stopped: 0.0002816 seconds, Stopping threads took: 0.0000375 seconds
2017-04-24T17:24:10.712+0800: 5940.385: Total time for which application threads were stopped: 0.0002922 seconds, Stopping threads took: 0.0000253 seconds
2017-04-24T17:24:10.713+0800: 5940.385: Total time for which application threads were stopped: 0.0002236 seconds, Stopping threads took: 0.0000273 seconds
2017-04-24T17:24:10.713+0800: 5940.386: Total time for which application threads were stopped: 0.0002107 seconds, Stopping threads took: 0.0000241 seconds
2017-04-24T17:24:10.713+0800: 5940.386: Total time for which application threads were stopped: 0.0002094 seconds, Stopping threads took: 0.0000237 seconds
2017-04-24T17:24:18.219+0800: 5947.892: Total time for which application threads were stopped: 0.0001081 seconds, Stopping threads took: 0.0000215 seconds
2017-04-24T17:24:18.220+0800: 5947.892: Total time for which application threads were stopped: 0.0000895 seconds, Stopping threads took: 0.0000186 seconds
2017-04-24T17:24:18.220+0800: 5947.892: Total time for which application threads were stopped: 0.0000658 seconds, Stopping threads took: 0.0000112 seconds
2017-04-24T17:24:18.220+0800: 5947.893: Total time for which application threads were stopped: 0.0000706 seconds, Stopping threads took: 0.0000125 seconds
2017-04-24T17:24:18.220+0800: 5947.893: Total time for which application threads were stopped: 0.0000632 seconds, Stopping threads took: 0.0000115 seconds
2017-04-24T17:24:18.220+0800: 5947.893: Total time for which application threads were stopped: 0.0000677 seconds, Stopping threads took: 0.0000096 seconds
2017-04-24T17:24:20.434+0800: 5950.106: Total time for which application threads were stopped: 0.0001796 seconds, Stopping threads took: 0.0000372 seconds
2017-04-24T17:24:20.730+0800: 5950.403: Total time for which application threads were stopped: 0.0002874 seconds, Stopping threads took: 0.0000584 seconds
2017-04-24T17:24:20.731+0800: 5950.403: Total time for which application threads were stopped: 0.0002127 seconds, Stopping threads took: 0.0000385 seconds
2017-04-24T17:24:20.731+0800: 5950.403: Total time for which application threads were stopped: 0.0002964 seconds, Stopping threads took: 0.0000831 seconds
2017-04-24T17:24:20.732+0800: 5950.404: Total time for which application threads were stopped: 0.0001957 seconds, Stopping threads took: 0.0000359 seconds
2017-04-24T17:24:20.732+0800: 5950.405: Total time for which application threads were stopped: 0.0001957 seconds, Stopping threads took: 0.0000346 seconds
2017-04-24T17:24:20.733+0800: 5950.405: Total time for which application threads were stopped: 0.0001623 seconds, Stopping threads took: 0.0000260 seconds
2017-04-24T17:24:20.733+0800: 5950.405: Total time for which application threads were stopped: 0.0001594 seconds, Stopping threads took: 0.0000279 seconds
2017-04-24T17:24:20.733+0800: 5950.405: Total time for which application threads were stopped: 0.0001828 seconds, Stopping threads took: 0.0000253 seconds
2017-04-24T17:24:30.416+0800: 5960.089: Total time for which application threads were stopped: 0.0001427 seconds, Stopping threads took: 0.0000228 seconds
2017-04-24T17:24:30.417+0800: 5960.089: Total time for which application threads were stopped: 0.0000600 seconds, Stopping threads took: 0.0000135 seconds
2017-04-24T17:24:30.722+0800: 5960.394: Total time for which application threads were stopped: 0.0002762 seconds, Stopping threads took: 0.0000597 seconds
2017-04-24T17:24:30.722+0800: 5960.394: Total time for which application threads were stopped: 0.0001565 seconds, Stopping threads took: 0.0000327 seconds
2017-04-24T17:24:30.722+0800: 5960.395: Total time for which application threads were stopped: 0.0002149 seconds, Stopping threads took: 0.0000872 seconds
2017-04-24T17:24:30.723+0800: 5960.396: Total time for which application threads were stopped: 0.0001382 seconds, Stopping threads took: 0.0000253 seconds
2017-04-24T17:24:30.723+0800: 5960.396: Total time for which application threads were stopped: 0.0001344 seconds, Stopping threads took: 0.0000244 seconds
2017-04-24T17:24:30.724+0800: 5960.396: Total time for which application threads were stopped: 0.0001350 seconds, Stopping threads took: 0.0000253 seconds
2017-04-24T17:24:30.724+0800: 5960.396: Total time for which application threads were stopped: 0.0001414 seconds, Stopping threads took: 0.0000269 seconds
2017-04-24T17:24:30.724+0800: 5960.397: Total time for which application threads were stopped: 0.0002248 seconds, Stopping threads took: 0.0000491 seconds
2017-04-24T17:24:38.299+0800: 5967.972: Total time for which application threads were stopped: 0.0000985 seconds, Stopping threads took: 0.0000234 seconds
2017-04-24T17:24:38.299+0800: 5967.972: Total time for which application threads were stopped: 0.0000693 seconds, Stopping threads took: 0.0000112 seconds
2017-04-24T17:24:38.299+0800: 5967.972: Total time for which application threads were stopped: 0.0000407 seconds, Stopping threads took: 0.0000090 seconds
2017-04-24T17:24:38.300+0800: 5967.972: Total time for which application threads were stopped: 0.0000439 seconds, Stopping threads took: 0.0000087 seconds
2017-04-24T17:24:38.300+0800: 5967.972: Total time for which application threads were stopped: 0.0000427 seconds, Stopping threads took: 0.0000093 seconds
2017-04-24T17:24:38.300+0800: 5967.973: Total time for which application threads were stopped: 0.0000452 seconds, Stopping threads took: 0.0000096 seconds
{Heap before GC invocations=56 (full 2):
 par new generation   total 109248K, used 92391K [0x00000000e0000000, 0x00000000e8000000, 0x00000000e8000000)
  eden space 87424K,  99% used [0x00000000e0000000, 0x00000000e5513f40, 0x00000000e5560000)
  from space 21824K,  24% used [0x00000000e5560000, 0x00000000e5a85d30, 0x00000000e6ab0000)
  to   space 21824K,   0% used [0x00000000e6ab0000, 0x00000000e6ab0000, 0x00000000e8000000)
 concurrent mark-sweep generation total 393216K, used 18067K [0x00000000e8000000, 0x0000000100000000, 0x0000000100000000)
 Metaspace       used 42262K, capacity 43032K, committed 43544K, reserved 1087488K
  class space    used 4601K, capacity 4830K, committed 4940K, reserved 1048576K
2017-04-24T17:24:40.439+0800: 5970.111: [GC (Allocation Failure) 2017-04-24T17:24:40.439+0800: 5970.111: [ParNew
Desired survivor size 20112992 bytes, new threshold 8 (max 8)
- age   1:    2984336 bytes,    2984336 total
- age   2:     710152 bytes,    3694488 total
- age   3:      74376 bytes,    3768864 total
- age   4:      11640 bytes,    3780504 total
- age   5:      14296 bytes,    3794800 total
- age   6:      12168 bytes,    3806968 total
- age   7:      85144 bytes,    3892112 total
- age   8:      42512 bytes,    3934624 total
: 92391K->5384K(109248K), 0.0061896 secs] 110458K->23464K(502464K), 0.0063417 secs] [Times: user=0.02 sys=0.00, real=0.01 secs] 
Heap after GC invocations=57 (full 2):
 par new generation   total 109248K, used 5384K [0x00000000e0000000, 0x00000000e8000000, 0x00000000e8000000)
  eden space 87424K,   0% used [0x00000000e0000000, 0x00000000e0000000, 0x00000000e5560000)
  from space 21824K,  24% used [0x00000000e6ab0000, 0x00000000e6ff2390, 0x00000000e8000000)
  to   space 21824K,   0% used [0x00000000e5560000, 0x00000000e5560000, 0x00000000e6ab0000)
 concurrent mark-sweep generation total 393216K, used 18079K [0x00000000e8000000, 0x0000000100000000, 0x0000000100000000)
 Metaspace       used 42262K, capacity 43032K, committed 43544K, reserved 1087488K
  class space    used 4601K, capacity 4830K, committed 4940K, reserved 1048576K
}
2017-04-24T17:24:40.445+0800: 5970.118: Total time for which application threads were stopped: 0.0067865 seconds, Stopping threads took: 0.0000625 seconds
2017-04-24T17:24:40.446+0800: 5970.118: Total time for which application threads were stopped: 0.0002082 seconds, Stopping threads took: 0.0000831 seconds
2017-04-24T17:24:40.446+0800: 5970.118: Total time for which application threads were stopped: 0.0001395 seconds, Stopping threads took: 0.0000584 seconds
2017-04-24T17:24:40.447+0800: 5970.119: Total time for which application threads were stopped: 0.0001321 seconds, Stopping threads took: 0.0000385 seconds
2017-04-24T17:24:40.447+0800: 5970.119: Total time for which application threads were stopped: 0.0001049 seconds, Stopping threads took: 0.0000343 seconds
2017-04-24T17:24:40.447+0800: 5970.120: Total time for which application threads were stopped: 0.0000658 seconds, Stopping threads took: 0.0000173 seconds
2017-04-24T17:24:40.448+0800: 5970.120: Total time for which application threads were stopped: 0.0001235 seconds, Stopping threads took: 0.0000523 seconds
2017-04-24T17:24:40.448+0800: 5970.120: Total time for which application threads were stopped: 0.0000914 seconds, Stopping threads took: 0.0000276 seconds
2017-04-24T17:24:40.448+0800: 5970.120: Total time for which application threads were stopped: 0.0000860 seconds, Stopping threads took: 0.0000257 seconds
2017-04-24T17:24:40.448+0800: 5970.120: Total time for which application threads were stopped: 0.0000811 seconds, Stopping threads took: 0.0000221 seconds
2017-04-24T17:24:40.448+0800: 5970.120: Total time for which application threads were stopped: 0.0000693 seconds, Stopping threads took: 0.0000215 seconds
2017-04-24T17:24:40.448+0800: 5970.121: Total time for which application threads were stopped: 0.0000837 seconds, Stopping threads took: 0.0000241 seconds
2017-04-24T17:24:40.448+0800: 5970.121: Total time for which application threads were stopped: 0.0000645 seconds, Stopping threads took: 0.0000144 seconds
2017-04-24T17:24:40.449+0800: 5970.121: Total time for which application threads were stopped: 0.0000763 seconds, Stopping threads took: 0.0000234 seconds
2017-04-24T17:24:40.449+0800: 5970.121: Total time for which application threads were stopped: 0.0000972 seconds, Stopping threads took: 0.0000369 seconds
2017-04-24T17:24:40.449+0800: 5970.121: Total time for which application threads were stopped: 0.0000840 seconds, Stopping threads took: 0.0000289 seconds
2017-04-24T17:24:40.449+0800: 5970.121: Total time for which application threads were stopped: 0.0000879 seconds, Stopping threads took: 0.0000244 seconds
2017-04-24T17:24:40.449+0800: 5970.122: Total time for which application threads were stopped: 0.0000876 seconds, Stopping threads took: 0.0000285 seconds
2017-04-24T17:24:40.449+0800: 5970.122: Total time for which application threads were stopped: 0.0000786 seconds, Stopping threads took: 0.0000257 seconds
2017-04-24T17:24:40.450+0800: 5970.122: Total time for which application threads were stopped: 0.0001341 seconds, Stopping threads took: 0.0000260 seconds
2017-04-24T17:24:40.450+0800: 5970.122: Total time for which application threads were stopped: 0.0001225 seconds, Stopping threads took: 0.0000282 seconds
2017-04-24T17:24:40.450+0800: 5970.122: Total time for which application threads were stopped: 0.0001957 seconds, Stopping threads took: 0.0000215 seconds
2017-04-24T17:24:40.450+0800: 5970.123: Total time for which application threads were stopped: 0.0001719 seconds, Stopping threads took: 0.0000208 seconds
2017-04-24T17:24:40.732+0800: 5970.405: Total time for which application threads were stopped: 0.0003502 seconds, Stopping threads took: 0.0000497 seconds
2017-04-24T17:24:40.733+0800: 5970.406: Total time for which application threads were stopped: 0.0002239 seconds, Stopping threads took: 0.0000269 seconds
2017-04-24T17:24:40.733+0800: 5970.406: Total time for which application threads were stopped: 0.0003114 seconds, Stopping threads took: 0.0000446 seconds
2017-04-24T17:24:40.733+0800: 5970.406: Total time for which application threads were stopped: 0.0002175 seconds, Stopping threads took: 0.0000266 seconds
2017-04-24T17:24:40.734+0800: 5970.406: Total time for which application threads were stopped: 0.0002082 seconds, Stopping threads took: 0.0000247 seconds
2017-04-24T17:24:48.539+0800: 5978.212: Total time for which application threads were stopped: 0.0001068 seconds, Stopping threads took: 0.0000253 seconds
2017-04-24T17:24:48.540+0800: 5978.212: Total time for which application threads were stopped: 0.0000969 seconds, Stopping threads took: 0.0000247 seconds
2017-04-24T17:24:48.540+0800: 5978.212: Total time for which application threads were stopped: 0.0000754 seconds, Stopping threads took: 0.0000192 seconds
2017-04-24T17:24:48.540+0800: 5978.213: Total time for which application threads were stopped: 0.0000821 seconds, Stopping threads took: 0.0000208 seconds
2017-04-24T17:24:48.540+0800: 5978.213: Total time for which application threads were stopped: 0.0001719 seconds, Stopping threads took: 0.0000141 seconds
2017-04-24T17:24:49.540+0800: 5979.213: Total time for which application threads were stopped: 0.0001831 seconds, Stopping threads took: 0.0000500 seconds
2017-04-24T17:24:50.437+0800: 5980.109: Total time for which application threads were stopped: 0.0001713 seconds, Stopping threads took: 0.0000314 seconds
2017-04-24T17:24:50.768+0800: 5980.441: Total time for which application threads were stopped: 0.0003150 seconds, Stopping threads took: 0.0000773 seconds
2017-04-24T17:24:50.769+0800: 5980.441: Total time for which application threads were stopped: 0.0005366 seconds, Stopping threads took: 0.0000587 seconds
2017-04-24T17:24:50.769+0800: 5980.442: Total time for which application threads were stopped: 0.0005344 seconds, Stopping threads took: 0.0000484 seconds
2017-04-24T17:24:50.771+0800: 5980.443: Total time for which application threads were stopped: 0.0002136 seconds, Stopping threads took: 0.0000427 seconds
2017-04-24T17:24:50.771+0800: 5980.443: Total time for which application threads were stopped: 0.0002216 seconds, Stopping threads took: 0.0000423 seconds
2017-04-24T17:24:50.771+0800: 5980.444: Total time for which application threads were stopped: 0.0001835 seconds, Stopping threads took: 0.0000427 seconds
2017-04-24T17:24:50.772+0800: 5980.444: Total time for which application threads were stopped: 0.0002082 seconds, Stopping threads took: 0.0000488 seconds
2017-04-24T17:24:50.772+0800: 5980.444: Total time for which application threads were stopped: 0.0001642 seconds, Stopping threads took: 0.0000340 seconds
2017-04-24T17:24:50.785+0800: 5980.457: Total time for which application threads were stopped: 0.0002710 seconds, Stopping threads took: 0.0000507 seconds
2017-04-24T17:24:55.827+0800: 5985.500: Total time for which application threads were stopped: 0.0000933 seconds, Stopping threads took: 0.0000199 seconds
2017-04-24T17:24:55.828+0800: 5985.500: Total time for which application threads were stopped: 0.0000529 seconds, Stopping threads took: 0.0000106 seconds
2017-04-24T17:24:55.828+0800: 5985.500: Total time for which application threads were stopped: 0.0000497 seconds, Stopping threads took: 0.0000128 seconds
2017-04-24T17:24:55.828+0800: 5985.501: Total time for which application threads were stopped: 0.0000593 seconds, Stopping threads took: 0.0000173 seconds
2017-04-24T17:24:55.828+0800: 5985.501: Total time for which application threads were stopped: 0.0000488 seconds, Stopping threads took: 0.0000148 seconds
2017-04-24T17:24:55.828+0800: 5985.501: Total time for which application threads were stopped: 0.0000465 seconds, Stopping threads took: 0.0000144 seconds
2017-04-24T17:25:00.439+0800: 5990.112: Total time for which application threads were stopped: 0.0002778 seconds, Stopping threads took: 0.0000516 seconds
2017-04-24T17:25:00.825+0800: 5990.498: Total time for which application threads were stopped: 0.0002646 seconds, Stopping threads took: 0.0000488 seconds
2017-04-24T17:25:00.825+0800: 5990.498: Total time for which application threads were stopped: 0.0002643 seconds, Stopping threads took: 0.0000488 seconds
2017-04-24T17:25:00.826+0800: 5990.498: Total time for which application threads were stopped: 0.0002325 seconds, Stopping threads took: 0.0000401 seconds
2017-04-24T17:25:00.826+0800: 5990.499: Total time for which application threads were stopped: 0.0002062 seconds, Stopping threads took: 0.0000366 seconds
2017-04-24T17:25:00.827+0800: 5990.499: Total time for which application threads were stopped: 0.0005398 seconds, Stopping threads took: 0.0000350 seconds
2017-04-24T17:25:00.836+0800: 5990.509: Total time for which application threads were stopped: 0.0002364 seconds, Stopping threads took: 0.0000446 seconds
2017-04-24T17:25:10.426+0800: 6000.098: Total time for which application threads were stopped: 0.0001321 seconds, Stopping threads took: 0.0000250 seconds
2017-04-24T17:25:10.427+0800: 6000.099: Total time for which application threads were stopped: 0.0000856 seconds, Stopping threads took: 0.0000151 seconds
2017-04-24T17:25:10.685+0800: 6000.357: Total time for which application threads were stopped: 0.0002547 seconds, Stopping threads took: 0.0000488 seconds
2017-04-24T17:25:10.696+0800: 6000.369: Total time for which application threads were stopped: 0.0002636 seconds, Stopping threads took: 0.0000520 seconds
2017-04-24T17:25:19.787+0800: 6009.460: Total time for which application threads were stopped: 0.0000991 seconds, Stopping threads took: 0.0000218 seconds
2017-04-24T17:25:19.787+0800: 6009.460: Total time for which application threads were stopped: 0.0000382 seconds, Stopping threads took: 0.0000074 seconds
2017-04-24T17:25:19.787+0800: 6009.460: Total time for which application threads were stopped: 0.0000398 seconds, Stopping threads took: 0.0000080 seconds
2017-04-24T17:25:19.787+0800: 6009.460: Total time for which application threads were stopped: 0.0000548 seconds, Stopping threads took: 0.0000109 seconds
2017-04-24T17:25:19.787+0800: 6009.460: Total time for which application threads were stopped: 0.0000436 seconds, Stopping threads took: 0.0000096 seconds
2017-04-24T17:25:19.788+0800: 6009.460: Total time for which application threads were stopped: 0.0000388 seconds, Stopping threads took: 0.0000077 seconds
2017-04-24T17:25:20.739+0800: 6010.412: Total time for which application threads were stopped: 0.0003602 seconds, Stopping threads took: 0.0000526 seconds
2017-04-24T17:25:20.740+0800: 6010.412: Total time for which application threads were stopped: 0.0002252 seconds, Stopping threads took: 0.0000269 seconds
2017-04-24T17:25:20.740+0800: 6010.412: Total time for which application threads were stopped: 0.0002332 seconds, Stopping threads took: 0.0000247 seconds
2017-04-24T17:25:20.740+0800: 6010.413: Total time for which application threads were stopped: 0.0002069 seconds, Stopping threads took: 0.0000247 seconds
2017-04-24T17:25:20.741+0800: 6010.413: Total time for which application threads were stopped: 0.0002200 seconds, Stopping threads took: 0.0000247 seconds
2017-04-24T17:25:20.751+0800: 6010.424: Total time for which application threads were stopped: 0.0003044 seconds, Stopping threads took: 0.0000885 seconds
2017-04-24T17:25:30.423+0800: 6020.095: Total time for which application threads were stopped: 0.0002370 seconds, Stopping threads took: 0.0000208 seconds
2017-04-24T17:25:30.423+0800: 6020.096: Total time for which application threads were stopped: 0.0000885 seconds, Stopping threads took: 0.0000218 seconds
2017-04-24T17:25:30.696+0800: 6020.368: Total time for which application threads were stopped: 0.0001100 seconds, Stopping threads took: 0.0000225 seconds
2017-04-24T17:25:30.696+0800: 6020.368: Total time for which application threads were stopped: 0.0000888 seconds, Stopping threads took: 0.0000151 seconds
2017-04-24T17:25:30.696+0800: 6020.368: Total time for which application threads were stopped: 0.0000667 seconds, Stopping threads took: 0.0000106 seconds
2017-04-24T17:25:30.696+0800: 6020.369: Total time for which application threads were stopped: 0.0000757 seconds, Stopping threads took: 0.0000199 seconds
2017-04-24T17:25:30.696+0800: 6020.369: Total time for which application threads were stopped: 0.0000568 seconds, Stopping threads took: 0.0000099 seconds
2017-04-24T17:25:30.700+0800: 6020.372: Total time for which application threads were stopped: 0.0000965 seconds, Stopping threads took: 0.0000186 seconds
2017-04-24T17:25:38.539+0800: 6028.212: Total time for which application threads were stopped: 0.0001161 seconds, Stopping threads took: 0.0000241 seconds
2017-04-24T17:25:38.539+0800: 6028.212: Total time for which application threads were stopped: 0.0000901 seconds, Stopping threads took: 0.0000186 seconds
2017-04-24T17:25:38.539+0800: 6028.212: Total time for which application threads were stopped: 0.0000741 seconds, Stopping threads took: 0.0000135 seconds
2017-04-24T17:25:38.540+0800: 6028.213: Total time for which application threads were stopped: 0.0000757 seconds, Stopping threads took: 0.0000135 seconds
2017-04-24T17:25:38.540+0800: 6028.213: Total time for which application threads were stopped: 0.0000670 seconds, Stopping threads took: 0.0000125 seconds
2017-04-24T17:25:38.540+0800: 6028.213: Total time for which application threads were stopped: 0.0000641 seconds, Stopping threads took: 0.0000112 seconds
2017-04-24T17:25:40.416+0800: 6030.089: Total time for which application threads were stopped: 0.0002601 seconds, Stopping threads took: 0.0000603 seconds
2017-04-24T17:25:40.707+0800: 6030.380: Total time for which application threads were stopped: 0.0001777 seconds, Stopping threads took: 0.0000330 seconds
2017-04-24T17:25:40.707+0800: 6030.380: Total time for which application threads were stopped: 0.0001151 seconds, Stopping threads took: 0.0000189 seconds
2017-04-24T17:25:40.707+0800: 6030.380: Total time for which application threads were stopped: 0.0001004 seconds, Stopping threads took: 0.0000173 seconds
2017-04-24T17:25:40.708+0800: 6030.380: Total time for which application threads were stopped: 0.0001123 seconds, Stopping threads took: 0.0000157 seconds
2017-04-24T17:25:40.708+0800: 6030.380: Total time for which application threads were stopped: 0.0001370 seconds, Stopping threads took: 0.0000273 seconds
2017-04-24T17:25:40.715+0800: 6030.387: Total time for which application threads were stopped: 0.0001524 seconds, Stopping threads took: 0.0000308 seconds
2017-04-24T17:25:48.124+0800: 6037.796: Total time for which application threads were stopped: 0.0001126 seconds, Stopping threads took: 0.0000237 seconds
2017-04-24T17:25:48.124+0800: 6037.796: Total time for which application threads were stopped: 0.0000792 seconds, Stopping threads took: 0.0000144 seconds
2017-04-24T17:25:48.124+0800: 6037.796: Total time for which application threads were stopped: 0.0000767 seconds, Stopping threads took: 0.0000157 seconds
2017-04-24T17:25:48.124+0800: 6037.797: Total time for which application threads were stopped: 0.0000712 seconds, Stopping threads took: 0.0000119 seconds
2017-04-24T17:25:48.124+0800: 6037.797: Total time for which application threads were stopped: 0.0000609 seconds, Stopping threads took: 0.0000192 seconds
2017-04-24T17:25:48.125+0800: 6037.797: Total time for which application threads were stopped: 0.0000494 seconds, Stopping threads took: 0.0000103 seconds
2017-04-24T17:25:50.439+0800: 6040.112: Total time for which application threads were stopped: 0.0001710 seconds, Stopping threads took: 0.0000311 seconds
2017-04-24T17:25:50.719+0800: 6040.392: Total time for which application threads were stopped: 0.0003820 seconds, Stopping threads took: 0.0000532 seconds
2017-04-24T17:25:50.720+0800: 6040.392: Total time for which application threads were stopped: 0.0002062 seconds, Stopping threads took: 0.0000356 seconds
2017-04-24T17:25:50.720+0800: 6040.393: Total time for which application threads were stopped: 0.0001857 seconds, Stopping threads took: 0.0000298 seconds
2017-04-24T17:25:50.721+0800: 6040.393: Total time for which application threads were stopped: 0.0002466 seconds, Stopping threads took: 0.0000436 seconds
2017-04-24T17:25:50.721+0800: 6040.393: Total time for which application threads were stopped: 0.0002181 seconds, Stopping threads took: 0.0000395 seconds
2017-04-24T17:26:00.444+0800: 6050.117: Total time for which application threads were stopped: 0.0002976 seconds, Stopping threads took: 0.0000606 seconds
2017-04-24T17:26:00.445+0800: 6050.118: Total time for which application threads were stopped: 0.0001591 seconds, Stopping threads took: 0.0000276 seconds
2017-04-24T17:26:00.747+0800: 6050.420: Total time for which application threads were stopped: 0.0003124 seconds, Stopping threads took: 0.0000837 seconds
2017-04-24T17:26:00.748+0800: 6050.421: Total time for which application threads were stopped: 0.0001684 seconds, Stopping threads took: 0.0000308 seconds
2017-04-24T17:26:00.748+0800: 6050.421: Total time for which application threads were stopped: 0.0002168 seconds, Stopping threads took: 0.0000433 seconds
2017-04-24T17:26:00.749+0800: 6050.421: Total time for which application threads were stopped: 0.0001870 seconds, Stopping threads took: 0.0000391 seconds
2017-04-24T17:26:00.749+0800: 6050.421: Total time for which application threads were stopped: 0.0001607 seconds, Stopping threads took: 0.0000318 seconds
2017-04-24T17:26:00.749+0800: 6050.422: Total time for which application threads were stopped: 0.0001540 seconds, Stopping threads took: 0.0000295 seconds
2017-04-24T17:26:00.762+0800: 6050.434: Total time for which application threads were stopped: 0.0002880 seconds, Stopping threads took: 0.0000536 seconds
2017-04-24T17:26:10.442+0800: 6060.115: Total time for which application threads were stopped: 0.0001437 seconds, Stopping threads took: 0.0000266 seconds
2017-04-24T17:26:10.442+0800: 6060.115: Total time for which application threads were stopped: 0.0000994 seconds, Stopping threads took: 0.0000180 seconds
2017-04-24T17:26:10.789+0800: 6060.461: Total time for which application threads were stopped: 0.0002713 seconds, Stopping threads took: 0.0000513 seconds
2017-04-24T17:26:10.789+0800: 6060.462: Total time for which application threads were stopped: 0.0001831 seconds, Stopping threads took: 0.0000314 seconds
2017-04-24T17:26:10.789+0800: 6060.462: Total time for which application threads were stopped: 0.0001559 seconds, Stopping threads took: 0.0000266 seconds
2017-04-24T17:26:10.790+0800: 6060.462: Total time for which application threads were stopped: 0.0001607 seconds, Stopping threads took: 0.0000260 seconds
2017-04-24T17:26:10.790+0800: 6060.463: Total time for which application threads were stopped: 0.0005032 seconds, Stopping threads took: 0.0000260 seconds
2017-04-24T17:26:10.799+0800: 6060.472: Total time for which application threads were stopped: 0.0002569 seconds, Stopping threads took: 0.0000478 seconds
2017-04-24T17:26:15.660+0800: 6065.332: Total time for which application threads were stopped: 0.0001312 seconds, Stopping threads took: 0.0000234 seconds
2017-04-24T17:26:15.660+0800: 6065.332: Total time for which application threads were stopped: 0.0000901 seconds, Stopping threads took: 0.0000164 seconds
2017-04-24T17:26:15.660+0800: 6065.332: Total time for which application threads were stopped: 0.0000722 seconds, Stopping threads took: 0.0000132 seconds
2017-04-24T17:26:15.660+0800: 6065.333: Total time for which application threads were stopped: 0.0000702 seconds, Stopping threads took: 0.0000112 seconds
2017-04-24T17:26:15.660+0800: 6065.333: Total time for which application threads were stopped: 0.0000545 seconds, Stopping threads took: 0.0000096 seconds
2017-04-24T17:26:15.661+0800: 6065.333: Total time for which application threads were stopped: 0.0000571 seconds, Stopping threads took: 0.0000099 seconds
{Heap before GC invocations=57 (full 2):
 par new generation   total 109248K, used 92722K [0x00000000e0000000, 0x00000000e8000000, 0x00000000e8000000)
  eden space 87424K,  99% used [0x00000000e0000000, 0x00000000e554a718, 0x00000000e5560000)
  from space 21824K,  24% used [0x00000000e6ab0000, 0x00000000e6ff2390, 0x00000000e8000000)
  to   space 21824K,   0% used [0x00000000e5560000, 0x00000000e5560000, 0x00000000e6ab0000)
 concurrent mark-sweep generation total 393216K, used 18079K [0x00000000e8000000, 0x0000000100000000, 0x0000000100000000)
 Metaspace       used 42299K, capacity 43096K, committed 43544K, reserved 1087488K
  class space    used 4601K, capacity 4830K, committed 4940K, reserved 1048576K
2017-04-24T17:26:20.434+0800: 6070.106: [GC (Allocation Failure) 2017-04-24T17:26:20.434+0800: 6070.106: [ParNew
Desired survivor size 20112992 bytes, new threshold 8 (max 8)
- age   1:    3053088 bytes,    3053088 total
- age   2:     694360 bytes,    3747448 total
- age   3:      84200 bytes,    3831648 total
- age   4:      18472 bytes,    3850120 total
- age   5:      10944 bytes,    3861064 total
- age   6:      14296 bytes,    3875360 total
- age   7:      11712 bytes,    3887072 total
- age   8:      85144 bytes,    3972216 total
: 92722K->4709K(109248K), 0.0058939 secs] 110801K->22833K(502464K), 0.0059844 secs] [Times: user=0.00 sys=0.00, real=0.01 secs] 
Heap after GC invocations=58 (full 2):
 par new generation   total 109248K, used 4709K [0x00000000e0000000, 0x00000000e8000000, 0x00000000e8000000)
  eden space 87424K,   0% used [0x00000000e0000000, 0x00000000e0000000, 0x00000000e5560000)
  from space 21824K,  21% used [0x00000000e5560000, 0x00000000e59f9560, 0x00000000e6ab0000)
  to   space 21824K,   0% used [0x00000000e6ab0000, 0x00000000e6ab0000, 0x00000000e8000000)
 concurrent mark-sweep generation total 393216K, used 18123K [0x00000000e8000000, 0x0000000100000000, 0x0000000100000000)
 Metaspace       used 42299K, capacity 43096K, committed 43544K, reserved 1087488K
  class space    used 4601K, capacity 4830K, committed 4940K, reserved 1048576K
}
2017-04-24T17:26:20.440+0800: 6070.112: Total time for which application threads were stopped: 0.0062701 seconds, Stopping threads took: 0.0000289 seconds
2017-04-24T17:26:20.441+0800: 6070.113: Total time for which application threads were stopped: 0.0001652 seconds, Stopping threads took: 0.0000468 seconds
2017-04-24T17:26:20.442+0800: 6070.115: Total time for which application threads were stopped: 0.0001091 seconds, Stopping threads took: 0.0000202 seconds
2017-04-24T17:26:20.798+0800: 6070.470: Total time for which application threads were stopped: 0.0002604 seconds, Stopping threads took: 0.0000587 seconds
2017-04-24T17:26:20.808+0800: 6070.481: Total time for which application threads were stopped: 0.0002729 seconds, Stopping threads took: 0.0000571 seconds
2017-04-24T17:26:30.439+0800: 6080.111: Total time for which application threads were stopped: 0.0003034 seconds, Stopping threads took: 0.0000552 seconds
2017-04-24T17:26:30.440+0800: 6080.113: Total time for which application threads were stopped: 0.0005170 seconds, Stopping threads took: 0.0000427 seconds
2017-04-24T17:26:30.717+0800: 6080.389: Total time for which application threads were stopped: 0.0005863 seconds, Stopping threads took: 0.0000529 seconds
2017-04-24T17:26:30.717+0800: 6080.390: Total time for which application threads were stopped: 0.0001514 seconds, Stopping threads took: 0.0000273 seconds
2017-04-24T17:26:30.717+0800: 6080.390: Total time for which application threads were stopped: 0.0001360 seconds, Stopping threads took: 0.0000241 seconds
2017-04-24T17:26:30.717+0800: 6080.390: Total time for which application threads were stopped: 0.0001334 seconds, Stopping threads took: 0.0000241 seconds
2017-04-24T17:26:30.718+0800: 6080.390: Total time for which application threads were stopped: 0.0001360 seconds, Stopping threads took: 0.0000263 seconds
2017-04-24T17:26:30.728+0800: 6080.400: Total time for which application threads were stopped: 0.0003143 seconds, Stopping threads took: 0.0000901 seconds
2017-04-24T17:26:40.442+0800: 6090.114: Total time for which application threads were stopped: 0.0001556 seconds, Stopping threads took: 0.0000292 seconds
2017-04-24T17:26:40.442+0800: 6090.115: Total time for which application threads were stopped: 0.0001094 seconds, Stopping threads took: 0.0000180 seconds
2017-04-24T17:26:40.777+0800: 6090.450: Total time for which application threads were stopped: 0.0002835 seconds, Stopping threads took: 0.0000513 seconds
2017-04-24T17:26:40.778+0800: 6090.450: Total time for which application threads were stopped: 0.0002027 seconds, Stopping threads took: 0.0000327 seconds
2017-04-24T17:26:40.778+0800: 6090.451: Total time for which application threads were stopped: 0.0002608 seconds, Stopping threads took: 0.0000462 seconds
2017-04-24T17:26:40.778+0800: 6090.451: Total time for which application threads were stopped: 0.0002232 seconds, Stopping threads took: 0.0000407 seconds
2017-04-24T17:26:40.790+0800: 6090.462: Total time for which application threads were stopped: 0.0002406 seconds, Stopping threads took: 0.0000478 seconds
2017-04-24T17:26:50.436+0800: 6100.109: Total time for which application threads were stopped: 0.0001937 seconds, Stopping threads took: 0.0000359 seconds
2017-04-24T17:26:50.437+0800: 6100.109: Total time for which application threads were stopped: 0.0001203 seconds, Stopping threads took: 0.0000199 seconds
2017-04-24T17:26:50.743+0800: 6100.416: Total time for which application threads were stopped: 0.0002790 seconds, Stopping threads took: 0.0000658 seconds
2017-04-24T17:26:50.744+0800: 6100.416: Total time for which application threads were stopped: 0.0002643 seconds, Stopping threads took: 0.0000478 seconds
2017-04-24T17:26:50.745+0800: 6100.417: Total time for which application threads were stopped: 0.0002130 seconds, Stopping threads took: 0.0000427 seconds
2017-04-24T17:26:50.745+0800: 6100.417: Total time for which application threads were stopped: 0.0001591 seconds, Stopping threads took: 0.0000273 seconds
2017-04-24T17:26:50.745+0800: 6100.418: Total time for which application threads were stopped: 0.0001488 seconds, Stopping threads took: 0.0000257 seconds
2017-04-24T17:26:50.745+0800: 6100.418: Total time for which application threads were stopped: 0.0001418 seconds, Stopping threads took: 0.0000247 seconds
2017-04-24T17:26:50.745+0800: 6100.418: Total time for which application threads were stopped: 0.0001434 seconds, Stopping threads took: 0.0000247 seconds
2017-04-24T17:26:50.757+0800: 6100.430: Total time for which application threads were stopped: 0.0006056 seconds, Stopping threads took: 0.0000494 seconds
2017-04-24T17:26:50.769+0800: 6100.442: Total time for which application threads were stopped: 0.0002563 seconds, Stopping threads took: 0.0000831 seconds
2017-04-24T17:27:00.439+0800: 6110.112: Total time for which application threads were stopped: 0.0002729 seconds, Stopping threads took: 0.0000507 seconds
2017-04-24T17:27:00.440+0800: 6110.113: Total time for which application threads were stopped: 0.0001610 seconds, Stopping threads took: 0.0000282 seconds
2017-04-24T17:27:00.763+0800: 6110.435: Total time for which application threads were stopped: 0.0002855 seconds, Stopping threads took: 0.0000568 seconds
2017-04-24T17:27:00.763+0800: 6110.436: Total time for which application threads were stopped: 0.0003002 seconds, Stopping threads took: 0.0000754 seconds
2017-04-24T17:27:00.763+0800: 6110.436: Total time for which application threads were stopped: 0.0002556 seconds, Stopping threads took: 0.0000824 seconds
2017-04-24T17:27:00.765+0800: 6110.437: Total time for which application threads were stopped: 0.0001912 seconds, Stopping threads took: 0.0000362 seconds
2017-04-24T17:27:00.765+0800: 6110.438: Total time for which application threads were stopped: 0.0002543 seconds, Stopping threads took: 0.0000664 seconds
2017-04-24T17:27:00.765+0800: 6110.438: Total time for which application threads were stopped: 0.0002242 seconds, Stopping threads took: 0.0000645 seconds
2017-04-24T17:27:00.765+0800: 6110.438: Total time for which application threads were stopped: 0.0002043 seconds, Stopping threads took: 0.0000337 seconds
2017-04-24T17:27:00.766+0800: 6110.438: Total time for which application threads were stopped: 0.0001924 seconds, Stopping threads took: 0.0000398 seconds
2017-04-24T17:27:10.414+0800: 6120.087: Total time for which application threads were stopped: 0.0000946 seconds, Stopping threads took: 0.0000199 seconds
2017-04-24T17:27:10.414+0800: 6120.087: Total time for which application threads were stopped: 0.0000401 seconds, Stopping threads took: 0.0000074 seconds
2017-04-24T17:27:10.714+0800: 6120.386: Total time for which application threads were stopped: 0.0002617 seconds, Stopping threads took: 0.0000558 seconds
2017-04-24T17:27:10.714+0800: 6120.387: Total time for which application threads were stopped: 0.0002033 seconds, Stopping threads took: 0.0000407 seconds
2017-04-24T17:27:10.714+0800: 6120.387: Total time for which application threads were stopped: 0.0003182 seconds, Stopping threads took: 0.0000876 seconds
2017-04-24T17:27:10.716+0800: 6120.389: Total time for which application threads were stopped: 0.0001950 seconds, Stopping threads took: 0.0000391 seconds
2017-04-24T17:27:10.717+0800: 6120.389: Total time for which application threads were stopped: 0.0001607 seconds, Stopping threads took: 0.0000282 seconds
2017-04-24T17:27:10.717+0800: 6120.389: Total time for which application threads were stopped: 0.0001819 seconds, Stopping threads took: 0.0000337 seconds
2017-04-24T17:27:10.717+0800: 6120.390: Total time for which application threads were stopped: 0.0001536 seconds, Stopping threads took: 0.0000279 seconds
2017-04-24T17:27:10.717+0800: 6120.390: Total time for which application threads were stopped: 0.0001398 seconds, Stopping threads took: 0.0000253 seconds
2017-04-24T17:27:20.415+0800: 6130.087: Total time for which application threads were stopped: 0.0002229 seconds, Stopping threads took: 0.0000593 seconds
2017-04-24T17:27:20.415+0800: 6130.088: Total time for which application threads were stopped: 0.0001334 seconds, Stopping threads took: 0.0000266 seconds
2017-04-24T17:27:20.687+0800: 6130.360: Total time for which application threads were stopped: 0.0001103 seconds, Stopping threads took: 0.0000289 seconds
2017-04-24T17:27:20.688+0800: 6130.360: Total time for which application threads were stopped: 0.0000510 seconds, Stopping threads took: 0.0000170 seconds
2017-04-24T17:27:20.688+0800: 6130.360: Total time for which application threads were stopped: 0.0000430 seconds, Stopping threads took: 0.0000125 seconds
2017-04-24T17:27:20.688+0800: 6130.361: Total time for which application threads were stopped: 0.0000645 seconds, Stopping threads took: 0.0000176 seconds
2017-04-24T17:27:20.688+0800: 6130.361: Total time for which application threads were stopped: 0.0000568 seconds, Stopping threads took: 0.0000189 seconds
2017-04-24T17:27:20.688+0800: 6130.361: Total time for which application threads were stopped: 0.0000516 seconds, Stopping threads took: 0.0000167 seconds
2017-04-24T17:27:20.688+0800: 6130.361: Total time for which application threads were stopped: 0.0001530 seconds, Stopping threads took: 0.0000128 seconds
2017-04-24T17:27:30.437+0800: 6140.109: Total time for which application threads were stopped: 0.0001931 seconds, Stopping threads took: 0.0000327 seconds
2017-04-24T17:27:30.438+0800: 6140.110: Total time for which application threads were stopped: 0.0001139 seconds, Stopping threads took: 0.0000241 seconds
2017-04-24T17:27:30.648+0800: 6140.320: Total time for which application threads were stopped: 0.0001591 seconds, Stopping threads took: 0.0000488 seconds
2017-04-24T17:27:30.648+0800: 6140.321: Total time for which application threads were stopped: 0.0001437 seconds, Stopping threads took: 0.0000173 seconds
2017-04-24T17:27:40.445+0800: 6150.118: Total time for which application threads were stopped: 0.0001437 seconds, Stopping threads took: 0.0000398 seconds
2017-04-24T17:27:40.446+0800: 6150.118: Total time for which application threads were stopped: 0.0001142 seconds, Stopping threads took: 0.0000266 seconds
2017-04-24T17:27:40.760+0800: 6150.432: Total time for which application threads were stopped: 0.0002919 seconds, Stopping threads took: 0.0000584 seconds
2017-04-24T17:27:40.761+0800: 6150.434: Total time for which application threads were stopped: 0.0004368 seconds, Stopping threads took: 0.0002021 seconds
2017-04-24T17:27:40.762+0800: 6150.434: Total time for which application threads were stopped: 0.0002996 seconds, Stopping threads took: 0.0000661 seconds
2017-04-24T17:27:40.763+0800: 6150.436: Total time for which application threads were stopped: 0.0002598 seconds, Stopping threads took: 0.0000686 seconds
2017-04-24T17:27:40.764+0800: 6150.436: Total time for which application threads were stopped: 0.0002399 seconds, Stopping threads took: 0.0000821 seconds
2017-04-24T17:27:40.764+0800: 6150.437: Total time for which application threads were stopped: 0.0002495 seconds, Stopping threads took: 0.0000635 seconds
2017-04-24T17:27:40.764+0800: 6150.437: Total time for which application threads were stopped: 0.0001989 seconds, Stopping threads took: 0.0000404 seconds
2017-04-24T17:27:40.765+0800: 6150.437: Total time for which application threads were stopped: 0.0001940 seconds, Stopping threads took: 0.0000391 seconds
2017-04-24T17:27:50.408+0800: 6160.080: Total time for which application threads were stopped: 0.0003227 seconds, Stopping threads took: 0.0000356 seconds
2017-04-24T17:27:50.426+0800: 6160.099: Total time for which application threads were stopped: 0.0001293 seconds, Stopping threads took: 0.0000234 seconds
2017-04-24T17:27:50.427+0800: 6160.099: Total time for which application threads were stopped: 0.0000747 seconds, Stopping threads took: 0.0000135 seconds
2017-04-24T17:27:50.704+0800: 6160.376: Total time for which application threads were stopped: 0.0003409 seconds, Stopping threads took: 0.0000523 seconds
2017-04-24T17:27:50.704+0800: 6160.377: Total time for which application threads were stopped: 0.0002155 seconds, Stopping threads took: 0.0000828 seconds
2017-04-24T17:27:50.704+0800: 6160.377: Total time for which application threads were stopped: 0.0001277 seconds, Stopping threads took: 0.0000247 seconds
2017-04-24T17:27:50.706+0800: 6160.378: Total time for which application threads were stopped: 0.0002300 seconds, Stopping threads took: 0.0000529 seconds
2017-04-24T17:27:50.707+0800: 6160.379: Total time for which application threads were stopped: 0.0001957 seconds, Stopping threads took: 0.0000382 seconds
2017-04-24T17:27:50.707+0800: 6160.380: Total time for which application threads were stopped: 0.0001645 seconds, Stopping threads took: 0.0000327 seconds
2017-04-24T17:27:50.708+0800: 6160.380: Total time for which application threads were stopped: 0.0001992 seconds, Stopping threads took: 0.0000350 seconds
2017-04-24T17:27:50.708+0800: 6160.380: Total time for which application threads were stopped: 0.0001674 seconds, Stopping threads took: 0.0000327 seconds
2017-04-24T17:27:51.708+0800: 6161.381: Total time for which application threads were stopped: 0.0001562 seconds, Stopping threads took: 0.0000388 seconds
{Heap before GC invocations=58 (full 2):
 par new generation   total 109248K, used 92133K [0x00000000e0000000, 0x00000000e8000000, 0x00000000e8000000)
  eden space 87424K, 100% used [0x00000000e0000000, 0x00000000e5560000, 0x00000000e5560000)
  from space 21824K,  21% used [0x00000000e5560000, 0x00000000e59f9560, 0x00000000e6ab0000)
  to   space 21824K,   0% used [0x00000000e6ab0000, 0x00000000e6ab0000, 0x00000000e8000000)
 concurrent mark-sweep generation total 393216K, used 18123K [0x00000000e8000000, 0x0000000100000000, 0x0000000100000000)
 Metaspace       used 42650K, capacity 43480K, committed 43800K, reserved 1087488K
  class space    used 4601K, capacity 4830K, committed 4940K, reserved 1048576K
2017-04-24T17:28:00.431+0800: 6170.103: [GC (Allocation Failure) 2017-04-24T17:28:00.431+0800: 6170.103: [ParNew
Desired survivor size 20112992 bytes, new threshold 8 (max 8)
- age   1:    2926568 bytes,    2926568 total
- age   2:     697296 bytes,    3623864 total
- age   3:      69000 bytes,    3692864 total
- age   4:      14544 bytes,    3707408 total
- age   5:      17744 bytes,    3725152 total
- age   6:      10944 bytes,    3736096 total
- age   7:      14296 bytes,    3750392 total
- age   8:      11712 bytes,    3762104 total
: 92133K->4671K(109248K), 0.0067926 secs] 110257K->22879K(502464K), 0.0069094 secs] [Times: user=0.00 sys=0.00, real=0.01 secs] 
Heap after GC invocations=59 (full 2):
 par new generation   total 109248K, used 4671K [0x00000000e0000000, 0x00000000e8000000, 0x00000000e8000000)
  eden space 87424K,   0% used [0x00000000e0000000, 0x00000000e0000000, 0x00000000e5560000)
  from space 21824K,  21% used [0x00000000e6ab0000, 0x00000000e6f3ff90, 0x00000000e8000000)
  to   space 21824K,   0% used [0x00000000e5560000, 0x00000000e5560000, 0x00000000e6ab0000)
 concurrent mark-sweep generation total 393216K, used 18207K [0x00000000e8000000, 0x0000000100000000, 0x0000000100000000)
 Metaspace       used 42650K, capacity 43480K, committed 43800K, reserved 1087488K
  class space    used 4601K, capacity 4830K, committed 4940K, reserved 1048576K
}
2017-04-24T17:28:00.438+0800: 6170.110: Total time for which application threads were stopped: 0.0072340 seconds, Stopping threads took: 0.0000330 seconds
2017-04-24T17:28:00.438+0800: 6170.111: Total time for which application threads were stopped: 0.0001899 seconds, Stopping threads took: 0.0000597 seconds
2017-04-24T17:28:00.438+0800: 6170.111: Total time for which application threads were stopped: 0.0001584 seconds, Stopping threads took: 0.0000606 seconds
2017-04-24T17:28:00.439+0800: 6170.111: Total time for which application threads were stopped: 0.0002107 seconds, Stopping threads took: 0.0000500 seconds
2017-04-24T17:28:00.439+0800: 6170.111: Total time for which application threads were stopped: 0.0001697 seconds, Stopping threads took: 0.0000427 seconds
2017-04-24T17:28:00.439+0800: 6170.112: Total time for which application threads were stopped: 0.0001244 seconds, Stopping threads took: 0.0000395 seconds
2017-04-24T17:28:00.439+0800: 6170.112: Total time for which application threads were stopped: 0.0001151 seconds, Stopping threads took: 0.0000346 seconds
2017-04-24T17:28:00.440+0800: 6170.112: Total time for which application threads were stopped: 0.0001767 seconds, Stopping threads took: 0.0000353 seconds
2017-04-24T17:28:00.440+0800: 6170.112: Total time for which application threads were stopped: 0.0001633 seconds, Stopping threads took: 0.0000353 seconds
2017-04-24T17:28:00.440+0800: 6170.113: Total time for which application threads were stopped: 0.0000981 seconds, Stopping threads took: 0.0000199 seconds
2017-04-24T17:28:00.440+0800: 6170.113: Total time for which application threads were stopped: 0.0000898 seconds, Stopping threads took: 0.0000244 seconds
2017-04-24T17:28:00.441+0800: 6170.113: Total time for which application threads were stopped: 0.0000988 seconds, Stopping threads took: 0.0000218 seconds
2017-04-24T17:28:00.441+0800: 6170.113: Total time for which application threads were stopped: 0.0000953 seconds, Stopping threads took: 0.0000215 seconds
2017-04-24T17:28:00.441+0800: 6170.113: Total time for which application threads were stopped: 0.0000805 seconds, Stopping threads took: 0.0000176 seconds
2017-04-24T17:28:00.441+0800: 6170.114: Total time for which application threads were stopped: 0.0000773 seconds, Stopping threads took: 0.0000167 seconds
2017-04-24T17:28:00.441+0800: 6170.114: Total time for which application threads were stopped: 0.0001065 seconds, Stopping threads took: 0.0000321 seconds
2017-04-24T17:28:00.441+0800: 6170.114: Total time for which application threads were stopped: 0.0000924 seconds, Stopping threads took: 0.0000266 seconds
2017-04-24T17:28:00.442+0800: 6170.114: Total time for which application threads were stopped: 0.0001030 seconds, Stopping threads took: 0.0000308 seconds
2017-04-24T17:28:00.442+0800: 6170.115: Total time for which application threads were stopped: 0.0001321 seconds, Stopping threads took: 0.0000420 seconds
2017-04-24T17:28:00.443+0800: 6170.115: Total time for which application threads were stopped: 0.0001408 seconds, Stopping threads took: 0.0000427 seconds
2017-04-24T17:28:00.443+0800: 6170.115: Total time for which application threads were stopped: 0.0001225 seconds, Stopping threads took: 0.0000314 seconds
2017-04-24T17:28:00.444+0800: 6170.116: Total time for which application threads were stopped: 0.0001014 seconds, Stopping threads took: 0.0000196 seconds
2017-04-24T17:28:00.444+0800: 6170.117: Total time for which application threads were stopped: 0.0000962 seconds, Stopping threads took: 0.0000183 seconds
2017-04-24T17:28:00.750+0800: 6170.423: Total time for which application threads were stopped: 0.0001652 seconds, Stopping threads took: 0.0000378 seconds
2017-04-24T17:28:00.750+0800: 6170.423: Total time for which application threads were stopped: 0.0001633 seconds, Stopping threads took: 0.0000590 seconds
2017-04-24T17:28:00.751+0800: 6170.423: Total time for which application threads were stopped: 0.0001546 seconds, Stopping threads took: 0.0000388 seconds
2017-04-24T17:28:00.751+0800: 6170.424: Total time for which application threads were stopped: 0.0001232 seconds, Stopping threads took: 0.0000231 seconds
2017-04-24T17:28:00.751+0800: 6170.424: Total time for which application threads were stopped: 0.0000770 seconds, Stopping threads took: 0.0000138 seconds
2017-04-24T17:28:00.751+0800: 6170.424: Total time for which application threads were stopped: 0.0000722 seconds, Stopping threads took: 0.0000132 seconds
2017-04-24T17:28:00.752+0800: 6170.424: Total time for which application threads were stopped: 0.0000747 seconds, Stopping threads took: 0.0000128 seconds
2017-04-24T17:28:00.752+0800: 6170.424: Total time for which application threads were stopped: 0.0000712 seconds, Stopping threads took: 0.0000132 seconds
2017-04-24T17:28:10.440+0800: 6180.112: Total time for which application threads were stopped: 0.0002999 seconds, Stopping threads took: 0.0000552 seconds
2017-04-24T17:28:10.440+0800: 6180.113: Total time for which application threads were stopped: 0.0001129 seconds, Stopping threads took: 0.0000192 seconds
2017-04-24T17:28:10.793+0800: 6180.466: Total time for which application threads were stopped: 0.0002823 seconds, Stopping threads took: 0.0000625 seconds
2017-04-24T17:28:10.794+0800: 6180.466: Total time for which application threads were stopped: 0.0003474 seconds, Stopping threads took: 0.0001463 seconds
2017-04-24T17:28:10.794+0800: 6180.467: Total time for which application threads were stopped: 0.0002393 seconds, Stopping threads took: 0.0000497 seconds
2017-04-24T17:28:10.795+0800: 6180.468: Total time for which application threads were stopped: 0.0002104 seconds, Stopping threads took: 0.0000378 seconds
2017-04-24T17:28:10.795+0800: 6180.468: Total time for which application threads were stopped: 0.0002082 seconds, Stopping threads took: 0.0000385 seconds
2017-04-24T17:28:10.796+0800: 6180.468: Total time for which application threads were stopped: 0.0002152 seconds, Stopping threads took: 0.0000574 seconds
2017-04-24T17:28:10.796+0800: 6180.468: Total time for which application threads were stopped: 0.0001645 seconds, Stopping threads took: 0.0000295 seconds
2017-04-24T17:28:10.796+0800: 6180.469: Total time for which application threads were stopped: 0.0001504 seconds, Stopping threads took: 0.0000282 seconds
2017-04-24T17:28:20.436+0800: 6190.108: Total time for which application threads were stopped: 0.0001466 seconds, Stopping threads took: 0.0000350 seconds
2017-04-24T17:28:20.437+0800: 6190.109: Total time for which application threads were stopped: 0.0000715 seconds, Stopping threads took: 0.0000135 seconds
2017-04-24T17:28:20.716+0800: 6190.388: Total time for which application threads were stopped: 0.0001812 seconds, Stopping threads took: 0.0000452 seconds
2017-04-24T17:28:20.716+0800: 6190.389: Total time for which application threads were stopped: 0.0001264 seconds, Stopping threads took: 0.0000298 seconds
2017-04-24T17:28:20.716+0800: 6190.389: Total time for which application threads were stopped: 0.0001030 seconds, Stopping threads took: 0.0000202 seconds
2017-04-24T17:28:20.717+0800: 6190.389: Total time for which application threads were stopped: 0.0001232 seconds, Stopping threads took: 0.0000228 seconds
2017-04-24T17:28:20.717+0800: 6190.389: Total time for which application threads were stopped: 0.0000911 seconds, Stopping threads took: 0.0000167 seconds
2017-04-24T17:28:20.717+0800: 6190.389: Total time for which application threads were stopped: 0.0000795 seconds, Stopping threads took: 0.0000135 seconds
2017-04-24T17:28:20.717+0800: 6190.390: Total time for which application threads were stopped: 0.0000799 seconds, Stopping threads took: 0.0000141 seconds
2017-04-24T17:28:20.717+0800: 6190.390: Total time for which application threads were stopped: 0.0000763 seconds, Stopping threads took: 0.0000135 seconds
2017-04-24T17:28:30.440+0800: 6200.113: Total time for which application threads were stopped: 0.0002903 seconds, Stopping threads took: 0.0000552 seconds
2017-04-24T17:28:30.441+0800: 6200.114: Total time for which application threads were stopped: 0.0002518 seconds, Stopping threads took: 0.0000686 seconds
2017-04-24T17:28:30.797+0800: 6200.469: Total time for which application threads were stopped: 0.0002800 seconds, Stopping threads took: 0.0000584 seconds
2017-04-24T17:28:30.797+0800: 6200.469: Total time for which application threads were stopped: 0.0002444 seconds, Stopping threads took: 0.0000888 seconds
2017-04-24T17:28:30.797+0800: 6200.469: Total time for which application threads were stopped: 0.0001536 seconds, Stopping threads took: 0.0000292 seconds
2017-04-24T17:28:30.798+0800: 6200.471: Total time for which application threads were stopped: 0.0001674 seconds, Stopping threads took: 0.0000269 seconds
2017-04-24T17:28:30.799+0800: 6200.471: Total time for which application threads were stopped: 0.0002457 seconds, Stopping threads took: 0.0000459 seconds
2017-04-24T17:28:30.799+0800: 6200.472: Total time for which application threads were stopped: 0.0001668 seconds, Stopping threads took: 0.0000269 seconds
2017-04-24T17:28:30.799+0800: 6200.472: Total time for which application threads were stopped: 0.0001758 seconds, Stopping threads took: 0.0000298 seconds
2017-04-24T17:28:30.800+0800: 6200.472: Total time for which application threads were stopped: 0.0004635 seconds, Stopping threads took: 0.0000247 seconds
2017-04-24T17:28:30.809+0800: 6200.482: Total time for which application threads were stopped: 0.0002146 seconds, Stopping threads took: 0.0000423 seconds
2017-04-24T17:28:40.440+0800: 6210.113: Total time for which application threads were stopped: 0.0002729 seconds, Stopping threads took: 0.0000552 seconds
2017-04-24T17:28:40.441+0800: 6210.113: Total time for which application threads were stopped: 0.0001084 seconds, Stopping threads took: 0.0000176 seconds
2017-04-24T17:28:40.785+0800: 6210.457: Total time for which application threads were stopped: 0.0002640 seconds, Stopping threads took: 0.0000561 seconds
2017-04-24T17:28:40.785+0800: 6210.458: Total time for which application threads were stopped: 0.0002380 seconds, Stopping threads took: 0.0000491 seconds
2017-04-24T17:28:40.787+0800: 6210.459: Total time for which application threads were stopped: 0.0002210 seconds, Stopping threads took: 0.0000404 seconds
2017-04-24T17:28:40.797+0800: 6210.470: Total time for which application threads were stopped: 0.0002611 seconds, Stopping threads took: 0.0000465 seconds
2017-04-24T17:28:50.436+0800: 6220.109: Total time for which application threads were stopped: 0.0001835 seconds, Stopping threads took: 0.0000359 seconds
2017-04-24T17:28:50.437+0800: 6220.109: Total time for which application threads were stopped: 0.0001257 seconds, Stopping threads took: 0.0000205 seconds
2017-04-24T17:28:50.746+0800: 6220.419: Total time for which application threads were stopped: 0.0002839 seconds, Stopping threads took: 0.0000635 seconds
2017-04-24T17:28:50.746+0800: 6220.419: Total time for which application threads were stopped: 0.0002409 seconds, Stopping threads took: 0.0000808 seconds
2017-04-24T17:28:50.748+0800: 6220.420: Total time for which application threads were stopped: 0.0001880 seconds, Stopping threads took: 0.0000340 seconds
2017-04-24T17:28:50.748+0800: 6220.421: Total time for which application threads were stopped: 0.0002306 seconds, Stopping threads took: 0.0000459 seconds
2017-04-24T17:28:50.748+0800: 6220.421: Total time for which application threads were stopped: 0.0002027 seconds, Stopping threads took: 0.0000407 seconds
2017-04-24T17:28:50.749+0800: 6220.421: Total time for which application threads were stopped: 0.0002001 seconds, Stopping threads took: 0.0000420 seconds
2017-04-24T17:28:50.749+0800: 6220.422: Total time for which application threads were stopped: 0.0001543 seconds, Stopping threads took: 0.0000273 seconds
2017-04-24T17:28:50.760+0800: 6220.433: Total time for which application threads were stopped: 0.0003570 seconds, Stopping threads took: 0.0000927 seconds
2017-04-24T17:29:00.441+0800: 6230.114: Total time for which application threads were stopped: 0.0002739 seconds, Stopping threads took: 0.0000491 seconds
2017-04-24T17:29:00.442+0800: 6230.115: Total time for which application threads were stopped: 0.0001639 seconds, Stopping threads took: 0.0000289 seconds
2017-04-24T17:29:00.842+0800: 6230.514: Total time for which application threads were stopped: 0.0002662 seconds, Stopping threads took: 0.0000609 seconds
2017-04-24T17:29:00.842+0800: 6230.514: Total time for which application threads were stopped: 0.0001661 seconds, Stopping threads took: 0.0000340 seconds
2017-04-24T17:29:00.843+0800: 6230.516: Total time for which application threads were stopped: 0.0002338 seconds, Stopping threads took: 0.0000420 seconds
2017-04-24T17:29:00.844+0800: 6230.516: Total time for which application threads were stopped: 0.0002117 seconds, Stopping threads took: 0.0000401 seconds
2017-04-24T17:29:00.844+0800: 6230.516: Total time for which application threads were stopped: 0.0001892 seconds, Stopping threads took: 0.0000318 seconds
2017-04-24T17:29:00.844+0800: 6230.516: Total time for which application threads were stopped: 0.0001761 seconds, Stopping threads took: 0.0000263 seconds
2017-04-24T17:29:00.844+0800: 6230.517: Total time for which application threads were stopped: 0.0002059 seconds, Stopping threads took: 0.0000417 seconds
2017-04-24T17:29:10.440+0800: 6240.112: Total time for which application threads were stopped: 0.0006011 seconds, Stopping threads took: 0.0000565 seconds
2017-04-24T17:29:10.441+0800: 6240.113: Total time for which application threads were stopped: 0.0001389 seconds, Stopping threads took: 0.0000292 seconds
2017-04-24T17:29:10.732+0800: 6240.404: Total time for which application threads were stopped: 0.0002887 seconds, Stopping threads took: 0.0000674 seconds
2017-04-24T17:29:10.732+0800: 6240.404: Total time for which application threads were stopped: 0.0002450 seconds, Stopping threads took: 0.0000824 seconds
2017-04-24T17:29:10.732+0800: 6240.405: Total time for which application threads were stopped: 0.0001620 seconds, Stopping threads took: 0.0000308 seconds
2017-04-24T17:29:10.733+0800: 6240.406: Total time for which application threads were stopped: 0.0002210 seconds, Stopping threads took: 0.0000427 seconds
2017-04-24T17:29:10.734+0800: 6240.406: Total time for which application threads were stopped: 0.0001854 seconds, Stopping threads took: 0.0000353 seconds
2017-04-24T17:29:10.734+0800: 6240.406: Total time for which application threads were stopped: 0.0001482 seconds, Stopping threads took: 0.0000263 seconds
2017-04-24T17:29:10.734+0800: 6240.406: Total time for which application threads were stopped: 0.0001430 seconds, Stopping threads took: 0.0000247 seconds
2017-04-24T17:29:10.734+0800: 6240.407: Total time for which application threads were stopped: 0.0001488 seconds, Stopping threads took: 0.0000330 seconds
2017-04-24T17:29:10.744+0800: 6240.417: Total time for which application threads were stopped: 0.0002768 seconds, Stopping threads took: 0.0000510 seconds
2017-04-24T17:29:20.435+0800: 6250.108: Total time for which application threads were stopped: 0.0001876 seconds, Stopping threads took: 0.0000353 seconds
2017-04-24T17:29:20.436+0800: 6250.109: Total time for which application threads were stopped: 0.0001315 seconds, Stopping threads took: 0.0000215 seconds
2017-04-24T17:29:20.901+0800: 6250.574: Total time for which application threads were stopped: 0.0002729 seconds, Stopping threads took: 0.0000590 seconds
2017-04-24T17:29:20.902+0800: 6250.574: Total time for which application threads were stopped: 0.0003195 seconds, Stopping threads took: 0.0000510 seconds
2017-04-24T17:29:20.903+0800: 6250.575: Total time for which application threads were stopped: 0.0002220 seconds, Stopping threads took: 0.0000366 seconds
2017-04-24T17:29:20.903+0800: 6250.576: Total time for which application threads were stopped: 0.0002572 seconds, Stopping threads took: 0.0000651 seconds
2017-04-24T17:29:20.904+0800: 6250.577: Total time for which application threads were stopped: 0.0002710 seconds, Stopping threads took: 0.0000821 seconds
2017-04-24T17:29:20.904+0800: 6250.577: Total time for which application threads were stopped: 0.0002252 seconds, Stopping threads took: 0.0000558 seconds
2017-04-24T17:29:20.905+0800: 6250.578: Total time for which application threads were stopped: 0.0001989 seconds, Stopping threads took: 0.0000391 seconds
2017-04-24T17:29:20.913+0800: 6250.586: Total time for which application threads were stopped: 0.0001488 seconds, Stopping threads took: 0.0000407 seconds
2017-04-24T17:29:30.414+0800: 6260.086: Total time for which application threads were stopped: 0.0000962 seconds, Stopping threads took: 0.0000208 seconds
2017-04-24T17:29:30.414+0800: 6260.087: Total time for which application threads were stopped: 0.0000382 seconds, Stopping threads took: 0.0000067 seconds
2017-04-24T17:29:30.682+0800: 6260.354: Total time for which application threads were stopped: 0.0003009 seconds, Stopping threads took: 0.0000597 seconds
2017-04-24T17:29:30.682+0800: 6260.354: Total time for which application threads were stopped: 0.0003137 seconds, Stopping threads took: 0.0000962 seconds
2017-04-24T17:29:30.683+0800: 6260.356: Total time for which application threads were stopped: 0.0002232 seconds, Stopping threads took: 0.0000388 seconds
2017-04-24T17:29:30.683+0800: 6260.356: Total time for which application threads were stopped: 0.0002014 seconds, Stopping threads took: 0.0000391 seconds
2017-04-24T17:29:30.684+0800: 6260.356: Total time for which application threads were stopped: 0.0001703 seconds, Stopping threads took: 0.0000343 seconds
2017-04-24T17:29:30.684+0800: 6260.356: Total time for which application threads were stopped: 0.0001527 seconds, Stopping threads took: 0.0000295 seconds
2017-04-24T17:29:30.684+0800: 6260.357: Total time for which application threads were stopped: 0.0001690 seconds, Stopping threads took: 0.0000334 seconds
2017-04-24T17:29:30.730+0800: 6260.402: Total time for which application threads were stopped: 0.0001905 seconds, Stopping threads took: 0.0000369 seconds
{Heap before GC invocations=59 (full 2):
 par new generation   total 109248K, used 91923K [0x00000000e0000000, 0x00000000e8000000, 0x00000000e8000000)
  eden space 87424K,  99% used [0x00000000e0000000, 0x00000000e5534ef8, 0x00000000e5560000)
  from space 21824K,  21% used [0x00000000e6ab0000, 0x00000000e6f3ff90, 0x00000000e8000000)
  to   space 21824K,   0% used [0x00000000e5560000, 0x00000000e5560000, 0x00000000e6ab0000)
 concurrent mark-sweep generation total 393216K, used 18207K [0x00000000e8000000, 0x0000000100000000, 0x0000000100000000)
 Metaspace       used 42654K, capacity 43480K, committed 43800K, reserved 1087488K
  class space    used 4601K, capacity 4830K, committed 4940K, reserved 1048576K
2017-04-24T17:29:40.440+0800: 6270.113: [GC (Allocation Failure) 2017-04-24T17:29:40.440+0800: 6270.113: [ParNew
Desired survivor size 20112992 bytes, new threshold 8 (max 8)
- age   1:    3003272 bytes,    3003272 total
- age   2:     697520 bytes,    3700792 total
- age   3:      71584 bytes,    3772376 total
- age   4:      13512 bytes,    3785888 total
- age   5:      13848 bytes,    3799736 total
- age   6:      17744 bytes,    3817480 total
- age   7:      10944 bytes,    3828424 total
- age   8:      14296 bytes,    3842720 total
: 91923K->5301K(109248K), 0.0055716 secs] 110131K->23520K(502464K), 0.0056691 secs] [Times: user=0.01 sys=0.00, real=0.01 secs] 
Heap after GC invocations=60 (full 2):
 par new generation   total 109248K, used 5301K [0x00000000e0000000, 0x00000000e8000000, 0x00000000e8000000)
  eden space 87424K,   0% used [0x00000000e0000000, 0x00000000e0000000, 0x00000000e5560000)
  from space 21824K,  24% used [0x00000000e5560000, 0x00000000e5a8d4c0, 0x00000000e6ab0000)
  to   space 21824K,   0% used [0x00000000e6ab0000, 0x00000000e6ab0000, 0x00000000e8000000)
 concurrent mark-sweep generation total 393216K, used 18219K [0x00000000e8000000, 0x0000000100000000, 0x0000000100000000)
 Metaspace       used 42654K, capacity 43480K, committed 43800K, reserved 1087488K
  class space    used 4601K, capacity 4830K, committed 4940K, reserved 1048576K
}
2017-04-24T17:29:40.446+0800: 6270.119: Total time for which application threads were stopped: 0.0060973 seconds, Stopping threads took: 0.0000520 seconds
2017-04-24T17:29:40.446+0800: 6270.119: Total time for which application threads were stopped: 0.0001623 seconds, Stopping threads took: 0.0000423 seconds
2017-04-24T17:29:40.446+0800: 6270.119: Total time for which application threads were stopped: 0.0001491 seconds, Stopping threads took: 0.0000484 seconds
2017-04-24T17:29:40.447+0800: 6270.119: Total time for which application threads were stopped: 0.0001187 seconds, Stopping threads took: 0.0000308 seconds
2017-04-24T17:29:40.447+0800: 6270.120: Total time for which application threads were stopped: 0.0001026 seconds, Stopping threads took: 0.0000340 seconds
2017-04-24T17:29:40.447+0800: 6270.120: Total time for which application threads were stopped: 0.0001062 seconds, Stopping threads took: 0.0000372 seconds
2017-04-24T17:29:40.447+0800: 6270.120: Total time for which application threads were stopped: 0.0000940 seconds, Stopping threads took: 0.0000372 seconds
2017-04-24T17:29:40.448+0800: 6270.120: Total time for which application threads were stopped: 0.0000998 seconds, Stopping threads took: 0.0000164 seconds
2017-04-24T17:29:40.448+0800: 6270.120: Total time for which application threads were stopped: 0.0000924 seconds, Stopping threads took: 0.0000189 seconds
2017-04-24T17:29:40.448+0800: 6270.121: Total time for which application threads were stopped: 0.0000872 seconds, Stopping threads took: 0.0000279 seconds
2017-04-24T17:29:40.448+0800: 6270.121: Total time for which application threads were stopped: 0.0000760 seconds, Stopping threads took: 0.0000221 seconds
2017-04-24T17:29:40.448+0800: 6270.121: Total time for which application threads were stopped: 0.0001286 seconds, Stopping threads took: 0.0000225 seconds
2017-04-24T17:29:40.448+0800: 6270.121: Total time for which application threads were stopped: 0.0001091 seconds, Stopping threads took: 0.0000205 seconds
2017-04-24T17:29:40.449+0800: 6270.121: Total time for which application threads were stopped: 0.0000754 seconds, Stopping threads took: 0.0000215 seconds
2017-04-24T17:29:40.449+0800: 6270.121: Total time for which application threads were stopped: 0.0000706 seconds, Stopping threads took: 0.0000199 seconds
2017-04-24T17:29:40.449+0800: 6270.122: Total time for which application threads were stopped: 0.0000712 seconds, Stopping threads took: 0.0000208 seconds
2017-04-24T17:29:40.449+0800: 6270.122: Total time for which application threads were stopped: 0.0000706 seconds, Stopping threads took: 0.0000196 seconds
2017-04-24T17:29:40.449+0800: 6270.122: Total time for which application threads were stopped: 0.0000844 seconds, Stopping threads took: 0.0000289 seconds
2017-04-24T17:29:40.449+0800: 6270.122: Total time for which application threads were stopped: 0.0000808 seconds, Stopping threads took: 0.0000285 seconds
2017-04-24T17:29:40.450+0800: 6270.122: Total time for which application threads were stopped: 0.0002194 seconds, Stopping threads took: 0.0000250 seconds
2017-04-24T17:29:40.450+0800: 6270.122: Total time for which application threads were stopped: 0.0002258 seconds, Stopping threads took: 0.0000321 seconds
2017-04-24T17:29:40.776+0800: 6270.449: Total time for which application threads were stopped: 0.0001046 seconds, Stopping threads took: 0.0000253 seconds
2017-04-24T17:29:40.776+0800: 6270.449: Total time for which application threads were stopped: 0.0000581 seconds, Stopping threads took: 0.0000112 seconds
2017-04-24T17:29:40.777+0800: 6270.449: Total time for which application threads were stopped: 0.0000802 seconds, Stopping threads took: 0.0000071 seconds
2017-04-24T17:29:40.777+0800: 6270.449: Total time for which application threads were stopped: 0.0000728 seconds, Stopping threads took: 0.0000080 seconds
2017-04-24T17:29:40.777+0800: 6270.449: Total time for which application threads were stopped: 0.0000664 seconds, Stopping threads took: 0.0000074 seconds
2017-04-24T17:29:40.777+0800: 6270.449: Total time for which application threads were stopped: 0.0000616 seconds, Stopping threads took: 0.0000067 seconds
2017-04-24T17:29:40.777+0800: 6270.449: Total time for which application threads were stopped: 0.0001398 seconds, Stopping threads took: 0.0000064 seconds
2017-04-24T17:29:40.780+0800: 6270.452: Total time for which application threads were stopped: 0.0000654 seconds, Stopping threads took: 0.0000132 seconds
2017-04-24T17:29:50.414+0800: 6280.086: Total time for which application threads were stopped: 0.0001065 seconds, Stopping threads took: 0.0000218 seconds
2017-04-24T17:29:50.414+0800: 6280.086: Total time for which application threads were stopped: 0.0000718 seconds, Stopping threads took: 0.0000125 seconds
2017-04-24T17:29:50.702+0800: 6280.375: Total time for which application threads were stopped: 0.0001386 seconds, Stopping threads took: 0.0000244 seconds
2017-04-24T17:29:50.706+0800: 6280.379: Total time for which application threads were stopped: 0.0001065 seconds, Stopping threads took: 0.0000205 seconds
2017-04-24T17:30:00.440+0800: 6290.112: Total time for which application threads were stopped: 0.0002858 seconds, Stopping threads took: 0.0000548 seconds
2017-04-24T17:30:00.441+0800: 6290.113: Total time for which application threads were stopped: 0.0001588 seconds, Stopping threads took: 0.0000276 seconds
2017-04-24T17:30:00.796+0800: 6290.468: Total time for which application threads were stopped: 0.0002867 seconds, Stopping threads took: 0.0000593 seconds
2017-04-24T17:30:00.796+0800: 6290.469: Total time for which application threads were stopped: 0.0002890 seconds, Stopping threads took: 0.0000876 seconds
2017-04-24T17:30:00.797+0800: 6290.470: Total time for which application threads were stopped: 0.0001883 seconds, Stopping threads took: 0.0000375 seconds
2017-04-24T17:30:00.797+0800: 6290.470: Total time for which application threads were stopped: 0.0001530 seconds, Stopping threads took: 0.0000253 seconds
2017-04-24T17:30:00.798+0800: 6290.470: Total time for which application threads were stopped: 0.0001495 seconds, Stopping threads took: 0.0000244 seconds
2017-04-24T17:30:00.798+0800: 6290.470: Total time for which application threads were stopped: 0.0001825 seconds, Stopping threads took: 0.0000318 seconds
2017-04-24T17:30:00.798+0800: 6290.471: Total time for which application threads were stopped: 0.0001556 seconds, Stopping threads took: 0.0000250 seconds
2017-04-24T17:30:00.807+0800: 6290.480: Total time for which application threads were stopped: 0.0002059 seconds, Stopping threads took: 0.0000411 seconds
2017-04-24T17:30:01.808+0800: 6291.481: Total time for which application threads were stopped: 0.0001953 seconds, Stopping threads took: 0.0000510 seconds
2017-04-24T17:30:10.441+0800: 6300.113: Total time for which application threads were stopped: 0.0001860 seconds, Stopping threads took: 0.0000369 seconds
2017-04-24T17:30:10.441+0800: 6300.114: Total time for which application threads were stopped: 0.0000914 seconds, Stopping threads took: 0.0000170 seconds
2017-04-24T17:30:10.809+0800: 6300.481: Total time for which application threads were stopped: 0.0003387 seconds, Stopping threads took: 0.0001167 seconds
2017-04-24T17:30:10.809+0800: 6300.482: Total time for which application threads were stopped: 0.0002139 seconds, Stopping threads took: 0.0000375 seconds
2017-04-24T17:30:10.811+0800: 6300.483: Total time for which application threads were stopped: 0.0005648 seconds, Stopping threads took: 0.0000369 seconds
2017-04-24T17:30:10.811+0800: 6300.483: Total time for which application threads were stopped: 0.0001607 seconds, Stopping threads took: 0.0000298 seconds
2017-04-24T17:30:10.811+0800: 6300.484: Total time for which application threads were stopped: 0.0001427 seconds, Stopping threads took: 0.0000253 seconds
2017-04-24T17:30:10.811+0800: 6300.484: Total time for which application threads were stopped: 0.0001386 seconds, Stopping threads took: 0.0000250 seconds
2017-04-24T17:30:10.812+0800: 6300.484: Total time for which application threads were stopped: 0.0001491 seconds, Stopping threads took: 0.0000253 seconds
2017-04-24T17:30:10.821+0800: 6300.494: Total time for which application threads were stopped: 0.0002313 seconds, Stopping threads took: 0.0000468 seconds
2017-04-24T17:30:20.417+0800: 6310.089: Total time for which application threads were stopped: 0.0001139 seconds, Stopping threads took: 0.0000253 seconds
2017-04-24T17:30:20.418+0800: 6310.090: Total time for which application threads were stopped: 0.0002027 seconds, Stopping threads took: 0.0000148 seconds
2017-04-24T17:30:20.840+0800: 6310.513: Total time for which application threads were stopped: 0.0002316 seconds, Stopping threads took: 0.0000340 seconds
2017-04-24T17:30:20.840+0800: 6310.513: Total time for which application threads were stopped: 0.0001151 seconds, Stopping threads took: 0.0000106 seconds
2017-04-24T17:30:20.841+0800: 6310.513: Total time for which application threads were stopped: 0.0000504 seconds, Stopping threads took: 0.0000099 seconds
2017-04-24T17:30:20.841+0800: 6310.514: Total time for which application threads were stopped: 0.0000359 seconds, Stopping threads took: 0.0000071 seconds
2017-04-24T17:30:20.841+0800: 6310.514: Total time for which application threads were stopped: 0.0000359 seconds, Stopping threads took: 0.0000074 seconds
2017-04-24T17:30:20.841+0800: 6310.514: Total time for which application threads were stopped: 0.0000340 seconds, Stopping threads took: 0.0000067 seconds
2017-04-24T17:30:20.847+0800: 6310.520: Total time for which application threads were stopped: 0.0002136 seconds, Stopping threads took: 0.0000212 seconds
2017-04-24T17:30:30.432+0800: 6320.105: Total time for which application threads were stopped: 0.0001822 seconds, Stopping threads took: 0.0000340 seconds
2017-04-24T17:30:30.433+0800: 6320.106: Total time for which application threads were stopped: 0.0001437 seconds, Stopping threads took: 0.0000241 seconds
2017-04-24T17:30:30.735+0800: 6320.408: Total time for which application threads were stopped: 0.0002851 seconds, Stopping threads took: 0.0000773 seconds
2017-04-24T17:30:30.737+0800: 6320.409: Total time for which application threads were stopped: 0.0002309 seconds, Stopping threads took: 0.0000427 seconds
2017-04-24T17:30:30.737+0800: 6320.410: Total time for which application threads were stopped: 0.0001459 seconds, Stopping threads took: 0.0000260 seconds
2017-04-24T17:30:30.737+0800: 6320.410: Total time for which application threads were stopped: 0.0001886 seconds, Stopping threads took: 0.0000375 seconds
2017-04-24T17:30:30.737+0800: 6320.410: Total time for which application threads were stopped: 0.0001421 seconds, Stopping threads took: 0.0000253 seconds
2017-04-24T17:30:30.737+0800: 6320.410: Total time for which application threads were stopped: 0.0001924 seconds, Stopping threads took: 0.0000398 seconds
2017-04-24T17:30:40.420+0800: 6330.092: Total time for which application threads were stopped: 0.0001174 seconds, Stopping threads took: 0.0000225 seconds
2017-04-24T17:30:40.420+0800: 6330.092: Total time for which application threads were stopped: 0.0000497 seconds, Stopping threads took: 0.0000087 seconds
2017-04-24T17:30:40.718+0800: 6330.391: Total time for which application threads were stopped: 0.0001094 seconds, Stopping threads took: 0.0000212 seconds
2017-04-24T17:30:40.719+0800: 6330.391: Total time for which application threads were stopped: 0.0000664 seconds, Stopping threads took: 0.0000119 seconds
2017-04-24T17:30:40.719+0800: 6330.391: Total time for which application threads were stopped: 0.0000545 seconds, Stopping threads took: 0.0000106 seconds
2017-04-24T17:30:40.719+0800: 6330.391: Total time for which application threads were stopped: 0.0000395 seconds, Stopping threads took: 0.0000067 seconds
2017-04-24T17:30:40.719+0800: 6330.391: Total time for which application threads were stopped: 0.0000366 seconds, Stopping threads took: 0.0000061 seconds
2017-04-24T17:30:40.719+0800: 6330.391: Total time for which application threads were stopped: 0.0000369 seconds, Stopping threads took: 0.0000064 seconds
2017-04-24T17:30:50.723+0800: 6340.396: Total time for which application threads were stopped: 0.0003589 seconds, Stopping threads took: 0.0000536 seconds
2017-04-24T17:30:50.723+0800: 6340.396: Total time for which application threads were stopped: 0.0002252 seconds, Stopping threads took: 0.0000273 seconds
2017-04-24T17:30:50.724+0800: 6340.396: Total time for which application threads were stopped: 0.0002101 seconds, Stopping threads took: 0.0000250 seconds
2017-04-24T17:30:50.724+0800: 6340.397: Total time for which application threads were stopped: 0.0002072 seconds, Stopping threads took: 0.0000247 seconds
2017-04-24T17:30:50.725+0800: 6340.397: Total time for which application threads were stopped: 0.0005645 seconds, Stopping threads took: 0.0000446 seconds
2017-04-24T17:30:55.909+0800: 6345.582: Total time for which application threads were stopped: 0.0001091 seconds, Stopping threads took: 0.0000282 seconds
2017-04-24T17:30:55.909+0800: 6345.582: Total time for which application threads were stopped: 0.0000481 seconds, Stopping threads took: 0.0000135 seconds
2017-04-24T17:30:55.910+0800: 6345.582: Total time for which application threads were stopped: 0.0000593 seconds, Stopping threads took: 0.0000154 seconds
2017-04-24T17:30:55.910+0800: 6345.582: Total time for which application threads were stopped: 0.0000619 seconds, Stopping threads took: 0.0000170 seconds
2017-04-24T17:30:55.910+0800: 6345.583: Total time for which application threads were stopped: 0.0000507 seconds, Stopping threads took: 0.0000144 seconds
2017-04-24T17:30:55.910+0800: 6345.583: Total time for which application threads were stopped: 0.0000382 seconds, Stopping threads took: 0.0000087 seconds
2017-04-24T17:31:00.809+0800: 6350.481: Total time for which application threads were stopped: 0.0003923 seconds, Stopping threads took: 0.0000507 seconds
2017-04-24T17:31:10.444+0800: 6360.116: Total time for which application threads were stopped: 0.0001876 seconds, Stopping threads took: 0.0000481 seconds
2017-04-24T17:31:10.445+0800: 6360.117: Total time for which application threads were stopped: 0.0001389 seconds, Stopping threads took: 0.0000273 seconds
2017-04-24T17:31:10.748+0800: 6360.421: Total time for which application threads were stopped: 0.0001010 seconds, Stopping threads took: 0.0000192 seconds
2017-04-24T17:31:10.749+0800: 6360.421: Total time for which application threads were stopped: 0.0000850 seconds, Stopping threads took: 0.0000141 seconds
2017-04-24T17:31:10.749+0800: 6360.421: Total time for which application threads were stopped: 0.0000404 seconds, Stopping threads took: 0.0000067 seconds
2017-04-24T17:31:10.749+0800: 6360.421: Total time for which application threads were stopped: 0.0000369 seconds, Stopping threads took: 0.0000064 seconds
2017-04-24T17:31:10.749+0800: 6360.421: Total time for which application threads were stopped: 0.0000366 seconds, Stopping threads took: 0.0000064 seconds
2017-04-24T17:31:10.749+0800: 6360.421: Total time for which application threads were stopped: 0.0000362 seconds, Stopping threads took: 0.0000064 seconds
2017-04-24T17:31:20.409+0800: 6370.081: Total time for which application threads were stopped: 0.0004631 seconds, Stopping threads took: 0.0000539 seconds
{Heap before GC invocations=60 (full 2):
 par new generation   total 109248K, used 92323K [0x00000000e0000000, 0x00000000e8000000, 0x00000000e8000000)
  eden space 87424K,  99% used [0x00000000e0000000, 0x00000000e54fba00, 0x00000000e5560000)
  from space 21824K,  24% used [0x00000000e5560000, 0x00000000e5a8d4c0, 0x00000000e6ab0000)
  to   space 21824K,   0% used [0x00000000e6ab0000, 0x00000000e6ab0000, 0x00000000e8000000)
 concurrent mark-sweep generation total 393216K, used 18219K [0x00000000e8000000, 0x0000000100000000, 0x0000000100000000)
 Metaspace       used 42658K, capacity 43480K, committed 43800K, reserved 1087488K
  class space    used 4601K, capacity 4830K, committed 4940K, reserved 1048576K
2017-04-24T17:31:20.434+0800: 6370.107: [GC (Allocation Failure) 2017-04-24T17:31:20.434+0800: 6370.107: [ParNew
Desired survivor size 20112992 bytes, new threshold 8 (max 8)
- age   1:    3150024 bytes,    3150024 total
- age   2:     693832 bytes,    3843856 total
- age   3:      72200 bytes,    3916056 total
- age   4:      15336 bytes,    3931392 total
- age   5:      12816 bytes,    3944208 total
- age   6:      13848 bytes,    3958056 total
- age   7:      17744 bytes,    3975800 total
- age   8:      10944 bytes,    3986744 total
: 92323K->5046K(109248K), 0.0065967 secs] 110542K->23279K(502464K), 0.0066874 secs] [Times: user=0.00 sys=0.00, real=0.01 secs] 
Heap after GC invocations=61 (full 2):
 par new generation   total 109248K, used 5046K [0x00000000e0000000, 0x00000000e8000000, 0x00000000e8000000)
  eden space 87424K,   0% used [0x00000000e0000000, 0x00000000e0000000, 0x00000000e5560000)
  from space 21824K,  23% used [0x00000000e6ab0000, 0x00000000e6f9d8c0, 0x00000000e8000000)
  to   space 21824K,   0% used [0x00000000e5560000, 0x00000000e5560000, 0x00000000e6ab0000)
 concurrent mark-sweep generation total 393216K, used 18233K [0x00000000e8000000, 0x0000000100000000, 0x0000000100000000)
 Metaspace       used 42658K, capacity 43480K, committed 43800K, reserved 1087488K
  class space    used 4601K, capacity 4830K, committed 4940K, reserved 1048576K
}
2017-04-24T17:31:20.441+0800: 6370.114: Total time for which application threads were stopped: 0.0070454 seconds, Stopping threads took: 0.0000318 seconds
2017-04-24T17:31:20.442+0800: 6370.114: Total time for which application threads were stopped: 0.0002162 seconds, Stopping threads took: 0.0000815 seconds
2017-04-24T17:31:20.443+0800: 6370.115: Total time for which application threads were stopped: 0.0001475 seconds, Stopping threads took: 0.0000189 seconds
2017-04-24T17:31:20.444+0800: 6370.117: Total time for which application threads were stopped: 0.0001315 seconds, Stopping threads took: 0.0000237 seconds
2017-04-24T17:31:20.445+0800: 6370.117: Total time for which application threads were stopped: 0.0001094 seconds, Stopping threads took: 0.0000199 seconds
2017-04-24T17:31:20.734+0800: 6370.407: Total time for which application threads were stopped: 0.0001880 seconds, Stopping threads took: 0.0000411 seconds
2017-04-24T17:31:20.735+0800: 6370.408: Total time for which application threads were stopped: 0.0001649 seconds, Stopping threads took: 0.0000285 seconds
2017-04-24T17:31:20.735+0800: 6370.408: Total time for which application threads were stopped: 0.0001305 seconds, Stopping threads took: 0.0000241 seconds
2017-04-24T17:31:20.736+0800: 6370.408: Total time for which application threads were stopped: 0.0001007 seconds, Stopping threads took: 0.0000208 seconds
2017-04-24T17:31:20.736+0800: 6370.408: Total time for which application threads were stopped: 0.0001212 seconds, Stopping threads took: 0.0000237 seconds
2017-04-24T17:31:20.736+0800: 6370.408: Total time for which application threads were stopped: 0.0001110 seconds, Stopping threads took: 0.0000215 seconds
2017-04-24T17:31:26.155+0800: 6375.828: Total time for which application threads were stopped: 0.0003666 seconds, Stopping threads took: 0.0002794 seconds
2017-04-24T17:31:26.156+0800: 6375.828: Total time for which application threads were stopped: 0.0000741 seconds, Stopping threads took: 0.0000115 seconds
2017-04-24T17:31:26.156+0800: 6375.828: Total time for which application threads were stopped: 0.0000767 seconds, Stopping threads took: 0.0000132 seconds
2017-04-24T17:31:26.156+0800: 6375.829: Total time for which application threads were stopped: 0.0001713 seconds, Stopping threads took: 0.0000099 seconds
2017-04-24T17:31:26.156+0800: 6375.829: Total time for which application threads were stopped: 0.0000619 seconds, Stopping threads took: 0.0000106 seconds
2017-04-24T17:31:26.157+0800: 6375.829: Total time for which application threads were stopped: 0.0000584 seconds, Stopping threads took: 0.0000103 seconds
2017-04-24T17:31:30.699+0800: 6380.371: Total time for which application threads were stopped: 0.0003416 seconds, Stopping threads took: 0.0000510 seconds
2017-04-24T17:31:30.699+0800: 6380.372: Total time for which application threads were stopped: 0.0002832 seconds, Stopping threads took: 0.0000478 seconds
2017-04-24T17:31:30.699+0800: 6380.372: Total time for which application threads were stopped: 0.0002030 seconds, Stopping threads took: 0.0000353 seconds
2017-04-24T17:31:30.699+0800: 6380.372: Total time for which application threads were stopped: 0.0002120 seconds, Stopping threads took: 0.0000321 seconds
2017-04-24T17:31:30.700+0800: 6380.372: Total time for which application threads were stopped: 0.0001806 seconds, Stopping threads took: 0.0000279 seconds
2017-04-24T17:31:31.741+0800: 6381.413: Total time for which application threads were stopped: 0.0001074 seconds, Stopping threads took: 0.0000257 seconds
2017-04-24T17:31:31.741+0800: 6381.413: Total time for which application threads were stopped: 0.0000805 seconds, Stopping threads took: 0.0000164 seconds
2017-04-24T17:31:31.741+0800: 6381.414: Total time for which application threads were stopped: 0.0000751 seconds, Stopping threads took: 0.0000144 seconds
2017-04-24T17:31:31.741+0800: 6381.414: Total time for which application threads were stopped: 0.0000677 seconds, Stopping threads took: 0.0000122 seconds
2017-04-24T17:31:31.741+0800: 6381.414: Total time for which application threads were stopped: 0.0000651 seconds, Stopping threads took: 0.0000132 seconds
2017-04-24T17:31:31.742+0800: 6381.414: Total time for which application threads were stopped: 0.0000552 seconds, Stopping threads took: 0.0000103 seconds
2017-04-24T17:31:40.715+0800: 6390.387: Total time for which application threads were stopped: 0.0003743 seconds, Stopping threads took: 0.0000632 seconds
2017-04-24T17:31:40.715+0800: 6390.388: Total time for which application threads were stopped: 0.0002572 seconds, Stopping threads took: 0.0000513 seconds
2017-04-24T17:31:40.716+0800: 6390.388: Total time for which application threads were stopped: 0.0002627 seconds, Stopping threads took: 0.0000520 seconds
2017-04-24T17:31:40.716+0800: 6390.388: Total time for which application threads were stopped: 0.0002229 seconds, Stopping threads took: 0.0000308 seconds
2017-04-24T17:31:40.716+0800: 6390.389: Total time for which application threads were stopped: 0.0003172 seconds, Stopping threads took: 0.0000510 seconds
2017-04-24T17:31:50.435+0800: 6400.108: Total time for which application threads were stopped: 0.0001803 seconds, Stopping threads took: 0.0000330 seconds
2017-04-24T17:31:50.436+0800: 6400.108: Total time for which application threads were stopped: 0.0001235 seconds, Stopping threads took: 0.0000202 seconds
2017-04-24T17:31:50.729+0800: 6400.402: Total time for which application threads were stopped: 0.0001395 seconds, Stopping threads took: 0.0000455 seconds
2017-04-24T17:31:50.729+0800: 6400.402: Total time for which application threads were stopped: 0.0001046 seconds, Stopping threads took: 0.0000205 seconds
2017-04-24T17:31:50.729+0800: 6400.402: Total time for which application threads were stopped: 0.0001241 seconds, Stopping threads took: 0.0000128 seconds
2017-04-24T17:31:50.729+0800: 6400.402: Total time for which application threads were stopped: 0.0000674 seconds, Stopping threads took: 0.0000096 seconds
2017-04-24T17:31:50.730+0800: 6400.402: Total time for which application threads were stopped: 0.0000751 seconds, Stopping threads took: 0.0000125 seconds
2017-04-24T17:31:50.730+0800: 6400.402: Total time for which application threads were stopped: 0.0000526 seconds, Stopping threads took: 0.0000087 seconds
2017-04-24T17:31:55.732+0800: 6405.404: Total time for which application threads were stopped: 0.0002078 seconds, Stopping threads took: 0.0000539 seconds
2017-04-24T17:32:00.442+0800: 6410.115: Total time for which application threads were stopped: 0.0002880 seconds, Stopping threads took: 0.0000622 seconds
2017-04-24T17:32:00.444+0800: 6410.116: Total time for which application threads were stopped: 0.0002993 seconds, Stopping threads took: 0.0000811 seconds
2017-04-24T17:32:00.750+0800: 6410.423: Total time for which application threads were stopped: 0.0003211 seconds, Stopping threads took: 0.0000789 seconds
2017-04-24T17:32:00.752+0800: 6410.424: Total time for which application threads were stopped: 0.0002361 seconds, Stopping threads took: 0.0000388 seconds
2017-04-24T17:32:00.752+0800: 6410.425: Total time for which application threads were stopped: 0.0001847 seconds, Stopping threads took: 0.0000308 seconds
2017-04-24T17:32:00.752+0800: 6410.425: Total time for which application threads were stopped: 0.0001661 seconds, Stopping threads took: 0.0000263 seconds
2017-04-24T17:32:00.753+0800: 6410.425: Total time for which application threads were stopped: 0.0002502 seconds, Stopping threads took: 0.0000481 seconds
2017-04-24T17:32:00.753+0800: 6410.426: Total time for which application threads were stopped: 0.0004888 seconds, Stopping threads took: 0.0000292 seconds
2017-04-24T17:32:00.767+0800: 6410.439: Total time for which application threads were stopped: 0.0002784 seconds, Stopping threads took: 0.0000548 seconds
2017-04-24T17:32:10.417+0800: 6420.089: Total time for which application threads were stopped: 0.0001081 seconds, Stopping threads took: 0.0000285 seconds
2017-04-24T17:32:10.417+0800: 6420.089: Total time for which application threads were stopped: 0.0000805 seconds, Stopping threads took: 0.0000180 seconds
2017-04-24T17:32:10.707+0800: 6420.379: Total time for which application threads were stopped: 0.0001081 seconds, Stopping threads took: 0.0000237 seconds
2017-04-24T17:32:10.707+0800: 6420.379: Total time for which application threads were stopped: 0.0000872 seconds, Stopping threads took: 0.0000183 seconds
2017-04-24T17:32:10.707+0800: 6420.380: Total time for which application threads were stopped: 0.0000680 seconds, Stopping threads took: 0.0000115 seconds
2017-04-24T17:32:10.710+0800: 6420.383: Total time for which application threads were stopped: 0.0000869 seconds, Stopping threads took: 0.0000148 seconds
2017-04-24T17:32:10.963+0800: 6420.636: Total time for which application threads were stopped: 0.0001097 seconds, Stopping threads took: 0.0000237 seconds
2017-04-24T17:32:10.964+0800: 6420.636: Total time for which application threads were stopped: 0.0000821 seconds, Stopping threads took: 0.0000160 seconds
2017-04-24T17:32:10.964+0800: 6420.636: Total time for which application threads were stopped: 0.0000683 seconds, Stopping threads took: 0.0000122 seconds
2017-04-24T17:32:10.964+0800: 6420.636: Total time for which application threads were stopped: 0.0000795 seconds, Stopping threads took: 0.0000141 seconds
2017-04-24T17:32:10.964+0800: 6420.637: Total time for which application threads were stopped: 0.0001767 seconds, Stopping threads took: 0.0000122 seconds
2017-04-24T17:32:20.435+0800: 6430.108: Total time for which application threads were stopped: 0.0001924 seconds, Stopping threads took: 0.0000552 seconds
2017-04-24T17:32:20.719+0800: 6430.392: Total time for which application threads were stopped: 0.0002813 seconds, Stopping threads took: 0.0000603 seconds
2017-04-24T17:32:20.720+0800: 6430.392: Total time for which application threads were stopped: 0.0002678 seconds, Stopping threads took: 0.0000609 seconds
2017-04-24T17:32:20.721+0800: 6430.393: Total time for which application threads were stopped: 0.0001976 seconds, Stopping threads took: 0.0000311 seconds
2017-04-24T17:32:20.721+0800: 6430.394: Total time for which application threads were stopped: 0.0001684 seconds, Stopping threads took: 0.0000266 seconds
2017-04-24T17:32:20.721+0800: 6430.394: Total time for which application threads were stopped: 0.0001559 seconds, Stopping threads took: 0.0000253 seconds
2017-04-24T17:32:20.721+0800: 6430.394: Total time for which application threads were stopped: 0.0001530 seconds, Stopping threads took: 0.0000250 seconds
2017-04-24T17:32:20.722+0800: 6430.394: Total time for which application threads were stopped: 0.0002425 seconds, Stopping threads took: 0.0000940 seconds
2017-04-24T17:32:20.732+0800: 6430.405: Total time for which application threads were stopped: 0.0004032 seconds, Stopping threads took: 0.0000786 seconds
2017-04-24T17:32:30.441+0800: 6440.114: Total time for which application threads were stopped: 0.0003733 seconds, Stopping threads took: 0.0000558 seconds
2017-04-24T17:32:30.442+0800: 6440.115: Total time for which application threads were stopped: 0.0002463 seconds, Stopping threads took: 0.0000439 seconds
2017-04-24T17:32:30.811+0800: 6440.484: Total time for which application threads were stopped: 0.0002037 seconds, Stopping threads took: 0.0000718 seconds
2017-04-24T17:32:30.812+0800: 6440.484: Total time for which application threads were stopped: 0.0001014 seconds, Stopping threads took: 0.0000173 seconds
2017-04-24T17:32:30.812+0800: 6440.485: Total time for which application threads were stopped: 0.0001017 seconds, Stopping threads took: 0.0000160 seconds
2017-04-24T17:32:30.812+0800: 6440.485: Total time for which application threads were stopped: 0.0001315 seconds, Stopping threads took: 0.0000244 seconds
2017-04-24T17:32:30.813+0800: 6440.485: Total time for which application threads were stopped: 0.0001193 seconds, Stopping threads took: 0.0000215 seconds
2017-04-24T17:32:30.813+0800: 6440.485: Total time for which application threads were stopped: 0.0000914 seconds, Stopping threads took: 0.0000148 seconds
2017-04-24T17:32:30.813+0800: 6440.485: Total time for which application threads were stopped: 0.0000853 seconds, Stopping threads took: 0.0000138 seconds
2017-04-24T17:32:30.819+0800: 6440.492: Total time for which application threads were stopped: 0.0001450 seconds, Stopping threads took: 0.0000282 seconds
2017-04-24T17:32:40.439+0800: 6450.112: Total time for which application threads were stopped: 0.0002758 seconds, Stopping threads took: 0.0000545 seconds
2017-04-24T17:32:40.440+0800: 6450.113: Total time for which application threads were stopped: 0.0001902 seconds, Stopping threads took: 0.0000337 seconds
2017-04-24T17:32:40.781+0800: 6450.453: Total time for which application threads were stopped: 0.0002758 seconds, Stopping threads took: 0.0000593 seconds
2017-04-24T17:32:40.781+0800: 6450.453: Total time for which application threads were stopped: 0.0002399 seconds, Stopping threads took: 0.0000824 seconds
2017-04-24T17:32:40.782+0800: 6450.454: Total time for which application threads were stopped: 0.0002447 seconds, Stopping threads took: 0.0000430 seconds
2017-04-24T17:32:40.782+0800: 6450.455: Total time for which application threads were stopped: 0.0001674 seconds, Stopping threads took: 0.0000285 seconds
2017-04-24T17:32:40.783+0800: 6450.455: Total time for which application threads were stopped: 0.0001957 seconds, Stopping threads took: 0.0000369 seconds
2017-04-24T17:32:40.783+0800: 6450.455: Total time for which application threads were stopped: 0.0002640 seconds, Stopping threads took: 0.0000459 seconds
2017-04-24T17:32:40.783+0800: 6450.456: Total time for which application threads were stopped: 0.0001982 seconds, Stopping threads took: 0.0000391 seconds
2017-04-24T17:32:40.795+0800: 6450.467: Total time for which application threads were stopped: 0.0002685 seconds, Stopping threads took: 0.0000548 seconds
2017-04-24T17:32:40.804+0800: 6450.476: Total time for which application threads were stopped: 0.0001341 seconds, Stopping threads took: 0.0000369 seconds
2017-04-24T17:32:50.435+0800: 6460.107: Total time for which application threads were stopped: 0.0001620 seconds, Stopping threads took: 0.0000327 seconds
2017-04-24T17:32:50.435+0800: 6460.108: Total time for which application threads were stopped: 0.0001116 seconds, Stopping threads took: 0.0000189 seconds
2017-04-24T17:32:50.740+0800: 6460.413: Total time for which application threads were stopped: 0.0003435 seconds, Stopping threads took: 0.0001001 seconds
2017-04-24T17:32:50.741+0800: 6460.414: Total time for which application threads were stopped: 0.0002373 seconds, Stopping threads took: 0.0000475 seconds
2017-04-24T17:32:50.742+0800: 6460.415: Total time for which application threads were stopped: 0.0002191 seconds, Stopping threads took: 0.0000468 seconds
2017-04-24T17:32:50.743+0800: 6460.415: Total time for which application threads were stopped: 0.0002053 seconds, Stopping threads took: 0.0000513 seconds
2017-04-24T17:32:50.743+0800: 6460.416: Total time for which application threads were stopped: 0.0002178 seconds, Stopping threads took: 0.0000680 seconds
2017-04-24T17:32:50.743+0800: 6460.416: Total time for which application threads were stopped: 0.0002252 seconds, Stopping threads took: 0.0000597 seconds
2017-04-24T17:32:50.744+0800: 6460.416: Total time for which application threads were stopped: 0.0002207 seconds, Stopping threads took: 0.0000680 seconds
2017-04-24T17:32:50.756+0800: 6460.429: Total time for which application threads were stopped: 0.0003974 seconds, Stopping threads took: 0.0001091 seconds
{Heap before GC invocations=61 (full 2):
 par new generation   total 109248K, used 92445K [0x00000000e0000000, 0x00000000e8000000, 0x00000000e8000000)
  eden space 87424K,  99% used [0x00000000e0000000, 0x00000000e5559d80, 0x00000000e5560000)
  from space 21824K,  23% used [0x00000000e6ab0000, 0x00000000e6f9d8c0, 0x00000000e8000000)
  to   space 21824K,   0% used [0x00000000e5560000, 0x00000000e5560000, 0x00000000e6ab0000)
 concurrent mark-sweep generation total 393216K, used 18233K [0x00000000e8000000, 0x0000000100000000, 0x0000000100000000)
 Metaspace       used 42658K, capacity 43480K, committed 43800K, reserved 1087488K
  class space    used 4601K, capacity 4830K, committed 4940K, reserved 1048576K
2017-04-24T17:33:00.437+0800: 6470.110: [GC (Allocation Failure) 2017-04-24T17:33:00.437+0800: 6470.110: [ParNew
Desired survivor size 20112992 bytes, new threshold 8 (max 8)
- age   1:    2870168 bytes,    2870168 total
- age   2:     709752 bytes,    3579920 total
- age   3:      67640 bytes,    3647560 total
- age   4:      16496 bytes,    3664056 total
- age   5:      14288 bytes,    3678344 total
- age   6:      12688 bytes,    3691032 total
- age   7:      13848 bytes,    3704880 total
- age   8:      17648 bytes,    3722528 total
: 92445K->5067K(109248K), 0.0122276 secs] 110678K->23311K(502464K), 0.0123879 secs] [Times: user=0.06 sys=0.00, real=0.01 secs] 
Heap after GC invocations=62 (full 2):
 par new generation   total 109248K, used 5067K [0x00000000e0000000, 0x00000000e8000000, 0x00000000e8000000)
  eden space 87424K,   0% used [0x00000000e0000000, 0x00000000e0000000, 0x00000000e5560000)
  from space 21824K,  23% used [0x00000000e5560000, 0x00000000e5a52ed0, 0x00000000e6ab0000)
  to   space 21824K,   0% used [0x00000000e6ab0000, 0x00000000e6ab0000, 0x00000000e8000000)
 concurrent mark-sweep generation total 393216K, used 18243K [0x00000000e8000000, 0x0000000100000000, 0x0000000100000000)
 Metaspace       used 42658K, capacity 43480K, committed 43800K, reserved 1087488K
  class space    used 4601K, capacity 4830K, committed 4940K, reserved 1048576K
}
2017-04-24T17:33:00.450+0800: 6470.122: Total time for which application threads were stopped: 0.0129999 seconds, Stopping threads took: 0.0000600 seconds
2017-04-24T17:33:00.450+0800: 6470.123: Total time for which application threads were stopped: 0.0003865 seconds, Stopping threads took: 0.0001437 seconds
2017-04-24T17:33:00.450+0800: 6470.123: Total time for which application threads were stopped: 0.0001363 seconds, Stopping threads took: 0.0000417 seconds
2017-04-24T17:33:00.451+0800: 6470.123: Total time for which application threads were stopped: 0.0001491 seconds, Stopping threads took: 0.0000369 seconds
2017-04-24T17:33:00.451+0800: 6470.124: Total time for which application threads were stopped: 0.0001350 seconds, Stopping threads took: 0.0000321 seconds
2017-04-24T17:33:00.451+0800: 6470.124: Total time for which application threads were stopped: 0.0000892 seconds, Stopping threads took: 0.0000282 seconds
2017-04-24T17:33:00.451+0800: 6470.124: Total time for which application threads were stopped: 0.0000831 seconds, Stopping threads took: 0.0000273 seconds
2017-04-24T17:33:00.451+0800: 6470.124: Total time for which application threads were stopped: 0.0000683 seconds, Stopping threads took: 0.0000141 seconds
2017-04-24T17:33:00.452+0800: 6470.124: Total time for which application threads were stopped: 0.0000667 seconds, Stopping threads took: 0.0000141 seconds
2017-04-24T17:33:00.452+0800: 6470.124: Total time for which application threads were stopped: 0.0000837 seconds, Stopping threads took: 0.0000285 seconds
2017-04-24T17:33:00.452+0800: 6470.125: Total time for which application threads were stopped: 0.0001042 seconds, Stopping threads took: 0.0000208 seconds
2017-04-24T17:33:00.452+0800: 6470.125: Total time for which application threads were stopped: 0.0001033 seconds, Stopping threads took: 0.0000324 seconds
2017-04-24T17:33:00.452+0800: 6470.125: Total time for which application threads were stopped: 0.0000840 seconds, Stopping threads took: 0.0000250 seconds
2017-04-24T17:33:00.452+0800: 6470.125: Total time for which application threads were stopped: 0.0000779 seconds, Stopping threads took: 0.0000253 seconds
2017-04-24T17:33:00.453+0800: 6470.125: Total time for which application threads were stopped: 0.0000664 seconds, Stopping threads took: 0.0000144 seconds
2017-04-24T17:33:00.453+0800: 6470.125: Total time for which application threads were stopped: 0.0000850 seconds, Stopping threads took: 0.0000292 seconds
2017-04-24T17:33:00.453+0800: 6470.126: Total time for which application threads were stopped: 0.0000815 seconds, Stopping threads took: 0.0000273 seconds
2017-04-24T17:33:00.453+0800: 6470.126: Total time for which application threads were stopped: 0.0000860 seconds, Stopping threads took: 0.0000269 seconds
2017-04-24T17:33:00.453+0800: 6470.126: Total time for which application threads were stopped: 0.0001078 seconds, Stopping threads took: 0.0000327 seconds
2017-04-24T17:33:00.453+0800: 6470.126: Total time for which application threads were stopped: 0.0001145 seconds, Stopping threads took: 0.0000427 seconds
2017-04-24T17:33:00.454+0800: 6470.126: Total time for which application threads were stopped: 0.0002441 seconds, Stopping threads took: 0.0000356 seconds
2017-04-24T17:33:00.454+0800: 6470.127: Total time for which application threads were stopped: 0.0000908 seconds, Stopping threads took: 0.0000321 seconds
2017-04-24T17:33:00.454+0800: 6470.127: Total time for which application threads were stopped: 0.0000962 seconds, Stopping threads took: 0.0000334 seconds
2017-04-24T17:33:00.455+0800: 6470.127: Total time for which application threads were stopped: 0.0000933 seconds, Stopping threads took: 0.0000151 seconds
2017-04-24T17:33:00.455+0800: 6470.128: Total time for which application threads were stopped: 0.0000824 seconds, Stopping threads took: 0.0000157 seconds
2017-04-24T17:33:00.751+0800: 6470.423: Total time for which application threads were stopped: 0.0003198 seconds, Stopping threads took: 0.0001010 seconds
2017-04-24T17:33:00.751+0800: 6470.424: Total time for which application threads were stopped: 0.0002319 seconds, Stopping threads took: 0.0000478 seconds
2017-04-24T17:33:00.752+0800: 6470.425: Total time for which application threads were stopped: 0.0001928 seconds, Stopping threads took: 0.0000343 seconds
2017-04-24T17:33:00.753+0800: 6470.425: Total time for which application threads were stopped: 0.0002130 seconds, Stopping threads took: 0.0000407 seconds
2017-04-24T17:33:00.753+0800: 6470.426: Total time for which application threads were stopped: 0.0001549 seconds, Stopping threads took: 0.0000269 seconds
2017-04-24T17:33:00.753+0800: 6470.426: Total time for which application threads were stopped: 0.0001498 seconds, Stopping threads took: 0.0000263 seconds
2017-04-24T17:33:00.753+0800: 6470.426: Total time for which application threads were stopped: 0.0001950 seconds, Stopping threads took: 0.0000366 seconds
2017-04-24T17:33:00.768+0800: 6470.440: Total time for which application threads were stopped: 0.0002996 seconds, Stopping threads took: 0.0000847 seconds
2017-04-24T17:33:03.887+0800: 6473.559: Total time for which application threads were stopped: 0.0000978 seconds, Stopping threads took: 0.0000353 seconds
2017-04-24T17:33:03.958+0800: 6473.631: Total time for which application threads were stopped: 0.0000917 seconds, Stopping threads took: 0.0000215 seconds
2017-04-24T17:33:03.958+0800: 6473.631: Total time for which application threads were stopped: 0.0000526 seconds, Stopping threads took: 0.0000132 seconds
2017-04-24T17:33:03.958+0800: 6473.631: Total time for which application threads were stopped: 0.0000337 seconds, Stopping threads took: 0.0000077 seconds
2017-04-24T17:33:03.959+0800: 6473.631: Total time for which application threads were stopped: 0.0000484 seconds, Stopping threads took: 0.0000112 seconds
2017-04-24T17:33:03.959+0800: 6473.631: Total time for which application threads were stopped: 0.0000449 seconds, Stopping threads took: 0.0000109 seconds
2017-04-24T17:33:03.959+0800: 6473.632: Total time for which application threads were stopped: 0.0000449 seconds, Stopping threads took: 0.0000128 seconds
2017-04-24T17:33:10.862+0800: 6480.534: Total time for which application threads were stopped: 0.0002829 seconds, Stopping threads took: 0.0000661 seconds
2017-04-24T17:33:10.862+0800: 6480.535: Total time for which application threads were stopped: 0.0001299 seconds, Stopping threads took: 0.0000237 seconds
2017-04-24T17:33:10.863+0800: 6480.535: Total time for which application threads were stopped: 0.0002386 seconds, Stopping threads took: 0.0000186 seconds
2017-04-24T17:33:10.863+0800: 6480.536: Total time for which application threads were stopped: 0.0001880 seconds, Stopping threads took: 0.0000237 seconds
2017-04-24T17:33:10.864+0800: 6480.536: Total time for which application threads were stopped: 0.0001716 seconds, Stopping threads took: 0.0000221 seconds
2017-04-24T17:33:10.864+0800: 6480.536: Total time for which application threads were stopped: 0.0001347 seconds, Stopping threads took: 0.0000151 seconds
2017-04-24T17:33:10.864+0800: 6480.536: Total time for which application threads were stopped: 0.0002835 seconds, Stopping threads took: 0.0000176 seconds
2017-04-24T17:33:10.869+0800: 6480.542: Total time for which application threads were stopped: 0.0001273 seconds, Stopping threads took: 0.0000250 seconds
2017-04-24T17:33:20.431+0800: 6490.104: Total time for which application threads were stopped: 0.0001193 seconds, Stopping threads took: 0.0000279 seconds
2017-04-24T17:33:20.432+0800: 6490.104: Total time for which application threads were stopped: 0.0000837 seconds, Stopping threads took: 0.0000173 seconds
2017-04-24T17:33:20.736+0800: 6490.409: Total time for which application threads were stopped: 0.0002399 seconds, Stopping threads took: 0.0000516 seconds
2017-04-24T17:33:20.736+0800: 6490.409: Total time for which application threads were stopped: 0.0001979 seconds, Stopping threads took: 0.0000353 seconds
2017-04-24T17:33:20.737+0800: 6490.410: Total time for which application threads were stopped: 0.0001703 seconds, Stopping threads took: 0.0000298 seconds
2017-04-24T17:33:20.748+0800: 6490.420: Total time for which application threads were stopped: 0.0002203 seconds, Stopping threads took: 0.0000417 seconds
2017-04-24T17:33:23.034+0800: 6492.707: Total time for which application threads were stopped: 0.0001014 seconds, Stopping threads took: 0.0000221 seconds
2017-04-24T17:33:23.035+0800: 6492.707: Total time for which application threads were stopped: 0.0000821 seconds, Stopping threads took: 0.0000151 seconds
2017-04-24T17:33:23.035+0800: 6492.707: Total time for which application threads were stopped: 0.0000731 seconds, Stopping threads took: 0.0000141 seconds
2017-04-24T17:33:23.035+0800: 6492.708: Total time for which application threads were stopped: 0.0000754 seconds, Stopping threads took: 0.0000135 seconds
2017-04-24T17:33:23.035+0800: 6492.708: Total time for which application threads were stopped: 0.0000484 seconds, Stopping threads took: 0.0000103 seconds
2017-04-24T17:33:23.035+0800: 6492.708: Total time for which application threads were stopped: 0.0000443 seconds, Stopping threads took: 0.0000087 seconds
2017-04-24T17:33:23.459+0800: 6493.132: Total time for which application threads were stopped: 0.0001039 seconds, Stopping threads took: 0.0000215 seconds
2017-04-24T17:33:23.459+0800: 6493.132: Total time for which application threads were stopped: 0.0000815 seconds, Stopping threads took: 0.0000151 seconds
2017-04-24T17:33:30.441+0800: 6500.113: Total time for which application threads were stopped: 0.0002944 seconds, Stopping threads took: 0.0000584 seconds
2017-04-24T17:33:30.774+0800: 6500.446: Total time for which application threads were stopped: 0.0002765 seconds, Stopping threads took: 0.0000532 seconds
2017-04-24T17:33:30.774+0800: 6500.447: Total time for which application threads were stopped: 0.0002585 seconds, Stopping threads took: 0.0000484 seconds
2017-04-24T17:33:30.774+0800: 6500.447: Total time for which application threads were stopped: 0.0001803 seconds, Stopping threads took: 0.0000298 seconds
2017-04-24T17:33:30.774+0800: 6500.447: Total time for which application threads were stopped: 0.0001617 seconds, Stopping threads took: 0.0000266 seconds
2017-04-24T17:33:30.775+0800: 6500.447: Total time for which application threads were stopped: 0.0001617 seconds, Stopping threads took: 0.0000295 seconds
2017-04-24T17:33:30.784+0800: 6500.457: Total time for which application threads were stopped: 0.0002547 seconds, Stopping threads took: 0.0000497 seconds
2017-04-24T17:33:40.440+0800: 6510.113: Total time for which application threads were stopped: 0.0002681 seconds, Stopping threads took: 0.0000561 seconds
2017-04-24T17:33:40.441+0800: 6510.114: Total time for which application threads were stopped: 0.0000998 seconds, Stopping threads took: 0.0000167 seconds
2017-04-24T17:33:40.798+0800: 6510.471: Total time for which application threads were stopped: 0.0002694 seconds, Stopping threads took: 0.0000552 seconds
2017-04-24T17:33:40.799+0800: 6510.471: Total time for which application threads were stopped: 0.0003156 seconds, Stopping threads took: 0.0001058 seconds
2017-04-24T17:33:40.800+0800: 6510.473: Total time for which application threads were stopped: 0.0002107 seconds, Stopping threads took: 0.0000391 seconds
2017-04-24T17:33:40.800+0800: 6510.473: Total time for which application threads were stopped: 0.0002165 seconds, Stopping threads took: 0.0000417 seconds
2017-04-24T17:33:40.801+0800: 6510.473: Total time for which application threads were stopped: 0.0002011 seconds, Stopping threads took: 0.0000391 seconds
2017-04-24T17:33:40.801+0800: 6510.474: Total time for which application threads were stopped: 0.0001735 seconds, Stopping threads took: 0.0000324 seconds
2017-04-24T17:33:40.801+0800: 6510.474: Total time for which application threads were stopped: 0.0001825 seconds, Stopping threads took: 0.0000350 seconds
2017-04-24T17:33:40.812+0800: 6510.485: Total time for which application threads were stopped: 0.0002338 seconds, Stopping threads took: 0.0000491 seconds
2017-04-24T17:33:47.770+0800: 6517.442: Total time for which application threads were stopped: 0.0001103 seconds, Stopping threads took: 0.0000212 seconds
2017-04-24T17:33:47.770+0800: 6517.443: Total time for which application threads were stopped: 0.0000847 seconds, Stopping threads took: 0.0000154 seconds
2017-04-24T17:33:47.771+0800: 6517.443: Total time for which application threads were stopped: 0.0000744 seconds, Stopping threads took: 0.0000132 seconds
2017-04-24T17:33:47.771+0800: 6517.443: Total time for which application threads were stopped: 0.0000686 seconds, Stopping threads took: 0.0000119 seconds
2017-04-24T17:33:47.771+0800: 6517.443: Total time for which application threads were stopped: 0.0000641 seconds, Stopping threads took: 0.0000115 seconds
2017-04-24T17:33:47.771+0800: 6517.443: Total time for which application threads were stopped: 0.0000568 seconds, Stopping threads took: 0.0000096 seconds
2017-04-24T17:33:50.440+0800: 6520.112: Total time for which application threads were stopped: 0.0006222 seconds, Stopping threads took: 0.0000568 seconds
2017-04-24T17:33:50.786+0800: 6520.458: Total time for which application threads were stopped: 0.0003288 seconds, Stopping threads took: 0.0000898 seconds
2017-04-24T17:33:50.786+0800: 6520.459: Total time for which application threads were stopped: 0.0003268 seconds, Stopping threads took: 0.0001023 seconds
2017-04-24T17:33:50.789+0800: 6520.461: Total time for which application threads were stopped: 0.0006033 seconds, Stopping threads took: 0.0000513 seconds
2017-04-24T17:33:50.789+0800: 6520.461: Total time for which application threads were stopped: 0.0002223 seconds, Stopping threads took: 0.0000693 seconds
2017-04-24T17:33:50.789+0800: 6520.462: Total time for which application threads were stopped: 0.0001633 seconds, Stopping threads took: 0.0000362 seconds
2017-04-24T17:33:50.790+0800: 6520.462: Total time for which application threads were stopped: 0.0002223 seconds, Stopping threads took: 0.0000526 seconds
2017-04-24T17:33:50.790+0800: 6520.462: Total time for which application threads were stopped: 0.0002418 seconds, Stopping threads took: 0.0000892 seconds
2017-04-24T17:33:50.817+0800: 6520.490: Total time for which application threads were stopped: 0.0002162 seconds, Stopping threads took: 0.0000574 seconds
2017-04-24T17:34:00.417+0800: 6530.090: Total time for which application threads were stopped: 0.0001116 seconds, Stopping threads took: 0.0000215 seconds
2017-04-24T17:34:00.417+0800: 6530.090: Total time for which application threads were stopped: 0.0000609 seconds, Stopping threads took: 0.0000112 seconds
2017-04-24T17:34:00.727+0800: 6530.400: Total time for which application threads were stopped: 0.0003265 seconds, Stopping threads took: 0.0000946 seconds
2017-04-24T17:34:00.728+0800: 6530.400: Total time for which application threads were stopped: 0.0001995 seconds, Stopping threads took: 0.0000539 seconds
2017-04-24T17:34:00.728+0800: 6530.400: Total time for which application threads were stopped: 0.0002579 seconds, Stopping threads took: 0.0000488 seconds
2017-04-24T17:34:00.730+0800: 6530.402: Total time for which application threads were stopped: 0.0002511 seconds, Stopping threads took: 0.0000632 seconds
2017-04-24T17:34:00.730+0800: 6530.402: Total time for which application threads were stopped: 0.0002181 seconds, Stopping threads took: 0.0000484 seconds
2017-04-24T17:34:00.730+0800: 6530.403: Total time for which application threads were stopped: 0.0002919 seconds, Stopping threads took: 0.0000677 seconds
2017-04-24T17:34:00.731+0800: 6530.403: Total time for which application threads were stopped: 0.0002434 seconds, Stopping threads took: 0.0000828 seconds
2017-04-24T17:34:00.740+0800: 6530.412: Total time for which application threads were stopped: 0.0002521 seconds, Stopping threads took: 0.0000590 seconds
2017-04-24T17:34:10.742+0800: 6540.414: Total time for which application threads were stopped: 0.0001062 seconds, Stopping threads took: 0.0000221 seconds
2017-04-24T17:34:10.776+0800: 6540.449: Total time for which application threads were stopped: 0.0001052 seconds, Stopping threads took: 0.0000208 seconds
2017-04-24T17:34:10.776+0800: 6540.449: Total time for which application threads were stopped: 0.0000632 seconds, Stopping threads took: 0.0000170 seconds
2017-04-24T17:34:10.777+0800: 6540.449: Total time for which application threads were stopped: 0.0000744 seconds, Stopping threads took: 0.0000087 seconds
2017-04-24T17:34:10.777+0800: 6540.449: Total time for which application threads were stopped: 0.0000731 seconds, Stopping threads took: 0.0000103 seconds
2017-04-24T17:34:10.777+0800: 6540.449: Total time for which application threads were stopped: 0.0000680 seconds, Stopping threads took: 0.0000099 seconds
2017-04-24T17:34:10.777+0800: 6540.449: Total time for which application threads were stopped: 0.0000664 seconds, Stopping threads took: 0.0000093 seconds
2017-04-24T17:34:10.777+0800: 6540.449: Total time for which application threads were stopped: 0.0000632 seconds, Stopping threads took: 0.0000093 seconds
2017-04-24T17:34:10.781+0800: 6540.453: Total time for which application threads were stopped: 0.0001177 seconds, Stopping threads took: 0.0000305 seconds
2017-04-24T17:34:20.436+0800: 6550.109: Total time for which application threads were stopped: 0.0001604 seconds, Stopping threads took: 0.0000334 seconds
2017-04-24T17:34:20.436+0800: 6550.109: Total time for which application threads were stopped: 0.0000792 seconds, Stopping threads took: 0.0000141 seconds
2017-04-24T17:34:20.823+0800: 6550.495: Total time for which application threads were stopped: 0.0003015 seconds, Stopping threads took: 0.0000651 seconds
2017-04-24T17:34:20.823+0800: 6550.496: Total time for which application threads were stopped: 0.0002717 seconds, Stopping threads took: 0.0000619 seconds
2017-04-24T17:34:20.824+0800: 6550.497: Total time for which application threads were stopped: 0.0001799 seconds, Stopping threads took: 0.0000356 seconds
2017-04-24T17:34:20.825+0800: 6550.497: Total time for which application threads were stopped: 0.0001645 seconds, Stopping threads took: 0.0000324 seconds
2017-04-24T17:34:20.825+0800: 6550.498: Total time for which application threads were stopped: 0.0002149 seconds, Stopping threads took: 0.0000497 seconds
2017-04-24T17:34:20.825+0800: 6550.498: Total time for which application threads were stopped: 0.0001511 seconds, Stopping threads took: 0.0000324 seconds
2017-04-24T17:34:20.826+0800: 6550.498: Total time for which application threads were stopped: 0.0005170 seconds, Stopping threads took: 0.0000449 seconds
2017-04-24T17:34:20.835+0800: 6550.508: Total time for which application threads were stopped: 0.0003182 seconds, Stopping threads took: 0.0000828 seconds
2017-04-24T17:34:30.406+0800: 6560.079: Total time for which application threads were stopped: 0.0004997 seconds, Stopping threads took: 0.0000545 seconds
2017-04-24T17:34:30.440+0800: 6560.112: Total time for which application threads were stopped: 0.0002887 seconds, Stopping threads took: 0.0000545 seconds
2017-04-24T17:34:30.441+0800: 6560.114: Total time for which application threads were stopped: 0.0005497 seconds, Stopping threads took: 0.0000516 seconds
2017-04-24T17:34:30.806+0800: 6560.478: Total time for which application threads were stopped: 0.0002649 seconds, Stopping threads took: 0.0000497 seconds
2017-04-24T17:34:30.806+0800: 6560.479: Total time for which application threads were stopped: 0.0002723 seconds, Stopping threads took: 0.0001026 seconds
2017-04-24T17:34:30.808+0800: 6560.480: Total time for which application threads were stopped: 0.0001844 seconds, Stopping threads took: 0.0000314 seconds
2017-04-24T17:34:30.821+0800: 6560.493: Total time for which application threads were stopped: 0.0005809 seconds, Stopping threads took: 0.0000481 seconds
{Heap before GC invocations=62 (full 2):
 par new generation   total 109248K, used 92378K [0x00000000e0000000, 0x00000000e8000000, 0x00000000e8000000)
  eden space 87424K,  99% used [0x00000000e0000000, 0x00000000e5543b90, 0x00000000e5560000)
  from space 21824K,  23% used [0x00000000e5560000, 0x00000000e5a52ed0, 0x00000000e6ab0000)
  to   space 21824K,   0% used [0x00000000e6ab0000, 0x00000000e6ab0000, 0x00000000e8000000)
 concurrent mark-sweep generation total 393216K, used 18243K [0x00000000e8000000, 0x0000000100000000, 0x0000000100000000)
 Metaspace       used 42659K, capacity 43480K, committed 43800K, reserved 1087488K
  class space    used 4601K, capacity 4830K, committed 4940K, reserved 1048576K
2017-04-24T17:34:40.436+0800: 6570.108: [GC (Allocation Failure) 2017-04-24T17:34:40.436+0800: 6570.108: [ParNew
Desired survivor size 20112992 bytes, new threshold 8 (max 8)
- age   1:    2853632 bytes,    2853632 total
- age   2:     694472 bytes,    3548104 total
- age   3:      69672 bytes,    3617776 total
- age   4:      12080 bytes,    3629856 total
- age   5:      15768 bytes,    3645624 total
- age   6:      14288 bytes,    3659912 total
- age   7:      12624 bytes,    3672536 total
- age   8:      13816 bytes,    3686352 total
: 92378K->4596K(109248K), 0.0082244 secs] 110622K->22857K(502464K), 0.0083610 secs] [Times: user=0.06 sys=0.00, real=0.01 secs] 
Heap after GC invocations=63 (full 2):
 par new generation   total 109248K, used 4596K [0x00000000e0000000, 0x00000000e8000000, 0x00000000e8000000)
  eden space 87424K,   0% used [0x00000000e0000000, 0x00000000e0000000, 0x00000000e5560000)
  from space 21824K,  21% used [0x00000000e6ab0000, 0x00000000e6f2d3b0, 0x00000000e8000000)
  to   space 21824K,   0% used [0x00000000e5560000, 0x00000000e5560000, 0x00000000e6ab0000)
 concurrent mark-sweep generation total 393216K, used 18261K [0x00000000e8000000, 0x0000000100000000, 0x0000000100000000)
 Metaspace       used 42659K, capacity 43480K, committed 43800K, reserved 1087488K
  class space    used 4601K, capacity 4830K, committed 4940K, reserved 1048576K
}
2017-04-24T17:34:40.444+0800: 6570.117: Total time for which application threads were stopped: 0.0088316 seconds, Stopping threads took: 0.0000526 seconds
2017-04-24T17:34:40.444+0800: 6570.117: Total time for which application threads were stopped: 0.0002367 seconds, Stopping threads took: 0.0000555 seconds
2017-04-24T17:34:40.445+0800: 6570.117: Total time for which application threads were stopped: 0.0001937 seconds, Stopping threads took: 0.0000362 seconds
2017-04-24T17:34:40.445+0800: 6570.118: Total time for which application threads were stopped: 0.0001225 seconds, Stopping threads took: 0.0000391 seconds
2017-04-24T17:34:40.445+0800: 6570.118: Total time for which application threads were stopped: 0.0001020 seconds, Stopping threads took: 0.0000311 seconds
2017-04-24T17:34:40.446+0800: 6570.118: Total time for which application threads were stopped: 0.0001482 seconds, Stopping threads took: 0.0000289 seconds
2017-04-24T17:34:40.446+0800: 6570.118: Total time for which application threads were stopped: 0.0001370 seconds, Stopping threads took: 0.0000228 seconds
2017-04-24T17:34:40.446+0800: 6570.119: Total time for which application threads were stopped: 0.0000943 seconds, Stopping threads took: 0.0000279 seconds
2017-04-24T17:34:40.446+0800: 6570.119: Total time for which application threads were stopped: 0.0000821 seconds, Stopping threads took: 0.0000218 seconds
2017-04-24T17:34:40.446+0800: 6570.119: Total time for which application threads were stopped: 0.0000674 seconds, Stopping threads took: 0.0000141 seconds
2017-04-24T17:34:40.446+0800: 6570.119: Total time for which application threads were stopped: 0.0000661 seconds, Stopping threads took: 0.0000138 seconds
2017-04-24T17:34:40.446+0800: 6570.119: Total time for which application threads were stopped: 0.0000792 seconds, Stopping threads took: 0.0000196 seconds
2017-04-24T17:34:40.447+0800: 6570.119: Total time for which application threads were stopped: 0.0000946 seconds, Stopping threads took: 0.0000301 seconds
2017-04-24T17:34:40.447+0800: 6570.119: Total time for which application threads were stopped: 0.0000917 seconds, Stopping threads took: 0.0000318 seconds
2017-04-24T17:34:40.447+0800: 6570.120: Total time for which application threads were stopped: 0.0001074 seconds, Stopping threads took: 0.0000350 seconds
2017-04-24T17:34:40.447+0800: 6570.120: Total time for which application threads were stopped: 0.0000921 seconds, Stopping threads took: 0.0000305 seconds
2017-04-24T17:34:40.447+0800: 6570.120: Total time for which application threads were stopped: 0.0001466 seconds, Stopping threads took: 0.0000276 seconds
2017-04-24T17:34:40.448+0800: 6570.120: Total time for which application threads were stopped: 0.0001437 seconds, Stopping threads took: 0.0000375 seconds
2017-04-24T17:34:40.448+0800: 6570.120: Total time for which application threads were stopped: 0.0000872 seconds, Stopping threads took: 0.0000257 seconds
2017-04-24T17:34:40.448+0800: 6570.121: Total time for which application threads were stopped: 0.0000805 seconds, Stopping threads took: 0.0000218 seconds
2017-04-24T17:34:40.448+0800: 6570.121: Total time for which application threads were stopped: 0.0002280 seconds, Stopping threads took: 0.0000266 seconds
2017-04-24T17:34:40.449+0800: 6570.121: Total time for which application threads were stopped: 0.0002309 seconds, Stopping threads took: 0.0000241 seconds
2017-04-24T17:34:40.449+0800: 6570.122: Total time for which application threads were stopped: 0.0001020 seconds, Stopping threads took: 0.0000289 seconds
2017-04-24T17:34:40.450+0800: 6570.122: Total time for which application threads were stopped: 0.0000770 seconds, Stopping threads took: 0.0000167 seconds
2017-04-24T17:34:40.749+0800: 6570.422: Total time for which application threads were stopped: 0.0002906 seconds, Stopping threads took: 0.0000821 seconds
2017-04-24T17:34:40.750+0800: 6570.422: Total time for which application threads were stopped: 0.0001748 seconds, Stopping threads took: 0.0000301 seconds
2017-04-24T17:34:40.750+0800: 6570.422: Total time for which application threads were stopped: 0.0001530 seconds, Stopping threads took: 0.0000273 seconds
2017-04-24T17:34:40.751+0800: 6570.424: Total time for which application threads were stopped: 0.0002203 seconds, Stopping threads took: 0.0000430 seconds
2017-04-24T17:34:40.751+0800: 6570.424: Total time for which application threads were stopped: 0.0001876 seconds, Stopping threads took: 0.0000378 seconds
2017-04-24T17:34:40.752+0800: 6570.424: Total time for which application threads were stopped: 0.0001447 seconds, Stopping threads took: 0.0000260 seconds
2017-04-24T17:34:40.752+0800: 6570.425: Total time for which application threads were stopped: 0.0001873 seconds, Stopping threads took: 0.0000388 seconds
2017-04-24T17:34:40.752+0800: 6570.425: Total time for which application threads were stopped: 0.0001459 seconds, Stopping threads took: 0.0000276 seconds
2017-04-24T17:34:49.266+0800: 6578.939: Total time for which application threads were stopped: 0.0001081 seconds, Stopping threads took: 0.0000241 seconds
2017-04-24T17:34:49.267+0800: 6578.939: Total time for which application threads were stopped: 0.0000991 seconds, Stopping threads took: 0.0000253 seconds
2017-04-24T17:34:50.413+0800: 6580.085: Total time for which application threads were stopped: 0.0001078 seconds, Stopping threads took: 0.0000212 seconds
2017-04-24T17:34:50.413+0800: 6580.085: Total time for which application threads were stopped: 0.0000654 seconds, Stopping threads took: 0.0000128 seconds
2017-04-24T17:34:50.726+0800: 6580.398: Total time for which application threads were stopped: 0.0003057 seconds, Stopping threads took: 0.0000811 seconds
2017-04-24T17:34:50.726+0800: 6580.398: Total time for which application threads were stopped: 0.0002357 seconds, Stopping threads took: 0.0000526 seconds
2017-04-24T17:34:50.726+0800: 6580.399: Total time for which application threads were stopped: 0.0002364 seconds, Stopping threads took: 0.0001062 seconds
2017-04-24T17:34:50.728+0800: 6580.400: Total time for which application threads were stopped: 0.0002813 seconds, Stopping threads took: 0.0001350 seconds
2017-04-24T17:34:50.728+0800: 6580.401: Total time for which application threads were stopped: 0.0002085 seconds, Stopping threads took: 0.0000404 seconds
2017-04-24T17:34:50.728+0800: 6580.401: Total time for which application threads were stopped: 0.0001950 seconds, Stopping threads took: 0.0000677 seconds
2017-04-24T17:34:50.729+0800: 6580.401: Total time for which application threads were stopped: 0.0001421 seconds, Stopping threads took: 0.0000269 seconds
2017-04-24T17:34:50.729+0800: 6580.401: Total time for which application threads were stopped: 0.0001674 seconds, Stopping threads took: 0.0000346 seconds
2017-04-24T17:35:00.428+0800: 6590.101: Total time for which application threads were stopped: 0.0001350 seconds, Stopping threads took: 0.0000263 seconds
2017-04-24T17:35:00.429+0800: 6590.101: Total time for which application threads were stopped: 0.0000949 seconds, Stopping threads took: 0.0000173 seconds
2017-04-24T17:35:00.753+0800: 6590.426: Total time for which application threads were stopped: 0.0003403 seconds, Stopping threads took: 0.0000837 seconds
2017-04-24T17:35:00.754+0800: 6590.426: Total time for which application threads were stopped: 0.0002819 seconds, Stopping threads took: 0.0000959 seconds
2017-04-24T17:35:00.754+0800: 6590.426: Total time for which application threads were stopped: 0.0001867 seconds, Stopping threads took: 0.0000340 seconds
2017-04-24T17:35:00.756+0800: 6590.428: Total time for which application threads were stopped: 0.0002588 seconds, Stopping threads took: 0.0000436 seconds
2017-04-24T17:35:00.756+0800: 6590.429: Total time for which application threads were stopped: 0.0002332 seconds, Stopping threads took: 0.0000401 seconds
2017-04-24T17:35:00.756+0800: 6590.429: Total time for which application threads were stopped: 0.0001998 seconds, Stopping threads took: 0.0000337 seconds
2017-04-24T17:35:00.757+0800: 6590.429: Total time for which application threads were stopped: 0.0002146 seconds, Stopping threads took: 0.0000375 seconds
2017-04-24T17:35:00.757+0800: 6590.429: Total time for which application threads were stopped: 0.0002136 seconds, Stopping threads took: 0.0000388 seconds
2017-04-24T17:35:10.424+0800: 6600.096: Total time for which application threads were stopped: 0.0001831 seconds, Stopping threads took: 0.0000353 seconds
2017-04-24T17:35:10.425+0800: 6600.097: Total time for which application threads were stopped: 0.0001434 seconds, Stopping threads took: 0.0000263 seconds
2017-04-24T17:35:10.702+0800: 6600.375: Total time for which application threads were stopped: 0.0001354 seconds, Stopping threads took: 0.0000273 seconds
2017-04-24T17:35:10.702+0800: 6600.375: Total time for which application threads were stopped: 0.0001235 seconds, Stopping threads took: 0.0000359 seconds
2017-04-24T17:35:10.702+0800: 6600.375: Total time for which application threads were stopped: 0.0001209 seconds, Stopping threads took: 0.0000305 seconds
2017-04-24T17:35:10.703+0800: 6600.375: Total time for which application threads were stopped: 0.0000847 seconds, Stopping threads took: 0.0000148 seconds
2017-04-24T17:35:10.703+0800: 6600.375: Total time for which application threads were stopped: 0.0000805 seconds, Stopping threads took: 0.0000148 seconds
2017-04-24T17:35:10.703+0800: 6600.376: Total time for which application threads were stopped: 0.0000818 seconds, Stopping threads took: 0.0000160 seconds
2017-04-24T17:35:10.703+0800: 6600.376: Total time for which application threads were stopped: 0.0000718 seconds, Stopping threads took: 0.0000132 seconds
2017-04-24T17:35:10.703+0800: 6600.376: Total time for which application threads were stopped: 0.0000584 seconds, Stopping threads took: 0.0000103 seconds
2017-04-24T17:35:11.970+0800: 6601.642: Total time for which application threads were stopped: 0.0001062 seconds, Stopping threads took: 0.0000218 seconds
2017-04-24T17:35:11.970+0800: 6601.643: Total time for which application threads were stopped: 0.0000850 seconds, Stopping threads took: 0.0000160 seconds
2017-04-24T17:35:11.970+0800: 6601.643: Total time for which application threads were stopped: 0.0000767 seconds, Stopping threads took: 0.0000148 seconds
2017-04-24T17:35:11.971+0800: 6601.643: Total time for which application threads were stopped: 0.0000706 seconds, Stopping threads took: 0.0000128 seconds
2017-04-24T17:35:11.971+0800: 6601.643: Total time for which application threads were stopped: 0.0000542 seconds, Stopping threads took: 0.0000090 seconds
2017-04-24T17:35:11.971+0800: 6601.643: Total time for which application threads were stopped: 0.0000632 seconds, Stopping threads took: 0.0000122 seconds
2017-04-24T17:35:20.747+0800: 6610.420: Total time for which application threads were stopped: 0.0002739 seconds, Stopping threads took: 0.0000629 seconds
2017-04-24T17:35:20.748+0800: 6610.420: Total time for which application threads were stopped: 0.0002880 seconds, Stopping threads took: 0.0000943 seconds
2017-04-24T17:35:20.749+0800: 6610.422: Total time for which application threads were stopped: 0.0003230 seconds, Stopping threads took: 0.0000539 seconds
2017-04-24T17:35:20.750+0800: 6610.422: Total time for which application threads were stopped: 0.0002303 seconds, Stopping threads took: 0.0000263 seconds
2017-04-24T17:35:20.750+0800: 6610.422: Total time for which application threads were stopped: 0.0002088 seconds, Stopping threads took: 0.0000250 seconds
2017-04-24T17:35:20.750+0800: 6610.423: Total time for which application threads were stopped: 0.0002268 seconds, Stopping threads took: 0.0000404 seconds
2017-04-24T17:35:20.750+0800: 6610.423: Total time for which application threads were stopped: 0.0002046 seconds, Stopping threads took: 0.0000244 seconds
2017-04-24T17:35:30.439+0800: 6620.112: Total time for which application threads were stopped: 0.0002819 seconds, Stopping threads took: 0.0000516 seconds
2017-04-24T17:35:30.440+0800: 6620.113: Total time for which application threads were stopped: 0.0001629 seconds, Stopping threads took: 0.0000273 seconds
2017-04-24T17:35:30.833+0800: 6620.506: Total time for which application threads were stopped: 0.0003525 seconds, Stopping threads took: 0.0001049 seconds
2017-04-24T17:35:30.834+0800: 6620.506: Total time for which application threads were stopped: 0.0006267 seconds, Stopping threads took: 0.0000362 seconds
2017-04-24T17:35:30.834+0800: 6620.507: Total time for which application threads were stopped: 0.0004988 seconds, Stopping threads took: 0.0000510 seconds
2017-04-24T17:35:30.836+0800: 6620.508: Total time for which application threads were stopped: 0.0002226 seconds, Stopping threads took: 0.0000337 seconds
2017-04-24T17:35:30.836+0800: 6620.509: Total time for which application threads were stopped: 0.0002017 seconds, Stopping threads took: 0.0000388 seconds
2017-04-24T17:35:30.836+0800: 6620.509: Total time for which application threads were stopped: 0.0001851 seconds, Stopping threads took: 0.0000388 seconds
2017-04-24T17:35:30.836+0800: 6620.509: Total time for which application threads were stopped: 0.0001507 seconds, Stopping threads took: 0.0000260 seconds
2017-04-24T17:35:30.837+0800: 6620.510: Total time for which application threads were stopped: 0.0004930 seconds, Stopping threads took: 0.0000427 seconds
2017-04-24T17:35:30.860+0800: 6620.533: Total time for which application threads were stopped: 0.0002322 seconds, Stopping threads took: 0.0000625 seconds
2017-04-24T17:35:40.438+0800: 6630.110: Total time for which application threads were stopped: 0.0002832 seconds, Stopping threads took: 0.0000664 seconds
2017-04-24T17:35:40.439+0800: 6630.111: Total time for which application threads were stopped: 0.0002155 seconds, Stopping threads took: 0.0000443 seconds
2017-04-24T17:35:40.767+0800: 6630.439: Total time for which application threads were stopped: 0.0002653 seconds, Stopping threads took: 0.0000581 seconds
2017-04-24T17:35:40.769+0800: 6630.441: Total time for which application threads were stopped: 0.0002640 seconds, Stopping threads took: 0.0000536 seconds
2017-04-24T17:35:41.769+0800: 6631.442: Total time for which application threads were stopped: 0.0002062 seconds, Stopping threads took: 0.0000536 seconds
2017-04-24T17:35:50.440+0800: 6640.112: Total time for which application threads were stopped: 0.0002771 seconds, Stopping threads took: 0.0000523 seconds
2017-04-24T17:35:50.441+0800: 6640.113: Total time for which application threads were stopped: 0.0002165 seconds, Stopping threads took: 0.0000420 seconds
2017-04-24T17:35:50.751+0800: 6640.424: Total time for which application threads were stopped: 0.0002726 seconds, Stopping threads took: 0.0000632 seconds
2017-04-24T17:35:50.753+0800: 6640.425: Total time for which application threads were stopped: 0.0001780 seconds, Stopping threads took: 0.0000340 seconds
2017-04-24T17:35:50.753+0800: 6640.426: Total time for which application threads were stopped: 0.0002248 seconds, Stopping threads took: 0.0000452 seconds
2017-04-24T17:35:50.753+0800: 6640.426: Total time for which application threads were stopped: 0.0001844 seconds, Stopping threads took: 0.0000382 seconds
2017-04-24T17:35:50.754+0800: 6640.426: Total time for which application threads were stopped: 0.0001549 seconds, Stopping threads took: 0.0000285 seconds
2017-04-24T17:35:50.754+0800: 6640.427: Total time for which application threads were stopped: 0.0001716 seconds, Stopping threads took: 0.0000340 seconds
2017-04-24T17:36:00.440+0800: 6650.113: Total time for which application threads were stopped: 0.0003506 seconds, Stopping threads took: 0.0000597 seconds
2017-04-24T17:36:00.441+0800: 6650.114: Total time for which application threads were stopped: 0.0002428 seconds, Stopping threads took: 0.0000491 seconds
2017-04-24T17:36:00.937+0800: 6650.610: Total time for which application threads were stopped: 0.0002518 seconds, Stopping threads took: 0.0000539 seconds
2017-04-24T17:36:00.939+0800: 6650.612: Total time for which application threads were stopped: 0.0002662 seconds, Stopping threads took: 0.0000488 seconds
2017-04-24T17:36:00.939+0800: 6650.612: Total time for which application threads were stopped: 0.0002431 seconds, Stopping threads took: 0.0000401 seconds
2017-04-24T17:36:00.939+0800: 6650.612: Total time for which application threads were stopped: 0.0001957 seconds, Stopping threads took: 0.0000350 seconds
2017-04-24T17:36:00.940+0800: 6650.613: Total time for which application threads were stopped: 0.0001863 seconds, Stopping threads took: 0.0000350 seconds
2017-04-24T17:36:00.940+0800: 6650.613: Total time for which application threads were stopped: 0.0002203 seconds, Stopping threads took: 0.0000516 seconds
2017-04-24T17:36:10.433+0800: 6660.105: Total time for which application threads were stopped: 0.0001065 seconds, Stopping threads took: 0.0000186 seconds
2017-04-24T17:36:10.433+0800: 6660.106: Total time for which application threads were stopped: 0.0000629 seconds, Stopping threads took: 0.0000112 seconds
2017-04-24T17:36:10.714+0800: 6660.387: Total time for which application threads were stopped: 0.0002855 seconds, Stopping threads took: 0.0000587 seconds
2017-04-24T17:36:10.716+0800: 6660.388: Total time for which application threads were stopped: 0.0002582 seconds, Stopping threads took: 0.0000571 seconds
2017-04-24T17:36:10.716+0800: 6660.389: Total time for which application threads were stopped: 0.0002441 seconds, Stopping threads took: 0.0000523 seconds
2017-04-24T17:36:10.717+0800: 6660.389: Total time for which application threads were stopped: 0.0002223 seconds, Stopping threads took: 0.0000478 seconds
2017-04-24T17:36:10.717+0800: 6660.389: Total time for which application threads were stopped: 0.0001565 seconds, Stopping threads took: 0.0000282 seconds
2017-04-24T17:36:10.717+0800: 6660.390: Total time for which application threads were stopped: 0.0001501 seconds, Stopping threads took: 0.0000253 seconds
2017-04-24T17:36:10.727+0800: 6660.400: Total time for which application threads were stopped: 0.0002492 seconds, Stopping threads took: 0.0000468 seconds
{Heap before GC invocations=63 (full 2):
 par new generation   total 109248K, used 91736K [0x00000000e0000000, 0x00000000e8000000, 0x00000000e8000000)
  eden space 87424K,  99% used [0x00000000e0000000, 0x00000000e5518d78, 0x00000000e5560000)
  from space 21824K,  21% used [0x00000000e6ab0000, 0x00000000e6f2d3b0, 0x00000000e8000000)
  to   space 21824K,   0% used [0x00000000e5560000, 0x00000000e5560000, 0x00000000e6ab0000)
 concurrent mark-sweep generation total 393216K, used 18261K [0x00000000e8000000, 0x0000000100000000, 0x0000000100000000)
 Metaspace       used 42659K, capacity 43480K, committed 43800K, reserved 1087488K
  class space    used 4601K, capacity 4830K, committed 4940K, reserved 1048576K
2017-04-24T17:36:20.434+0800: 6670.106: [GC (Allocation Failure) 2017-04-24T17:36:20.434+0800: 6670.107: [ParNew
Desired survivor size 20112992 bytes, new threshold 8 (max 8)
- age   1:    2901440 bytes,    2901440 total
- age   2:     696976 bytes,    3598416 total
- age   3:      69336 bytes,    3667752 total
- age   4:      13568 bytes,    3681320 total
- age   5:      11384 bytes,    3692704 total
- age   6:      15768 bytes,    3708472 total
- age   7:      14256 bytes,    3722728 total
- age   8:      12624 bytes,    3735352 total
: 91736K->4476K(109248K), 0.0074271 secs] 109997K->22750K(502464K), 0.0076432 secs] [Times: user=0.00 sys=0.00, real=0.01 secs] 
Heap after GC invocations=64 (full 2):
 par new generation   total 109248K, used 4476K [0x00000000e0000000, 0x00000000e8000000, 0x00000000e8000000)
  eden space 87424K,   0% used [0x00000000e0000000, 0x00000000e0000000, 0x00000000e5560000)
  from space 21824K,  20% used [0x00000000e5560000, 0x00000000e59bf0e0, 0x00000000e6ab0000)
  to   space 21824K,   0% used [0x00000000e6ab0000, 0x00000000e6ab0000, 0x00000000e8000000)
 concurrent mark-sweep generation total 393216K, used 18274K [0x00000000e8000000, 0x0000000100000000, 0x0000000100000000)
 Metaspace       used 42659K, capacity 43480K, committed 43800K, reserved 1087488K
  class space    used 4601K, capacity 4830K, committed 4940K, reserved 1048576K
}
2017-04-24T17:36:20.442+0800: 6670.114: Total time for which application threads were stopped: 0.0080191 seconds, Stopping threads took: 0.0000353 seconds
2017-04-24T17:36:20.443+0800: 6670.115: Total time for which application threads were stopped: 0.0002402 seconds, Stopping threads took: 0.0000744 seconds
2017-04-24T17:36:20.444+0800: 6670.116: Total time for which application threads were stopped: 0.0002354 seconds, Stopping threads took: 0.0000388 seconds
2017-04-24T17:36:20.445+0800: 6670.118: Total time for which application threads were stopped: 0.0001312 seconds, Stopping threads took: 0.0000215 seconds
2017-04-24T17:36:20.446+0800: 6670.118: Total time for which application threads were stopped: 0.0001132 seconds, Stopping threads took: 0.0000173 seconds
2017-04-24T17:36:20.797+0800: 6670.469: Total time for which application threads were stopped: 0.0001158 seconds, Stopping threads took: 0.0000228 seconds
2017-04-24T17:36:20.797+0800: 6670.469: Total time for which application threads were stopped: 0.0000622 seconds, Stopping threads took: 0.0000115 seconds
2017-04-24T17:36:20.797+0800: 6670.469: Total time for which application threads were stopped: 0.0000388 seconds, Stopping threads took: 0.0000064 seconds
2017-04-24T17:36:20.797+0800: 6670.469: Total time for which application threads were stopped: 0.0000510 seconds, Stopping threads took: 0.0000103 seconds
2017-04-24T17:36:20.797+0800: 6670.470: Total time for which application threads were stopped: 0.0000433 seconds, Stopping threads took: 0.0000087 seconds
2017-04-24T17:36:20.801+0800: 6670.473: Total time for which application threads were stopped: 0.0001007 seconds, Stopping threads took: 0.0000196 seconds
2017-04-24T17:36:30.743+0800: 6680.416: Total time for which application threads were stopped: 0.0003916 seconds, Stopping threads took: 0.0000574 seconds
2017-04-24T17:36:30.744+0800: 6680.416: Total time for which application threads were stopped: 0.0002784 seconds, Stopping threads took: 0.0000327 seconds
2017-04-24T17:36:30.744+0800: 6680.416: Total time for which application threads were stopped: 0.0002418 seconds, Stopping threads took: 0.0000285 seconds
2017-04-24T17:36:30.744+0800: 6680.417: Total time for which application threads were stopped: 0.0002313 seconds, Stopping threads took: 0.0000273 seconds
2017-04-24T17:36:30.744+0800: 6680.417: Total time for which application threads were stopped: 0.0002213 seconds, Stopping threads took: 0.0000260 seconds
2017-04-24T17:36:40.442+0800: 6690.114: Total time for which application threads were stopped: 0.0001511 seconds, Stopping threads took: 0.0000308 seconds
2017-04-24T17:36:40.442+0800: 6690.114: Total time for which application threads were stopped: 0.0001219 seconds, Stopping threads took: 0.0000247 seconds
2017-04-24T17:36:40.744+0800: 6690.417: Total time for which application threads were stopped: 0.0003769 seconds, Stopping threads took: 0.0001129 seconds
2017-04-24T17:36:40.746+0800: 6690.419: Total time for which application threads were stopped: 0.0002550 seconds, Stopping threads took: 0.0000452 seconds
2017-04-24T17:36:40.746+0800: 6690.419: Total time for which application threads were stopped: 0.0002322 seconds, Stopping threads took: 0.0000443 seconds
2017-04-24T17:36:40.747+0800: 6690.419: Total time for which application threads were stopped: 0.0001620 seconds, Stopping threads took: 0.0000282 seconds
2017-04-24T17:36:40.747+0800: 6690.420: Total time for which application threads were stopped: 0.0001799 seconds, Stopping threads took: 0.0000266 seconds
2017-04-24T17:36:40.748+0800: 6690.420: Total time for which application threads were stopped: 0.0004894 seconds, Stopping threads took: 0.0000260 seconds
2017-04-24T17:36:40.758+0800: 6690.431: Total time for which application threads were stopped: 0.0002951 seconds, Stopping threads took: 0.0000821 seconds
2017-04-24T17:36:50.436+0800: 6700.108: Total time for which application threads were stopped: 0.0001424 seconds, Stopping threads took: 0.0000276 seconds
2017-04-24T17:36:50.436+0800: 6700.109: Total time for which application threads were stopped: 0.0000988 seconds, Stopping threads took: 0.0000167 seconds
2017-04-24T17:36:50.771+0800: 6700.443: Total time for which application threads were stopped: 0.0002752 seconds, Stopping threads took: 0.0000632 seconds
2017-04-24T17:36:50.783+0800: 6700.455: Total time for which application threads were stopped: 0.0002672 seconds, Stopping threads took: 0.0000529 seconds
2017-04-24T17:37:00.440+0800: 6710.112: Total time for which application threads were stopped: 0.0002858 seconds, Stopping threads took: 0.0000629 seconds
2017-04-24T17:37:00.441+0800: 6710.113: Total time for which application threads were stopped: 0.0002050 seconds, Stopping threads took: 0.0000395 seconds
2017-04-24T17:37:00.731+0800: 6710.403: Total time for which application threads were stopped: 0.0003073 seconds, Stopping threads took: 0.0000529 seconds
2017-04-24T17:37:00.731+0800: 6710.403: Total time for which application threads were stopped: 0.0002543 seconds, Stopping threads took: 0.0000497 seconds
2017-04-24T17:37:00.731+0800: 6710.404: Total time for which application threads were stopped: 0.0002232 seconds, Stopping threads took: 0.0000427 seconds
2017-04-24T17:37:00.732+0800: 6710.404: Total time for which application threads were stopped: 0.0001655 seconds, Stopping threads took: 0.0000266 seconds
2017-04-24T17:37:00.732+0800: 6710.404: Total time for which application threads were stopped: 0.0002078 seconds, Stopping threads took: 0.0000398 seconds
2017-04-24T17:37:00.741+0800: 6710.413: Total time for which application threads were stopped: 0.0002037 seconds, Stopping threads took: 0.0000407 seconds
2017-04-24T17:37:10.416+0800: 6720.088: Total time for which application threads were stopped: 0.0001004 seconds, Stopping threads took: 0.0000221 seconds
2017-04-24T17:37:10.416+0800: 6720.089: Total time for which application threads were stopped: 0.0000600 seconds, Stopping threads took: 0.0000119 seconds
2017-04-24T17:37:10.740+0800: 6720.413: Total time for which application threads were stopped: 0.0002383 seconds, Stopping threads took: 0.0000475 seconds
2017-04-24T17:37:10.740+0800: 6720.413: Total time for which application threads were stopped: 0.0001998 seconds, Stopping threads took: 0.0000266 seconds
2017-04-24T17:37:10.740+0800: 6720.413: Total time for which application threads were stopped: 0.0002107 seconds, Stopping threads took: 0.0000430 seconds
2017-04-24T17:37:10.741+0800: 6720.413: Total time for which application threads were stopped: 0.0001963 seconds, Stopping threads took: 0.0000404 seconds
2017-04-24T17:37:10.741+0800: 6720.414: Total time for which application threads were stopped: 0.0001549 seconds, Stopping threads took: 0.0000305 seconds
2017-04-24T17:37:10.751+0800: 6720.424: Total time for which application threads were stopped: 0.0002348 seconds, Stopping threads took: 0.0000433 seconds
2017-04-24T17:37:12.752+0800: 6722.424: Total time for which application threads were stopped: 0.0002069 seconds, Stopping threads took: 0.0000555 seconds
2017-04-24T17:37:20.423+0800: 6730.095: Total time for which application threads were stopped: 0.0001790 seconds, Stopping threads took: 0.0000356 seconds
2017-04-24T17:37:20.423+0800: 6730.096: Total time for which application threads were stopped: 0.0001257 seconds, Stopping threads took: 0.0000241 seconds
2017-04-24T17:37:20.800+0800: 6730.473: Total time for which application threads were stopped: 0.0003300 seconds, Stopping threads took: 0.0001084 seconds
2017-04-24T17:37:20.801+0800: 6730.474: Total time for which application threads were stopped: 0.0001790 seconds, Stopping threads took: 0.0000471 seconds
2017-04-24T17:37:20.802+0800: 6730.475: Total time for which application threads were stopped: 0.0002306 seconds, Stopping threads took: 0.0000446 seconds
2017-04-24T17:37:20.802+0800: 6730.475: Total time for which application threads were stopped: 0.0001440 seconds, Stopping threads took: 0.0000260 seconds
2017-04-24T17:37:20.803+0800: 6730.475: Total time for which application threads were stopped: 0.0001376 seconds, Stopping threads took: 0.0000244 seconds
2017-04-24T17:37:20.803+0800: 6730.475: Total time for which application threads were stopped: 0.0001347 seconds, Stopping threads took: 0.0000244 seconds
2017-04-24T17:37:20.803+0800: 6730.476: Total time for which application threads were stopped: 0.0001315 seconds, Stopping threads took: 0.0000241 seconds
2017-04-24T17:37:20.813+0800: 6730.486: Total time for which application threads were stopped: 0.0002701 seconds, Stopping threads took: 0.0000504 seconds
2017-04-24T17:37:30.426+0800: 6740.099: Total time for which application threads were stopped: 0.0001119 seconds, Stopping threads took: 0.0000212 seconds
2017-04-24T17:37:30.427+0800: 6740.099: Total time for which application threads were stopped: 0.0000478 seconds, Stopping threads took: 0.0000087 seconds
2017-04-24T17:37:30.721+0800: 6740.393: Total time for which application threads were stopped: 0.0002681 seconds, Stopping threads took: 0.0000590 seconds
2017-04-24T17:37:30.721+0800: 6740.394: Total time for which application threads were stopped: 0.0002697 seconds, Stopping threads took: 0.0000799 seconds
2017-04-24T17:37:30.723+0800: 6740.396: Total time for which application threads were stopped: 0.0005183 seconds, Stopping threads took: 0.0000465 seconds
2017-04-24T17:37:30.724+0800: 6740.396: Total time for which application threads were stopped: 0.0002229 seconds, Stopping threads took: 0.0000603 seconds
2017-04-24T17:37:30.724+0800: 6740.396: Total time for which application threads were stopped: 0.0001918 seconds, Stopping threads took: 0.0000452 seconds
2017-04-24T17:37:30.724+0800: 6740.396: Total time for which application threads were stopped: 0.0001527 seconds, Stopping threads took: 0.0000305 seconds
2017-04-24T17:37:30.724+0800: 6740.397: Total time for which application threads were stopped: 0.0001694 seconds, Stopping threads took: 0.0000382 seconds
2017-04-24T17:37:30.736+0800: 6740.408: Total time for which application threads were stopped: 0.0002903 seconds, Stopping threads took: 0.0000632 seconds
2017-04-24T17:37:40.439+0800: 6750.111: Total time for which application threads were stopped: 0.0002880 seconds, Stopping threads took: 0.0000706 seconds
2017-04-24T17:37:40.440+0800: 6750.112: Total time for which application threads were stopped: 0.0002220 seconds, Stopping threads took: 0.0000488 seconds
2017-04-24T17:37:40.738+0800: 6750.410: Total time for which application threads were stopped: 0.0002774 seconds, Stopping threads took: 0.0000545 seconds
2017-04-24T17:37:40.738+0800: 6750.410: Total time for which application threads were stopped: 0.0001969 seconds, Stopping threads took: 0.0000674 seconds
2017-04-24T17:37:40.739+0800: 6750.412: Total time for which application threads were stopped: 0.0001594 seconds, Stopping threads took: 0.0000334 seconds
2017-04-24T17:37:40.739+0800: 6750.412: Total time for which application threads were stopped: 0.0001350 seconds, Stopping threads took: 0.0000247 seconds
2017-04-24T17:37:40.740+0800: 6750.412: Total time for which application threads were stopped: 0.0001370 seconds, Stopping threads took: 0.0000244 seconds
2017-04-24T17:37:40.740+0800: 6750.412: Total time for which application threads were stopped: 0.0001318 seconds, Stopping threads took: 0.0000241 seconds
2017-04-24T17:37:40.749+0800: 6750.422: Total time for which application threads were stopped: 0.0002159 seconds, Stopping threads took: 0.0000423 seconds
2017-04-24T17:37:50.437+0800: 6760.110: Total time for which application threads were stopped: 0.0004869 seconds, Stopping threads took: 0.0000552 seconds
2017-04-24T17:37:50.438+0800: 6760.111: Total time for which application threads were stopped: 0.0002717 seconds, Stopping threads took: 0.0000237 seconds
2017-04-24T17:37:50.739+0800: 6760.411: Total time for which application threads were stopped: 0.0002691 seconds, Stopping threads took: 0.0000526 seconds
2017-04-24T17:37:50.739+0800: 6760.411: Total time for which application threads were stopped: 0.0002434 seconds, Stopping threads took: 0.0000449 seconds
2017-04-24T17:37:50.739+0800: 6760.412: Total time for which application threads were stopped: 0.0001427 seconds, Stopping threads took: 0.0000250 seconds
2017-04-24T17:37:50.739+0800: 6760.412: Total time for which application threads were stopped: 0.0001325 seconds, Stopping threads took: 0.0000237 seconds
2017-04-24T17:37:50.740+0800: 6760.412: Total time for which application threads were stopped: 0.0004561 seconds, Stopping threads took: 0.0000253 seconds
2017-04-24T17:37:50.750+0800: 6760.422: Total time for which application threads were stopped: 0.0002685 seconds, Stopping threads took: 0.0000507 seconds
{Heap before GC invocations=64 (full 2):
 par new generation   total 109248K, used 91432K [0x00000000e0000000, 0x00000000e8000000, 0x00000000e8000000)
  eden space 87424K,  99% used [0x00000000e0000000, 0x00000000e54eb290, 0x00000000e5560000)
  from space 21824K,  20% used [0x00000000e5560000, 0x00000000e59bf0e0, 0x00000000e6ab0000)
  to   space 21824K,   0% used [0x00000000e6ab0000, 0x00000000e6ab0000, 0x00000000e8000000)
 concurrent mark-sweep generation total 393216K, used 18274K [0x00000000e8000000, 0x0000000100000000, 0x0000000100000000)
 Metaspace       used 42659K, capacity 43480K, committed 43800K, reserved 1087488K
  class space    used 4601K, capacity 4830K, committed 4940K, reserved 1048576K
2017-04-24T17:38:00.436+0800: 6770.109: [GC (Allocation Failure) 2017-04-24T17:38:00.436+0800: 6770.109: [ParNew
Desired survivor size 20112992 bytes, new threshold 8 (max 8)
- age   1:    2823376 bytes,    2823376 total
- age   2:     693880 bytes,    3517256 total
- age   3:      70992 bytes,    3588248 total
- age   4:      13632 bytes,    3601880 total
- age   5:      12840 bytes,    3614720 total
- age   6:      11384 bytes,    3626104 total
- age   7:      15768 bytes,    3641872 total
- age   8:      14256 bytes,    3656128 total
: 91432K->5106K(109248K), 0.0120470 secs] 109707K->23392K(502464K), 0.0122452 secs] [Times: user=0.02 sys=0.00, real=0.01 secs] 
Heap after GC invocations=65 (full 2):
 par new generation   total 109248K, used 5106K [0x00000000e0000000, 0x00000000e8000000, 0x00000000e8000000)
  eden space 87424K,   0% used [0x00000000e0000000, 0x00000000e0000000, 0x00000000e5560000)
  from space 21824K,  23% used [0x00000000e6ab0000, 0x00000000e6fac8b0, 0x00000000e8000000)
  to   space 21824K,   0% used [0x00000000e5560000, 0x00000000e5560000, 0x00000000e6ab0000)
 concurrent mark-sweep generation total 393216K, used 18286K [0x00000000e8000000, 0x0000000100000000, 0x0000000100000000)
 Metaspace       used 42659K, capacity 43480K, committed 43800K, reserved 1087488K
  class space    used 4601K, capacity 4830K, committed 4940K, reserved 1048576K
}
2017-04-24T17:38:00.448+0800: 6770.121: Total time for which application threads were stopped: 0.0128213 seconds, Stopping threads took: 0.0000590 seconds
2017-04-24T17:38:00.449+0800: 6770.122: Total time for which application threads were stopped: 0.0005074 seconds, Stopping threads took: 0.0001232 seconds
2017-04-24T17:38:00.450+0800: 6770.122: Total time for which application threads were stopped: 0.0003698 seconds, Stopping threads took: 0.0000779 seconds
2017-04-24T17:38:00.450+0800: 6770.123: Total time for which application threads were stopped: 0.0002226 seconds, Stopping threads took: 0.0000622 seconds
2017-04-24T17:38:00.451+0800: 6770.123: Total time for which application threads were stopped: 0.0001989 seconds, Stopping threads took: 0.0000625 seconds
2017-04-24T17:38:00.451+0800: 6770.123: Total time for which application threads were stopped: 0.0000895 seconds, Stopping threads took: 0.0000276 seconds
2017-04-24T17:38:00.451+0800: 6770.124: Total time for which application threads were stopped: 0.0000770 seconds, Stopping threads took: 0.0000244 seconds
2017-04-24T17:38:00.451+0800: 6770.124: Total time for which application threads were stopped: 0.0001004 seconds, Stopping threads took: 0.0000257 seconds
2017-04-24T17:38:00.451+0800: 6770.124: Total time for which application threads were stopped: 0.0000629 seconds, Stopping threads took: 0.0000135 seconds
2017-04-24T17:38:00.451+0800: 6770.124: Total time for which application threads were stopped: 0.0001334 seconds, Stopping threads took: 0.0000282 seconds
2017-04-24T17:38:00.452+0800: 6770.124: Total time for which application threads were stopped: 0.0001049 seconds, Stopping threads took: 0.0000170 seconds
2017-04-24T17:38:00.452+0800: 6770.124: Total time for which application threads were stopped: 0.0001004 seconds, Stopping threads took: 0.0000138 seconds
2017-04-24T17:38:00.452+0800: 6770.125: Total time for which application threads were stopped: 0.0000632 seconds, Stopping threads took: 0.0000122 seconds
2017-04-24T17:38:00.452+0800: 6770.125: Total time for which application threads were stopped: 0.0000715 seconds, Stopping threads took: 0.0000144 seconds
2017-04-24T17:38:00.452+0800: 6770.125: Total time for which application threads were stopped: 0.0000625 seconds, Stopping threads took: 0.0000132 seconds
2017-04-24T17:38:00.452+0800: 6770.125: Total time for which application threads were stopped: 0.0000709 seconds, Stopping threads took: 0.0000205 seconds
2017-04-24T17:38:00.452+0800: 6770.125: Total time for which application threads were stopped: 0.0000718 seconds, Stopping threads took: 0.0000212 seconds
2017-04-24T17:38:00.453+0800: 6770.125: Total time for which application threads were stopped: 0.0001228 seconds, Stopping threads took: 0.0000247 seconds
2017-04-24T17:38:00.453+0800: 6770.125: Total time for which application threads were stopped: 0.0001248 seconds, Stopping threads took: 0.0000282 seconds
2017-04-24T17:38:00.453+0800: 6770.126: Total time for which application threads were stopped: 0.0000741 seconds, Stopping threads took: 0.0000253 seconds
2017-04-24T17:38:00.453+0800: 6770.126: Total time for which application threads were stopped: 0.0000747 seconds, Stopping threads took: 0.0000225 seconds
2017-04-24T17:38:00.453+0800: 6770.126: Total time for which application threads were stopped: 0.0000837 seconds, Stopping threads took: 0.0000266 seconds
2017-04-24T17:38:00.453+0800: 6770.126: Total time for which application threads were stopped: 0.0000892 seconds, Stopping threads took: 0.0000298 seconds
2017-04-24T17:38:00.768+0800: 6770.441: Total time for which application threads were stopped: 0.0003050 seconds, Stopping threads took: 0.0000651 seconds
2017-04-24T17:38:00.769+0800: 6770.442: Total time for which application threads were stopped: 0.0002656 seconds, Stopping threads took: 0.0000545 seconds
2017-04-24T17:38:00.770+0800: 6770.443: Total time for which application threads were stopped: 0.0002819 seconds, Stopping threads took: 0.0000321 seconds
2017-04-24T17:38:00.782+0800: 6770.454: Total time for which application threads were stopped: 0.0002069 seconds, Stopping threads took: 0.0000391 seconds
2017-04-24T17:38:10.408+0800: 6780.080: Total time for which application threads were stopped: 0.0004455 seconds, Stopping threads took: 0.0000510 seconds
2017-04-24T17:38:10.439+0800: 6780.112: Total time for which application threads were stopped: 0.0002627 seconds, Stopping threads took: 0.0000593 seconds
2017-04-24T17:38:10.440+0800: 6780.113: Total time for which application threads were stopped: 0.0001726 seconds, Stopping threads took: 0.0000375 seconds
2017-04-24T17:38:10.749+0800: 6780.422: Total time for which application threads were stopped: 0.0003413 seconds, Stopping threads took: 0.0000908 seconds
2017-04-24T17:38:10.749+0800: 6780.422: Total time for which application threads were stopped: 0.0002117 seconds, Stopping threads took: 0.0000776 seconds
2017-04-24T17:38:10.751+0800: 6780.424: Total time for which application threads were stopped: 0.0002216 seconds, Stopping threads took: 0.0000452 seconds
2017-04-24T17:38:10.751+0800: 6780.424: Total time for which application threads were stopped: 0.0003166 seconds, Stopping threads took: 0.0001610 seconds
2017-04-24T17:38:10.752+0800: 6780.424: Total time for which application threads were stopped: 0.0001783 seconds, Stopping threads took: 0.0000292 seconds
2017-04-24T17:38:10.752+0800: 6780.424: Total time for which application threads were stopped: 0.0001434 seconds, Stopping threads took: 0.0000260 seconds
2017-04-24T17:38:10.752+0800: 6780.425: Total time for which application threads were stopped: 0.0001341 seconds, Stopping threads took: 0.0000241 seconds
2017-04-24T17:38:10.763+0800: 6780.436: Total time for which application threads were stopped: 0.0005748 seconds, Stopping threads took: 0.0000526 seconds
2017-04-24T17:38:20.435+0800: 6790.108: Total time for which application threads were stopped: 0.0001748 seconds, Stopping threads took: 0.0000411 seconds
2017-04-24T17:38:20.436+0800: 6790.108: Total time for which application threads were stopped: 0.0000847 seconds, Stopping threads took: 0.0000173 seconds
2017-04-24T17:38:20.757+0800: 6790.430: Total time for which application threads were stopped: 0.0002390 seconds, Stopping threads took: 0.0000869 seconds
2017-04-24T17:38:20.757+0800: 6790.430: Total time for which application threads were stopped: 0.0003958 seconds, Stopping threads took: 0.0002964 seconds
2017-04-24T17:38:20.758+0800: 6790.430: Total time for which application threads were stopped: 0.0001645 seconds, Stopping threads took: 0.0000423 seconds
2017-04-24T17:38:20.758+0800: 6790.431: Total time for which application threads were stopped: 0.0000972 seconds, Stopping threads took: 0.0000192 seconds
2017-04-24T17:38:20.758+0800: 6790.431: Total time for which application threads were stopped: 0.0001004 seconds, Stopping threads took: 0.0000221 seconds
2017-04-24T17:38:20.759+0800: 6790.431: Total time for which application threads were stopped: 0.0000856 seconds, Stopping threads took: 0.0000160 seconds
2017-04-24T17:38:20.759+0800: 6790.431: Total time for which application threads were stopped: 0.0000824 seconds, Stopping threads took: 0.0000151 seconds
2017-04-24T17:38:20.759+0800: 6790.431: Total time for which application threads were stopped: 0.0000821 seconds, Stopping threads took: 0.0000151 seconds
2017-04-24T17:38:30.432+0800: 6800.105: Total time for which application threads were stopped: 0.0001556 seconds, Stopping threads took: 0.0000305 seconds
2017-04-24T17:38:30.433+0800: 6800.105: Total time for which application threads were stopped: 0.0001161 seconds, Stopping threads took: 0.0000205 seconds
2017-04-24T17:38:30.769+0800: 6800.441: Total time for which application threads were stopped: 0.0002729 seconds, Stopping threads took: 0.0000609 seconds
2017-04-24T17:38:30.769+0800: 6800.442: Total time for which application threads were stopped: 0.0002011 seconds, Stopping threads took: 0.0000548 seconds
2017-04-24T17:38:30.769+0800: 6800.442: Total time for which application threads were stopped: 0.0001597 seconds, Stopping threads took: 0.0000324 seconds
2017-04-24T17:38:30.770+0800: 6800.443: Total time for which application threads were stopped: 0.0001623 seconds, Stopping threads took: 0.0000330 seconds
2017-04-24T17:38:30.771+0800: 6800.443: Total time for which application threads were stopped: 0.0002200 seconds, Stopping threads took: 0.0000452 seconds
2017-04-24T17:38:30.771+0800: 6800.444: Total time for which application threads were stopped: 0.0001447 seconds, Stopping threads took: 0.0000269 seconds
2017-04-24T17:38:30.771+0800: 6800.444: Total time for which application threads were stopped: 0.0001886 seconds, Stopping threads took: 0.0000398 seconds
2017-04-24T17:38:30.771+0800: 6800.444: Total time for which application threads were stopped: 0.0001511 seconds, Stopping threads took: 0.0000305 seconds
2017-04-24T17:38:40.440+0800: 6810.113: Total time for which application threads were stopped: 0.0002864 seconds, Stopping threads took: 0.0000597 seconds
2017-04-24T17:38:40.441+0800: 6810.114: Total time for which application threads were stopped: 0.0001286 seconds, Stopping threads took: 0.0000221 seconds
2017-04-24T17:38:40.761+0800: 6810.434: Total time for which application threads were stopped: 0.0002848 seconds, Stopping threads took: 0.0000664 seconds
2017-04-24T17:38:40.762+0800: 6810.434: Total time for which application threads were stopped: 0.0002354 seconds, Stopping threads took: 0.0000699 seconds
2017-04-24T17:38:40.762+0800: 6810.435: Total time for which application threads were stopped: 0.0002386 seconds, Stopping threads took: 0.0000956 seconds
2017-04-24T17:38:40.763+0800: 6810.436: Total time for which application threads were stopped: 0.0002239 seconds, Stopping threads took: 0.0000382 seconds
2017-04-24T17:38:40.763+0800: 6810.436: Total time for which application threads were stopped: 0.0001572 seconds, Stopping threads took: 0.0000269 seconds
2017-04-24T17:38:40.763+0800: 6810.436: Total time for which application threads were stopped: 0.0001414 seconds, Stopping threads took: 0.0000247 seconds
2017-04-24T17:38:40.764+0800: 6810.436: Total time for which application threads were stopped: 0.0001402 seconds, Stopping threads took: 0.0000257 seconds
2017-04-24T17:38:40.764+0800: 6810.437: Total time for which application threads were stopped: 0.0001376 seconds, Stopping threads took: 0.0000247 seconds
2017-04-24T17:38:50.436+0800: 6820.109: Total time for which application threads were stopped: 0.0001414 seconds, Stopping threads took: 0.0000269 seconds
2017-04-24T17:38:50.437+0800: 6820.110: Total time for which application threads were stopped: 0.0001196 seconds, Stopping threads took: 0.0000228 seconds
2017-04-24T17:38:50.739+0800: 6820.411: Total time for which application threads were stopped: 0.0002713 seconds, Stopping threads took: 0.0000600 seconds
2017-04-24T17:38:50.739+0800: 6820.412: Total time for which application threads were stopped: 0.0002787 seconds, Stopping threads took: 0.0000693 seconds
2017-04-24T17:38:50.740+0800: 6820.412: Total time for which application threads were stopped: 0.0002357 seconds, Stopping threads took: 0.0000510 seconds
2017-04-24T17:38:50.741+0800: 6820.413: Total time for which application threads were stopped: 0.0002030 seconds, Stopping threads took: 0.0000395 seconds
2017-04-24T17:38:50.741+0800: 6820.414: Total time for which application threads were stopped: 0.0002213 seconds, Stopping threads took: 0.0000638 seconds
2017-04-24T17:38:50.741+0800: 6820.414: Total time for which application threads were stopped: 0.0001831 seconds, Stopping threads took: 0.0000452 seconds
2017-04-24T17:38:50.742+0800: 6820.414: Total time for which application threads were stopped: 0.0001982 seconds, Stopping threads took: 0.0000395 seconds
2017-04-24T17:38:50.742+0800: 6820.414: Total time for which application threads were stopped: 0.0001738 seconds, Stopping threads took: 0.0000314 seconds
2017-04-24T17:39:00.439+0800: 6830.111: Total time for which application threads were stopped: 0.0002883 seconds, Stopping threads took: 0.0000548 seconds
2017-04-24T17:39:00.440+0800: 6830.112: Total time for which application threads were stopped: 0.0001892 seconds, Stopping threads took: 0.0000337 seconds
2017-04-24T17:39:00.812+0800: 6830.485: Total time for which application threads were stopped: 0.0003862 seconds, Stopping threads took: 0.0001081 seconds
2017-04-24T17:39:00.813+0800: 6830.485: Total time for which application threads were stopped: 0.0003050 seconds, Stopping threads took: 0.0001030 seconds
2017-04-24T17:39:00.813+0800: 6830.485: Total time for which application threads were stopped: 0.0002784 seconds, Stopping threads took: 0.0000876 seconds
2017-04-24T17:39:00.814+0800: 6830.487: Total time for which application threads were stopped: 0.0001584 seconds, Stopping threads took: 0.0000301 seconds
2017-04-24T17:39:00.814+0800: 6830.487: Total time for which application threads were stopped: 0.0001411 seconds, Stopping threads took: 0.0000250 seconds
2017-04-24T17:39:00.815+0800: 6830.487: Total time for which application threads were stopped: 0.0001366 seconds, Stopping threads took: 0.0000241 seconds
2017-04-24T17:39:00.815+0800: 6830.487: Total time for which application threads were stopped: 0.0001867 seconds, Stopping threads took: 0.0000337 seconds
2017-04-24T17:39:00.815+0800: 6830.488: Total time for which application threads were stopped: 0.0004721 seconds, Stopping threads took: 0.0000282 seconds
2017-04-24T17:39:10.440+0800: 6840.112: Total time for which application threads were stopped: 0.0002704 seconds, Stopping threads took: 0.0000555 seconds
2017-04-24T17:39:10.441+0800: 6840.113: Total time for which application threads were stopped: 0.0001761 seconds, Stopping threads took: 0.0000330 seconds
2017-04-24T17:39:10.766+0800: 6840.439: Total time for which application threads were stopped: 0.0002835 seconds, Stopping threads took: 0.0000648 seconds
2017-04-24T17:39:10.767+0800: 6840.439: Total time for which application threads were stopped: 0.0003191 seconds, Stopping threads took: 0.0000959 seconds
2017-04-24T17:39:10.767+0800: 6840.439: Total time for which application threads were stopped: 0.0001957 seconds, Stopping threads took: 0.0000411 seconds
2017-04-24T17:39:10.768+0800: 6840.441: Total time for which application threads were stopped: 0.0002059 seconds, Stopping threads took: 0.0000388 seconds
2017-04-24T17:39:20.434+0800: 6850.107: Total time for which application threads were stopped: 0.0001597 seconds, Stopping threads took: 0.0000308 seconds
2017-04-24T17:39:20.435+0800: 6850.107: Total time for which application threads were stopped: 0.0001110 seconds, Stopping threads took: 0.0000186 seconds
2017-04-24T17:39:20.724+0800: 6850.396: Total time for which application threads were stopped: 0.0001020 seconds, Stopping threads took: 0.0000225 seconds
2017-04-24T17:39:20.724+0800: 6850.397: Total time for which application threads were stopped: 0.0000811 seconds, Stopping threads took: 0.0000266 seconds
2017-04-24T17:39:20.724+0800: 6850.397: Total time for which application threads were stopped: 0.0000597 seconds, Stopping threads took: 0.0000176 seconds
2017-04-24T17:39:20.725+0800: 6850.397: Total time for which application threads were stopped: 0.0000734 seconds, Stopping threads took: 0.0000115 seconds
2017-04-24T17:39:20.725+0800: 6850.397: Total time for which application threads were stopped: 0.0000571 seconds, Stopping threads took: 0.0000109 seconds
2017-04-24T17:39:20.725+0800: 6850.397: Total time for which application threads were stopped: 0.0000702 seconds, Stopping threads took: 0.0000099 seconds
2017-04-24T17:39:20.725+0800: 6850.397: Total time for which application threads were stopped: 0.0000433 seconds, Stopping threads took: 0.0000074 seconds
2017-04-24T17:39:20.725+0800: 6850.397: Total time for which application threads were stopped: 0.0000475 seconds, Stopping threads took: 0.0000090 seconds
2017-04-24T17:39:30.440+0800: 6860.112: Total time for which application threads were stopped: 0.0002710 seconds, Stopping threads took: 0.0000552 seconds
2017-04-24T17:39:30.441+0800: 6860.113: Total time for which application threads were stopped: 0.0001931 seconds, Stopping threads took: 0.0000330 seconds
2017-04-24T17:39:30.814+0800: 6860.487: Total time for which application threads were stopped: 0.0003130 seconds, Stopping threads took: 0.0000856 seconds
2017-04-24T17:39:30.815+0800: 6860.487: Total time for which application threads were stopped: 0.0002017 seconds, Stopping threads took: 0.0000452 seconds
2017-04-24T17:39:30.815+0800: 6860.488: Total time for which application threads were stopped: 0.0003935 seconds, Stopping threads took: 0.0000850 seconds
2017-04-24T17:39:30.816+0800: 6860.489: Total time for which application threads were stopped: 0.0001658 seconds, Stopping threads took: 0.0000301 seconds
2017-04-24T17:39:30.816+0800: 6860.489: Total time for which application threads were stopped: 0.0001524 seconds, Stopping threads took: 0.0000253 seconds
2017-04-24T17:39:30.817+0800: 6860.489: Total time for which application threads were stopped: 0.0001418 seconds, Stopping threads took: 0.0000253 seconds
2017-04-24T17:39:30.817+0800: 6860.489: Total time for which application threads were stopped: 0.0001392 seconds, Stopping threads took: 0.0000250 seconds
2017-04-24T17:39:30.817+0800: 6860.490: Total time for which application threads were stopped: 0.0001584 seconds, Stopping threads took: 0.0000257 seconds
{Heap before GC invocations=65 (full 2):
 par new generation   total 109248K, used 92194K [0x00000000e0000000, 0x00000000e8000000, 0x00000000e8000000)
  eden space 87424K,  99% used [0x00000000e0000000, 0x00000000e550c1f8, 0x00000000e5560000)
  from space 21824K,  23% used [0x00000000e6ab0000, 0x00000000e6fac8b0, 0x00000000e8000000)
  to   space 21824K,   0% used [0x00000000e5560000, 0x00000000e5560000, 0x00000000e6ab0000)
 concurrent mark-sweep generation total 393216K, used 18286K [0x00000000e8000000, 0x0000000100000000, 0x0000000100000000)
 Metaspace       used 42659K, capacity 43480K, committed 43800K, reserved 1087488K
  class space    used 4601K, capacity 4830K, committed 4940K, reserved 1048576K
2017-04-24T17:39:40.438+0800: 6870.110: [GC (Allocation Failure) 2017-04-24T17:39:40.438+0800: 6870.110: [ParNew
Desired survivor size 20112992 bytes, new threshold 8 (max 8)
- age   1:    2829840 bytes,    2829840 total
- age   2:     695104 bytes,    3524944 total
- age   3:      68392 bytes,    3593336 total
- age   4:      15608 bytes,    3608944 total
- age   5:      12480 bytes,    3621424 total
- age   6:      12840 bytes,    3634264 total
- age   7:      11408 bytes,    3645672 total
- age   8:      15768 bytes,    3661440 total
: 92194K->5362K(109248K), 0.0074056 secs] 110481K->23663K(502464K), 0.0075598 secs] [Times: user=0.06 sys=0.00, real=0.01 secs] 
Heap after GC invocations=66 (full 2):
 par new generation   total 109248K, used 5362K [0x00000000e0000000, 0x00000000e8000000, 0x00000000e8000000)
  eden space 87424K,   0% used [0x00000000e0000000, 0x00000000e0000000, 0x00000000e5560000)
  from space 21824K,  24% used [0x00000000e5560000, 0x00000000e5a9cba0, 0x00000000e6ab0000)
  to   space 21824K,   0% used [0x00000000e6ab0000, 0x00000000e6ab0000, 0x00000000e8000000)
 concurrent mark-sweep generation total 393216K, used 18300K [0x00000000e8000000, 0x0000000100000000, 0x0000000100000000)
 Metaspace       used 42659K, capacity 43480K, committed 43800K, reserved 1087488K
  class space    used 4601K, capacity 4830K, committed 4940K, reserved 1048576K
}
2017-04-24T17:39:40.445+0800: 6870.118: Total time for which application threads were stopped: 0.0080345 seconds, Stopping threads took: 0.0000577 seconds
2017-04-24T17:39:40.445+0800: 6870.118: Total time for which application threads were stopped: 0.0001613 seconds, Stopping threads took: 0.0000497 seconds
2017-04-24T17:39:40.446+0800: 6870.118: Total time for which application threads were stopped: 0.0001379 seconds, Stopping threads took: 0.0000372 seconds
2017-04-24T17:39:40.446+0800: 6870.119: Total time for which application threads were stopped: 0.0002290 seconds, Stopping threads took: 0.0000587 seconds
2017-04-24T17:39:40.446+0800: 6870.119: Total time for which application threads were stopped: 0.0002120 seconds, Stopping threads took: 0.0000654 seconds
2017-04-24T17:39:40.447+0800: 6870.119: Total time for which application threads were stopped: 0.0001010 seconds, Stopping threads took: 0.0000228 seconds
2017-04-24T17:39:40.447+0800: 6870.120: Total time for which application threads were stopped: 0.0001078 seconds, Stopping threads took: 0.0000327 seconds
2017-04-24T17:39:40.447+0800: 6870.120: Total time for which application threads were stopped: 0.0000998 seconds, Stopping threads took: 0.0000314 seconds
2017-04-24T17:39:40.448+0800: 6870.120: Total time for which application threads were stopped: 0.0000930 seconds, Stopping threads took: 0.0000318 seconds
2017-04-24T17:39:40.448+0800: 6870.120: Total time for which application threads were stopped: 0.0001100 seconds, Stopping threads took: 0.0000337 seconds
2017-04-24T17:39:40.448+0800: 6870.120: Total time for which application threads were stopped: 0.0000978 seconds, Stopping threads took: 0.0000350 seconds
2017-04-24T17:39:40.448+0800: 6870.121: Total time for which application threads were stopped: 0.0000837 seconds, Stopping threads took: 0.0000276 seconds
2017-04-24T17:39:40.448+0800: 6870.121: Total time for which application threads were stopped: 0.0000882 seconds, Stopping threads took: 0.0000289 seconds
2017-04-24T17:39:40.449+0800: 6870.121: Total time for which application threads were stopped: 0.0000895 seconds, Stopping threads took: 0.0000273 seconds
2017-04-24T17:39:40.449+0800: 6870.121: Total time for which application threads were stopped: 0.0000911 seconds, Stopping threads took: 0.0000292 seconds
2017-04-24T17:39:40.449+0800: 6870.121: Total time for which application threads were stopped: 0.0000773 seconds, Stopping threads took: 0.0000221 seconds
2017-04-24T17:39:40.449+0800: 6870.121: Total time for which application threads were stopped: 0.0000786 seconds, Stopping threads took: 0.0000244 seconds
2017-04-24T17:39:40.449+0800: 6870.122: Total time for which application threads were stopped: 0.0001241 seconds, Stopping threads took: 0.0000228 seconds
2017-04-24T17:39:40.449+0800: 6870.122: Total time for which application threads were stopped: 0.0001135 seconds, Stopping threads took: 0.0000215 seconds
2017-04-24T17:39:40.450+0800: 6870.122: Total time for which application threads were stopped: 0.0002422 seconds, Stopping threads took: 0.0000282 seconds
2017-04-24T17:39:40.450+0800: 6870.122: Total time for which application threads were stopped: 0.0001931 seconds, Stopping threads took: 0.0000144 seconds
2017-04-24T17:39:40.450+0800: 6870.123: Total time for which application threads were stopped: 0.0000648 seconds, Stopping threads took: 0.0000122 seconds
2017-04-24T17:39:40.451+0800: 6870.123: Total time for which application threads were stopped: 0.0000667 seconds, Stopping threads took: 0.0000125 seconds
2017-04-24T17:39:40.754+0800: 6870.426: Total time for which application threads were stopped: 0.0002877 seconds, Stopping threads took: 0.0000622 seconds
2017-04-24T17:39:40.755+0800: 6870.428: Total time for which application threads were stopped: 0.0002556 seconds, Stopping threads took: 0.0000494 seconds
2017-04-24T17:39:40.756+0800: 6870.428: Total time for which application threads were stopped: 0.0002406 seconds, Stopping threads took: 0.0000475 seconds
2017-04-24T17:39:40.756+0800: 6870.428: Total time for which application threads were stopped: 0.0002104 seconds, Stopping threads took: 0.0000548 seconds
2017-04-24T17:39:40.756+0800: 6870.429: Total time for which application threads were stopped: 0.0003146 seconds, Stopping threads took: 0.0001366 seconds
2017-04-24T17:39:40.757+0800: 6870.429: Total time for which application threads were stopped: 0.0001918 seconds, Stopping threads took: 0.0000356 seconds
2017-04-24T17:39:50.436+0800: 6880.109: Total time for which application threads were stopped: 0.0002091 seconds, Stopping threads took: 0.0000443 seconds
2017-04-24T17:39:50.437+0800: 6880.109: Total time for which application threads were stopped: 0.0001463 seconds, Stopping threads took: 0.0000260 seconds
2017-04-24T17:39:50.798+0800: 6880.471: Total time for which application threads were stopped: 0.0002839 seconds, Stopping threads took: 0.0000542 seconds
2017-04-24T17:39:50.799+0800: 6880.471: Total time for which application threads were stopped: 0.0002592 seconds, Stopping threads took: 0.0000706 seconds
2017-04-24T17:39:50.799+0800: 6880.471: Total time for which application threads were stopped: 0.0001687 seconds, Stopping threads took: 0.0000417 seconds
2017-04-24T17:39:50.800+0800: 6880.473: Total time for which application threads were stopped: 0.0001655 seconds, Stopping threads took: 0.0000285 seconds
2017-04-24T17:39:50.800+0800: 6880.473: Total time for which application threads were stopped: 0.0001482 seconds, Stopping threads took: 0.0000237 seconds
2017-04-24T17:39:50.801+0800: 6880.473: Total time for which application threads were stopped: 0.0001479 seconds, Stopping threads took: 0.0000247 seconds
2017-04-24T17:39:50.801+0800: 6880.473: Total time for which application threads were stopped: 0.0001992 seconds, Stopping threads took: 0.0000340 seconds
2017-04-24T17:39:50.801+0800: 6880.473: Total time for which application threads were stopped: 0.0001924 seconds, Stopping threads took: 0.0000253 seconds
2017-04-24T17:39:50.811+0800: 6880.484: Total time for which application threads were stopped: 0.0002274 seconds, Stopping threads took: 0.0000420 seconds
2017-04-24T17:40:00.442+0800: 6890.114: Total time for which application threads were stopped: 0.0002916 seconds, Stopping threads took: 0.0000552 seconds
2017-04-24T17:40:00.443+0800: 6890.115: Total time for which application threads were stopped: 0.0002598 seconds, Stopping threads took: 0.0000491 seconds
2017-04-24T17:40:00.791+0800: 6890.464: Total time for which application threads were stopped: 0.0002746 seconds, Stopping threads took: 0.0000645 seconds
2017-04-24T17:40:00.792+0800: 6890.464: Total time for which application threads were stopped: 0.0002595 seconds, Stopping threads took: 0.0000455 seconds
2017-04-24T17:40:00.793+0800: 6890.466: Total time for which application threads were stopped: 0.0002232 seconds, Stopping threads took: 0.0000353 seconds
2017-04-24T17:40:00.793+0800: 6890.466: Total time for which application threads were stopped: 0.0002271 seconds, Stopping threads took: 0.0000411 seconds
2017-04-24T17:40:00.794+0800: 6890.466: Total time for which application threads were stopped: 0.0001738 seconds, Stopping threads took: 0.0000279 seconds
2017-04-24T17:40:00.794+0800: 6890.467: Total time for which application threads were stopped: 0.0002187 seconds, Stopping threads took: 0.0000407 seconds
2017-04-24T17:40:00.794+0800: 6890.467: Total time for which application threads were stopped: 0.0001642 seconds, Stopping threads took: 0.0000260 seconds
2017-04-24T17:40:00.804+0800: 6890.477: Total time for which application threads were stopped: 0.0002187 seconds, Stopping threads took: 0.0000411 seconds
2017-04-24T17:40:10.439+0800: 6900.112: Total time for which application threads were stopped: 0.0002620 seconds, Stopping threads took: 0.0000532 seconds
2017-04-24T17:40:10.440+0800: 6900.113: Total time for which application threads were stopped: 0.0001482 seconds, Stopping threads took: 0.0000263 seconds
2017-04-24T17:40:10.836+0800: 6900.509: Total time for which application threads were stopped: 0.0005895 seconds, Stopping threads took: 0.0002422 seconds
2017-04-24T17:40:10.837+0800: 6900.510: Total time for which application threads were stopped: 0.0004301 seconds, Stopping threads took: 0.0000840 seconds
2017-04-24T17:40:10.838+0800: 6900.511: Total time for which application threads were stopped: 0.0002184 seconds, Stopping threads took: 0.0000523 seconds
2017-04-24T17:40:10.840+0800: 6900.512: Total time for which application threads were stopped: 0.0002226 seconds, Stopping threads took: 0.0000500 seconds
2017-04-24T17:40:10.841+0800: 6900.513: Total time for which application threads were stopped: 0.0002171 seconds, Stopping threads took: 0.0000388 seconds
2017-04-24T17:40:10.841+0800: 6900.514: Total time for which application threads were stopped: 0.0001819 seconds, Stopping threads took: 0.0000378 seconds
2017-04-24T17:40:10.842+0800: 6900.514: Total time for which application threads were stopped: 0.0005299 seconds, Stopping threads took: 0.0000298 seconds
2017-04-24T17:40:10.856+0800: 6900.529: Total time for which application threads were stopped: 0.0002787 seconds, Stopping threads took: 0.0000542 seconds
2017-04-24T17:40:20.437+0800: 6910.109: Total time for which application threads were stopped: 0.0001799 seconds, Stopping threads took: 0.0000266 seconds
2017-04-24T17:40:20.438+0800: 6910.110: Total time for which application threads were stopped: 0.0001042 seconds, Stopping threads took: 0.0000205 seconds
2017-04-24T17:40:20.719+0800: 6910.391: Total time for which application threads were stopped: 0.0002733 seconds, Stopping threads took: 0.0000532 seconds
2017-04-24T17:40:20.719+0800: 6910.391: Total time for which application threads were stopped: 0.0002454 seconds, Stopping threads took: 0.0000863 seconds
2017-04-24T17:40:20.720+0800: 6910.393: Total time for which application threads were stopped: 0.0002277 seconds, Stopping threads took: 0.0000430 seconds
2017-04-24T17:40:20.733+0800: 6910.405: Total time for which application threads were stopped: 0.0001758 seconds, Stopping threads took: 0.0000327 seconds
2017-04-24T17:40:30.439+0800: 6920.112: Total time for which application threads were stopped: 0.0002887 seconds, Stopping threads took: 0.0000539 seconds
2017-04-24T17:40:30.440+0800: 6920.113: Total time for which application threads were stopped: 0.0002434 seconds, Stopping threads took: 0.0000449 seconds
2017-04-24T17:40:30.812+0800: 6920.484: Total time for which application threads were stopped: 0.0003188 seconds, Stopping threads took: 0.0000850 seconds
2017-04-24T17:40:30.812+0800: 6920.484: Total time for which application threads were stopped: 0.0002608 seconds, Stopping threads took: 0.0000898 seconds
2017-04-24T17:40:30.813+0800: 6920.486: Total time for which application threads were stopped: 0.0002168 seconds, Stopping threads took: 0.0000388 seconds
2017-04-24T17:40:30.814+0800: 6920.486: Total time for which application threads were stopped: 0.0002688 seconds, Stopping threads took: 0.0000539 seconds
2017-04-24T17:40:30.814+0800: 6920.486: Total time for which application threads were stopped: 0.0001809 seconds, Stopping threads took: 0.0000353 seconds
2017-04-24T17:40:30.814+0800: 6920.487: Total time for which application threads were stopped: 0.0002117 seconds, Stopping threads took: 0.0000465 seconds
2017-04-24T17:40:30.814+0800: 6920.487: Total time for which application threads were stopped: 0.0001652 seconds, Stopping threads took: 0.0000330 seconds
2017-04-24T17:40:30.825+0800: 6920.497: Total time for which application threads were stopped: 0.0002550 seconds, Stopping threads took: 0.0000510 seconds
2017-04-24T17:40:40.416+0800: 6930.088: Total time for which application threads were stopped: 0.0001049 seconds, Stopping threads took: 0.0000234 seconds
2017-04-24T17:40:40.416+0800: 6930.089: Total time for which application threads were stopped: 0.0000683 seconds, Stopping threads took: 0.0000115 seconds
2017-04-24T17:40:40.688+0800: 6930.361: Total time for which application threads were stopped: 0.0002861 seconds, Stopping threads took: 0.0000638 seconds
2017-04-24T17:40:40.688+0800: 6930.361: Total time for which application threads were stopped: 0.0002450 seconds, Stopping threads took: 0.0000869 seconds
2017-04-24T17:40:40.690+0800: 6930.362: Total time for which application threads were stopped: 0.0002296 seconds, Stopping threads took: 0.0000446 seconds
2017-04-24T17:40:40.690+0800: 6930.362: Total time for which application threads were stopped: 0.0001889 seconds, Stopping threads took: 0.0000266 seconds
2017-04-24T17:40:40.690+0800: 6930.363: Total time for which application threads were stopped: 0.0002053 seconds, Stopping threads took: 0.0000417 seconds
2017-04-24T17:40:40.691+0800: 6930.363: Total time for which application threads were stopped: 0.0001572 seconds, Stopping threads took: 0.0000276 seconds
2017-04-24T17:40:40.691+0800: 6930.363: Total time for which application threads were stopped: 0.0001421 seconds, Stopping threads took: 0.0000247 seconds
2017-04-24T17:40:40.701+0800: 6930.373: Total time for which application threads were stopped: 0.0002216 seconds, Stopping threads took: 0.0000439 seconds
2017-04-24T17:40:50.433+0800: 6940.106: Total time for which application threads were stopped: 0.0000972 seconds, Stopping threads took: 0.0000205 seconds
2017-04-24T17:40:50.433+0800: 6940.106: Total time for which application threads were stopped: 0.0000587 seconds, Stopping threads took: 0.0000115 seconds
2017-04-24T17:40:50.732+0800: 6940.405: Total time for which application threads were stopped: 0.0004385 seconds, Stopping threads took: 0.0000388 seconds
2017-04-24T17:40:50.733+0800: 6940.405: Total time for which application threads were stopped: 0.0004237 seconds, Stopping threads took: 0.0000609 seconds
2017-04-24T17:40:50.733+0800: 6940.406: Total time for which application threads were stopped: 0.0001703 seconds, Stopping threads took: 0.0000513 seconds
2017-04-24T17:40:50.734+0800: 6940.406: Total time for which application threads were stopped: 0.0001854 seconds, Stopping threads took: 0.0000330 seconds
2017-04-24T17:40:50.734+0800: 6940.406: Total time for which application threads were stopped: 0.0001466 seconds, Stopping threads took: 0.0000401 seconds
2017-04-24T17:40:50.734+0800: 6940.407: Total time for which application threads were stopped: 0.0001318 seconds, Stopping threads took: 0.0000324 seconds
2017-04-24T17:40:50.734+0800: 6940.407: Total time for which application threads were stopped: 0.0001219 seconds, Stopping threads took: 0.0000241 seconds
2017-04-24T17:40:50.742+0800: 6940.414: Total time for which application threads were stopped: 0.0001684 seconds, Stopping threads took: 0.0000318 seconds
2017-04-24T17:41:00.440+0800: 6950.113: Total time for which application threads were stopped: 0.0002694 seconds, Stopping threads took: 0.0000529 seconds
2017-04-24T17:41:00.441+0800: 6950.114: Total time for which application threads were stopped: 0.0002473 seconds, Stopping threads took: 0.0000488 seconds
2017-04-24T17:41:00.760+0800: 6950.433: Total time for which application threads were stopped: 0.0002893 seconds, Stopping threads took: 0.0000565 seconds
2017-04-24T17:41:00.761+0800: 6950.433: Total time for which application threads were stopped: 0.0002441 seconds, Stopping threads took: 0.0000459 seconds
2017-04-24T17:41:00.761+0800: 6950.433: Total time for which application threads were stopped: 0.0001665 seconds, Stopping threads took: 0.0000285 seconds
2017-04-24T17:41:00.761+0800: 6950.433: Total time for which application threads were stopped: 0.0002207 seconds, Stopping threads took: 0.0000260 seconds
2017-04-24T17:41:00.761+0800: 6950.434: Total time for which application threads were stopped: 0.0002091 seconds, Stopping threads took: 0.0000404 seconds
2017-04-24T17:41:00.771+0800: 6950.443: Total time for which application threads were stopped: 0.0002162 seconds, Stopping threads took: 0.0000375 seconds
2017-04-24T17:41:10.441+0800: 6960.114: Total time for which application threads were stopped: 0.0001697 seconds, Stopping threads took: 0.0000478 seconds
2017-04-24T17:41:10.441+0800: 6960.114: Total time for which application threads were stopped: 0.0001007 seconds, Stopping threads took: 0.0000298 seconds
2017-04-24T17:41:10.762+0800: 6960.434: Total time for which application threads were stopped: 0.0006287 seconds, Stopping threads took: 0.0000683 seconds
2017-04-24T17:41:10.762+0800: 6960.434: Total time for which application threads were stopped: 0.0002136 seconds, Stopping threads took: 0.0000318 seconds
2017-04-24T17:41:10.762+0800: 6960.435: Total time for which application threads were stopped: 0.0001588 seconds, Stopping threads took: 0.0000276 seconds
2017-04-24T17:41:10.763+0800: 6960.435: Total time for which application threads were stopped: 0.0001524 seconds, Stopping threads took: 0.0000257 seconds
2017-04-24T17:41:10.763+0800: 6960.435: Total time for which application threads were stopped: 0.0001456 seconds, Stopping threads took: 0.0000253 seconds
2017-04-24T17:41:10.772+0800: 6960.444: Total time for which application threads were stopped: 0.0002277 seconds, Stopping threads took: 0.0000462 seconds
{Heap before GC invocations=66 (full 2):
 par new generation   total 109248K, used 92383K [0x00000000e0000000, 0x00000000e8000000, 0x00000000e8000000)
  eden space 87424K,  99% used [0x00000000e0000000, 0x00000000e54fb120, 0x00000000e5560000)
  from space 21824K,  24% used [0x00000000e5560000, 0x00000000e5a9cba0, 0x00000000e6ab0000)
  to   space 21824K,   0% used [0x00000000e6ab0000, 0x00000000e6ab0000, 0x00000000e8000000)
 concurrent mark-sweep generation total 393216K, used 18300K [0x00000000e8000000, 0x0000000100000000, 0x0000000100000000)
 Metaspace       used 42661K, capacity 43480K, committed 43800K, reserved 1087488K
  class space    used 4601K, capacity 4830K, committed 4940K, reserved 1048576K
2017-04-24T17:41:20.433+0800: 6970.105: [GC (Allocation Failure) 2017-04-24T17:41:20.433+0800: 6970.106: [ParNew
Desired survivor size 20112992 bytes, new threshold 8 (max 8)
- age   1:    2770080 bytes,    2770080 total
- age   2:     694064 bytes,    3464144 total
- age   3:      69656 bytes,    3533800 total
- age   4:      12688 bytes,    3546488 total
- age   5:      14440 bytes,    3560928 total
- age   6:      12280 bytes,    3573208 total
- age   7:      12840 bytes,    3586048 total
- age   8:      11384 bytes,    3597432 total
: 92383K->4088K(109248K), 0.0066951 secs] 110683K->22404K(502464K), 0.0067997 secs] [Times: user=0.00 sys=0.00, real=0.01 secs] 
Heap after GC invocations=67 (full 2):
 par new generation   total 109248K, used 4088K [0x00000000e0000000, 0x00000000e8000000, 0x00000000e8000000)
  eden space 87424K,   0% used [0x00000000e0000000, 0x00000000e0000000, 0x00000000e5560000)
  from space 21824K,  18% used [0x00000000e6ab0000, 0x00000000e6eae0b0, 0x00000000e8000000)
  to   space 21824K,   0% used [0x00000000e5560000, 0x00000000e5560000, 0x00000000e6ab0000)
 concurrent mark-sweep generation total 393216K, used 18315K [0x00000000e8000000, 0x0000000100000000, 0x0000000100000000)
 Metaspace       used 42661K, capacity 43480K, committed 43800K, reserved 1087488K
  class space    used 4601K, capacity 4830K, committed 4940K, reserved 1048576K
}
2017-04-24T17:41:20.440+0800: 6970.112: Total time for which application threads were stopped: 0.0071275 seconds, Stopping threads took: 0.0000330 seconds
2017-04-24T17:41:20.442+0800: 6970.115: Total time for which application threads were stopped: 0.0001626 seconds, Stopping threads took: 0.0000314 seconds
2017-04-24T17:41:20.443+0800: 6970.115: Total time for which application threads were stopped: 0.0001219 seconds, Stopping threads took: 0.0000192 seconds
2017-04-24T17:41:20.788+0800: 6970.460: Total time for which application threads were stopped: 0.0002839 seconds, Stopping threads took: 0.0000581 seconds
2017-04-24T17:41:20.788+0800: 6970.461: Total time for which application threads were stopped: 0.0002704 seconds, Stopping threads took: 0.0000545 seconds
2017-04-24T17:41:20.789+0800: 6970.461: Total time for which application threads were stopped: 0.0003345 seconds, Stopping threads took: 0.0001594 seconds
2017-04-24T17:41:20.790+0800: 6970.463: Total time for which application threads were stopped: 0.0006380 seconds, Stopping threads took: 0.0000622 seconds
2017-04-24T17:41:20.800+0800: 6970.473: Total time for which application threads were stopped: 0.0002175 seconds, Stopping threads took: 0.0000427 seconds
2017-04-24T17:41:30.422+0800: 6980.095: Total time for which application threads were stopped: 0.0002447 seconds, Stopping threads took: 0.0000250 seconds
2017-04-24T17:41:30.423+0800: 6980.095: Total time for which application threads were stopped: 0.0001835 seconds, Stopping threads took: 0.0000151 seconds
2017-04-24T17:41:30.822+0800: 6980.495: Total time for which application threads were stopped: 0.0002688 seconds, Stopping threads took: 0.0000539 seconds
2017-04-24T17:41:30.832+0800: 6980.505: Total time for which application threads were stopped: 0.0002608 seconds, Stopping threads took: 0.0000491 seconds
2017-04-24T17:41:40.440+0800: 6990.113: Total time for which application threads were stopped: 0.0002880 seconds, Stopping threads took: 0.0000545 seconds
2017-04-24T17:41:40.441+0800: 6990.113: Total time for which application threads were stopped: 0.0001190 seconds, Stopping threads took: 0.0000218 seconds
2017-04-24T17:41:40.740+0800: 6990.413: Total time for which application threads were stopped: 0.0002633 seconds, Stopping threads took: 0.0000529 seconds
2017-04-24T17:41:40.741+0800: 6990.413: Total time for which application threads were stopped: 0.0002232 seconds, Stopping threads took: 0.0000641 seconds
2017-04-24T17:41:40.741+0800: 6990.413: Total time for which application threads were stopped: 0.0001620 seconds, Stopping threads took: 0.0000276 seconds
2017-04-24T17:41:40.741+0800: 6990.414: Total time for which application threads were stopped: 0.0001565 seconds, Stopping threads took: 0.0000282 seconds
2017-04-24T17:41:40.741+0800: 6990.414: Total time for which application threads were stopped: 0.0002396 seconds, Stopping threads took: 0.0000462 seconds
2017-04-24T17:41:40.752+0800: 6990.424: Total time for which application threads were stopped: 0.0005036 seconds, Stopping threads took: 0.0000369 seconds
2017-04-24T17:41:50.408+0800: 7000.081: Total time for which application threads were stopped: 0.0004760 seconds, Stopping threads took: 0.0000545 seconds
2017-04-24T17:41:50.759+0800: 7000.432: Total time for which application threads were stopped: 0.0003637 seconds, Stopping threads took: 0.0000555 seconds
2017-04-24T17:41:50.760+0800: 7000.432: Total time for which application threads were stopped: 0.0003339 seconds, Stopping threads took: 0.0000513 seconds
2017-04-24T17:41:50.760+0800: 7000.432: Total time for which application threads were stopped: 0.0003127 seconds, Stopping threads took: 0.0000449 seconds
2017-04-24T17:41:50.761+0800: 7000.433: Total time for which application threads were stopped: 0.0002454 seconds, Stopping threads took: 0.0000285 seconds
2017-04-24T17:41:50.761+0800: 7000.433: Total time for which application threads were stopped: 0.0002922 seconds, Stopping threads took: 0.0000414 seconds
2017-04-24T17:42:00.439+0800: 7010.111: Total time for which application threads were stopped: 0.0002633 seconds, Stopping threads took: 0.0000507 seconds
2017-04-24T17:42:00.440+0800: 7010.112: Total time for which application threads were stopped: 0.0001870 seconds, Stopping threads took: 0.0000321 seconds
2017-04-24T17:42:00.794+0800: 7010.466: Total time for which application threads were stopped: 0.0003130 seconds, Stopping threads took: 0.0000914 seconds
2017-04-24T17:42:00.795+0800: 7010.467: Total time for which application threads were stopped: 0.0002139 seconds, Stopping threads took: 0.0000388 seconds
2017-04-24T17:42:00.795+0800: 7010.468: Total time for which application threads were stopped: 0.0002386 seconds, Stopping threads took: 0.0000423 seconds
2017-04-24T17:42:00.796+0800: 7010.468: Total time for which application threads were stopped: 0.0002271 seconds, Stopping threads took: 0.0000401 seconds
2017-04-24T17:42:00.796+0800: 7010.468: Total time for which application threads were stopped: 0.0001851 seconds, Stopping threads took: 0.0000356 seconds
2017-04-24T17:42:00.796+0800: 7010.469: Total time for which application threads were stopped: 0.0001844 seconds, Stopping threads took: 0.0000395 seconds
2017-04-24T17:42:10.440+0800: 7020.112: Total time for which application threads were stopped: 0.0002880 seconds, Stopping threads took: 0.0000670 seconds
2017-04-24T17:42:10.441+0800: 7020.113: Total time for which application threads were stopped: 0.0001129 seconds, Stopping threads took: 0.0000247 seconds
2017-04-24T17:42:10.828+0800: 7020.500: Total time for which application threads were stopped: 0.0002675 seconds, Stopping threads took: 0.0000587 seconds
2017-04-24T17:42:10.829+0800: 7020.502: Total time for which application threads were stopped: 0.0002502 seconds, Stopping threads took: 0.0000471 seconds
2017-04-24T17:42:10.830+0800: 7020.502: Total time for which application threads were stopped: 0.0001742 seconds, Stopping threads took: 0.0000289 seconds
2017-04-24T17:42:10.830+0800: 7020.502: Total time for which application threads were stopped: 0.0002117 seconds, Stopping threads took: 0.0000407 seconds
2017-04-24T17:42:10.830+0800: 7020.502: Total time for which application threads were stopped: 0.0001620 seconds, Stopping threads took: 0.0000282 seconds
2017-04-24T17:42:10.830+0800: 7020.503: Total time for which application threads were stopped: 0.0001982 seconds, Stopping threads took: 0.0000401 seconds
2017-04-24T17:42:20.436+0800: 7030.108: Total time for which application threads were stopped: 0.0001790 seconds, Stopping threads took: 0.0000375 seconds
2017-04-24T17:42:20.436+0800: 7030.109: Total time for which application threads were stopped: 0.0001575 seconds, Stopping threads took: 0.0000311 seconds
2017-04-24T17:42:20.729+0800: 7030.401: Total time for which application threads were stopped: 0.0004138 seconds, Stopping threads took: 0.0001847 seconds
2017-04-24T17:42:20.730+0800: 7030.403: Total time for which application threads were stopped: 0.0002466 seconds, Stopping threads took: 0.0000375 seconds
2017-04-24T17:42:20.730+0800: 7030.403: Total time for which application threads were stopped: 0.0002361 seconds, Stopping threads took: 0.0000427 seconds
2017-04-24T17:42:20.731+0800: 7030.403: Total time for which application threads were stopped: 0.0002466 seconds, Stopping threads took: 0.0000702 seconds
2017-04-24T17:42:20.731+0800: 7030.404: Total time for which application threads were stopped: 0.0001623 seconds, Stopping threads took: 0.0000257 seconds
2017-04-24T17:42:20.731+0800: 7030.404: Total time for which application threads were stopped: 0.0001642 seconds, Stopping threads took: 0.0000301 seconds
2017-04-24T17:42:30.414+0800: 7040.086: Total time for which application threads were stopped: 0.0002017 seconds, Stopping threads took: 0.0000378 seconds
2017-04-24T17:42:30.428+0800: 7040.100: Total time for which application threads were stopped: 0.0001835 seconds, Stopping threads took: 0.0000340 seconds
2017-04-24T17:42:30.428+0800: 7040.101: Total time for which application threads were stopped: 0.0001328 seconds, Stopping threads took: 0.0000225 seconds
2017-04-24T17:42:30.815+0800: 7040.488: Total time for which application threads were stopped: 0.0002906 seconds, Stopping threads took: 0.0000616 seconds
2017-04-24T17:42:30.817+0800: 7040.489: Total time for which application threads were stopped: 0.0002473 seconds, Stopping threads took: 0.0000433 seconds
2017-04-24T17:42:30.817+0800: 7040.490: Total time for which application threads were stopped: 0.0002252 seconds, Stopping threads took: 0.0000398 seconds
2017-04-24T17:42:30.817+0800: 7040.490: Total time for which application threads were stopped: 0.0001687 seconds, Stopping threads took: 0.0000273 seconds
2017-04-24T17:42:30.817+0800: 7040.490: Total time for which application threads were stopped: 0.0001514 seconds, Stopping threads took: 0.0000244 seconds
2017-04-24T17:42:30.818+0800: 7040.491: Total time for which application threads were stopped: 0.0004885 seconds, Stopping threads took: 0.0000241 seconds
2017-04-24T17:42:40.442+0800: 7050.114: Total time for which application threads were stopped: 0.0001347 seconds, Stopping threads took: 0.0000282 seconds
2017-04-24T17:42:40.442+0800: 7050.115: Total time for which application threads were stopped: 0.0001293 seconds, Stopping threads took: 0.0000276 seconds
2017-04-24T17:42:40.740+0800: 7050.413: Total time for which application threads were stopped: 0.0003358 seconds, Stopping threads took: 0.0000860 seconds
2017-04-24T17:42:40.741+0800: 7050.413: Total time for which application threads were stopped: 0.0002787 seconds, Stopping threads took: 0.0000661 seconds
2017-04-24T17:42:40.741+0800: 7050.414: Total time for which application threads were stopped: 0.0001697 seconds, Stopping threads took: 0.0000388 seconds
2017-04-24T17:42:40.742+0800: 7050.415: Total time for which application threads were stopped: 0.0002014 seconds, Stopping threads took: 0.0000388 seconds
2017-04-24T17:42:50.414+0800: 7060.087: Total time for which application threads were stopped: 0.0001087 seconds, Stopping threads took: 0.0000218 seconds
2017-04-24T17:42:50.415+0800: 7060.087: Total time for which application threads were stopped: 0.0000526 seconds, Stopping threads took: 0.0000074 seconds
2017-04-24T17:42:50.700+0800: 7060.372: Total time for which application threads were stopped: 0.0001995 seconds, Stopping threads took: 0.0000536 seconds
2017-04-24T17:42:50.700+0800: 7060.373: Total time for which application threads were stopped: 0.0001171 seconds, Stopping threads took: 0.0000324 seconds
2017-04-24T17:42:50.700+0800: 7060.373: Total time for which application threads were stopped: 0.0000994 seconds, Stopping threads took: 0.0000202 seconds
2017-04-24T17:42:50.701+0800: 7060.373: Total time for which application threads were stopped: 0.0001459 seconds, Stopping threads took: 0.0000263 seconds
2017-04-24T17:42:50.701+0800: 7060.373: Total time for which application threads were stopped: 0.0001142 seconds, Stopping threads took: 0.0000167 seconds
2017-04-24T17:42:50.701+0800: 7060.374: Total time for which application threads were stopped: 0.0000908 seconds, Stopping threads took: 0.0000157 seconds
2017-04-24T17:42:50.701+0800: 7060.374: Total time for which application threads were stopped: 0.0000882 seconds, Stopping threads took: 0.0000151 seconds
2017-04-24T17:42:50.702+0800: 7060.374: Total time for which application threads were stopped: 0.0001661 seconds, Stopping threads took: 0.0000783 seconds
2017-04-24T17:43:00.418+0800: 7070.090: Total time for which application threads were stopped: 0.0002508 seconds, Stopping threads took: 0.0000430 seconds
{Heap before GC invocations=67 (full 2):
 par new generation   total 109248K, used 91034K [0x00000000e0000000, 0x00000000e8000000, 0x00000000e8000000)
  eden space 87424K,  99% used [0x00000000e0000000, 0x00000000e54e8a28, 0x00000000e5560000)
  from space 21824K,  18% used [0x00000000e6ab0000, 0x00000000e6eae0b0, 0x00000000e8000000)
  to   space 21824K,   0% used [0x00000000e5560000, 0x00000000e5560000, 0x00000000e6ab0000)
 concurrent mark-sweep generation total 393216K, used 18315K [0x00000000e8000000, 0x0000000100000000, 0x0000000100000000)
 Metaspace       used 42661K, capacity 43480K, committed 43800K, reserved 1087488K
  class space    used 4601K, capacity 4830K, committed 4940K, reserved 1048576K
2017-04-24T17:43:00.429+0800: 7070.102: [GC (Allocation Failure) 2017-04-24T17:43:00.430+0800: 7070.102: [ParNew
Desired survivor size 20112992 bytes, new threshold 8 (max 8)
- age   1:    2764792 bytes,    2764792 total
- age   2:     696368 bytes,    3461160 total
- age   3:      67360 bytes,    3528520 total
- age   4:      13952 bytes,    3542472 total
- age   5:      11960 bytes,    3554432 total
- age   6:      14440 bytes,    3568872 total
- age   7:      12280 bytes,    3581152 total
- age   8:      12840 bytes,    3593992 total
: 91034K->4696K(109248K), 0.0057518 secs] 109350K->23023K(502464K), 0.0058490 secs] [Times: user=0.00 sys=0.00, real=0.01 secs] 
Heap after GC invocations=68 (full 2):
 par new generation   total 109248K, used 4696K [0x00000000e0000000, 0x00000000e8000000, 0x00000000e8000000)
  eden space 87424K,   0% used [0x00000000e0000000, 0x00000000e0000000, 0x00000000e5560000)
  from space 21824K,  21% used [0x00000000e5560000, 0x00000000e59f60b8, 0x00000000e6ab0000)
  to   space 21824K,   0% used [0x00000000e6ab0000, 0x00000000e6ab0000, 0x00000000e8000000)
 concurrent mark-sweep generation total 393216K, used 18326K [0x00000000e8000000, 0x0000000100000000, 0x0000000100000000)
 Metaspace       used 42661K, capacity 43480K, committed 43800K, reserved 1087488K
  class space    used 4601K, capacity 4830K, committed 4940K, reserved 1048576K
}
2017-04-24T17:43:00.435+0800: 7070.108: Total time for which application threads were stopped: 0.0061479 seconds, Stopping threads took: 0.0000311 seconds
2017-04-24T17:43:00.436+0800: 7070.108: Total time for which application threads were stopped: 0.0001761 seconds, Stopping threads took: 0.0000577 seconds
2017-04-24T17:43:00.436+0800: 7070.108: Total time for which application threads were stopped: 0.0001392 seconds, Stopping threads took: 0.0000465 seconds
2017-04-24T17:43:00.436+0800: 7070.109: Total time for which application threads were stopped: 0.0001103 seconds, Stopping threads took: 0.0000366 seconds
2017-04-24T17:43:00.436+0800: 7070.109: Total time for which application threads were stopped: 0.0000998 seconds, Stopping threads took: 0.0000337 seconds
2017-04-24T17:43:00.437+0800: 7070.109: Total time for which application threads were stopped: 0.0000818 seconds, Stopping threads took: 0.0000144 seconds
2017-04-24T17:43:00.437+0800: 7070.109: Total time for which application threads were stopped: 0.0001334 seconds, Stopping threads took: 0.0000609 seconds
2017-04-24T17:43:00.437+0800: 7070.109: Total time for which application threads were stopped: 0.0001023 seconds, Stopping threads took: 0.0000308 seconds
2017-04-24T17:43:00.437+0800: 7070.109: Total time for which application threads were stopped: 0.0000802 seconds, Stopping threads took: 0.0000180 seconds
2017-04-24T17:43:00.437+0800: 7070.110: Total time for which application threads were stopped: 0.0000921 seconds, Stopping threads took: 0.0000314 seconds
2017-04-24T17:43:00.437+0800: 7070.110: Total time for which application threads were stopped: 0.0000965 seconds, Stopping threads took: 0.0000269 seconds
2017-04-24T17:43:00.438+0800: 7070.110: Total time for which application threads were stopped: 0.0000901 seconds, Stopping threads took: 0.0000311 seconds
2017-04-24T17:43:00.438+0800: 7070.110: Total time for which application threads were stopped: 0.0001674 seconds, Stopping threads took: 0.0000590 seconds
2017-04-24T17:43:00.438+0800: 7070.111: Total time for which application threads were stopped: 0.0001261 seconds, Stopping threads took: 0.0000439 seconds
2017-04-24T17:43:00.439+0800: 7070.111: Total time for which application threads were stopped: 0.0001190 seconds, Stopping threads took: 0.0000436 seconds
2017-04-24T17:43:00.439+0800: 7070.111: Total time for which application threads were stopped: 0.0000901 seconds, Stopping threads took: 0.0000301 seconds
2017-04-24T17:43:00.439+0800: 7070.111: Total time for which application threads were stopped: 0.0001071 seconds, Stopping threads took: 0.0000311 seconds
2017-04-24T17:43:00.439+0800: 7070.112: Total time for which application threads were stopped: 0.0001235 seconds, Stopping threads took: 0.0000449 seconds
2017-04-24T17:43:00.439+0800: 7070.112: Total time for which application threads were stopped: 0.0001472 seconds, Stopping threads took: 0.0000273 seconds
2017-04-24T17:43:00.440+0800: 7070.112: Total time for which application threads were stopped: 0.0001661 seconds, Stopping threads took: 0.0000382 seconds
2017-04-24T17:43:00.440+0800: 7070.112: Total time for which application threads were stopped: 0.0000879 seconds, Stopping threads took: 0.0000192 seconds
2017-04-24T17:43:00.440+0800: 7070.112: Total time for which application threads were stopped: 0.0001174 seconds, Stopping threads took: 0.0000439 seconds
2017-04-24T17:43:00.904+0800: 7070.576: Total time for which application threads were stopped: 0.0001302 seconds, Stopping threads took: 0.0000279 seconds
2017-04-24T17:43:00.904+0800: 7070.576: Total time for which application threads were stopped: 0.0000863 seconds, Stopping threads took: 0.0000186 seconds
2017-04-24T17:43:00.904+0800: 7070.576: Total time for which application threads were stopped: 0.0001046 seconds, Stopping threads took: 0.0000115 seconds
2017-04-24T17:43:00.904+0800: 7070.577: Total time for which application threads were stopped: 0.0001052 seconds, Stopping threads took: 0.0000141 seconds
2017-04-24T17:43:00.904+0800: 7070.577: Total time for which application threads were stopped: 0.0000799 seconds, Stopping threads took: 0.0000099 seconds
2017-04-24T17:43:00.904+0800: 7070.577: Total time for which application threads were stopped: 0.0000981 seconds, Stopping threads took: 0.0000144 seconds
2017-04-24T17:43:00.905+0800: 7070.577: Total time for which application threads were stopped: 0.0000834 seconds, Stopping threads took: 0.0000096 seconds
2017-04-24T17:43:10.428+0800: 7080.101: Total time for which application threads were stopped: 0.0001761 seconds, Stopping threads took: 0.0000362 seconds
2017-04-24T17:43:10.429+0800: 7080.102: Total time for which application threads were stopped: 0.0001450 seconds, Stopping threads took: 0.0000276 seconds
2017-04-24T17:43:10.768+0800: 7080.441: Total time for which application threads were stopped: 0.0001071 seconds, Stopping threads took: 0.0000276 seconds
2017-04-24T17:43:10.768+0800: 7080.441: Total time for which application threads were stopped: 0.0000641 seconds, Stopping threads took: 0.0000237 seconds
2017-04-24T17:43:10.768+0800: 7080.441: Total time for which application threads were stopped: 0.0000398 seconds, Stopping threads took: 0.0000074 seconds
2017-04-24T17:43:10.769+0800: 7080.441: Total time for which application threads were stopped: 0.0000398 seconds, Stopping threads took: 0.0000077 seconds
2017-04-24T17:43:10.769+0800: 7080.441: Total time for which application threads were stopped: 0.0000343 seconds, Stopping threads took: 0.0000061 seconds
2017-04-24T17:43:10.769+0800: 7080.441: Total time for which application threads were stopped: 0.0000337 seconds, Stopping threads took: 0.0000061 seconds
2017-04-24T17:43:10.769+0800: 7080.441: Total time for which application threads were stopped: 0.0000330 seconds, Stopping threads took: 0.0000061 seconds
2017-04-24T17:43:10.769+0800: 7080.441: Total time for which application threads were stopped: 0.0000334 seconds, Stopping threads took: 0.0000061 seconds
2017-04-24T17:43:20.435+0800: 7090.108: Total time for which application threads were stopped: 0.0001552 seconds, Stopping threads took: 0.0000334 seconds
2017-04-24T17:43:20.436+0800: 7090.108: Total time for which application threads were stopped: 0.0001119 seconds, Stopping threads took: 0.0000244 seconds
2017-04-24T17:43:20.820+0800: 7090.493: Total time for which application threads were stopped: 0.0001809 seconds, Stopping threads took: 0.0000529 seconds
2017-04-24T17:43:20.821+0800: 7090.494: Total time for which application threads were stopped: 0.0001443 seconds, Stopping threads took: 0.0000244 seconds
2017-04-24T17:43:20.821+0800: 7090.494: Total time for which application threads were stopped: 0.0001261 seconds, Stopping threads took: 0.0000189 seconds
2017-04-24T17:43:20.821+0800: 7090.494: Total time for which application threads were stopped: 0.0000927 seconds, Stopping threads took: 0.0000138 seconds
2017-04-24T17:43:20.821+0800: 7090.494: Total time for which application threads were stopped: 0.0001068 seconds, Stopping threads took: 0.0000176 seconds
2017-04-24T17:43:20.822+0800: 7090.494: Total time for which application threads were stopped: 0.0000856 seconds, Stopping threads took: 0.0000135 seconds
2017-04-24T17:43:21.822+0800: 7091.495: Total time for which application threads were stopped: 0.0001985 seconds, Stopping threads took: 0.0000539 seconds
2017-04-24T17:43:30.430+0800: 7100.102: Total time for which application threads were stopped: 0.0001479 seconds, Stopping threads took: 0.0000295 seconds
2017-04-24T17:43:30.430+0800: 7100.103: Total time for which application threads were stopped: 0.0001062 seconds, Stopping threads took: 0.0000183 seconds
2017-04-24T17:43:30.796+0800: 7100.468: Total time for which application threads were stopped: 0.0001495 seconds, Stopping threads took: 0.0000504 seconds
2017-04-24T17:43:30.796+0800: 7100.468: Total time for which application threads were stopped: 0.0000613 seconds, Stopping threads took: 0.0000119 seconds
2017-04-24T17:43:30.796+0800: 7100.468: Total time for which application threads were stopped: 0.0000690 seconds, Stopping threads took: 0.0000208 seconds
2017-04-24T17:43:30.796+0800: 7100.469: Total time for which application threads were stopped: 0.0000885 seconds, Stopping threads took: 0.0000176 seconds
2017-04-24T17:43:30.796+0800: 7100.469: Total time for which application threads were stopped: 0.0000757 seconds, Stopping threads took: 0.0000154 seconds
2017-04-24T17:43:30.796+0800: 7100.469: Total time for which application threads were stopped: 0.0000674 seconds, Stopping threads took: 0.0000132 seconds
2017-04-24T17:43:30.797+0800: 7100.469: Total time for which application threads were stopped: 0.0000664 seconds, Stopping threads took: 0.0000128 seconds
2017-04-24T17:43:30.797+0800: 7100.469: Total time for which application threads were stopped: 0.0000831 seconds, Stopping threads took: 0.0000160 seconds
2017-04-24T17:43:30.802+0800: 7100.474: Total time for which application threads were stopped: 0.0001395 seconds, Stopping threads took: 0.0000260 seconds
2017-04-24T17:43:40.440+0800: 7110.113: Total time for which application threads were stopped: 0.0001597 seconds, Stopping threads took: 0.0000318 seconds
2017-04-24T17:43:40.441+0800: 7110.114: Total time for which application threads were stopped: 0.0001103 seconds, Stopping threads took: 0.0000212 seconds
2017-04-24T17:43:40.756+0800: 7110.428: Total time for which application threads were stopped: 0.0001289 seconds, Stopping threads took: 0.0000276 seconds
2017-04-24T17:43:40.756+0800: 7110.428: Total time for which application threads were stopped: 0.0000606 seconds, Stopping threads took: 0.0000128 seconds
2017-04-24T17:43:40.756+0800: 7110.429: Total time for which application threads were stopped: 0.0000869 seconds, Stopping threads took: 0.0000154 seconds
2017-04-24T17:43:40.757+0800: 7110.429: Total time for which application threads were stopped: 0.0000606 seconds, Stopping threads took: 0.0000099 seconds
2017-04-24T17:43:40.757+0800: 7110.429: Total time for which application threads were stopped: 0.0000571 seconds, Stopping threads took: 0.0000096 seconds
2017-04-24T17:43:40.757+0800: 7110.429: Total time for which application threads were stopped: 0.0000840 seconds, Stopping threads took: 0.0000196 seconds
2017-04-24T17:43:40.757+0800: 7110.429: Total time for which application threads were stopped: 0.0002104 seconds, Stopping threads took: 0.0000141 seconds
2017-04-24T17:43:40.761+0800: 7110.433: Total time for which application threads were stopped: 0.0001100 seconds, Stopping threads took: 0.0000218 seconds
2017-04-24T17:43:50.435+0800: 7120.107: Total time for which application threads were stopped: 0.0001540 seconds, Stopping threads took: 0.0000305 seconds
2017-04-24T17:43:50.435+0800: 7120.108: Total time for which application threads were stopped: 0.0001511 seconds, Stopping threads took: 0.0000558 seconds
2017-04-24T17:43:50.716+0800: 7120.389: Total time for which application threads were stopped: 0.0001607 seconds, Stopping threads took: 0.0000433 seconds
2017-04-24T17:43:50.716+0800: 7120.389: Total time for which application threads were stopped: 0.0001604 seconds, Stopping threads took: 0.0000593 seconds
2017-04-24T17:43:50.717+0800: 7120.389: Total time for which application threads were stopped: 0.0001142 seconds, Stopping threads took: 0.0000176 seconds
2017-04-24T17:43:50.725+0800: 7120.398: Total time for which application threads were stopped: 0.0001591 seconds, Stopping threads took: 0.0000298 seconds
2017-04-24T17:44:00.440+0800: 7130.113: Total time for which application threads were stopped: 0.0002912 seconds, Stopping threads took: 0.0000568 seconds
2017-04-24T17:44:00.442+0800: 7130.114: Total time for which application threads were stopped: 0.0002566 seconds, Stopping threads took: 0.0000471 seconds
2017-04-24T17:44:00.743+0800: 7130.415: Total time for which application threads were stopped: 0.0001055 seconds, Stopping threads took: 0.0000253 seconds
2017-04-24T17:44:00.743+0800: 7130.415: Total time for which application threads were stopped: 0.0000686 seconds, Stopping threads took: 0.0000285 seconds
2017-04-24T17:44:00.743+0800: 7130.415: Total time for which application threads were stopped: 0.0000433 seconds, Stopping threads took: 0.0000067 seconds
2017-04-24T17:44:00.743+0800: 7130.415: Total time for which application threads were stopped: 0.0000375 seconds, Stopping threads took: 0.0000067 seconds
2017-04-24T17:44:00.743+0800: 7130.416: Total time for which application threads were stopped: 0.0000362 seconds, Stopping threads took: 0.0000064 seconds
2017-04-24T17:44:00.743+0800: 7130.416: Total time for which application threads were stopped: 0.0000362 seconds, Stopping threads took: 0.0000064 seconds
2017-04-24T17:44:00.743+0800: 7130.416: Total time for which application threads were stopped: 0.0000378 seconds, Stopping threads took: 0.0000074 seconds
2017-04-24T17:44:00.746+0800: 7130.419: Total time for which application threads were stopped: 0.0000972 seconds, Stopping threads took: 0.0000196 seconds
2017-04-24T17:44:10.427+0800: 7140.099: Total time for which application threads were stopped: 0.0001735 seconds, Stopping threads took: 0.0000382 seconds
2017-04-24T17:44:10.427+0800: 7140.100: Total time for which application threads were stopped: 0.0001036 seconds, Stopping threads took: 0.0000192 seconds
2017-04-24T17:44:10.688+0800: 7140.361: Total time for which application threads were stopped: 0.0002675 seconds, Stopping threads took: 0.0000539 seconds
2017-04-24T17:44:10.689+0800: 7140.361: Total time for which application threads were stopped: 0.0001491 seconds, Stopping threads took: 0.0000266 seconds
2017-04-24T17:44:10.689+0800: 7140.361: Total time for which application threads were stopped: 0.0001373 seconds, Stopping threads took: 0.0000250 seconds
2017-04-24T17:44:10.689+0800: 7140.361: Total time for which application threads were stopped: 0.0001337 seconds, Stopping threads took: 0.0000244 seconds
2017-04-24T17:44:10.689+0800: 7140.362: Total time for which application threads were stopped: 0.0002242 seconds, Stopping threads took: 0.0000449 seconds
2017-04-24T17:44:10.699+0800: 7140.372: Total time for which application threads were stopped: 0.0002505 seconds, Stopping threads took: 0.0000516 seconds
2017-04-24T17:44:20.416+0800: 7150.088: Total time for which application threads were stopped: 0.0001325 seconds, Stopping threads took: 0.0000266 seconds
2017-04-24T17:44:20.416+0800: 7150.089: Total time for which application threads were stopped: 0.0000763 seconds, Stopping threads took: 0.0000141 seconds
2017-04-24T17:44:20.762+0800: 7150.434: Total time for which application threads were stopped: 0.0002245 seconds, Stopping threads took: 0.0000500 seconds
2017-04-24T17:44:20.762+0800: 7150.434: Total time for which application threads were stopped: 0.0001806 seconds, Stopping threads took: 0.0000382 seconds
2017-04-24T17:44:20.763+0800: 7150.435: Total time for which application threads were stopped: 0.0001495 seconds, Stopping threads took: 0.0000257 seconds
2017-04-24T17:44:20.763+0800: 7150.436: Total time for which application threads were stopped: 0.0001671 seconds, Stopping threads took: 0.0000314 seconds
2017-04-24T17:44:20.763+0800: 7150.436: Total time for which application threads were stopped: 0.0001604 seconds, Stopping threads took: 0.0000314 seconds
2017-04-24T17:44:20.764+0800: 7150.436: Total time for which application threads were stopped: 0.0001363 seconds, Stopping threads took: 0.0000241 seconds
2017-04-24T17:44:20.764+0800: 7150.436: Total time for which application threads were stopped: 0.0001847 seconds, Stopping threads took: 0.0000244 seconds
2017-04-24T17:44:20.772+0800: 7150.445: Total time for which application threads were stopped: 0.0002287 seconds, Stopping threads took: 0.0000465 seconds
2017-04-24T17:44:30.424+0800: 7160.097: Total time for which application threads were stopped: 0.0001264 seconds, Stopping threads took: 0.0000276 seconds
2017-04-24T17:44:30.424+0800: 7160.097: Total time for which application threads were stopped: 0.0000571 seconds, Stopping threads took: 0.0000106 seconds
2017-04-24T17:44:30.708+0800: 7160.380: Total time for which application threads were stopped: 0.0002774 seconds, Stopping threads took: 0.0000622 seconds
2017-04-24T17:44:30.708+0800: 7160.380: Total time for which application threads were stopped: 0.0001886 seconds, Stopping threads took: 0.0000584 seconds
2017-04-24T17:44:30.709+0800: 7160.382: Total time for which application threads were stopped: 0.0002130 seconds, Stopping threads took: 0.0000407 seconds
2017-04-24T17:44:30.710+0800: 7160.382: Total time for which application threads were stopped: 0.0001921 seconds, Stopping threads took: 0.0000382 seconds
2017-04-24T17:44:30.710+0800: 7160.382: Total time for which application threads were stopped: 0.0001738 seconds, Stopping threads took: 0.0000350 seconds
2017-04-24T17:44:30.710+0800: 7160.382: Total time for which application threads were stopped: 0.0001437 seconds, Stopping threads took: 0.0000253 seconds
2017-04-24T17:44:30.710+0800: 7160.383: Total time for which application threads were stopped: 0.0001379 seconds, Stopping threads took: 0.0000260 seconds
2017-04-24T17:44:30.720+0800: 7160.393: Total time for which application threads were stopped: 0.0002543 seconds, Stopping threads took: 0.0000510 seconds
{Heap before GC invocations=68 (full 2):
 par new generation   total 109248K, used 91695K [0x00000000e0000000, 0x00000000e8000000, 0x00000000e8000000)
  eden space 87424K,  99% used [0x00000000e0000000, 0x00000000e54f5bd0, 0x00000000e5560000)
  from space 21824K,  21% used [0x00000000e5560000, 0x00000000e59f60b8, 0x00000000e6ab0000)
  to   space 21824K,   0% used [0x00000000e6ab0000, 0x00000000e6ab0000, 0x00000000e8000000)
 concurrent mark-sweep generation total 393216K, used 18326K [0x00000000e8000000, 0x0000000100000000, 0x0000000100000000)
 Metaspace       used 42661K, capacity 43480K, committed 43800K, reserved 1087488K
  class space    used 4601K, capacity 4830K, committed 4940K, reserved 1048576K
2017-04-24T17:44:40.421+0800: 7170.094: [GC (Allocation Failure) 2017-04-24T17:44:40.421+0800: 7170.094: [ParNew
Desired survivor size 20112992 bytes, new threshold 8 (max 8)
- age   1:    2763824 bytes,    2763824 total
- age   2:     693400 bytes,    3457224 total
- age   3:      71160 bytes,    3528384 total
- age   4:      11760 bytes,    3540144 total
- age   5:      13256 bytes,    3553400 total
- age   6:      11960 bytes,    3565360 total
- age   7:      14440 bytes,    3579800 total
- age   8:      12280 bytes,    3592080 total
: 91695K->4662K(109248K), 0.0063709 secs] 110022K->23002K(502464K), 0.0064911 secs] [Times: user=0.00 sys=0.00, real=0.01 secs] 
Heap after GC invocations=69 (full 2):
 par new generation   total 109248K, used 4662K [0x00000000e0000000, 0x00000000e8000000, 0x00000000e8000000)
  eden space 87424K,   0% used [0x00000000e0000000, 0x00000000e0000000, 0x00000000e5560000)
  from space 21824K,  21% used [0x00000000e6ab0000, 0x00000000e6f3dbc0, 0x00000000e8000000)
  to   space 21824K,   0% used [0x00000000e5560000, 0x00000000e5560000, 0x00000000e6ab0000)
 concurrent mark-sweep generation total 393216K, used 18339K [0x00000000e8000000, 0x0000000100000000, 0x0000000100000000)
 Metaspace       used 42661K, capacity 43480K, committed 43800K, reserved 1087488K
  class space    used 4601K, capacity 4830K, committed 4940K, reserved 1048576K
}
2017-04-24T17:44:40.428+0800: 7170.100: Total time for which application threads were stopped: 0.0068244 seconds, Stopping threads took: 0.0000340 seconds
2017-04-24T17:44:40.429+0800: 7170.102: Total time for which application threads were stopped: 0.0001915 seconds, Stopping threads took: 0.0000603 seconds
2017-04-24T17:44:40.429+0800: 7170.102: Total time for which application threads were stopped: 0.0001411 seconds, Stopping threads took: 0.0000414 seconds
2017-04-24T17:44:40.430+0800: 7170.103: Total time for which application threads were stopped: 0.0001479 seconds, Stopping threads took: 0.0000494 seconds
2017-04-24T17:44:40.431+0800: 7170.104: Total time for which application threads were stopped: 0.0001584 seconds, Stopping threads took: 0.0000536 seconds
2017-04-24T17:44:40.431+0800: 7170.104: Total time for which application threads were stopped: 0.0001325 seconds, Stopping threads took: 0.0000401 seconds
2017-04-24T17:44:40.432+0800: 7170.104: Total time for which application threads were stopped: 0.0001142 seconds, Stopping threads took: 0.0000439 seconds
2017-04-24T17:44:40.432+0800: 7170.104: Total time for which application threads were stopped: 0.0001062 seconds, Stopping threads took: 0.0000164 seconds
2017-04-24T17:44:40.432+0800: 7170.105: Total time for which application threads were stopped: 0.0001289 seconds, Stopping threads took: 0.0000401 seconds
2017-04-24T17:44:40.432+0800: 7170.105: Total time for which application threads were stopped: 0.0001238 seconds, Stopping threads took: 0.0000475 seconds
2017-04-24T17:44:40.432+0800: 7170.105: Total time for which application threads were stopped: 0.0001148 seconds, Stopping threads took: 0.0000369 seconds
2017-04-24T17:44:40.433+0800: 7170.105: Total time for which application threads were stopped: 0.0000853 seconds, Stopping threads took: 0.0000151 seconds
2017-04-24T17:44:40.433+0800: 7170.105: Total time for which application threads were stopped: 0.0001062 seconds, Stopping threads took: 0.0000176 seconds
2017-04-24T17:44:40.433+0800: 7170.106: Total time for which application threads were stopped: 0.0001046 seconds, Stopping threads took: 0.0000346 seconds
2017-04-24T17:44:40.433+0800: 7170.106: Total time for which application threads were stopped: 0.0000754 seconds, Stopping threads took: 0.0000164 seconds
2017-04-24T17:44:40.433+0800: 7170.106: Total time for which application threads were stopped: 0.0000722 seconds, Stopping threads took: 0.0000160 seconds
2017-04-24T17:44:40.433+0800: 7170.106: Total time for which application threads were stopped: 0.0000856 seconds, Stopping threads took: 0.0000260 seconds
2017-04-24T17:44:40.434+0800: 7170.106: Total time for which application threads were stopped: 0.0000837 seconds, Stopping threads took: 0.0000273 seconds
2017-04-24T17:44:40.434+0800: 7170.106: Total time for which application threads were stopped: 0.0001511 seconds, Stopping threads took: 0.0000212 seconds
2017-04-24T17:44:40.434+0800: 7170.107: Total time for which application threads were stopped: 0.0001447 seconds, Stopping threads took: 0.0000202 seconds
2017-04-24T17:44:40.434+0800: 7170.107: Total time for which application threads were stopped: 0.0002572 seconds, Stopping threads took: 0.0000176 seconds
2017-04-24T17:44:40.435+0800: 7170.107: Total time for which application threads were stopped: 0.0002220 seconds, Stopping threads took: 0.0000257 seconds
2017-04-24T17:44:40.775+0800: 7170.447: Total time for which application threads were stopped: 0.0002874 seconds, Stopping threads took: 0.0000661 seconds
2017-04-24T17:44:40.775+0800: 7170.448: Total time for which application threads were stopped: 0.0002521 seconds, Stopping threads took: 0.0000542 seconds
2017-04-24T17:44:40.776+0800: 7170.449: Total time for which application threads were stopped: 0.0002117 seconds, Stopping threads took: 0.0000330 seconds
2017-04-24T17:44:40.776+0800: 7170.449: Total time for which application threads were stopped: 0.0002232 seconds, Stopping threads took: 0.0000427 seconds
2017-04-24T17:44:40.777+0800: 7170.449: Total time for which application threads were stopped: 0.0001591 seconds, Stopping threads took: 0.0000298 seconds
2017-04-24T17:44:40.777+0800: 7170.450: Total time for which application threads were stopped: 0.0002008 seconds, Stopping threads took: 0.0000404 seconds
2017-04-24T17:44:40.777+0800: 7170.450: Total time for which application threads were stopped: 0.0001793 seconds, Stopping threads took: 0.0000388 seconds
2017-04-24T17:44:40.788+0800: 7170.461: Total time for which application threads were stopped: 0.0002774 seconds, Stopping threads took: 0.0000536 seconds
2017-04-24T17:44:50.431+0800: 7180.103: Total time for which application threads were stopped: 0.0001703 seconds, Stopping threads took: 0.0000395 seconds
2017-04-24T17:44:50.431+0800: 7180.103: Total time for which application threads were stopped: 0.0000789 seconds, Stopping threads took: 0.0000157 seconds
2017-04-24T17:44:50.743+0800: 7180.416: Total time for which application threads were stopped: 0.0002082 seconds, Stopping threads took: 0.0000635 seconds
2017-04-24T17:44:50.743+0800: 7180.416: Total time for which application threads were stopped: 0.0001985 seconds, Stopping threads took: 0.0000645 seconds
2017-04-24T17:44:50.745+0800: 7180.417: Total time for which application threads were stopped: 0.0003897 seconds, Stopping threads took: 0.0000324 seconds
2017-04-24T17:44:50.745+0800: 7180.418: Total time for which application threads were stopped: 0.0001475 seconds, Stopping threads took: 0.0000311 seconds
2017-04-24T17:44:50.746+0800: 7180.418: Total time for which application threads were stopped: 0.0001354 seconds, Stopping threads took: 0.0000292 seconds
2017-04-24T17:44:50.746+0800: 7180.418: Total time for which application threads were stopped: 0.0001129 seconds, Stopping threads took: 0.0000244 seconds
2017-04-24T17:44:50.746+0800: 7180.418: Total time for which application threads were stopped: 0.0003169 seconds, Stopping threads took: 0.0000199 seconds
2017-04-24T17:44:50.753+0800: 7180.425: Total time for which application threads were stopped: 0.0001918 seconds, Stopping threads took: 0.0000452 seconds
2017-04-24T17:45:00.424+0800: 7190.097: Total time for which application threads were stopped: 0.0001658 seconds, Stopping threads took: 0.0000334 seconds
2017-04-24T17:45:00.425+0800: 7190.097: Total time for which application threads were stopped: 0.0001267 seconds, Stopping threads took: 0.0000241 seconds
2017-04-24T17:45:00.697+0800: 7190.370: Total time for which application threads were stopped: 0.0001167 seconds, Stopping threads took: 0.0000250 seconds
2017-04-24T17:45:00.697+0800: 7190.370: Total time for which application threads were stopped: 0.0000811 seconds, Stopping threads took: 0.0000253 seconds
2017-04-24T17:45:00.701+0800: 7190.373: Total time for which application threads were stopped: 0.0000811 seconds, Stopping threads took: 0.0000135 seconds
2017-04-24T17:45:10.431+0800: 7200.104: Total time for which application threads were stopped: 0.0002033 seconds, Stopping threads took: 0.0000398 seconds
2017-04-24T17:45:10.432+0800: 7200.105: Total time for which application threads were stopped: 0.0001880 seconds, Stopping threads took: 0.0000343 seconds
2017-04-24T17:45:10.732+0800: 7200.404: Total time for which application threads were stopped: 0.0002803 seconds, Stopping threads took: 0.0000513 seconds
2017-04-24T17:45:10.732+0800: 7200.405: Total time for which application threads were stopped: 0.0002611 seconds, Stopping threads took: 0.0000481 seconds
2017-04-24T17:45:10.733+0800: 7200.405: Total time for which application threads were stopped: 0.0002428 seconds, Stopping threads took: 0.0000433 seconds
2017-04-24T17:45:10.733+0800: 7200.405: Total time for which application threads were stopped: 0.0002213 seconds, Stopping threads took: 0.0000417 seconds
2017-04-24T17:45:10.733+0800: 7200.406: Total time for which application threads were stopped: 0.0001889 seconds, Stopping threads took: 0.0000330 seconds
2017-04-24T17:45:10.742+0800: 7200.415: Total time for which application threads were stopped: 0.0002220 seconds, Stopping threads took: 0.0000427 seconds
2017-04-24T17:45:20.426+0800: 7210.098: Total time for which application threads were stopped: 0.0003775 seconds, Stopping threads took: 0.0000343 seconds
2017-04-24T17:45:20.427+0800: 7210.099: Total time for which application threads were stopped: 0.0002630 seconds, Stopping threads took: 0.0000192 seconds
2017-04-24T17:45:20.716+0800: 7210.388: Total time for which application threads were stopped: 0.0003076 seconds, Stopping threads took: 0.0000828 seconds
2017-04-24T17:45:20.716+0800: 7210.389: Total time for which application threads were stopped: 0.0002495 seconds, Stopping threads took: 0.0000497 seconds
2017-04-24T17:45:20.717+0800: 7210.390: Total time for which application threads were stopped: 0.0002062 seconds, Stopping threads took: 0.0000369 seconds
2017-04-24T17:45:20.718+0800: 7210.390: Total time for which application threads were stopped: 0.0001668 seconds, Stopping threads took: 0.0000273 seconds
2017-04-24T17:45:20.718+0800: 7210.390: Total time for which application threads were stopped: 0.0002101 seconds, Stopping threads took: 0.0000398 seconds
2017-04-24T17:45:20.718+0800: 7210.391: Total time for which application threads were stopped: 0.0001495 seconds, Stopping threads took: 0.0000266 seconds
2017-04-24T17:45:20.718+0800: 7210.391: Total time for which application threads were stopped: 0.0002101 seconds, Stopping threads took: 0.0000552 seconds
2017-04-24T17:45:20.731+0800: 7210.403: Total time for which application threads were stopped: 0.0006312 seconds, Stopping threads took: 0.0000574 seconds
2017-04-24T17:45:30.407+0800: 7220.079: Total time for which application threads were stopped: 0.0004211 seconds, Stopping threads took: 0.0001280 seconds
2017-04-24T17:45:30.425+0800: 7220.097: Total time for which application threads were stopped: 0.0001312 seconds, Stopping threads took: 0.0000334 seconds
2017-04-24T17:45:30.425+0800: 7220.098: Total time for which application threads were stopped: 0.0000972 seconds, Stopping threads took: 0.0000192 seconds
2017-04-24T17:45:30.744+0800: 7220.416: Total time for which application threads were stopped: 0.0003278 seconds, Stopping threads took: 0.0000978 seconds
2017-04-24T17:45:30.744+0800: 7220.417: Total time for which application threads were stopped: 0.0002848 seconds, Stopping threads took: 0.0000850 seconds
2017-04-24T17:45:30.745+0800: 7220.417: Total time for which application threads were stopped: 0.0002277 seconds, Stopping threads took: 0.0000837 seconds
2017-04-24T17:45:30.748+0800: 7220.420: Total time for which application threads were stopped: 0.0002354 seconds, Stopping threads took: 0.0000430 seconds
2017-04-24T17:45:30.748+0800: 7220.421: Total time for which application threads were stopped: 0.0001780 seconds, Stopping threads took: 0.0000279 seconds
2017-04-24T17:45:30.748+0800: 7220.421: Total time for which application threads were stopped: 0.0001588 seconds, Stopping threads took: 0.0000257 seconds
2017-04-24T17:45:30.749+0800: 7220.421: Total time for which application threads were stopped: 0.0001562 seconds, Stopping threads took: 0.0000247 seconds
2017-04-24T17:45:30.749+0800: 7220.421: Total time for which application threads were stopped: 0.0002175 seconds, Stopping threads took: 0.0000388 seconds
2017-04-24T17:45:40.415+0800: 7230.087: Total time for which application threads were stopped: 0.0000991 seconds, Stopping threads took: 0.0000218 seconds
2017-04-24T17:45:40.415+0800: 7230.088: Total time for which application threads were stopped: 0.0000433 seconds, Stopping threads took: 0.0000083 seconds
2017-04-24T17:45:40.716+0800: 7230.388: Total time for which application threads were stopped: 0.0001103 seconds, Stopping threads took: 0.0000285 seconds
2017-04-24T17:45:40.716+0800: 7230.388: Total time for which application threads were stopped: 0.0000651 seconds, Stopping threads took: 0.0000180 seconds
2017-04-24T17:45:40.716+0800: 7230.388: Total time for which application threads were stopped: 0.0000658 seconds, Stopping threads took: 0.0000289 seconds
2017-04-24T17:45:40.716+0800: 7230.388: Total time for which application threads were stopped: 0.0000484 seconds, Stopping threads took: 0.0000099 seconds
2017-04-24T17:45:40.716+0800: 7230.389: Total time for which application threads were stopped: 0.0000378 seconds, Stopping threads took: 0.0000071 seconds
2017-04-24T17:45:40.716+0800: 7230.389: Total time for which application threads were stopped: 0.0000353 seconds, Stopping threads took: 0.0000067 seconds
2017-04-24T17:45:40.716+0800: 7230.389: Total time for which application threads were stopped: 0.0000330 seconds, Stopping threads took: 0.0000061 seconds
2017-04-24T17:45:40.716+0800: 7230.389: Total time for which application threads were stopped: 0.0000439 seconds, Stopping threads took: 0.0000093 seconds
2017-04-24T17:45:50.720+0800: 7240.393: Total time for which application threads were stopped: 0.0004417 seconds, Stopping threads took: 0.0000741 seconds
2017-04-24T17:45:50.720+0800: 7240.393: Total time for which application threads were stopped: 0.0003053 seconds, Stopping threads took: 0.0000366 seconds
2017-04-24T17:45:50.721+0800: 7240.393: Total time for which application threads were stopped: 0.0003342 seconds, Stopping threads took: 0.0000468 seconds
2017-04-24T17:45:50.721+0800: 7240.394: Total time for which application threads were stopped: 0.0002608 seconds, Stopping threads took: 0.0000311 seconds
2017-04-24T17:45:50.721+0800: 7240.394: Total time for which application threads were stopped: 0.0002739 seconds, Stopping threads took: 0.0000366 seconds
2017-04-24T17:46:00.429+0800: 7250.102: Total time for which application threads were stopped: 0.0001479 seconds, Stopping threads took: 0.0000327 seconds
2017-04-24T17:46:00.430+0800: 7250.103: Total time for which application threads were stopped: 0.0001014 seconds, Stopping threads took: 0.0000205 seconds
2017-04-24T17:46:00.696+0800: 7250.369: Total time for which application threads were stopped: 0.0002524 seconds, Stopping threads took: 0.0000558 seconds
2017-04-24T17:46:00.697+0800: 7250.369: Total time for which application threads were stopped: 0.0002213 seconds, Stopping threads took: 0.0000491 seconds
2017-04-24T17:46:00.697+0800: 7250.369: Total time for which application threads were stopped: 0.0002040 seconds, Stopping threads took: 0.0000818 seconds
2017-04-24T17:46:00.698+0800: 7250.370: Total time for which application threads were stopped: 0.0001873 seconds, Stopping threads took: 0.0000346 seconds
2017-04-24T17:46:00.698+0800: 7250.371: Total time for which application threads were stopped: 0.0001472 seconds, Stopping threads took: 0.0000253 seconds
2017-04-24T17:46:00.698+0800: 7250.371: Total time for which application threads were stopped: 0.0001363 seconds, Stopping threads took: 0.0000225 seconds
2017-04-24T17:46:00.699+0800: 7250.371: Total time for which application threads were stopped: 0.0001402 seconds, Stopping threads took: 0.0000218 seconds
2017-04-24T17:46:00.699+0800: 7250.371: Total time for which application threads were stopped: 0.0004198 seconds, Stopping threads took: 0.0000225 seconds
2017-04-24T17:46:10.426+0800: 7260.099: Total time for which application threads were stopped: 0.0001998 seconds, Stopping threads took: 0.0000616 seconds
2017-04-24T17:46:10.427+0800: 7260.100: Total time for which application threads were stopped: 0.0001584 seconds, Stopping threads took: 0.0000465 seconds
2017-04-24T17:46:10.752+0800: 7260.425: Total time for which application threads were stopped: 0.0003304 seconds, Stopping threads took: 0.0000641 seconds
2017-04-24T17:46:10.753+0800: 7260.425: Total time for which application threads were stopped: 0.0002864 seconds, Stopping threads took: 0.0001001 seconds
2017-04-24T17:46:10.753+0800: 7260.425: Total time for which application threads were stopped: 0.0001617 seconds, Stopping threads took: 0.0000372 seconds
2017-04-24T17:46:10.754+0800: 7260.427: Total time for which application threads were stopped: 0.0001847 seconds, Stopping threads took: 0.0000340 seconds
{Heap before GC invocations=69 (full 2):
 par new generation   total 109248K, used 91872K [0x00000000e0000000, 0x00000000e8000000, 0x00000000e8000000)
  eden space 87424K,  99% used [0x00000000e0000000, 0x00000000e552a490, 0x00000000e5560000)
  from space 21824K,  21% used [0x00000000e6ab0000, 0x00000000e6f3dbc0, 0x00000000e8000000)
  to   space 21824K,   0% used [0x00000000e5560000, 0x00000000e5560000, 0x00000000e6ab0000)
 concurrent mark-sweep generation total 393216K, used 18339K [0x00000000e8000000, 0x0000000100000000, 0x0000000100000000)
 Metaspace       used 42661K, capacity 43480K, committed 43800K, reserved 1087488K
  class space    used 4601K, capacity 4830K, committed 4940K, reserved 1048576K
2017-04-24T17:46:20.417+0800: 7270.089: [GC (Allocation Failure) 2017-04-24T17:46:20.417+0800: 7270.089: [ParNew
Desired survivor size 20112992 bytes, new threshold 8 (max 8)
- age   1:    3339440 bytes,    3339440 total
- age   2:     690760 bytes,    4030200 total
- age   3:      66432 bytes,    4096632 total
- age   4:      13128 bytes,    4109760 total
- age   5:       9144 bytes,    4118904 total
- age   6:      11312 bytes,    4130216 total
- age   7:       9848 bytes,    4140064 total
- age   8:      12040 bytes,    4152104 total
: 91872K->5041K(109248K), 0.0068494 secs] 110211K->23391K(502464K), 0.0069322 secs] [Times: user=0.00 sys=0.00, real=0.01 secs] 
Heap after GC invocations=70 (full 2):
 par new generation   total 109248K, used 5041K [0x00000000e0000000, 0x00000000e8000000, 0x00000000e8000000)
  eden space 87424K,   0% used [0x00000000e0000000, 0x00000000e0000000, 0x00000000e5560000)
  from space 21824K,  23% used [0x00000000e5560000, 0x00000000e5a4c6a8, 0x00000000e6ab0000)
  to   space 21824K,   0% used [0x00000000e6ab0000, 0x00000000e6ab0000, 0x00000000e8000000)
 concurrent mark-sweep generation total 393216K, used 18349K [0x00000000e8000000, 0x0000000100000000, 0x0000000100000000)
 Metaspace       used 42661K, capacity 43480K, committed 43800K, reserved 1087488K
  class space    used 4601K, capacity 4830K, committed 4940K, reserved 1048576K
}
2017-04-24T17:46:20.424+0800: 7270.096: Total time for which application threads were stopped: 0.0071782 seconds, Stopping threads took: 0.0000298 seconds
2017-04-24T17:46:20.425+0800: 7270.097: Total time for which application threads were stopped: 0.0001960 seconds, Stopping threads took: 0.0000860 seconds
2017-04-24T17:46:20.425+0800: 7270.098: Total time for which application threads were stopped: 0.0001581 seconds, Stopping threads took: 0.0000382 seconds
2017-04-24T17:46:20.426+0800: 7270.099: Total time for which application threads were stopped: 0.0001026 seconds, Stopping threads took: 0.0000225 seconds
2017-04-24T17:46:20.427+0800: 7270.099: Total time for which application threads were stopped: 0.0000872 seconds, Stopping threads took: 0.0000196 seconds
2017-04-24T17:46:20.690+0800: 7270.363: Total time for which application threads were stopped: 0.0002816 seconds, Stopping threads took: 0.0000609 seconds
2017-04-24T17:46:20.690+0800: 7270.363: Total time for which application threads were stopped: 0.0001963 seconds, Stopping threads took: 0.0000414 seconds
2017-04-24T17:46:20.691+0800: 7270.363: Total time for which application threads were stopped: 0.0002720 seconds, Stopping threads took: 0.0001228 seconds
2017-04-24T17:46:20.692+0800: 7270.364: Total time for which application threads were stopped: 0.0001645 seconds, Stopping threads took: 0.0000327 seconds
2017-04-24T17:46:20.692+0800: 7270.365: Total time for which application threads were stopped: 0.0001344 seconds, Stopping threads took: 0.0000241 seconds
2017-04-24T17:46:20.692+0800: 7270.365: Total time for which application threads were stopped: 0.0001280 seconds, Stopping threads took: 0.0000231 seconds
2017-04-24T17:46:20.693+0800: 7270.365: Total time for which application threads were stopped: 0.0001289 seconds, Stopping threads took: 0.0000225 seconds
2017-04-24T17:46:20.693+0800: 7270.365: Total time for which application threads were stopped: 0.0001687 seconds, Stopping threads took: 0.0000343 seconds
2017-04-24T17:46:30.431+0800: 7280.104: Total time for which application threads were stopped: 0.0001867 seconds, Stopping threads took: 0.0000369 seconds
2017-04-24T17:46:30.432+0800: 7280.105: Total time for which application threads were stopped: 0.0001408 seconds, Stopping threads took: 0.0000260 seconds
2017-04-24T17:46:30.759+0800: 7280.432: Total time for which application threads were stopped: 0.0002912 seconds, Stopping threads took: 0.0000625 seconds
2017-04-24T17:46:30.760+0800: 7280.433: Total time for which application threads were stopped: 0.0002434 seconds, Stopping threads took: 0.0000443 seconds
2017-04-24T17:46:30.761+0800: 7280.433: Total time for which application threads were stopped: 0.0001745 seconds, Stopping threads took: 0.0000282 seconds
2017-04-24T17:46:30.761+0800: 7280.434: Total time for which application threads were stopped: 0.0002030 seconds, Stopping threads took: 0.0000362 seconds
2017-04-24T17:46:30.761+0800: 7280.434: Total time for which application threads were stopped: 0.0002059 seconds, Stopping threads took: 0.0000398 seconds
2017-04-24T17:46:30.761+0800: 7280.434: Total time for which application threads were stopped: 0.0001552 seconds, Stopping threads took: 0.0000253 seconds
2017-04-24T17:46:40.427+0800: 7290.099: Total time for which application threads were stopped: 0.0001751 seconds, Stopping threads took: 0.0000346 seconds
2017-04-24T17:46:40.428+0800: 7290.100: Total time for which application threads were stopped: 0.0002636 seconds, Stopping threads took: 0.0000674 seconds
2017-04-24T17:46:40.727+0800: 7290.400: Total time for which application threads were stopped: 0.0003236 seconds, Stopping threads took: 0.0001010 seconds
2017-04-24T17:46:40.728+0800: 7290.401: Total time for which application threads were stopped: 0.0001883 seconds, Stopping threads took: 0.0000391 seconds
2017-04-24T17:46:40.729+0800: 7290.401: Total time for which application threads were stopped: 0.0002373 seconds, Stopping threads took: 0.0000388 seconds
2017-04-24T17:46:40.729+0800: 7290.402: Total time for which application threads were stopped: 0.0001482 seconds, Stopping threads took: 0.0000273 seconds
2017-04-24T17:46:40.729+0800: 7290.402: Total time for which application threads were stopped: 0.0001658 seconds, Stopping threads took: 0.0000321 seconds
2017-04-24T17:46:40.729+0800: 7290.402: Total time for which application threads were stopped: 0.0001636 seconds, Stopping threads took: 0.0000420 seconds
2017-04-24T17:46:50.426+0800: 7300.098: Total time for which application threads were stopped: 0.0001806 seconds, Stopping threads took: 0.0000353 seconds
2017-04-24T17:46:50.426+0800: 7300.099: Total time for which application threads were stopped: 0.0001347 seconds, Stopping threads took: 0.0000247 seconds
2017-04-24T17:46:50.688+0800: 7300.360: Total time for which application threads were stopped: 0.0002919 seconds, Stopping threads took: 0.0000609 seconds
2017-04-24T17:46:50.689+0800: 7300.361: Total time for which application threads were stopped: 0.0005465 seconds, Stopping threads took: 0.0000828 seconds
2017-04-24T17:46:50.689+0800: 7300.362: Total time for which application threads were stopped: 0.0004692 seconds, Stopping threads took: 0.0000734 seconds
2017-04-24T17:46:50.690+0800: 7300.363: Total time for which application threads were stopped: 0.0001783 seconds, Stopping threads took: 0.0000327 seconds
2017-04-24T17:46:50.691+0800: 7300.363: Total time for which application threads were stopped: 0.0002351 seconds, Stopping threads took: 0.0000439 seconds
2017-04-24T17:46:50.691+0800: 7300.363: Total time for which application threads were stopped: 0.0002014 seconds, Stopping threads took: 0.0000391 seconds
2017-04-24T17:46:50.691+0800: 7300.364: Total time for which application threads were stopped: 0.0001738 seconds, Stopping threads took: 0.0000314 seconds
2017-04-24T17:46:50.691+0800: 7300.364: Total time for which application threads were stopped: 0.0001649 seconds, Stopping threads took: 0.0000295 seconds
2017-04-24T17:47:00.415+0800: 7310.087: Total time for which application threads were stopped: 0.0001475 seconds, Stopping threads took: 0.0000468 seconds
2017-04-24T17:47:00.415+0800: 7310.087: Total time for which application threads were stopped: 0.0000981 seconds, Stopping threads took: 0.0000247 seconds
2017-04-24T17:47:00.678+0800: 7310.351: Total time for which application threads were stopped: 0.0001161 seconds, Stopping threads took: 0.0000298 seconds
2017-04-24T17:47:00.679+0800: 7310.351: Total time for which application threads were stopped: 0.0000815 seconds, Stopping threads took: 0.0000128 seconds
2017-04-24T17:47:00.679+0800: 7310.351: Total time for which application threads were stopped: 0.0000751 seconds, Stopping threads took: 0.0000125 seconds
2017-04-24T17:47:00.679+0800: 7310.351: Total time for which application threads were stopped: 0.0000641 seconds, Stopping threads took: 0.0000119 seconds
2017-04-24T17:47:00.679+0800: 7310.352: Total time for which application threads were stopped: 0.0000577 seconds, Stopping threads took: 0.0000103 seconds
2017-04-24T17:47:00.679+0800: 7310.352: Total time for which application threads were stopped: 0.0000497 seconds, Stopping threads took: 0.0000083 seconds
2017-04-24T17:47:00.682+0800: 7310.355: Total time for which application threads were stopped: 0.0000840 seconds, Stopping threads took: 0.0000170 seconds
2017-04-24T17:47:10.428+0800: 7320.100: Total time for which application threads were stopped: 0.0002075 seconds, Stopping threads took: 0.0000385 seconds
2017-04-24T17:47:10.429+0800: 7320.101: Total time for which application threads were stopped: 0.0001623 seconds, Stopping threads took: 0.0000292 seconds
2017-04-24T17:47:10.750+0800: 7320.422: Total time for which application threads were stopped: 0.0002483 seconds, Stopping threads took: 0.0000452 seconds
2017-04-24T17:47:10.750+0800: 7320.423: Total time for which application threads were stopped: 0.0002377 seconds, Stopping threads took: 0.0000417 seconds
2017-04-24T17:47:10.750+0800: 7320.423: Total time for which application threads were stopped: 0.0001960 seconds, Stopping threads took: 0.0000350 seconds
2017-04-24T17:47:10.750+0800: 7320.423: Total time for which application threads were stopped: 0.0002123 seconds, Stopping threads took: 0.0000411 seconds
2017-04-24T17:47:10.751+0800: 7320.424: Total time for which application threads were stopped: 0.0004404 seconds, Stopping threads took: 0.0000260 seconds
2017-04-24T17:47:10.763+0800: 7320.435: Total time for which application threads were stopped: 0.0002220 seconds, Stopping threads took: 0.0000439 seconds
2017-04-24T17:47:20.426+0800: 7330.098: Total time for which application threads were stopped: 0.0001633 seconds, Stopping threads took: 0.0000318 seconds
2017-04-24T17:47:20.426+0800: 7330.099: Total time for which application threads were stopped: 0.0000805 seconds, Stopping threads took: 0.0000138 seconds
2017-04-24T17:47:20.778+0800: 7330.450: Total time for which application threads were stopped: 0.0002598 seconds, Stopping threads took: 0.0000504 seconds
2017-04-24T17:47:20.792+0800: 7330.465: Total time for which application threads were stopped: 0.0002726 seconds, Stopping threads took: 0.0000571 seconds
2017-04-24T17:47:30.432+0800: 7340.105: Total time for which application threads were stopped: 0.0001780 seconds, Stopping threads took: 0.0000353 seconds
2017-04-24T17:47:30.433+0800: 7340.105: Total time for which application threads were stopped: 0.0001264 seconds, Stopping threads took: 0.0000250 seconds
2017-04-24T17:47:30.744+0800: 7340.417: Total time for which application threads were stopped: 0.0002264 seconds, Stopping threads took: 0.0000439 seconds
2017-04-24T17:47:30.744+0800: 7340.417: Total time for which application threads were stopped: 0.0001370 seconds, Stopping threads took: 0.0000244 seconds
2017-04-24T17:47:30.745+0800: 7340.417: Total time for which application threads were stopped: 0.0001289 seconds, Stopping threads took: 0.0000228 seconds
2017-04-24T17:47:30.745+0800: 7340.417: Total time for which application threads were stopped: 0.0001251 seconds, Stopping threads took: 0.0000225 seconds
2017-04-24T17:47:30.745+0800: 7340.418: Total time for which application threads were stopped: 0.0001251 seconds, Stopping threads took: 0.0000225 seconds
2017-04-24T17:47:30.756+0800: 7340.428: Total time for which application threads were stopped: 0.0002588 seconds, Stopping threads took: 0.0000709 seconds
2017-04-24T17:47:40.420+0800: 7350.092: Total time for which application threads were stopped: 0.0001350 seconds, Stopping threads took: 0.0000260 seconds
2017-04-24T17:47:40.420+0800: 7350.093: Total time for which application threads were stopped: 0.0000837 seconds, Stopping threads took: 0.0000237 seconds
2017-04-24T17:47:40.713+0800: 7350.385: Total time for which application threads were stopped: 0.0002306 seconds, Stopping threads took: 0.0000443 seconds
2017-04-24T17:47:40.713+0800: 7350.386: Total time for which application threads were stopped: 0.0001373 seconds, Stopping threads took: 0.0000247 seconds
2017-04-24T17:47:40.713+0800: 7350.386: Total time for which application threads were stopped: 0.0001257 seconds, Stopping threads took: 0.0000225 seconds
2017-04-24T17:47:40.714+0800: 7350.386: Total time for which application threads were stopped: 0.0001982 seconds, Stopping threads took: 0.0000382 seconds
2017-04-24T17:47:40.714+0800: 7350.386: Total time for which application threads were stopped: 0.0001360 seconds, Stopping threads took: 0.0000247 seconds
2017-04-24T17:47:40.724+0800: 7350.396: Total time for which application threads were stopped: 0.0002313 seconds, Stopping threads took: 0.0000478 seconds
2017-04-24T17:47:50.416+0800: 7360.089: Total time for which application threads were stopped: 0.0001091 seconds, Stopping threads took: 0.0000208 seconds
2017-04-24T17:47:50.416+0800: 7360.089: Total time for which application threads were stopped: 0.0000882 seconds, Stopping threads took: 0.0000160 seconds
2017-04-24T17:47:50.720+0800: 7360.393: Total time for which application threads were stopped: 0.0001742 seconds, Stopping threads took: 0.0000356 seconds
2017-04-24T17:47:50.721+0800: 7360.393: Total time for which application threads were stopped: 0.0001315 seconds, Stopping threads took: 0.0000253 seconds
2017-04-24T17:47:50.721+0800: 7360.393: Total time for which application threads were stopped: 0.0001097 seconds, Stopping threads took: 0.0000225 seconds
2017-04-24T17:47:50.721+0800: 7360.393: Total time for which application threads were stopped: 0.0000956 seconds, Stopping threads took: 0.0000183 seconds
2017-04-24T17:47:50.721+0800: 7360.393: Total time for which application threads were stopped: 0.0000965 seconds, Stopping threads took: 0.0000186 seconds
2017-04-24T17:47:50.729+0800: 7360.401: Total time for which application threads were stopped: 0.0001854 seconds, Stopping threads took: 0.0000346 seconds
{Heap before GC invocations=70 (full 2):
 par new generation   total 109248K, used 92465K [0x00000000e0000000, 0x00000000e8000000, 0x00000000e8000000)
  eden space 87424K, 100% used [0x00000000e0000000, 0x00000000e5560000, 0x00000000e5560000)
  from space 21824K,  23% used [0x00000000e5560000, 0x00000000e5a4c6a8, 0x00000000e6ab0000)
  to   space 21824K,   0% used [0x00000000e6ab0000, 0x00000000e6ab0000, 0x00000000e8000000)
 concurrent mark-sweep generation total 393216K, used 18349K [0x00000000e8000000, 0x0000000100000000, 0x0000000100000000)
 Metaspace       used 42664K, capacity 43480K, committed 43800K, reserved 1087488K
  class space    used 4602K, capacity 4830K, committed 4940K, reserved 1048576K
2017-04-24T17:48:00.424+0800: 7370.096: [GC (Allocation Failure) 2017-04-24T17:48:00.424+0800: 7370.096: [ParNew
Desired survivor size 20112992 bytes, new threshold 8 (max 8)
- age   1:    2741296 bytes,    2741296 total
- age   2:    1235136 bytes,    3976432 total
- age   3:      65264 bytes,    4041696 total
- age   4:      10728 bytes,    4052424 total
- age   5:      12400 bytes,    4064824 total
- age   6:       9144 bytes,    4073968 total
- age   7:      11312 bytes,    4085280 total
- age   8:       9848 bytes,    4095128 total
: 92465K->5705K(109248K), 0.0053525 secs] 110815K->24066K(502464K), 0.0054369 secs] [Times: user=0.06 sys=0.00, real=0.00 secs] 
Heap after GC invocations=71 (full 2):
 par new generation   total 109248K, used 5705K [0x00000000e0000000, 0x00000000e8000000, 0x00000000e8000000)
  eden space 87424K,   0% used [0x00000000e0000000, 0x00000000e0000000, 0x00000000e5560000)
  from space 21824K,  26% used [0x00000000e6ab0000, 0x00000000e70424a8, 0x00000000e8000000)
  to   space 21824K,   0% used [0x00000000e5560000, 0x00000000e5560000, 0x00000000e6ab0000)
 concurrent mark-sweep generation total 393216K, used 18361K [0x00000000e8000000, 0x0000000100000000, 0x0000000100000000)
 Metaspace       used 42664K, capacity 43480K, committed 43800K, reserved 1087488K
  class space    used 4602K, capacity 4830K, committed 4940K, reserved 1048576K
}
2017-04-24T17:48:00.429+0800: 7370.102: Total time for which application threads were stopped: 0.0056729 seconds, Stopping threads took: 0.0000250 seconds
2017-04-24T17:48:00.430+0800: 7370.102: Total time for which application threads were stopped: 0.0002200 seconds, Stopping threads took: 0.0000423 seconds
2017-04-24T17:48:00.430+0800: 7370.102: Total time for which application threads were stopped: 0.0001892 seconds, Stopping threads took: 0.0000731 seconds
2017-04-24T17:48:00.430+0800: 7370.103: Total time for which application threads were stopped: 0.0000911 seconds, Stopping threads took: 0.0000215 seconds
2017-04-24T17:48:00.430+0800: 7370.103: Total time for which application threads were stopped: 0.0000802 seconds, Stopping threads took: 0.0000212 seconds
2017-04-24T17:48:00.431+0800: 7370.103: Total time for which application threads were stopped: 0.0000962 seconds, Stopping threads took: 0.0000356 seconds
2017-04-24T17:48:00.431+0800: 7370.103: Total time for which application threads were stopped: 0.0000641 seconds, Stopping threads took: 0.0000196 seconds
2017-04-24T17:48:00.431+0800: 7370.103: Total time for which application threads were stopped: 0.0000879 seconds, Stopping threads took: 0.0000301 seconds
2017-04-24T17:48:00.431+0800: 7370.103: Total time for which application threads were stopped: 0.0000651 seconds, Stopping threads took: 0.0000199 seconds
2017-04-24T17:48:00.431+0800: 7370.104: Total time for which application threads were stopped: 0.0000760 seconds, Stopping threads took: 0.0000285 seconds
2017-04-24T17:48:00.431+0800: 7370.104: Total time for which application threads were stopped: 0.0000667 seconds, Stopping threads took: 0.0000096 seconds
2017-04-24T17:48:00.431+0800: 7370.104: Total time for which application threads were stopped: 0.0000638 seconds, Stopping threads took: 0.0000119 seconds
2017-04-24T17:48:00.432+0800: 7370.104: Total time for which application threads were stopped: 0.0000664 seconds, Stopping threads took: 0.0000138 seconds
2017-04-24T17:48:00.432+0800: 7370.104: Total time for which application threads were stopped: 0.0000706 seconds, Stopping threads took: 0.0000186 seconds
2017-04-24T17:48:00.432+0800: 7370.104: Total time for which application threads were stopped: 0.0000504 seconds, Stopping threads took: 0.0000106 seconds
2017-04-24T17:48:00.432+0800: 7370.104: Total time for which application threads were stopped: 0.0000581 seconds, Stopping threads took: 0.0000144 seconds
2017-04-24T17:48:00.432+0800: 7370.104: Total time for which application threads were stopped: 0.0000606 seconds, Stopping threads took: 0.0000192 seconds
2017-04-24T17:48:00.432+0800: 7370.104: Total time for which application threads were stopped: 0.0000648 seconds, Stopping threads took: 0.0000208 seconds
2017-04-24T17:48:00.432+0800: 7370.105: Total time for which application threads were stopped: 0.0000529 seconds, Stopping threads took: 0.0000115 seconds
2017-04-24T17:48:00.432+0800: 7370.105: Total time for which application threads were stopped: 0.0000674 seconds, Stopping threads took: 0.0000160 seconds
2017-04-24T17:48:00.433+0800: 7370.105: Total time for which application threads were stopped: 0.0000677 seconds, Stopping threads took: 0.0000144 seconds
2017-04-24T17:48:00.433+0800: 7370.105: Total time for which application threads were stopped: 0.0000603 seconds, Stopping threads took: 0.0000128 seconds
2017-04-24T17:48:00.433+0800: 7370.105: Total time for which application threads were stopped: 0.0000574 seconds, Stopping threads took: 0.0000115 seconds
2017-04-24T17:48:00.863+0800: 7370.535: Total time for which application threads were stopped: 0.0001033 seconds, Stopping threads took: 0.0000208 seconds
2017-04-24T17:48:00.863+0800: 7370.536: Total time for which application threads were stopped: 0.0000568 seconds, Stopping threads took: 0.0000112 seconds
2017-04-24T17:48:00.863+0800: 7370.536: Total time for which application threads were stopped: 0.0000465 seconds, Stopping threads took: 0.0000096 seconds
2017-04-24T17:48:00.863+0800: 7370.536: Total time for which application threads were stopped: 0.0000378 seconds, Stopping threads took: 0.0000064 seconds
2017-04-24T17:48:00.863+0800: 7370.536: Total time for which application threads were stopped: 0.0000340 seconds, Stopping threads took: 0.0000064 seconds
2017-04-24T17:48:00.866+0800: 7370.538: Total time for which application threads were stopped: 0.0000526 seconds, Stopping threads took: 0.0000109 seconds
2017-04-24T17:48:10.428+0800: 7380.101: Total time for which application threads were stopped: 0.0001761 seconds, Stopping threads took: 0.0000359 seconds
2017-04-24T17:48:10.429+0800: 7380.102: Total time for which application threads were stopped: 0.0001337 seconds, Stopping threads took: 0.0000273 seconds
2017-04-24T17:48:10.708+0800: 7380.380: Total time for which application threads were stopped: 0.0001966 seconds, Stopping threads took: 0.0000378 seconds
2017-04-24T17:48:10.708+0800: 7380.381: Total time for which application threads were stopped: 0.0002033 seconds, Stopping threads took: 0.0000770 seconds
2017-04-24T17:48:10.708+0800: 7380.381: Total time for which application threads were stopped: 0.0001017 seconds, Stopping threads took: 0.0000180 seconds
2017-04-24T17:48:10.708+0800: 7380.381: Total time for which application threads were stopped: 0.0000943 seconds, Stopping threads took: 0.0000173 seconds
2017-04-24T17:48:10.709+0800: 7380.381: Total time for which application threads were stopped: 0.0001177 seconds, Stopping threads took: 0.0000404 seconds
2017-04-24T17:48:10.716+0800: 7380.389: Total time for which application threads were stopped: 0.0001806 seconds, Stopping threads took: 0.0000366 seconds
2017-04-24T17:48:20.427+0800: 7390.100: Total time for which application threads were stopped: 0.0002162 seconds, Stopping threads took: 0.0000555 seconds
2017-04-24T17:48:20.428+0800: 7390.100: Total time for which application threads were stopped: 0.0001645 seconds, Stopping threads took: 0.0000285 seconds
2017-04-24T17:48:20.700+0800: 7390.373: Total time for which application threads were stopped: 0.0002094 seconds, Stopping threads took: 0.0000382 seconds
2017-04-24T17:48:20.700+0800: 7390.373: Total time for which application threads were stopped: 0.0001116 seconds, Stopping threads took: 0.0000186 seconds
2017-04-24T17:48:20.700+0800: 7390.373: Total time for which application threads were stopped: 0.0001017 seconds, Stopping threads took: 0.0000176 seconds
2017-04-24T17:48:20.701+0800: 7390.373: Total time for which application threads were stopped: 0.0001588 seconds, Stopping threads took: 0.0000285 seconds
2017-04-24T17:48:20.701+0800: 7390.374: Total time for which application threads were stopped: 0.0003458 seconds, Stopping threads took: 0.0000180 seconds
2017-04-24T17:48:20.708+0800: 7390.381: Total time for which application threads were stopped: 0.0001934 seconds, Stopping threads took: 0.0000391 seconds
2017-04-24T17:48:30.425+0800: 7400.098: Total time for which application threads were stopped: 0.0001655 seconds, Stopping threads took: 0.0000257 seconds
2017-04-24T17:48:30.426+0800: 7400.098: Total time for which application threads were stopped: 0.0000940 seconds, Stopping threads took: 0.0000164 seconds
2017-04-24T17:48:30.736+0800: 7400.409: Total time for which application threads were stopped: 0.0004413 seconds, Stopping threads took: 0.0000372 seconds
2017-04-24T17:48:30.744+0800: 7400.416: Total time for which application threads were stopped: 0.0001944 seconds, Stopping threads took: 0.0000369 seconds
2017-04-24T17:48:40.430+0800: 7410.102: Total time for which application threads were stopped: 0.0002024 seconds, Stopping threads took: 0.0000372 seconds
2017-04-24T17:48:40.430+0800: 7410.103: Total time for which application threads were stopped: 0.0001758 seconds, Stopping threads took: 0.0000340 seconds
2017-04-24T17:48:40.753+0800: 7410.426: Total time for which application threads were stopped: 0.0002040 seconds, Stopping threads took: 0.0000536 seconds
2017-04-24T17:48:40.754+0800: 7410.426: Total time for which application threads were stopped: 0.0001568 seconds, Stopping threads took: 0.0000359 seconds
2017-04-24T17:48:40.754+0800: 7410.427: Total time for which application threads were stopped: 0.0001421 seconds, Stopping threads took: 0.0000289 seconds
2017-04-24T17:48:40.755+0800: 7410.427: Total time for which application threads were stopped: 0.0001347 seconds, Stopping threads took: 0.0000356 seconds
2017-04-24T17:48:40.755+0800: 7410.427: Total time for which application threads were stopped: 0.0001443 seconds, Stopping threads took: 0.0000311 seconds
2017-04-24T17:48:40.755+0800: 7410.427: Total time for which application threads were stopped: 0.0001190 seconds, Stopping threads took: 0.0000237 seconds
2017-04-24T17:48:40.762+0800: 7410.434: Total time for which application threads were stopped: 0.0001591 seconds, Stopping threads took: 0.0000321 seconds
2017-04-24T17:48:50.436+0800: 7420.108: Total time for which application threads were stopped: 0.0001617 seconds, Stopping threads took: 0.0000423 seconds
2017-04-24T17:48:50.436+0800: 7420.109: Total time for which application threads were stopped: 0.0001065 seconds, Stopping threads took: 0.0000273 seconds
2017-04-24T17:48:50.664+0800: 7420.336: Total time for which application threads were stopped: 0.0002098 seconds, Stopping threads took: 0.0000616 seconds
2017-04-24T17:48:50.664+0800: 7420.337: Total time for which application threads were stopped: 0.0001620 seconds, Stopping threads took: 0.0000632 seconds
2017-04-24T17:48:50.665+0800: 7420.338: Total time for which application threads were stopped: 0.0001498 seconds, Stopping threads took: 0.0000311 seconds
2017-04-24T17:48:50.665+0800: 7420.338: Total time for which application threads were stopped: 0.0001825 seconds, Stopping threads took: 0.0000513 seconds
2017-04-24T17:48:50.665+0800: 7420.338: Total time for which application threads were stopped: 0.0001395 seconds, Stopping threads took: 0.0000372 seconds
2017-04-24T17:48:50.666+0800: 7420.338: Total time for which application threads were stopped: 0.0001370 seconds, Stopping threads took: 0.0000372 seconds
2017-04-24T17:48:50.666+0800: 7420.338: Total time for which application threads were stopped: 0.0001370 seconds, Stopping threads took: 0.0000385 seconds
2017-04-24T17:48:50.678+0800: 7420.351: Total time for which application threads were stopped: 0.0002463 seconds, Stopping threads took: 0.0000571 seconds
2017-04-24T17:49:00.422+0800: 7430.095: Total time for which application threads were stopped: 0.0001305 seconds, Stopping threads took: 0.0000420 seconds
2017-04-24T17:49:00.423+0800: 7430.095: Total time for which application threads were stopped: 0.0001030 seconds, Stopping threads took: 0.0000183 seconds
2017-04-24T17:49:00.714+0800: 7430.387: Total time for which application threads were stopped: 0.0002005 seconds, Stopping threads took: 0.0000520 seconds
2017-04-24T17:49:00.715+0800: 7430.387: Total time for which application threads were stopped: 0.0001831 seconds, Stopping threads took: 0.0000658 seconds
2017-04-24T17:49:00.716+0800: 7430.389: Total time for which application threads were stopped: 0.0001921 seconds, Stopping threads took: 0.0000446 seconds
2017-04-24T17:49:00.717+0800: 7430.389: Total time for which application threads were stopped: 0.0001052 seconds, Stopping threads took: 0.0000266 seconds
2017-04-24T17:49:00.717+0800: 7430.389: Total time for which application threads were stopped: 0.0001241 seconds, Stopping threads took: 0.0000225 seconds
2017-04-24T17:49:00.717+0800: 7430.389: Total time for which application threads were stopped: 0.0000991 seconds, Stopping threads took: 0.0000231 seconds
2017-04-24T17:49:00.717+0800: 7430.390: Total time for which application threads were stopped: 0.0001030 seconds, Stopping threads took: 0.0000228 seconds
2017-04-24T17:49:00.727+0800: 7430.399: Total time for which application threads were stopped: 0.0003753 seconds, Stopping threads took: 0.0000369 seconds
2017-04-24T17:49:10.406+0800: 7440.078: Total time for which application threads were stopped: 0.0003220 seconds, Stopping threads took: 0.0000375 seconds
2017-04-24T17:49:10.428+0800: 7440.100: Total time for which application threads were stopped: 0.0004224 seconds, Stopping threads took: 0.0000340 seconds
2017-04-24T17:49:10.428+0800: 7440.101: Total time for which application threads were stopped: 0.0002864 seconds, Stopping threads took: 0.0000228 seconds
2017-04-24T17:49:10.740+0800: 7440.412: Total time for which application threads were stopped: 0.0001386 seconds, Stopping threads took: 0.0000359 seconds
2017-04-24T17:49:10.740+0800: 7440.412: Total time for which application threads were stopped: 0.0000577 seconds, Stopping threads took: 0.0000109 seconds
2017-04-24T17:49:10.740+0800: 7440.412: Total time for which application threads were stopped: 0.0000577 seconds, Stopping threads took: 0.0000122 seconds
2017-04-24T17:49:10.740+0800: 7440.413: Total time for which application threads were stopped: 0.0000904 seconds, Stopping threads took: 0.0000157 seconds
2017-04-24T17:49:10.741+0800: 7440.413: Total time for which application threads were stopped: 0.0000795 seconds, Stopping threads took: 0.0000099 seconds
2017-04-24T17:49:10.741+0800: 7440.413: Total time for which application threads were stopped: 0.0000722 seconds, Stopping threads took: 0.0000141 seconds
2017-04-24T17:49:10.741+0800: 7440.413: Total time for which application threads were stopped: 0.0000609 seconds, Stopping threads took: 0.0000115 seconds
2017-04-24T17:49:10.741+0800: 7440.413: Total time for which application threads were stopped: 0.0000725 seconds, Stopping threads took: 0.0000141 seconds
2017-04-24T17:49:11.741+0800: 7441.414: Total time for which application threads were stopped: 0.0002098 seconds, Stopping threads took: 0.0000558 seconds
2017-04-24T17:49:20.422+0800: 7450.094: Total time for which application threads were stopped: 0.0001456 seconds, Stopping threads took: 0.0000292 seconds
2017-04-24T17:49:20.422+0800: 7450.095: Total time for which application threads were stopped: 0.0002069 seconds, Stopping threads took: 0.0000282 seconds
2017-04-24T17:49:20.751+0800: 7450.423: Total time for which application threads were stopped: 0.0001257 seconds, Stopping threads took: 0.0000301 seconds
2017-04-24T17:49:20.751+0800: 7450.423: Total time for which application threads were stopped: 0.0000940 seconds, Stopping threads took: 0.0000327 seconds
2017-04-24T17:49:20.751+0800: 7450.423: Total time for which application threads were stopped: 0.0000629 seconds, Stopping threads took: 0.0000103 seconds
2017-04-24T17:49:20.751+0800: 7450.424: Total time for which application threads were stopped: 0.0000767 seconds, Stopping threads took: 0.0000103 seconds
2017-04-24T17:49:20.751+0800: 7450.424: Total time for which application threads were stopped: 0.0000561 seconds, Stopping threads took: 0.0000087 seconds
2017-04-24T17:49:20.751+0800: 7450.424: Total time for which application threads were stopped: 0.0000513 seconds, Stopping threads took: 0.0000083 seconds
2017-04-24T17:49:20.752+0800: 7450.424: Total time for which application threads were stopped: 0.0000510 seconds, Stopping threads took: 0.0000083 seconds
2017-04-24T17:49:20.752+0800: 7450.424: Total time for which application threads were stopped: 0.0000641 seconds, Stopping threads took: 0.0000122 seconds
2017-04-24T17:49:30.425+0800: 7460.098: Total time for which application threads were stopped: 0.0002139 seconds, Stopping threads took: 0.0000523 seconds
2017-04-24T17:49:30.426+0800: 7460.098: Total time for which application threads were stopped: 0.0001264 seconds, Stopping threads took: 0.0000180 seconds
2017-04-24T17:49:30.734+0800: 7460.407: Total time for which application threads were stopped: 0.0001485 seconds, Stopping threads took: 0.0000414 seconds
2017-04-24T17:49:30.735+0800: 7460.407: Total time for which application threads were stopped: 0.0000837 seconds, Stopping threads took: 0.0000144 seconds
2017-04-24T17:49:30.735+0800: 7460.407: Total time for which application threads were stopped: 0.0001026 seconds, Stopping threads took: 0.0000388 seconds
2017-04-24T17:49:30.735+0800: 7460.408: Total time for which application threads were stopped: 0.0001007 seconds, Stopping threads took: 0.0000176 seconds
2017-04-24T17:49:30.735+0800: 7460.408: Total time for which application threads were stopped: 0.0000702 seconds, Stopping threads took: 0.0000115 seconds
2017-04-24T17:49:30.735+0800: 7460.408: Total time for which application threads were stopped: 0.0000629 seconds, Stopping threads took: 0.0000106 seconds
2017-04-24T17:49:30.735+0800: 7460.408: Total time for which application threads were stopped: 0.0000606 seconds, Stopping threads took: 0.0000106 seconds
2017-04-24T17:49:30.736+0800: 7460.408: Total time for which application threads were stopped: 0.0002181 seconds, Stopping threads took: 0.0000103 seconds
{Heap before GC invocations=71 (full 2):
 par new generation   total 109248K, used 93129K [0x00000000e0000000, 0x00000000e8000000, 0x00000000e8000000)
  eden space 87424K, 100% used [0x00000000e0000000, 0x00000000e5560000, 0x00000000e5560000)
  from space 21824K,  26% used [0x00000000e6ab0000, 0x00000000e70424a8, 0x00000000e8000000)
  to   space 21824K,   0% used [0x00000000e5560000, 0x00000000e5560000, 0x00000000e6ab0000)
 concurrent mark-sweep generation total 393216K, used 18361K [0x00000000e8000000, 0x0000000100000000, 0x0000000100000000)
 Metaspace       used 42680K, capacity 43480K, committed 43800K, reserved 1087488K
  class space    used 4602K, capacity 4830K, committed 4940K, reserved 1048576K
2017-04-24T17:49:40.441+0800: 7470.113: [GC (Allocation Failure) 2017-04-24T17:49:40.441+0800: 7470.113: [ParNew
Desired survivor size 20112992 bytes, new threshold 8 (max 8)
- age   1:    2750160 bytes,    2750160 total
- age   2:     694032 bytes,    3444192 total
- age   3:     610040 bytes,    4054232 total
- age   4:       9904 bytes,    4064136 total
- age   5:       9816 bytes,    4073952 total
- age   6:      10144 bytes,    4084096 total
- age   7:       9144 bytes,    4093240 total
- age   8:      11312 bytes,    4104552 total
: 93129K->4949K(109248K), 0.0060084 secs] 111490K->23320K(502464K), 0.0061040 secs] [Times: user=0.06 sys=0.00, real=0.01 secs] 
Heap after GC invocations=72 (full 2):
 par new generation   total 109248K, used 4949K [0x00000000e0000000, 0x00000000e8000000, 0x00000000e8000000)
  eden space 87424K,   0% used [0x00000000e0000000, 0x00000000e0000000, 0x00000000e5560000)
  from space 21824K,  22% used [0x00000000e5560000, 0x00000000e5a355d0, 0x00000000e6ab0000)
  to   space 21824K,   0% used [0x00000000e6ab0000, 0x00000000e6ab0000, 0x00000000e8000000)
 concurrent mark-sweep generation total 393216K, used 18370K [0x00000000e8000000, 0x0000000100000000, 0x0000000100000000)
 Metaspace       used 42680K, capacity 43480K, committed 43800K, reserved 1087488K
  class space    used 4602K, capacity 4830K, committed 4940K, reserved 1048576K
}
2017-04-24T17:49:40.447+0800: 7470.120: Total time for which application threads were stopped: 0.0063728 seconds, Stopping threads took: 0.0000295 seconds
2017-04-24T17:49:40.448+0800: 7470.120: Total time for which application threads were stopped: 0.0001568 seconds, Stopping threads took: 0.0000414 seconds
2017-04-24T17:49:40.448+0800: 7470.120: Total time for which application threads were stopped: 0.0001270 seconds, Stopping threads took: 0.0000404 seconds
2017-04-24T17:49:40.448+0800: 7470.120: Total time for which application threads were stopped: 0.0000879 seconds, Stopping threads took: 0.0000266 seconds
2017-04-24T17:49:40.448+0800: 7470.120: Total time for which application threads were stopped: 0.0000773 seconds, Stopping threads took: 0.0000225 seconds
2017-04-24T17:49:40.448+0800: 7470.121: Total time for which application threads were stopped: 0.0000709 seconds, Stopping threads took: 0.0000234 seconds
2017-04-24T17:49:40.448+0800: 7470.121: Total time for which application threads were stopped: 0.0000622 seconds, Stopping threads took: 0.0000138 seconds
2017-04-24T17:49:40.448+0800: 7470.121: Total time for which application threads were stopped: 0.0000645 seconds, Stopping threads took: 0.0000151 seconds
2017-04-24T17:49:40.449+0800: 7470.121: Total time for which application threads were stopped: 0.0000658 seconds, Stopping threads took: 0.0000125 seconds
2017-04-24T17:49:40.449+0800: 7470.121: Total time for which application threads were stopped: 0.0000914 seconds, Stopping threads took: 0.0000318 seconds
2017-04-24T17:49:40.449+0800: 7470.121: Total time for which application threads were stopped: 0.0000674 seconds, Stopping threads took: 0.0000125 seconds
2017-04-24T17:49:40.449+0800: 7470.121: Total time for which application threads were stopped: 0.0000667 seconds, Stopping threads took: 0.0000138 seconds
2017-04-24T17:49:40.449+0800: 7470.121: Total time for which application threads were stopped: 0.0001014 seconds, Stopping threads took: 0.0000372 seconds
2017-04-24T17:49:40.449+0800: 7470.122: Total time for which application threads were stopped: 0.0000937 seconds, Stopping threads took: 0.0000305 seconds
2017-04-24T17:49:40.449+0800: 7470.122: Total time for which application threads were stopped: 0.0000779 seconds, Stopping threads took: 0.0000231 seconds
2017-04-24T17:49:40.450+0800: 7470.122: Total time for which application threads were stopped: 0.0000834 seconds, Stopping threads took: 0.0000282 seconds
2017-04-24T17:49:40.450+0800: 7470.122: Total time for which application threads were stopped: 0.0000844 seconds, Stopping threads took: 0.0000269 seconds
2017-04-24T17:49:40.450+0800: 7470.122: Total time for which application threads were stopped: 0.0000725 seconds, Stopping threads took: 0.0000132 seconds
2017-04-24T17:49:40.450+0800: 7470.122: Total time for which application threads were stopped: 0.0000908 seconds, Stopping threads took: 0.0000253 seconds
2017-04-24T17:49:40.451+0800: 7470.123: Total time for which application threads were stopped: 0.0000985 seconds, Stopping threads took: 0.0000173 seconds
2017-04-24T17:49:40.451+0800: 7470.123: Total time for which application threads were stopped: 0.0001190 seconds, Stopping threads took: 0.0000212 seconds
2017-04-24T17:49:40.451+0800: 7470.123: Total time for which application threads were stopped: 0.0000751 seconds, Stopping threads took: 0.0000141 seconds
2017-04-24T17:49:40.451+0800: 7470.124: Total time for which application threads were stopped: 0.0000680 seconds, Stopping threads took: 0.0000122 seconds
2017-04-24T17:49:40.452+0800: 7470.124: Total time for which application threads were stopped: 0.0002284 seconds, Stopping threads took: 0.0000154 seconds
2017-04-24T17:49:40.452+0800: 7470.124: Total time for which application threads were stopped: 0.0001918 seconds, Stopping threads took: 0.0000154 seconds
2017-04-24T17:49:40.452+0800: 7470.124: Total time for which application threads were stopped: 0.0000747 seconds, Stopping threads took: 0.0000154 seconds
2017-04-24T17:49:40.762+0800: 7470.435: Total time for which application threads were stopped: 0.0002784 seconds, Stopping threads took: 0.0000715 seconds
2017-04-24T17:49:40.763+0800: 7470.436: Total time for which application threads were stopped: 0.0002547 seconds, Stopping threads took: 0.0001139 seconds
2017-04-24T17:49:40.763+0800: 7470.436: Total time for which application threads were stopped: 0.0001847 seconds, Stopping threads took: 0.0000475 seconds
2017-04-24T17:49:40.764+0800: 7470.437: Total time for which application threads were stopped: 0.0002123 seconds, Stopping threads took: 0.0000356 seconds
2017-04-24T17:49:50.437+0800: 7480.109: Total time for which application threads were stopped: 0.0001507 seconds, Stopping threads took: 0.0000337 seconds
2017-04-24T17:49:50.437+0800: 7480.109: Total time for which application threads were stopped: 0.0001103 seconds, Stopping threads took: 0.0000234 seconds
2017-04-24T17:49:50.746+0800: 7480.419: Total time for which application threads were stopped: 0.0001392 seconds, Stopping threads took: 0.0000279 seconds
2017-04-24T17:49:50.747+0800: 7480.419: Total time for which application threads were stopped: 0.0001450 seconds, Stopping threads took: 0.0000471 seconds
2017-04-24T17:49:50.747+0800: 7480.420: Total time for which application threads were stopped: 0.0000991 seconds, Stopping threads took: 0.0000279 seconds
2017-04-24T17:49:50.747+0800: 7480.420: Total time for which application threads were stopped: 0.0000840 seconds, Stopping threads took: 0.0000160 seconds
2017-04-24T17:49:50.747+0800: 7480.420: Total time for which application threads were stopped: 0.0000940 seconds, Stopping threads took: 0.0000189 seconds
2017-04-24T17:49:50.747+0800: 7480.420: Total time for which application threads were stopped: 0.0000683 seconds, Stopping threads took: 0.0000119 seconds
2017-04-24T17:49:50.748+0800: 7480.420: Total time for which application threads were stopped: 0.0000904 seconds, Stopping threads took: 0.0000196 seconds
2017-04-24T17:49:50.748+0800: 7480.420: Total time for which application threads were stopped: 0.0000718 seconds, Stopping threads took: 0.0000138 seconds
2017-04-24T17:50:00.414+0800: 7490.086: Total time for which application threads were stopped: 0.0001023 seconds, Stopping threads took: 0.0000205 seconds
2017-04-24T17:50:00.414+0800: 7490.087: Total time for which application threads were stopped: 0.0000930 seconds, Stopping threads took: 0.0000176 seconds
2017-04-24T17:50:00.673+0800: 7490.345: Total time for which application threads were stopped: 0.0001017 seconds, Stopping threads took: 0.0000234 seconds
2017-04-24T17:50:00.673+0800: 7490.345: Total time for which application threads were stopped: 0.0000901 seconds, Stopping threads took: 0.0000276 seconds
2017-04-24T17:50:00.673+0800: 7490.345: Total time for which application threads were stopped: 0.0000430 seconds, Stopping threads took: 0.0000103 seconds
2017-04-24T17:50:00.673+0800: 7490.346: Total time for which application threads were stopped: 0.0000471 seconds, Stopping threads took: 0.0000077 seconds
2017-04-24T17:50:00.673+0800: 7490.346: Total time for which application threads were stopped: 0.0000369 seconds, Stopping threads took: 0.0000071 seconds
2017-04-24T17:50:00.673+0800: 7490.346: Total time for which application threads were stopped: 0.0000350 seconds, Stopping threads took: 0.0000064 seconds
2017-04-24T17:50:00.673+0800: 7490.346: Total time for which application threads were stopped: 0.0000343 seconds, Stopping threads took: 0.0000064 seconds
2017-04-24T17:50:00.673+0800: 7490.346: Total time for which application threads were stopped: 0.0000353 seconds, Stopping threads took: 0.0000067 seconds
2017-04-24T17:50:10.415+0800: 7500.087: Total time for which application threads were stopped: 0.0001039 seconds, Stopping threads took: 0.0000244 seconds
2017-04-24T17:50:10.415+0800: 7500.088: Total time for which application threads were stopped: 0.0000641 seconds, Stopping threads took: 0.0000138 seconds
2017-04-24T17:50:10.693+0800: 7500.366: Total time for which application threads were stopped: 0.0002694 seconds, Stopping threads took: 0.0000574 seconds
2017-04-24T17:50:10.694+0800: 7500.366: Total time for which application threads were stopped: 0.0002835 seconds, Stopping threads took: 0.0001014 seconds
2017-04-24T17:50:10.694+0800: 7500.366: Total time for which application threads were stopped: 0.0001620 seconds, Stopping threads took: 0.0000324 seconds
2017-04-24T17:50:10.695+0800: 7500.367: Total time for which application threads were stopped: 0.0001600 seconds, Stopping threads took: 0.0000295 seconds
2017-04-24T17:50:10.695+0800: 7500.368: Total time for which application threads were stopped: 0.0001889 seconds, Stopping threads took: 0.0000375 seconds
2017-04-24T17:50:10.696+0800: 7500.368: Total time for which application threads were stopped: 0.0001857 seconds, Stopping threads took: 0.0000359 seconds
2017-04-24T17:50:10.696+0800: 7500.368: Total time for which application threads were stopped: 0.0002210 seconds, Stopping threads took: 0.0000690 seconds
2017-04-24T17:50:10.696+0800: 7500.368: Total time for which application threads were stopped: 0.0001597 seconds, Stopping threads took: 0.0000369 seconds
2017-04-24T17:50:11.696+0800: 7501.369: Total time for which application threads were stopped: 0.0001123 seconds, Stopping threads took: 0.0000295 seconds
2017-04-24T17:50:20.435+0800: 7510.108: Total time for which application threads were stopped: 0.0001617 seconds, Stopping threads took: 0.0000340 seconds
2017-04-24T17:50:20.436+0800: 7510.108: Total time for which application threads were stopped: 0.0000776 seconds, Stopping threads took: 0.0000141 seconds
2017-04-24T17:50:20.753+0800: 7510.425: Total time for which application threads were stopped: 0.0001584 seconds, Stopping threads took: 0.0000343 seconds
2017-04-24T17:50:20.754+0800: 7510.426: Total time for which application threads were stopped: 0.0001392 seconds, Stopping threads took: 0.0000221 seconds
2017-04-24T17:50:20.754+0800: 7510.426: Total time for which application threads were stopped: 0.0001097 seconds, Stopping threads took: 0.0000266 seconds
2017-04-24T17:50:20.754+0800: 7510.426: Total time for which application threads were stopped: 0.0000895 seconds, Stopping threads took: 0.0000167 seconds
2017-04-24T17:50:20.754+0800: 7510.427: Total time for which application threads were stopped: 0.0000962 seconds, Stopping threads took: 0.0000189 seconds
2017-04-24T17:50:20.755+0800: 7510.427: Total time for which application threads were stopped: 0.0000981 seconds, Stopping threads took: 0.0000170 seconds
2017-04-24T17:50:30.436+0800: 7520.109: Total time for which application threads were stopped: 0.0002569 seconds, Stopping threads took: 0.0000536 seconds
2017-04-24T17:50:30.437+0800: 7520.110: Total time for which application threads were stopped: 0.0002117 seconds, Stopping threads took: 0.0000433 seconds
2017-04-24T17:50:30.777+0800: 7520.449: Total time for which application threads were stopped: 0.0001334 seconds, Stopping threads took: 0.0000301 seconds
2017-04-24T17:50:30.777+0800: 7520.450: Total time for which application threads were stopped: 0.0002636 seconds, Stopping threads took: 0.0001825 seconds
2017-04-24T17:50:30.777+0800: 7520.450: Total time for which application threads were stopped: 0.0000747 seconds, Stopping threads took: 0.0000221 seconds
2017-04-24T17:50:30.778+0800: 7520.450: Total time for which application threads were stopped: 0.0000802 seconds, Stopping threads took: 0.0000173 seconds
2017-04-24T17:50:30.778+0800: 7520.450: Total time for which application threads were stopped: 0.0000597 seconds, Stopping threads took: 0.0000119 seconds
2017-04-24T17:50:30.778+0800: 7520.450: Total time for which application threads were stopped: 0.0000462 seconds, Stopping threads took: 0.0000109 seconds
2017-04-24T17:50:30.778+0800: 7520.450: Total time for which application threads were stopped: 0.0000488 seconds, Stopping threads took: 0.0000103 seconds
2017-04-24T17:50:30.778+0800: 7520.451: Total time for which application threads were stopped: 0.0000542 seconds, Stopping threads took: 0.0000125 seconds
2017-04-24T17:50:40.438+0800: 7530.111: Total time for which application threads were stopped: 0.0002704 seconds, Stopping threads took: 0.0000645 seconds
2017-04-24T17:50:40.439+0800: 7530.112: Total time for which application threads were stopped: 0.0002187 seconds, Stopping threads took: 0.0000391 seconds
2017-04-24T17:50:40.773+0800: 7530.445: Total time for which application threads were stopped: 0.0003576 seconds, Stopping threads took: 0.0001299 seconds
2017-04-24T17:50:40.773+0800: 7530.446: Total time for which application threads were stopped: 0.0003307 seconds, Stopping threads took: 0.0001107 seconds
2017-04-24T17:50:40.774+0800: 7530.446: Total time for which application threads were stopped: 0.0002229 seconds, Stopping threads took: 0.0000609 seconds
2017-04-24T17:50:40.775+0800: 7530.447: Total time for which application threads were stopped: 0.0002168 seconds, Stopping threads took: 0.0000356 seconds
2017-04-24T17:50:40.775+0800: 7530.448: Total time for which application threads were stopped: 0.0002066 seconds, Stopping threads took: 0.0000401 seconds
2017-04-24T17:50:40.776+0800: 7530.448: Total time for which application threads were stopped: 0.0001928 seconds, Stopping threads took: 0.0000362 seconds
2017-04-24T17:50:40.776+0800: 7530.448: Total time for which application threads were stopped: 0.0001774 seconds, Stopping threads took: 0.0000321 seconds
2017-04-24T17:50:40.776+0800: 7530.449: Total time for which application threads were stopped: 0.0004837 seconds, Stopping threads took: 0.0000295 seconds
2017-04-24T17:50:50.438+0800: 7540.111: Total time for which application threads were stopped: 0.0001617 seconds, Stopping threads took: 0.0000340 seconds
2017-04-24T17:50:50.439+0800: 7540.111: Total time for which application threads were stopped: 0.0001142 seconds, Stopping threads took: 0.0000196 seconds
2017-04-24T17:50:50.765+0800: 7540.438: Total time for which application threads were stopped: 0.0001828 seconds, Stopping threads took: 0.0000401 seconds
2017-04-24T17:50:50.766+0800: 7540.438: Total time for which application threads were stopped: 0.0001915 seconds, Stopping threads took: 0.0000558 seconds
2017-04-24T17:50:50.766+0800: 7540.438: Total time for which application threads were stopped: 0.0002027 seconds, Stopping threads took: 0.0000844 seconds
2017-04-24T17:50:50.767+0800: 7540.439: Total time for which application threads were stopped: 0.0001286 seconds, Stopping threads took: 0.0000208 seconds
2017-04-24T17:50:50.773+0800: 7540.445: Total time for which application threads were stopped: 0.0001572 seconds, Stopping threads took: 0.0000289 seconds
2017-04-24T17:51:00.436+0800: 7550.109: Total time for which application threads were stopped: 0.0002046 seconds, Stopping threads took: 0.0000372 seconds
2017-04-24T17:51:00.438+0800: 7550.110: Total time for which application threads were stopped: 0.0002957 seconds, Stopping threads took: 0.0000558 seconds
2017-04-24T17:51:00.741+0800: 7550.414: Total time for which application threads were stopped: 0.0002489 seconds, Stopping threads took: 0.0000536 seconds
2017-04-24T17:51:00.742+0800: 7550.414: Total time for which application threads were stopped: 0.0001934 seconds, Stopping threads took: 0.0000417 seconds
2017-04-24T17:51:00.743+0800: 7550.416: Total time for which application threads were stopped: 0.0002560 seconds, Stopping threads took: 0.0000439 seconds
2017-04-24T17:51:00.743+0800: 7550.416: Total time for which application threads were stopped: 0.0002300 seconds, Stopping threads took: 0.0000350 seconds
2017-04-24T17:51:00.744+0800: 7550.416: Total time for which application threads were stopped: 0.0001283 seconds, Stopping threads took: 0.0000253 seconds
2017-04-24T17:51:00.744+0800: 7550.416: Total time for which application threads were stopped: 0.0001277 seconds, Stopping threads took: 0.0000247 seconds
2017-04-24T17:51:00.744+0800: 7550.417: Total time for which application threads were stopped: 0.0001459 seconds, Stopping threads took: 0.0000282 seconds
2017-04-24T17:51:00.752+0800: 7550.425: Total time for which application threads were stopped: 0.0001443 seconds, Stopping threads took: 0.0000314 seconds
2017-04-24T17:51:10.442+0800: 7560.114: Total time for which application threads were stopped: 0.0001767 seconds, Stopping threads took: 0.0000382 seconds
2017-04-24T17:51:10.442+0800: 7560.115: Total time for which application threads were stopped: 0.0000975 seconds, Stopping threads took: 0.0000189 seconds
2017-04-24T17:51:10.762+0800: 7560.434: Total time for which application threads were stopped: 0.0002697 seconds, Stopping threads took: 0.0000574 seconds
2017-04-24T17:51:10.762+0800: 7560.434: Total time for which application threads were stopped: 0.0002277 seconds, Stopping threads took: 0.0000446 seconds
2017-04-24T17:51:10.763+0800: 7560.436: Total time for which application threads were stopped: 0.0002143 seconds, Stopping threads took: 0.0000385 seconds
2017-04-24T17:51:10.764+0800: 7560.436: Total time for which application threads were stopped: 0.0001674 seconds, Stopping threads took: 0.0000282 seconds
2017-04-24T17:51:10.764+0800: 7560.436: Total time for which application threads were stopped: 0.0001485 seconds, Stopping threads took: 0.0000244 seconds
2017-04-24T17:51:10.764+0800: 7560.437: Total time for which application threads were stopped: 0.0001472 seconds, Stopping threads took: 0.0000247 seconds
2017-04-24T17:51:10.764+0800: 7560.437: Total time for which application threads were stopped: 0.0001459 seconds, Stopping threads took: 0.0000241 seconds
2017-04-24T17:51:10.774+0800: 7560.446: Total time for which application threads were stopped: 0.0002976 seconds, Stopping threads took: 0.0000481 seconds
2017-04-24T17:51:20.437+0800: 7570.109: Total time for which application threads were stopped: 0.0001594 seconds, Stopping threads took: 0.0000321 seconds
2017-04-24T17:51:20.437+0800: 7570.110: Total time for which application threads were stopped: 0.0001123 seconds, Stopping threads took: 0.0000192 seconds
{Heap before GC invocations=72 (full 2):
 par new generation   total 109248K, used 92373K [0x00000000e0000000, 0x00000000e8000000, 0x00000000e8000000)
  eden space 87424K, 100% used [0x00000000e0000000, 0x00000000e5560000, 0x00000000e5560000)
  from space 21824K,  22% used [0x00000000e5560000, 0x00000000e5a355d0, 0x00000000e6ab0000)
  to   space 21824K,   0% used [0x00000000e6ab0000, 0x00000000e6ab0000, 0x00000000e8000000)
 concurrent mark-sweep generation total 393216K, used 18370K [0x00000000e8000000, 0x0000000100000000, 0x0000000100000000)
 Metaspace       used 42680K, capacity 43480K, committed 43800K, reserved 1087488K
  class space    used 4602K, capacity 4830K, committed 4940K, reserved 1048576K
2017-04-24T17:51:20.536+0800: 7570.209: [GC (Allocation Failure) 2017-04-24T17:51:20.536+0800: 7570.209: [ParNew
Desired survivor size 20112992 bytes, new threshold 8 (max 8)
- age   1:    2537152 bytes,    2537152 total
- age   2:     716248 bytes,    3253400 total
- age   3:      67672 bytes,    3321072 total
- age   4:     554336 bytes,    3875408 total
- age   5:       8992 bytes,    3884400 total
- age   6:       9576 bytes,    3893976 total
- age   7:      10144 bytes,    3904120 total
- age   8:       9144 bytes,    3913264 total
: 92373K->5017K(109248K), 0.0089573 secs] 110744K->23399K(502464K), 0.0090850 secs] [Times: user=0.06 sys=0.00, real=0.01 secs] 
Heap after GC invocations=73 (full 2):
 par new generation   total 109248K, used 5017K [0x00000000e0000000, 0x00000000e8000000, 0x00000000e8000000)
  eden space 87424K,   0% used [0x00000000e0000000, 0x00000000e0000000, 0x00000000e5560000)
  from space 21824K,  22% used [0x00000000e6ab0000, 0x00000000e6f96570, 0x00000000e8000000)
  to   space 21824K,   0% used [0x00000000e5560000, 0x00000000e5560000, 0x00000000e6ab0000)
 concurrent mark-sweep generation total 393216K, used 18381K [0x00000000e8000000, 0x0000000100000000, 0x0000000100000000)
 Metaspace       used 42680K, capacity 43480K, committed 43800K, reserved 1087488K
  class space    used 4602K, capacity 4830K, committed 4940K, reserved 1048576K
}
2017-04-24T17:51:20.545+0800: 7570.218: Total time for which application threads were stopped: 0.0094519 seconds, Stopping threads took: 0.0000353 seconds
2017-04-24T17:51:20.546+0800: 7570.219: Total time for which application threads were stopped: 0.0001767 seconds, Stopping threads took: 0.0000346 seconds
2017-04-24T17:51:20.809+0800: 7570.482: Total time for which application threads were stopped: 0.0001049 seconds, Stopping threads took: 0.0000221 seconds
2017-04-24T17:51:20.810+0800: 7570.482: Total time for which application threads were stopped: 0.0000795 seconds, Stopping threads took: 0.0000157 seconds
2017-04-24T17:51:20.810+0800: 7570.482: Total time for which application threads were stopped: 0.0000597 seconds, Stopping threads took: 0.0000090 seconds
2017-04-24T17:51:20.810+0800: 7570.483: Total time for which application threads were stopped: 0.0000504 seconds, Stopping threads took: 0.0000083 seconds
2017-04-24T17:51:20.810+0800: 7570.483: Total time for which application threads were stopped: 0.0000465 seconds, Stopping threads took: 0.0000071 seconds
2017-04-24T17:51:20.810+0800: 7570.483: Total time for which application threads were stopped: 0.0000561 seconds, Stopping threads took: 0.0000071 seconds
2017-04-24T17:51:20.810+0800: 7570.483: Total time for which application threads were stopped: 0.0000443 seconds, Stopping threads took: 0.0000080 seconds
2017-04-24T17:51:20.813+0800: 7570.485: Total time for which application threads were stopped: 0.0000571 seconds, Stopping threads took: 0.0000112 seconds
2017-04-24T17:51:30.443+0800: 7580.116: Total time for which application threads were stopped: 0.0002662 seconds, Stopping threads took: 0.0000529 seconds
2017-04-24T17:51:30.444+0800: 7580.117: Total time for which application threads were stopped: 0.0001934 seconds, Stopping threads took: 0.0000318 seconds
2017-04-24T17:51:30.772+0800: 7580.444: Total time for which application threads were stopped: 0.0003134 seconds, Stopping threads took: 0.0000876 seconds
2017-04-24T17:51:30.772+0800: 7580.445: Total time for which application threads were stopped: 0.0002396 seconds, Stopping threads took: 0.0000491 seconds
2017-04-24T17:51:30.773+0800: 7580.446: Total time for which application threads were stopped: 0.0001831 seconds, Stopping threads took: 0.0000276 seconds
2017-04-24T17:51:30.773+0800: 7580.446: Total time for which application threads were stopped: 0.0001562 seconds, Stopping threads took: 0.0000269 seconds
2017-04-24T17:51:30.774+0800: 7580.446: Total time for which application threads were stopped: 0.0001507 seconds, Stopping threads took: 0.0000263 seconds
2017-04-24T17:51:30.774+0800: 7580.447: Total time for which application threads were stopped: 0.0002030 seconds, Stopping threads took: 0.0000385 seconds
2017-04-24T17:51:30.774+0800: 7580.447: Total time for which application threads were stopped: 0.0001559 seconds, Stopping threads took: 0.0000266 seconds
2017-04-24T17:51:30.784+0800: 7580.457: Total time for which application threads were stopped: 0.0002563 seconds, Stopping threads took: 0.0000494 seconds
2017-04-24T17:51:40.417+0800: 7590.090: Total time for which application threads were stopped: 0.0002826 seconds, Stopping threads took: 0.0000526 seconds
2017-04-24T17:51:40.442+0800: 7590.115: Total time for which application threads were stopped: 0.0001690 seconds, Stopping threads took: 0.0000353 seconds
2017-04-24T17:51:40.443+0800: 7590.115: Total time for which application threads were stopped: 0.0001408 seconds, Stopping threads took: 0.0000269 seconds
2017-04-24T17:51:40.783+0800: 7590.455: Total time for which application threads were stopped: 0.0003121 seconds, Stopping threads took: 0.0000860 seconds
2017-04-24T17:51:40.783+0800: 7590.456: Total time for which application threads were stopped: 0.0002967 seconds, Stopping threads took: 0.0000837 seconds
2017-04-24T17:51:40.785+0800: 7590.457: Total time for which application threads were stopped: 0.0001969 seconds, Stopping threads took: 0.0000324 seconds
2017-04-24T17:51:40.785+0800: 7590.458: Total time for which application threads were stopped: 0.0002290 seconds, Stopping threads took: 0.0000411 seconds
2017-04-24T17:51:40.785+0800: 7590.458: Total time for which application threads were stopped: 0.0001671 seconds, Stopping threads took: 0.0000276 seconds
2017-04-24T17:51:40.786+0800: 7590.458: Total time for which application threads were stopped: 0.0002078 seconds, Stopping threads took: 0.0000401 seconds
2017-04-24T17:51:40.786+0800: 7590.458: Total time for which application threads were stopped: 0.0001642 seconds, Stopping threads took: 0.0000279 seconds
2017-04-24T17:51:40.800+0800: 7590.473: Total time for which application threads were stopped: 0.0002903 seconds, Stopping threads took: 0.0000571 seconds
2017-04-24T17:51:41.800+0800: 7591.473: Total time for which application threads were stopped: 0.0002046 seconds, Stopping threads took: 0.0000561 seconds
2017-04-24T17:51:50.437+0800: 7600.110: Total time for which application threads were stopped: 0.0001655 seconds, Stopping threads took: 0.0000346 seconds
2017-04-24T17:51:50.438+0800: 7600.111: Total time for which application threads were stopped: 0.0001315 seconds, Stopping threads took: 0.0000273 seconds
2017-04-24T17:51:50.746+0800: 7600.418: Total time for which application threads were stopped: 0.0002989 seconds, Stopping threads took: 0.0000577 seconds
2017-04-24T17:51:50.746+0800: 7600.419: Total time for which application threads were stopped: 0.0002624 seconds, Stopping threads took: 0.0000882 seconds
2017-04-24T17:51:50.747+0800: 7600.420: Total time for which application threads were stopped: 0.0001857 seconds, Stopping threads took: 0.0000337 seconds
2017-04-24T17:51:50.747+0800: 7600.420: Total time for which application threads were stopped: 0.0001559 seconds, Stopping threads took: 0.0000260 seconds
2017-04-24T17:51:50.748+0800: 7600.420: Total time for which application threads were stopped: 0.0001501 seconds, Stopping threads took: 0.0000250 seconds
2017-04-24T17:51:50.748+0800: 7600.421: Total time for which application threads were stopped: 0.0001453 seconds, Stopping threads took: 0.0000250 seconds
2017-04-24T17:51:50.748+0800: 7600.421: Total time for which application threads were stopped: 0.0004724 seconds, Stopping threads took: 0.0000247 seconds
2017-04-24T17:51:50.758+0800: 7600.431: Total time for which application threads were stopped: 0.0002229 seconds, Stopping threads took: 0.0000446 seconds
2017-04-24T17:52:00.443+0800: 7610.116: Total time for which application threads were stopped: 0.0003313 seconds, Stopping threads took: 0.0000561 seconds
2017-04-24T17:52:00.444+0800: 7610.117: Total time for which application threads were stopped: 0.0002412 seconds, Stopping threads took: 0.0000491 seconds
2017-04-24T17:52:00.785+0800: 7610.458: Total time for which application threads were stopped: 0.0006088 seconds, Stopping threads took: 0.0000565 seconds
2017-04-24T17:52:00.786+0800: 7610.458: Total time for which application threads were stopped: 0.0005777 seconds, Stopping threads took: 0.0001046 seconds
2017-04-24T17:52:00.787+0800: 7610.460: Total time for which application threads were stopped: 0.0002858 seconds, Stopping threads took: 0.0000346 seconds
2017-04-24T17:52:10.442+0800: 7620.114: Total time for which application threads were stopped: 0.0001780 seconds, Stopping threads took: 0.0000366 seconds
2017-04-24T17:52:10.442+0800: 7620.115: Total time for which application threads were stopped: 0.0001254 seconds, Stopping threads took: 0.0000221 seconds
2017-04-24T17:52:10.769+0800: 7620.442: Total time for which application threads were stopped: 0.0003175 seconds, Stopping threads took: 0.0000844 seconds
2017-04-24T17:52:10.771+0800: 7620.444: Total time for which application threads were stopped: 0.0005863 seconds, Stopping threads took: 0.0000449 seconds
2017-04-24T17:52:10.771+0800: 7620.444: Total time for which application threads were stopped: 0.0001694 seconds, Stopping threads took: 0.0000305 seconds
2017-04-24T17:52:10.772+0800: 7620.444: Total time for which application threads were stopped: 0.0001507 seconds, Stopping threads took: 0.0000263 seconds
2017-04-24T17:52:10.772+0800: 7620.445: Total time for which application threads were stopped: 0.0001437 seconds, Stopping threads took: 0.0000250 seconds
2017-04-24T17:52:10.772+0800: 7620.445: Total time for which application threads were stopped: 0.0001437 seconds, Stopping threads took: 0.0000250 seconds
2017-04-24T17:52:10.782+0800: 7620.455: Total time for which application threads were stopped: 0.0002569 seconds, Stopping threads took: 0.0000507 seconds
2017-04-24T17:52:20.437+0800: 7630.109: Total time for which application threads were stopped: 0.0001732 seconds, Stopping threads took: 0.0000378 seconds
2017-04-24T17:52:20.438+0800: 7630.110: Total time for which application threads were stopped: 0.0001738 seconds, Stopping threads took: 0.0000641 seconds
2017-04-24T17:52:20.819+0800: 7630.491: Total time for which application threads were stopped: 0.0003201 seconds, Stopping threads took: 0.0000799 seconds
2017-04-24T17:52:20.819+0800: 7630.492: Total time for which application threads were stopped: 0.0002871 seconds, Stopping threads took: 0.0000571 seconds
2017-04-24T17:52:20.819+0800: 7630.492: Total time for which application threads were stopped: 0.0002492 seconds, Stopping threads took: 0.0000507 seconds
2017-04-24T17:52:20.820+0800: 7630.492: Total time for which application threads were stopped: 0.0002386 seconds, Stopping threads took: 0.0000491 seconds
2017-04-24T17:52:20.832+0800: 7630.505: Total time for which application threads were stopped: 0.0002794 seconds, Stopping threads took: 0.0000555 seconds
2017-04-24T17:52:30.433+0800: 7640.106: Total time for which application threads were stopped: 0.0001761 seconds, Stopping threads took: 0.0000334 seconds
2017-04-24T17:52:30.434+0800: 7640.107: Total time for which application threads were stopped: 0.0001620 seconds, Stopping threads took: 0.0000362 seconds
2017-04-24T17:52:30.738+0800: 7640.411: Total time for which application threads were stopped: 0.0001873 seconds, Stopping threads took: 0.0000337 seconds
2017-04-24T17:52:30.738+0800: 7640.411: Total time for which application threads were stopped: 0.0001581 seconds, Stopping threads took: 0.0000298 seconds
2017-04-24T17:52:30.739+0800: 7640.411: Total time for which application threads were stopped: 0.0000914 seconds, Stopping threads took: 0.0000167 seconds
2017-04-24T17:52:30.739+0800: 7640.412: Total time for which application threads were stopped: 0.0001299 seconds, Stopping threads took: 0.0000276 seconds
2017-04-24T17:52:30.739+0800: 7640.412: Total time for which application threads were stopped: 0.0001164 seconds, Stopping threads took: 0.0000241 seconds
2017-04-24T17:52:30.745+0800: 7640.418: Total time for which application threads were stopped: 0.0003743 seconds, Stopping threads took: 0.0000308 seconds
2017-04-24T17:52:40.440+0800: 7650.113: Total time for which application threads were stopped: 0.0003175 seconds, Stopping threads took: 0.0000844 seconds
2017-04-24T17:52:40.441+0800: 7650.113: Total time for which application threads were stopped: 0.0001151 seconds, Stopping threads took: 0.0000202 seconds
2017-04-24T17:52:40.775+0800: 7650.448: Total time for which application threads were stopped: 0.0007778 seconds, Stopping threads took: 0.0005276 seconds
2017-04-24T17:52:40.782+0800: 7650.454: Total time for which application threads were stopped: 0.0002883 seconds, Stopping threads took: 0.0000484 seconds
2017-04-24T17:52:40.782+0800: 7650.454: Total time for which application threads were stopped: 0.0002220 seconds, Stopping threads took: 0.0000366 seconds
2017-04-24T17:52:40.782+0800: 7650.455: Total time for which application threads were stopped: 0.0002653 seconds, Stopping threads took: 0.0000471 seconds
2017-04-24T17:52:40.783+0800: 7650.455: Total time for which application threads were stopped: 0.0002255 seconds, Stopping threads took: 0.0000404 seconds
2017-04-24T17:52:40.783+0800: 7650.455: Total time for which application threads were stopped: 0.0001787 seconds, Stopping threads took: 0.0000340 seconds
2017-04-24T17:52:50.408+0800: 7660.080: Total time for which application threads were stopped: 0.0004497 seconds, Stopping threads took: 0.0000491 seconds
2017-04-24T17:52:50.435+0800: 7660.108: Total time for which application threads were stopped: 0.0003442 seconds, Stopping threads took: 0.0000314 seconds
2017-04-24T17:52:50.436+0800: 7660.109: Total time for which application threads were stopped: 0.0003204 seconds, Stopping threads took: 0.0000215 seconds
2017-04-24T17:52:50.799+0800: 7660.471: Total time for which application threads were stopped: 0.0001046 seconds, Stopping threads took: 0.0000218 seconds
2017-04-24T17:52:50.799+0800: 7660.471: Total time for which application threads were stopped: 0.0000924 seconds, Stopping threads took: 0.0000148 seconds
2017-04-24T17:52:50.799+0800: 7660.471: Total time for which application threads were stopped: 0.0000725 seconds, Stopping threads took: 0.0000125 seconds
2017-04-24T17:52:50.799+0800: 7660.472: Total time for which application threads were stopped: 0.0000651 seconds, Stopping threads took: 0.0000115 seconds
2017-04-24T17:52:50.799+0800: 7660.472: Total time for which application threads were stopped: 0.0000568 seconds, Stopping threads took: 0.0000096 seconds
2017-04-24T17:52:50.799+0800: 7660.472: Total time for which application threads were stopped: 0.0000500 seconds, Stopping threads took: 0.0000090 seconds
2017-04-24T17:53:00.441+0800: 7670.114: Total time for which application threads were stopped: 0.0002781 seconds, Stopping threads took: 0.0000571 seconds
2017-04-24T17:53:00.442+0800: 7670.115: Total time for which application threads were stopped: 0.0001918 seconds, Stopping threads took: 0.0000343 seconds
2017-04-24T17:53:00.737+0800: 7670.410: Total time for which application threads were stopped: 0.0003150 seconds, Stopping threads took: 0.0000831 seconds
{Heap before GC invocations=73 (full 2):
 par new generation   total 109248K, used 92441K [0x00000000e0000000, 0x00000000e8000000, 0x00000000e8000000)
  eden space 87424K, 100% used [0x00000000e0000000, 0x00000000e5560000, 0x00000000e5560000)
  from space 21824K,  22% used [0x00000000e6ab0000, 0x00000000e6f96570, 0x00000000e8000000)
  to   space 21824K,   0% used [0x00000000e5560000, 0x00000000e5560000, 0x00000000e6ab0000)
 concurrent mark-sweep generation total 393216K, used 18381K [0x00000000e8000000, 0x0000000100000000, 0x0000000100000000)
 Metaspace       used 42680K, capacity 43480K, committed 43800K, reserved 1087488K
  class space    used 4602K, capacity 4830K, committed 4940K, reserved 1048576K
2017-04-24T17:53:00.739+0800: 7670.411: [GC (Allocation Failure) 2017-04-24T17:53:00.739+0800: 7670.411: [ParNew
Desired survivor size 20112992 bytes, new threshold 8 (max 8)
- age   1:    2538088 bytes,    2538088 total
- age   2:     697616 bytes,    3235704 total
- age   3:      90456 bytes,    3326160 total
- age   4:      11968 bytes,    3338128 total
- age   5:     553608 bytes,    3891736 total
- age   6:       8992 bytes,    3900728 total
- age   7:       9576 bytes,    3910304 total
- age   8:      10144 bytes,    3920448 total
: 92441K->4227K(109248K), 0.0133101 secs] 110823K->22618K(502464K), 0.0134842 secs] [Times: user=0.06 sys=0.00, real=0.01 secs] 
Heap after GC invocations=74 (full 2):
 par new generation   total 109248K, used 4227K [0x00000000e0000000, 0x00000000e8000000, 0x00000000e8000000)
  eden space 87424K,   0% used [0x00000000e0000000, 0x00000000e0000000, 0x00000000e5560000)
  from space 21824K,  19% used [0x00000000e5560000, 0x00000000e5980d70, 0x00000000e6ab0000)
  to   space 21824K,   0% used [0x00000000e6ab0000, 0x00000000e6ab0000, 0x00000000e8000000)
 concurrent mark-sweep generation total 393216K, used 18390K [0x00000000e8000000, 0x0000000100000000, 0x0000000100000000)
 Metaspace       used 42680K, capacity 43480K, committed 43800K, reserved 1087488K
  class space    used 4602K, capacity 4830K, committed 4940K, reserved 1048576K
}
2017-04-24T17:53:00.752+0800: 7670.425: Total time for which application threads were stopped: 0.0139345 seconds, Stopping threads took: 0.0000366 seconds
2017-04-24T17:53:00.753+0800: 7670.425: Total time for which application threads were stopped: 0.0001928 seconds, Stopping threads took: 0.0000468 seconds
2017-04-24T17:53:00.753+0800: 7670.425: Total time for which application threads were stopped: 0.0001443 seconds, Stopping threads took: 0.0000459 seconds
2017-04-24T17:53:00.753+0800: 7670.426: Total time for which application threads were stopped: 0.0001151 seconds, Stopping threads took: 0.0000257 seconds
2017-04-24T17:53:00.753+0800: 7670.426: Total time for which application threads were stopped: 0.0001119 seconds, Stopping threads took: 0.0000189 seconds
2017-04-24T17:53:00.753+0800: 7670.426: Total time for which application threads were stopped: 0.0001142 seconds, Stopping threads took: 0.0000199 seconds
2017-04-24T17:53:00.754+0800: 7670.426: Total time for which application threads were stopped: 0.0000994 seconds, Stopping threads took: 0.0000298 seconds
2017-04-24T17:53:00.754+0800: 7670.426: Total time for which application threads were stopped: 0.0003009 seconds, Stopping threads took: 0.0000164 seconds
2017-04-24T17:53:00.754+0800: 7670.427: Total time for which application threads were stopped: 0.0000885 seconds, Stopping threads took: 0.0000202 seconds
2017-04-24T17:53:00.754+0800: 7670.427: Total time for which application threads were stopped: 0.0000840 seconds, Stopping threads took: 0.0000221 seconds
2017-04-24T17:53:00.755+0800: 7670.427: Total time for which application threads were stopped: 0.0001174 seconds, Stopping threads took: 0.0000212 seconds
2017-04-24T17:53:00.755+0800: 7670.427: Total time for which application threads were stopped: 0.0001113 seconds, Stopping threads took: 0.0000234 seconds
2017-04-24T17:53:00.755+0800: 7670.428: Total time for which application threads were stopped: 0.0002697 seconds, Stopping threads took: 0.0000180 seconds
2017-04-24T17:53:00.755+0800: 7670.428: Total time for which application threads were stopped: 0.0001017 seconds, Stopping threads took: 0.0000234 seconds
2017-04-24T17:53:00.755+0800: 7670.428: Total time for which application threads were stopped: 0.0001004 seconds, Stopping threads took: 0.0000231 seconds
2017-04-24T17:53:00.756+0800: 7670.428: Total time for which application threads were stopped: 0.0001504 seconds, Stopping threads took: 0.0000221 seconds
2017-04-24T17:53:00.756+0800: 7670.428: Total time for which application threads were stopped: 0.0001485 seconds, Stopping threads took: 0.0000208 seconds
2017-04-24T17:53:00.756+0800: 7670.429: Total time for which application threads were stopped: 0.0001360 seconds, Stopping threads took: 0.0000552 seconds
2017-04-24T17:53:00.757+0800: 7670.429: Total time for which application threads were stopped: 0.0004721 seconds, Stopping threads took: 0.0003996 seconds
2017-04-24T17:53:00.757+0800: 7670.430: Total time for which application threads were stopped: 0.0000863 seconds, Stopping threads took: 0.0000221 seconds
2017-04-24T17:53:00.757+0800: 7670.430: Total time for which application threads were stopped: 0.0001030 seconds, Stopping threads took: 0.0000225 seconds
2017-04-24T17:53:00.758+0800: 7670.430: Total time for which application threads were stopped: 0.0000860 seconds, Stopping threads took: 0.0000199 seconds
2017-04-24T17:53:00.758+0800: 7670.430: Total time for which application threads were stopped: 0.0000998 seconds, Stopping threads took: 0.0000208 seconds
2017-04-24T17:53:00.758+0800: 7670.431: Total time for which application threads were stopped: 0.0001052 seconds, Stopping threads took: 0.0000321 seconds
2017-04-24T17:53:00.758+0800: 7670.431: Total time for which application threads were stopped: 0.0001049 seconds, Stopping threads took: 0.0000241 seconds
2017-04-24T17:53:10.438+0800: 7680.110: Total time for which application threads were stopped: 0.0002678 seconds, Stopping threads took: 0.0000510 seconds
2017-04-24T17:53:10.438+0800: 7680.111: Total time for which application threads were stopped: 0.0001815 seconds, Stopping threads took: 0.0000308 seconds
2017-04-24T17:53:10.829+0800: 7680.501: Total time for which application threads were stopped: 0.0002867 seconds, Stopping threads took: 0.0000635 seconds
2017-04-24T17:53:10.830+0800: 7680.503: Total time for which application threads were stopped: 0.0001835 seconds, Stopping threads took: 0.0000346 seconds
2017-04-24T17:53:20.435+0800: 7690.107: Total time for which application threads were stopped: 0.0001556 seconds, Stopping threads took: 0.0000318 seconds
2017-04-24T17:53:20.435+0800: 7690.108: Total time for which application threads were stopped: 0.0000786 seconds, Stopping threads took: 0.0000141 seconds
2017-04-24T17:53:20.764+0800: 7690.437: Total time for which application threads were stopped: 0.0002842 seconds, Stopping threads took: 0.0000635 seconds
2017-04-24T17:53:20.765+0800: 7690.438: Total time for which application threads were stopped: 0.0002553 seconds, Stopping threads took: 0.0000449 seconds
2017-04-24T17:53:20.766+0800: 7690.438: Total time for which application threads were stopped: 0.0001886 seconds, Stopping threads took: 0.0000292 seconds
2017-04-24T17:53:20.766+0800: 7690.438: Total time for which application threads were stopped: 0.0001652 seconds, Stopping threads took: 0.0000276 seconds
2017-04-24T17:53:20.766+0800: 7690.439: Total time for which application threads were stopped: 0.0001527 seconds, Stopping threads took: 0.0000263 seconds
2017-04-24T17:53:20.766+0800: 7690.439: Total time for which application threads were stopped: 0.0001482 seconds, Stopping threads took: 0.0000257 seconds
2017-04-24T17:53:30.441+0800: 7700.114: Total time for which application threads were stopped: 0.0003044 seconds, Stopping threads took: 0.0000609 seconds
2017-04-24T17:53:30.442+0800: 7700.115: Total time for which application threads were stopped: 0.0002406 seconds, Stopping threads took: 0.0000491 seconds
2017-04-24T17:53:30.800+0800: 7700.473: Total time for which application threads were stopped: 0.0003304 seconds, Stopping threads took: 0.0000590 seconds
2017-04-24T17:53:30.801+0800: 7700.474: Total time for which application threads were stopped: 0.0002672 seconds, Stopping threads took: 0.0000465 seconds
2017-04-24T17:53:30.802+0800: 7700.474: Total time for which application threads were stopped: 0.0002415 seconds, Stopping threads took: 0.0000417 seconds
2017-04-24T17:53:30.802+0800: 7700.475: Total time for which application threads were stopped: 0.0001838 seconds, Stopping threads took: 0.0000285 seconds
2017-04-24T17:53:30.802+0800: 7700.475: Total time for which application threads were stopped: 0.0001645 seconds, Stopping threads took: 0.0000260 seconds
2017-04-24T17:53:30.802+0800: 7700.475: Total time for which application threads were stopped: 0.0001604 seconds, Stopping threads took: 0.0000253 seconds
2017-04-24T17:53:40.439+0800: 7710.112: Total time for which application threads were stopped: 0.0002742 seconds, Stopping threads took: 0.0000561 seconds
2017-04-24T17:53:40.441+0800: 7710.113: Total time for which application threads were stopped: 0.0002640 seconds, Stopping threads took: 0.0000475 seconds
2017-04-24T17:53:40.767+0800: 7710.439: Total time for which application threads were stopped: 0.0002803 seconds, Stopping threads took: 0.0000565 seconds
2017-04-24T17:53:40.768+0800: 7710.440: Total time for which application threads were stopped: 0.0002457 seconds, Stopping threads took: 0.0000462 seconds
2017-04-24T17:53:40.768+0800: 7710.441: Total time for which application threads were stopped: 0.0001912 seconds, Stopping threads took: 0.0000318 seconds
2017-04-24T17:53:40.768+0800: 7710.441: Total time for which application threads were stopped: 0.0002271 seconds, Stopping threads took: 0.0000443 seconds
2017-04-24T17:53:40.769+0800: 7710.441: Total time for which application threads were stopped: 0.0002127 seconds, Stopping threads took: 0.0000414 seconds
2017-04-24T17:53:40.769+0800: 7710.442: Total time for which application threads were stopped: 0.0001822 seconds, Stopping threads took: 0.0000343 seconds
2017-04-24T17:53:49.553+0800: 7719.226: Total time for which application threads were stopped: 0.0000866 seconds, Stopping threads took: 0.0000199 seconds
2017-04-24T17:53:49.553+0800: 7719.226: Total time for which application threads were stopped: 0.0000350 seconds, Stopping threads took: 0.0000074 seconds
2017-04-24T17:53:49.553+0800: 7719.226: Total time for which application threads were stopped: 0.0000311 seconds, Stopping threads took: 0.0000061 seconds
2017-04-24T17:53:49.554+0800: 7719.226: Total time for which application threads were stopped: 0.0000382 seconds, Stopping threads took: 0.0000067 seconds
2017-04-24T17:53:49.554+0800: 7719.226: Total time for which application threads were stopped: 0.0000305 seconds, Stopping threads took: 0.0000064 seconds
2017-04-24T17:53:49.554+0800: 7719.226: Total time for which application threads were stopped: 0.0000305 seconds, Stopping threads took: 0.0000061 seconds
2017-04-24T17:53:50.436+0800: 7720.109: Total time for which application threads were stopped: 0.0001610 seconds, Stopping threads took: 0.0000324 seconds
2017-04-24T17:53:50.727+0800: 7720.400: Total time for which application threads were stopped: 0.0002871 seconds, Stopping threads took: 0.0000609 seconds
2017-04-24T17:53:50.728+0800: 7720.400: Total time for which application threads were stopped: 0.0002800 seconds, Stopping threads took: 0.0000959 seconds
2017-04-24T17:53:50.728+0800: 7720.401: Total time for which application threads were stopped: 0.0002855 seconds, Stopping threads took: 0.0000869 seconds
2017-04-24T17:53:50.730+0800: 7720.403: Total time for which application threads were stopped: 0.0002319 seconds, Stopping threads took: 0.0000632 seconds
2017-04-24T17:53:50.730+0800: 7720.403: Total time for which application threads were stopped: 0.0001613 seconds, Stopping threads took: 0.0000269 seconds
2017-04-24T17:53:50.731+0800: 7720.403: Total time for which application threads were stopped: 0.0001511 seconds, Stopping threads took: 0.0000260 seconds
2017-04-24T17:53:50.731+0800: 7720.404: Total time for which application threads were stopped: 0.0001447 seconds, Stopping threads took: 0.0000250 seconds
2017-04-24T17:53:50.731+0800: 7720.404: Total time for which application threads were stopped: 0.0001456 seconds, Stopping threads took: 0.0000237 seconds
2017-04-24T17:53:55.614+0800: 7725.286: Total time for which application threads were stopped: 0.0000866 seconds, Stopping threads took: 0.0000196 seconds
2017-04-24T17:53:55.614+0800: 7725.287: Total time for which application threads were stopped: 0.0000520 seconds, Stopping threads took: 0.0000106 seconds
2017-04-24T17:54:00.437+0800: 7730.110: Total time for which application threads were stopped: 0.0002649 seconds, Stopping threads took: 0.0000520 seconds
2017-04-24T17:54:00.438+0800: 7730.111: Total time for which application threads were stopped: 0.0001934 seconds, Stopping threads took: 0.0000321 seconds
2017-04-24T17:54:00.810+0800: 7730.482: Total time for which application threads were stopped: 0.0003185 seconds, Stopping threads took: 0.0000876 seconds
2017-04-24T17:54:00.810+0800: 7730.483: Total time for which application threads were stopped: 0.0002422 seconds, Stopping threads took: 0.0000500 seconds
2017-04-24T17:54:00.811+0800: 7730.483: Total time for which application threads were stopped: 0.0002293 seconds, Stopping threads took: 0.0000417 seconds
2017-04-24T17:54:00.812+0800: 7730.484: Total time for which application threads were stopped: 0.0002187 seconds, Stopping threads took: 0.0000446 seconds
2017-04-24T17:54:00.812+0800: 7730.485: Total time for which application threads were stopped: 0.0001973 seconds, Stopping threads took: 0.0000423 seconds
2017-04-24T17:54:00.812+0800: 7730.485: Total time for which application threads were stopped: 0.0002008 seconds, Stopping threads took: 0.0000561 seconds
2017-04-24T17:54:00.813+0800: 7730.485: Total time for which application threads were stopped: 0.0002364 seconds, Stopping threads took: 0.0000690 seconds
2017-04-24T17:54:00.813+0800: 7730.486: Total time for which application threads were stopped: 0.0002386 seconds, Stopping threads took: 0.0000539 seconds
2017-04-24T17:54:10.438+0800: 7740.110: Total time for which application threads were stopped: 0.0002611 seconds, Stopping threads took: 0.0000504 seconds
2017-04-24T17:54:10.439+0800: 7740.111: Total time for which application threads were stopped: 0.0002499 seconds, Stopping threads took: 0.0000484 seconds
2017-04-24T17:54:10.772+0800: 7740.445: Total time for which application threads were stopped: 0.0002903 seconds, Stopping threads took: 0.0000603 seconds
2017-04-24T17:54:10.772+0800: 7740.445: Total time for which application threads were stopped: 0.0002508 seconds, Stopping threads took: 0.0000555 seconds
2017-04-24T17:54:10.773+0800: 7740.445: Total time for which application threads were stopped: 0.0002319 seconds, Stopping threads took: 0.0000555 seconds
2017-04-24T17:54:10.774+0800: 7740.447: Total time for which application threads were stopped: 0.0002123 seconds, Stopping threads took: 0.0000430 seconds
2017-04-24T17:54:10.774+0800: 7740.447: Total time for which application threads were stopped: 0.0002608 seconds, Stopping threads took: 0.0000866 seconds
2017-04-24T17:54:10.775+0800: 7740.447: Total time for which application threads were stopped: 0.0001790 seconds, Stopping threads took: 0.0000395 seconds
2017-04-24T17:54:10.775+0800: 7740.448: Total time for which application threads were stopped: 0.0002521 seconds, Stopping threads took: 0.0000869 seconds
2017-04-24T17:54:10.776+0800: 7740.448: Total time for which application threads were stopped: 0.0005764 seconds, Stopping threads took: 0.0000767 seconds
2017-04-24T17:54:10.789+0800: 7740.462: Total time for which application threads were stopped: 0.0002944 seconds, Stopping threads took: 0.0000529 seconds
2017-04-24T17:54:11.790+0800: 7741.463: Total time for which application threads were stopped: 0.0001918 seconds, Stopping threads took: 0.0000532 seconds
2017-04-24T17:54:20.417+0800: 7750.089: Total time for which application threads were stopped: 0.0001123 seconds, Stopping threads took: 0.0000253 seconds
2017-04-24T17:54:20.417+0800: 7750.089: Total time for which application threads were stopped: 0.0000815 seconds, Stopping threads took: 0.0000157 seconds
2017-04-24T17:54:20.766+0800: 7750.438: Total time for which application threads were stopped: 0.0003724 seconds, Stopping threads took: 0.0001187 seconds
2017-04-24T17:54:20.766+0800: 7750.439: Total time for which application threads were stopped: 0.0002162 seconds, Stopping threads took: 0.0000436 seconds
2017-04-24T17:54:20.767+0800: 7750.440: Total time for which application threads were stopped: 0.0002357 seconds, Stopping threads took: 0.0000404 seconds
2017-04-24T17:54:20.780+0800: 7750.452: Total time for which application threads were stopped: 0.0003159 seconds, Stopping threads took: 0.0000715 seconds
2017-04-24T17:54:30.784+0800: 7760.457: Total time for which application threads were stopped: 0.0002867 seconds, Stopping threads took: 0.0000677 seconds
2017-04-24T17:54:30.785+0800: 7760.457: Total time for which application threads were stopped: 0.0002713 seconds, Stopping threads took: 0.0000465 seconds
2017-04-24T17:54:30.786+0800: 7760.458: Total time for which application threads were stopped: 0.0003021 seconds, Stopping threads took: 0.0000369 seconds
2017-04-24T17:54:30.786+0800: 7760.459: Total time for which application threads were stopped: 0.0005161 seconds, Stopping threads took: 0.0000273 seconds
2017-04-24T17:54:30.787+0800: 7760.459: Total time for which application threads were stopped: 0.0003037 seconds, Stopping threads took: 0.0000375 seconds
2017-04-24T17:54:30.788+0800: 7760.460: Total time for which application threads were stopped: 0.0003621 seconds, Stopping threads took: 0.0000324 seconds
2017-04-24T17:54:30.789+0800: 7760.461: Total time for which application threads were stopped: 0.0002967 seconds, Stopping threads took: 0.0000378 seconds
2017-04-24T17:54:30.800+0800: 7760.473: Total time for which application threads were stopped: 0.0002505 seconds, Stopping threads took: 0.0000507 seconds
2017-04-24T17:54:40.439+0800: 7770.112: Total time for which application threads were stopped: 0.0002928 seconds, Stopping threads took: 0.0000722 seconds
2017-04-24T17:54:40.440+0800: 7770.113: Total time for which application threads were stopped: 0.0001536 seconds, Stopping threads took: 0.0000318 seconds
2017-04-24T17:54:40.803+0800: 7770.476: Total time for which application threads were stopped: 0.0003374 seconds, Stopping threads took: 0.0001126 seconds
2017-04-24T17:54:40.803+0800: 7770.476: Total time for which application threads were stopped: 0.0001835 seconds, Stopping threads took: 0.0000353 seconds
2017-04-24T17:54:40.804+0800: 7770.477: Total time for which application threads were stopped: 0.0001867 seconds, Stopping threads took: 0.0000321 seconds
2017-04-24T17:54:40.805+0800: 7770.477: Total time for which application threads were stopped: 0.0002329 seconds, Stopping threads took: 0.0000462 seconds
2017-04-24T17:54:40.805+0800: 7770.478: Total time for which application threads were stopped: 0.0001620 seconds, Stopping threads took: 0.0000260 seconds
2017-04-24T17:54:40.805+0800: 7770.478: Total time for which application threads were stopped: 0.0001475 seconds, Stopping threads took: 0.0000247 seconds
2017-04-24T17:54:40.805+0800: 7770.478: Total time for which application threads were stopped: 0.0001434 seconds, Stopping threads took: 0.0000241 seconds
2017-04-24T17:54:40.817+0800: 7770.489: Total time for which application threads were stopped: 0.0003009 seconds, Stopping threads took: 0.0000478 seconds
{Heap before GC invocations=74 (full 2):
 par new generation   total 109248K, used 91651K [0x00000000e0000000, 0x00000000e8000000, 0x00000000e8000000)
  eden space 87424K, 100% used [0x00000000e0000000, 0x00000000e5560000, 0x00000000e5560000)
  from space 21824K,  19% used [0x00000000e5560000, 0x00000000e5980d70, 0x00000000e6ab0000)
  to   space 21824K,   0% used [0x00000000e6ab0000, 0x00000000e6ab0000, 0x00000000e8000000)
 concurrent mark-sweep generation total 393216K, used 18390K [0x00000000e8000000, 0x0000000100000000, 0x0000000100000000)
 Metaspace       used 42684K, capacity 43480K, committed 43800K, reserved 1087488K
  class space    used 4602K, capacity 4830K, committed 4940K, reserved 1048576K
2017-04-24T17:54:50.415+0800: 7780.087: [GC (Allocation Failure) 2017-04-24T17:54:50.415+0800: 7780.087: [ParNew
Desired survivor size 20112992 bytes, new threshold 8 (max 8)
- age   1:    2556560 bytes,    2556560 total
- age   2:     628200 bytes,    3184760 total
- age   3:      72448 bytes,    3257208 total
- age   4:      34856 bytes,    3292064 total
- age   5:      11272 bytes,    3303336 total
- age   6:     553608 bytes,    3856944 total
- age   7:       8992 bytes,    3865936 total
- age   8:       9576 bytes,    3875512 total
: 91651K->4870K(109248K), 0.0155373 secs] 110042K->23270K(502464K), 0.0157470 secs] [Times: user=0.06 sys=0.00, real=0.02 secs] 
Heap after GC invocations=75 (full 2):
 par new generation   total 109248K, used 4870K [0x00000000e0000000, 0x00000000e8000000, 0x00000000e8000000)
  eden space 87424K,   0% used [0x00000000e0000000, 0x00000000e0000000, 0x00000000e5560000)
  from space 21824K,  22% used [0x00000000e6ab0000, 0x00000000e6f71880, 0x00000000e8000000)
  to   space 21824K,   0% used [0x00000000e5560000, 0x00000000e5560000, 0x00000000e6ab0000)
 concurrent mark-sweep generation total 393216K, used 18400K [0x00000000e8000000, 0x0000000100000000, 0x0000000100000000)
 Metaspace       used 42684K, capacity 43480K, committed 43800K, reserved 1087488K
  class space    used 4602K, capacity 4830K, committed 4940K, reserved 1048576K
}
2017-04-24T17:54:50.431+0800: 7780.103: Total time for which application threads were stopped: 0.0162288 seconds, Stopping threads took: 0.0000555 seconds
2017-04-24T17:54:50.431+0800: 7780.103: Total time for which application threads were stopped: 0.0001899 seconds, Stopping threads took: 0.0000439 seconds
2017-04-24T17:54:50.431+0800: 7780.104: Total time for which application threads were stopped: 0.0001405 seconds, Stopping threads took: 0.0000301 seconds
2017-04-24T17:54:50.432+0800: 7780.104: Total time for which application threads were stopped: 0.0001184 seconds, Stopping threads took: 0.0000183 seconds
2017-04-24T17:54:50.432+0800: 7780.104: Total time for which application threads were stopped: 0.0001485 seconds, Stopping threads took: 0.0000372 seconds
2017-04-24T17:54:50.432+0800: 7780.105: Total time for which application threads were stopped: 0.0001305 seconds, Stopping threads took: 0.0000196 seconds
2017-04-24T17:54:50.432+0800: 7780.105: Total time for which application threads were stopped: 0.0001543 seconds, Stopping threads took: 0.0000401 seconds
2017-04-24T17:54:50.433+0800: 7780.105: Total time for which application threads were stopped: 0.0001806 seconds, Stopping threads took: 0.0000244 seconds
2017-04-24T17:54:50.433+0800: 7780.106: Total time for which application threads were stopped: 0.0001623 seconds, Stopping threads took: 0.0000295 seconds
2017-04-24T17:54:50.433+0800: 7780.106: Total time for which application threads were stopped: 0.0001014 seconds, Stopping threads took: 0.0000160 seconds
2017-04-24T17:54:50.433+0800: 7780.106: Total time for which application threads were stopped: 0.0000956 seconds, Stopping threads took: 0.0000253 seconds
2017-04-24T17:54:50.434+0800: 7780.106: Total time for which application threads were stopped: 0.0000994 seconds, Stopping threads took: 0.0000285 seconds
2017-04-24T17:54:50.434+0800: 7780.107: Total time for which application threads were stopped: 0.0001107 seconds, Stopping threads took: 0.0000446 seconds
2017-04-24T17:54:50.434+0800: 7780.107: Total time for which application threads were stopped: 0.0000933 seconds, Stopping threads took: 0.0000218 seconds
2017-04-24T17:54:50.434+0800: 7780.107: Total time for which application threads were stopped: 0.0001126 seconds, Stopping threads took: 0.0000388 seconds
2017-04-24T17:54:50.435+0800: 7780.107: Total time for which application threads were stopped: 0.0000994 seconds, Stopping threads took: 0.0000218 seconds
2017-04-24T17:54:50.435+0800: 7780.108: Total time for which application threads were stopped: 0.0001078 seconds, Stopping threads took: 0.0000420 seconds
2017-04-24T17:54:50.435+0800: 7780.108: Total time for which application threads were stopped: 0.0000763 seconds, Stopping threads took: 0.0000170 seconds
2017-04-24T17:54:50.435+0800: 7780.108: Total time for which application threads were stopped: 0.0000683 seconds, Stopping threads took: 0.0000144 seconds
2017-04-24T17:54:50.436+0800: 7780.108: Total time for which application threads were stopped: 0.0002489 seconds, Stopping threads took: 0.0000401 seconds
2017-04-24T17:54:50.436+0800: 7780.109: Total time for which application threads were stopped: 0.0002768 seconds, Stopping threads took: 0.0000568 seconds
2017-04-24T17:54:50.436+0800: 7780.109: Total time for which application threads were stopped: 0.0001058 seconds, Stopping threads took: 0.0000253 seconds
2017-04-24T17:54:50.447+0800: 7780.119: Total time for which application threads were stopped: 0.0001540 seconds, Stopping threads took: 0.0000343 seconds
2017-04-24T17:54:50.447+0800: 7780.120: Total time for which application threads were stopped: 0.0001524 seconds, Stopping threads took: 0.0000301 seconds
2017-04-24T17:54:50.729+0800: 7780.402: Total time for which application threads were stopped: 0.0001042 seconds, Stopping threads took: 0.0000218 seconds
2017-04-24T17:54:50.729+0800: 7780.402: Total time for which application threads were stopped: 0.0000651 seconds, Stopping threads took: 0.0000132 seconds
2017-04-24T17:54:50.729+0800: 7780.402: Total time for which application threads were stopped: 0.0000488 seconds, Stopping threads took: 0.0000128 seconds
2017-04-24T17:54:50.729+0800: 7780.402: Total time for which application threads were stopped: 0.0000504 seconds, Stopping threads took: 0.0000119 seconds
2017-04-24T17:54:50.729+0800: 7780.402: Total time for which application threads were stopped: 0.0000452 seconds, Stopping threads took: 0.0000109 seconds
2017-04-24T17:54:50.729+0800: 7780.402: Total time for which application threads were stopped: 0.0000372 seconds, Stopping threads took: 0.0000083 seconds
2017-04-24T17:54:50.729+0800: 7780.402: Total time for which application threads were stopped: 0.0000350 seconds, Stopping threads took: 0.0000077 seconds
2017-04-24T17:54:50.732+0800: 7780.405: Total time for which application threads were stopped: 0.0000914 seconds, Stopping threads took: 0.0000189 seconds
2017-04-24T17:55:00.438+0800: 7790.111: Total time for which application threads were stopped: 0.0003166 seconds, Stopping threads took: 0.0000520 seconds
2017-04-24T17:55:00.439+0800: 7790.112: Total time for which application threads were stopped: 0.0002197 seconds, Stopping threads took: 0.0000404 seconds
2017-04-24T17:55:00.763+0800: 7790.436: Total time for which application threads were stopped: 0.0003583 seconds, Stopping threads took: 0.0001113 seconds
2017-04-24T17:55:00.764+0800: 7790.436: Total time for which application threads were stopped: 0.0002547 seconds, Stopping threads took: 0.0000706 seconds
2017-04-24T17:55:00.765+0800: 7790.437: Total time for which application threads were stopped: 0.0002598 seconds, Stopping threads took: 0.0000722 seconds
2017-04-24T17:55:00.765+0800: 7790.438: Total time for which application threads were stopped: 0.0002771 seconds, Stopping threads took: 0.0000686 seconds
2017-04-24T17:55:00.766+0800: 7790.438: Total time for which application threads were stopped: 0.0002572 seconds, Stopping threads took: 0.0000690 seconds
2017-04-24T17:55:00.766+0800: 7790.438: Total time for which application threads were stopped: 0.0002239 seconds, Stopping threads took: 0.0000629 seconds
2017-04-24T17:55:00.766+0800: 7790.439: Total time for which application threads were stopped: 0.0002261 seconds, Stopping threads took: 0.0000789 seconds
2017-04-24T17:55:00.781+0800: 7790.454: Total time for which application threads were stopped: 0.0001514 seconds, Stopping threads took: 0.0000324 seconds
2017-04-24T17:55:10.415+0800: 7800.088: Total time for which application threads were stopped: 0.0001071 seconds, Stopping threads took: 0.0000234 seconds
2017-04-24T17:55:10.415+0800: 7800.088: Total time for which application threads were stopped: 0.0000565 seconds, Stopping threads took: 0.0000119 seconds
2017-04-24T17:55:10.685+0800: 7800.357: Total time for which application threads were stopped: 0.0001774 seconds, Stopping threads took: 0.0000475 seconds
2017-04-24T17:55:10.685+0800: 7800.357: Total time for which application threads were stopped: 0.0001373 seconds, Stopping threads took: 0.0000308 seconds
2017-04-24T17:55:10.686+0800: 7800.358: Total time for which application threads were stopped: 0.0000940 seconds, Stopping threads took: 0.0000154 seconds
2017-04-24T17:55:10.686+0800: 7800.358: Total time for which application threads were stopped: 0.0000744 seconds, Stopping threads took: 0.0000132 seconds
2017-04-24T17:55:10.686+0800: 7800.358: Total time for which application threads were stopped: 0.0000718 seconds, Stopping threads took: 0.0000132 seconds
2017-04-24T17:55:10.686+0800: 7800.358: Total time for which application threads were stopped: 0.0000738 seconds, Stopping threads took: 0.0000138 seconds
2017-04-24T17:55:10.686+0800: 7800.358: Total time for which application threads were stopped: 0.0000715 seconds, Stopping threads took: 0.0000132 seconds
2017-04-24T17:55:10.691+0800: 7800.364: Total time for which application threads were stopped: 0.0001084 seconds, Stopping threads took: 0.0000225 seconds
2017-04-24T17:55:20.434+0800: 7810.107: Total time for which application threads were stopped: 0.0001459 seconds, Stopping threads took: 0.0000266 seconds
2017-04-24T17:55:20.435+0800: 7810.107: Total time for which application threads were stopped: 0.0001222 seconds, Stopping threads took: 0.0000221 seconds
2017-04-24T17:55:20.749+0800: 7810.421: Total time for which application threads were stopped: 0.0001687 seconds, Stopping threads took: 0.0000346 seconds
2017-04-24T17:55:20.749+0800: 7810.422: Total time for which application threads were stopped: 0.0001408 seconds, Stopping threads took: 0.0000404 seconds
2017-04-24T17:55:20.749+0800: 7810.422: Total time for which application threads were stopped: 0.0001110 seconds, Stopping threads took: 0.0000196 seconds
2017-04-24T17:55:20.750+0800: 7810.422: Total time for which application threads were stopped: 0.0001107 seconds, Stopping threads took: 0.0000308 seconds
2017-04-24T17:55:20.750+0800: 7810.422: Total time for which application threads were stopped: 0.0001100 seconds, Stopping threads took: 0.0000208 seconds
2017-04-24T17:55:20.750+0800: 7810.423: Total time for which application threads were stopped: 0.0000821 seconds, Stopping threads took: 0.0000141 seconds
2017-04-24T17:55:20.750+0800: 7810.423: Total time for which application threads were stopped: 0.0003502 seconds, Stopping threads took: 0.0000160 seconds
2017-04-24T17:55:20.757+0800: 7810.430: Total time for which application threads were stopped: 0.0001665 seconds, Stopping threads took: 0.0000334 seconds
2017-04-24T17:55:30.440+0800: 7820.113: Total time for which application threads were stopped: 0.0002633 seconds, Stopping threads took: 0.0000561 seconds
2017-04-24T17:55:30.441+0800: 7820.114: Total time for which application threads were stopped: 0.0001883 seconds, Stopping threads took: 0.0000346 seconds
2017-04-24T17:55:30.835+0800: 7820.507: Total time for which application threads were stopped: 0.0003060 seconds, Stopping threads took: 0.0000866 seconds
2017-04-24T17:55:30.835+0800: 7820.507: Total time for which application threads were stopped: 0.0001831 seconds, Stopping threads took: 0.0000353 seconds
2017-04-24T17:55:30.836+0800: 7820.508: Total time for which application threads were stopped: 0.0001928 seconds, Stopping threads took: 0.0000327 seconds
2017-04-24T17:55:30.854+0800: 7820.526: Total time for which application threads were stopped: 0.0003009 seconds, Stopping threads took: 0.0000558 seconds
2017-04-24T17:55:40.441+0800: 7830.113: Total time for which application threads were stopped: 0.0001655 seconds, Stopping threads took: 0.0000378 seconds
2017-04-24T17:55:40.442+0800: 7830.114: Total time for which application threads were stopped: 0.0001238 seconds, Stopping threads took: 0.0000215 seconds
2017-04-24T17:55:40.803+0800: 7830.475: Total time for which application threads were stopped: 0.0002883 seconds, Stopping threads took: 0.0000539 seconds
2017-04-24T17:55:40.803+0800: 7830.476: Total time for which application threads were stopped: 0.0003429 seconds, Stopping threads took: 0.0001062 seconds
2017-04-24T17:55:40.804+0800: 7830.477: Total time for which application threads were stopped: 0.0002139 seconds, Stopping threads took: 0.0000324 seconds
2017-04-24T17:55:40.805+0800: 7830.477: Total time for which application threads were stopped: 0.0002033 seconds, Stopping threads took: 0.0000269 seconds
2017-04-24T17:55:40.805+0800: 7830.477: Total time for which application threads were stopped: 0.0001511 seconds, Stopping threads took: 0.0000266 seconds
2017-04-24T17:55:40.805+0800: 7830.478: Total time for which application threads were stopped: 0.0001649 seconds, Stopping threads took: 0.0000263 seconds
2017-04-24T17:55:40.805+0800: 7830.478: Total time for which application threads were stopped: 0.0002075 seconds, Stopping threads took: 0.0000247 seconds
2017-04-24T17:55:40.816+0800: 7830.488: Total time for which application threads were stopped: 0.0002473 seconds, Stopping threads took: 0.0000500 seconds
2017-04-24T17:55:50.435+0800: 7840.107: Total time for which application threads were stopped: 0.0001633 seconds, Stopping threads took: 0.0000330 seconds
2017-04-24T17:55:50.435+0800: 7840.108: Total time for which application threads were stopped: 0.0001171 seconds, Stopping threads took: 0.0000202 seconds
2017-04-24T17:55:50.721+0800: 7840.393: Total time for which application threads were stopped: 0.0002903 seconds, Stopping threads took: 0.0000670 seconds
2017-04-24T17:55:50.721+0800: 7840.393: Total time for which application threads were stopped: 0.0002508 seconds, Stopping threads took: 0.0000850 seconds
2017-04-24T17:55:50.723+0800: 7840.395: Total time for which application threads were stopped: 0.0006088 seconds, Stopping threads took: 0.0000423 seconds
2017-04-24T17:55:50.723+0800: 7840.395: Total time for which application threads were stopped: 0.0001617 seconds, Stopping threads took: 0.0000285 seconds
2017-04-24T17:55:50.723+0800: 7840.395: Total time for which application threads were stopped: 0.0001456 seconds, Stopping threads took: 0.0000263 seconds
2017-04-24T17:55:50.723+0800: 7840.396: Total time for which application threads were stopped: 0.0001418 seconds, Stopping threads took: 0.0000257 seconds
2017-04-24T17:55:50.723+0800: 7840.396: Total time for which application threads were stopped: 0.0001382 seconds, Stopping threads took: 0.0000250 seconds
2017-04-24T17:55:50.734+0800: 7840.406: Total time for which application threads were stopped: 0.0002585 seconds, Stopping threads took: 0.0000468 seconds
2017-04-24T17:56:00.782+0800: 7850.454: Total time for which application threads were stopped: 0.0001591 seconds, Stopping threads took: 0.0000407 seconds
2017-04-24T17:56:00.782+0800: 7850.454: Total time for which application threads were stopped: 0.0001533 seconds, Stopping threads took: 0.0000513 seconds
2017-04-24T17:56:00.782+0800: 7850.455: Total time for which application threads were stopped: 0.0001520 seconds, Stopping threads took: 0.0000164 seconds
2017-04-24T17:56:00.782+0800: 7850.455: Total time for which application threads were stopped: 0.0001395 seconds, Stopping threads took: 0.0000141 seconds
2017-04-24T17:56:00.783+0800: 7850.455: Total time for which application threads were stopped: 0.0001530 seconds, Stopping threads took: 0.0000186 seconds
2017-04-24T17:56:00.783+0800: 7850.455: Total time for which application threads were stopped: 0.0001280 seconds, Stopping threads took: 0.0000154 seconds
2017-04-24T17:56:00.788+0800: 7850.460: Total time for which application threads were stopped: 0.0003146 seconds, Stopping threads took: 0.0000263 seconds
2017-04-24T17:56:10.404+0800: 7860.077: Total time for which application threads were stopped: 0.0001764 seconds, Stopping threads took: 0.0000208 seconds
2017-04-24T17:56:10.415+0800: 7860.088: Total time for which application threads were stopped: 0.0001559 seconds, Stopping threads took: 0.0000314 seconds
2017-04-24T17:56:10.416+0800: 7860.088: Total time for which application threads were stopped: 0.0001354 seconds, Stopping threads took: 0.0000231 seconds
2017-04-24T17:56:10.770+0800: 7860.442: Total time for which application threads were stopped: 0.0002970 seconds, Stopping threads took: 0.0000763 seconds
2017-04-24T17:56:10.770+0800: 7860.443: Total time for which application threads were stopped: 0.0002614 seconds, Stopping threads took: 0.0000494 seconds
2017-04-24T17:56:10.770+0800: 7860.443: Total time for which application threads were stopped: 0.0001777 seconds, Stopping threads took: 0.0000728 seconds
2017-04-24T17:56:10.771+0800: 7860.444: Total time for which application threads were stopped: 0.0001520 seconds, Stopping threads took: 0.0000221 seconds
2017-04-24T17:56:10.771+0800: 7860.444: Total time for which application threads were stopped: 0.0001087 seconds, Stopping threads took: 0.0000212 seconds
2017-04-24T17:56:10.771+0800: 7860.444: Total time for which application threads were stopped: 0.0000844 seconds, Stopping threads took: 0.0000141 seconds
2017-04-24T17:56:10.771+0800: 7860.444: Total time for which application threads were stopped: 0.0001052 seconds, Stopping threads took: 0.0000202 seconds
2017-04-24T17:56:10.771+0800: 7860.444: Total time for which application threads were stopped: 0.0000953 seconds, Stopping threads took: 0.0000176 seconds
2017-04-24T17:56:20.725+0800: 7870.397: Total time for which application threads were stopped: 0.0003246 seconds, Stopping threads took: 0.0000869 seconds
2017-04-24T17:56:20.725+0800: 7870.398: Total time for which application threads were stopped: 0.0002566 seconds, Stopping threads took: 0.0000536 seconds
2017-04-24T17:56:20.726+0800: 7870.399: Total time for which application threads were stopped: 0.0003195 seconds, Stopping threads took: 0.0000378 seconds
2017-04-24T17:56:20.727+0800: 7870.400: Total time for which application threads were stopped: 0.0003525 seconds, Stopping threads took: 0.0000436 seconds
2017-04-24T17:56:20.727+0800: 7870.400: Total time for which application threads were stopped: 0.0003102 seconds, Stopping threads took: 0.0000468 seconds
2017-04-24T17:56:20.728+0800: 7870.400: Total time for which application threads were stopped: 0.0002848 seconds, Stopping threads took: 0.0000372 seconds
2017-04-24T17:56:20.728+0800: 7870.401: Total time for which application threads were stopped: 0.0002627 seconds, Stopping threads took: 0.0000343 seconds
{Heap before GC invocations=75 (full 2):
 par new generation   total 109248K, used 92294K [0x00000000e0000000, 0x00000000e8000000, 0x00000000e8000000)
  eden space 87424K, 100% used [0x00000000e0000000, 0x00000000e5560000, 0x00000000e5560000)
  from space 21824K,  22% used [0x00000000e6ab0000, 0x00000000e6f71880, 0x00000000e8000000)
  to   space 21824K,   0% used [0x00000000e5560000, 0x00000000e5560000, 0x00000000e6ab0000)
 concurrent mark-sweep generation total 393216K, used 18400K [0x00000000e8000000, 0x0000000100000000, 0x0000000100000000)
 Metaspace       used 42684K, capacity 43480K, committed 43800K, reserved 1087488K
  class space    used 4602K, capacity 4830K, committed 4940K, reserved 1048576K
2017-04-24T17:56:30.420+0800: 7880.093: [GC (Allocation Failure) 2017-04-24T17:56:30.420+0800: 7880.093: [ParNew
Desired survivor size 20112992 bytes, new threshold 8 (max 8)
- age   1:    3017824 bytes,    3017824 total
- age   2:     615656 bytes,    3633480 total
- age   3:      69112 bytes,    3702592 total
- age   4:      16744 bytes,    3719336 total
- age   5:      34160 bytes,    3753496 total
- age   6:      11272 bytes,    3764768 total
- age   7:     553632 bytes,    4318400 total
- age   8:       8992 bytes,    4327392 total
: 92294K->5475K(109248K), 0.0141533 secs] 110694K->23885K(502464K), 0.0143310 secs] [Times: user=0.06 sys=0.00, real=0.01 secs] 
Heap after GC invocations=76 (full 2):
 par new generation   total 109248K, used 5475K [0x00000000e0000000, 0x00000000e8000000, 0x00000000e8000000)
  eden space 87424K,   0% used [0x00000000e0000000, 0x00000000e0000000, 0x00000000e5560000)
  from space 21824K,  25% used [0x00000000e5560000, 0x00000000e5ab8d50, 0x00000000e6ab0000)
  to   space 21824K,   0% used [0x00000000e6ab0000, 0x00000000e6ab0000, 0x00000000e8000000)
 concurrent mark-sweep generation total 393216K, used 18409K [0x00000000e8000000, 0x0000000100000000, 0x0000000100000000)
 Metaspace       used 42684K, capacity 43480K, committed 43800K, reserved 1087488K
  class space    used 4602K, capacity 4830K, committed 4940K, reserved 1048576K
}
2017-04-24T17:56:30.435+0800: 7880.107: Total time for which application threads were stopped: 0.0149856 seconds, Stopping threads took: 0.0000844 seconds
2017-04-24T17:56:30.436+0800: 7880.109: Total time for which application threads were stopped: 0.0002787 seconds, Stopping threads took: 0.0000581 seconds
2017-04-24T17:56:30.438+0800: 7880.111: Total time for which application threads were stopped: 0.0003275 seconds, Stopping threads took: 0.0001020 seconds
2017-04-24T17:56:30.452+0800: 7880.125: Total time for which application threads were stopped: 0.0001411 seconds, Stopping threads took: 0.0000295 seconds
2017-04-24T17:56:30.453+0800: 7880.125: Total time for which application threads were stopped: 0.0002598 seconds, Stopping threads took: 0.0000157 seconds
2017-04-24T17:56:30.735+0800: 7880.407: Total time for which application threads were stopped: 0.0002640 seconds, Stopping threads took: 0.0000542 seconds
2017-04-24T17:56:30.735+0800: 7880.407: Total time for which application threads were stopped: 0.0003114 seconds, Stopping threads took: 0.0000837 seconds
2017-04-24T17:56:30.735+0800: 7880.408: Total time for which application threads were stopped: 0.0002220 seconds, Stopping threads took: 0.0000523 seconds
2017-04-24T17:56:30.737+0800: 7880.409: Total time for which application threads were stopped: 0.0002136 seconds, Stopping threads took: 0.0000401 seconds
2017-04-24T17:56:30.737+0800: 7880.409: Total time for which application threads were stopped: 0.0001973 seconds, Stopping threads took: 0.0000385 seconds
2017-04-24T17:56:30.737+0800: 7880.410: Total time for which application threads were stopped: 0.0001584 seconds, Stopping threads took: 0.0000276 seconds
2017-04-24T17:56:30.737+0800: 7880.410: Total time for which application threads were stopped: 0.0001491 seconds, Stopping threads took: 0.0000257 seconds
2017-04-24T17:56:30.738+0800: 7880.410: Total time for which application threads were stopped: 0.0005318 seconds, Stopping threads took: 0.0000427 seconds
2017-04-24T17:56:33.079+0800: 7882.752: Total time for which application threads were stopped: 0.0000924 seconds, Stopping threads took: 0.0000192 seconds
2017-04-24T17:56:33.079+0800: 7882.752: Total time for which application threads were stopped: 0.0000606 seconds, Stopping threads took: 0.0000135 seconds
2017-04-24T17:56:33.080+0800: 7882.752: Total time for which application threads were stopped: 0.0000455 seconds, Stopping threads took: 0.0000106 seconds
2017-04-24T17:56:33.080+0800: 7882.753: Total time for which application threads were stopped: 0.0000513 seconds, Stopping threads took: 0.0000099 seconds
2017-04-24T17:56:33.080+0800: 7882.753: Total time for which application threads were stopped: 0.0000449 seconds, Stopping threads took: 0.0000099 seconds
2017-04-24T17:56:33.080+0800: 7882.753: Total time for which application threads were stopped: 0.0000417 seconds, Stopping threads took: 0.0000090 seconds
2017-04-24T17:56:40.777+0800: 7890.450: Total time for which application threads were stopped: 0.0001710 seconds, Stopping threads took: 0.0000359 seconds
2017-04-24T17:56:40.777+0800: 7890.450: Total time for which application threads were stopped: 0.0000828 seconds, Stopping threads took: 0.0000164 seconds
2017-04-24T17:56:40.778+0800: 7890.450: Total time for which application threads were stopped: 0.0001463 seconds, Stopping threads took: 0.0000167 seconds
2017-04-24T17:56:50.771+0800: 7900.444: Total time for which application threads were stopped: 0.0003458 seconds, Stopping threads took: 0.0001081 seconds
2017-04-24T17:56:50.771+0800: 7900.444: Total time for which application threads were stopped: 0.0001937 seconds, Stopping threads took: 0.0000414 seconds
2017-04-24T17:56:50.773+0800: 7900.445: Total time for which application threads were stopped: 0.0003336 seconds, Stopping threads took: 0.0000340 seconds
2017-04-24T17:56:50.773+0800: 7900.446: Total time for which application threads were stopped: 0.0002518 seconds, Stopping threads took: 0.0000269 seconds
2017-04-24T17:56:50.773+0800: 7900.446: Total time for which application threads were stopped: 0.0002861 seconds, Stopping threads took: 0.0000366 seconds
2017-04-24T17:56:50.774+0800: 7900.446: Total time for which application threads were stopped: 0.0002367 seconds, Stopping threads took: 0.0000273 seconds
2017-04-24T17:56:50.774+0800: 7900.447: Total time for which application threads were stopped: 0.0002226 seconds, Stopping threads took: 0.0000260 seconds
2017-04-24T17:57:00.439+0800: 7910.111: Total time for which application threads were stopped: 0.0003053 seconds, Stopping threads took: 0.0000882 seconds
2017-04-24T17:57:00.440+0800: 7910.112: Total time for which application threads were stopped: 0.0002341 seconds, Stopping threads took: 0.0000491 seconds
2017-04-24T17:57:00.723+0800: 7910.396: Total time for which application threads were stopped: 0.0003416 seconds, Stopping threads took: 0.0000953 seconds
2017-04-24T17:57:00.724+0800: 7910.396: Total time for which application threads were stopped: 0.0004651 seconds, Stopping threads took: 0.0000340 seconds
2017-04-24T17:57:00.724+0800: 7910.397: Total time for which application threads were stopped: 0.0004724 seconds, Stopping threads took: 0.0000690 seconds
2017-04-24T17:57:00.726+0800: 7910.398: Total time for which application threads were stopped: 0.0002438 seconds, Stopping threads took: 0.0000427 seconds
2017-04-24T17:57:00.726+0800: 7910.399: Total time for which application threads were stopped: 0.0002053 seconds, Stopping threads took: 0.0000395 seconds
2017-04-24T17:57:00.726+0800: 7910.399: Total time for which application threads were stopped: 0.0001992 seconds, Stopping threads took: 0.0000378 seconds
2017-04-24T17:57:00.727+0800: 7910.399: Total time for which application threads were stopped: 0.0001787 seconds, Stopping threads took: 0.0000321 seconds
2017-04-24T17:57:00.727+0800: 7910.400: Total time for which application threads were stopped: 0.0001706 seconds, Stopping threads took: 0.0000311 seconds
2017-04-24T17:57:10.427+0800: 7920.099: Total time for which application threads were stopped: 0.0001754 seconds, Stopping threads took: 0.0000334 seconds
2017-04-24T17:57:10.427+0800: 7920.100: Total time for which application threads were stopped: 0.0001216 seconds, Stopping threads took: 0.0000237 seconds
2017-04-24T17:57:10.742+0800: 7920.414: Total time for which application threads were stopped: 0.0002832 seconds, Stopping threads took: 0.0000632 seconds
2017-04-24T17:57:10.743+0800: 7920.415: Total time for which application threads were stopped: 0.0001787 seconds, Stopping threads took: 0.0000327 seconds
2017-04-24T17:57:10.743+0800: 7920.415: Total time for which application threads were stopped: 0.0001402 seconds, Stopping threads took: 0.0000250 seconds
2017-04-24T17:57:10.743+0800: 7920.415: Total time for which application threads were stopped: 0.0001347 seconds, Stopping threads took: 0.0000250 seconds
2017-04-24T17:57:10.743+0800: 7920.416: Total time for which application threads were stopped: 0.0001331 seconds, Stopping threads took: 0.0000241 seconds
2017-04-24T17:57:10.744+0800: 7920.416: Total time for which application threads were stopped: 0.0001347 seconds, Stopping threads took: 0.0000237 seconds
2017-04-24T17:57:20.436+0800: 7930.108: Total time for which application threads were stopped: 0.0004776 seconds, Stopping threads took: 0.0000366 seconds
2017-04-24T17:57:20.436+0800: 7930.109: Total time for which application threads were stopped: 0.0000985 seconds, Stopping threads took: 0.0000305 seconds
2017-04-24T17:57:20.723+0800: 7930.396: Total time for which application threads were stopped: 0.0000978 seconds, Stopping threads took: 0.0000231 seconds
2017-04-24T17:57:20.724+0800: 7930.396: Total time for which application threads were stopped: 0.0000658 seconds, Stopping threads took: 0.0000138 seconds
2017-04-24T17:57:20.724+0800: 7930.396: Total time for which application threads were stopped: 0.0000491 seconds, Stopping threads took: 0.0000119 seconds
2017-04-24T17:57:20.724+0800: 7930.396: Total time for which application threads were stopped: 0.0000433 seconds, Stopping threads took: 0.0000106 seconds
2017-04-24T17:57:20.724+0800: 7930.396: Total time for which application threads were stopped: 0.0000417 seconds, Stopping threads took: 0.0000099 seconds
2017-04-24T17:57:20.724+0800: 7930.396: Total time for which application threads were stopped: 0.0000430 seconds, Stopping threads took: 0.0000103 seconds
2017-04-24T17:57:30.424+0800: 7940.096: Total time for which application threads were stopped: 0.0001203 seconds, Stopping threads took: 0.0000234 seconds
2017-04-24T17:57:30.424+0800: 7940.097: Total time for which application threads were stopped: 0.0000981 seconds, Stopping threads took: 0.0000176 seconds
2017-04-24T17:57:30.802+0800: 7940.475: Total time for which application threads were stopped: 0.0003092 seconds, Stopping threads took: 0.0000860 seconds
2017-04-24T17:57:30.803+0800: 7940.476: Total time for which application threads were stopped: 0.0002447 seconds, Stopping threads took: 0.0000443 seconds
2017-04-24T17:57:30.804+0800: 7940.476: Total time for which application threads were stopped: 0.0001658 seconds, Stopping threads took: 0.0000340 seconds
2017-04-24T17:57:30.804+0800: 7940.476: Total time for which application threads were stopped: 0.0001479 seconds, Stopping threads took: 0.0000247 seconds
2017-04-24T17:57:30.804+0800: 7940.477: Total time for which application threads were stopped: 0.0001475 seconds, Stopping threads took: 0.0000244 seconds
2017-04-24T17:57:30.804+0800: 7940.477: Total time for which application threads were stopped: 0.0001437 seconds, Stopping threads took: 0.0000244 seconds
2017-04-24T17:57:40.438+0800: 7950.111: Total time for which application threads were stopped: 0.0002627 seconds, Stopping threads took: 0.0000561 seconds
2017-04-24T17:57:40.439+0800: 7950.112: Total time for which application threads were stopped: 0.0002162 seconds, Stopping threads took: 0.0000443 seconds
2017-04-24T17:57:40.812+0800: 7950.484: Total time for which application threads were stopped: 0.0002611 seconds, Stopping threads took: 0.0000597 seconds
2017-04-24T17:57:40.813+0800: 7950.486: Total time for which application threads were stopped: 0.0002543 seconds, Stopping threads took: 0.0000475 seconds
2017-04-24T17:57:40.814+0800: 7950.486: Total time for which application threads were stopped: 0.0001546 seconds, Stopping threads took: 0.0000285 seconds
2017-04-24T17:57:40.814+0800: 7950.486: Total time for which application threads were stopped: 0.0001344 seconds, Stopping threads took: 0.0000250 seconds
2017-04-24T17:57:40.814+0800: 7950.486: Total time for which application threads were stopped: 0.0001357 seconds, Stopping threads took: 0.0000244 seconds
2017-04-24T17:57:40.815+0800: 7950.487: Total time for which application threads were stopped: 0.0005821 seconds, Stopping threads took: 0.0000244 seconds
2017-04-24T17:57:40.826+0800: 7950.499: Total time for which application threads were stopped: 0.0002627 seconds, Stopping threads took: 0.0000552 seconds
2017-04-24T17:57:50.438+0800: 7960.111: Total time for which application threads were stopped: 0.0002678 seconds, Stopping threads took: 0.0000552 seconds
2017-04-24T17:57:50.439+0800: 7960.111: Total time for which application threads were stopped: 0.0001565 seconds, Stopping threads took: 0.0000285 seconds
2017-04-24T17:57:50.816+0800: 7960.488: Total time for which application threads were stopped: 0.0002665 seconds, Stopping threads took: 0.0000516 seconds
2017-04-24T17:57:50.828+0800: 7960.500: Total time for which application threads were stopped: 0.0002922 seconds, Stopping threads took: 0.0000539 seconds
2017-04-24T17:58:00.449+0800: 7970.121: Total time for which application threads were stopped: 0.0002752 seconds, Stopping threads took: 0.0000548 seconds
2017-04-24T17:58:00.450+0800: 7970.122: Total time for which application threads were stopped: 0.0002187 seconds, Stopping threads took: 0.0000436 seconds
2017-04-24T17:58:00.793+0800: 7970.465: Total time for which application threads were stopped: 0.0002678 seconds, Stopping threads took: 0.0000532 seconds
2017-04-24T17:58:00.793+0800: 7970.466: Total time for which application threads were stopped: 0.0001479 seconds, Stopping threads took: 0.0000273 seconds
2017-04-24T17:58:00.793+0800: 7970.466: Total time for which application threads were stopped: 0.0002203 seconds, Stopping threads took: 0.0000430 seconds
2017-04-24T17:58:00.794+0800: 7970.466: Total time for which application threads were stopped: 0.0001456 seconds, Stopping threads took: 0.0000269 seconds
2017-04-24T17:58:00.794+0800: 7970.466: Total time for which application threads were stopped: 0.0001524 seconds, Stopping threads took: 0.0000295 seconds
2017-04-24T17:58:00.804+0800: 7970.476: Total time for which application threads were stopped: 0.0002345 seconds, Stopping threads took: 0.0000443 seconds
{Heap before GC invocations=76 (full 2):
 par new generation   total 109248K, used 92872K [0x00000000e0000000, 0x00000000e8000000, 0x00000000e8000000)
  eden space 87424K,  99% used [0x00000000e0000000, 0x00000000e55593f8, 0x00000000e5560000)
  from space 21824K,  25% used [0x00000000e5560000, 0x00000000e5ab8d50, 0x00000000e6ab0000)
  to   space 21824K,   0% used [0x00000000e6ab0000, 0x00000000e6ab0000, 0x00000000e8000000)
 concurrent mark-sweep generation total 393216K, used 18409K [0x00000000e8000000, 0x0000000100000000, 0x0000000100000000)
 Metaspace       used 42684K, capacity 43480K, committed 43800K, reserved 1087488K
  class space    used 4602K, capacity 4830K, committed 4940K, reserved 1048576K
2017-04-24T17:58:10.422+0800: 7980.095: [GC (Allocation Failure) 2017-04-24T17:58:10.423+0800: 7980.095: [ParNew
Desired survivor size 20112992 bytes, new threshold 8 (max 8)
- age   1:    2627560 bytes,    2627560 total
- age   2:     647016 bytes,    3274576 total
- age   3:      50776 bytes,    3325352 total
- age   4:      13384 bytes,    3338736 total
- age   5:      16016 bytes,    3354752 total
- age   6:      34160 bytes,    3388912 total
- age   7:      11272 bytes,    3400184 total
- age   8:     553608 bytes,    3953792 total
: 92872K->5250K(109248K), 0.0142139 secs] 111282K->23669K(502464K), 0.0144060 secs] [Times: user=0.05 sys=0.00, real=0.02 secs] 
Heap after GC invocations=77 (full 2):
 par new generation   total 109248K, used 5250K [0x00000000e0000000, 0x00000000e8000000, 0x00000000e8000000)
  eden space 87424K,   0% used [0x00000000e0000000, 0x00000000e0000000, 0x00000000e5560000)
  from space 21824K,  24% used [0x00000000e6ab0000, 0x00000000e6fd0a80, 0x00000000e8000000)
  to   space 21824K,   0% used [0x00000000e5560000, 0x00000000e5560000, 0x00000000e6ab0000)
 concurrent mark-sweep generation total 393216K, used 18418K [0x00000000e8000000, 0x0000000100000000, 0x0000000100000000)
 Metaspace       used 42684K, capacity 43480K, committed 43800K, reserved 1087488K
  class space    used 4602K, capacity 4830K, committed 4940K, reserved 1048576K
}
2017-04-24T17:58:10.437+0800: 7980.110: Total time for which application threads were stopped: 0.0149907 seconds, Stopping threads took: 0.0000526 seconds
2017-04-24T17:58:10.441+0800: 7980.113: Total time for which application threads were stopped: 0.0001613 seconds, Stopping threads took: 0.0000494 seconds
2017-04-24T17:58:10.441+0800: 7980.113: Total time for which application threads were stopped: 0.0001148 seconds, Stopping threads took: 0.0000350 seconds
2017-04-24T17:58:10.441+0800: 7980.114: Total time for which application threads were stopped: 0.0001081 seconds, Stopping threads took: 0.0000237 seconds
2017-04-24T17:58:10.442+0800: 7980.114: Total time for which application threads were stopped: 0.0001074 seconds, Stopping threads took: 0.0000382 seconds
2017-04-24T17:58:10.442+0800: 7980.114: Total time for which application threads were stopped: 0.0001004 seconds, Stopping threads took: 0.0000311 seconds
2017-04-24T17:58:10.442+0800: 7980.114: Total time for which application threads were stopped: 0.0001017 seconds, Stopping threads took: 0.0000337 seconds
2017-04-24T17:58:10.442+0800: 7980.115: Total time for which application threads were stopped: 0.0001046 seconds, Stopping threads took: 0.0000228 seconds
2017-04-24T17:58:10.443+0800: 7980.115: Total time for which application threads were stopped: 0.0000965 seconds, Stopping threads took: 0.0000263 seconds
2017-04-24T17:58:10.443+0800: 7980.115: Total time for which application threads were stopped: 0.0000917 seconds, Stopping threads took: 0.0000257 seconds
2017-04-24T17:58:10.443+0800: 7980.115: Total time for which application threads were stopped: 0.0000888 seconds, Stopping threads took: 0.0000327 seconds
2017-04-24T17:58:10.443+0800: 7980.115: Total time for which application threads were stopped: 0.0000975 seconds, Stopping threads took: 0.0000372 seconds
2017-04-24T17:58:10.443+0800: 7980.115: Total time for which application threads were stopped: 0.0000754 seconds, Stopping threads took: 0.0000250 seconds
2017-04-24T17:58:10.443+0800: 7980.116: Total time for which application threads were stopped: 0.0000898 seconds, Stopping threads took: 0.0000330 seconds
2017-04-24T17:58:10.444+0800: 7980.116: Total time for which application threads were stopped: 0.0001123 seconds, Stopping threads took: 0.0000401 seconds
2017-04-24T17:58:10.444+0800: 7980.116: Total time for which application threads were stopped: 0.0001010 seconds, Stopping threads took: 0.0000395 seconds
2017-04-24T17:58:10.444+0800: 7980.116: Total time for which application threads were stopped: 0.0000808 seconds, Stopping threads took: 0.0000266 seconds
2017-04-24T17:58:10.444+0800: 7980.116: Total time for which application threads were stopped: 0.0000808 seconds, Stopping threads took: 0.0000340 seconds
2017-04-24T17:58:10.444+0800: 7980.117: Total time for which application threads were stopped: 0.0000911 seconds, Stopping threads took: 0.0000411 seconds
2017-04-24T17:58:10.444+0800: 7980.117: Total time for which application threads were stopped: 0.0000914 seconds, Stopping threads took: 0.0000401 seconds
2017-04-24T17:58:10.445+0800: 7980.118: Total time for which application threads were stopped: 0.0001113 seconds, Stopping threads took: 0.0000382 seconds
2017-04-24T17:58:10.445+0800: 7980.118: Total time for which application threads were stopped: 0.0000994 seconds, Stopping threads took: 0.0000298 seconds
2017-04-24T17:58:10.449+0800: 7980.122: Total time for which application threads were stopped: 0.0001167 seconds, Stopping threads took: 0.0000228 seconds
2017-04-24T17:58:10.450+0800: 7980.122: Total time for which application threads were stopped: 0.0000629 seconds, Stopping threads took: 0.0000106 seconds
2017-04-24T17:58:10.764+0800: 7980.436: Total time for which application threads were stopped: 0.0003025 seconds, Stopping threads took: 0.0000539 seconds
2017-04-24T17:58:10.764+0800: 7980.437: Total time for which application threads were stopped: 0.0002069 seconds, Stopping threads took: 0.0000324 seconds
2017-04-24T17:58:10.764+0800: 7980.437: Total time for which application threads were stopped: 0.0001748 seconds, Stopping threads took: 0.0000282 seconds
2017-04-24T17:58:10.765+0800: 7980.437: Total time for which application threads were stopped: 0.0001645 seconds, Stopping threads took: 0.0000266 seconds
2017-04-24T17:58:10.765+0800: 7980.437: Total time for which application threads were stopped: 0.0001610 seconds, Stopping threads took: 0.0000263 seconds
2017-04-24T17:58:10.774+0800: 7980.447: Total time for which application threads were stopped: 0.0002823 seconds, Stopping threads took: 0.0000481 seconds
2017-04-24T17:58:20.435+0800: 7990.108: Total time for which application threads were stopped: 0.0001787 seconds, Stopping threads took: 0.0000340 seconds
2017-04-24T17:58:20.436+0800: 7990.108: Total time for which application threads were stopped: 0.0001261 seconds, Stopping threads took: 0.0000228 seconds
2017-04-24T17:58:20.731+0800: 7990.403: Total time for which application threads were stopped: 0.0002107 seconds, Stopping threads took: 0.0000369 seconds
2017-04-24T17:58:20.731+0800: 7990.403: Total time for which application threads were stopped: 0.0001007 seconds, Stopping threads took: 0.0000167 seconds
2017-04-24T17:58:20.731+0800: 7990.404: Total time for which application threads were stopped: 0.0001507 seconds, Stopping threads took: 0.0000276 seconds
2017-04-24T17:58:20.731+0800: 7990.404: Total time for which application threads were stopped: 0.0001225 seconds, Stopping threads took: 0.0000241 seconds
2017-04-24T17:58:20.732+0800: 7990.404: Total time for which application threads were stopped: 0.0001232 seconds, Stopping threads took: 0.0000237 seconds
2017-04-24T17:58:20.738+0800: 7990.410: Total time for which application threads were stopped: 0.0001642 seconds, Stopping threads took: 0.0000330 seconds
2017-04-24T17:58:21.299+0800: 7990.972: Total time for which application threads were stopped: 0.0000844 seconds, Stopping threads took: 0.0000192 seconds
2017-04-24T17:58:21.300+0800: 7990.972: Total time for which application threads were stopped: 0.0000407 seconds, Stopping threads took: 0.0000071 seconds
2017-04-24T17:58:21.300+0800: 7990.972: Total time for which application threads were stopped: 0.0000343 seconds, Stopping threads took: 0.0000064 seconds
2017-04-24T17:58:21.300+0800: 7990.973: Total time for which application threads were stopped: 0.0001880 seconds, Stopping threads took: 0.0000180 seconds
2017-04-24T17:58:21.300+0800: 7990.973: Total time for which application threads were stopped: 0.0000494 seconds, Stopping threads took: 0.0000164 seconds
2017-04-24T17:58:21.300+0800: 7990.973: Total time for which application threads were stopped: 0.0000411 seconds, Stopping threads took: 0.0000122 seconds
2017-04-24T17:58:30.440+0800: 8000.112: Total time for which application threads were stopped: 0.0002976 seconds, Stopping threads took: 0.0000532 seconds
2017-04-24T17:58:30.780+0800: 8000.453: Total time for which application threads were stopped: 0.0002819 seconds, Stopping threads took: 0.0000513 seconds
2017-04-24T17:58:30.781+0800: 8000.453: Total time for which application threads were stopped: 0.0001928 seconds, Stopping threads took: 0.0000593 seconds
2017-04-24T17:58:30.781+0800: 8000.454: Total time for which application threads were stopped: 0.0002377 seconds, Stopping threads took: 0.0000439 seconds
2017-04-24T17:58:30.781+0800: 8000.454: Total time for which application threads were stopped: 0.0001568 seconds, Stopping threads took: 0.0000269 seconds
2017-04-24T17:58:30.781+0800: 8000.454: Total time for which application threads were stopped: 0.0001543 seconds, Stopping threads took: 0.0000276 seconds
2017-04-24T17:58:30.791+0800: 8000.464: Total time for which application threads were stopped: 0.0002306 seconds, Stopping threads took: 0.0000510 seconds
2017-04-24T17:58:40.438+0800: 8010.110: Total time for which application threads were stopped: 0.0003028 seconds, Stopping threads took: 0.0000552 seconds
2017-04-24T17:58:40.439+0800: 8010.111: Total time for which application threads were stopped: 0.0002187 seconds, Stopping threads took: 0.0000385 seconds
2017-04-24T17:58:40.757+0800: 8010.429: Total time for which application threads were stopped: 0.0002941 seconds, Stopping threads took: 0.0000513 seconds
2017-04-24T17:58:40.757+0800: 8010.430: Total time for which application threads were stopped: 0.0002008 seconds, Stopping threads took: 0.0000305 seconds
2017-04-24T17:58:40.757+0800: 8010.430: Total time for which application threads were stopped: 0.0002486 seconds, Stopping threads took: 0.0000439 seconds
2017-04-24T17:58:40.758+0800: 8010.430: Total time for which application threads were stopped: 0.0002729 seconds, Stopping threads took: 0.0000404 seconds
2017-04-24T17:58:40.758+0800: 8010.431: Total time for which application threads were stopped: 0.0002736 seconds, Stopping threads took: 0.0001039 seconds
2017-04-24T17:58:40.767+0800: 8010.440: Total time for which application threads were stopped: 0.0002059 seconds, Stopping threads took: 0.0000401 seconds
2017-04-24T17:58:50.436+0800: 8020.108: Total time for which application threads were stopped: 0.0001950 seconds, Stopping threads took: 0.0000359 seconds
2017-04-24T17:58:50.436+0800: 8020.109: Total time for which application threads were stopped: 0.0001995 seconds, Stopping threads took: 0.0000516 seconds
2017-04-24T17:58:50.715+0800: 8020.387: Total time for which application threads were stopped: 0.0002678 seconds, Stopping threads took: 0.0000532 seconds
2017-04-24T17:58:50.715+0800: 8020.387: Total time for which application threads were stopped: 0.0002916 seconds, Stopping threads took: 0.0000953 seconds
2017-04-24T17:58:50.716+0800: 8020.388: Total time for which application threads were stopped: 0.0001863 seconds, Stopping threads took: 0.0000318 seconds
2017-04-24T17:58:50.716+0800: 8020.389: Total time for which application threads were stopped: 0.0001556 seconds, Stopping threads took: 0.0000257 seconds
2017-04-24T17:58:50.716+0800: 8020.389: Total time for which application threads were stopped: 0.0001453 seconds, Stopping threads took: 0.0000247 seconds
2017-04-24T17:58:50.717+0800: 8020.389: Total time for which application threads were stopped: 0.0001687 seconds, Stopping threads took: 0.0000237 seconds
2017-04-24T17:58:50.717+0800: 8020.390: Total time for which application threads were stopped: 0.0004458 seconds, Stopping threads took: 0.0000247 seconds
2017-04-24T17:58:50.726+0800: 8020.399: Total time for which application threads were stopped: 0.0002072 seconds, Stopping threads took: 0.0000417 seconds
2017-04-24T17:59:00.437+0800: 8030.110: Total time for which application threads were stopped: 0.0002960 seconds, Stopping threads took: 0.0000542 seconds
2017-04-24T17:59:00.438+0800: 8030.111: Total time for which application threads were stopped: 0.0002316 seconds, Stopping threads took: 0.0000439 seconds
2017-04-24T17:59:00.767+0800: 8030.440: Total time for which application threads were stopped: 0.0002778 seconds, Stopping threads took: 0.0000587 seconds
2017-04-24T17:59:00.767+0800: 8030.440: Total time for which application threads were stopped: 0.0002903 seconds, Stopping threads took: 0.0001167 seconds
2017-04-24T17:59:00.769+0800: 8030.442: Total time for which application threads were stopped: 0.0004452 seconds, Stopping threads took: 0.0000959 seconds
2017-04-24T17:59:00.781+0800: 8030.454: Total time for which application threads were stopped: 0.0001787 seconds, Stopping threads took: 0.0000513 seconds
2017-04-24T17:59:10.436+0800: 8040.108: Total time for which application threads were stopped: 0.0002694 seconds, Stopping threads took: 0.0000558 seconds
2017-04-24T17:59:10.437+0800: 8040.109: Total time for which application threads were stopped: 0.0002171 seconds, Stopping threads took: 0.0000439 seconds
2017-04-24T17:59:10.819+0800: 8040.491: Total time for which application threads were stopped: 0.0002829 seconds, Stopping threads took: 0.0000606 seconds
2017-04-24T17:59:10.819+0800: 8040.491: Total time for which application threads were stopped: 0.0001565 seconds, Stopping threads took: 0.0000318 seconds
2017-04-24T17:59:10.820+0800: 8040.493: Total time for which application threads were stopped: 0.0002248 seconds, Stopping threads took: 0.0000417 seconds
2017-04-24T17:59:10.820+0800: 8040.493: Total time for which application threads were stopped: 0.0001447 seconds, Stopping threads took: 0.0000260 seconds
2017-04-24T17:59:10.821+0800: 8040.493: Total time for which application threads were stopped: 0.0001392 seconds, Stopping threads took: 0.0000247 seconds
2017-04-24T17:59:10.821+0800: 8040.493: Total time for which application threads were stopped: 0.0001844 seconds, Stopping threads took: 0.0000362 seconds
2017-04-24T17:59:10.821+0800: 8040.494: Total time for which application threads were stopped: 0.0001754 seconds, Stopping threads took: 0.0000337 seconds
2017-04-24T17:59:16.875+0800: 8046.548: Total time for which application threads were stopped: 0.0001177 seconds, Stopping threads took: 0.0000295 seconds
2017-04-24T17:59:16.875+0800: 8046.548: Total time for which application threads were stopped: 0.0000837 seconds, Stopping threads took: 0.0000228 seconds
2017-04-24T17:59:16.875+0800: 8046.548: Total time for which application threads were stopped: 0.0000715 seconds, Stopping threads took: 0.0000180 seconds
2017-04-24T17:59:16.876+0800: 8046.549: Total time for which application threads were stopped: 0.0000856 seconds, Stopping threads took: 0.0000215 seconds
2017-04-24T17:59:16.876+0800: 8046.549: Total time for which application threads were stopped: 0.0002518 seconds, Stopping threads took: 0.0000680 seconds
2017-04-24T17:59:20.435+0800: 8050.108: Total time for which application threads were stopped: 0.0002399 seconds, Stopping threads took: 0.0000404 seconds
2017-04-24T17:59:20.843+0800: 8050.516: Total time for which application threads were stopped: 0.0002832 seconds, Stopping threads took: 0.0000577 seconds
2017-04-24T17:59:20.844+0800: 8050.516: Total time for which application threads were stopped: 0.0002460 seconds, Stopping threads took: 0.0000513 seconds
2017-04-24T17:59:20.844+0800: 8050.516: Total time for which application threads were stopped: 0.0001761 seconds, Stopping threads took: 0.0000372 seconds
2017-04-24T17:59:20.845+0800: 8050.517: Total time for which application threads were stopped: 0.0001838 seconds, Stopping threads took: 0.0000311 seconds
2017-04-24T17:59:20.845+0800: 8050.518: Total time for which application threads were stopped: 0.0001892 seconds, Stopping threads took: 0.0000362 seconds
2017-04-24T17:59:20.845+0800: 8050.518: Total time for which application threads were stopped: 0.0001989 seconds, Stopping threads took: 0.0000395 seconds
2017-04-24T17:59:20.846+0800: 8050.518: Total time for which application threads were stopped: 0.0001694 seconds, Stopping threads took: 0.0000318 seconds
2017-04-24T17:59:20.846+0800: 8050.518: Total time for which application threads were stopped: 0.0001463 seconds, Stopping threads took: 0.0000250 seconds
2017-04-24T17:59:20.855+0800: 8050.527: Total time for which application threads were stopped: 0.0001873 seconds, Stopping threads took: 0.0000401 seconds
2017-04-24T17:59:30.407+0800: 8060.079: Total time for which application threads were stopped: 0.0004952 seconds, Stopping threads took: 0.0000520 seconds
2017-04-24T17:59:30.439+0800: 8060.112: Total time for which application threads were stopped: 0.0002726 seconds, Stopping threads took: 0.0000532 seconds
2017-04-24T17:59:30.440+0800: 8060.113: Total time for which application threads were stopped: 0.0002540 seconds, Stopping threads took: 0.0000314 seconds
2017-04-24T17:59:30.788+0800: 8060.461: Total time for which application threads were stopped: 0.0003182 seconds, Stopping threads took: 0.0000911 seconds
2017-04-24T17:59:30.789+0800: 8060.461: Total time for which application threads were stopped: 0.0001940 seconds, Stopping threads took: 0.0000574 seconds
2017-04-24T17:59:30.790+0800: 8060.463: Total time for which application threads were stopped: 0.0005607 seconds, Stopping threads took: 0.0000388 seconds
2017-04-24T17:59:30.791+0800: 8060.463: Total time for which application threads were stopped: 0.0001488 seconds, Stopping threads took: 0.0000276 seconds
2017-04-24T17:59:30.791+0800: 8060.463: Total time for which application threads were stopped: 0.0001350 seconds, Stopping threads took: 0.0000244 seconds
2017-04-24T17:59:30.791+0800: 8060.464: Total time for which application threads were stopped: 0.0001363 seconds, Stopping threads took: 0.0000237 seconds
2017-04-24T17:59:30.791+0800: 8060.464: Total time for which application threads were stopped: 0.0001331 seconds, Stopping threads took: 0.0000244 seconds
2017-04-24T17:59:30.800+0800: 8060.473: Total time for which application threads were stopped: 0.0002620 seconds, Stopping threads took: 0.0000507 seconds
2017-04-24T17:59:40.714+0800: 8070.386: Total time for which application threads were stopped: 0.0003002 seconds, Stopping threads took: 0.0000629 seconds
2017-04-24T17:59:40.714+0800: 8070.387: Total time for which application threads were stopped: 0.0004577 seconds, Stopping threads took: 0.0000629 seconds
2017-04-24T17:59:40.716+0800: 8070.388: Total time for which application threads were stopped: 0.0003201 seconds, Stopping threads took: 0.0000388 seconds
2017-04-24T17:59:40.716+0800: 8070.389: Total time for which application threads were stopped: 0.0002903 seconds, Stopping threads took: 0.0000289 seconds
2017-04-24T17:59:40.717+0800: 8070.389: Total time for which application threads were stopped: 0.0003195 seconds, Stopping threads took: 0.0000443 seconds
2017-04-24T17:59:40.717+0800: 8070.389: Total time for which application threads were stopped: 0.0002399 seconds, Stopping threads took: 0.0000279 seconds
2017-04-24T17:59:40.725+0800: 8070.398: Total time for which application threads were stopped: 0.0002110 seconds, Stopping threads took: 0.0000449 seconds
{Heap before GC invocations=77 (full 2):
 par new generation   total 109248K, used 92667K [0x00000000e0000000, 0x00000000e8000000, 0x00000000e8000000)
  eden space 87424K,  99% used [0x00000000e0000000, 0x00000000e555e538, 0x00000000e5560000)
  from space 21824K,  24% used [0x00000000e6ab0000, 0x00000000e6fd0a80, 0x00000000e8000000)
  to   space 21824K,   0% used [0x00000000e5560000, 0x00000000e5560000, 0x00000000e6ab0000)
 concurrent mark-sweep generation total 393216K, used 18418K [0x00000000e8000000, 0x0000000100000000, 0x0000000100000000)
 Metaspace       used 42684K, capacity 43480K, committed 43800K, reserved 1087488K
  class space    used 4602K, capacity 4830K, committed 4940K, reserved 1048576K
2017-04-24T17:59:50.422+0800: 8080.094: [GC (Allocation Failure) 2017-04-24T17:59:50.422+0800: 8080.094: [ParNew
Desired survivor size 20112992 bytes, new threshold 8 (max 8)
- age   1:    2720224 bytes,    2720224 total
- age   2:     637920 bytes,    3358144 total
- age   3:      67888 bytes,    3426032 total
- age   4:      16168 bytes,    3442200 total
- age   5:      12688 bytes,    3454888 total
- age   6:      16016 bytes,    3470904 total
- age   7:      34160 bytes,    3505064 total
- age   8:      11272 bytes,    3516336 total
: 92667K->4702K(109248K), 0.0158782 secs] 111086K->23660K(502464K), 0.0160675 secs] [Times: user=0.06 sys=0.00, real=0.02 secs] 
Heap after GC invocations=78 (full 2):
 par new generation   total 109248K, used 4702K [0x00000000e0000000, 0x00000000e8000000, 0x00000000e8000000)
  eden space 87424K,   0% used [0x00000000e0000000, 0x00000000e0000000, 0x00000000e5560000)
  from space 21824K,  21% used [0x00000000e5560000, 0x00000000e59f7a38, 0x00000000e6ab0000)
  to   space 21824K,   0% used [0x00000000e6ab0000, 0x00000000e6ab0000, 0x00000000e8000000)
 concurrent mark-sweep generation total 393216K, used 18957K [0x00000000e8000000, 0x0000000100000000, 0x0000000100000000)
 Metaspace       used 42684K, capacity 43480K, committed 43800K, reserved 1087488K
  class space    used 4602K, capacity 4830K, committed 4940K, reserved 1048576K
}
2017-04-24T17:59:50.438+0800: 8080.110: Total time for which application threads were stopped: 0.0165460 seconds, Stopping threads took: 0.0000497 seconds
2017-04-24T17:59:50.438+0800: 8080.111: Total time for which application threads were stopped: 0.0002361 seconds, Stopping threads took: 0.0000677 seconds
2017-04-24T17:59:50.438+0800: 8080.111: Total time for which application threads were stopped: 0.0001883 seconds, Stopping threads took: 0.0000513 seconds
2017-04-24T17:59:50.439+0800: 8080.111: Total time for which application threads were stopped: 0.0001299 seconds, Stopping threads took: 0.0000362 seconds
2017-04-24T17:59:50.439+0800: 8080.111: Total time for which application threads were stopped: 0.0001479 seconds, Stopping threads took: 0.0000462 seconds
2017-04-24T17:59:50.439+0800: 8080.111: Total time for which application threads were stopped: 0.0001129 seconds, Stopping threads took: 0.0000372 seconds
2017-04-24T17:59:50.439+0800: 8080.112: Total time for which application threads were stopped: 0.0000853 seconds, Stopping threads took: 0.0000167 seconds
2017-04-24T17:59:50.440+0800: 8080.112: Total time for which application threads were stopped: 0.0000821 seconds, Stopping threads took: 0.0000173 seconds
2017-04-24T17:59:50.440+0800: 8080.112: Total time for which application threads were stopped: 0.0000811 seconds, Stopping threads took: 0.0000157 seconds
2017-04-24T17:59:50.440+0800: 8080.112: Total time for which application threads were stopped: 0.0000924 seconds, Stopping threads took: 0.0000257 seconds
2017-04-24T17:59:50.440+0800: 8080.112: Total time for which application threads were stopped: 0.0000786 seconds, Stopping threads took: 0.0000170 seconds
2017-04-24T17:59:50.440+0800: 8080.113: Total time for which application threads were stopped: 0.0000805 seconds, Stopping threads took: 0.0000157 seconds
2017-04-24T17:59:50.440+0800: 8080.113: Total time for which application threads were stopped: 0.0000763 seconds, Stopping threads took: 0.0000164 seconds
2017-04-24T17:59:50.441+0800: 8080.113: Total time for which application threads were stopped: 0.0001113 seconds, Stopping threads took: 0.0000228 seconds
2017-04-24T17:59:50.441+0800: 8080.113: Total time for which application threads were stopped: 0.0001196 seconds, Stopping threads took: 0.0000471 seconds
2017-04-24T17:59:50.441+0800: 8080.113: Total time for which application threads were stopped: 0.0001007 seconds, Stopping threads took: 0.0000382 seconds
2017-04-24T17:59:50.441+0800: 8080.114: Total time for which application threads were stopped: 0.0000937 seconds, Stopping threads took: 0.0000308 seconds
2017-04-24T17:59:50.441+0800: 8080.114: Total time for which application threads were stopped: 0.0001026 seconds, Stopping threads took: 0.0000292 seconds
2017-04-24T17:59:50.442+0800: 8080.114: Total time for which application threads were stopped: 0.0000770 seconds, Stopping threads took: 0.0000192 seconds
2017-04-24T17:59:50.442+0800: 8080.114: Total time for which application threads were stopped: 0.0000937 seconds, Stopping threads took: 0.0000340 seconds
2017-04-24T17:59:50.442+0800: 8080.114: Total time for which application threads were stopped: 0.0000930 seconds, Stopping threads took: 0.0000318 seconds
2017-04-24T17:59:50.442+0800: 8080.114: Total time for which application threads were stopped: 0.0000731 seconds, Stopping threads took: 0.0000160 seconds
2017-04-24T17:59:50.442+0800: 8080.115: Total time for which application threads were stopped: 0.0000747 seconds, Stopping threads took: 0.0000170 seconds
2017-04-24T17:59:50.443+0800: 8080.115: Total time for which application threads were stopped: 0.0003069 seconds, Stopping threads took: 0.0000417 seconds
2017-04-24T17:59:50.443+0800: 8080.115: Total time for which application threads were stopped: 0.0002444 seconds, Stopping threads took: 0.0000321 seconds
2017-04-24T17:59:50.450+0800: 8080.123: Total time for which application threads were stopped: 0.0001498 seconds, Stopping threads took: 0.0000311 seconds
2017-04-24T17:59:50.451+0800: 8080.123: Total time for which application threads were stopped: 0.0001100 seconds, Stopping threads took: 0.0000180 seconds
2017-04-24T17:59:50.809+0800: 8080.482: Total time for which application threads were stopped: 0.0002810 seconds, Stopping threads took: 0.0000542 seconds
2017-04-24T17:59:50.809+0800: 8080.482: Total time for which application threads were stopped: 0.0001905 seconds, Stopping threads took: 0.0000327 seconds
2017-04-24T17:59:50.809+0800: 8080.482: Total time for which application threads were stopped: 0.0001645 seconds, Stopping threads took: 0.0000295 seconds
2017-04-24T17:59:50.810+0800: 8080.482: Total time for which application threads were stopped: 0.0001507 seconds, Stopping threads took: 0.0000269 seconds
2017-04-24T17:59:50.810+0800: 8080.482: Total time for which application threads were stopped: 0.0001463 seconds, Stopping threads took: 0.0000253 seconds
2017-04-24T17:59:50.820+0800: 8080.493: Total time for which application threads were stopped: 0.0005289 seconds, Stopping threads took: 0.0000404 seconds
2017-04-24T18:00:00.445+0800: 8090.117: Total time for which application threads were stopped: 0.0003098 seconds, Stopping threads took: 0.0000718 seconds
2017-04-24T18:00:00.446+0800: 8090.118: Total time for which application threads were stopped: 0.0002117 seconds, Stopping threads took: 0.0000581 seconds
2017-04-24T18:00:00.712+0800: 8090.384: Total time for which application threads were stopped: 0.0001860 seconds, Stopping threads took: 0.0000388 seconds
2017-04-24T18:00:00.712+0800: 8090.384: Total time for which application threads were stopped: 0.0001540 seconds, Stopping threads took: 0.0000330 seconds
2017-04-24T18:00:00.712+0800: 8090.384: Total time for which application threads were stopped: 0.0001584 seconds, Stopping threads took: 0.0000574 seconds
2017-04-24T18:00:00.713+0800: 8090.385: Total time for which application threads were stopped: 0.0001337 seconds, Stopping threads took: 0.0000263 seconds
2017-04-24T18:00:00.713+0800: 8090.385: Total time for which application threads were stopped: 0.0001074 seconds, Stopping threads took: 0.0000208 seconds
2017-04-24T18:00:00.713+0800: 8090.385: Total time for which application threads were stopped: 0.0001318 seconds, Stopping threads took: 0.0000289 seconds
2017-04-24T18:00:00.713+0800: 8090.386: Total time for which application threads were stopped: 0.0001007 seconds, Stopping threads took: 0.0000202 seconds
2017-04-24T18:00:00.713+0800: 8090.386: Total time for which application threads were stopped: 0.0003169 seconds, Stopping threads took: 0.0000228 seconds
2017-04-24T18:00:10.442+0800: 8100.114: Total time for which application threads were stopped: 0.0001469 seconds, Stopping threads took: 0.0000330 seconds
2017-04-24T18:00:10.442+0800: 8100.114: Total time for which application threads were stopped: 0.0001164 seconds, Stopping threads took: 0.0000318 seconds
2017-04-24T18:00:10.785+0800: 8100.458: Total time for which application threads were stopped: 0.0002941 seconds, Stopping threads took: 0.0000853 seconds
2017-04-24T18:00:10.786+0800: 8100.459: Total time for which application threads were stopped: 0.0002617 seconds, Stopping threads took: 0.0000581 seconds
2017-04-24T18:00:10.786+0800: 8100.459: Total time for which application threads were stopped: 0.0002553 seconds, Stopping threads took: 0.0000943 seconds
2017-04-24T18:00:10.788+0800: 8100.461: Total time for which application threads were stopped: 0.0002248 seconds, Stopping threads took: 0.0000449 seconds
2017-04-24T18:00:11.789+0800: 8101.462: Total time for which application threads were stopped: 0.0002043 seconds, Stopping threads took: 0.0000548 seconds
2017-04-24T18:00:20.435+0800: 8110.107: Total time for which application threads were stopped: 0.0001703 seconds, Stopping threads took: 0.0000346 seconds
2017-04-24T18:00:20.435+0800: 8110.108: Total time for which application threads were stopped: 0.0001196 seconds, Stopping threads took: 0.0000205 seconds
2017-04-24T18:00:20.745+0800: 8110.418: Total time for which application threads were stopped: 0.0003268 seconds, Stopping threads took: 0.0000959 seconds
2017-04-24T18:00:20.746+0800: 8110.418: Total time for which application threads were stopped: 0.0003134 seconds, Stopping threads took: 0.0000888 seconds
2017-04-24T18:00:20.746+0800: 8110.419: Total time for which application threads were stopped: 0.0002223 seconds, Stopping threads took: 0.0000430 seconds
2017-04-24T18:00:20.747+0800: 8110.420: Total time for which application threads were stopped: 0.0002075 seconds, Stopping threads took: 0.0000382 seconds
2017-04-24T18:00:20.747+0800: 8110.420: Total time for which application threads were stopped: 0.0001584 seconds, Stopping threads took: 0.0000276 seconds
2017-04-24T18:00:20.747+0800: 8110.420: Total time for which application threads were stopped: 0.0001443 seconds, Stopping threads took: 0.0000253 seconds
2017-04-24T18:00:20.748+0800: 8110.420: Total time for which application threads were stopped: 0.0001588 seconds, Stopping threads took: 0.0000257 seconds
2017-04-24T18:00:20.748+0800: 8110.421: Total time for which application threads were stopped: 0.0001944 seconds, Stopping threads took: 0.0000330 seconds
2017-04-24T18:00:30.442+0800: 8120.114: Total time for which application threads were stopped: 0.0003021 seconds, Stopping threads took: 0.0000635 seconds
2017-04-24T18:00:30.443+0800: 8120.115: Total time for which application threads were stopped: 0.0002184 seconds, Stopping threads took: 0.0000430 seconds
2017-04-24T18:00:30.755+0800: 8120.427: Total time for which application threads were stopped: 0.0001867 seconds, Stopping threads took: 0.0000395 seconds
2017-04-24T18:00:30.755+0800: 8120.428: Total time for which application threads were stopped: 0.0001392 seconds, Stopping threads took: 0.0000260 seconds
2017-04-24T18:00:30.755+0800: 8120.428: Total time for which application threads were stopped: 0.0001517 seconds, Stopping threads took: 0.0000532 seconds
2017-04-24T18:00:30.756+0800: 8120.428: Total time for which application threads were stopped: 0.0001238 seconds, Stopping threads took: 0.0000196 seconds
2017-04-24T18:00:30.756+0800: 8120.428: Total time for which application threads were stopped: 0.0001267 seconds, Stopping threads took: 0.0000215 seconds
2017-04-24T18:00:30.756+0800: 8120.429: Total time for which application threads were stopped: 0.0001184 seconds, Stopping threads took: 0.0000173 seconds
2017-04-24T18:00:30.756+0800: 8120.429: Total time for which application threads were stopped: 0.0001017 seconds, Stopping threads took: 0.0000173 seconds
2017-04-24T18:00:30.756+0800: 8120.429: Total time for which application threads were stopped: 0.0001145 seconds, Stopping threads took: 0.0000212 seconds
2017-04-24T18:00:40.440+0800: 8130.113: Total time for which application threads were stopped: 0.0002864 seconds, Stopping threads took: 0.0000622 seconds
2017-04-24T18:00:40.441+0800: 8130.114: Total time for which application threads were stopped: 0.0001427 seconds, Stopping threads took: 0.0000279 seconds
2017-04-24T18:00:40.773+0800: 8130.446: Total time for which application threads were stopped: 0.0002723 seconds, Stopping threads took: 0.0000581 seconds
2017-04-24T18:00:40.774+0800: 8130.446: Total time for which application threads were stopped: 0.0002454 seconds, Stopping threads took: 0.0000853 seconds
2017-04-24T18:00:40.774+0800: 8130.447: Total time for which application threads were stopped: 0.0002383 seconds, Stopping threads took: 0.0000488 seconds
2017-04-24T18:00:40.775+0800: 8130.448: Total time for which application threads were stopped: 0.0002133 seconds, Stopping threads took: 0.0000375 seconds
2017-04-24T18:00:40.775+0800: 8130.448: Total time for which application threads were stopped: 0.0002062 seconds, Stopping threads took: 0.0000411 seconds
2017-04-24T18:00:40.776+0800: 8130.448: Total time for which application threads were stopped: 0.0001880 seconds, Stopping threads took: 0.0000372 seconds
2017-04-24T18:00:40.776+0800: 8130.449: Total time for which application threads were stopped: 0.0001716 seconds, Stopping threads took: 0.0000318 seconds
2017-04-24T18:00:40.776+0800: 8130.449: Total time for which application threads were stopped: 0.0001520 seconds, Stopping threads took: 0.0000282 seconds
2017-04-24T18:00:50.435+0800: 8140.108: Total time for which application threads were stopped: 0.0001629 seconds, Stopping threads took: 0.0000318 seconds
2017-04-24T18:00:50.436+0800: 8140.108: Total time for which application threads were stopped: 0.0001132 seconds, Stopping threads took: 0.0000205 seconds
2017-04-24T18:00:50.726+0800: 8140.399: Total time for which application threads were stopped: 0.0004000 seconds, Stopping threads took: 0.0001694 seconds
2017-04-24T18:00:50.726+0800: 8140.399: Total time for which application threads were stopped: 0.0002082 seconds, Stopping threads took: 0.0000773 seconds
2017-04-24T18:00:50.726+0800: 8140.399: Total time for which application threads were stopped: 0.0001809 seconds, Stopping threads took: 0.0000574 seconds
2017-04-24T18:00:50.728+0800: 8140.400: Total time for which application threads were stopped: 0.0002220 seconds, Stopping threads took: 0.0000385 seconds
2017-04-24T18:00:50.728+0800: 8140.401: Total time for which application threads were stopped: 0.0001851 seconds, Stopping threads took: 0.0000378 seconds
2017-04-24T18:00:50.728+0800: 8140.401: Total time for which application threads were stopped: 0.0001902 seconds, Stopping threads took: 0.0000401 seconds
2017-04-24T18:00:50.728+0800: 8140.401: Total time for which application threads were stopped: 0.0001459 seconds, Stopping threads took: 0.0000260 seconds
2017-04-24T18:00:50.729+0800: 8140.401: Total time for which application threads were stopped: 0.0001379 seconds, Stopping threads took: 0.0000250 seconds
2017-04-24T18:01:00.426+0800: 8150.098: Total time for which application threads were stopped: 0.0001924 seconds, Stopping threads took: 0.0000369 seconds
2017-04-24T18:01:00.426+0800: 8150.099: Total time for which application threads were stopped: 0.0001639 seconds, Stopping threads took: 0.0000318 seconds
2017-04-24T18:01:00.736+0800: 8150.408: Total time for which application threads were stopped: 0.0003342 seconds, Stopping threads took: 0.0001100 seconds
2017-04-24T18:01:00.736+0800: 8150.408: Total time for which application threads were stopped: 0.0001950 seconds, Stopping threads took: 0.0000308 seconds
2017-04-24T18:01:00.736+0800: 8150.409: Total time for which application threads were stopped: 0.0002268 seconds, Stopping threads took: 0.0000706 seconds
2017-04-24T18:01:00.737+0800: 8150.410: Total time for which application threads were stopped: 0.0002332 seconds, Stopping threads took: 0.0000715 seconds
2017-04-24T18:01:00.738+0800: 8150.410: Total time for which application threads were stopped: 0.0002252 seconds, Stopping threads took: 0.0000395 seconds
2017-04-24T18:01:00.738+0800: 8150.410: Total time for which application threads were stopped: 0.0001536 seconds, Stopping threads took: 0.0000266 seconds
2017-04-24T18:01:00.738+0800: 8150.410: Total time for which application threads were stopped: 0.0001469 seconds, Stopping threads took: 0.0000250 seconds
2017-04-24T18:01:00.738+0800: 8150.411: Total time for which application threads were stopped: 0.0001447 seconds, Stopping threads took: 0.0000263 seconds
2017-04-24T18:01:10.438+0800: 8160.110: Total time for which application threads were stopped: 0.0006315 seconds, Stopping threads took: 0.0000532 seconds
2017-04-24T18:01:10.439+0800: 8160.111: Total time for which application threads were stopped: 0.0003162 seconds, Stopping threads took: 0.0000526 seconds
2017-04-24T18:01:10.763+0800: 8160.436: Total time for which application threads were stopped: 0.0003256 seconds, Stopping threads took: 0.0001113 seconds
2017-04-24T18:01:10.764+0800: 8160.437: Total time for which application threads were stopped: 0.0001758 seconds, Stopping threads took: 0.0000314 seconds
2017-04-24T18:01:10.765+0800: 8160.438: Total time for which application threads were stopped: 0.0002210 seconds, Stopping threads took: 0.0000436 seconds
2017-04-24T18:01:10.765+0800: 8160.438: Total time for which application threads were stopped: 0.0001498 seconds, Stopping threads took: 0.0000266 seconds
2017-04-24T18:01:10.765+0800: 8160.438: Total time for which application threads were stopped: 0.0001899 seconds, Stopping threads took: 0.0000378 seconds
2017-04-24T18:01:10.766+0800: 8160.439: Total time for which application threads were stopped: 0.0004708 seconds, Stopping threads took: 0.0000260 seconds
2017-04-24T18:01:20.435+0800: 8170.107: Total time for which application threads were stopped: 0.0001600 seconds, Stopping threads took: 0.0000327 seconds
2017-04-24T18:01:20.435+0800: 8170.108: Total time for which application threads were stopped: 0.0001126 seconds, Stopping threads took: 0.0000192 seconds
2017-04-24T18:01:20.730+0800: 8170.402: Total time for which application threads were stopped: 0.0002912 seconds, Stopping threads took: 0.0000840 seconds
2017-04-24T18:01:20.730+0800: 8170.403: Total time for which application threads were stopped: 0.0001937 seconds, Stopping threads took: 0.0000504 seconds
2017-04-24T18:01:20.730+0800: 8170.403: Total time for which application threads were stopped: 0.0001626 seconds, Stopping threads took: 0.0000327 seconds
2017-04-24T18:01:20.732+0800: 8170.404: Total time for which application threads were stopped: 0.0002390 seconds, Stopping threads took: 0.0000427 seconds
{Heap before GC invocations=78 (full 2):
 par new generation   total 109248K, used 92126K [0x00000000e0000000, 0x00000000e8000000, 0x00000000e8000000)
  eden space 87424K, 100% used [0x00000000e0000000, 0x00000000e5560000, 0x00000000e5560000)
  from space 21824K,  21% used [0x00000000e5560000, 0x00000000e59f7a38, 0x00000000e6ab0000)
  to   space 21824K,   0% used [0x00000000e6ab0000, 0x00000000e6ab0000, 0x00000000e8000000)
 concurrent mark-sweep generation total 393216K, used 18957K [0x00000000e8000000, 0x0000000100000000, 0x0000000100000000)
 Metaspace       used 42684K, capacity 43480K, committed 43800K, reserved 1087488K
  class space    used 4602K, capacity 4830K, committed 4940K, reserved 1048576K
2017-04-24T18:01:30.418+0800: 8180.091: [GC (Allocation Failure) 2017-04-24T18:01:30.418+0800: 8180.091: [ParNew
Desired survivor size 20112992 bytes, new threshold 8 (max 8)
- age   1:    3230576 bytes,    3230576 total
- age   2:     625944 bytes,    3856520 total
- age   3:      80136 bytes,    3936656 total
- age   4:      12016 bytes,    3948672 total
- age   5:      15440 bytes,    3964112 total
- age   6:      12688 bytes,    3976800 total
- age   7:      16016 bytes,    3992816 total
- age   8:      34160 bytes,    4026976 total
: 92126K->4891K(109248K), 0.0067420 secs] 111084K->23860K(502464K), 0.0068510 secs] [Times: user=0.00 sys=0.00, real=0.01 secs] 
Heap after GC invocations=79 (full 2):
 par new generation   total 109248K, used 4891K [0x00000000e0000000, 0x00000000e8000000, 0x00000000e8000000)
  eden space 87424K,   0% used [0x00000000e0000000, 0x00000000e0000000, 0x00000000e5560000)
  from space 21824K,  22% used [0x00000000e6ab0000, 0x00000000e6f76f80, 0x00000000e8000000)
  to   space 21824K,   0% used [0x00000000e5560000, 0x00000000e5560000, 0x00000000e6ab0000)
 concurrent mark-sweep generation total 393216K, used 18968K [0x00000000e8000000, 0x0000000100000000, 0x0000000100000000)
 Metaspace       used 42684K, capacity 43480K, committed 43800K, reserved 1087488K
  class space    used 4602K, capacity 4830K, committed 4940K, reserved 1048576K
}
2017-04-24T18:01:30.425+0800: 8180.098: Total time for which application threads were stopped: 0.0071573 seconds, Stopping threads took: 0.0000311 seconds
2017-04-24T18:01:30.426+0800: 8180.099: Total time for which application threads were stopped: 0.0002046 seconds, Stopping threads took: 0.0000597 seconds
2017-04-24T18:01:30.431+0800: 8180.103: Total time for which application threads were stopped: 0.0001568 seconds, Stopping threads took: 0.0000295 seconds
2017-04-24T18:01:30.431+0800: 8180.104: Total time for which application threads were stopped: 0.0001171 seconds, Stopping threads took: 0.0000189 seconds
2017-04-24T18:01:30.744+0800: 8180.417: Total time for which application threads were stopped: 0.0003634 seconds, Stopping threads took: 0.0001370 seconds
2017-04-24T18:01:30.745+0800: 8180.417: Total time for which application threads were stopped: 0.0001803 seconds, Stopping threads took: 0.0000526 seconds
2017-04-24T18:01:30.745+0800: 8180.418: Total time for which application threads were stopped: 0.0002422 seconds, Stopping threads took: 0.0000481 seconds
2017-04-24T18:01:30.746+0800: 8180.419: Total time for which application threads were stopped: 0.0002094 seconds, Stopping threads took: 0.0000404 seconds
2017-04-24T18:01:30.746+0800: 8180.419: Total time for which application threads were stopped: 0.0001584 seconds, Stopping threads took: 0.0000260 seconds
2017-04-24T18:01:30.747+0800: 8180.419: Total time for which application threads were stopped: 0.0001511 seconds, Stopping threads took: 0.0000253 seconds
2017-04-24T18:01:30.747+0800: 8180.420: Total time for which application threads were stopped: 0.0001443 seconds, Stopping threads took: 0.0000237 seconds
2017-04-24T18:01:30.747+0800: 8180.420: Total time for which application threads were stopped: 0.0001912 seconds, Stopping threads took: 0.0000356 seconds
2017-04-24T18:01:30.759+0800: 8180.431: Total time for which application threads were stopped: 0.0002450 seconds, Stopping threads took: 0.0000497 seconds
2017-04-24T18:01:40.418+0800: 8190.091: Total time for which application threads were stopped: 0.0001700 seconds, Stopping threads took: 0.0000346 seconds
2017-04-24T18:01:40.419+0800: 8190.092: Total time for which application threads were stopped: 0.0001607 seconds, Stopping threads took: 0.0000318 seconds
2017-04-24T18:01:40.743+0800: 8190.415: Total time for which application threads were stopped: 0.0003118 seconds, Stopping threads took: 0.0000526 seconds
2017-04-24T18:01:40.743+0800: 8190.416: Total time for which application threads were stopped: 0.0002710 seconds, Stopping threads took: 0.0000581 seconds
2017-04-24T18:01:40.743+0800: 8190.416: Total time for which application threads were stopped: 0.0001732 seconds, Stopping threads took: 0.0000298 seconds
2017-04-24T18:01:40.743+0800: 8190.416: Total time for which application threads were stopped: 0.0001533 seconds, Stopping threads took: 0.0000263 seconds
2017-04-24T18:01:40.744+0800: 8190.416: Total time for which application threads were stopped: 0.0001463 seconds, Stopping threads took: 0.0000266 seconds
2017-04-24T18:01:40.755+0800: 8190.428: Total time for which application threads were stopped: 0.0002887 seconds, Stopping threads took: 0.0000526 seconds
2017-04-24T18:01:50.770+0800: 8200.442: Total time for which application threads were stopped: 0.0001206 seconds, Stopping threads took: 0.0000257 seconds
2017-04-24T18:01:50.770+0800: 8200.442: Total time for which application threads were stopped: 0.0000802 seconds, Stopping threads took: 0.0000250 seconds
2017-04-24T18:01:50.770+0800: 8200.443: Total time for which application threads were stopped: 0.0001158 seconds, Stopping threads took: 0.0000157 seconds
2017-04-24T18:01:50.770+0800: 8200.443: Total time for which application threads were stopped: 0.0000981 seconds, Stopping threads took: 0.0000112 seconds
2017-04-24T18:01:50.770+0800: 8200.443: Total time for which application threads were stopped: 0.0000860 seconds, Stopping threads took: 0.0000096 seconds
2017-04-24T18:01:50.770+0800: 8200.443: Total time for which application threads were stopped: 0.0000808 seconds, Stopping threads took: 0.0000093 seconds
2017-04-24T18:01:50.770+0800: 8200.443: Total time for which application threads were stopped: 0.0000757 seconds, Stopping threads took: 0.0000093 seconds
2017-04-24T18:01:50.773+0800: 8200.446: Total time for which application threads were stopped: 0.0000651 seconds, Stopping threads took: 0.0000122 seconds
2017-04-24T18:02:00.440+0800: 8210.113: Total time for which application threads were stopped: 0.0002662 seconds, Stopping threads took: 0.0000536 seconds
2017-04-24T18:02:00.441+0800: 8210.114: Total time for which application threads were stopped: 0.0002373 seconds, Stopping threads took: 0.0000478 seconds
2017-04-24T18:02:00.770+0800: 8210.443: Total time for which application threads were stopped: 0.0002547 seconds, Stopping threads took: 0.0000504 seconds
2017-04-24T18:02:00.771+0800: 8210.443: Total time for which application threads were stopped: 0.0001783 seconds, Stopping threads took: 0.0000330 seconds
2017-04-24T18:02:00.771+0800: 8210.444: Total time for which application threads were stopped: 0.0002354 seconds, Stopping threads took: 0.0000459 seconds
2017-04-24T18:02:00.771+0800: 8210.444: Total time for which application threads were stopped: 0.0002050 seconds, Stopping threads took: 0.0000411 seconds
2017-04-24T18:02:00.772+0800: 8210.444: Total time for which application threads were stopped: 0.0002008 seconds, Stopping threads took: 0.0000401 seconds
2017-04-24T18:02:00.781+0800: 8210.454: Total time for which application threads were stopped: 0.0002550 seconds, Stopping threads took: 0.0000455 seconds
2017-04-24T18:02:10.439+0800: 8220.112: Total time for which application threads were stopped: 0.0002704 seconds, Stopping threads took: 0.0000545 seconds
2017-04-24T18:02:10.440+0800: 8220.113: Total time for which application threads were stopped: 0.0001883 seconds, Stopping threads took: 0.0000327 seconds
2017-04-24T18:02:10.806+0800: 8220.478: Total time for which application threads were stopped: 0.0002746 seconds, Stopping threads took: 0.0000545 seconds
2017-04-24T18:02:10.806+0800: 8220.478: Total time for which application threads were stopped: 0.0001880 seconds, Stopping threads took: 0.0000330 seconds
2017-04-24T18:02:10.807+0800: 8220.479: Total time for which application threads were stopped: 0.0002390 seconds, Stopping threads took: 0.0000446 seconds
2017-04-24T18:02:10.807+0800: 8220.480: Total time for which application threads were stopped: 0.0001584 seconds, Stopping threads took: 0.0000276 seconds
2017-04-24T18:02:10.808+0800: 8220.480: Total time for which application threads were stopped: 0.0001472 seconds, Stopping threads took: 0.0000250 seconds
2017-04-24T18:02:10.808+0800: 8220.480: Total time for which application threads were stopped: 0.0001568 seconds, Stopping threads took: 0.0000244 seconds
2017-04-24T18:02:10.808+0800: 8220.480: Total time for which application threads were stopped: 0.0001443 seconds, Stopping threads took: 0.0000257 seconds
2017-04-24T18:02:20.413+0800: 8230.086: Total time for which application threads were stopped: 0.0001004 seconds, Stopping threads took: 0.0000221 seconds
2017-04-24T18:02:20.414+0800: 8230.086: Total time for which application threads were stopped: 0.0000401 seconds, Stopping threads took: 0.0000077 seconds
2017-04-24T18:02:20.728+0800: 8230.401: Total time for which application threads were stopped: 0.0001004 seconds, Stopping threads took: 0.0000202 seconds
2017-04-24T18:02:20.728+0800: 8230.401: Total time for which application threads were stopped: 0.0000568 seconds, Stopping threads took: 0.0000128 seconds
2017-04-24T18:02:20.728+0800: 8230.401: Total time for which application threads were stopped: 0.0000664 seconds, Stopping threads took: 0.0000273 seconds
2017-04-24T18:02:20.728+0800: 8230.401: Total time for which application threads were stopped: 0.0000430 seconds, Stopping threads took: 0.0000080 seconds
2017-04-24T18:02:20.729+0800: 8230.401: Total time for which application threads were stopped: 0.0000372 seconds, Stopping threads took: 0.0000064 seconds
2017-04-24T18:02:20.729+0800: 8230.401: Total time for which application threads were stopped: 0.0000430 seconds, Stopping threads took: 0.0000090 seconds
2017-04-24T18:02:20.729+0800: 8230.401: Total time for which application threads were stopped: 0.0000350 seconds, Stopping threads took: 0.0000064 seconds
2017-04-24T18:02:20.729+0800: 8230.401: Total time for which application threads were stopped: 0.0001482 seconds, Stopping threads took: 0.0000064 seconds
2017-04-24T18:02:20.732+0800: 8230.404: Total time for which application threads were stopped: 0.0001212 seconds, Stopping threads took: 0.0000241 seconds
2017-04-24T18:02:23.956+0800: 8233.628: Total time for which application threads were stopped: 0.0001100 seconds, Stopping threads took: 0.0000225 seconds
2017-04-24T18:02:23.956+0800: 8233.628: Total time for which application threads were stopped: 0.0000888 seconds, Stopping threads took: 0.0000215 seconds
2017-04-24T18:02:23.956+0800: 8233.629: Total time for which application threads were stopped: 0.0000744 seconds, Stopping threads took: 0.0000196 seconds
2017-04-24T18:02:23.957+0800: 8233.629: Total time for which application threads were stopped: 0.0000731 seconds, Stopping threads took: 0.0000132 seconds
2017-04-24T18:02:23.957+0800: 8233.629: Total time for which application threads were stopped: 0.0000488 seconds, Stopping threads took: 0.0000083 seconds
2017-04-24T18:02:23.957+0800: 8233.629: Total time for which application threads were stopped: 0.0000452 seconds, Stopping threads took: 0.0000074 seconds
2017-04-24T18:02:30.439+0800: 8240.112: Total time for which application threads were stopped: 0.0002877 seconds, Stopping threads took: 0.0000545 seconds
2017-04-24T18:02:30.789+0800: 8240.461: Total time for which application threads were stopped: 0.0001007 seconds, Stopping threads took: 0.0000212 seconds
2017-04-24T18:02:30.789+0800: 8240.461: Total time for which application threads were stopped: 0.0000914 seconds, Stopping threads took: 0.0000266 seconds
2017-04-24T18:02:30.789+0800: 8240.461: Total time for which application threads were stopped: 0.0000654 seconds, Stopping threads took: 0.0000119 seconds
2017-04-24T18:02:30.792+0800: 8240.465: Total time for which application threads were stopped: 0.0000738 seconds, Stopping threads took: 0.0000122 seconds
2017-04-24T18:02:40.438+0800: 8250.111: Total time for which application threads were stopped: 0.0002739 seconds, Stopping threads took: 0.0000539 seconds
2017-04-24T18:02:40.440+0800: 8250.112: Total time for which application threads were stopped: 0.0005013 seconds, Stopping threads took: 0.0000334 seconds
2017-04-24T18:02:40.770+0800: 8250.442: Total time for which application threads were stopped: 0.0006190 seconds, Stopping threads took: 0.0000613 seconds
2017-04-24T18:02:40.770+0800: 8250.443: Total time for which application threads were stopped: 0.0005613 seconds, Stopping threads took: 0.0000949 seconds
2017-04-24T18:02:40.772+0800: 8250.444: Total time for which application threads were stopped: 0.0002489 seconds, Stopping threads took: 0.0000433 seconds
2017-04-24T18:02:40.772+0800: 8250.444: Total time for which application threads were stopped: 0.0002175 seconds, Stopping threads took: 0.0000414 seconds
2017-04-24T18:02:40.772+0800: 8250.445: Total time for which application threads were stopped: 0.0001860 seconds, Stopping threads took: 0.0000334 seconds
2017-04-24T18:02:40.772+0800: 8250.445: Total time for which application threads were stopped: 0.0001613 seconds, Stopping threads took: 0.0000276 seconds
2017-04-24T18:02:40.773+0800: 8250.445: Total time for which application threads were stopped: 0.0001697 seconds, Stopping threads took: 0.0000298 seconds
2017-04-24T18:02:40.785+0800: 8250.457: Total time for which application threads were stopped: 0.0002620 seconds, Stopping threads took: 0.0000536 seconds
2017-04-24T18:02:50.433+0800: 8260.106: Total time for which application threads were stopped: 0.0001671 seconds, Stopping threads took: 0.0000340 seconds
2017-04-24T18:02:50.433+0800: 8260.106: Total time for which application threads were stopped: 0.0001180 seconds, Stopping threads took: 0.0000183 seconds
2017-04-24T18:02:50.740+0800: 8260.413: Total time for which application threads were stopped: 0.0002906 seconds, Stopping threads took: 0.0000581 seconds
2017-04-24T18:02:50.741+0800: 8260.413: Total time for which application threads were stopped: 0.0002341 seconds, Stopping threads took: 0.0000455 seconds
2017-04-24T18:02:50.741+0800: 8260.413: Total time for which application threads were stopped: 0.0002123 seconds, Stopping threads took: 0.0000423 seconds
2017-04-24T18:02:50.741+0800: 8260.414: Total time for which application threads were stopped: 0.0001463 seconds, Stopping threads took: 0.0000263 seconds
2017-04-24T18:02:50.741+0800: 8260.414: Total time for which application threads were stopped: 0.0001392 seconds, Stopping threads took: 0.0000250 seconds
2017-04-24T18:02:50.752+0800: 8260.424: Total time for which application threads were stopped: 0.0002133 seconds, Stopping threads took: 0.0000436 seconds
2017-04-24T18:03:00.407+0800: 8270.079: Total time for which application threads were stopped: 0.0004667 seconds, Stopping threads took: 0.0000504 seconds
2017-04-24T18:03:00.438+0800: 8270.111: Total time for which application threads were stopped: 0.0002871 seconds, Stopping threads took: 0.0000536 seconds
2017-04-24T18:03:00.439+0800: 8270.112: Total time for which application threads were stopped: 0.0002130 seconds, Stopping threads took: 0.0000385 seconds
2017-04-24T18:03:00.771+0800: 8270.443: Total time for which application threads were stopped: 0.0003015 seconds, Stopping threads took: 0.0000581 seconds
2017-04-24T18:03:00.771+0800: 8270.444: Total time for which application threads were stopped: 0.0002139 seconds, Stopping threads took: 0.0000314 seconds
2017-04-24T18:03:00.771+0800: 8270.444: Total time for which application threads were stopped: 0.0002489 seconds, Stopping threads took: 0.0000452 seconds
2017-04-24T18:03:00.772+0800: 8270.444: Total time for which application threads were stopped: 0.0002319 seconds, Stopping threads took: 0.0000462 seconds
2017-04-24T18:03:00.772+0800: 8270.445: Total time for which application threads were stopped: 0.0001886 seconds, Stopping threads took: 0.0000340 seconds
2017-04-24T18:03:00.783+0800: 8270.456: Total time for which application threads were stopped: 0.0002486 seconds, Stopping threads took: 0.0000465 seconds
{Heap before GC invocations=79 (full 2):
 par new generation   total 109248K, used 91857K [0x00000000e0000000, 0x00000000e8000000, 0x00000000e8000000)
  eden space 87424K,  99% used [0x00000000e0000000, 0x00000000e54ed668, 0x00000000e5560000)
  from space 21824K,  22% used [0x00000000e6ab0000, 0x00000000e6f76f80, 0x00000000e8000000)
  to   space 21824K,   0% used [0x00000000e5560000, 0x00000000e5560000, 0x00000000e6ab0000)
 concurrent mark-sweep generation total 393216K, used 18968K [0x00000000e8000000, 0x0000000100000000, 0x0000000100000000)
 Metaspace       used 42685K, capacity 43480K, committed 43800K, reserved 1087488K
  class space    used 4602K, capacity 4830K, committed 4940K, reserved 1048576K
2017-04-24T18:03:10.433+0800: 8280.105: [GC (Allocation Failure) 2017-04-24T18:03:10.433+0800: 8280.105: [ParNew
Desired survivor size 20112992 bytes, new threshold 8 (max 8)
- age   1:    3139184 bytes,    3139184 total
- age   2:     695920 bytes,    3835104 total
- age   3:      68416 bytes,    3903520 total
- age   4:      24432 bytes,    3927952 total
- age   5:      11288 bytes,    3939240 total
- age   6:      15440 bytes,    3954680 total
- age   7:      12688 bytes,    3967368 total
- age   8:      16016 bytes,    3983384 total
: 91857K->5563K(109248K), 0.0102015 secs] 110826K->24564K(502464K), 0.0103599 secs] [Times: user=0.02 sys=0.00, real=0.01 secs] 
Heap after GC invocations=80 (full 2):
 par new generation   total 109248K, used 5563K [0x00000000e0000000, 0x00000000e8000000, 0x00000000e8000000)
  eden space 87424K,   0% used [0x00000000e0000000, 0x00000000e0000000, 0x00000000e5560000)
  from space 21824K,  25% used [0x00000000e5560000, 0x00000000e5acec20, 0x00000000e6ab0000)
  to   space 21824K,   0% used [0x00000000e6ab0000, 0x00000000e6ab0000, 0x00000000e8000000)
 concurrent mark-sweep generation total 393216K, used 19001K [0x00000000e8000000, 0x0000000100000000, 0x0000000100000000)
 Metaspace       used 42685K, capacity 43480K, committed 43800K, reserved 1087488K
  class space    used 4602K, capacity 4830K, committed 4940K, reserved 1048576K
}
2017-04-24T18:03:10.443+0800: 8280.116: Total time for which application threads were stopped: 0.0108394 seconds, Stopping threads took: 0.0000561 seconds
2017-04-24T18:03:10.443+0800: 8280.116: Total time for which application threads were stopped: 0.0001665 seconds, Stopping threads took: 0.0000488 seconds
2017-04-24T18:03:10.444+0800: 8280.116: Total time for which application threads were stopped: 0.0001357 seconds, Stopping threads took: 0.0000510 seconds
2017-04-24T18:03:10.444+0800: 8280.117: Total time for which application threads were stopped: 0.0001533 seconds, Stopping threads took: 0.0000776 seconds
2017-04-24T18:03:10.444+0800: 8280.117: Total time for which application threads were stopped: 0.0001366 seconds, Stopping threads took: 0.0000417 seconds
2017-04-24T18:03:10.444+0800: 8280.117: Total time for which application threads were stopped: 0.0001190 seconds, Stopping threads took: 0.0000478 seconds
2017-04-24T18:03:10.445+0800: 8280.117: Total time for which application threads were stopped: 0.0001123 seconds, Stopping threads took: 0.0000314 seconds
2017-04-24T18:03:10.445+0800: 8280.117: Total time for which application threads were stopped: 0.0001591 seconds, Stopping threads took: 0.0000731 seconds
2017-04-24T18:03:10.445+0800: 8280.118: Total time for which application threads were stopped: 0.0001049 seconds, Stopping threads took: 0.0000225 seconds
2017-04-24T18:03:10.446+0800: 8280.118: Total time for which application threads were stopped: 0.0001273 seconds, Stopping threads took: 0.0000606 seconds
2017-04-24T18:03:10.446+0800: 8280.118: Total time for which application threads were stopped: 0.0000837 seconds, Stopping threads took: 0.0000257 seconds
2017-04-24T18:03:10.446+0800: 8280.119: Total time for which application threads were stopped: 0.0000783 seconds, Stopping threads took: 0.0000215 seconds
2017-04-24T18:03:10.446+0800: 8280.119: Total time for which application threads were stopped: 0.0001084 seconds, Stopping threads took: 0.0000298 seconds
2017-04-24T18:03:10.446+0800: 8280.119: Total time for which application threads were stopped: 0.0000882 seconds, Stopping threads took: 0.0000244 seconds
2017-04-24T18:03:10.447+0800: 8280.119: Total time for which application threads were stopped: 0.0000760 seconds, Stopping threads took: 0.0000199 seconds
2017-04-24T18:03:10.447+0800: 8280.119: Total time for which application threads were stopped: 0.0000904 seconds, Stopping threads took: 0.0000337 seconds
2017-04-24T18:03:10.447+0800: 8280.119: Total time for which application threads were stopped: 0.0000824 seconds, Stopping threads took: 0.0000279 seconds
2017-04-24T18:03:10.447+0800: 8280.120: Total time for which application threads were stopped: 0.0000831 seconds, Stopping threads took: 0.0000266 seconds
2017-04-24T18:03:10.447+0800: 8280.120: Total time for which application threads were stopped: 0.0000994 seconds, Stopping threads took: 0.0000305 seconds
2017-04-24T18:03:10.447+0800: 8280.120: Total time for which application threads were stopped: 0.0000943 seconds, Stopping threads took: 0.0000318 seconds
2017-04-24T18:03:10.447+0800: 8280.120: Total time for which application threads were stopped: 0.0000853 seconds, Stopping threads took: 0.0000292 seconds
2017-04-24T18:03:10.448+0800: 8280.120: Total time for which application threads were stopped: 0.0000885 seconds, Stopping threads took: 0.0000324 seconds
2017-04-24T18:03:10.448+0800: 8280.120: Total time for which application threads were stopped: 0.0000876 seconds, Stopping threads took: 0.0000292 seconds
2017-04-24T18:03:10.448+0800: 8280.121: Total time for which application threads were stopped: 0.0000648 seconds, Stopping threads took: 0.0000115 seconds
2017-04-24T18:03:10.449+0800: 8280.121: Total time for which application threads were stopped: 0.0000635 seconds, Stopping threads took: 0.0000115 seconds
2017-04-24T18:03:10.766+0800: 8280.439: Total time for which application threads were stopped: 0.0006537 seconds, Stopping threads took: 0.0000581 seconds
2017-04-24T18:03:10.766+0800: 8280.439: Total time for which application threads were stopped: 0.0002418 seconds, Stopping threads took: 0.0000465 seconds
2017-04-24T18:03:10.767+0800: 8280.439: Total time for which application threads were stopped: 0.0002203 seconds, Stopping threads took: 0.0000443 seconds
2017-04-24T18:03:10.767+0800: 8280.439: Total time for which application threads were stopped: 0.0001597 seconds, Stopping threads took: 0.0000279 seconds
2017-04-24T18:03:10.767+0800: 8280.440: Total time for which application threads were stopped: 0.0001873 seconds, Stopping threads took: 0.0000359 seconds
2017-04-24T18:03:10.775+0800: 8280.447: Total time for which application threads were stopped: 0.0001674 seconds, Stopping threads took: 0.0000295 seconds
2017-04-24T18:03:20.434+0800: 8290.107: Total time for which application threads were stopped: 0.0001652 seconds, Stopping threads took: 0.0000340 seconds
2017-04-24T18:03:20.435+0800: 8290.107: Total time for which application threads were stopped: 0.0001206 seconds, Stopping threads took: 0.0000199 seconds
2017-04-24T18:03:20.724+0800: 8290.396: Total time for which application threads were stopped: 0.0002624 seconds, Stopping threads took: 0.0000504 seconds
2017-04-24T18:03:20.724+0800: 8290.397: Total time for which application threads were stopped: 0.0002024 seconds, Stopping threads took: 0.0000552 seconds
2017-04-24T18:03:20.724+0800: 8290.397: Total time for which application threads were stopped: 0.0001552 seconds, Stopping threads took: 0.0000266 seconds
2017-04-24T18:03:20.725+0800: 8290.397: Total time for which application threads were stopped: 0.0001530 seconds, Stopping threads took: 0.0000253 seconds
2017-04-24T18:03:20.736+0800: 8290.408: Total time for which application threads were stopped: 0.0005780 seconds, Stopping threads took: 0.0000507 seconds
2017-04-24T18:03:30.809+0800: 8300.481: Total time for which application threads were stopped: 0.0004000 seconds, Stopping threads took: 0.0000536 seconds
2017-04-24T18:03:30.809+0800: 8300.481: Total time for which application threads were stopped: 0.0002232 seconds, Stopping threads took: 0.0000273 seconds
2017-04-24T18:03:30.809+0800: 8300.482: Total time for which application threads were stopped: 0.0002098 seconds, Stopping threads took: 0.0000247 seconds
2017-04-24T18:03:30.809+0800: 8300.482: Total time for which application threads were stopped: 0.0002338 seconds, Stopping threads took: 0.0000247 seconds
2017-04-24T18:03:30.810+0800: 8300.482: Total time for which application threads were stopped: 0.0004599 seconds, Stopping threads took: 0.0000247 seconds
2017-04-24T18:03:40.438+0800: 8310.111: Total time for which application threads were stopped: 0.0002595 seconds, Stopping threads took: 0.0000526 seconds
2017-04-24T18:03:40.439+0800: 8310.112: Total time for which application threads were stopped: 0.0001578 seconds, Stopping threads took: 0.0000311 seconds
2017-04-24T18:03:40.819+0800: 8310.492: Total time for which application threads were stopped: 0.0002871 seconds, Stopping threads took: 0.0000603 seconds
2017-04-24T18:03:40.820+0800: 8310.493: Total time for which application threads were stopped: 0.0002338 seconds, Stopping threads took: 0.0000443 seconds
2017-04-24T18:03:50.435+0800: 8320.107: Total time for which application threads were stopped: 0.0001645 seconds, Stopping threads took: 0.0000359 seconds
2017-04-24T18:03:50.435+0800: 8320.108: Total time for which application threads were stopped: 0.0000799 seconds, Stopping threads took: 0.0000151 seconds
2017-04-24T18:03:50.769+0800: 8320.442: Total time for which application threads were stopped: 0.0002976 seconds, Stopping threads took: 0.0000773 seconds
2017-04-24T18:03:50.770+0800: 8320.443: Total time for which application threads were stopped: 0.0002277 seconds, Stopping threads took: 0.0000430 seconds
2017-04-24T18:03:50.771+0800: 8320.443: Total time for which application threads were stopped: 0.0001735 seconds, Stopping threads took: 0.0000513 seconds
2017-04-24T18:03:50.771+0800: 8320.443: Total time for which application threads were stopped: 0.0001918 seconds, Stopping threads took: 0.0000253 seconds
2017-04-24T18:03:50.771+0800: 8320.444: Total time for which application threads were stopped: 0.0001527 seconds, Stopping threads took: 0.0000404 seconds
2017-04-24T18:03:50.771+0800: 8320.444: Total time for which application threads were stopped: 0.0001337 seconds, Stopping threads took: 0.0000244 seconds
2017-04-24T18:04:00.413+0800: 8330.085: Total time for which application threads were stopped: 0.0001042 seconds, Stopping threads took: 0.0000212 seconds
2017-04-24T18:04:00.413+0800: 8330.085: Total time for which application threads were stopped: 0.0000420 seconds, Stopping threads took: 0.0000074 seconds
2017-04-24T18:04:00.743+0800: 8330.416: Total time for which application threads were stopped: 0.0003214 seconds, Stopping threads took: 0.0000606 seconds
2017-04-24T18:04:00.745+0800: 8330.418: Total time for which application threads were stopped: 0.0002819 seconds, Stopping threads took: 0.0000507 seconds
2017-04-24T18:04:00.745+0800: 8330.418: Total time for which application threads were stopped: 0.0001976 seconds, Stopping threads took: 0.0000314 seconds
2017-04-24T18:04:00.746+0800: 8330.418: Total time for which application threads were stopped: 0.0001754 seconds, Stopping threads took: 0.0000269 seconds
2017-04-24T18:04:00.746+0800: 8330.418: Total time for which application threads were stopped: 0.0002373 seconds, Stopping threads took: 0.0000446 seconds
2017-04-24T18:04:00.746+0800: 8330.419: Total time for which application threads were stopped: 0.0001732 seconds, Stopping threads took: 0.0000279 seconds
2017-04-24T18:04:10.845+0800: 8340.517: Total time for which application threads were stopped: 0.0004093 seconds, Stopping threads took: 0.0000622 seconds
2017-04-24T18:04:10.845+0800: 8340.518: Total time for which application threads were stopped: 0.0003701 seconds, Stopping threads took: 0.0001360 seconds
2017-04-24T18:04:10.846+0800: 8340.518: Total time for which application threads were stopped: 0.0003127 seconds, Stopping threads took: 0.0000491 seconds
2017-04-24T18:04:10.846+0800: 8340.519: Total time for which application threads were stopped: 0.0003140 seconds, Stopping threads took: 0.0000824 seconds
2017-04-24T18:04:10.846+0800: 8340.519: Total time for which application threads were stopped: 0.0002373 seconds, Stopping threads took: 0.0000350 seconds
2017-04-24T18:04:20.414+0800: 8350.087: Total time for which application threads were stopped: 0.0000985 seconds, Stopping threads took: 0.0000202 seconds
2017-04-24T18:04:20.414+0800: 8350.087: Total time for which application threads were stopped: 0.0000725 seconds, Stopping threads took: 0.0000109 seconds
2017-04-24T18:04:20.689+0800: 8350.361: Total time for which application threads were stopped: 0.0001036 seconds, Stopping threads took: 0.0000202 seconds
2017-04-24T18:04:20.689+0800: 8350.362: Total time for which application threads were stopped: 0.0000808 seconds, Stopping threads took: 0.0000128 seconds
2017-04-24T18:04:20.689+0800: 8350.362: Total time for which application threads were stopped: 0.0000571 seconds, Stopping threads took: 0.0000090 seconds
2017-04-24T18:04:20.690+0800: 8350.362: Total time for which application threads were stopped: 0.0000683 seconds, Stopping threads took: 0.0000122 seconds
2017-04-24T18:04:20.690+0800: 8350.362: Total time for which application threads were stopped: 0.0000574 seconds, Stopping threads took: 0.0000112 seconds
2017-04-24T18:04:20.690+0800: 8350.362: Total time for which application threads were stopped: 0.0000475 seconds, Stopping threads took: 0.0000083 seconds
2017-04-24T18:04:30.415+0800: 8360.087: Total time for which application threads were stopped: 0.0000991 seconds, Stopping threads took: 0.0000208 seconds
2017-04-24T18:04:30.415+0800: 8360.088: Total time for which application threads were stopped: 0.0000372 seconds, Stopping threads took: 0.0000064 seconds
2017-04-24T18:04:30.693+0800: 8360.365: Total time for which application threads were stopped: 0.0002720 seconds, Stopping threads took: 0.0000513 seconds
2017-04-24T18:04:30.693+0800: 8360.366: Total time for which application threads were stopped: 0.0003143 seconds, Stopping threads took: 0.0001055 seconds
2017-04-24T18:04:30.694+0800: 8360.366: Total time for which application threads were stopped: 0.0002322 seconds, Stopping threads took: 0.0000494 seconds
2017-04-24T18:04:30.695+0800: 8360.367: Total time for which application threads were stopped: 0.0002024 seconds, Stopping threads took: 0.0000353 seconds
2017-04-24T18:04:30.695+0800: 8360.367: Total time for which application threads were stopped: 0.0001533 seconds, Stopping threads took: 0.0000257 seconds
2017-04-24T18:04:30.695+0800: 8360.367: Total time for which application threads were stopped: 0.0001713 seconds, Stopping threads took: 0.0000253 seconds
2017-04-24T18:04:30.695+0800: 8360.368: Total time for which application threads were stopped: 0.0001427 seconds, Stopping threads took: 0.0000250 seconds
2017-04-24T18:04:30.696+0800: 8360.368: Total time for which application threads were stopped: 0.0001645 seconds, Stopping threads took: 0.0000241 seconds
2017-04-24T18:04:40.414+0800: 8370.086: Total time for which application threads were stopped: 0.0000998 seconds, Stopping threads took: 0.0000202 seconds
2017-04-24T18:04:40.414+0800: 8370.087: Total time for which application threads were stopped: 0.0000568 seconds, Stopping threads took: 0.0000109 seconds
2017-04-24T18:04:40.720+0800: 8370.392: Total time for which application threads were stopped: 0.0000975 seconds, Stopping threads took: 0.0000215 seconds
2017-04-24T18:04:40.720+0800: 8370.393: Total time for which application threads were stopped: 0.0000587 seconds, Stopping threads took: 0.0000119 seconds
2017-04-24T18:04:40.720+0800: 8370.393: Total time for which application threads were stopped: 0.0000407 seconds, Stopping threads took: 0.0000093 seconds
2017-04-24T18:04:40.720+0800: 8370.393: Total time for which application threads were stopped: 0.0000452 seconds, Stopping threads took: 0.0000087 seconds
2017-04-24T18:04:40.720+0800: 8370.393: Total time for which application threads were stopped: 0.0000369 seconds, Stopping threads took: 0.0000067 seconds
2017-04-24T18:04:40.720+0800: 8370.393: Total time for which application threads were stopped: 0.0000337 seconds, Stopping threads took: 0.0000064 seconds
2017-04-24T18:04:40.720+0800: 8370.393: Total time for which application threads were stopped: 0.0000334 seconds, Stopping threads took: 0.0000061 seconds
2017-04-24T18:04:40.720+0800: 8370.393: Total time for which application threads were stopped: 0.0001604 seconds, Stopping threads took: 0.0000103 seconds
{Heap before GC invocations=80 (full 2):
 par new generation   total 109248K, used 92815K [0x00000000e0000000, 0x00000000e8000000, 0x00000000e8000000)
  eden space 87424K,  99% used [0x00000000e0000000, 0x00000000e55352b8, 0x00000000e5560000)
  from space 21824K,  25% used [0x00000000e5560000, 0x00000000e5acec20, 0x00000000e6ab0000)
  to   space 21824K,   0% used [0x00000000e6ab0000, 0x00000000e6ab0000, 0x00000000e8000000)
 concurrent mark-sweep generation total 393216K, used 19001K [0x00000000e8000000, 0x0000000100000000, 0x0000000100000000)
 Metaspace       used 42685K, capacity 43480K, committed 43800K, reserved 1087488K
  class space    used 4602K, capacity 4830K, committed 4940K, reserved 1048576K
2017-04-24T18:04:50.433+0800: 8380.105: [GC (Allocation Failure) 2017-04-24T18:04:50.433+0800: 8380.105: [ParNew
Desired survivor size 20112992 bytes, new threshold 8 (max 8)
- age   1:    3153224 bytes,    3153224 total
- age   2:     694072 bytes,    3847296 total
- age   3:      71032 bytes,    3918328 total
- age   4:      13056 bytes,    3931384 total
- age   5:      23736 bytes,    3955120 total
- age   6:      11288 bytes,    3966408 total
- age   7:      15440 bytes,    3981848 total
- age   8:      12688 bytes,    3994536 total
: 92815K->4634K(109248K), 0.0065235 secs] 111817K->23652K(502464K), 0.0066448 secs] [Times: user=0.00 sys=0.00, real=0.01 secs] 
Heap after GC invocations=81 (full 2):
 par new generation   total 109248K, used 4634K [0x00000000e0000000, 0x00000000e8000000, 0x00000000e8000000)
  eden space 87424K,   0% used [0x00000000e0000000, 0x00000000e0000000, 0x00000000e5560000)
  from space 21824K,  21% used [0x00000000e6ab0000, 0x00000000e6f36be0, 0x00000000e8000000)
  to   space 21824K,   0% used [0x00000000e5560000, 0x00000000e5560000, 0x00000000e6ab0000)
 concurrent mark-sweep generation total 393216K, used 19017K [0x00000000e8000000, 0x0000000100000000, 0x0000000100000000)
 Metaspace       used 42685K, capacity 43480K, committed 43800K, reserved 1087488K
  class space    used 4602K, capacity 4830K, committed 4940K, reserved 1048576K
}
2017-04-24T18:04:50.440+0800: 8380.112: Total time for which application threads were stopped: 0.0069780 seconds, Stopping threads took: 0.0000305 seconds
2017-04-24T18:04:50.440+0800: 8380.112: Total time for which application threads were stopped: 0.0002341 seconds, Stopping threads took: 0.0000516 seconds
2017-04-24T18:04:50.440+0800: 8380.112: Total time for which application threads were stopped: 0.0002197 seconds, Stopping threads took: 0.0000548 seconds
2017-04-24T18:04:50.440+0800: 8380.113: Total time for which application threads were stopped: 0.0002107 seconds, Stopping threads took: 0.0000436 seconds
2017-04-24T18:04:50.441+0800: 8380.113: Total time for which application threads were stopped: 0.0001280 seconds, Stopping threads took: 0.0000375 seconds
2017-04-24T18:04:50.441+0800: 8380.113: Total time for which application threads were stopped: 0.0001575 seconds, Stopping threads took: 0.0000844 seconds
2017-04-24T18:04:50.441+0800: 8380.113: Total time for which application threads were stopped: 0.0000911 seconds, Stopping threads took: 0.0000263 seconds
2017-04-24T18:04:50.441+0800: 8380.114: Total time for which application threads were stopped: 0.0001992 seconds, Stopping threads took: 0.0000860 seconds
2017-04-24T18:04:50.442+0800: 8380.114: Total time for which application threads were stopped: 0.0001655 seconds, Stopping threads took: 0.0000334 seconds
2017-04-24T18:04:50.442+0800: 8380.114: Total time for which application threads were stopped: 0.0001440 seconds, Stopping threads took: 0.0000811 seconds
2017-04-24T18:04:50.442+0800: 8380.114: Total time for which application threads were stopped: 0.0000933 seconds, Stopping threads took: 0.0000257 seconds
2017-04-24T18:04:50.442+0800: 8380.115: Total time for which application threads were stopped: 0.0000911 seconds, Stopping threads took: 0.0000247 seconds
2017-04-24T18:04:50.442+0800: 8380.115: Total time for which application threads were stopped: 0.0001049 seconds, Stopping threads took: 0.0000324 seconds
2017-04-24T18:04:50.443+0800: 8380.115: Total time for which application threads were stopped: 0.0001081 seconds, Stopping threads took: 0.0000362 seconds
2017-04-24T18:04:50.443+0800: 8380.115: Total time for which application threads were stopped: 0.0000872 seconds, Stopping threads took: 0.0000180 seconds
2017-04-24T18:04:50.443+0800: 8380.115: Total time for which application threads were stopped: 0.0001171 seconds, Stopping threads took: 0.0000247 seconds
2017-04-24T18:04:50.443+0800: 8380.115: Total time for which application threads were stopped: 0.0000930 seconds, Stopping threads took: 0.0000279 seconds
2017-04-24T18:04:50.443+0800: 8380.116: Total time for which application threads were stopped: 0.0000824 seconds, Stopping threads took: 0.0000170 seconds
2017-04-24T18:04:50.443+0800: 8380.116: Total time for which application threads were stopped: 0.0000815 seconds, Stopping threads took: 0.0000167 seconds
2017-04-24T18:04:50.444+0800: 8380.116: Total time for which application threads were stopped: 0.0000757 seconds, Stopping threads took: 0.0000164 seconds
2017-04-24T18:04:50.444+0800: 8380.116: Total time for which application threads were stopped: 0.0000898 seconds, Stopping threads took: 0.0000263 seconds
2017-04-24T18:04:50.444+0800: 8380.116: Total time for which application threads were stopped: 0.0001411 seconds, Stopping threads took: 0.0000269 seconds
2017-04-24T18:04:50.444+0800: 8380.117: Total time for which application threads were stopped: 0.0001687 seconds, Stopping threads took: 0.0000353 seconds
2017-04-24T18:04:50.445+0800: 8380.117: Total time for which application threads were stopped: 0.0003153 seconds, Stopping threads took: 0.0000388 seconds
2017-04-24T18:04:50.445+0800: 8380.118: Total time for which application threads were stopped: 0.0002726 seconds, Stopping threads took: 0.0000343 seconds
2017-04-24T18:04:50.446+0800: 8380.119: Total time for which application threads were stopped: 0.0000792 seconds, Stopping threads took: 0.0000157 seconds
2017-04-24T18:04:50.447+0800: 8380.119: Total time for which application threads were stopped: 0.0000744 seconds, Stopping threads took: 0.0000135 seconds
2017-04-24T18:04:50.764+0800: 8380.436: Total time for which application threads were stopped: 0.0002803 seconds, Stopping threads took: 0.0000606 seconds
2017-04-24T18:04:50.764+0800: 8380.436: Total time for which application threads were stopped: 0.0002415 seconds, Stopping threads took: 0.0000504 seconds
2017-04-24T18:04:50.764+0800: 8380.437: Total time for which application threads were stopped: 0.0002463 seconds, Stopping threads took: 0.0000860 seconds
2017-04-24T18:04:50.765+0800: 8380.438: Total time for which application threads were stopped: 0.0001873 seconds, Stopping threads took: 0.0000318 seconds
2017-04-24T18:05:00.438+0800: 8390.111: Total time for which application threads were stopped: 0.0002839 seconds, Stopping threads took: 0.0000629 seconds
2017-04-24T18:05:00.439+0800: 8390.112: Total time for which application threads were stopped: 0.0002101 seconds, Stopping threads took: 0.0000430 seconds
2017-04-24T18:05:00.747+0800: 8390.419: Total time for which application threads were stopped: 0.0002944 seconds, Stopping threads took: 0.0000686 seconds
2017-04-24T18:05:00.747+0800: 8390.420: Total time for which application threads were stopped: 0.0002941 seconds, Stopping threads took: 0.0001206 seconds
2017-04-24T18:05:00.747+0800: 8390.420: Total time for which application threads were stopped: 0.0002524 seconds, Stopping threads took: 0.0000962 seconds
2017-04-24T18:05:00.749+0800: 8390.421: Total time for which application threads were stopped: 0.0002396 seconds, Stopping threads took: 0.0000606 seconds
2017-04-24T18:05:00.749+0800: 8390.421: Total time for which application threads were stopped: 0.0002505 seconds, Stopping threads took: 0.0000641 seconds
2017-04-24T18:05:00.749+0800: 8390.422: Total time for which application threads were stopped: 0.0001876 seconds, Stopping threads took: 0.0000545 seconds
2017-04-24T18:05:00.749+0800: 8390.422: Total time for which application threads were stopped: 0.0001995 seconds, Stopping threads took: 0.0000471 seconds
2017-04-24T18:05:00.750+0800: 8390.422: Total time for which application threads were stopped: 0.0001697 seconds, Stopping threads took: 0.0000452 seconds
2017-04-24T18:05:00.761+0800: 8390.434: Total time for which application threads were stopped: 0.0002678 seconds, Stopping threads took: 0.0000542 seconds
2017-04-24T18:05:10.441+0800: 8400.114: Total time for which application threads were stopped: 0.0001613 seconds, Stopping threads took: 0.0000375 seconds
2017-04-24T18:05:10.442+0800: 8400.114: Total time for which application threads were stopped: 0.0001103 seconds, Stopping threads took: 0.0000225 seconds
2017-04-24T18:05:10.733+0800: 8400.405: Total time for which application threads were stopped: 0.0002726 seconds, Stopping threads took: 0.0000526 seconds
2017-04-24T18:05:10.733+0800: 8400.406: Total time for which application threads were stopped: 0.0001966 seconds, Stopping threads took: 0.0000398 seconds
2017-04-24T18:05:10.734+0800: 8400.407: Total time for which application threads were stopped: 0.0001908 seconds, Stopping threads took: 0.0000327 seconds
2017-04-24T18:05:10.734+0800: 8400.407: Total time for which application threads were stopped: 0.0001591 seconds, Stopping threads took: 0.0000273 seconds
2017-04-24T18:05:10.734+0800: 8400.407: Total time for which application threads were stopped: 0.0001491 seconds, Stopping threads took: 0.0000266 seconds
2017-04-24T18:05:10.735+0800: 8400.407: Total time for which application threads were stopped: 0.0001527 seconds, Stopping threads took: 0.0000292 seconds
2017-04-24T18:05:10.735+0800: 8400.408: Total time for which application threads were stopped: 0.0002361 seconds, Stopping threads took: 0.0000465 seconds
2017-04-24T18:05:20.435+0800: 8410.107: Total time for which application threads were stopped: 0.0003740 seconds, Stopping threads took: 0.0000337 seconds
2017-04-24T18:05:20.435+0800: 8410.108: Total time for which application threads were stopped: 0.0001052 seconds, Stopping threads took: 0.0000215 seconds
2017-04-24T18:05:20.810+0800: 8410.483: Total time for which application threads were stopped: 0.0002816 seconds, Stopping threads took: 0.0000648 seconds
2017-04-24T18:05:20.810+0800: 8410.483: Total time for which application threads were stopped: 0.0001819 seconds, Stopping threads took: 0.0000372 seconds
2017-04-24T18:05:20.811+0800: 8410.483: Total time for which application threads were stopped: 0.0002354 seconds, Stopping threads took: 0.0000856 seconds
2017-04-24T18:05:20.812+0800: 8410.484: Total time for which application threads were stopped: 0.0002572 seconds, Stopping threads took: 0.0000452 seconds
2017-04-24T18:05:20.812+0800: 8410.484: Total time for which application threads were stopped: 0.0001639 seconds, Stopping threads took: 0.0000285 seconds
2017-04-24T18:05:20.812+0800: 8410.485: Total time for which application threads were stopped: 0.0001851 seconds, Stopping threads took: 0.0000346 seconds
2017-04-24T18:05:20.812+0800: 8410.485: Total time for which application threads were stopped: 0.0001485 seconds, Stopping threads took: 0.0000260 seconds
2017-04-24T18:05:20.813+0800: 8410.485: Total time for which application threads were stopped: 0.0001450 seconds, Stopping threads took: 0.0000244 seconds
2017-04-24T18:05:20.822+0800: 8410.494: Total time for which application threads were stopped: 0.0002489 seconds, Stopping threads took: 0.0000471 seconds
2017-04-24T18:05:30.415+0800: 8420.088: Total time for which application threads were stopped: 0.0000998 seconds, Stopping threads took: 0.0000212 seconds
2017-04-24T18:05:30.416+0800: 8420.088: Total time for which application threads were stopped: 0.0000491 seconds, Stopping threads took: 0.0000132 seconds
2017-04-24T18:05:30.732+0800: 8420.405: Total time for which application threads were stopped: 0.0001206 seconds, Stopping threads took: 0.0000221 seconds
2017-04-24T18:05:30.732+0800: 8420.405: Total time for which application threads were stopped: 0.0001129 seconds, Stopping threads took: 0.0000343 seconds
2017-04-24T18:05:30.732+0800: 8420.405: Total time for which application threads were stopped: 0.0000818 seconds, Stopping threads took: 0.0000138 seconds
2017-04-24T18:05:30.733+0800: 8420.405: Total time for which application threads were stopped: 0.0000757 seconds, Stopping threads took: 0.0000221 seconds
2017-04-24T18:05:30.733+0800: 8420.405: Total time for which application threads were stopped: 0.0000491 seconds, Stopping threads took: 0.0000080 seconds
2017-04-24T18:05:30.733+0800: 8420.405: Total time for which application threads were stopped: 0.0000439 seconds, Stopping threads took: 0.0000074 seconds
2017-04-24T18:05:30.733+0800: 8420.405: Total time for which application threads were stopped: 0.0000427 seconds, Stopping threads took: 0.0000077 seconds
2017-04-24T18:05:30.736+0800: 8420.409: Total time for which application threads were stopped: 0.0001042 seconds, Stopping threads took: 0.0000215 seconds
2017-04-24T18:05:39.899+0800: 8429.571: Total time for which application threads were stopped: 0.0001235 seconds, Stopping threads took: 0.0000257 seconds
2017-04-24T18:05:39.899+0800: 8429.572: Total time for which application threads were stopped: 0.0000998 seconds, Stopping threads took: 0.0000215 seconds
2017-04-24T18:05:39.900+0800: 8429.572: Total time for which application threads were stopped: 0.0000770 seconds, Stopping threads took: 0.0000148 seconds
2017-04-24T18:05:39.900+0800: 8429.573: Total time for which application threads were stopped: 0.0000802 seconds, Stopping threads took: 0.0000148 seconds
2017-04-24T18:05:39.900+0800: 8429.573: Total time for which application threads were stopped: 0.0000532 seconds, Stopping threads took: 0.0000080 seconds
2017-04-24T18:05:39.900+0800: 8429.573: Total time for which application threads were stopped: 0.0000478 seconds, Stopping threads took: 0.0000083 seconds
2017-04-24T18:05:40.418+0800: 8430.090: Total time for which application threads were stopped: 0.0001065 seconds, Stopping threads took: 0.0000231 seconds
2017-04-24T18:05:40.703+0800: 8430.376: Total time for which application threads were stopped: 0.0003345 seconds, Stopping threads took: 0.0001049 seconds
2017-04-24T18:05:40.703+0800: 8430.376: Total time for which application threads were stopped: 0.0002794 seconds, Stopping threads took: 0.0000856 seconds
2017-04-24T18:05:40.704+0800: 8430.377: Total time for which application threads were stopped: 0.0001674 seconds, Stopping threads took: 0.0000327 seconds
2017-04-24T18:05:40.705+0800: 8430.377: Total time for which application threads were stopped: 0.0001905 seconds, Stopping threads took: 0.0000372 seconds
2017-04-24T18:05:40.705+0800: 8430.377: Total time for which application threads were stopped: 0.0001767 seconds, Stopping threads took: 0.0000356 seconds
2017-04-24T18:05:40.705+0800: 8430.378: Total time for which application threads were stopped: 0.0001475 seconds, Stopping threads took: 0.0000263 seconds
2017-04-24T18:05:40.705+0800: 8430.378: Total time for which application threads were stopped: 0.0001607 seconds, Stopping threads took: 0.0000318 seconds
2017-04-24T18:05:40.715+0800: 8430.387: Total time for which application threads were stopped: 0.0001969 seconds, Stopping threads took: 0.0000362 seconds
2017-04-24T18:05:50.415+0800: 8440.087: Total time for which application threads were stopped: 0.0003069 seconds, Stopping threads took: 0.0000536 seconds
2017-04-24T18:05:50.434+0800: 8440.106: Total time for which application threads were stopped: 0.0001722 seconds, Stopping threads took: 0.0000346 seconds
2017-04-24T18:05:50.435+0800: 8440.107: Total time for which application threads were stopped: 0.0001225 seconds, Stopping threads took: 0.0000225 seconds
2017-04-24T18:05:50.752+0800: 8440.425: Total time for which application threads were stopped: 0.0001222 seconds, Stopping threads took: 0.0000212 seconds
2017-04-24T18:05:50.752+0800: 8440.425: Total time for which application threads were stopped: 0.0000872 seconds, Stopping threads took: 0.0000148 seconds
2017-04-24T18:05:50.753+0800: 8440.425: Total time for which application threads were stopped: 0.0000972 seconds, Stopping threads took: 0.0000157 seconds
2017-04-24T18:05:50.753+0800: 8440.426: Total time for which application threads were stopped: 0.0000744 seconds, Stopping threads took: 0.0000122 seconds
2017-04-24T18:05:50.753+0800: 8440.426: Total time for which application threads were stopped: 0.0000702 seconds, Stopping threads took: 0.0000128 seconds
2017-04-24T18:05:50.753+0800: 8440.426: Total time for which application threads were stopped: 0.0000632 seconds, Stopping threads took: 0.0000112 seconds
2017-04-24T18:05:50.753+0800: 8440.426: Total time for which application threads were stopped: 0.0001748 seconds, Stopping threads took: 0.0000083 seconds
2017-04-24T18:05:50.757+0800: 8440.429: Total time for which application threads were stopped: 0.0000856 seconds, Stopping threads took: 0.0000157 seconds
2017-04-24T18:06:00.431+0800: 8450.103: Total time for which application threads were stopped: 0.0001559 seconds, Stopping threads took: 0.0000314 seconds
2017-04-24T18:06:00.431+0800: 8450.104: Total time for which application threads were stopped: 0.0001206 seconds, Stopping threads took: 0.0000237 seconds
2017-04-24T18:06:00.740+0800: 8450.413: Total time for which application threads were stopped: 0.0002717 seconds, Stopping threads took: 0.0000523 seconds
2017-04-24T18:06:00.741+0800: 8450.413: Total time for which application threads were stopped: 0.0004606 seconds, Stopping threads took: 0.0000876 seconds
2017-04-24T18:06:00.742+0800: 8450.415: Total time for which application threads were stopped: 0.0002280 seconds, Stopping threads took: 0.0000407 seconds
2017-04-24T18:06:00.753+0800: 8450.426: Total time for which application threads were stopped: 0.0001947 seconds, Stopping threads took: 0.0000350 seconds
2017-04-24T18:06:10.441+0800: 8460.113: Total time for which application threads were stopped: 0.0001517 seconds, Stopping threads took: 0.0000308 seconds
2017-04-24T18:06:10.441+0800: 8460.114: Total time for which application threads were stopped: 0.0002989 seconds, Stopping threads took: 0.0000199 seconds
2017-04-24T18:06:10.765+0800: 8460.437: Total time for which application threads were stopped: 0.0001633 seconds, Stopping threads took: 0.0000378 seconds
2017-04-24T18:06:10.765+0800: 8460.437: Total time for which application threads were stopped: 0.0001257 seconds, Stopping threads took: 0.0000398 seconds
2017-04-24T18:06:10.765+0800: 8460.438: Total time for which application threads were stopped: 0.0000866 seconds, Stopping threads took: 0.0000128 seconds
2017-04-24T18:06:10.765+0800: 8460.438: Total time for which application threads were stopped: 0.0000751 seconds, Stopping threads took: 0.0000119 seconds
2017-04-24T18:06:10.765+0800: 8460.438: Total time for which application threads were stopped: 0.0000686 seconds, Stopping threads took: 0.0000112 seconds
2017-04-24T18:06:10.765+0800: 8460.438: Total time for which application threads were stopped: 0.0000661 seconds, Stopping threads took: 0.0000112 seconds
2017-04-24T18:06:10.765+0800: 8460.438: Total time for which application threads were stopped: 0.0000648 seconds, Stopping threads took: 0.0000112 seconds
2017-04-24T18:06:10.771+0800: 8460.444: Total time for which application threads were stopped: 0.0001463 seconds, Stopping threads took: 0.0000292 seconds
2017-04-24T18:06:20.413+0800: 8470.085: Total time for which application threads were stopped: 0.0000975 seconds, Stopping threads took: 0.0000215 seconds
2017-04-24T18:06:20.413+0800: 8470.086: Total time for which application threads were stopped: 0.0000661 seconds, Stopping threads took: 0.0000106 seconds
2017-04-24T18:06:20.699+0800: 8470.371: Total time for which application threads were stopped: 0.0003381 seconds, Stopping threads took: 0.0001078 seconds
2017-04-24T18:06:20.699+0800: 8470.372: Total time for which application threads were stopped: 0.0001825 seconds, Stopping threads took: 0.0000324 seconds
2017-04-24T18:06:20.700+0800: 8470.373: Total time for which application threads were stopped: 0.0001722 seconds, Stopping threads took: 0.0000279 seconds
2017-04-24T18:06:20.700+0800: 8470.373: Total time for which application threads were stopped: 0.0001876 seconds, Stopping threads took: 0.0000263 seconds
2017-04-24T18:06:20.700+0800: 8470.373: Total time for which application threads were stopped: 0.0002296 seconds, Stopping threads took: 0.0000443 seconds
2017-04-24T18:06:20.701+0800: 8470.373: Total time for which application threads were stopped: 0.0001600 seconds, Stopping threads took: 0.0000289 seconds
2017-04-24T18:06:20.701+0800: 8470.374: Total time for which application threads were stopped: 0.0001456 seconds, Stopping threads took: 0.0000276 seconds
2017-04-24T18:06:20.711+0800: 8470.383: Total time for which application threads were stopped: 0.0002582 seconds, Stopping threads took: 0.0000516 seconds
2017-04-24T18:06:30.407+0800: 8480.080: Total time for which application threads were stopped: 0.0004667 seconds, Stopping threads took: 0.0000520 seconds
{Heap before GC invocations=81 (full 2):
 par new generation   total 109248K, used 91689K [0x00000000e0000000, 0x00000000e8000000, 0x00000000e8000000)
  eden space 87424K,  99% used [0x00000000e0000000, 0x00000000e5503ad0, 0x00000000e5560000)
  from space 21824K,  21% used [0x00000000e6ab0000, 0x00000000e6f36be0, 0x00000000e8000000)
  to   space 21824K,   0% used [0x00000000e5560000, 0x00000000e5560000, 0x00000000e6ab0000)
 concurrent mark-sweep generation total 393216K, used 19017K [0x00000000e8000000, 0x0000000100000000, 0x0000000100000000)
 Metaspace       used 42685K, capacity 43480K, committed 43800K, reserved 1087488K
  class space    used 4602K, capacity 4830K, committed 4940K, reserved 1048576K
2017-04-24T18:06:30.434+0800: 8480.106: [GC (Allocation Failure) 2017-04-24T18:06:30.434+0800: 8480.107: [ParNew
Desired survivor size 20112992 bytes, new threshold 8 (max 8)
- age   1:    3088288 bytes,    3088288 total
- age   2:     693704 bytes,    3781992 total
- age   3:      68608 bytes,    3850600 total
- age   4:      15128 bytes,    3865728 total
- age   5:      12360 bytes,    3878088 total
- age   6:      23280 bytes,    3901368 total
- age   7:      11288 bytes,    3912656 total
- age   8:      15440 bytes,    3928096 total
: 91689K->5017K(109248K), 0.0120191 secs] 110707K->24047K(502464K), 0.0121682 secs] [Times: user=0.06 sys=0.00, real=0.01 secs] 
Heap after GC invocations=82 (full 2):
 par new generation   total 109248K, used 5017K [0x00000000e0000000, 0x00000000e8000000, 0x00000000e8000000)
  eden space 87424K,   0% used [0x00000000e0000000, 0x00000000e0000000, 0x00000000e5560000)
  from space 21824K,  22% used [0x00000000e5560000, 0x00000000e5a46630, 0x00000000e6ab0000)
  to   space 21824K,   0% used [0x00000000e6ab0000, 0x00000000e6ab0000, 0x00000000e8000000)
 concurrent mark-sweep generation total 393216K, used 19029K [0x00000000e8000000, 0x0000000100000000, 0x0000000100000000)
 Metaspace       used 42685K, capacity 43480K, committed 43800K, reserved 1087488K
  class space    used 4602K, capacity 4830K, committed 4940K, reserved 1048576K
}
2017-04-24T18:06:30.446+0800: 8480.119: Total time for which application threads were stopped: 0.0128068 seconds, Stopping threads took: 0.0000539 seconds
2017-04-24T18:06:30.829+0800: 8480.502: Total time for which application threads were stopped: 0.0002563 seconds, Stopping threads took: 0.0000584 seconds
2017-04-24T18:06:30.830+0800: 8480.502: Total time for which application threads were stopped: 0.0002194 seconds, Stopping threads took: 0.0000866 seconds
2017-04-24T18:06:30.831+0800: 8480.503: Total time for which application threads were stopped: 0.0003175 seconds, Stopping threads took: 0.0000433 seconds
2017-04-24T18:06:30.831+0800: 8480.504: Total time for which application threads were stopped: 0.0002258 seconds, Stopping threads took: 0.0000279 seconds
2017-04-24T18:06:30.832+0800: 8480.504: Total time for which application threads were stopped: 0.0002149 seconds, Stopping threads took: 0.0000253 seconds
2017-04-24T18:06:30.832+0800: 8480.504: Total time for which application threads were stopped: 0.0002075 seconds, Stopping threads took: 0.0000247 seconds
2017-04-24T18:06:30.832+0800: 8480.504: Total time for which application threads were stopped: 0.0002309 seconds, Stopping threads took: 0.0000244 seconds
2017-04-24T18:06:30.845+0800: 8480.518: Total time for which application threads were stopped: 0.0002944 seconds, Stopping threads took: 0.0000561 seconds
2017-04-24T18:06:40.438+0800: 8490.110: Total time for which application threads were stopped: 0.0002665 seconds, Stopping threads took: 0.0000536 seconds
2017-04-24T18:06:40.439+0800: 8490.111: Total time for which application threads were stopped: 0.0001915 seconds, Stopping threads took: 0.0000353 seconds
2017-04-24T18:06:40.771+0800: 8490.444: Total time for which application threads were stopped: 0.0002816 seconds, Stopping threads took: 0.0000606 seconds
2017-04-24T18:06:40.771+0800: 8490.444: Total time for which application threads were stopped: 0.0002428 seconds, Stopping threads took: 0.0000471 seconds
2017-04-24T18:06:40.772+0800: 8490.445: Total time for which application threads were stopped: 0.0002220 seconds, Stopping threads took: 0.0000491 seconds
2017-04-24T18:06:40.773+0800: 8490.445: Total time for which application threads were stopped: 0.0002200 seconds, Stopping threads took: 0.0000420 seconds
2017-04-24T18:06:40.773+0800: 8490.446: Total time for which application threads were stopped: 0.0001841 seconds, Stopping threads took: 0.0000340 seconds
2017-04-24T18:06:40.773+0800: 8490.446: Total time for which application threads were stopped: 0.0002062 seconds, Stopping threads took: 0.0000391 seconds
2017-04-24T18:06:40.773+0800: 8490.446: Total time for which application threads were stopped: 0.0001588 seconds, Stopping threads took: 0.0000269 seconds
2017-04-24T18:06:40.786+0800: 8490.458: Total time for which application threads were stopped: 0.0002604 seconds, Stopping threads took: 0.0000507 seconds
2017-04-24T18:06:50.422+0800: 8500.094: Total time for which application threads were stopped: 0.0001536 seconds, Stopping threads took: 0.0000301 seconds
2017-04-24T18:06:50.422+0800: 8500.095: Total time for which application threads were stopped: 0.0000779 seconds, Stopping threads took: 0.0000141 seconds
2017-04-24T18:06:50.714+0800: 8500.386: Total time for which application threads were stopped: 0.0003121 seconds, Stopping threads took: 0.0000959 seconds
2017-04-24T18:06:50.714+0800: 8500.387: Total time for which application threads were stopped: 0.0002550 seconds, Stopping threads took: 0.0001193 seconds
2017-04-24T18:06:50.716+0800: 8500.388: Total time for which application threads were stopped: 0.0005613 seconds, Stopping threads took: 0.0000427 seconds
2017-04-24T18:06:50.716+0800: 8500.389: Total time for which application threads were stopped: 0.0001899 seconds, Stopping threads took: 0.0000401 seconds
2017-04-24T18:06:50.717+0800: 8500.389: Total time for which application threads were stopped: 0.0001479 seconds, Stopping threads took: 0.0000266 seconds
2017-04-24T18:06:50.717+0800: 8500.389: Total time for which application threads were stopped: 0.0001350 seconds, Stopping threads took: 0.0000244 seconds
2017-04-24T18:06:50.717+0800: 8500.389: Total time for which application threads were stopped: 0.0001318 seconds, Stopping threads took: 0.0000237 seconds
2017-04-24T18:06:50.727+0800: 8500.400: Total time for which application threads were stopped: 0.0002643 seconds, Stopping threads took: 0.0000548 seconds
2017-04-24T18:07:00.425+0800: 8510.098: Total time for which application threads were stopped: 0.0001886 seconds, Stopping threads took: 0.0000359 seconds
2017-04-24T18:07:00.426+0800: 8510.098: Total time for which application threads were stopped: 0.0001607 seconds, Stopping threads took: 0.0000295 seconds
2017-04-24T18:07:00.692+0800: 8510.364: Total time for which application threads were stopped: 0.0001052 seconds, Stopping threads took: 0.0000260 seconds
2017-04-24T18:07:00.692+0800: 8510.364: Total time for which application threads were stopped: 0.0000609 seconds, Stopping threads took: 0.0000119 seconds
2017-04-24T18:07:00.692+0800: 8510.364: Total time for which application threads were stopped: 0.0000497 seconds, Stopping threads took: 0.0000080 seconds
2017-04-24T18:07:00.692+0800: 8510.365: Total time for which application threads were stopped: 0.0000401 seconds, Stopping threads took: 0.0000064 seconds
2017-04-24T18:07:00.692+0800: 8510.365: Total time for which application threads were stopped: 0.0000388 seconds, Stopping threads took: 0.0000067 seconds
2017-04-24T18:07:00.692+0800: 8510.365: Total time for which application threads were stopped: 0.0001421 seconds, Stopping threads took: 0.0000064 seconds
2017-04-24T18:07:00.695+0800: 8510.368: Total time for which application threads were stopped: 0.0001908 seconds, Stopping threads took: 0.0000144 seconds
2017-04-24T18:07:10.725+0800: 8520.398: Total time for which application threads were stopped: 0.0001957 seconds, Stopping threads took: 0.0000395 seconds
2017-04-24T18:07:10.726+0800: 8520.399: Total time for which application threads were stopped: 0.0010267 seconds, Stopping threads took: 0.0008814 seconds
2017-04-24T18:07:10.727+0800: 8520.400: Total time for which application threads were stopped: 0.0002354 seconds, Stopping threads took: 0.0000247 seconds
2017-04-24T18:07:20.434+0800: 8530.107: Total time for which application threads were stopped: 0.0001591 seconds, Stopping threads took: 0.0000324 seconds
2017-04-24T18:07:20.435+0800: 8530.107: Total time for which application threads were stopped: 0.0001129 seconds, Stopping threads took: 0.0000192 seconds
2017-04-24T18:07:20.752+0800: 8530.425: Total time for which application threads were stopped: 0.0002746 seconds, Stopping threads took: 0.0000532 seconds
2017-04-24T18:07:20.753+0800: 8530.425: Total time for which application threads were stopped: 0.0003650 seconds, Stopping threads took: 0.0001536 seconds
2017-04-24T18:07:20.753+0800: 8530.425: Total time for which application threads were stopped: 0.0002165 seconds, Stopping threads took: 0.0000744 seconds
2017-04-24T18:07:20.754+0800: 8530.426: Total time for which application threads were stopped: 0.0001921 seconds, Stopping threads took: 0.0000478 seconds
2017-04-24T18:07:20.754+0800: 8530.427: Total time for which application threads were stopped: 0.0001886 seconds, Stopping threads took: 0.0000372 seconds
2017-04-24T18:07:20.755+0800: 8530.427: Total time for which application threads were stopped: 0.0001799 seconds, Stopping threads took: 0.0000337 seconds
2017-04-24T18:07:20.755+0800: 8530.427: Total time for which application threads were stopped: 0.0001600 seconds, Stopping threads took: 0.0000305 seconds
2017-04-24T18:07:20.755+0800: 8530.428: Total time for which application threads were stopped: 0.0001633 seconds, Stopping threads took: 0.0000324 seconds
2017-04-24T18:07:30.438+0800: 8540.111: Total time for which application threads were stopped: 0.0002806 seconds, Stopping threads took: 0.0000597 seconds
2017-04-24T18:07:30.439+0800: 8540.112: Total time for which application threads were stopped: 0.0001953 seconds, Stopping threads took: 0.0000330 seconds
2017-04-24T18:07:30.737+0800: 8540.409: Total time for which application threads were stopped: 0.0002659 seconds, Stopping threads took: 0.0000593 seconds
2017-04-24T18:07:30.738+0800: 8540.411: Total time for which application threads were stopped: 0.0002701 seconds, Stopping threads took: 0.0000545 seconds
2017-04-24T18:07:30.738+0800: 8540.411: Total time for which application threads were stopped: 0.0002364 seconds, Stopping threads took: 0.0000497 seconds
2017-04-24T18:07:30.739+0800: 8540.411: Total time for which application threads were stopped: 0.0001796 seconds, Stopping threads took: 0.0000343 seconds
2017-04-24T18:07:30.739+0800: 8540.412: Total time for which application threads were stopped: 0.0002242 seconds, Stopping threads took: 0.0000488 seconds
2017-04-24T18:07:30.739+0800: 8540.412: Total time for which application threads were stopped: 0.0001645 seconds, Stopping threads took: 0.0000324 seconds
2017-04-24T18:07:40.439+0800: 8550.111: Total time for which application threads were stopped: 0.0002762 seconds, Stopping threads took: 0.0000603 seconds
2017-04-24T18:07:40.440+0800: 8550.112: Total time for which application threads were stopped: 0.0001937 seconds, Stopping threads took: 0.0000353 seconds
2017-04-24T18:07:40.774+0800: 8550.446: Total time for which application threads were stopped: 0.0002720 seconds, Stopping threads took: 0.0000523 seconds
2017-04-24T18:07:40.774+0800: 8550.446: Total time for which application threads were stopped: 0.0002027 seconds, Stopping threads took: 0.0000385 seconds
2017-04-24T18:07:40.774+0800: 8550.446: Total time for which application threads were stopped: 0.0002505 seconds, Stopping threads took: 0.0000911 seconds
2017-04-24T18:07:40.775+0800: 8550.448: Total time for which application threads were stopped: 0.0001902 seconds, Stopping threads took: 0.0000343 seconds
2017-04-24T18:07:40.776+0800: 8550.448: Total time for which application threads were stopped: 0.0002351 seconds, Stopping threads took: 0.0000449 seconds
2017-04-24T18:07:40.776+0800: 8550.448: Total time for which application threads were stopped: 0.0001674 seconds, Stopping threads took: 0.0000311 seconds
2017-04-24T18:07:40.776+0800: 8550.448: Total time for which application threads were stopped: 0.0001982 seconds, Stopping threads took: 0.0000382 seconds
2017-04-24T18:07:40.776+0800: 8550.449: Total time for which application threads were stopped: 0.0001642 seconds, Stopping threads took: 0.0000301 seconds
2017-04-24T18:07:50.435+0800: 8560.107: Total time for which application threads were stopped: 0.0001540 seconds, Stopping threads took: 0.0000273 seconds
2017-04-24T18:07:50.435+0800: 8560.108: Total time for which application threads were stopped: 0.0001010 seconds, Stopping threads took: 0.0000170 seconds
2017-04-24T18:07:50.765+0800: 8560.438: Total time for which application threads were stopped: 0.0002746 seconds, Stopping threads took: 0.0000590 seconds
2017-04-24T18:07:50.766+0800: 8560.439: Total time for which application threads were stopped: 0.0006598 seconds, Stopping threads took: 0.0000953 seconds
2017-04-24T18:07:50.767+0800: 8560.439: Total time for which application threads were stopped: 0.0004856 seconds, Stopping threads took: 0.0000545 seconds
2017-04-24T18:07:50.768+0800: 8560.440: Total time for which application threads were stopped: 0.0002290 seconds, Stopping threads took: 0.0000298 seconds
2017-04-24T18:07:50.768+0800: 8560.441: Total time for which application threads were stopped: 0.0001591 seconds, Stopping threads took: 0.0000285 seconds
2017-04-24T18:07:50.768+0800: 8560.441: Total time for which application threads were stopped: 0.0001588 seconds, Stopping threads took: 0.0000247 seconds
2017-04-24T18:07:50.768+0800: 8560.441: Total time for which application threads were stopped: 0.0001392 seconds, Stopping threads took: 0.0000250 seconds
2017-04-24T18:07:50.768+0800: 8560.441: Total time for which application threads were stopped: 0.0001414 seconds, Stopping threads took: 0.0000247 seconds
2017-04-24T18:08:00.428+0800: 8570.101: Total time for which application threads were stopped: 0.0001533 seconds, Stopping threads took: 0.0000292 seconds
2017-04-24T18:08:00.429+0800: 8570.101: Total time for which application threads were stopped: 0.0001023 seconds, Stopping threads took: 0.0000186 seconds
2017-04-24T18:08:00.775+0800: 8570.447: Total time for which application threads were stopped: 0.0003345 seconds, Stopping threads took: 0.0001052 seconds
2017-04-24T18:08:00.776+0800: 8570.449: Total time for which application threads were stopped: 0.0002335 seconds, Stopping threads took: 0.0000398 seconds
2017-04-24T18:08:00.776+0800: 8570.449: Total time for which application threads were stopped: 0.0002351 seconds, Stopping threads took: 0.0000411 seconds
2017-04-24T18:08:00.777+0800: 8570.449: Total time for which application threads were stopped: 0.0001732 seconds, Stopping threads took: 0.0000484 seconds
2017-04-24T18:08:00.777+0800: 8570.449: Total time for which application threads were stopped: 0.0001963 seconds, Stopping threads took: 0.0000359 seconds
2017-04-24T18:08:00.777+0800: 8570.450: Total time for which application threads were stopped: 0.0001479 seconds, Stopping threads took: 0.0000266 seconds
{Heap before GC invocations=82 (full 2):
 par new generation   total 109248K, used 91995K [0x00000000e0000000, 0x00000000e8000000, 0x00000000e8000000)
  eden space 87424K,  99% used [0x00000000e0000000, 0x00000000e54f0610, 0x00000000e5560000)
  from space 21824K,  22% used [0x00000000e5560000, 0x00000000e5a46630, 0x00000000e6ab0000)
  to   space 21824K,   0% used [0x00000000e6ab0000, 0x00000000e6ab0000, 0x00000000e8000000)
 concurrent mark-sweep generation total 393216K, used 19029K [0x00000000e8000000, 0x0000000100000000, 0x0000000100000000)
 Metaspace       used 42686K, capacity 43480K, committed 43800K, reserved 1087488K
  class space    used 4602K, capacity 4830K, committed 4940K, reserved 1048576K
2017-04-24T18:08:10.432+0800: 8580.105: [GC (Allocation Failure) 2017-04-24T18:08:10.432+0800: 8580.105: [ParNew
Desired survivor size 20112992 bytes, new threshold 8 (max 8)
- age   1:    3088128 bytes,    3088128 total
- age   2:     693952 bytes,    3782080 total
- age   3:      67888 bytes,    3849968 total
- age   4:      12904 bytes,    3862872 total
- age   5:      14184 bytes,    3877056 total
- age   6:      12120 bytes,    3889176 total
- age   7:      23280 bytes,    3912456 total
- age   8:      11288 bytes,    3923744 total
: 91995K->5246K(109248K), 0.0105758 secs] 111025K->24291K(502464K), 0.0107355 secs] [Times: user=0.00 sys=0.00, real=0.01 secs] 
Heap after GC invocations=83 (full 2):
 par new generation   total 109248K, used 5246K [0x00000000e0000000, 0x00000000e8000000, 0x00000000e8000000)
  eden space 87424K,   0% used [0x00000000e0000000, 0x00000000e0000000, 0x00000000e5560000)
  from space 21824K,  24% used [0x00000000e6ab0000, 0x00000000e6fcf928, 0x00000000e8000000)
  to   space 21824K,   0% used [0x00000000e5560000, 0x00000000e5560000, 0x00000000e6ab0000)
 concurrent mark-sweep generation total 393216K, used 19045K [0x00000000e8000000, 0x0000000100000000, 0x0000000100000000)
 Metaspace       used 42686K, capacity 43480K, committed 43800K, reserved 1087488K
  class space    used 4602K, capacity 4830K, committed 4940K, reserved 1048576K
}
2017-04-24T18:08:10.443+0800: 8580.116: Total time for which application threads were stopped: 0.0112028 seconds, Stopping threads took: 0.0000523 seconds
2017-04-24T18:08:10.443+0800: 8580.116: Total time for which application threads were stopped: 0.0001892 seconds, Stopping threads took: 0.0000475 seconds
2017-04-24T18:08:10.443+0800: 8580.116: Total time for which application threads were stopped: 0.0001591 seconds, Stopping threads took: 0.0000600 seconds
2017-04-24T18:08:10.444+0800: 8580.116: Total time for which application threads were stopped: 0.0001244 seconds, Stopping threads took: 0.0000385 seconds
2017-04-24T18:08:10.444+0800: 8580.117: Total time for which application threads were stopped: 0.0001139 seconds, Stopping threads took: 0.0000359 seconds
2017-04-24T18:08:10.444+0800: 8580.117: Total time for which application threads were stopped: 0.0001479 seconds, Stopping threads took: 0.0000783 seconds
2017-04-24T18:08:10.445+0800: 8580.117: Total time for which application threads were stopped: 0.0001851 seconds, Stopping threads took: 0.0000314 seconds
2017-04-24T18:08:10.445+0800: 8580.117: Total time for which application threads were stopped: 0.0001613 seconds, Stopping threads took: 0.0000298 seconds
2017-04-24T18:08:10.445+0800: 8580.118: Total time for which application threads were stopped: 0.0001110 seconds, Stopping threads took: 0.0000330 seconds
2017-04-24T18:08:10.445+0800: 8580.118: Total time for which application threads were stopped: 0.0001007 seconds, Stopping threads took: 0.0000289 seconds
2017-04-24T18:08:10.445+0800: 8580.118: Total time for which application threads were stopped: 0.0000821 seconds, Stopping threads took: 0.0000151 seconds
2017-04-24T18:08:10.445+0800: 8580.118: Total time for which application threads were stopped: 0.0000927 seconds, Stopping threads took: 0.0000263 seconds
2017-04-24T18:08:10.446+0800: 8580.118: Total time for which application threads were stopped: 0.0001004 seconds, Stopping threads took: 0.0000321 seconds
2017-04-24T18:08:10.446+0800: 8580.119: Total time for which application threads were stopped: 0.0001511 seconds, Stopping threads took: 0.0000504 seconds
2017-04-24T18:08:10.446+0800: 8580.119: Total time for which application threads were stopped: 0.0001062 seconds, Stopping threads took: 0.0000350 seconds
2017-04-24T18:08:10.446+0800: 8580.119: Total time for which application threads were stopped: 0.0000808 seconds, Stopping threads took: 0.0000173 seconds
2017-04-24T18:08:10.447+0800: 8580.119: Total time for which application threads were stopped: 0.0001014 seconds, Stopping threads took: 0.0000273 seconds
2017-04-24T18:08:10.447+0800: 8580.120: Total time for which application threads were stopped: 0.0001232 seconds, Stopping threads took: 0.0000350 seconds
2017-04-24T18:08:10.447+0800: 8580.120: Total time for which application threads were stopped: 0.0001110 seconds, Stopping threads took: 0.0000366 seconds
2017-04-24T18:08:10.447+0800: 8580.120: Total time for which application threads were stopped: 0.0000965 seconds, Stopping threads took: 0.0000330 seconds
2017-04-24T18:08:10.447+0800: 8580.120: Total time for which application threads were stopped: 0.0000904 seconds, Stopping threads took: 0.0000289 seconds
2017-04-24T18:08:10.448+0800: 8580.120: Total time for which application threads were stopped: 0.0001026 seconds, Stopping threads took: 0.0000318 seconds
2017-04-24T18:08:10.448+0800: 8580.121: Total time for which application threads were stopped: 0.0000975 seconds, Stopping threads took: 0.0000292 seconds
2017-04-24T18:08:10.449+0800: 8580.121: Total time for which application threads were stopped: 0.0000747 seconds, Stopping threads took: 0.0000135 seconds
2017-04-24T18:08:10.449+0800: 8580.122: Total time for which application threads were stopped: 0.0000728 seconds, Stopping threads took: 0.0000135 seconds
2017-04-24T18:08:10.769+0800: 8580.441: Total time for which application threads were stopped: 0.0002691 seconds, Stopping threads took: 0.0000539 seconds
2017-04-24T18:08:10.770+0800: 8580.442: Total time for which application threads were stopped: 0.0002473 seconds, Stopping threads took: 0.0000471 seconds
2017-04-24T18:08:10.770+0800: 8580.443: Total time for which application threads were stopped: 0.0001706 seconds, Stopping threads took: 0.0000292 seconds
2017-04-24T18:08:10.770+0800: 8580.443: Total time for which application threads were stopped: 0.0001507 seconds, Stopping threads took: 0.0000263 seconds
2017-04-24T18:08:10.771+0800: 8580.443: Total time for which application threads were stopped: 0.0001809 seconds, Stopping threads took: 0.0000250 seconds
2017-04-24T18:08:10.771+0800: 8580.444: Total time for which application threads were stopped: 0.0004702 seconds, Stopping threads took: 0.0000260 seconds
2017-04-24T18:08:20.435+0800: 8590.107: Total time for which application threads were stopped: 0.0001228 seconds, Stopping threads took: 0.0000247 seconds
2017-04-24T18:08:20.435+0800: 8590.108: Total time for which application threads were stopped: 0.0000872 seconds, Stopping threads took: 0.0000148 seconds
2017-04-24T18:08:20.797+0800: 8590.470: Total time for which application threads were stopped: 0.0003134 seconds, Stopping threads took: 0.0000914 seconds
2017-04-24T18:08:20.799+0800: 8590.472: Total time for which application threads were stopped: 0.0002646 seconds, Stopping threads took: 0.0000558 seconds
2017-04-24T18:08:30.441+0800: 8600.114: Total time for which application threads were stopped: 0.0002916 seconds, Stopping threads took: 0.0000548 seconds
2017-04-24T18:08:30.442+0800: 8600.115: Total time for which application threads were stopped: 0.0001957 seconds, Stopping threads took: 0.0000337 seconds
2017-04-24T18:08:30.855+0800: 8600.527: Total time for which application threads were stopped: 0.0003108 seconds, Stopping threads took: 0.0001004 seconds
2017-04-24T18:08:30.856+0800: 8600.528: Total time for which application threads were stopped: 0.0002300 seconds, Stopping threads took: 0.0000478 seconds
2017-04-24T18:08:30.856+0800: 8600.528: Total time for which application threads were stopped: 0.0002354 seconds, Stopping threads took: 0.0000632 seconds
2017-04-24T18:08:30.856+0800: 8600.529: Total time for which application threads were stopped: 0.0002117 seconds, Stopping threads took: 0.0000555 seconds
2017-04-24T18:08:30.857+0800: 8600.529: Total time for which application threads were stopped: 0.0001559 seconds, Stopping threads took: 0.0000321 seconds
2017-04-24T18:08:30.857+0800: 8600.529: Total time for which application threads were stopped: 0.0001844 seconds, Stopping threads took: 0.0000494 seconds
2017-04-24T18:08:40.414+0800: 8610.086: Total time for which application threads were stopped: 0.0001062 seconds, Stopping threads took: 0.0000215 seconds
2017-04-24T18:08:40.414+0800: 8610.087: Total time for which application threads were stopped: 0.0000513 seconds, Stopping threads took: 0.0000096 seconds
2017-04-24T18:08:40.698+0800: 8610.371: Total time for which application threads were stopped: 0.0003355 seconds, Stopping threads took: 0.0001116 seconds
2017-04-24T18:08:40.700+0800: 8610.372: Total time for which application threads were stopped: 0.0002136 seconds, Stopping threads took: 0.0000378 seconds
2017-04-24T18:08:40.700+0800: 8610.372: Total time for which application threads were stopped: 0.0001671 seconds, Stopping threads took: 0.0000276 seconds
2017-04-24T18:08:40.700+0800: 8610.373: Total time for which application threads were stopped: 0.0001536 seconds, Stopping threads took: 0.0000257 seconds
2017-04-24T18:08:40.700+0800: 8610.373: Total time for which application threads were stopped: 0.0001514 seconds, Stopping threads took: 0.0000269 seconds
2017-04-24T18:08:40.700+0800: 8610.373: Total time for which application threads were stopped: 0.0001427 seconds, Stopping threads took: 0.0000250 seconds
2017-04-24T18:08:40.712+0800: 8610.384: Total time for which application threads were stopped: 0.0002662 seconds, Stopping threads took: 0.0000561 seconds
2017-04-24T18:08:50.771+0800: 8620.444: Total time for which application threads were stopped: 0.0001475 seconds, Stopping threads took: 0.0000196 seconds
2017-04-24T18:08:50.771+0800: 8620.444: Total time for which application threads were stopped: 0.0001203 seconds, Stopping threads took: 0.0000135 seconds
2017-04-24T18:08:50.772+0800: 8620.444: Total time for which application threads were stopped: 0.0000888 seconds, Stopping threads took: 0.0000125 seconds
2017-04-24T18:08:50.772+0800: 8620.444: Total time for which application threads were stopped: 0.0000847 seconds, Stopping threads took: 0.0000106 seconds
2017-04-24T18:08:50.772+0800: 8620.444: Total time for which application threads were stopped: 0.0000680 seconds, Stopping threads took: 0.0000077 seconds
2017-04-24T18:08:50.777+0800: 8620.450: Total time for which application threads were stopped: 0.0001023 seconds, Stopping threads took: 0.0000199 seconds
2017-04-24T18:09:00.440+0800: 8630.113: Total time for which application threads were stopped: 0.0003259 seconds, Stopping threads took: 0.0000908 seconds
2017-04-24T18:09:00.441+0800: 8630.114: Total time for which application threads were stopped: 0.0002348 seconds, Stopping threads took: 0.0000590 seconds
2017-04-24T18:09:00.772+0800: 8630.444: Total time for which application threads were stopped: 0.0002951 seconds, Stopping threads took: 0.0000513 seconds
2017-04-24T18:09:00.772+0800: 8630.445: Total time for which application threads were stopped: 0.0002662 seconds, Stopping threads took: 0.0000510 seconds
2017-04-24T18:09:00.772+0800: 8630.445: Total time for which application threads were stopped: 0.0001825 seconds, Stopping threads took: 0.0000289 seconds
2017-04-24T18:09:00.773+0800: 8630.445: Total time for which application threads were stopped: 0.0001661 seconds, Stopping threads took: 0.0000266 seconds
2017-04-24T18:09:00.773+0800: 8630.445: Total time for which application threads were stopped: 0.0001588 seconds, Stopping threads took: 0.0000263 seconds
2017-04-24T18:09:00.783+0800: 8630.455: Total time for which application threads were stopped: 0.0002444 seconds, Stopping threads took: 0.0000497 seconds
2017-04-24T18:09:10.423+0800: 8640.095: Total time for which application threads were stopped: 0.0001697 seconds, Stopping threads took: 0.0000314 seconds
2017-04-24T18:09:10.424+0800: 8640.096: Total time for which application threads were stopped: 0.0001524 seconds, Stopping threads took: 0.0000263 seconds
2017-04-24T18:09:10.728+0800: 8640.400: Total time for which application threads were stopped: 0.0002893 seconds, Stopping threads took: 0.0000520 seconds
2017-04-24T18:09:10.728+0800: 8640.401: Total time for which application threads were stopped: 0.0002431 seconds, Stopping threads took: 0.0000455 seconds
2017-04-24T18:09:10.729+0800: 8640.401: Total time for which application threads were stopped: 0.0001501 seconds, Stopping threads took: 0.0000305 seconds
2017-04-24T18:09:10.729+0800: 8640.401: Total time for which application threads were stopped: 0.0001357 seconds, Stopping threads took: 0.0000250 seconds
2017-04-24T18:09:10.729+0800: 8640.401: Total time for which application threads were stopped: 0.0001337 seconds, Stopping threads took: 0.0000241 seconds
2017-04-24T18:09:10.739+0800: 8640.411: Total time for which application threads were stopped: 0.0002085 seconds, Stopping threads took: 0.0000411 seconds
2017-04-24T18:09:20.436+0800: 8650.108: Total time for which application threads were stopped: 0.0001828 seconds, Stopping threads took: 0.0000327 seconds
2017-04-24T18:09:20.436+0800: 8650.109: Total time for which application threads were stopped: 0.0001305 seconds, Stopping threads took: 0.0000228 seconds
2017-04-24T18:09:20.763+0800: 8650.436: Total time for which application threads were stopped: 0.0002893 seconds, Stopping threads took: 0.0000536 seconds
2017-04-24T18:09:20.763+0800: 8650.436: Total time for which application threads were stopped: 0.0001960 seconds, Stopping threads took: 0.0000318 seconds
2017-04-24T18:09:20.763+0800: 8650.436: Total time for which application threads were stopped: 0.0001719 seconds, Stopping threads took: 0.0000279 seconds
2017-04-24T18:09:20.764+0800: 8650.436: Total time for which application threads were stopped: 0.0002489 seconds, Stopping threads took: 0.0000452 seconds
2017-04-24T18:09:20.764+0800: 8650.437: Total time for which application threads were stopped: 0.0004965 seconds, Stopping threads took: 0.0000279 seconds
2017-04-24T18:09:20.773+0800: 8650.446: Total time for which application threads were stopped: 0.0001969 seconds, Stopping threads took: 0.0000385 seconds
2017-04-24T18:09:30.440+0800: 8660.112: Total time for which application threads were stopped: 0.0005908 seconds, Stopping threads took: 0.0000532 seconds
2017-04-24T18:09:30.441+0800: 8660.113: Total time for which application threads were stopped: 0.0002447 seconds, Stopping threads took: 0.0000430 seconds
2017-04-24T18:09:30.732+0800: 8660.404: Total time for which application threads were stopped: 0.0002938 seconds, Stopping threads took: 0.0000571 seconds
2017-04-24T18:09:30.742+0800: 8660.414: Total time for which application threads were stopped: 0.0002274 seconds, Stopping threads took: 0.0000449 seconds
2017-04-24T18:09:40.438+0800: 8670.111: Total time for which application threads were stopped: 0.0002511 seconds, Stopping threads took: 0.0000529 seconds
2017-04-24T18:09:40.439+0800: 8670.112: Total time for which application threads were stopped: 0.0002412 seconds, Stopping threads took: 0.0000484 seconds
2017-04-24T18:09:40.781+0800: 8670.453: Total time for which application threads were stopped: 0.0002810 seconds, Stopping threads took: 0.0000510 seconds
2017-04-24T18:09:40.781+0800: 8670.453: Total time for which application threads were stopped: 0.0002242 seconds, Stopping threads took: 0.0000443 seconds
2017-04-24T18:09:40.781+0800: 8670.454: Total time for which application threads were stopped: 0.0001536 seconds, Stopping threads took: 0.0000279 seconds
2017-04-24T18:09:40.781+0800: 8670.454: Total time for which application threads were stopped: 0.0001424 seconds, Stopping threads took: 0.0000260 seconds
2017-04-24T18:09:40.782+0800: 8670.454: Total time for which application threads were stopped: 0.0001408 seconds, Stopping threads took: 0.0000253 seconds
2017-04-24T18:09:40.783+0800: 8670.456: Total time for which application threads were stopped: 0.0002402 seconds, Stopping threads took: 0.0000581 seconds
2017-04-24T18:09:40.784+0800: 8670.456: Total time for which application threads were stopped: 0.0002399 seconds, Stopping threads took: 0.0000446 seconds
2017-04-24T18:09:40.795+0800: 8670.468: Total time for which application threads were stopped: 0.0002370 seconds, Stopping threads took: 0.0000488 seconds
{Heap before GC invocations=83 (full 2):
 par new generation   total 109248K, used 92261K [0x00000000e0000000, 0x00000000e8000000, 0x00000000e8000000)
  eden space 87424K,  99% used [0x00000000e0000000, 0x00000000e54f9e48, 0x00000000e5560000)
  from space 21824K,  24% used [0x00000000e6ab0000, 0x00000000e6fcf928, 0x00000000e8000000)
  to   space 21824K,   0% used [0x00000000e5560000, 0x00000000e5560000, 0x00000000e6ab0000)
 concurrent mark-sweep generation total 393216K, used 19045K [0x00000000e8000000, 0x0000000100000000, 0x0000000100000000)
 Metaspace       used 42686K, capacity 43480K, committed 43800K, reserved 1087488K
  class space    used 4602K, capacity 4830K, committed 4940K, reserved 1048576K
2017-04-24T18:09:50.433+0800: 8680.106: [GC (Allocation Failure) 2017-04-24T18:09:50.433+0800: 8680.106: [ParNew
Desired survivor size 20112992 bytes, new threshold 8 (max 8)
- age   1:    2971984 bytes,    2971984 total
- age   2:     694520 bytes,    3666504 total
- age   3:      68744 bytes,    3735248 total
- age   4:      12328 bytes,    3747576 total
- age   5:      12208 bytes,    3759784 total
- age   6:      14184 bytes,    3773968 total
- age   7:      12120 bytes,    3786088 total
- age   8:      23280 bytes,    3809368 total
: 92261K->4606K(109248K), 0.0065194 secs] 111306K->23662K(502464K), 0.0066313 secs] [Times: user=0.00 sys=0.00, real=0.01 secs] 
Heap after GC invocations=84 (full 2):
 par new generation   total 109248K, used 4606K [0x00000000e0000000, 0x00000000e8000000, 0x00000000e8000000)
  eden space 87424K,   0% used [0x00000000e0000000, 0x00000000e0000000, 0x00000000e5560000)
  from space 21824K,  21% used [0x00000000e5560000, 0x00000000e59dfa98, 0x00000000e6ab0000)
  to   space 21824K,   0% used [0x00000000e6ab0000, 0x00000000e6ab0000, 0x00000000e8000000)
 concurrent mark-sweep generation total 393216K, used 19056K [0x00000000e8000000, 0x0000000100000000, 0x0000000100000000)
 Metaspace       used 42686K, capacity 43480K, committed 43800K, reserved 1087488K
  class space    used 4602K, capacity 4830K, committed 4940K, reserved 1048576K
}
2017-04-24T18:09:50.440+0800: 8680.112: Total time for which application threads were stopped: 0.0069591 seconds, Stopping threads took: 0.0000308 seconds
2017-04-24T18:09:50.440+0800: 8680.113: Total time for which application threads were stopped: 0.0001844 seconds, Stopping threads took: 0.0000510 seconds
2017-04-24T18:09:50.440+0800: 8680.113: Total time for which application threads were stopped: 0.0001536 seconds, Stopping threads took: 0.0000584 seconds
2017-04-24T18:09:50.441+0800: 8680.113: Total time for which application threads were stopped: 0.0001863 seconds, Stopping threads took: 0.0000933 seconds
2017-04-24T18:09:50.441+0800: 8680.113: Total time for which application threads were stopped: 0.0001065 seconds, Stopping threads took: 0.0000314 seconds
2017-04-24T18:09:50.441+0800: 8680.114: Total time for which application threads were stopped: 0.0001087 seconds, Stopping threads took: 0.0000366 seconds
2017-04-24T18:09:50.441+0800: 8680.114: Total time for which application threads were stopped: 0.0000988 seconds, Stopping threads took: 0.0000311 seconds
2017-04-24T18:09:50.441+0800: 8680.114: Total time for which application threads were stopped: 0.0000988 seconds, Stopping threads took: 0.0000295 seconds
2017-04-24T18:09:50.441+0800: 8680.114: Total time for which application threads were stopped: 0.0000981 seconds, Stopping threads took: 0.0000321 seconds
2017-04-24T18:09:50.442+0800: 8680.115: Total time for which application threads were stopped: 0.0001254 seconds, Stopping threads took: 0.0000202 seconds
2017-04-24T18:09:50.442+0800: 8680.115: Total time for which application threads were stopped: 0.0000876 seconds, Stopping threads took: 0.0000176 seconds
2017-04-24T18:09:50.442+0800: 8680.115: Total time for which application threads were stopped: 0.0001293 seconds, Stopping threads took: 0.0000616 seconds
2017-04-24T18:09:50.442+0800: 8680.115: Total time for which application threads were stopped: 0.0000972 seconds, Stopping threads took: 0.0000183 seconds
2017-04-24T18:09:50.442+0800: 8680.115: Total time for which application threads were stopped: 0.0000815 seconds, Stopping threads took: 0.0000173 seconds
2017-04-24T18:09:50.443+0800: 8680.115: Total time for which application threads were stopped: 0.0000847 seconds, Stopping threads took: 0.0000148 seconds
2017-04-24T18:09:50.443+0800: 8680.115: Total time for which application threads were stopped: 0.0000811 seconds, Stopping threads took: 0.0000160 seconds
2017-04-24T18:09:50.443+0800: 8680.116: Total time for which application threads were stopped: 0.0000863 seconds, Stopping threads took: 0.0000257 seconds
2017-04-24T18:09:50.443+0800: 8680.116: Total time for which application threads were stopped: 0.0000872 seconds, Stopping threads took: 0.0000241 seconds
2017-04-24T18:09:50.443+0800: 8680.116: Total time for which application threads were stopped: 0.0001065 seconds, Stopping threads took: 0.0000369 seconds
2017-04-24T18:09:50.443+0800: 8680.116: Total time for which application threads were stopped: 0.0001020 seconds, Stopping threads took: 0.0000324 seconds
2017-04-24T18:09:50.444+0800: 8680.117: Total time for which application threads were stopped: 0.0003028 seconds, Stopping threads took: 0.0000385 seconds
2017-04-24T18:09:50.444+0800: 8680.117: Total time for which application threads were stopped: 0.0002576 seconds, Stopping threads took: 0.0000327 seconds
2017-04-24T18:09:50.445+0800: 8680.118: Total time for which application threads were stopped: 0.0000799 seconds, Stopping threads took: 0.0000160 seconds
2017-04-24T18:09:50.446+0800: 8680.118: Total time for which application threads were stopped: 0.0000872 seconds, Stopping threads took: 0.0000173 seconds
2017-04-24T18:09:50.935+0800: 8680.608: Total time for which application threads were stopped: 0.0003031 seconds, Stopping threads took: 0.0000828 seconds
2017-04-24T18:09:50.936+0800: 8680.608: Total time for which application threads were stopped: 0.0003015 seconds, Stopping threads took: 0.0000933 seconds
2017-04-24T18:09:50.936+0800: 8680.608: Total time for which application threads were stopped: 0.0002335 seconds, Stopping threads took: 0.0000603 seconds
2017-04-24T18:09:50.936+0800: 8680.609: Total time for which application threads were stopped: 0.0002207 seconds, Stopping threads took: 0.0000629 seconds
2017-04-24T18:09:50.937+0800: 8680.609: Total time for which application threads were stopped: 0.0002553 seconds, Stopping threads took: 0.0000911 seconds
2017-04-24T18:09:50.946+0800: 8680.618: Total time for which application threads were stopped: 0.0002508 seconds, Stopping threads took: 0.0000414 seconds
2017-04-24T18:10:00.439+0800: 8690.111: Total time for which application threads were stopped: 0.0002765 seconds, Stopping threads took: 0.0000542 seconds
2017-04-24T18:10:00.440+0800: 8690.112: Total time for which application threads were stopped: 0.0002107 seconds, Stopping threads took: 0.0000385 seconds
2017-04-24T18:10:00.811+0800: 8690.483: Total time for which application threads were stopped: 0.0003111 seconds, Stopping threads took: 0.0000962 seconds
2017-04-24T18:10:00.811+0800: 8690.484: Total time for which application threads were stopped: 0.0001867 seconds, Stopping threads took: 0.0000334 seconds
2017-04-24T18:10:00.812+0800: 8690.485: Total time for which application threads were stopped: 0.0002438 seconds, Stopping threads took: 0.0000433 seconds
2017-04-24T18:10:00.812+0800: 8690.485: Total time for which application threads were stopped: 0.0001626 seconds, Stopping threads took: 0.0000279 seconds
2017-04-24T18:10:00.813+0800: 8690.485: Total time for which application threads were stopped: 0.0001815 seconds, Stopping threads took: 0.0000260 seconds
2017-04-24T18:10:00.813+0800: 8690.485: Total time for which application threads were stopped: 0.0001488 seconds, Stopping threads took: 0.0000269 seconds
2017-04-24T18:10:00.813+0800: 8690.485: Total time for which application threads were stopped: 0.0001982 seconds, Stopping threads took: 0.0000382 seconds
2017-04-24T18:10:00.824+0800: 8690.496: Total time for which application threads were stopped: 0.0002239 seconds, Stopping threads took: 0.0000439 seconds
2017-04-24T18:10:10.408+0800: 8700.081: Total time for which application threads were stopped: 0.0004805 seconds, Stopping threads took: 0.0000523 seconds
2017-04-24T18:10:10.439+0800: 8700.112: Total time for which application threads were stopped: 0.0002723 seconds, Stopping threads took: 0.0000558 seconds
2017-04-24T18:10:10.441+0800: 8700.113: Total time for which application threads were stopped: 0.0005020 seconds, Stopping threads took: 0.0000420 seconds
2017-04-24T18:10:10.736+0800: 8700.409: Total time for which application threads were stopped: 0.0003073 seconds, Stopping threads took: 0.0000593 seconds
2017-04-24T18:10:10.737+0800: 8700.409: Total time for which application threads were stopped: 0.0003204 seconds, Stopping threads took: 0.0001103 seconds
2017-04-24T18:10:10.738+0800: 8700.411: Total time for which application threads were stopped: 0.0002476 seconds, Stopping threads took: 0.0000834 seconds
2017-04-24T18:10:10.738+0800: 8700.411: Total time for which application threads were stopped: 0.0002383 seconds, Stopping threads took: 0.0000680 seconds
2017-04-24T18:10:10.739+0800: 8700.412: Total time for which application threads were stopped: 0.0002053 seconds, Stopping threads took: 0.0000609 seconds
2017-04-24T18:10:10.740+0800: 8700.412: Total time for which application threads were stopped: 0.0002345 seconds, Stopping threads took: 0.0000882 seconds
2017-04-24T18:10:10.740+0800: 8700.413: Total time for which application threads were stopped: 0.0002168 seconds, Stopping threads took: 0.0000783 seconds
2017-04-24T18:10:10.754+0800: 8700.427: Total time for which application threads were stopped: 0.0003275 seconds, Stopping threads took: 0.0000885 seconds
2017-04-24T18:10:20.436+0800: 8710.109: Total time for which application threads were stopped: 0.0001681 seconds, Stopping threads took: 0.0000324 seconds
2017-04-24T18:10:20.437+0800: 8710.110: Total time for which application threads were stopped: 0.0001007 seconds, Stopping threads took: 0.0000176 seconds
2017-04-24T18:10:20.690+0800: 8710.362: Total time for which application threads were stopped: 0.0002733 seconds, Stopping threads took: 0.0000581 seconds
2017-04-24T18:10:20.690+0800: 8710.363: Total time for which application threads were stopped: 0.0003310 seconds, Stopping threads took: 0.0001180 seconds
2017-04-24T18:10:20.691+0800: 8710.364: Total time for which application threads were stopped: 0.0002422 seconds, Stopping threads took: 0.0000395 seconds
2017-04-24T18:10:20.692+0800: 8710.364: Total time for which application threads were stopped: 0.0002486 seconds, Stopping threads took: 0.0000635 seconds
2017-04-24T18:10:20.692+0800: 8710.365: Total time for which application threads were stopped: 0.0002274 seconds, Stopping threads took: 0.0000747 seconds
2017-04-24T18:10:20.693+0800: 8710.365: Total time for which application threads were stopped: 0.0002967 seconds, Stopping threads took: 0.0001148 seconds
2017-04-24T18:10:20.693+0800: 8710.366: Total time for which application threads were stopped: 0.0002653 seconds, Stopping threads took: 0.0000802 seconds
2017-04-24T18:10:20.704+0800: 8710.377: Total time for which application threads were stopped: 0.0001838 seconds, Stopping threads took: 0.0000398 seconds
2017-04-24T18:10:30.441+0800: 8720.113: Total time for which application threads were stopped: 0.0002983 seconds, Stopping threads took: 0.0000632 seconds
2017-04-24T18:10:30.442+0800: 8720.114: Total time for which application threads were stopped: 0.0001546 seconds, Stopping threads took: 0.0000330 seconds
2017-04-24T18:10:30.724+0800: 8720.397: Total time for which application threads were stopped: 0.0005741 seconds, Stopping threads took: 0.0000500 seconds
2017-04-24T18:10:30.724+0800: 8720.397: Total time for which application threads were stopped: 0.0001504 seconds, Stopping threads took: 0.0000289 seconds
2017-04-24T18:10:30.724+0800: 8720.397: Total time for which application threads were stopped: 0.0002229 seconds, Stopping threads took: 0.0000427 seconds
2017-04-24T18:10:30.725+0800: 8720.397: Total time for which application threads were stopped: 0.0001841 seconds, Stopping threads took: 0.0000388 seconds
2017-04-24T18:10:30.725+0800: 8720.398: Total time for which application threads were stopped: 0.0004215 seconds, Stopping threads took: 0.0000298 seconds
2017-04-24T18:10:30.736+0800: 8720.409: Total time for which application threads were stopped: 0.0005642 seconds, Stopping threads took: 0.0000516 seconds
2017-04-24T18:10:40.439+0800: 8730.112: Total time for which application threads were stopped: 0.0002993 seconds, Stopping threads took: 0.0000680 seconds
2017-04-24T18:10:40.440+0800: 8730.113: Total time for which application threads were stopped: 0.0002053 seconds, Stopping threads took: 0.0000385 seconds
2017-04-24T18:10:40.783+0800: 8730.455: Total time for which application threads were stopped: 0.0003127 seconds, Stopping threads took: 0.0000876 seconds
2017-04-24T18:10:40.783+0800: 8730.456: Total time for which application threads were stopped: 0.0002810 seconds, Stopping threads took: 0.0000930 seconds
2017-04-24T18:10:40.783+0800: 8730.456: Total time for which application threads were stopped: 0.0002181 seconds, Stopping threads took: 0.0000658 seconds
2017-04-24T18:10:50.436+0800: 8740.109: Total time for which application threads were stopped: 0.0002091 seconds, Stopping threads took: 0.0000427 seconds
2017-04-24T18:10:50.437+0800: 8740.109: Total time for which application threads were stopped: 0.0001694 seconds, Stopping threads took: 0.0000350 seconds
2017-04-24T18:10:50.753+0800: 8740.426: Total time for which application threads were stopped: 0.0003230 seconds, Stopping threads took: 0.0000927 seconds
2017-04-24T18:10:50.754+0800: 8740.426: Total time for which application threads were stopped: 0.0002511 seconds, Stopping threads took: 0.0000888 seconds
2017-04-24T18:10:50.754+0800: 8740.427: Total time for which application threads were stopped: 0.0001742 seconds, Stopping threads took: 0.0000334 seconds
2017-04-24T18:10:50.755+0800: 8740.428: Total time for which application threads were stopped: 0.0002370 seconds, Stopping threads took: 0.0000401 seconds
2017-04-24T18:10:50.755+0800: 8740.428: Total time for which application threads were stopped: 0.0001617 seconds, Stopping threads took: 0.0000273 seconds
2017-04-24T18:10:50.755+0800: 8740.428: Total time for which application threads were stopped: 0.0001475 seconds, Stopping threads took: 0.0000253 seconds
2017-04-24T18:10:50.756+0800: 8740.428: Total time for which application threads were stopped: 0.0002072 seconds, Stopping threads took: 0.0000253 seconds
2017-04-24T18:10:50.757+0800: 8740.429: Total time for which application threads were stopped: 0.0006633 seconds, Stopping threads took: 0.0005129 seconds
2017-04-24T18:11:00.415+0800: 8750.088: Total time for which application threads were stopped: 0.0001171 seconds, Stopping threads took: 0.0000212 seconds
2017-04-24T18:11:00.415+0800: 8750.088: Total time for which application threads were stopped: 0.0000863 seconds, Stopping threads took: 0.0000160 seconds
2017-04-24T18:11:00.723+0800: 8750.396: Total time for which application threads were stopped: 0.0003092 seconds, Stopping threads took: 0.0000847 seconds
2017-04-24T18:11:00.724+0800: 8750.396: Total time for which application threads were stopped: 0.0002556 seconds, Stopping threads took: 0.0000921 seconds
2017-04-24T18:11:00.724+0800: 8750.396: Total time for which application threads were stopped: 0.0002075 seconds, Stopping threads took: 0.0000619 seconds
2017-04-24T18:11:00.725+0800: 8750.397: Total time for which application threads were stopped: 0.0001883 seconds, Stopping threads took: 0.0000337 seconds
2017-04-24T18:11:00.725+0800: 8750.398: Total time for which application threads were stopped: 0.0002332 seconds, Stopping threads took: 0.0000423 seconds
2017-04-24T18:11:00.725+0800: 8750.398: Total time for which application threads were stopped: 0.0001989 seconds, Stopping threads took: 0.0000388 seconds
2017-04-24T18:11:00.726+0800: 8750.398: Total time for which application threads were stopped: 0.0001825 seconds, Stopping threads took: 0.0000330 seconds
2017-04-24T18:11:00.726+0800: 8750.398: Total time for which application threads were stopped: 0.0001745 seconds, Stopping threads took: 0.0000334 seconds
2017-04-24T18:11:10.743+0800: 8760.416: Total time for which application threads were stopped: 0.0001463 seconds, Stopping threads took: 0.0000314 seconds
2017-04-24T18:11:10.743+0800: 8760.416: Total time for which application threads were stopped: 0.0001036 seconds, Stopping threads took: 0.0000420 seconds
2017-04-24T18:11:10.744+0800: 8760.417: Total time for which application threads were stopped: 0.0001694 seconds, Stopping threads took: 0.0000324 seconds
2017-04-24T18:11:10.745+0800: 8760.417: Total time for which application threads were stopped: 0.0001447 seconds, Stopping threads took: 0.0000301 seconds
2017-04-24T18:11:10.745+0800: 8760.417: Total time for which application threads were stopped: 0.0001184 seconds, Stopping threads took: 0.0000170 seconds
2017-04-24T18:11:10.745+0800: 8760.417: Total time for which application threads were stopped: 0.0001309 seconds, Stopping threads took: 0.0000301 seconds
2017-04-24T18:11:10.745+0800: 8760.418: Total time for which application threads were stopped: 0.0001318 seconds, Stopping threads took: 0.0000375 seconds
2017-04-24T18:11:20.437+0800: 8770.109: Total time for which application threads were stopped: 0.0002499 seconds, Stopping threads took: 0.0000395 seconds
2017-04-24T18:11:20.437+0800: 8770.110: Total time for which application threads were stopped: 0.0001341 seconds, Stopping threads took: 0.0000218 seconds
2017-04-24T18:11:20.782+0800: 8770.455: Total time for which application threads were stopped: 0.0003185 seconds, Stopping threads took: 0.0000799 seconds
2017-04-24T18:11:20.784+0800: 8770.457: Total time for which application threads were stopped: 0.0002582 seconds, Stopping threads took: 0.0000430 seconds
2017-04-24T18:11:20.784+0800: 8770.457: Total time for which application threads were stopped: 0.0001684 seconds, Stopping threads took: 0.0000260 seconds
2017-04-24T18:11:20.784+0800: 8770.457: Total time for which application threads were stopped: 0.0001482 seconds, Stopping threads took: 0.0000247 seconds
2017-04-24T18:11:20.784+0800: 8770.457: Total time for which application threads were stopped: 0.0001456 seconds, Stopping threads took: 0.0000250 seconds
2017-04-24T18:11:20.785+0800: 8770.457: Total time for which application threads were stopped: 0.0001485 seconds, Stopping threads took: 0.0000279 seconds
{Heap before GC invocations=84 (full 2):
 par new generation   total 109248K, used 92030K [0x00000000e0000000, 0x00000000e8000000, 0x00000000e8000000)
  eden space 87424K, 100% used [0x00000000e0000000, 0x00000000e5560000, 0x00000000e5560000)
  from space 21824K,  21% used [0x00000000e5560000, 0x00000000e59dfa98, 0x00000000e6ab0000)
  to   space 21824K,   0% used [0x00000000e6ab0000, 0x00000000e6ab0000, 0x00000000e8000000)
 concurrent mark-sweep generation total 393216K, used 19056K [0x00000000e8000000, 0x0000000100000000, 0x0000000100000000)
 Metaspace       used 42692K, capacity 43480K, committed 43800K, reserved 1087488K
  class space    used 4602K, capacity 4830K, committed 4940K, reserved 1048576K
2017-04-24T18:11:30.434+0800: 8780.106: [GC (Allocation Failure) 2017-04-24T18:11:30.434+0800: 8780.106: [ParNew
Desired survivor size 20112992 bytes, new threshold 8 (max 8)
- age   1:    2923968 bytes,    2923968 total
- age   2:     694872 bytes,    3618840 total
- age   3:      68992 bytes,    3687832 total
- age   4:      13040 bytes,    3700872 total
- age   5:      11632 bytes,    3712504 total
- age   6:      12208 bytes,    3724712 total
- age   7:      14184 bytes,    3738896 total
- age   8:      12120 bytes,    3751016 total
: 92030K->5392K(109248K), 0.0121185 secs] 111086K->24471K(502464K), 0.0122952 secs] [Times: user=0.06 sys=0.00, real=0.01 secs] 
Heap after GC invocations=85 (full 2):
 par new generation   total 109248K, used 5392K [0x00000000e0000000, 0x00000000e8000000, 0x00000000e8000000)
  eden space 87424K,   0% used [0x00000000e0000000, 0x00000000e0000000, 0x00000000e5560000)
  from space 21824K,  24% used [0x00000000e6ab0000, 0x00000000e6ff41d8, 0x00000000e8000000)
  to   space 21824K,   0% used [0x00000000e5560000, 0x00000000e5560000, 0x00000000e6ab0000)
 concurrent mark-sweep generation total 393216K, used 19078K [0x00000000e8000000, 0x0000000100000000, 0x0000000100000000)
 Metaspace       used 42692K, capacity 43480K, committed 43800K, reserved 1087488K
  class space    used 4602K, capacity 4830K, committed 4940K, reserved 1048576K
}
2017-04-24T18:11:30.446+0800: 8780.119: Total time for which application threads were stopped: 0.0129101 seconds, Stopping threads took: 0.0000799 seconds
2017-04-24T18:11:30.447+0800: 8780.120: Total time for which application threads were stopped: 0.0006453 seconds, Stopping threads took: 0.0000786 seconds
2017-04-24T18:11:30.451+0800: 8780.124: Total time for which application threads were stopped: 0.0001126 seconds, Stopping threads took: 0.0000218 seconds
2017-04-24T18:11:30.452+0800: 8780.124: Total time for which application threads were stopped: 0.0000911 seconds, Stopping threads took: 0.0000154 seconds
2017-04-24T18:11:30.749+0800: 8780.422: Total time for which application threads were stopped: 0.0002729 seconds, Stopping threads took: 0.0000590 seconds
2017-04-24T18:11:30.749+0800: 8780.422: Total time for which application threads were stopped: 0.0002999 seconds, Stopping threads took: 0.0001017 seconds
2017-04-24T18:11:30.750+0800: 8780.422: Total time for which application threads were stopped: 0.0001812 seconds, Stopping threads took: 0.0000340 seconds
2017-04-24T18:11:30.751+0800: 8780.423: Total time for which application threads were stopped: 0.0002030 seconds, Stopping threads took: 0.0000359 seconds
2017-04-24T18:11:30.751+0800: 8780.424: Total time for which application threads were stopped: 0.0001600 seconds, Stopping threads took: 0.0000263 seconds
2017-04-24T18:11:30.751+0800: 8780.424: Total time for which application threads were stopped: 0.0001857 seconds, Stopping threads took: 0.0000356 seconds
2017-04-24T18:11:30.752+0800: 8780.424: Total time for which application threads were stopped: 0.0001520 seconds, Stopping threads took: 0.0000263 seconds
2017-04-24T18:11:30.752+0800: 8780.424: Total time for which application threads were stopped: 0.0001411 seconds, Stopping threads took: 0.0000257 seconds
2017-04-24T18:11:40.438+0800: 8790.111: Total time for which application threads were stopped: 0.0002890 seconds, Stopping threads took: 0.0000545 seconds
2017-04-24T18:11:40.439+0800: 8790.112: Total time for which application threads were stopped: 0.0002563 seconds, Stopping threads took: 0.0000468 seconds
2017-04-24T18:11:40.750+0800: 8790.423: Total time for which application threads were stopped: 0.0002970 seconds, Stopping threads took: 0.0000600 seconds
2017-04-24T18:11:40.751+0800: 8790.423: Total time for which application threads were stopped: 0.0002685 seconds, Stopping threads took: 0.0000914 seconds
2017-04-24T18:11:40.751+0800: 8790.423: Total time for which application threads were stopped: 0.0002229 seconds, Stopping threads took: 0.0000699 seconds
2017-04-24T18:11:40.752+0800: 8790.425: Total time for which application threads were stopped: 0.0002499 seconds, Stopping threads took: 0.0000427 seconds
2017-04-24T18:11:40.752+0800: 8790.425: Total time for which application threads were stopped: 0.0001745 seconds, Stopping threads took: 0.0000266 seconds
2017-04-24T18:11:40.752+0800: 8790.425: Total time for which application threads were stopped: 0.0001549 seconds, Stopping threads took: 0.0000298 seconds
2017-04-24T18:11:40.753+0800: 8790.425: Total time for which application threads were stopped: 0.0001767 seconds, Stopping threads took: 0.0000295 seconds
2017-04-24T18:11:40.754+0800: 8790.426: Total time for which application threads were stopped: 0.0005000 seconds, Stopping threads took: 0.0000257 seconds
2017-04-24T18:11:50.435+0800: 8800.108: Total time for which application threads were stopped: 0.0001617 seconds, Stopping threads took: 0.0000330 seconds
2017-04-24T18:11:50.435+0800: 8800.108: Total time for which application threads were stopped: 0.0001421 seconds, Stopping threads took: 0.0000263 seconds
2017-04-24T18:11:50.769+0800: 8800.441: Total time for which application threads were stopped: 0.0002691 seconds, Stopping threads took: 0.0000574 seconds
2017-04-24T18:11:50.769+0800: 8800.442: Total time for which application threads were stopped: 0.0002598 seconds, Stopping threads took: 0.0000888 seconds
2017-04-24T18:11:50.770+0800: 8800.442: Total time for which application threads were stopped: 0.0002274 seconds, Stopping threads took: 0.0000706 seconds
2017-04-24T18:11:50.771+0800: 8800.443: Total time for which application threads were stopped: 0.0002396 seconds, Stopping threads took: 0.0000427 seconds
2017-04-24T18:12:00.438+0800: 8810.110: Total time for which application threads were stopped: 0.0002659 seconds, Stopping threads took: 0.0000548 seconds
2017-04-24T18:12:00.439+0800: 8810.111: Total time for which application threads were stopped: 0.0001912 seconds, Stopping threads took: 0.0000330 seconds
2017-04-24T18:12:00.796+0800: 8810.469: Total time for which application threads were stopped: 0.0002755 seconds, Stopping threads took: 0.0000574 seconds
2017-04-24T18:12:00.796+0800: 8810.469: Total time for which application threads were stopped: 0.0003098 seconds, Stopping threads took: 0.0001046 seconds
2017-04-24T18:12:00.796+0800: 8810.469: Total time for which application threads were stopped: 0.0001751 seconds, Stopping threads took: 0.0000346 seconds
2017-04-24T18:12:00.797+0800: 8810.470: Total time for which application threads were stopped: 0.0002040 seconds, Stopping threads took: 0.0000369 seconds
2017-04-24T18:12:00.798+0800: 8810.470: Total time for which application threads were stopped: 0.0001565 seconds, Stopping threads took: 0.0000263 seconds
2017-04-24T18:12:00.798+0800: 8810.471: Total time for which application threads were stopped: 0.0001450 seconds, Stopping threads took: 0.0000257 seconds
2017-04-24T18:12:00.798+0800: 8810.471: Total time for which application threads were stopped: 0.0001389 seconds, Stopping threads took: 0.0000237 seconds
2017-04-24T18:12:00.798+0800: 8810.471: Total time for which application threads were stopped: 0.0001950 seconds, Stopping threads took: 0.0000398 seconds
2017-04-24T18:12:10.439+0800: 8820.112: Total time for which application threads were stopped: 0.0002543 seconds, Stopping threads took: 0.0000536 seconds
2017-04-24T18:12:10.440+0800: 8820.113: Total time for which application threads were stopped: 0.0002486 seconds, Stopping threads took: 0.0000500 seconds
2017-04-24T18:12:10.763+0800: 8820.436: Total time for which application threads were stopped: 0.0002646 seconds, Stopping threads took: 0.0000587 seconds
2017-04-24T18:12:10.765+0800: 8820.437: Total time for which application threads were stopped: 0.0002611 seconds, Stopping threads took: 0.0000481 seconds
2017-04-24T18:12:10.765+0800: 8820.438: Total time for which application threads were stopped: 0.0002313 seconds, Stopping threads took: 0.0000433 seconds
2017-04-24T18:12:10.765+0800: 8820.438: Total time for which application threads were stopped: 0.0001921 seconds, Stopping threads took: 0.0000395 seconds
2017-04-24T18:12:10.765+0800: 8820.438: Total time for which application threads were stopped: 0.0002033 seconds, Stopping threads took: 0.0000411 seconds
2017-04-24T18:12:10.766+0800: 8820.438: Total time for which application threads were stopped: 0.0001745 seconds, Stopping threads took: 0.0000330 seconds
2017-04-24T18:12:10.775+0800: 8820.448: Total time for which application threads were stopped: 0.0002232 seconds, Stopping threads took: 0.0000427 seconds
2017-04-24T18:12:20.436+0800: 8830.108: Total time for which application threads were stopped: 0.0001645 seconds, Stopping threads took: 0.0000334 seconds
2017-04-24T18:12:20.436+0800: 8830.109: Total time for which application threads were stopped: 0.0001155 seconds, Stopping threads took: 0.0000192 seconds
2017-04-24T18:12:20.809+0800: 8830.481: Total time for which application threads were stopped: 0.0002912 seconds, Stopping threads took: 0.0000670 seconds
2017-04-24T18:12:20.809+0800: 8830.482: Total time for which application threads were stopped: 0.0002572 seconds, Stopping threads took: 0.0000465 seconds
2017-04-24T18:12:20.810+0800: 8830.483: Total time for which application threads were stopped: 0.0002284 seconds, Stopping threads took: 0.0000385 seconds
2017-04-24T18:12:20.810+0800: 8830.483: Total time for which application threads were stopped: 0.0002296 seconds, Stopping threads took: 0.0000423 seconds
2017-04-24T18:12:20.811+0800: 8830.483: Total time for which application threads were stopped: 0.0002104 seconds, Stopping threads took: 0.0000385 seconds
2017-04-24T18:12:20.811+0800: 8830.484: Total time for which application threads were stopped: 0.0001652 seconds, Stopping threads took: 0.0000273 seconds
2017-04-24T18:12:20.811+0800: 8830.484: Total time for which application threads were stopped: 0.0001517 seconds, Stopping threads took: 0.0000276 seconds
2017-04-24T18:12:20.821+0800: 8830.494: Total time for which application threads were stopped: 0.0002425 seconds, Stopping threads took: 0.0000449 seconds
2017-04-24T18:12:30.454+0800: 8840.126: Total time for which application threads were stopped: 0.0002720 seconds, Stopping threads took: 0.0000555 seconds
2017-04-24T18:12:30.455+0800: 8840.127: Total time for which application threads were stopped: 0.0002390 seconds, Stopping threads took: 0.0000468 seconds
2017-04-24T18:12:30.818+0800: 8840.491: Total time for which application threads were stopped: 0.0003214 seconds, Stopping threads took: 0.0000779 seconds
2017-04-24T18:12:30.819+0800: 8840.491: Total time for which application threads were stopped: 0.0003021 seconds, Stopping threads took: 0.0000802 seconds
2017-04-24T18:12:30.821+0800: 8840.493: Total time for which application threads were stopped: 0.0002579 seconds, Stopping threads took: 0.0000664 seconds
2017-04-24T18:12:30.821+0800: 8840.494: Total time for which application threads were stopped: 0.0002114 seconds, Stopping threads took: 0.0000552 seconds
2017-04-24T18:12:30.821+0800: 8840.494: Total time for which application threads were stopped: 0.0001658 seconds, Stopping threads took: 0.0000337 seconds
2017-04-24T18:12:30.822+0800: 8840.494: Total time for which application threads were stopped: 0.0002508 seconds, Stopping threads took: 0.0001203 seconds
2017-04-24T18:12:30.822+0800: 8840.494: Total time for which application threads were stopped: 0.0002191 seconds, Stopping threads took: 0.0000491 seconds
2017-04-24T18:12:30.833+0800: 8840.505: Total time for which application threads were stopped: 0.0002428 seconds, Stopping threads took: 0.0000462 seconds
2017-04-24T18:12:31.833+0800: 8841.506: Total time for which application threads were stopped: 0.0002255 seconds, Stopping threads took: 0.0000542 seconds
2017-04-24T18:12:40.438+0800: 8850.111: Total time for which application threads were stopped: 0.0002688 seconds, Stopping threads took: 0.0000584 seconds
2017-04-24T18:12:40.439+0800: 8850.112: Total time for which application threads were stopped: 0.0001998 seconds, Stopping threads took: 0.0000356 seconds
2017-04-24T18:12:40.760+0800: 8850.432: Total time for which application threads were stopped: 0.0002678 seconds, Stopping threads took: 0.0000603 seconds
2017-04-24T18:12:40.760+0800: 8850.432: Total time for which application threads were stopped: 0.0002386 seconds, Stopping threads took: 0.0000779 seconds
2017-04-24T18:12:40.761+0800: 8850.433: Total time for which application threads were stopped: 0.0002402 seconds, Stopping threads took: 0.0000414 seconds
2017-04-24T18:12:40.761+0800: 8850.434: Total time for which application threads were stopped: 0.0001649 seconds, Stopping threads took: 0.0000273 seconds
2017-04-24T18:12:40.761+0800: 8850.434: Total time for which application threads were stopped: 0.0001931 seconds, Stopping threads took: 0.0000372 seconds
2017-04-24T18:12:40.762+0800: 8850.434: Total time for which application threads were stopped: 0.0001552 seconds, Stopping threads took: 0.0000285 seconds
2017-04-24T18:12:40.762+0800: 8850.434: Total time for which application threads were stopped: 0.0001414 seconds, Stopping threads took: 0.0000247 seconds
2017-04-24T18:12:40.772+0800: 8850.444: Total time for which application threads were stopped: 0.0001908 seconds, Stopping threads took: 0.0000375 seconds
2017-04-24T18:12:50.436+0800: 8860.108: Total time for which application threads were stopped: 0.0001738 seconds, Stopping threads took: 0.0000337 seconds
2017-04-24T18:12:50.436+0800: 8860.109: Total time for which application threads were stopped: 0.0000847 seconds, Stopping threads took: 0.0000144 seconds
2017-04-24T18:12:50.802+0800: 8860.474: Total time for which application threads were stopped: 0.0003419 seconds, Stopping threads took: 0.0001055 seconds
2017-04-24T18:12:50.802+0800: 8860.475: Total time for which application threads were stopped: 0.0002332 seconds, Stopping threads took: 0.0000334 seconds
2017-04-24T18:12:50.803+0800: 8860.476: Total time for which application threads were stopped: 0.0002473 seconds, Stopping threads took: 0.0000433 seconds
2017-04-24T18:12:50.803+0800: 8860.476: Total time for which application threads were stopped: 0.0002248 seconds, Stopping threads took: 0.0000417 seconds
2017-04-24T18:12:50.804+0800: 8860.476: Total time for which application threads were stopped: 0.0001735 seconds, Stopping threads took: 0.0000269 seconds
2017-04-24T18:12:50.804+0800: 8860.476: Total time for which application threads were stopped: 0.0001591 seconds, Stopping threads took: 0.0000260 seconds
2017-04-24T18:12:50.804+0800: 8860.477: Total time for which application threads were stopped: 0.0005289 seconds, Stopping threads took: 0.0000356 seconds
2017-04-24T18:12:50.815+0800: 8860.487: Total time for which application threads were stopped: 0.0002444 seconds, Stopping threads took: 0.0000481 seconds
2017-04-24T18:13:00.438+0800: 8870.111: Total time for which application threads were stopped: 0.0002723 seconds, Stopping threads took: 0.0000548 seconds
2017-04-24T18:13:00.439+0800: 8870.112: Total time for which application threads were stopped: 0.0001443 seconds, Stopping threads took: 0.0000263 seconds
2017-04-24T18:13:00.808+0800: 8870.481: Total time for which application threads were stopped: 0.0002829 seconds, Stopping threads took: 0.0000590 seconds
2017-04-24T18:13:00.809+0800: 8870.481: Total time for which application threads were stopped: 0.0001915 seconds, Stopping threads took: 0.0000500 seconds
2017-04-24T18:13:00.810+0800: 8870.482: Total time for which application threads were stopped: 0.0001626 seconds, Stopping threads took: 0.0000292 seconds
2017-04-24T18:13:00.821+0800: 8870.494: Total time for which application threads were stopped: 0.0003342 seconds, Stopping threads took: 0.0000818 seconds
{Heap before GC invocations=85 (full 2):
 par new generation   total 109248K, used 92728K [0x00000000e0000000, 0x00000000e8000000, 0x00000000e8000000)
  eden space 87424K,  99% used [0x00000000e0000000, 0x00000000e5549ef8, 0x00000000e5560000)
  from space 21824K,  24% used [0x00000000e6ab0000, 0x00000000e6ff41d8, 0x00000000e8000000)
  to   space 21824K,   0% used [0x00000000e5560000, 0x00000000e5560000, 0x00000000e6ab0000)
 concurrent mark-sweep generation total 393216K, used 19078K [0x00000000e8000000, 0x0000000100000000, 0x0000000100000000)
 Metaspace       used 42692K, capacity 43480K, committed 43800K, reserved 1087488K
  class space    used 4602K, capacity 4830K, committed 4940K, reserved 1048576K
2017-04-24T18:13:10.434+0800: 8880.106: [GC (Allocation Failure) 2017-04-24T18:13:10.434+0800: 8880.106: [ParNew
Desired survivor size 20112992 bytes, new threshold 8 (max 8)
- age   1:    2872928 bytes,    2872928 total
- age   2:     695656 bytes,    3568584 total
- age   3:      69160 bytes,    3637744 total
- age   4:      13072 bytes,    3650816 total
- age   5:      12072 bytes,    3662888 total
- age   6:      11632 bytes,    3674520 total
- age   7:      12208 bytes,    3686728 total
- age   8:      14184 bytes,    3700912 total
: 92728K->4480K(109248K), 0.0089749 secs] 111807K->23570K(502464K), 0.0091347 secs] [Times: user=0.00 sys=0.00, real=0.01 secs] 
Heap after GC invocations=86 (full 2):
 par new generation   total 109248K, used 4480K [0x00000000e0000000, 0x00000000e8000000, 0x00000000e8000000)
  eden space 87424K,   0% used [0x00000000e0000000, 0x00000000e0000000, 0x00000000e5560000)
  from space 21824K,  20% used [0x00000000e5560000, 0x00000000e59c0030, 0x00000000e6ab0000)
  to   space 21824K,   0% used [0x00000000e6ab0000, 0x00000000e6ab0000, 0x00000000e8000000)
 concurrent mark-sweep generation total 393216K, used 19090K [0x00000000e8000000, 0x0000000100000000, 0x0000000100000000)
 Metaspace       used 42692K, capacity 43480K, committed 43800K, reserved 1087488K
  class space    used 4602K, capacity 4830K, committed 4940K, reserved 1048576K
}
2017-04-24T18:13:10.443+0800: 8880.116: Total time for which application threads were stopped: 0.0095898 seconds, Stopping threads took: 0.0000510 seconds
2017-04-24T18:13:10.443+0800: 8880.116: Total time for which application threads were stopped: 0.0001655 seconds, Stopping threads took: 0.0000494 seconds
2017-04-24T18:13:10.444+0800: 8880.116: Total time for which application threads were stopped: 0.0001209 seconds, Stopping threads took: 0.0000529 seconds
2017-04-24T18:13:10.444+0800: 8880.116: Total time for which application threads were stopped: 0.0001030 seconds, Stopping threads took: 0.0000359 seconds
2017-04-24T18:13:10.444+0800: 8880.116: Total time for which application threads were stopped: 0.0000901 seconds, Stopping threads took: 0.0000330 seconds
2017-04-24T18:13:10.444+0800: 8880.117: Total time for which application threads were stopped: 0.0000815 seconds, Stopping threads took: 0.0000180 seconds
2017-04-24T18:13:10.445+0800: 8880.117: Total time for which application threads were stopped: 0.0000908 seconds, Stopping threads took: 0.0000340 seconds
2017-04-24T18:13:10.445+0800: 8880.117: Total time for which application threads were stopped: 0.0001158 seconds, Stopping threads took: 0.0000208 seconds
2017-04-24T18:13:10.445+0800: 8880.118: Total time for which application threads were stopped: 0.0000930 seconds, Stopping threads took: 0.0000260 seconds
2017-04-24T18:13:10.445+0800: 8880.118: Total time for which application threads were stopped: 0.0000953 seconds, Stopping threads took: 0.0000334 seconds
2017-04-24T18:13:10.446+0800: 8880.118: Total time for which application threads were stopped: 0.0000847 seconds, Stopping threads took: 0.0000273 seconds
2017-04-24T18:13:10.446+0800: 8880.118: Total time for which application threads were stopped: 0.0001081 seconds, Stopping threads took: 0.0000356 seconds
2017-04-24T18:13:10.446+0800: 8880.118: Total time for which application threads were stopped: 0.0001081 seconds, Stopping threads took: 0.0000285 seconds
2017-04-24T18:13:10.446+0800: 8880.119: Total time for which application threads were stopped: 0.0000904 seconds, Stopping threads took: 0.0000285 seconds
2017-04-24T18:13:10.446+0800: 8880.119: Total time for which application threads were stopped: 0.0001004 seconds, Stopping threads took: 0.0000276 seconds
2017-04-24T18:13:10.447+0800: 8880.119: Total time for which application threads were stopped: 0.0001046 seconds, Stopping threads took: 0.0000395 seconds
2017-04-24T18:13:10.447+0800: 8880.119: Total time for which application threads were stopped: 0.0001001 seconds, Stopping threads took: 0.0000401 seconds
2017-04-24T18:13:10.447+0800: 8880.119: Total time for which application threads were stopped: 0.0000856 seconds, Stopping threads took: 0.0000298 seconds
2017-04-24T18:13:10.447+0800: 8880.119: Total time for which application threads were stopped: 0.0000744 seconds, Stopping threads took: 0.0000218 seconds
2017-04-24T18:13:10.447+0800: 8880.120: Total time for which application threads were stopped: 0.0000702 seconds, Stopping threads took: 0.0000138 seconds
2017-04-24T18:13:10.447+0800: 8880.120: Total time for which application threads were stopped: 0.0000654 seconds, Stopping threads took: 0.0000141 seconds
2017-04-24T18:13:10.448+0800: 8880.120: Total time for which application threads were stopped: 0.0000879 seconds, Stopping threads took: 0.0000160 seconds
2017-04-24T18:13:10.448+0800: 8880.120: Total time for which application threads were stopped: 0.0000763 seconds, Stopping threads took: 0.0000160 seconds
2017-04-24T18:13:10.741+0800: 8880.413: Total time for which application threads were stopped: 0.0002903 seconds, Stopping threads took: 0.0000584 seconds
2017-04-24T18:13:10.741+0800: 8880.414: Total time for which application threads were stopped: 0.0001706 seconds, Stopping threads took: 0.0000343 seconds
2017-04-24T18:13:10.742+0800: 8880.415: Total time for which application threads were stopped: 0.0002306 seconds, Stopping threads took: 0.0000433 seconds
2017-04-24T18:13:10.742+0800: 8880.415: Total time for which application threads were stopped: 0.0001456 seconds, Stopping threads took: 0.0000266 seconds
2017-04-24T18:13:10.743+0800: 8880.415: Total time for which application threads were stopped: 0.0001620 seconds, Stopping threads took: 0.0000244 seconds
2017-04-24T18:13:10.743+0800: 8880.415: Total time for which application threads were stopped: 0.0001354 seconds, Stopping threads took: 0.0000244 seconds
2017-04-24T18:13:10.743+0800: 8880.415: Total time for which application threads were stopped: 0.0001337 seconds, Stopping threads took: 0.0000247 seconds
2017-04-24T18:13:10.754+0800: 8880.426: Total time for which application threads were stopped: 0.0002646 seconds, Stopping threads took: 0.0000520 seconds
2017-04-24T18:13:20.421+0800: 8890.094: Total time for which application threads were stopped: 0.0002672 seconds, Stopping threads took: 0.0000266 seconds
2017-04-24T18:13:20.422+0800: 8890.094: Total time for which application threads were stopped: 0.0000709 seconds, Stopping threads took: 0.0000144 seconds
2017-04-24T18:13:20.733+0800: 8890.406: Total time for which application threads were stopped: 0.0002640 seconds, Stopping threads took: 0.0000584 seconds
2017-04-24T18:13:20.734+0800: 8890.406: Total time for which application threads were stopped: 0.0001892 seconds, Stopping threads took: 0.0000539 seconds
2017-04-24T18:13:20.735+0800: 8890.407: Total time for which application threads were stopped: 0.0002296 seconds, Stopping threads took: 0.0000417 seconds
2017-04-24T18:13:20.735+0800: 8890.407: Total time for which application threads were stopped: 0.0001434 seconds, Stopping threads took: 0.0000253 seconds
2017-04-24T18:13:20.735+0800: 8890.407: Total time for which application threads were stopped: 0.0001341 seconds, Stopping threads took: 0.0000244 seconds
2017-04-24T18:13:20.735+0800: 8890.408: Total time for which application threads were stopped: 0.0001883 seconds, Stopping threads took: 0.0000385 seconds
2017-04-24T18:13:20.735+0800: 8890.408: Total time for which application threads were stopped: 0.0001447 seconds, Stopping threads took: 0.0000266 seconds
2017-04-24T18:13:20.746+0800: 8890.418: Total time for which application threads were stopped: 0.0002454 seconds, Stopping threads took: 0.0000510 seconds
2017-04-24T18:13:30.792+0800: 8900.465: Total time for which application threads were stopped: 0.0003352 seconds, Stopping threads took: 0.0000561 seconds
2017-04-24T18:13:30.793+0800: 8900.465: Total time for which application threads were stopped: 0.0002306 seconds, Stopping threads took: 0.0000176 seconds
2017-04-24T18:13:30.793+0800: 8900.465: Total time for which application threads were stopped: 0.0001370 seconds, Stopping threads took: 0.0000212 seconds
2017-04-24T18:13:30.793+0800: 8900.466: Total time for which application threads were stopped: 0.0001081 seconds, Stopping threads took: 0.0000125 seconds
2017-04-24T18:13:30.793+0800: 8900.466: Total time for which application threads were stopped: 0.0001023 seconds, Stopping threads took: 0.0000125 seconds
2017-04-24T18:13:30.794+0800: 8900.466: Total time for which application threads were stopped: 0.0001023 seconds, Stopping threads took: 0.0000112 seconds
2017-04-24T18:13:30.794+0800: 8900.466: Total time for which application threads were stopped: 0.0000924 seconds, Stopping threads took: 0.0000112 seconds
2017-04-24T18:13:30.801+0800: 8900.474: Total time for which application threads were stopped: 0.0001344 seconds, Stopping threads took: 0.0000241 seconds
2017-04-24T18:13:40.439+0800: 8910.112: Total time for which application threads were stopped: 0.0002563 seconds, Stopping threads took: 0.0000539 seconds
2017-04-24T18:13:40.440+0800: 8910.113: Total time for which application threads were stopped: 0.0001828 seconds, Stopping threads took: 0.0000334 seconds
2017-04-24T18:13:40.755+0800: 8910.427: Total time for which application threads were stopped: 0.0002672 seconds, Stopping threads took: 0.0000584 seconds
2017-04-24T18:13:40.755+0800: 8910.427: Total time for which application threads were stopped: 0.0002287 seconds, Stopping threads took: 0.0000504 seconds
2017-04-24T18:13:40.755+0800: 8910.428: Total time for which application threads were stopped: 0.0001908 seconds, Stopping threads took: 0.0000468 seconds
2017-04-24T18:13:40.756+0800: 8910.428: Total time for which application threads were stopped: 0.0002001 seconds, Stopping threads took: 0.0000529 seconds
2017-04-24T18:13:40.756+0800: 8910.428: Total time for which application threads were stopped: 0.0001748 seconds, Stopping threads took: 0.0000372 seconds
2017-04-24T18:13:40.769+0800: 8910.441: Total time for which application threads were stopped: 0.0002778 seconds, Stopping threads took: 0.0000625 seconds
2017-04-24T18:13:50.410+0800: 8920.082: Total time for which application threads were stopped: 0.0004683 seconds, Stopping threads took: 0.0000529 seconds
2017-04-24T18:13:50.437+0800: 8920.109: Total time for which application threads were stopped: 0.0001841 seconds, Stopping threads took: 0.0000305 seconds
2017-04-24T18:13:50.437+0800: 8920.109: Total time for which application threads were stopped: 0.0001206 seconds, Stopping threads took: 0.0000186 seconds
2017-04-24T18:13:50.792+0800: 8920.465: Total time for which application threads were stopped: 0.0003015 seconds, Stopping threads took: 0.0000565 seconds
2017-04-24T18:13:50.792+0800: 8920.465: Total time for which application threads were stopped: 0.0002678 seconds, Stopping threads took: 0.0000513 seconds
2017-04-24T18:13:50.792+0800: 8920.465: Total time for which application threads were stopped: 0.0001819 seconds, Stopping threads took: 0.0000285 seconds
2017-04-24T18:13:50.793+0800: 8920.465: Total time for which application threads were stopped: 0.0002017 seconds, Stopping threads took: 0.0000385 seconds
2017-04-24T18:13:50.793+0800: 8920.466: Total time for which application threads were stopped: 0.0002627 seconds, Stopping threads took: 0.0001074 seconds
2017-04-24T18:13:50.802+0800: 8920.475: Total time for which application threads were stopped: 0.0002078 seconds, Stopping threads took: 0.0000372 seconds
2017-04-24T18:14:00.439+0800: 8930.111: Total time for which application threads were stopped: 0.0002758 seconds, Stopping threads took: 0.0000561 seconds
2017-04-24T18:14:00.439+0800: 8930.112: Total time for which application threads were stopped: 0.0001902 seconds, Stopping threads took: 0.0000327 seconds
2017-04-24T18:14:00.773+0800: 8930.446: Total time for which application threads were stopped: 0.0002717 seconds, Stopping threads took: 0.0000523 seconds
2017-04-24T18:14:00.774+0800: 8930.446: Total time for which application threads were stopped: 0.0002521 seconds, Stopping threads took: 0.0000468 seconds
2017-04-24T18:14:00.774+0800: 8930.446: Total time for which application threads were stopped: 0.0002120 seconds, Stopping threads took: 0.0000401 seconds
2017-04-24T18:14:00.774+0800: 8930.446: Total time for which application threads were stopped: 0.0001815 seconds, Stopping threads took: 0.0000353 seconds
2017-04-24T18:14:00.775+0800: 8930.447: Total time for which application threads were stopped: 0.0005449 seconds, Stopping threads took: 0.0000638 seconds
2017-04-24T18:14:00.784+0800: 8930.457: Total time for which application threads were stopped: 0.0001536 seconds, Stopping threads took: 0.0000305 seconds
2017-04-24T18:14:10.437+0800: 8940.110: Total time for which application threads were stopped: 0.0002839 seconds, Stopping threads took: 0.0000513 seconds
2017-04-24T18:14:10.439+0800: 8940.111: Total time for which application threads were stopped: 0.0005360 seconds, Stopping threads took: 0.0000423 seconds
2017-04-24T18:14:10.801+0800: 8940.473: Total time for which application threads were stopped: 0.0006992 seconds, Stopping threads took: 0.0000552 seconds
2017-04-24T18:14:10.812+0800: 8940.484: Total time for which application threads were stopped: 0.0005886 seconds, Stopping threads took: 0.0000542 seconds
2017-04-24T18:14:20.436+0800: 8950.108: Total time for which application threads were stopped: 0.0001860 seconds, Stopping threads took: 0.0000343 seconds
2017-04-24T18:14:20.437+0800: 8950.109: Total time for which application threads were stopped: 0.0001225 seconds, Stopping threads took: 0.0000215 seconds
2017-04-24T18:14:20.775+0800: 8950.448: Total time for which application threads were stopped: 0.0002816 seconds, Stopping threads took: 0.0000635 seconds
2017-04-24T18:14:20.776+0800: 8950.449: Total time for which application threads were stopped: 0.0002592 seconds, Stopping threads took: 0.0000497 seconds
2017-04-24T18:14:20.777+0800: 8950.449: Total time for which application threads were stopped: 0.0002361 seconds, Stopping threads took: 0.0000468 seconds
2017-04-24T18:14:20.777+0800: 8950.450: Total time for which application threads were stopped: 0.0002037 seconds, Stopping threads took: 0.0000385 seconds
2017-04-24T18:14:20.777+0800: 8950.450: Total time for which application threads were stopped: 0.0001633 seconds, Stopping threads took: 0.0000285 seconds
2017-04-24T18:14:30.442+0800: 8960.114: Total time for which application threads were stopped: 0.0003121 seconds, Stopping threads took: 0.0000949 seconds
2017-04-24T18:14:30.443+0800: 8960.115: Total time for which application threads were stopped: 0.0001908 seconds, Stopping threads took: 0.0000362 seconds
2017-04-24T18:14:30.793+0800: 8960.466: Total time for which application threads were stopped: 0.0002691 seconds, Stopping threads took: 0.0000568 seconds
2017-04-24T18:14:30.795+0800: 8960.467: Total time for which application threads were stopped: 0.0002653 seconds, Stopping threads took: 0.0000481 seconds
2017-04-24T18:14:30.795+0800: 8960.467: Total time for which application threads were stopped: 0.0001796 seconds, Stopping threads took: 0.0000295 seconds
2017-04-24T18:14:30.795+0800: 8960.468: Total time for which application threads were stopped: 0.0001588 seconds, Stopping threads took: 0.0000295 seconds
2017-04-24T18:14:30.795+0800: 8960.468: Total time for which application threads were stopped: 0.0001469 seconds, Stopping threads took: 0.0000257 seconds
2017-04-24T18:14:30.796+0800: 8960.468: Total time for which application threads were stopped: 0.0001472 seconds, Stopping threads took: 0.0000253 seconds
2017-04-24T18:14:40.440+0800: 8970.112: Total time for which application threads were stopped: 0.0002752 seconds, Stopping threads took: 0.0000565 seconds
2017-04-24T18:14:40.441+0800: 8970.113: Total time for which application threads were stopped: 0.0001206 seconds, Stopping threads took: 0.0000241 seconds
2017-04-24T18:14:40.829+0800: 8970.502: Total time for which application threads were stopped: 0.0002941 seconds, Stopping threads took: 0.0000792 seconds
2017-04-24T18:14:40.831+0800: 8970.503: Total time for which application threads were stopped: 0.0002492 seconds, Stopping threads took: 0.0000430 seconds
2017-04-24T18:14:40.831+0800: 8970.503: Total time for which application threads were stopped: 0.0001572 seconds, Stopping threads took: 0.0000301 seconds
2017-04-24T18:14:40.831+0800: 8970.504: Total time for which application threads were stopped: 0.0001703 seconds, Stopping threads took: 0.0000250 seconds
2017-04-24T18:14:40.831+0800: 8970.504: Total time for which application threads were stopped: 0.0001360 seconds, Stopping threads took: 0.0000244 seconds
2017-04-24T18:14:40.831+0800: 8970.504: Total time for which application threads were stopped: 0.0001344 seconds, Stopping threads took: 0.0000241 seconds
2017-04-24T18:14:50.416+0800: 8980.089: Total time for which application threads were stopped: 0.0003631 seconds, Stopping threads took: 0.0000539 seconds
{Heap before GC invocations=86 (full 2):
 par new generation   total 109248K, used 91490K [0x00000000e0000000, 0x00000000e8000000, 0x00000000e8000000)
  eden space 87424K,  99% used [0x00000000e0000000, 0x00000000e54f8af8, 0x00000000e5560000)
  from space 21824K,  20% used [0x00000000e5560000, 0x00000000e59c0030, 0x00000000e6ab0000)
  to   space 21824K,   0% used [0x00000000e6ab0000, 0x00000000e6ab0000, 0x00000000e8000000)
 concurrent mark-sweep generation total 393216K, used 19090K [0x00000000e8000000, 0x0000000100000000, 0x0000000100000000)
 Metaspace       used 42692K, capacity 43480K, committed 43800K, reserved 1087488K
  class space    used 4602K, capacity 4830K, committed 4940K, reserved 1048576K
2017-04-24T18:14:50.433+0800: 8980.106: [GC (Allocation Failure) 2017-04-24T18:14:50.433+0800: 8980.106: [ParNew
Desired survivor size 20112992 bytes, new threshold 8 (max 8)
- age   1:    2938904 bytes,    2938904 total
- age   2:     694376 bytes,    3633280 total
- age   3:      70344 bytes,    3703624 total
- age   4:      13104 bytes,    3716728 total
- age   5:      12376 bytes,    3729104 total
- age   6:      12072 bytes,    3741176 total
- age   7:      11632 bytes,    3752808 total
- age   8:      12208 bytes,    3765016 total
: 91490K->5429K(109248K), 0.0064860 secs] 110581K->24534K(502464K), 0.0065838 secs] [Times: user=0.00 sys=0.00, real=0.01 secs] 
Heap after GC invocations=87 (full 2):
 par new generation   total 109248K, used 5429K [0x00000000e0000000, 0x00000000e8000000, 0x00000000e8000000)
  eden space 87424K,   0% used [0x00000000e0000000, 0x00000000e0000000, 0x00000000e5560000)
  from space 21824K,  24% used [0x00000000e6ab0000, 0x00000000e6ffd660, 0x00000000e8000000)
  to   space 21824K,   0% used [0x00000000e5560000, 0x00000000e5560000, 0x00000000e6ab0000)
 concurrent mark-sweep generation total 393216K, used 19104K [0x00000000e8000000, 0x0000000100000000, 0x0000000100000000)
 Metaspace       used 42692K, capacity 43480K, committed 43800K, reserved 1087488K
  class space    used 4602K, capacity 4830K, committed 4940K, reserved 1048576K
}
2017-04-24T18:14:50.440+0800: 8980.112: Total time for which application threads were stopped: 0.0069020 seconds, Stopping threads took: 0.0000314 seconds
2017-04-24T18:14:50.440+0800: 8980.113: Total time for which application threads were stopped: 0.0001761 seconds, Stopping threads took: 0.0000548 seconds
2017-04-24T18:14:50.440+0800: 8980.113: Total time for which application threads were stopped: 0.0001491 seconds, Stopping threads took: 0.0000523 seconds
2017-04-24T18:14:50.440+0800: 8980.113: Total time for which application threads were stopped: 0.0001286 seconds, Stopping threads took: 0.0000497 seconds
2017-04-24T18:14:50.441+0800: 8980.113: Total time for which application threads were stopped: 0.0001058 seconds, Stopping threads took: 0.0000308 seconds
2017-04-24T18:14:50.441+0800: 8980.113: Total time for which application threads were stopped: 0.0000930 seconds, Stopping threads took: 0.0000269 seconds
2017-04-24T18:14:50.441+0800: 8980.114: Total time for which application threads were stopped: 0.0000921 seconds, Stopping threads took: 0.0000263 seconds
2017-04-24T18:14:50.441+0800: 8980.114: Total time for which application threads were stopped: 0.0001020 seconds, Stopping threads took: 0.0000337 seconds
2017-04-24T18:14:50.441+0800: 8980.114: Total time for which application threads were stopped: 0.0000985 seconds, Stopping threads took: 0.0000330 seconds
2017-04-24T18:14:50.441+0800: 8980.114: Total time for which application threads were stopped: 0.0000953 seconds, Stopping threads took: 0.0000311 seconds
2017-04-24T18:14:50.442+0800: 8980.114: Total time for which application threads were stopped: 0.0001203 seconds, Stopping threads took: 0.0000244 seconds
2017-04-24T18:14:50.442+0800: 8980.115: Total time for which application threads were stopped: 0.0000815 seconds, Stopping threads took: 0.0000173 seconds
2017-04-24T18:14:50.442+0800: 8980.115: Total time for which application threads were stopped: 0.0000795 seconds, Stopping threads took: 0.0000189 seconds
2017-04-24T18:14:50.442+0800: 8980.115: Total time for which application threads were stopped: 0.0001023 seconds, Stopping threads took: 0.0000228 seconds
2017-04-24T18:14:50.442+0800: 8980.115: Total time for which application threads were stopped: 0.0000921 seconds, Stopping threads took: 0.0000176 seconds
2017-04-24T18:14:50.443+0800: 8980.115: Total time for which application threads were stopped: 0.0000844 seconds, Stopping threads took: 0.0000157 seconds
2017-04-24T18:14:50.443+0800: 8980.115: Total time for which application threads were stopped: 0.0000805 seconds, Stopping threads took: 0.0000164 seconds
2017-04-24T18:14:50.443+0800: 8980.116: Total time for which application threads were stopped: 0.0000805 seconds, Stopping threads took: 0.0000160 seconds
2017-04-24T18:14:50.443+0800: 8980.116: Total time for which application threads were stopped: 0.0001232 seconds, Stopping threads took: 0.0000500 seconds
2017-04-24T18:14:50.443+0800: 8980.116: Total time for which application threads were stopped: 0.0001232 seconds, Stopping threads took: 0.0000350 seconds
2017-04-24T18:14:50.444+0800: 8980.116: Total time for which application threads were stopped: 0.0003018 seconds, Stopping threads took: 0.0000346 seconds
2017-04-24T18:14:50.444+0800: 8980.117: Total time for which application threads were stopped: 0.0002877 seconds, Stopping threads took: 0.0000395 seconds
2017-04-24T18:14:50.445+0800: 8980.118: Total time for which application threads were stopped: 0.0000876 seconds, Stopping threads took: 0.0000170 seconds
2017-04-24T18:14:50.446+0800: 8980.118: Total time for which application threads were stopped: 0.0000783 seconds, Stopping threads took: 0.0000144 seconds
2017-04-24T18:14:50.813+0800: 8980.485: Total time for which application threads were stopped: 0.0002781 seconds, Stopping threads took: 0.0000609 seconds
2017-04-24T18:14:50.814+0800: 8980.486: Total time for which application threads were stopped: 0.0002537 seconds, Stopping threads took: 0.0000455 seconds
2017-04-24T18:14:50.814+0800: 8980.487: Total time for which application threads were stopped: 0.0001780 seconds, Stopping threads took: 0.0000305 seconds
2017-04-24T18:14:50.814+0800: 8980.487: Total time for which application threads were stopped: 0.0001549 seconds, Stopping threads took: 0.0000276 seconds
2017-04-24T18:14:50.815+0800: 8980.487: Total time for which application threads were stopped: 0.0001796 seconds, Stopping threads took: 0.0000260 seconds
2017-04-24T18:14:50.815+0800: 8980.487: Total time for which application threads were stopped: 0.0001469 seconds, Stopping threads took: 0.0000273 seconds
2017-04-24T18:15:00.442+0800: 8990.114: Total time for which application threads were stopped: 0.0002986 seconds, Stopping threads took: 0.0000625 seconds
2017-04-24T18:15:00.442+0800: 8990.115: Total time for which application threads were stopped: 0.0002050 seconds, Stopping threads took: 0.0000388 seconds
2017-04-24T18:15:00.781+0800: 8990.454: Total time for which application threads were stopped: 0.0003021 seconds, Stopping threads took: 0.0000738 seconds
2017-04-24T18:15:00.782+0800: 8990.455: Total time for which application threads were stopped: 0.0002261 seconds, Stopping threads took: 0.0000378 seconds
2017-04-24T18:15:00.783+0800: 8990.455: Total time for which application threads were stopped: 0.0001754 seconds, Stopping threads took: 0.0000285 seconds
2017-04-24T18:15:00.783+0800: 8990.455: Total time for which application threads were stopped: 0.0002325 seconds, Stopping threads took: 0.0000459 seconds
2017-04-24T18:15:00.783+0800: 8990.456: Total time for which application threads were stopped: 0.0001655 seconds, Stopping threads took: 0.0000279 seconds
2017-04-24T18:15:00.783+0800: 8990.456: Total time for which application threads were stopped: 0.0001482 seconds, Stopping threads took: 0.0000263 seconds
2017-04-24T18:15:10.438+0800: 9000.110: Total time for which application threads were stopped: 0.0002909 seconds, Stopping threads took: 0.0000574 seconds
2017-04-24T18:15:10.439+0800: 9000.111: Total time for which application threads were stopped: 0.0001934 seconds, Stopping threads took: 0.0000321 seconds
2017-04-24T18:15:10.741+0800: 9000.414: Total time for which application threads were stopped: 0.0003272 seconds, Stopping threads took: 0.0000969 seconds
2017-04-24T18:15:10.742+0800: 9000.415: Total time for which application threads were stopped: 0.0002614 seconds, Stopping threads took: 0.0000462 seconds
2017-04-24T18:15:10.742+0800: 9000.415: Total time for which application threads were stopped: 0.0001754 seconds, Stopping threads took: 0.0000289 seconds
2017-04-24T18:15:10.743+0800: 9000.415: Total time for which application threads were stopped: 0.0001822 seconds, Stopping threads took: 0.0000257 seconds
2017-04-24T18:15:10.743+0800: 9000.415: Total time for which application threads were stopped: 0.0001491 seconds, Stopping threads took: 0.0000253 seconds
2017-04-24T18:15:10.743+0800: 9000.416: Total time for which application threads were stopped: 0.0005103 seconds, Stopping threads took: 0.0000250 seconds
2017-04-24T18:15:20.434+0800: 9010.106: Total time for which application threads were stopped: 0.0001770 seconds, Stopping threads took: 0.0000330 seconds
2017-04-24T18:15:20.434+0800: 9010.107: Total time for which application threads were stopped: 0.0001248 seconds, Stopping threads took: 0.0000205 seconds
2017-04-24T18:15:20.736+0800: 9010.409: Total time for which application threads were stopped: 0.0003628 seconds, Stopping threads took: 0.0001123 seconds
2017-04-24T18:15:20.737+0800: 9010.409: Total time for which application threads were stopped: 0.0002335 seconds, Stopping threads took: 0.0000423 seconds
2017-04-24T18:15:20.737+0800: 9010.410: Total time for which application threads were stopped: 0.0001719 seconds, Stopping threads took: 0.0000301 seconds
2017-04-24T18:15:20.738+0800: 9010.411: Total time for which application threads were stopped: 0.0002245 seconds, Stopping threads took: 0.0000343 seconds
2017-04-24T18:15:30.439+0800: 9020.112: Total time for which application threads were stopped: 0.0002916 seconds, Stopping threads took: 0.0000542 seconds
2017-04-24T18:15:30.440+0800: 9020.113: Total time for which application threads were stopped: 0.0002563 seconds, Stopping threads took: 0.0000455 seconds
2017-04-24T18:15:30.765+0800: 9020.438: Total time for which application threads were stopped: 0.0002922 seconds, Stopping threads took: 0.0000548 seconds
2017-04-24T18:15:30.765+0800: 9020.438: Total time for which application threads were stopped: 0.0002569 seconds, Stopping threads took: 0.0000465 seconds
2017-04-24T18:15:30.766+0800: 9020.438: Total time for which application threads were stopped: 0.0002383 seconds, Stopping threads took: 0.0000625 seconds
2017-04-24T18:15:30.767+0800: 9020.439: Total time for which application threads were stopped: 0.0002274 seconds, Stopping threads took: 0.0000391 seconds
2017-04-24T18:15:30.767+0800: 9020.440: Total time for which application threads were stopped: 0.0002021 seconds, Stopping threads took: 0.0000276 seconds
2017-04-24T18:15:30.767+0800: 9020.440: Total time for which application threads were stopped: 0.0002059 seconds, Stopping threads took: 0.0000375 seconds
2017-04-24T18:15:30.768+0800: 9020.440: Total time for which application threads were stopped: 0.0001649 seconds, Stopping threads took: 0.0000263 seconds
2017-04-24T18:15:30.768+0800: 9020.440: Total time for which application threads were stopped: 0.0001668 seconds, Stopping threads took: 0.0000289 seconds
2017-04-24T18:15:40.441+0800: 9030.114: Total time for which application threads were stopped: 0.0001572 seconds, Stopping threads took: 0.0000295 seconds
2017-04-24T18:15:40.442+0800: 9030.114: Total time for which application threads were stopped: 0.0001123 seconds, Stopping threads took: 0.0000189 seconds
2017-04-24T18:15:40.737+0800: 9030.410: Total time for which application threads were stopped: 0.0003018 seconds, Stopping threads took: 0.0000638 seconds
2017-04-24T18:15:40.738+0800: 9030.410: Total time for which application threads were stopped: 0.0002373 seconds, Stopping threads took: 0.0000513 seconds
2017-04-24T18:15:40.738+0800: 9030.411: Total time for which application threads were stopped: 0.0002797 seconds, Stopping threads took: 0.0001074 seconds
2017-04-24T18:15:40.739+0800: 9030.412: Total time for which application threads were stopped: 0.0001902 seconds, Stopping threads took: 0.0000362 seconds
2017-04-24T18:15:40.739+0800: 9030.412: Total time for which application threads were stopped: 0.0001559 seconds, Stopping threads took: 0.0000279 seconds
2017-04-24T18:15:40.740+0800: 9030.412: Total time for which application threads were stopped: 0.0001511 seconds, Stopping threads took: 0.0000247 seconds
2017-04-24T18:15:40.740+0800: 9030.412: Total time for which application threads were stopped: 0.0001434 seconds, Stopping threads took: 0.0000241 seconds
2017-04-24T18:15:40.740+0800: 9030.413: Total time for which application threads were stopped: 0.0001434 seconds, Stopping threads took: 0.0000244 seconds
2017-04-24T18:15:50.435+0800: 9040.108: Total time for which application threads were stopped: 0.0001668 seconds, Stopping threads took: 0.0000324 seconds
2017-04-24T18:15:50.436+0800: 9040.108: Total time for which application threads were stopped: 0.0001261 seconds, Stopping threads took: 0.0000279 seconds
2017-04-24T18:15:50.824+0800: 9040.497: Total time for which application threads were stopped: 0.0002826 seconds, Stopping threads took: 0.0000619 seconds
2017-04-24T18:15:50.826+0800: 9040.499: Total time for which application threads were stopped: 0.0002675 seconds, Stopping threads took: 0.0000491 seconds
2017-04-24T18:15:50.826+0800: 9040.499: Total time for which application threads were stopped: 0.0001822 seconds, Stopping threads took: 0.0000308 seconds
2017-04-24T18:15:50.827+0800: 9040.499: Total time for which application threads were stopped: 0.0001780 seconds, Stopping threads took: 0.0000292 seconds
2017-04-24T18:15:50.827+0800: 9040.500: Total time for which application threads were stopped: 0.0001565 seconds, Stopping threads took: 0.0000263 seconds
2017-04-24T18:15:50.827+0800: 9040.500: Total time for which application threads were stopped: 0.0001469 seconds, Stopping threads took: 0.0000253 seconds
2017-04-24T18:15:50.853+0800: 9040.525: Total time for which application threads were stopped: 0.0001639 seconds, Stopping threads took: 0.0000362 seconds
2017-04-24T18:16:00.438+0800: 9050.111: Total time for which application threads were stopped: 0.0002685 seconds, Stopping threads took: 0.0000532 seconds
2017-04-24T18:16:00.439+0800: 9050.112: Total time for which application threads were stopped: 0.0001985 seconds, Stopping threads took: 0.0000362 seconds
2017-04-24T18:16:00.811+0800: 9050.484: Total time for which application threads were stopped: 0.0003679 seconds, Stopping threads took: 0.0001167 seconds
2017-04-24T18:16:00.812+0800: 9050.484: Total time for which application threads were stopped: 0.0002566 seconds, Stopping threads took: 0.0000471 seconds
2017-04-24T18:16:00.813+0800: 9050.485: Total time for which application threads were stopped: 0.0002030 seconds, Stopping threads took: 0.0000353 seconds
2017-04-24T18:16:00.813+0800: 9050.485: Total time for which application threads were stopped: 0.0001600 seconds, Stopping threads took: 0.0000260 seconds
2017-04-24T18:16:00.813+0800: 9050.486: Total time for which application threads were stopped: 0.0001463 seconds, Stopping threads took: 0.0000247 seconds
2017-04-24T18:16:00.813+0800: 9050.486: Total time for which application threads were stopped: 0.0001421 seconds, Stopping threads took: 0.0000244 seconds
2017-04-24T18:16:00.814+0800: 9050.486: Total time for which application threads were stopped: 0.0001434 seconds, Stopping threads took: 0.0000250 seconds
2017-04-24T18:16:00.824+0800: 9050.496: Total time for which application threads were stopped: 0.0002316 seconds, Stopping threads took: 0.0000459 seconds
2017-04-24T18:16:10.441+0800: 9060.113: Total time for which application threads were stopped: 0.0002874 seconds, Stopping threads took: 0.0000516 seconds
2017-04-24T18:16:10.441+0800: 9060.114: Total time for which application threads were stopped: 0.0001071 seconds, Stopping threads took: 0.0000173 seconds
2017-04-24T18:16:10.793+0800: 9060.466: Total time for which application threads were stopped: 0.0002996 seconds, Stopping threads took: 0.0000545 seconds
2017-04-24T18:16:10.794+0800: 9060.466: Total time for which application threads were stopped: 0.0002008 seconds, Stopping threads took: 0.0000305 seconds
2017-04-24T18:16:10.794+0800: 9060.466: Total time for which application threads were stopped: 0.0001758 seconds, Stopping threads took: 0.0000282 seconds
2017-04-24T18:16:10.794+0800: 9060.467: Total time for which application threads were stopped: 0.0001645 seconds, Stopping threads took: 0.0000266 seconds
2017-04-24T18:16:10.794+0800: 9060.467: Total time for which application threads were stopped: 0.0001600 seconds, Stopping threads took: 0.0000260 seconds
2017-04-24T18:16:10.803+0800: 9060.475: Total time for which application threads were stopped: 0.0002008 seconds, Stopping threads took: 0.0000356 seconds
2017-04-24T18:16:20.435+0800: 9070.107: Total time for which application threads were stopped: 0.0001604 seconds, Stopping threads took: 0.0000327 seconds
2017-04-24T18:16:20.435+0800: 9070.107: Total time for which application threads were stopped: 0.0001123 seconds, Stopping threads took: 0.0000196 seconds
2017-04-24T18:16:20.741+0800: 9070.413: Total time for which application threads were stopped: 0.0003743 seconds, Stopping threads took: 0.0000613 seconds
2017-04-24T18:16:20.741+0800: 9070.414: Total time for which application threads were stopped: 0.0003156 seconds, Stopping threads took: 0.0001129 seconds
2017-04-24T18:16:20.742+0800: 9070.415: Total time for which application threads were stopped: 0.0002014 seconds, Stopping threads took: 0.0000285 seconds
2017-04-24T18:16:20.742+0800: 9070.415: Total time for which application threads were stopped: 0.0002213 seconds, Stopping threads took: 0.0000382 seconds
2017-04-24T18:16:20.743+0800: 9070.415: Total time for which application threads were stopped: 0.0001722 seconds, Stopping threads took: 0.0000279 seconds
2017-04-24T18:16:20.743+0800: 9070.415: Total time for which application threads were stopped: 0.0001568 seconds, Stopping threads took: 0.0000257 seconds
2017-04-24T18:16:20.743+0800: 9070.416: Total time for which application threads were stopped: 0.0004599 seconds, Stopping threads took: 0.0000247 seconds
2017-04-24T18:16:20.754+0800: 9070.427: Total time for which application threads were stopped: 0.0002649 seconds, Stopping threads took: 0.0000539 seconds
{Heap before GC invocations=87 (full 2):
 par new generation   total 109248K, used 92853K [0x00000000e0000000, 0x00000000e8000000, 0x00000000e8000000)
  eden space 87424K, 100% used [0x00000000e0000000, 0x00000000e5560000, 0x00000000e5560000)
  from space 21824K,  24% used [0x00000000e6ab0000, 0x00000000e6ffd660, 0x00000000e8000000)
  to   space 21824K,   0% used [0x00000000e5560000, 0x00000000e5560000, 0x00000000e6ab0000)
 concurrent mark-sweep generation total 393216K, used 19104K [0x00000000e8000000, 0x0000000100000000, 0x0000000100000000)
 Metaspace       used 42692K, capacity 43480K, committed 43800K, reserved 1087488K
  class space    used 4602K, capacity 4830K, committed 4940K, reserved 1048576K
2017-04-24T18:16:30.434+0800: 9080.106: [GC (Allocation Failure) 2017-04-24T18:16:30.434+0800: 9080.106: [ParNew
Desired survivor size 20112992 bytes, new threshold 8 (max 8)
- age   1:    2822744 bytes,    2822744 total
- age   2:     694824 bytes,    3517568 total
- age   3:      68896 bytes,    3586464 total
- age   4:      14672 bytes,    3601136 total
- age   5:      12408 bytes,    3613544 total
- age   6:      12376 bytes,    3625920 total
- age   7:      12072 bytes,    3637992 total
- age   8:      11632 bytes,    3649624 total
: 92853K->4936K(109248K), 0.0122157 secs] 111958K->24053K(502464K), 0.0124165 secs] [Times: user=0.06 sys=0.00, real=0.01 secs] 
Heap after GC invocations=88 (full 2):
 par new generation   total 109248K, used 4936K [0x00000000e0000000, 0x00000000e8000000, 0x00000000e8000000)
  eden space 87424K,   0% used [0x00000000e0000000, 0x00000000e0000000, 0x00000000e5560000)
  from space 21824K,  22% used [0x00000000e5560000, 0x00000000e5a32398, 0x00000000e6ab0000)
  to   space 21824K,   0% used [0x00000000e6ab0000, 0x00000000e6ab0000, 0x00000000e8000000)
 concurrent mark-sweep generation total 393216K, used 19116K [0x00000000e8000000, 0x0000000100000000, 0x0000000100000000)
 Metaspace       used 42692K, capacity 43480K, committed 43800K, reserved 1087488K
  class space    used 4602K, capacity 4830K, committed 4940K, reserved 1048576K
}
2017-04-24T18:16:30.446+0800: 9080.119: Total time for which application threads were stopped: 0.0129989 seconds, Stopping threads took: 0.0000600 seconds
2017-04-24T18:16:30.447+0800: 9080.120: Total time for which application threads were stopped: 0.0003320 seconds, Stopping threads took: 0.0000747 seconds
2017-04-24T18:16:30.448+0800: 9080.120: Total time for which application threads were stopped: 0.0003002 seconds, Stopping threads took: 0.0000946 seconds
2017-04-24T18:16:30.449+0800: 9080.121: Total time for which application threads were stopped: 0.0002030 seconds, Stopping threads took: 0.0000343 seconds
2017-04-24T18:16:30.450+0800: 9080.122: Total time for which application threads were stopped: 0.0002197 seconds, Stopping threads took: 0.0000696 seconds
2017-04-24T18:16:30.451+0800: 9080.124: Total time for which application threads were stopped: 0.0000844 seconds, Stopping threads took: 0.0000132 seconds
2017-04-24T18:16:30.452+0800: 9080.124: Total time for which application threads were stopped: 0.0000821 seconds, Stopping threads took: 0.0000132 seconds
2017-04-24T18:16:30.784+0800: 9080.457: Total time for which application threads were stopped: 0.0002803 seconds, Stopping threads took: 0.0000609 seconds
2017-04-24T18:16:30.785+0800: 9080.457: Total time for which application threads were stopped: 0.0002800 seconds, Stopping threads took: 0.0000901 seconds
2017-04-24T18:16:30.786+0800: 9080.458: Total time for which application threads were stopped: 0.0002787 seconds, Stopping threads took: 0.0000452 seconds
2017-04-24T18:16:30.800+0800: 9080.473: Total time for which application threads were stopped: 0.0002771 seconds, Stopping threads took: 0.0000667 seconds
2017-04-24T18:16:40.415+0800: 9090.088: Total time for which application threads were stopped: 0.0001087 seconds, Stopping threads took: 0.0000205 seconds
2017-04-24T18:16:40.415+0800: 9090.088: Total time for which application threads were stopped: 0.0000532 seconds, Stopping threads took: 0.0000103 seconds
2017-04-24T18:16:40.695+0800: 9090.367: Total time for which application threads were stopped: 0.0001151 seconds, Stopping threads took: 0.0000260 seconds
2017-04-24T18:16:40.695+0800: 9090.367: Total time for which application threads were stopped: 0.0000590 seconds, Stopping threads took: 0.0000119 seconds
2017-04-24T18:16:40.695+0800: 9090.367: Total time for which application threads were stopped: 0.0000420 seconds, Stopping threads took: 0.0000090 seconds
2017-04-24T18:16:40.695+0800: 9090.367: Total time for which application threads were stopped: 0.0000478 seconds, Stopping threads took: 0.0000106 seconds
2017-04-24T18:16:40.695+0800: 9090.367: Total time for which application threads were stopped: 0.0000427 seconds, Stopping threads took: 0.0000090 seconds
2017-04-24T18:16:40.700+0800: 9090.372: Total time for which application threads were stopped: 0.0001167 seconds, Stopping threads took: 0.0000231 seconds
2017-04-24T18:16:46.047+0800: 9095.720: Total time for which application threads were stopped: 0.0001068 seconds, Stopping threads took: 0.0000221 seconds
2017-04-24T18:16:46.048+0800: 9095.720: Total time for which application threads were stopped: 0.0000828 seconds, Stopping threads took: 0.0000144 seconds
2017-04-24T18:16:46.048+0800: 9095.720: Total time for which application threads were stopped: 0.0000853 seconds, Stopping threads took: 0.0000173 seconds
2017-04-24T18:16:46.049+0800: 9095.721: Total time for which application threads were stopped: 0.0000953 seconds, Stopping threads took: 0.0000225 seconds
2017-04-24T18:16:46.049+0800: 9095.721: Total time for which application threads were stopped: 0.0000821 seconds, Stopping threads took: 0.0000215 seconds
2017-04-24T18:16:46.049+0800: 9095.722: Total time for which application threads were stopped: 0.0000658 seconds, Stopping threads took: 0.0000125 seconds
2017-04-24T18:16:50.434+0800: 9100.107: Total time for which application threads were stopped: 0.0001684 seconds, Stopping threads took: 0.0000343 seconds
2017-04-24T18:16:50.840+0800: 9100.513: Total time for which application threads were stopped: 0.0003958 seconds, Stopping threads took: 0.0001841 seconds
2017-04-24T18:16:50.841+0800: 9100.513: Total time for which application threads were stopped: 0.0002919 seconds, Stopping threads took: 0.0000975 seconds
2017-04-24T18:16:50.842+0800: 9100.515: Total time for which application threads were stopped: 0.0001982 seconds, Stopping threads took: 0.0000362 seconds
2017-04-24T18:16:50.842+0800: 9100.515: Total time for which application threads were stopped: 0.0001498 seconds, Stopping threads took: 0.0000263 seconds
2017-04-24T18:16:50.843+0800: 9100.515: Total time for which application threads were stopped: 0.0001459 seconds, Stopping threads took: 0.0000244 seconds
2017-04-24T18:16:50.843+0800: 9100.515: Total time for which application threads were stopped: 0.0001418 seconds, Stopping threads took: 0.0000241 seconds
2017-04-24T18:16:50.843+0800: 9100.515: Total time for which application threads were stopped: 0.0001418 seconds, Stopping threads took: 0.0000244 seconds
2017-04-24T18:16:50.853+0800: 9100.526: Total time for which application threads were stopped: 0.0002588 seconds, Stopping threads took: 0.0000494 seconds
2017-04-24T18:17:00.425+0800: 9110.098: Total time for which application threads were stopped: 0.0004064 seconds, Stopping threads took: 0.0000366 seconds
2017-04-24T18:17:00.426+0800: 9110.098: Total time for which application threads were stopped: 0.0001386 seconds, Stopping threads took: 0.0000276 seconds
2017-04-24T18:17:00.783+0800: 9110.455: Total time for which application threads were stopped: 0.0003486 seconds, Stopping threads took: 0.0001107 seconds
2017-04-24T18:17:00.783+0800: 9110.456: Total time for which application threads were stopped: 0.0001787 seconds, Stopping threads took: 0.0000324 seconds
2017-04-24T18:17:00.784+0800: 9110.457: Total time for which application threads were stopped: 0.0002466 seconds, Stopping threads took: 0.0000436 seconds
2017-04-24T18:17:00.784+0800: 9110.457: Total time for which application threads were stopped: 0.0002024 seconds, Stopping threads took: 0.0000340 seconds
2017-04-24T18:17:00.784+0800: 9110.457: Total time for which application threads were stopped: 0.0001636 seconds, Stopping threads took: 0.0000257 seconds
2017-04-24T18:17:00.785+0800: 9110.457: Total time for which application threads were stopped: 0.0001581 seconds, Stopping threads took: 0.0000257 seconds
2017-04-24T18:17:00.785+0800: 9110.458: Total time for which application threads were stopped: 0.0002143 seconds, Stopping threads took: 0.0000411 seconds
2017-04-24T18:17:00.796+0800: 9110.468: Total time for which application threads were stopped: 0.0002800 seconds, Stopping threads took: 0.0000504 seconds
2017-04-24T18:17:10.435+0800: 9120.108: Total time for which application threads were stopped: 0.0003009 seconds, Stopping threads took: 0.0000696 seconds
2017-04-24T18:17:10.436+0800: 9120.109: Total time for which application threads were stopped: 0.0002476 seconds, Stopping threads took: 0.0000468 seconds
2017-04-24T18:17:10.757+0800: 9120.429: Total time for which application threads were stopped: 0.0002877 seconds, Stopping threads took: 0.0000619 seconds
2017-04-24T18:17:10.757+0800: 9120.429: Total time for which application threads were stopped: 0.0001870 seconds, Stopping threads took: 0.0000343 seconds
2017-04-24T18:17:10.758+0800: 9120.431: Total time for which application threads were stopped: 0.0002537 seconds, Stopping threads took: 0.0000449 seconds
2017-04-24T18:17:10.759+0800: 9120.431: Total time for which application threads were stopped: 0.0002274 seconds, Stopping threads took: 0.0000414 seconds
2017-04-24T18:17:10.759+0800: 9120.432: Total time for which application threads were stopped: 0.0001969 seconds, Stopping threads took: 0.0000378 seconds
2017-04-24T18:17:10.759+0800: 9120.432: Total time for which application threads were stopped: 0.0001639 seconds, Stopping threads took: 0.0000273 seconds
2017-04-24T18:17:10.760+0800: 9120.432: Total time for which application threads were stopped: 0.0001584 seconds, Stopping threads took: 0.0000263 seconds
2017-04-24T18:17:20.407+0800: 9130.079: Total time for which application threads were stopped: 0.0004397 seconds, Stopping threads took: 0.0000516 seconds
2017-04-24T18:17:20.435+0800: 9130.107: Total time for which application threads were stopped: 0.0001568 seconds, Stopping threads took: 0.0000305 seconds
2017-04-24T18:17:20.436+0800: 9130.108: Total time for which application threads were stopped: 0.0002489 seconds, Stopping threads took: 0.0000148 seconds
2017-04-24T18:17:20.795+0800: 9130.468: Total time for which application threads were stopped: 0.0002864 seconds, Stopping threads took: 0.0000581 seconds
2017-04-24T18:17:20.796+0800: 9130.468: Total time for which application threads were stopped: 0.0002903 seconds, Stopping threads took: 0.0000722 seconds
2017-04-24T18:17:20.796+0800: 9130.469: Total time for which application threads were stopped: 0.0002139 seconds, Stopping threads took: 0.0000523 seconds
2017-04-24T18:17:20.797+0800: 9130.470: Total time for which application threads were stopped: 0.0002066 seconds, Stopping threads took: 0.0000378 seconds
2017-04-24T18:17:20.797+0800: 9130.470: Total time for which application threads were stopped: 0.0001857 seconds, Stopping threads took: 0.0000346 seconds
2017-04-24T18:17:20.797+0800: 9130.470: Total time for which application threads were stopped: 0.0001857 seconds, Stopping threads took: 0.0000369 seconds
2017-04-24T18:17:20.798+0800: 9130.470: Total time for which application threads were stopped: 0.0002361 seconds, Stopping threads took: 0.0000731 seconds
2017-04-24T18:17:20.798+0800: 9130.471: Total time for which application threads were stopped: 0.0001880 seconds, Stopping threads took: 0.0000372 seconds
2017-04-24T18:17:20.810+0800: 9130.483: Total time for which application threads were stopped: 0.0002649 seconds, Stopping threads took: 0.0000513 seconds
2017-04-24T18:17:30.438+0800: 9140.110: Total time for which application threads were stopped: 0.0003082 seconds, Stopping threads took: 0.0000548 seconds
2017-04-24T18:17:30.439+0800: 9140.111: Total time for which application threads were stopped: 0.0001520 seconds, Stopping threads took: 0.0000295 seconds
2017-04-24T18:17:30.804+0800: 9140.476: Total time for which application threads were stopped: 0.0002396 seconds, Stopping threads took: 0.0000468 seconds
2017-04-24T18:17:30.804+0800: 9140.476: Total time for which application threads were stopped: 0.0002152 seconds, Stopping threads took: 0.0000471 seconds
2017-04-24T18:17:30.805+0800: 9140.477: Total time for which application threads were stopped: 0.0001767 seconds, Stopping threads took: 0.0000334 seconds
2017-04-24T18:17:30.805+0800: 9140.477: Total time for which application threads were stopped: 0.0001629 seconds, Stopping threads took: 0.0000308 seconds
2017-04-24T18:17:30.805+0800: 9140.478: Total time for which application threads were stopped: 0.0001370 seconds, Stopping threads took: 0.0000334 seconds
2017-04-24T18:17:30.805+0800: 9140.478: Total time for which application threads were stopped: 0.0001068 seconds, Stopping threads took: 0.0000192 seconds
2017-04-24T18:17:30.806+0800: 9140.478: Total time for which application threads were stopped: 0.0003826 seconds, Stopping threads took: 0.0000244 seconds
2017-04-24T18:17:30.814+0800: 9140.486: Total time for which application threads were stopped: 0.0002232 seconds, Stopping threads took: 0.0000398 seconds
2017-04-24T18:17:30.838+0800: 9140.510: Total time for which application threads were stopped: 0.0000985 seconds, Stopping threads took: 0.0000205 seconds
2017-04-24T18:17:30.838+0800: 9140.510: Total time for which application threads were stopped: 0.0000741 seconds, Stopping threads took: 0.0000157 seconds
2017-04-24T18:17:30.838+0800: 9140.511: Total time for which application threads were stopped: 0.0000430 seconds, Stopping threads took: 0.0000090 seconds
2017-04-24T18:17:30.839+0800: 9140.511: Total time for which application threads were stopped: 0.0000654 seconds, Stopping threads took: 0.0000128 seconds
2017-04-24T18:17:30.839+0800: 9140.511: Total time for which application threads were stopped: 0.0000407 seconds, Stopping threads took: 0.0000090 seconds
2017-04-24T18:17:30.839+0800: 9140.511: Total time for which application threads were stopped: 0.0000430 seconds, Stopping threads took: 0.0000093 seconds
2017-04-24T18:17:31.839+0800: 9141.511: Total time for which application threads were stopped: 0.0002444 seconds, Stopping threads took: 0.0000751 seconds
2017-04-24T18:17:40.438+0800: 9150.111: Total time for which application threads were stopped: 0.0002588 seconds, Stopping threads took: 0.0000552 seconds
2017-04-24T18:17:40.773+0800: 9150.446: Total time for which application threads were stopped: 0.0003397 seconds, Stopping threads took: 0.0001084 seconds
2017-04-24T18:17:40.774+0800: 9150.447: Total time for which application threads were stopped: 0.0002627 seconds, Stopping threads took: 0.0000978 seconds
2017-04-24T18:17:40.775+0800: 9150.448: Total time for which application threads were stopped: 0.0002040 seconds, Stopping threads took: 0.0000378 seconds
2017-04-24T18:17:40.791+0800: 9150.464: Total time for which application threads were stopped: 0.0005821 seconds, Stopping threads took: 0.0000497 seconds
2017-04-24T18:17:50.414+0800: 9160.087: Total time for which application threads were stopped: 0.0001052 seconds, Stopping threads took: 0.0000208 seconds
2017-04-24T18:17:50.415+0800: 9160.087: Total time for which application threads were stopped: 0.0000539 seconds, Stopping threads took: 0.0000090 seconds
2017-04-24T18:17:50.709+0800: 9160.381: Total time for which application threads were stopped: 0.0001084 seconds, Stopping threads took: 0.0000228 seconds
2017-04-24T18:17:50.709+0800: 9160.381: Total time for which application threads were stopped: 0.0000619 seconds, Stopping threads took: 0.0000135 seconds
2017-04-24T18:17:50.709+0800: 9160.381: Total time for which application threads were stopped: 0.0000561 seconds, Stopping threads took: 0.0000151 seconds
2017-04-24T18:17:50.709+0800: 9160.382: Total time for which application threads were stopped: 0.0001540 seconds, Stopping threads took: 0.0000083 seconds
2017-04-24T18:17:50.709+0800: 9160.382: Total time for which application threads were stopped: 0.0000523 seconds, Stopping threads took: 0.0000099 seconds
2017-04-24T18:17:50.709+0800: 9160.382: Total time for which application threads were stopped: 0.0000417 seconds, Stopping threads took: 0.0000071 seconds
2017-04-24T18:17:50.709+0800: 9160.382: Total time for which application threads were stopped: 0.0000468 seconds, Stopping threads took: 0.0000090 seconds
2017-04-24T18:17:50.709+0800: 9160.382: Total time for which application threads were stopped: 0.0000378 seconds, Stopping threads took: 0.0000064 seconds
2017-04-24T18:17:53.574+0800: 9163.246: Total time for which application threads were stopped: 0.0000895 seconds, Stopping threads took: 0.0000228 seconds
2017-04-24T18:17:53.574+0800: 9163.246: Total time for which application threads were stopped: 0.0000629 seconds, Stopping threads took: 0.0000183 seconds
2017-04-24T18:17:53.574+0800: 9163.246: Total time for which application threads were stopped: 0.0000529 seconds, Stopping threads took: 0.0000148 seconds
2017-04-24T18:17:53.574+0800: 9163.247: Total time for which application threads were stopped: 0.0000513 seconds, Stopping threads took: 0.0000154 seconds
2017-04-24T18:17:53.574+0800: 9163.247: Total time for which application threads were stopped: 0.0000709 seconds, Stopping threads took: 0.0000154 seconds
2017-04-24T18:17:53.574+0800: 9163.247: Total time for which application threads were stopped: 0.0000526 seconds, Stopping threads took: 0.0000160 seconds
2017-04-24T18:18:00.440+0800: 9170.113: Total time for which application threads were stopped: 0.0002726 seconds, Stopping threads took: 0.0000520 seconds
2017-04-24T18:18:00.740+0800: 9170.413: Total time for which application threads were stopped: 0.0001052 seconds, Stopping threads took: 0.0000212 seconds
2017-04-24T18:18:00.741+0800: 9170.413: Total time for which application threads were stopped: 0.0000616 seconds, Stopping threads took: 0.0000154 seconds
2017-04-24T18:18:00.741+0800: 9170.413: Total time for which application threads were stopped: 0.0000587 seconds, Stopping threads took: 0.0000109 seconds
2017-04-24T18:18:00.741+0800: 9170.413: Total time for which application threads were stopped: 0.0000414 seconds, Stopping threads took: 0.0000077 seconds
2017-04-24T18:18:00.741+0800: 9170.413: Total time for which application threads were stopped: 0.0000500 seconds, Stopping threads took: 0.0000099 seconds
{Heap before GC invocations=88 (full 2):
 par new generation   total 109248K, used 92047K [0x00000000e0000000, 0x00000000e8000000, 0x00000000e8000000)
  eden space 87424K,  99% used [0x00000000e0000000, 0x00000000e5511a10, 0x00000000e5560000)
  from space 21824K,  22% used [0x00000000e5560000, 0x00000000e5a32398, 0x00000000e6ab0000)
  to   space 21824K,   0% used [0x00000000e6ab0000, 0x00000000e6ab0000, 0x00000000e8000000)
 concurrent mark-sweep generation total 393216K, used 19116K [0x00000000e8000000, 0x0000000100000000, 0x0000000100000000)
 Metaspace       used 42703K, capacity 43480K, committed 43800K, reserved 1087488K
  class space    used 4602K, capacity 4830K, committed 4940K, reserved 1048576K
2017-04-24T18:18:10.428+0800: 9180.100: [GC (Allocation Failure) 2017-04-24T18:18:10.428+0800: 9180.100: [ParNew
Desired survivor size 20112992 bytes, new threshold 8 (max 8)
- age   1:    2884960 bytes,    2884960 total
- age   2:     695048 bytes,    3580008 total
- age   3:      68792 bytes,    3648800 total
- age   4:      12736 bytes,    3661536 total
- age   5:      13944 bytes,    3675480 total
- age   6:      12376 bytes,    3687856 total
- age   7:      12376 bytes,    3700232 total
- age   8:      11784 bytes,    3712016 total
: 92047K->4755K(109248K), 0.0034973 secs] 111163K->23883K(502464K), 0.0035557 secs] [Times: user=0.00 sys=0.00, real=0.00 secs] 
Heap after GC invocations=89 (full 2):
 par new generation   total 109248K, used 4755K [0x00000000e0000000, 0x00000000e8000000, 0x00000000e8000000)
  eden space 87424K,   0% used [0x00000000e0000000, 0x00000000e0000000, 0x00000000e5560000)
  from space 21824K,  21% used [0x00000000e6ab0000, 0x00000000e6f54e50, 0x00000000e8000000)
  to   space 21824K,   0% used [0x00000000e5560000, 0x00000000e5560000, 0x00000000e6ab0000)
 concurrent mark-sweep generation total 393216K, used 19127K [0x00000000e8000000, 0x0000000100000000, 0x0000000100000000)
 Metaspace       used 42703K, capacity 43480K, committed 43800K, reserved 1087488K
  class space    used 4602K, capacity 4830K, committed 4940K, reserved 1048576K
}
2017-04-24T18:18:10.431+0800: 9180.104: Total time for which application threads were stopped: 0.0037520 seconds, Stopping threads took: 0.0000196 seconds
2017-04-24T18:18:10.432+0800: 9180.104: Total time for which application threads were stopped: 0.0001126 seconds, Stopping threads took: 0.0000305 seconds
2017-04-24T18:18:10.432+0800: 9180.104: Total time for which application threads were stopped: 0.0000808 seconds, Stopping threads took: 0.0000202 seconds
2017-04-24T18:18:10.432+0800: 9180.104: Total time for which application threads were stopped: 0.0000805 seconds, Stopping threads took: 0.0000247 seconds
2017-04-24T18:18:10.432+0800: 9180.105: Total time for which application threads were stopped: 0.0000686 seconds, Stopping threads took: 0.0000151 seconds
2017-04-24T18:18:10.432+0800: 9180.105: Total time for which application threads were stopped: 0.0000693 seconds, Stopping threads took: 0.0000196 seconds
2017-04-24T18:18:10.432+0800: 9180.105: Total time for which application threads were stopped: 0.0000462 seconds, Stopping threads took: 0.0000087 seconds
2017-04-24T18:18:10.432+0800: 9180.105: Total time for which application threads were stopped: 0.0000529 seconds, Stopping threads took: 0.0000119 seconds
2017-04-24T18:18:10.432+0800: 9180.105: Total time for which application threads were stopped: 0.0000420 seconds, Stopping threads took: 0.0000083 seconds
2017-04-24T18:18:10.433+0800: 9180.105: Total time for which application threads were stopped: 0.0000539 seconds, Stopping threads took: 0.0000196 seconds
2017-04-24T18:18:10.433+0800: 9180.105: Total time for which application threads were stopped: 0.0000513 seconds, Stopping threads took: 0.0000115 seconds
2017-04-24T18:18:10.433+0800: 9180.105: Total time for which application threads were stopped: 0.0000500 seconds, Stopping threads took: 0.0000151 seconds
2017-04-24T18:18:10.433+0800: 9180.105: Total time for which application threads were stopped: 0.0000407 seconds, Stopping threads took: 0.0000099 seconds
2017-04-24T18:18:10.433+0800: 9180.106: Total time for which application threads were stopped: 0.0000427 seconds, Stopping threads took: 0.0000071 seconds
2017-04-24T18:18:10.433+0800: 9180.106: Total time for which application threads were stopped: 0.0000558 seconds, Stopping threads took: 0.0000170 seconds
2017-04-24T18:18:10.433+0800: 9180.106: Total time for which application threads were stopped: 0.0000629 seconds, Stopping threads took: 0.0000186 seconds
2017-04-24T18:18:10.433+0800: 9180.106: Total time for which application threads were stopped: 0.0000510 seconds, Stopping threads took: 0.0000170 seconds
2017-04-24T18:18:10.433+0800: 9180.106: Total time for which application threads were stopped: 0.0000462 seconds, Stopping threads took: 0.0000160 seconds
2017-04-24T18:18:10.433+0800: 9180.106: Total time for which application threads were stopped: 0.0000529 seconds, Stopping threads took: 0.0000164 seconds
2017-04-24T18:18:10.434+0800: 9180.106: Total time for which application threads were stopped: 0.0000510 seconds, Stopping threads took: 0.0000160 seconds
2017-04-24T18:18:10.434+0800: 9180.106: Total time for which application threads were stopped: 0.0000459 seconds, Stopping threads took: 0.0000141 seconds
2017-04-24T18:18:10.434+0800: 9180.106: Total time for which application threads were stopped: 0.0000500 seconds, Stopping threads took: 0.0000138 seconds
2017-04-24T18:18:10.434+0800: 9180.107: Total time for which application threads were stopped: 0.0000561 seconds, Stopping threads took: 0.0000192 seconds
2017-04-24T18:18:10.434+0800: 9180.107: Total time for which application threads were stopped: 0.0000539 seconds, Stopping threads took: 0.0000141 seconds
2017-04-24T18:18:10.434+0800: 9180.107: Total time for which application threads were stopped: 0.0000433 seconds, Stopping threads took: 0.0000080 seconds
2017-04-24T18:18:10.435+0800: 9180.107: Total time for which application threads were stopped: 0.0000391 seconds, Stopping threads took: 0.0000067 seconds
2017-04-24T18:18:10.758+0800: 9180.431: Total time for which application threads were stopped: 0.0001010 seconds, Stopping threads took: 0.0000192 seconds
2017-04-24T18:18:10.758+0800: 9180.431: Total time for which application threads were stopped: 0.0000577 seconds, Stopping threads took: 0.0000122 seconds
2017-04-24T18:18:10.758+0800: 9180.431: Total time for which application threads were stopped: 0.0000497 seconds, Stopping threads took: 0.0000112 seconds
2017-04-24T18:18:10.758+0800: 9180.431: Total time for which application threads were stopped: 0.0000481 seconds, Stopping threads took: 0.0000087 seconds
2017-04-24T18:18:10.759+0800: 9180.431: Total time for which application threads were stopped: 0.0000516 seconds, Stopping threads took: 0.0000099 seconds
2017-04-24T18:18:10.759+0800: 9180.431: Total time for which application threads were stopped: 0.0000414 seconds, Stopping threads took: 0.0000077 seconds
2017-04-24T18:18:10.759+0800: 9180.431: Total time for which application threads were stopped: 0.0000449 seconds, Stopping threads took: 0.0000083 seconds
2017-04-24T18:18:10.759+0800: 9180.431: Total time for which application threads were stopped: 0.0000706 seconds, Stopping threads took: 0.0000334 seconds
2017-04-24T18:18:20.427+0800: 9190.099: Total time for which application threads were stopped: 0.0002633 seconds, Stopping threads took: 0.0000346 seconds
2017-04-24T18:18:20.427+0800: 9190.100: Total time for which application threads were stopped: 0.0001655 seconds, Stopping threads took: 0.0000311 seconds
2017-04-24T18:18:20.710+0800: 9190.383: Total time for which application threads were stopped: 0.0001318 seconds, Stopping threads took: 0.0000221 seconds
2017-04-24T18:18:20.710+0800: 9190.383: Total time for which application threads were stopped: 0.0001026 seconds, Stopping threads took: 0.0000173 seconds
2017-04-24T18:18:20.710+0800: 9190.383: Total time for which application threads were stopped: 0.0001004 seconds, Stopping threads took: 0.0000173 seconds
2017-04-24T18:18:20.710+0800: 9190.383: Total time for which application threads were stopped: 0.0000885 seconds, Stopping threads took: 0.0000141 seconds
2017-04-24T18:18:20.711+0800: 9190.383: Total time for which application threads were stopped: 0.0000783 seconds, Stopping threads took: 0.0000115 seconds
2017-04-24T18:18:20.711+0800: 9190.383: Total time for which application threads were stopped: 0.0000712 seconds, Stopping threads took: 0.0000128 seconds
2017-04-24T18:18:30.437+0800: 9200.110: Total time for which application threads were stopped: 0.0002569 seconds, Stopping threads took: 0.0000552 seconds
2017-04-24T18:18:30.438+0800: 9200.111: Total time for which application threads were stopped: 0.0001427 seconds, Stopping threads took: 0.0000260 seconds
2017-04-24T18:18:30.738+0800: 9200.411: Total time for which application threads were stopped: 0.0003050 seconds, Stopping threads took: 0.0000805 seconds
2017-04-24T18:18:30.739+0800: 9200.411: Total time for which application threads were stopped: 0.0002704 seconds, Stopping threads took: 0.0000532 seconds
2017-04-24T18:18:30.739+0800: 9200.411: Total time for which application threads were stopped: 0.0001944 seconds, Stopping threads took: 0.0000414 seconds
2017-04-24T18:18:30.740+0800: 9200.413: Total time for which application threads were stopped: 0.0001745 seconds, Stopping threads took: 0.0000279 seconds
2017-04-24T18:18:30.740+0800: 9200.413: Total time for which application threads were stopped: 0.0001491 seconds, Stopping threads took: 0.0000253 seconds
2017-04-24T18:18:30.741+0800: 9200.413: Total time for which application threads were stopped: 0.0001514 seconds, Stopping threads took: 0.0000282 seconds
2017-04-24T18:18:30.741+0800: 9200.413: Total time for which application threads were stopped: 0.0001411 seconds, Stopping threads took: 0.0000250 seconds
2017-04-24T18:18:30.741+0800: 9200.413: Total time for which application threads were stopped: 0.0001382 seconds, Stopping threads took: 0.0000241 seconds
2017-04-24T18:18:40.441+0800: 9210.113: Total time for which application threads were stopped: 0.0001379 seconds, Stopping threads took: 0.0000276 seconds
2017-04-24T18:18:40.441+0800: 9210.114: Total time for which application threads were stopped: 0.0000969 seconds, Stopping threads took: 0.0000167 seconds
2017-04-24T18:18:40.740+0800: 9210.413: Total time for which application threads were stopped: 0.0002691 seconds, Stopping threads took: 0.0000520 seconds
2017-04-24T18:18:40.741+0800: 9210.413: Total time for which application threads were stopped: 0.0002386 seconds, Stopping threads took: 0.0000824 seconds
2017-04-24T18:18:40.741+0800: 9210.413: Total time for which application threads were stopped: 0.0001607 seconds, Stopping threads took: 0.0000292 seconds
2017-04-24T18:18:40.742+0800: 9210.415: Total time for which application threads were stopped: 0.0002319 seconds, Stopping threads took: 0.0000420 seconds
2017-04-24T18:18:40.742+0800: 9210.415: Total time for which application threads were stopped: 0.0001459 seconds, Stopping threads took: 0.0000263 seconds
2017-04-24T18:18:40.743+0800: 9210.415: Total time for which application threads were stopped: 0.0001370 seconds, Stopping threads took: 0.0000241 seconds
2017-04-24T18:18:40.743+0800: 9210.415: Total time for which application threads were stopped: 0.0001325 seconds, Stopping threads took: 0.0000241 seconds
2017-04-24T18:18:40.743+0800: 9210.416: Total time for which application threads were stopped: 0.0004673 seconds, Stopping threads took: 0.0000234 seconds
2017-04-24T18:18:50.435+0800: 9220.108: Total time for which application threads were stopped: 0.0001831 seconds, Stopping threads took: 0.0000375 seconds
2017-04-24T18:18:50.436+0800: 9220.108: Total time for which application threads were stopped: 0.0001398 seconds, Stopping threads took: 0.0000244 seconds
2017-04-24T18:18:50.742+0800: 9220.415: Total time for which application threads were stopped: 0.0002851 seconds, Stopping threads took: 0.0000622 seconds
2017-04-24T18:18:50.742+0800: 9220.415: Total time for which application threads were stopped: 0.0001985 seconds, Stopping threads took: 0.0000343 seconds
2017-04-24T18:18:50.743+0800: 9220.415: Total time for which application threads were stopped: 0.0002393 seconds, Stopping threads took: 0.0000818 seconds
2017-04-24T18:18:50.744+0800: 9220.416: Total time for which application threads were stopped: 0.0002383 seconds, Stopping threads took: 0.0000481 seconds
2017-04-24T18:19:00.441+0800: 9230.114: Total time for which application threads were stopped: 0.0002784 seconds, Stopping threads took: 0.0000706 seconds
2017-04-24T18:19:00.442+0800: 9230.115: Total time for which application threads were stopped: 0.0002005 seconds, Stopping threads took: 0.0000395 seconds
2017-04-24T18:19:00.778+0800: 9230.450: Total time for which application threads were stopped: 0.0005578 seconds, Stopping threads took: 0.0003281 seconds
2017-04-24T18:19:00.778+0800: 9230.451: Total time for which application threads were stopped: 0.0002688 seconds, Stopping threads took: 0.0000667 seconds
2017-04-24T18:19:00.779+0800: 9230.451: Total time for which application threads were stopped: 0.0002143 seconds, Stopping threads took: 0.0000475 seconds
2017-04-24T18:19:00.780+0800: 9230.452: Total time for which application threads were stopped: 0.0002094 seconds, Stopping threads took: 0.0000378 seconds
2017-04-24T18:19:00.780+0800: 9230.452: Total time for which application threads were stopped: 0.0002409 seconds, Stopping threads took: 0.0000597 seconds
2017-04-24T18:19:00.780+0800: 9230.453: Total time for which application threads were stopped: 0.0001636 seconds, Stopping threads took: 0.0000282 seconds
2017-04-24T18:19:00.780+0800: 9230.453: Total time for which application threads were stopped: 0.0001511 seconds, Stopping threads took: 0.0000282 seconds
2017-04-24T18:19:00.781+0800: 9230.453: Total time for which application threads were stopped: 0.0001398 seconds, Stopping threads took: 0.0000253 seconds
2017-04-24T18:19:10.437+0800: 9240.110: Total time for which application threads were stopped: 0.0002620 seconds, Stopping threads took: 0.0000536 seconds
2017-04-24T18:19:10.438+0800: 9240.111: Total time for which application threads were stopped: 0.0001437 seconds, Stopping threads took: 0.0000263 seconds
2017-04-24T18:19:10.765+0800: 9240.438: Total time for which application threads were stopped: 0.0002954 seconds, Stopping threads took: 0.0000597 seconds
2017-04-24T18:19:10.765+0800: 9240.438: Total time for which application threads were stopped: 0.0002935 seconds, Stopping threads took: 0.0000831 seconds
2017-04-24T18:19:10.766+0800: 9240.438: Total time for which application threads were stopped: 0.0002072 seconds, Stopping threads took: 0.0000616 seconds
2017-04-24T18:19:10.767+0800: 9240.439: Total time for which application threads were stopped: 0.0001751 seconds, Stopping threads took: 0.0000295 seconds
2017-04-24T18:19:10.767+0800: 9240.440: Total time for which application threads were stopped: 0.0001524 seconds, Stopping threads took: 0.0000257 seconds
2017-04-24T18:19:10.767+0800: 9240.440: Total time for which application threads were stopped: 0.0001482 seconds, Stopping threads took: 0.0000247 seconds
2017-04-24T18:19:10.767+0800: 9240.440: Total time for which application threads were stopped: 0.0001934 seconds, Stopping threads took: 0.0000350 seconds
2017-04-24T18:19:10.767+0800: 9240.440: Total time for which application threads were stopped: 0.0001469 seconds, Stopping threads took: 0.0000257 seconds
2017-04-24T18:19:20.435+0800: 9250.108: Total time for which application threads were stopped: 0.0001764 seconds, Stopping threads took: 0.0000372 seconds
2017-04-24T18:19:20.436+0800: 9250.109: Total time for which application threads were stopped: 0.0001225 seconds, Stopping threads took: 0.0000221 seconds
2017-04-24T18:19:20.744+0800: 9250.416: Total time for which application threads were stopped: 0.0003381 seconds, Stopping threads took: 0.0001123 seconds
2017-04-24T18:19:20.745+0800: 9250.418: Total time for which application threads were stopped: 0.0002608 seconds, Stopping threads took: 0.0000491 seconds
2017-04-24T18:19:20.745+0800: 9250.418: Total time for which application threads were stopped: 0.0001892 seconds, Stopping threads took: 0.0000298 seconds
2017-04-24T18:19:20.746+0800: 9250.418: Total time for which application threads were stopped: 0.0003506 seconds, Stopping threads took: 0.0000584 seconds
2017-04-24T18:19:20.746+0800: 9250.418: Total time for which application threads were stopped: 0.0001758 seconds, Stopping threads took: 0.0000337 seconds
2017-04-24T18:19:20.746+0800: 9250.419: Total time for which application threads were stopped: 0.0001889 seconds, Stopping threads took: 0.0000337 seconds
2017-04-24T18:19:20.758+0800: 9250.431: Total time for which application threads were stopped: 0.0002758 seconds, Stopping threads took: 0.0000587 seconds
2017-04-24T18:19:30.423+0800: 9260.096: Total time for which application threads were stopped: 0.0001594 seconds, Stopping threads took: 0.0000314 seconds
2017-04-24T18:19:30.424+0800: 9260.096: Total time for which application threads were stopped: 0.0001559 seconds, Stopping threads took: 0.0000301 seconds
2017-04-24T18:19:30.773+0800: 9260.446: Total time for which application threads were stopped: 0.0005873 seconds, Stopping threads took: 0.0000552 seconds
2017-04-24T18:19:30.774+0800: 9260.447: Total time for which application threads were stopped: 0.0005129 seconds, Stopping threads took: 0.0001026 seconds
2017-04-24T18:19:30.775+0800: 9260.447: Total time for which application threads were stopped: 0.0002329 seconds, Stopping threads took: 0.0000330 seconds
2017-04-24T18:19:30.775+0800: 9260.448: Total time for which application threads were stopped: 0.0002402 seconds, Stopping threads took: 0.0000353 seconds
2017-04-24T18:19:30.775+0800: 9260.448: Total time for which application threads were stopped: 0.0002386 seconds, Stopping threads took: 0.0000263 seconds
2017-04-24T18:19:30.776+0800: 9260.448: Total time for which application threads were stopped: 0.0002046 seconds, Stopping threads took: 0.0000391 seconds
2017-04-24T18:19:30.776+0800: 9260.449: Total time for which application threads were stopped: 0.0001822 seconds, Stopping threads took: 0.0000388 seconds
2017-04-24T18:19:30.790+0800: 9260.463: Total time for which application threads were stopped: 0.0002688 seconds, Stopping threads took: 0.0000520 seconds
2017-04-24T18:19:40.438+0800: 9270.110: Total time for which application threads were stopped: 0.0002768 seconds, Stopping threads took: 0.0000545 seconds
2017-04-24T18:19:40.438+0800: 9270.111: Total time for which application threads were stopped: 0.0001944 seconds, Stopping threads took: 0.0000343 seconds
2017-04-24T18:19:40.804+0800: 9270.477: Total time for which application threads were stopped: 0.0002794 seconds, Stopping threads took: 0.0000529 seconds
2017-04-24T18:19:40.804+0800: 9270.477: Total time for which application threads were stopped: 0.0001892 seconds, Stopping threads took: 0.0000305 seconds
2017-04-24T18:19:40.805+0800: 9270.477: Total time for which application threads were stopped: 0.0002746 seconds, Stopping threads took: 0.0000475 seconds
2017-04-24T18:19:40.805+0800: 9270.477: Total time for which application threads were stopped: 0.0002098 seconds, Stopping threads took: 0.0000417 seconds
2017-04-24T18:19:40.805+0800: 9270.478: Total time for which application threads were stopped: 0.0002101 seconds, Stopping threads took: 0.0000430 seconds
2017-04-24T18:19:40.814+0800: 9270.487: Total time for which application threads were stopped: 0.0002402 seconds, Stopping threads took: 0.0000443 seconds
{Heap before GC invocations=89 (full 2):
 par new generation   total 109248K, used 92147K [0x00000000e0000000, 0x00000000e8000000, 0x00000000e8000000)
  eden space 87424K,  99% used [0x00000000e0000000, 0x00000000e5557e30, 0x00000000e5560000)
  from space 21824K,  21% used [0x00000000e6ab0000, 0x00000000e6f54e50, 0x00000000e8000000)
  to   space 21824K,   0% used [0x00000000e5560000, 0x00000000e5560000, 0x00000000e6ab0000)
 concurrent mark-sweep generation total 393216K, used 19127K [0x00000000e8000000, 0x0000000100000000, 0x0000000100000000)
 Metaspace       used 42703K, capacity 43480K, committed 43800K, reserved 1087488K
  class space    used 4602K, capacity 4830K, committed 4940K, reserved 1048576K
2017-04-24T18:19:50.435+0800: 9280.107: [GC (Allocation Failure) 2017-04-24T18:19:50.435+0800: 9280.107: [ParNew
Desired survivor size 20112992 bytes, new threshold 8 (max 8)
- age   1:    2765040 bytes,    2765040 total
- age   2:     723352 bytes,    3488392 total
- age   3:      69160 bytes,    3557552 total
- age   4:      13432 bytes,    3570984 total
- age   5:      12040 bytes,    3583024 total
- age   6:      13944 bytes,    3596968 total
- age   7:      12376 bytes,    3609344 total
- age   8:      12376 bytes,    3621720 total
: 92147K->4471K(109248K), 0.0060783 secs] 111274K->23610K(502464K), 0.0061746 secs] [Times: user=0.00 sys=0.00, real=0.01 secs] 
Heap after GC invocations=90 (full 2):
 par new generation   total 109248K, used 4471K [0x00000000e0000000, 0x00000000e8000000, 0x00000000e8000000)
  eden space 87424K,   0% used [0x00000000e0000000, 0x00000000e0000000, 0x00000000e5560000)
  from space 21824K,  20% used [0x00000000e5560000, 0x00000000e59bdc60, 0x00000000e6ab0000)
  to   space 21824K,   0% used [0x00000000e6ab0000, 0x00000000e6ab0000, 0x00000000e8000000)
 concurrent mark-sweep generation total 393216K, used 19139K [0x00000000e8000000, 0x0000000100000000, 0x0000000100000000)
 Metaspace       used 42703K, capacity 43480K, committed 43800K, reserved 1087488K
  class space    used 4602K, capacity 4830K, committed 4940K, reserved 1048576K
}
2017-04-24T18:19:50.441+0800: 9280.114: Total time for which application threads were stopped: 0.0064658 seconds, Stopping threads took: 0.0000311 seconds
2017-04-24T18:19:50.441+0800: 9280.114: Total time for which application threads were stopped: 0.0001681 seconds, Stopping threads took: 0.0000548 seconds
2017-04-24T18:19:50.441+0800: 9280.114: Total time for which application threads were stopped: 0.0001257 seconds, Stopping threads took: 0.0000443 seconds
2017-04-24T18:19:50.442+0800: 9280.114: Total time for which application threads were stopped: 0.0001270 seconds, Stopping threads took: 0.0000324 seconds
2017-04-24T18:19:50.442+0800: 9280.115: Total time for which application threads were stopped: 0.0000937 seconds, Stopping threads took: 0.0000318 seconds
2017-04-24T18:19:50.442+0800: 9280.115: Total time for which application threads were stopped: 0.0000888 seconds, Stopping threads took: 0.0000273 seconds
2017-04-24T18:19:50.442+0800: 9280.115: Total time for which application threads were stopped: 0.0000808 seconds, Stopping threads took: 0.0000247 seconds
2017-04-24T18:19:50.442+0800: 9280.115: Total time for which application threads were stopped: 0.0001058 seconds, Stopping threads took: 0.0000497 seconds
2017-04-24T18:19:50.443+0800: 9280.115: Total time for which application threads were stopped: 0.0001017 seconds, Stopping threads took: 0.0000221 seconds
2017-04-24T18:19:50.443+0800: 9280.115: Total time for which application threads were stopped: 0.0000789 seconds, Stopping threads took: 0.0000225 seconds
2017-04-24T18:19:50.443+0800: 9280.116: Total time for which application threads were stopped: 0.0000654 seconds, Stopping threads took: 0.0000135 seconds
2017-04-24T18:19:50.443+0800: 9280.116: Total time for which application threads were stopped: 0.0000786 seconds, Stopping threads took: 0.0000225 seconds
2017-04-24T18:19:50.443+0800: 9280.116: Total time for which application threads were stopped: 0.0000808 seconds, Stopping threads took: 0.0000241 seconds
2017-04-24T18:19:50.443+0800: 9280.116: Total time for which application threads were stopped: 0.0000744 seconds, Stopping threads took: 0.0000208 seconds
2017-04-24T18:19:50.444+0800: 9280.116: Total time for which application threads were stopped: 0.0000943 seconds, Stopping threads took: 0.0000285 seconds
2017-04-24T18:19:50.444+0800: 9280.116: Total time for which application threads were stopped: 0.0001729 seconds, Stopping threads took: 0.0000921 seconds
2017-04-24T18:19:50.444+0800: 9280.117: Total time for which application threads were stopped: 0.0001103 seconds, Stopping threads took: 0.0000417 seconds
2017-04-24T18:19:50.444+0800: 9280.117: Total time for which application threads were stopped: 0.0001155 seconds, Stopping threads took: 0.0000452 seconds
2017-04-24T18:19:50.445+0800: 9280.117: Total time for which application threads were stopped: 0.0001010 seconds, Stopping threads took: 0.0000269 seconds
2017-04-24T18:19:50.445+0800: 9280.118: Total time for which application threads were stopped: 0.0001055 seconds, Stopping threads took: 0.0000295 seconds
2017-04-24T18:19:50.445+0800: 9280.118: Total time for which application threads were stopped: 0.0002322 seconds, Stopping threads took: 0.0000154 seconds
2017-04-24T18:19:50.446+0800: 9280.118: Total time for which application threads were stopped: 0.0002155 seconds, Stopping threads took: 0.0000180 seconds
2017-04-24T18:19:50.446+0800: 9280.119: Total time for which application threads were stopped: 0.0000683 seconds, Stopping threads took: 0.0000132 seconds
2017-04-24T18:19:50.446+0800: 9280.119: Total time for which application threads were stopped: 0.0000645 seconds, Stopping threads took: 0.0000119 seconds
2017-04-24T18:19:50.759+0800: 9280.431: Total time for which application threads were stopped: 0.0001607 seconds, Stopping threads took: 0.0000308 seconds
2017-04-24T18:19:50.759+0800: 9280.432: Total time for which application threads were stopped: 0.0001026 seconds, Stopping threads took: 0.0000298 seconds
2017-04-24T18:19:50.759+0800: 9280.432: Total time for which application threads were stopped: 0.0001228 seconds, Stopping threads took: 0.0000260 seconds
2017-04-24T18:19:50.759+0800: 9280.432: Total time for which application threads were stopped: 0.0000998 seconds, Stopping threads took: 0.0000208 seconds
2017-04-24T18:19:50.760+0800: 9280.432: Total time for which application threads were stopped: 0.0002713 seconds, Stopping threads took: 0.0000141 seconds
2017-04-24T18:19:50.765+0800: 9280.438: Total time for which application threads were stopped: 0.0001225 seconds, Stopping threads took: 0.0000247 seconds
2017-04-24T18:20:00.414+0800: 9290.086: Total time for which application threads were stopped: 0.0001212 seconds, Stopping threads took: 0.0000324 seconds
2017-04-24T18:20:00.414+0800: 9290.086: Total time for which application threads were stopped: 0.0000834 seconds, Stopping threads took: 0.0000119 seconds
2017-04-24T18:20:00.692+0800: 9290.365: Total time for which application threads were stopped: 0.0002075 seconds, Stopping threads took: 0.0000439 seconds
2017-04-24T18:20:00.699+0800: 9290.372: Total time for which application threads were stopped: 0.0001309 seconds, Stopping threads took: 0.0000241 seconds
2017-04-24T18:20:10.416+0800: 9300.089: Total time for which application threads were stopped: 0.0001094 seconds, Stopping threads took: 0.0000212 seconds
2017-04-24T18:20:10.416+0800: 9300.089: Total time for which application threads were stopped: 0.0000802 seconds, Stopping threads took: 0.0000141 seconds
2017-04-24T18:20:10.655+0800: 9300.328: Total time for which application threads were stopped: 0.0002829 seconds, Stopping threads took: 0.0000532 seconds
2017-04-24T18:20:10.655+0800: 9300.328: Total time for which application threads were stopped: 0.0002422 seconds, Stopping threads took: 0.0000462 seconds
2017-04-24T18:20:10.656+0800: 9300.328: Total time for which application threads were stopped: 0.0001674 seconds, Stopping threads took: 0.0000282 seconds
2017-04-24T18:20:10.656+0800: 9300.328: Total time for which application threads were stopped: 0.0001479 seconds, Stopping threads took: 0.0000257 seconds
2017-04-24T18:20:10.656+0800: 9300.329: Total time for which application threads were stopped: 0.0001636 seconds, Stopping threads took: 0.0000253 seconds
2017-04-24T18:20:10.665+0800: 9300.338: Total time for which application threads were stopped: 0.0001937 seconds, Stopping threads took: 0.0000385 seconds
2017-04-24T18:20:20.695+0800: 9310.368: Total time for which application threads were stopped: 0.0001677 seconds, Stopping threads took: 0.0000228 seconds
2017-04-24T18:20:20.695+0800: 9310.368: Total time for which application threads were stopped: 0.0001123 seconds, Stopping threads took: 0.0000141 seconds
2017-04-24T18:20:20.695+0800: 9310.368: Total time for which application threads were stopped: 0.0000946 seconds, Stopping threads took: 0.0000122 seconds
2017-04-24T18:20:20.695+0800: 9310.368: Total time for which application threads were stopped: 0.0000760 seconds, Stopping threads took: 0.0000087 seconds
2017-04-24T18:20:20.696+0800: 9310.368: Total time for which application threads were stopped: 0.0000853 seconds, Stopping threads took: 0.0000109 seconds
2017-04-24T18:20:20.701+0800: 9310.373: Total time for which application threads were stopped: 0.0001004 seconds, Stopping threads took: 0.0000196 seconds
2017-04-24T18:20:30.851+0800: 9320.524: Total time for which application threads were stopped: 0.0004048 seconds, Stopping threads took: 0.0000770 seconds
2017-04-24T18:20:30.852+0800: 9320.524: Total time for which application threads were stopped: 0.0003114 seconds, Stopping threads took: 0.0000446 seconds
2017-04-24T18:20:30.852+0800: 9320.524: Total time for which application threads were stopped: 0.0002261 seconds, Stopping threads took: 0.0000269 seconds
2017-04-24T18:20:30.852+0800: 9320.525: Total time for which application threads were stopped: 0.0002098 seconds, Stopping threads took: 0.0000247 seconds
2017-04-24T18:20:30.853+0800: 9320.525: Total time for which application threads were stopped: 0.0002094 seconds, Stopping threads took: 0.0000250 seconds
2017-04-24T18:20:30.867+0800: 9320.539: Total time for which application threads were stopped: 0.0003053 seconds, Stopping threads took: 0.0000555 seconds
2017-04-24T18:20:40.414+0800: 9330.086: Total time for which application threads were stopped: 0.0001004 seconds, Stopping threads took: 0.0000205 seconds
2017-04-24T18:20:40.414+0800: 9330.087: Total time for which application threads were stopped: 0.0000805 seconds, Stopping threads took: 0.0000148 seconds
2017-04-24T18:20:40.673+0800: 9330.346: Total time for which application threads were stopped: 0.0001107 seconds, Stopping threads took: 0.0000215 seconds
2017-04-24T18:20:40.674+0800: 9330.346: Total time for which application threads were stopped: 0.0000568 seconds, Stopping threads took: 0.0000115 seconds
2017-04-24T18:20:40.674+0800: 9330.346: Total time for which application threads were stopped: 0.0000481 seconds, Stopping threads took: 0.0000103 seconds
2017-04-24T18:20:40.674+0800: 9330.346: Total time for which application threads were stopped: 0.0000417 seconds, Stopping threads took: 0.0000090 seconds
2017-04-24T18:20:40.674+0800: 9330.346: Total time for which application threads were stopped: 0.0000404 seconds, Stopping threads took: 0.0000083 seconds
2017-04-24T18:20:40.677+0800: 9330.350: Total time for which application threads were stopped: 0.0000821 seconds, Stopping threads took: 0.0000157 seconds
2017-04-24T18:20:50.408+0800: 9340.080: Total time for which application threads were stopped: 0.0004885 seconds, Stopping threads took: 0.0000526 seconds
2017-04-24T18:20:50.720+0800: 9340.392: Total time for which application threads were stopped: 0.0003769 seconds, Stopping threads took: 0.0000523 seconds
2017-04-24T18:20:50.720+0800: 9340.393: Total time for which application threads were stopped: 0.0003086 seconds, Stopping threads took: 0.0000439 seconds
2017-04-24T18:20:50.721+0800: 9340.393: Total time for which application threads were stopped: 0.0002242 seconds, Stopping threads took: 0.0000292 seconds
2017-04-24T18:20:50.721+0800: 9340.393: Total time for which application threads were stopped: 0.0002110 seconds, Stopping threads took: 0.0000250 seconds
2017-04-24T18:20:50.721+0800: 9340.394: Total time for which application threads were stopped: 0.0002078 seconds, Stopping threads took: 0.0000247 seconds
2017-04-24T18:21:00.438+0800: 9350.110: Total time for which application threads were stopped: 0.0002957 seconds, Stopping threads took: 0.0000574 seconds
2017-04-24T18:21:00.439+0800: 9350.111: Total time for which application threads were stopped: 0.0005459 seconds, Stopping threads took: 0.0000423 seconds
2017-04-24T18:21:00.812+0800: 9350.484: Total time for which application threads were stopped: 0.0003015 seconds, Stopping threads took: 0.0000571 seconds
2017-04-24T18:21:00.813+0800: 9350.486: Total time for which application threads were stopped: 0.0002755 seconds, Stopping threads took: 0.0000481 seconds
2017-04-24T18:21:00.813+0800: 9350.486: Total time for which application threads were stopped: 0.0001940 seconds, Stopping threads took: 0.0000301 seconds
2017-04-24T18:21:00.813+0800: 9350.486: Total time for which application threads were stopped: 0.0001684 seconds, Stopping threads took: 0.0000266 seconds
2017-04-24T18:21:00.814+0800: 9350.486: Total time for which application threads were stopped: 0.0001629 seconds, Stopping threads took: 0.0000260 seconds
2017-04-24T18:21:00.814+0800: 9350.487: Total time for which application threads were stopped: 0.0004699 seconds, Stopping threads took: 0.0000279 seconds
2017-04-24T18:21:00.824+0800: 9350.496: Total time for which application threads were stopped: 0.0002197 seconds, Stopping threads took: 0.0000391 seconds
2017-04-24T18:21:10.440+0800: 9360.112: Total time for which application threads were stopped: 0.0006440 seconds, Stopping threads took: 0.0000702 seconds
2017-04-24T18:21:10.441+0800: 9360.113: Total time for which application threads were stopped: 0.0002248 seconds, Stopping threads took: 0.0000481 seconds
2017-04-24T18:21:10.797+0800: 9360.469: Total time for which application threads were stopped: 0.0001803 seconds, Stopping threads took: 0.0000346 seconds
2017-04-24T18:21:10.804+0800: 9360.476: Total time for which application threads were stopped: 0.0003711 seconds, Stopping threads took: 0.0000346 seconds
2017-04-24T18:21:20.437+0800: 9370.109: Total time for which application threads were stopped: 0.0001770 seconds, Stopping threads took: 0.0000401 seconds
2017-04-24T18:21:20.437+0800: 9370.110: Total time for which application threads were stopped: 0.0002447 seconds, Stopping threads took: 0.0001177 seconds
2017-04-24T18:21:20.691+0800: 9370.363: Total time for which application threads were stopped: 0.0003329 seconds, Stopping threads took: 0.0000850 seconds
2017-04-24T18:21:20.691+0800: 9370.363: Total time for which application threads were stopped: 0.0001870 seconds, Stopping threads took: 0.0000372 seconds
2017-04-24T18:21:20.691+0800: 9370.364: Total time for which application threads were stopped: 0.0002428 seconds, Stopping threads took: 0.0000988 seconds
2017-04-24T18:21:20.692+0800: 9370.365: Total time for which application threads were stopped: 0.0002553 seconds, Stopping threads took: 0.0000427 seconds
2017-04-24T18:21:20.692+0800: 9370.365: Total time for which application threads were stopped: 0.0001729 seconds, Stopping threads took: 0.0000276 seconds
2017-04-24T18:21:20.693+0800: 9370.365: Total time for which application threads were stopped: 0.0001995 seconds, Stopping threads took: 0.0000641 seconds
2017-04-24T18:21:20.693+0800: 9370.365: Total time for which application threads were stopped: 0.0001568 seconds, Stopping threads took: 0.0000250 seconds
2017-04-24T18:21:20.693+0800: 9370.366: Total time for which application threads were stopped: 0.0001722 seconds, Stopping threads took: 0.0000423 seconds
{Heap before GC invocations=90 (full 2):
 par new generation   total 109248K, used 91895K [0x00000000e0000000, 0x00000000e8000000, 0x00000000e8000000)
  eden space 87424K, 100% used [0x00000000e0000000, 0x00000000e5560000, 0x00000000e5560000)
  from space 21824K,  20% used [0x00000000e5560000, 0x00000000e59bdc60, 0x00000000e6ab0000)
  to   space 21824K,   0% used [0x00000000e6ab0000, 0x00000000e6ab0000, 0x00000000e8000000)
 concurrent mark-sweep generation total 393216K, used 19139K [0x00000000e8000000, 0x0000000100000000, 0x0000000100000000)
 Metaspace       used 42703K, capacity 43480K, committed 43800K, reserved 1087488K
  class space    used 4602K, capacity 4830K, committed 4940K, reserved 1048576K
2017-04-24T18:21:30.437+0800: 9380.109: [GC (Allocation Failure) 2017-04-24T18:21:30.437+0800: 9380.109: [ParNew
Desired survivor size 20112992 bytes, new threshold 8 (max 8)
- age   1:    2700184 bytes,    2700184 total
- age   2:     693944 bytes,    3394128 total
- age   3:      97440 bytes,    3491568 total
- age   4:      13456 bytes,    3505024 total
- age   5:      12736 bytes,    3517760 total
- age   6:      12040 bytes,    3529800 total
- age   7:      13944 bytes,    3543744 total
- age   8:      12376 bytes,    3556120 total
: 91895K->4373K(109248K), 0.0120133 secs] 111034K->23524K(502464K), 0.0122083 secs] [Times: user=0.01 sys=0.00, real=0.01 secs] 
Heap after GC invocations=91 (full 2):
 par new generation   total 109248K, used 4373K [0x00000000e0000000, 0x00000000e8000000, 0x00000000e8000000)
  eden space 87424K,   0% used [0x00000000e0000000, 0x00000000e0000000, 0x00000000e5560000)
  from space 21824K,  20% used [0x00000000e6ab0000, 0x00000000e6ef5660, 0x00000000e8000000)
  to   space 21824K,   0% used [0x00000000e5560000, 0x00000000e5560000, 0x00000000e6ab0000)
 concurrent mark-sweep generation total 393216K, used 19151K [0x00000000e8000000, 0x0000000100000000, 0x0000000100000000)
 Metaspace       used 42703K, capacity 43480K, committed 43800K, reserved 1087488K
  class space    used 4602K, capacity 4830K, committed 4940K, reserved 1048576K
}
2017-04-24T18:21:30.449+0800: 9380.122: Total time for which application threads were stopped: 0.0127674 seconds, Stopping threads took: 0.0000500 seconds
2017-04-24T18:21:30.449+0800: 9380.122: Total time for which application threads were stopped: 0.0002489 seconds, Stopping threads took: 0.0000548 seconds
2017-04-24T18:21:30.452+0800: 9380.124: Total time for which application threads were stopped: 0.0001261 seconds, Stopping threads took: 0.0000234 seconds
2017-04-24T18:21:30.452+0800: 9380.125: Total time for which application threads were stopped: 0.0000962 seconds, Stopping threads took: 0.0000157 seconds
2017-04-24T18:21:30.783+0800: 9380.455: Total time for which application threads were stopped: 0.0002633 seconds, Stopping threads took: 0.0000561 seconds
2017-04-24T18:21:30.783+0800: 9380.455: Total time for which application threads were stopped: 0.0001770 seconds, Stopping threads took: 0.0000340 seconds
2017-04-24T18:21:30.783+0800: 9380.456: Total time for which application threads were stopped: 0.0002162 seconds, Stopping threads took: 0.0000786 seconds
2017-04-24T18:21:30.785+0800: 9380.457: Total time for which application threads were stopped: 0.0005106 seconds, Stopping threads took: 0.0000330 seconds
2017-04-24T18:21:30.785+0800: 9380.457: Total time for which application threads were stopped: 0.0002252 seconds, Stopping threads took: 0.0000430 seconds
2017-04-24T18:21:30.785+0800: 9380.458: Total time for which application threads were stopped: 0.0001540 seconds, Stopping threads took: 0.0000273 seconds
2017-04-24T18:21:30.785+0800: 9380.458: Total time for which application threads were stopped: 0.0001655 seconds, Stopping threads took: 0.0000318 seconds
2017-04-24T18:21:30.786+0800: 9380.458: Total time for which application threads were stopped: 0.0001450 seconds, Stopping threads took: 0.0000253 seconds
2017-04-24T18:21:40.437+0800: 9390.109: Total time for which application threads were stopped: 0.0002697 seconds, Stopping threads took: 0.0000558 seconds
2017-04-24T18:21:40.438+0800: 9390.110: Total time for which application threads were stopped: 0.0001912 seconds, Stopping threads took: 0.0000327 seconds
2017-04-24T18:21:40.936+0800: 9390.609: Total time for which application threads were stopped: 0.0003355 seconds, Stopping threads took: 0.0001081 seconds
2017-04-24T18:21:40.936+0800: 9390.609: Total time for which application threads were stopped: 0.0002351 seconds, Stopping threads took: 0.0000491 seconds
2017-04-24T18:21:40.937+0800: 9390.609: Total time for which application threads were stopped: 0.0002576 seconds, Stopping threads took: 0.0000969 seconds
2017-04-24T18:21:40.938+0800: 9390.610: Total time for which application threads were stopped: 0.0002011 seconds, Stopping threads took: 0.0000382 seconds
2017-04-24T18:21:40.938+0800: 9390.611: Total time for which application threads were stopped: 0.0001828 seconds, Stopping threads took: 0.0000337 seconds
2017-04-24T18:21:40.938+0800: 9390.611: Total time for which application threads were stopped: 0.0001584 seconds, Stopping threads took: 0.0000285 seconds
2017-04-24T18:21:40.938+0800: 9390.611: Total time for which application threads were stopped: 0.0001418 seconds, Stopping threads took: 0.0000250 seconds
2017-04-24T18:21:50.436+0800: 9400.108: Total time for which application threads were stopped: 0.0001588 seconds, Stopping threads took: 0.0000378 seconds
2017-04-24T18:21:50.436+0800: 9400.108: Total time for which application threads were stopped: 0.0001091 seconds, Stopping threads took: 0.0000231 seconds
2017-04-24T18:21:50.773+0800: 9400.446: Total time for which application threads were stopped: 0.0003086 seconds, Stopping threads took: 0.0000552 seconds
2017-04-24T18:21:50.774+0800: 9400.446: Total time for which application threads were stopped: 0.0001831 seconds, Stopping threads took: 0.0000356 seconds
2017-04-24T18:21:50.774+0800: 9400.447: Total time for which application threads were stopped: 0.0002348 seconds, Stopping threads took: 0.0000882 seconds
2017-04-24T18:21:50.775+0800: 9400.448: Total time for which application threads were stopped: 0.0002309 seconds, Stopping threads took: 0.0000411 seconds
2017-04-24T18:21:50.775+0800: 9400.448: Total time for which application threads were stopped: 0.0001809 seconds, Stopping threads took: 0.0000334 seconds
2017-04-24T18:21:50.776+0800: 9400.448: Total time for which application threads were stopped: 0.0001774 seconds, Stopping threads took: 0.0000337 seconds
2017-04-24T18:21:50.776+0800: 9400.449: Total time for which application threads were stopped: 0.0002300 seconds, Stopping threads took: 0.0000629 seconds
2017-04-24T18:21:50.776+0800: 9400.449: Total time for which application threads were stopped: 0.0002450 seconds, Stopping threads took: 0.0000811 seconds
2017-04-24T18:22:00.436+0800: 9410.109: Total time for which application threads were stopped: 0.0002746 seconds, Stopping threads took: 0.0000555 seconds
2017-04-24T18:22:00.437+0800: 9410.110: Total time for which application threads were stopped: 0.0001989 seconds, Stopping threads took: 0.0000378 seconds
2017-04-24T18:22:00.771+0800: 9410.444: Total time for which application threads were stopped: 0.0002723 seconds, Stopping threads took: 0.0000542 seconds
2017-04-24T18:22:00.772+0800: 9410.444: Total time for which application threads were stopped: 0.0002521 seconds, Stopping threads took: 0.0000767 seconds
2017-04-24T18:22:00.772+0800: 9410.445: Total time for which application threads were stopped: 0.0001652 seconds, Stopping threads took: 0.0000346 seconds
2017-04-24T18:22:00.773+0800: 9410.446: Total time for which application threads were stopped: 0.0001796 seconds, Stopping threads took: 0.0000372 seconds
2017-04-24T18:22:00.773+0800: 9410.446: Total time for which application threads were stopped: 0.0002088 seconds, Stopping threads took: 0.0000661 seconds
2017-04-24T18:22:00.774+0800: 9410.446: Total time for which application threads were stopped: 0.0001976 seconds, Stopping threads took: 0.0000462 seconds
2017-04-24T18:22:00.774+0800: 9410.446: Total time for which application threads were stopped: 0.0001620 seconds, Stopping threads took: 0.0000372 seconds
2017-04-24T18:22:00.774+0800: 9410.447: Total time for which application threads were stopped: 0.0001633 seconds, Stopping threads took: 0.0000369 seconds
2017-04-24T18:22:10.440+0800: 9420.113: Total time for which application threads were stopped: 0.0002893 seconds, Stopping threads took: 0.0000638 seconds
2017-04-24T18:22:10.441+0800: 9420.113: Total time for which application threads were stopped: 0.0000786 seconds, Stopping threads took: 0.0000151 seconds
2017-04-24T18:22:10.738+0800: 9420.411: Total time for which application threads were stopped: 0.0002425 seconds, Stopping threads took: 0.0000600 seconds
2017-04-24T18:22:10.739+0800: 9420.411: Total time for which application threads were stopped: 0.0002210 seconds, Stopping threads took: 0.0000706 seconds
2017-04-24T18:22:10.739+0800: 9420.411: Total time for which application threads were stopped: 0.0001347 seconds, Stopping threads took: 0.0000308 seconds
2017-04-24T18:22:10.740+0800: 9420.412: Total time for which application threads were stopped: 0.0001649 seconds, Stopping threads took: 0.0000289 seconds
2017-04-24T18:22:10.740+0800: 9420.412: Total time for which application threads were stopped: 0.0001261 seconds, Stopping threads took: 0.0000202 seconds
2017-04-24T18:22:10.740+0800: 9420.413: Total time for which application threads were stopped: 0.0001164 seconds, Stopping threads took: 0.0000186 seconds
2017-04-24T18:22:10.740+0800: 9420.413: Total time for which application threads were stopped: 0.0001164 seconds, Stopping threads took: 0.0000196 seconds
2017-04-24T18:22:10.741+0800: 9420.413: Total time for which application threads were stopped: 0.0003461 seconds, Stopping threads took: 0.0000180 seconds
2017-04-24T18:22:20.425+0800: 9430.097: Total time for which application threads were stopped: 0.0001847 seconds, Stopping threads took: 0.0000350 seconds
2017-04-24T18:22:20.425+0800: 9430.098: Total time for which application threads were stopped: 0.0001710 seconds, Stopping threads took: 0.0000305 seconds
2017-04-24T18:22:20.800+0800: 9430.473: Total time for which application threads were stopped: 0.0003560 seconds, Stopping threads took: 0.0001103 seconds
2017-04-24T18:22:20.801+0800: 9430.473: Total time for which application threads were stopped: 0.0001976 seconds, Stopping threads took: 0.0000350 seconds
2017-04-24T18:22:20.801+0800: 9430.474: Total time for which application threads were stopped: 0.0002268 seconds, Stopping threads took: 0.0000683 seconds
2017-04-24T18:22:20.802+0800: 9430.475: Total time for which application threads were stopped: 0.0002560 seconds, Stopping threads took: 0.0000340 seconds
2017-04-24T18:22:30.416+0800: 9440.089: Total time for which application threads were stopped: 0.0001068 seconds, Stopping threads took: 0.0000208 seconds
2017-04-24T18:22:30.416+0800: 9440.089: Total time for which application threads were stopped: 0.0000904 seconds, Stopping threads took: 0.0000160 seconds
2017-04-24T18:22:30.715+0800: 9440.388: Total time for which application threads were stopped: 0.0003406 seconds, Stopping threads took: 0.0001209 seconds
2017-04-24T18:22:30.716+0800: 9440.388: Total time for which application threads were stopped: 0.0002762 seconds, Stopping threads took: 0.0000946 seconds
2017-04-24T18:22:30.716+0800: 9440.388: Total time for which application threads were stopped: 0.0001754 seconds, Stopping threads took: 0.0000449 seconds
2017-04-24T18:22:30.717+0800: 9440.389: Total time for which application threads were stopped: 0.0001690 seconds, Stopping threads took: 0.0000321 seconds
2017-04-24T18:22:30.717+0800: 9440.390: Total time for which application threads were stopped: 0.0001867 seconds, Stopping threads took: 0.0000353 seconds
2017-04-24T18:22:30.717+0800: 9440.390: Total time for which application threads were stopped: 0.0001507 seconds, Stopping threads took: 0.0000289 seconds
2017-04-24T18:22:30.718+0800: 9440.390: Total time for which application threads were stopped: 0.0001350 seconds, Stopping threads took: 0.0000244 seconds
2017-04-24T18:22:30.718+0800: 9440.390: Total time for which application threads were stopped: 0.0001325 seconds, Stopping threads took: 0.0000241 seconds
2017-04-24T18:22:40.415+0800: 9450.087: Total time for which application threads were stopped: 0.0001068 seconds, Stopping threads took: 0.0000257 seconds
2017-04-24T18:22:40.415+0800: 9450.088: Total time for which application threads were stopped: 0.0000574 seconds, Stopping threads took: 0.0000115 seconds
2017-04-24T18:22:40.697+0800: 9450.370: Total time for which application threads were stopped: 0.0001007 seconds, Stopping threads took: 0.0000221 seconds
2017-04-24T18:22:40.697+0800: 9450.370: Total time for which application threads were stopped: 0.0000635 seconds, Stopping threads took: 0.0000173 seconds
2017-04-24T18:22:40.697+0800: 9450.370: Total time for which application threads were stopped: 0.0000552 seconds, Stopping threads took: 0.0000221 seconds
2017-04-24T18:22:40.698+0800: 9450.370: Total time for which application threads were stopped: 0.0000536 seconds, Stopping threads took: 0.0000125 seconds
2017-04-24T18:22:40.698+0800: 9450.370: Total time for which application threads were stopped: 0.0000427 seconds, Stopping threads took: 0.0000122 seconds
2017-04-24T18:22:40.698+0800: 9450.370: Total time for which application threads were stopped: 0.0000343 seconds, Stopping threads took: 0.0000064 seconds
2017-04-24T18:22:40.698+0800: 9450.370: Total time for which application threads were stopped: 0.0000455 seconds, Stopping threads took: 0.0000090 seconds
2017-04-24T18:22:40.698+0800: 9450.370: Total time for which application threads were stopped: 0.0000378 seconds, Stopping threads took: 0.0000077 seconds
2017-04-24T18:22:50.436+0800: 9460.109: Total time for which application threads were stopped: 0.0001479 seconds, Stopping threads took: 0.0000289 seconds
2017-04-24T18:22:50.436+0800: 9460.109: Total time for which application threads were stopped: 0.0000856 seconds, Stopping threads took: 0.0000176 seconds
2017-04-24T18:22:50.718+0800: 9460.390: Total time for which application threads were stopped: 0.0001055 seconds, Stopping threads took: 0.0000189 seconds
2017-04-24T18:22:50.718+0800: 9460.390: Total time for which application threads were stopped: 0.0000606 seconds, Stopping threads took: 0.0000135 seconds
2017-04-24T18:22:50.718+0800: 9460.390: Total time for which application threads were stopped: 0.0000439 seconds, Stopping threads took: 0.0000096 seconds
2017-04-24T18:22:50.718+0800: 9460.390: Total time for which application threads were stopped: 0.0000427 seconds, Stopping threads took: 0.0000074 seconds
2017-04-24T18:22:50.718+0800: 9460.390: Total time for which application threads were stopped: 0.0000443 seconds, Stopping threads took: 0.0000080 seconds
2017-04-24T18:22:50.718+0800: 9460.391: Total time for which application threads were stopped: 0.0000500 seconds, Stopping threads took: 0.0000099 seconds
2017-04-24T18:22:50.718+0800: 9460.391: Total time for which application threads were stopped: 0.0000398 seconds, Stopping threads took: 0.0000077 seconds
2017-04-24T18:22:50.718+0800: 9460.391: Total time for which application threads were stopped: 0.0000411 seconds, Stopping threads took: 0.0000077 seconds
2017-04-24T18:22:50.721+0800: 9460.394: Total time for which application threads were stopped: 0.0000876 seconds, Stopping threads took: 0.0000189 seconds
2017-04-24T18:23:00.416+0800: 9470.089: Total time for which application threads were stopped: 0.0001042 seconds, Stopping threads took: 0.0000196 seconds
2017-04-24T18:23:00.417+0800: 9470.089: Total time for which application threads were stopped: 0.0000699 seconds, Stopping threads took: 0.0000115 seconds
2017-04-24T18:23:00.739+0800: 9470.411: Total time for which application threads were stopped: 0.0001828 seconds, Stopping threads took: 0.0000340 seconds
2017-04-24T18:23:00.739+0800: 9470.411: Total time for which application threads were stopped: 0.0001517 seconds, Stopping threads took: 0.0000276 seconds
2017-04-24T18:23:00.739+0800: 9470.412: Total time for which application threads were stopped: 0.0001328 seconds, Stopping threads took: 0.0000237 seconds
2017-04-24T18:23:00.739+0800: 9470.412: Total time for which application threads were stopped: 0.0001758 seconds, Stopping threads took: 0.0000318 seconds
2017-04-24T18:23:00.739+0800: 9470.412: Total time for which application threads were stopped: 0.0000981 seconds, Stopping threads took: 0.0000157 seconds
2017-04-24T18:23:00.747+0800: 9470.420: Total time for which application threads were stopped: 0.0001899 seconds, Stopping threads took: 0.0000378 seconds
{Heap before GC invocations=91 (full 2):
 par new generation   total 109248K, used 91797K [0x00000000e0000000, 0x00000000e8000000, 0x00000000e8000000)
  eden space 87424K, 100% used [0x00000000e0000000, 0x00000000e5560000, 0x00000000e5560000)
  from space 21824K,  20% used [0x00000000e6ab0000, 0x00000000e6ef5660, 0x00000000e8000000)
  to   space 21824K,   0% used [0x00000000e5560000, 0x00000000e5560000, 0x00000000e6ab0000)
 concurrent mark-sweep generation total 393216K, used 19151K [0x00000000e8000000, 0x0000000100000000, 0x0000000100000000)
 Metaspace       used 42703K, capacity 43480K, committed 43800K, reserved 1087488K
  class space    used 4602K, capacity 4830K, committed 4940K, reserved 1048576K
2017-04-24T18:23:10.437+0800: 9480.109: [GC (Allocation Failure) 2017-04-24T18:23:10.437+0800: 9480.109: [ParNew
Desired survivor size 20112992 bytes, new threshold 8 (max 8)
- age   1:    2763224 bytes,    2763224 total
- age   2:     695256 bytes,    3458480 total
- age   3:      67776 bytes,    3526256 total
- age   4:      41736 bytes,    3567992 total
- age   5:      12728 bytes,    3580720 total
- age   6:      12736 bytes,    3593456 total
- age   7:      12040 bytes,    3605496 total
- age   8:      13944 bytes,    3619440 total
: 91797K->4154K(109248K), 0.0078097 secs] 110948K->23318K(502464K), 0.0079707 secs] [Times: user=0.06 sys=0.00, real=0.01 secs] 
Heap after GC invocations=92 (full 2):
 par new generation   total 109248K, used 4154K [0x00000000e0000000, 0x00000000e8000000, 0x00000000e8000000)
  eden space 87424K,   0% used [0x00000000e0000000, 0x00000000e0000000, 0x00000000e5560000)
  from space 21824K,  19% used [0x00000000e5560000, 0x00000000e596eb40, 0x00000000e6ab0000)
  to   space 21824K,   0% used [0x00000000e6ab0000, 0x00000000e6ab0000, 0x00000000e8000000)
 concurrent mark-sweep generation total 393216K, used 19163K [0x00000000e8000000, 0x0000000100000000, 0x0000000100000000)
 Metaspace       used 42703K, capacity 43480K, committed 43800K, reserved 1087488K
  class space    used 4602K, capacity 4830K, committed 4940K, reserved 1048576K
}
2017-04-24T18:23:10.445+0800: 9480.117: Total time for which application threads were stopped: 0.0084358 seconds, Stopping threads took: 0.0000520 seconds
2017-04-24T18:23:10.445+0800: 9480.118: Total time for which application threads were stopped: 0.0001552 seconds, Stopping threads took: 0.0000378 seconds
2017-04-24T18:23:10.445+0800: 9480.118: Total time for which application threads were stopped: 0.0001283 seconds, Stopping threads took: 0.0000253 seconds
2017-04-24T18:23:10.446+0800: 9480.118: Total time for which application threads were stopped: 0.0001078 seconds, Stopping threads took: 0.0000257 seconds
2017-04-24T18:23:10.446+0800: 9480.118: Total time for which application threads were stopped: 0.0000927 seconds, Stopping threads took: 0.0000273 seconds
2017-04-24T18:23:10.446+0800: 9480.118: Total time for which application threads were stopped: 0.0000882 seconds, Stopping threads took: 0.0000157 seconds
2017-04-24T18:23:10.446+0800: 9480.119: Total time for which application threads were stopped: 0.0000767 seconds, Stopping threads took: 0.0000144 seconds
2017-04-24T18:23:10.446+0800: 9480.119: Total time for which application threads were stopped: 0.0001087 seconds, Stopping threads took: 0.0000375 seconds
2017-04-24T18:23:10.446+0800: 9480.119: Total time for which application threads were stopped: 0.0000914 seconds, Stopping threads took: 0.0000289 seconds
2017-04-24T18:23:10.446+0800: 9480.119: Total time for which application threads were stopped: 0.0000734 seconds, Stopping threads took: 0.0000132 seconds
2017-04-24T18:23:10.447+0800: 9480.119: Total time for which application threads were stopped: 0.0000763 seconds, Stopping threads took: 0.0000135 seconds
2017-04-24T18:23:10.447+0800: 9480.119: Total time for which application threads were stopped: 0.0000933 seconds, Stopping threads took: 0.0000301 seconds
2017-04-24T18:23:10.447+0800: 9480.120: Total time for which application threads were stopped: 0.0000860 seconds, Stopping threads took: 0.0000285 seconds
2017-04-24T18:23:10.447+0800: 9480.120: Total time for which application threads were stopped: 0.0000718 seconds, Stopping threads took: 0.0000128 seconds
2017-04-24T18:23:10.447+0800: 9480.120: Total time for which application threads were stopped: 0.0000901 seconds, Stopping threads took: 0.0000285 seconds
2017-04-24T18:23:10.447+0800: 9480.120: Total time for which application threads were stopped: 0.0000792 seconds, Stopping threads took: 0.0000218 seconds
2017-04-24T18:23:10.448+0800: 9480.120: Total time for which application threads were stopped: 0.0000805 seconds, Stopping threads took: 0.0000231 seconds
2017-04-24T18:23:10.448+0800: 9480.120: Total time for which application threads were stopped: 0.0001212 seconds, Stopping threads took: 0.0000391 seconds
2017-04-24T18:23:10.448+0800: 9480.121: Total time for which application threads were stopped: 0.0000962 seconds, Stopping threads took: 0.0000330 seconds
2017-04-24T18:23:10.448+0800: 9480.121: Total time for which application threads were stopped: 0.0000712 seconds, Stopping threads took: 0.0000154 seconds
2017-04-24T18:23:10.448+0800: 9480.121: Total time for which application threads were stopped: 0.0000991 seconds, Stopping threads took: 0.0000205 seconds
2017-04-24T18:23:10.448+0800: 9480.121: Total time for which application threads were stopped: 0.0000802 seconds, Stopping threads took: 0.0000157 seconds
2017-04-24T18:23:10.449+0800: 9480.121: Total time for which application threads were stopped: 0.0000840 seconds, Stopping threads took: 0.0000164 seconds
2017-04-24T18:23:10.449+0800: 9480.121: Total time for which application threads were stopped: 0.0000860 seconds, Stopping threads took: 0.0000170 seconds
2017-04-24T18:23:10.732+0800: 9480.405: Total time for which application threads were stopped: 0.0003329 seconds, Stopping threads took: 0.0001103 seconds
2017-04-24T18:23:10.732+0800: 9480.405: Total time for which application threads were stopped: 0.0001867 seconds, Stopping threads took: 0.0000411 seconds
2017-04-24T18:23:10.733+0800: 9480.406: Total time for which application threads were stopped: 0.0003005 seconds, Stopping threads took: 0.0000962 seconds
2017-04-24T18:23:10.734+0800: 9480.406: Total time for which application threads were stopped: 0.0002059 seconds, Stopping threads took: 0.0000395 seconds
2017-04-24T18:23:10.734+0800: 9480.406: Total time for which application threads were stopped: 0.0001735 seconds, Stopping threads took: 0.0000314 seconds
2017-04-24T18:23:10.734+0800: 9480.407: Total time for which application threads were stopped: 0.0001485 seconds, Stopping threads took: 0.0000260 seconds
2017-04-24T18:23:10.734+0800: 9480.407: Total time for which application threads were stopped: 0.0001924 seconds, Stopping threads took: 0.0000337 seconds
2017-04-24T18:23:10.744+0800: 9480.416: Total time for which application threads were stopped: 0.0001931 seconds, Stopping threads took: 0.0000366 seconds
2017-04-24T18:23:20.435+0800: 9490.107: Total time for which application threads were stopped: 0.0001642 seconds, Stopping threads took: 0.0000334 seconds
2017-04-24T18:23:20.435+0800: 9490.108: Total time for which application threads were stopped: 0.0001171 seconds, Stopping threads took: 0.0000199 seconds
2017-04-24T18:23:20.731+0800: 9490.403: Total time for which application threads were stopped: 0.0002213 seconds, Stopping threads took: 0.0000513 seconds
2017-04-24T18:23:20.731+0800: 9490.404: Total time for which application threads were stopped: 0.0001594 seconds, Stopping threads took: 0.0000622 seconds
2017-04-24T18:23:20.731+0800: 9490.404: Total time for which application threads were stopped: 0.0001620 seconds, Stopping threads took: 0.0000308 seconds
2017-04-24T18:23:20.732+0800: 9490.404: Total time for which application threads were stopped: 0.0001071 seconds, Stopping threads took: 0.0000196 seconds
2017-04-24T18:23:20.732+0800: 9490.405: Total time for which application threads were stopped: 0.0000994 seconds, Stopping threads took: 0.0000180 seconds
2017-04-24T18:23:20.732+0800: 9490.405: Total time for which application threads were stopped: 0.0000965 seconds, Stopping threads took: 0.0000170 seconds
2017-04-24T18:23:20.732+0800: 9490.405: Total time for which application threads were stopped: 0.0003336 seconds, Stopping threads took: 0.0000173 seconds
2017-04-24T18:23:20.739+0800: 9490.412: Total time for which application threads were stopped: 0.0001703 seconds, Stopping threads took: 0.0000330 seconds
2017-04-24T18:23:30.415+0800: 9500.087: Total time for which application threads were stopped: 0.0001046 seconds, Stopping threads took: 0.0000215 seconds
2017-04-24T18:23:30.415+0800: 9500.088: Total time for which application threads were stopped: 0.0000504 seconds, Stopping threads took: 0.0000093 seconds
2017-04-24T18:23:30.685+0800: 9500.357: Total time for which application threads were stopped: 0.0001209 seconds, Stopping threads took: 0.0000279 seconds
2017-04-24T18:23:30.685+0800: 9500.358: Total time for which application threads were stopped: 0.0000779 seconds, Stopping threads took: 0.0000266 seconds
2017-04-24T18:23:30.685+0800: 9500.358: Total time for which application threads were stopped: 0.0000638 seconds, Stopping threads took: 0.0000103 seconds
2017-04-24T18:23:30.691+0800: 9500.364: Total time for which application threads were stopped: 0.0001398 seconds, Stopping threads took: 0.0000295 seconds
2017-04-24T18:23:40.694+0800: 9510.366: Total time for which application threads were stopped: 0.0002996 seconds, Stopping threads took: 0.0000683 seconds
2017-04-24T18:23:40.750+0800: 9510.422: Total time for which application threads were stopped: 0.0002845 seconds, Stopping threads took: 0.0000548 seconds
2017-04-24T18:23:40.750+0800: 9510.423: Total time for which application threads were stopped: 0.0003262 seconds, Stopping threads took: 0.0000892 seconds
2017-04-24T18:23:40.751+0800: 9510.424: Total time for which application threads were stopped: 0.0003249 seconds, Stopping threads took: 0.0000407 seconds
2017-04-24T18:23:40.752+0800: 9510.424: Total time for which application threads were stopped: 0.0002986 seconds, Stopping threads took: 0.0000398 seconds
2017-04-24T18:23:40.752+0800: 9510.425: Total time for which application threads were stopped: 0.0002438 seconds, Stopping threads took: 0.0000282 seconds
2017-04-24T18:23:40.752+0800: 9510.425: Total time for which application threads were stopped: 0.0002797 seconds, Stopping threads took: 0.0000359 seconds
2017-04-24T18:23:40.753+0800: 9510.425: Total time for which application threads were stopped: 0.0002386 seconds, Stopping threads took: 0.0000260 seconds
2017-04-24T18:23:40.766+0800: 9510.439: Total time for which application threads were stopped: 0.0002717 seconds, Stopping threads took: 0.0000478 seconds
2017-04-24T18:23:50.415+0800: 9520.088: Total time for which application threads were stopped: 0.0001171 seconds, Stopping threads took: 0.0000269 seconds
2017-04-24T18:23:50.416+0800: 9520.088: Total time for which application threads were stopped: 0.0000722 seconds, Stopping threads took: 0.0000164 seconds
2017-04-24T18:23:50.719+0800: 9520.392: Total time for which application threads were stopped: 0.0001254 seconds, Stopping threads took: 0.0000225 seconds
2017-04-24T18:23:50.720+0800: 9520.392: Total time for which application threads were stopped: 0.0001039 seconds, Stopping threads took: 0.0000176 seconds
2017-04-24T18:23:50.720+0800: 9520.392: Total time for which application threads were stopped: 0.0000876 seconds, Stopping threads took: 0.0000138 seconds
2017-04-24T18:23:50.720+0800: 9520.392: Total time for which application threads were stopped: 0.0000629 seconds, Stopping threads took: 0.0000093 seconds
2017-04-24T18:23:50.720+0800: 9520.392: Total time for which application threads were stopped: 0.0000571 seconds, Stopping threads took: 0.0000087 seconds
2017-04-24T18:23:50.720+0800: 9520.392: Total time for which application threads were stopped: 0.0000504 seconds, Stopping threads took: 0.0000090 seconds
2017-04-24T18:23:50.720+0800: 9520.392: Total time for which application threads were stopped: 0.0000587 seconds, Stopping threads took: 0.0000080 seconds
2017-04-24T18:23:50.723+0800: 9520.396: Total time for which application threads were stopped: 0.0001081 seconds, Stopping threads took: 0.0000212 seconds
2017-04-24T18:24:00.439+0800: 9530.112: Total time for which application threads were stopped: 0.0003519 seconds, Stopping threads took: 0.0000542 seconds
2017-04-24T18:24:00.440+0800: 9530.113: Total time for which application threads were stopped: 0.0002563 seconds, Stopping threads took: 0.0000478 seconds
2017-04-24T18:24:00.799+0800: 9530.472: Total time for which application threads were stopped: 0.0002749 seconds, Stopping threads took: 0.0001094 seconds
2017-04-24T18:24:00.799+0800: 9530.472: Total time for which application threads were stopped: 0.0002043 seconds, Stopping threads took: 0.0000725 seconds
2017-04-24T18:24:00.800+0800: 9530.473: Total time for which application threads were stopped: 0.0001674 seconds, Stopping threads took: 0.0000263 seconds
2017-04-24T18:24:00.800+0800: 9530.473: Total time for which application threads were stopped: 0.0001501 seconds, Stopping threads took: 0.0000250 seconds
2017-04-24T18:24:00.801+0800: 9530.473: Total time for which application threads were stopped: 0.0001440 seconds, Stopping threads took: 0.0000308 seconds
2017-04-24T18:24:00.801+0800: 9530.473: Total time for which application threads were stopped: 0.0001196 seconds, Stopping threads took: 0.0000208 seconds
2017-04-24T18:24:00.801+0800: 9530.473: Total time for which application threads were stopped: 0.0001042 seconds, Stopping threads took: 0.0000173 seconds
2017-04-24T18:24:00.808+0800: 9530.480: Total time for which application threads were stopped: 0.0001652 seconds, Stopping threads took: 0.0000311 seconds
2017-04-24T18:24:10.441+0800: 9540.113: Total time for which application threads were stopped: 0.0001408 seconds, Stopping threads took: 0.0000292 seconds
2017-04-24T18:24:10.441+0800: 9540.114: Total time for which application threads were stopped: 0.0000969 seconds, Stopping threads took: 0.0000167 seconds
2017-04-24T18:24:10.729+0800: 9540.401: Total time for which application threads were stopped: 0.0003172 seconds, Stopping threads took: 0.0000484 seconds
2017-04-24T18:24:10.729+0800: 9540.402: Total time for which application threads were stopped: 0.0002880 seconds, Stopping threads took: 0.0000516 seconds
2017-04-24T18:24:10.732+0800: 9540.404: Total time for which application threads were stopped: 0.0002675 seconds, Stopping threads took: 0.0000683 seconds
2017-04-24T18:24:10.732+0800: 9540.405: Total time for which application threads were stopped: 0.0002582 seconds, Stopping threads took: 0.0000648 seconds
2017-04-24T18:24:10.732+0800: 9540.405: Total time for which application threads were stopped: 0.0002232 seconds, Stopping threads took: 0.0000516 seconds
2017-04-24T18:24:10.733+0800: 9540.405: Total time for which application threads were stopped: 0.0002197 seconds, Stopping threads took: 0.0000658 seconds
2017-04-24T18:24:10.733+0800: 9540.405: Total time for which application threads were stopped: 0.0002069 seconds, Stopping threads took: 0.0000481 seconds
2017-04-24T18:24:10.742+0800: 9540.415: Total time for which application threads were stopped: 0.0002354 seconds, Stopping threads took: 0.0000455 seconds
2017-04-24T18:24:20.416+0800: 9550.089: Total time for which application threads were stopped: 0.0001084 seconds, Stopping threads took: 0.0000221 seconds
2017-04-24T18:24:20.416+0800: 9550.089: Total time for which application threads were stopped: 0.0000401 seconds, Stopping threads took: 0.0000071 seconds
2017-04-24T18:24:20.725+0800: 9550.397: Total time for which application threads were stopped: 0.0001110 seconds, Stopping threads took: 0.0000231 seconds
2017-04-24T18:24:20.725+0800: 9550.397: Total time for which application threads were stopped: 0.0000821 seconds, Stopping threads took: 0.0000164 seconds
2017-04-24T18:24:20.725+0800: 9550.398: Total time for which application threads were stopped: 0.0000847 seconds, Stopping threads took: 0.0000115 seconds
2017-04-24T18:24:20.725+0800: 9550.398: Total time for which application threads were stopped: 0.0000824 seconds, Stopping threads took: 0.0000170 seconds
2017-04-24T18:24:20.725+0800: 9550.398: Total time for which application threads were stopped: 0.0000613 seconds, Stopping threads took: 0.0000090 seconds
2017-04-24T18:24:20.725+0800: 9550.398: Total time for which application threads were stopped: 0.0000606 seconds, Stopping threads took: 0.0000096 seconds
2017-04-24T18:24:20.725+0800: 9550.398: Total time for which application threads were stopped: 0.0000507 seconds, Stopping threads took: 0.0000080 seconds
2017-04-24T18:24:20.729+0800: 9550.401: Total time for which application threads were stopped: 0.0000702 seconds, Stopping threads took: 0.0000128 seconds
2017-04-24T18:24:30.407+0800: 9560.079: Total time for which application threads were stopped: 0.0004741 seconds, Stopping threads took: 0.0000536 seconds
2017-04-24T18:24:30.440+0800: 9560.112: Total time for which application threads were stopped: 0.0003095 seconds, Stopping threads took: 0.0000513 seconds
2017-04-24T18:24:30.441+0800: 9560.113: Total time for which application threads were stopped: 0.0002066 seconds, Stopping threads took: 0.0000337 seconds
2017-04-24T18:24:30.794+0800: 9560.466: Total time for which application threads were stopped: 0.0002489 seconds, Stopping threads took: 0.0000561 seconds
2017-04-24T18:24:30.794+0800: 9560.467: Total time for which application threads were stopped: 0.0003400 seconds, Stopping threads took: 0.0000314 seconds
2017-04-24T18:24:30.795+0800: 9560.468: Total time for which application threads were stopped: 0.0002207 seconds, Stopping threads took: 0.0000401 seconds
2017-04-24T18:24:30.795+0800: 9560.468: Total time for which application threads were stopped: 0.0001517 seconds, Stopping threads took: 0.0000247 seconds
2017-04-24T18:24:30.795+0800: 9560.468: Total time for which application threads were stopped: 0.0001376 seconds, Stopping threads took: 0.0000234 seconds
2017-04-24T18:24:30.795+0800: 9560.468: Total time for which application threads were stopped: 0.0001363 seconds, Stopping threads took: 0.0000234 seconds
2017-04-24T18:24:30.796+0800: 9560.469: Total time for which application threads were stopped: 0.0004789 seconds, Stopping threads took: 0.0000372 seconds
2017-04-24T18:24:30.804+0800: 9560.477: Total time for which application threads were stopped: 0.0002194 seconds, Stopping threads took: 0.0000420 seconds
2017-04-24T18:24:40.415+0800: 9570.088: Total time for which application threads were stopped: 0.0001126 seconds, Stopping threads took: 0.0000241 seconds
2017-04-24T18:24:40.416+0800: 9570.088: Total time for which application threads were stopped: 0.0000866 seconds, Stopping threads took: 0.0000151 seconds
2017-04-24T18:24:40.698+0800: 9570.371: Total time for which application threads were stopped: 0.0006367 seconds, Stopping threads took: 0.0000770 seconds
2017-04-24T18:24:40.699+0800: 9570.371: Total time for which application threads were stopped: 0.0005712 seconds, Stopping threads took: 0.0000526 seconds
2017-04-24T18:24:40.700+0800: 9570.372: Total time for which application threads were stopped: 0.0002200 seconds, Stopping threads took: 0.0000439 seconds
2017-04-24T18:24:40.713+0800: 9570.386: Total time for which application threads were stopped: 0.0003179 seconds, Stopping threads took: 0.0000269 seconds
{Heap before GC invocations=92 (full 2):
 par new generation   total 109248K, used 91577K [0x00000000e0000000, 0x00000000e8000000, 0x00000000e8000000)
  eden space 87424K,  99% used [0x00000000e0000000, 0x00000000e555fa28, 0x00000000e5560000)
  from space 21824K,  19% used [0x00000000e5560000, 0x00000000e596eb40, 0x00000000e6ab0000)
  to   space 21824K,   0% used [0x00000000e6ab0000, 0x00000000e6ab0000, 0x00000000e8000000)
 concurrent mark-sweep generation total 393216K, used 19163K [0x00000000e8000000, 0x0000000100000000, 0x0000000100000000)
 Metaspace       used 42704K, capacity 43480K, committed 43800K, reserved 1087488K
  class space    used 4603K, capacity 4830K, committed 4940K, reserved 1048576K
2017-04-24T18:24:50.484+0800: 9580.156: [GC (Allocation Failure) 2017-04-24T18:24:50.484+0800: 9580.156: [ParNew
Desired survivor size 20112992 bytes, new threshold 8 (max 8)
- age   1:    2546440 bytes,    2546440 total
- age   2:     693728 bytes,    3240168 total
- age   3:      69488 bytes,    3309656 total
- age   4:      12176 bytes,    3321832 total
- age   5:      41040 bytes,    3362872 total
- age   6:      12728 bytes,    3375600 total
- age   7:      12736 bytes,    3388336 total
- age   8:      12040 bytes,    3400376 total
: 91577K->4979K(109248K), 0.0066323 secs] 110740K->24156K(502464K), 0.0067612 secs] [Times: user=0.06 sys=0.00, real=0.01 secs] 
Heap after GC invocations=93 (full 2):
 par new generation   total 109248K, used 4979K [0x00000000e0000000, 0x00000000e8000000, 0x00000000e8000000)
  eden space 87424K,   0% used [0x00000000e0000000, 0x00000000e0000000, 0x00000000e5560000)
  from space 21824K,  22% used [0x00000000e6ab0000, 0x00000000e6f8cca0, 0x00000000e8000000)
  to   space 21824K,   0% used [0x00000000e5560000, 0x00000000e5560000, 0x00000000e6ab0000)
 concurrent mark-sweep generation total 393216K, used 19177K [0x00000000e8000000, 0x0000000100000000, 0x0000000100000000)
 Metaspace       used 42704K, capacity 43480K, committed 43800K, reserved 1087488K
  class space    used 4603K, capacity 4830K, committed 4940K, reserved 1048576K
}
2017-04-24T18:24:50.491+0800: 9580.163: Total time for which application threads were stopped: 0.0070874 seconds, Stopping threads took: 0.0000308 seconds
2017-04-24T18:24:50.491+0800: 9580.163: Total time for which application threads were stopped: 0.0001828 seconds, Stopping threads took: 0.0000478 seconds
2017-04-24T18:24:50.491+0800: 9580.164: Total time for which application threads were stopped: 0.0001764 seconds, Stopping threads took: 0.0000565 seconds
2017-04-24T18:24:50.492+0800: 9580.164: Total time for which application threads were stopped: 0.0001937 seconds, Stopping threads took: 0.0000189 seconds
2017-04-24T18:24:50.492+0800: 9580.164: Total time for which application threads were stopped: 0.0001475 seconds, Stopping threads took: 0.0000151 seconds
2017-04-24T18:24:50.492+0800: 9580.165: Total time for which application threads were stopped: 0.0000895 seconds, Stopping threads took: 0.0000186 seconds
2017-04-24T18:24:50.492+0800: 9580.165: Total time for which application threads were stopped: 0.0000776 seconds, Stopping threads took: 0.0000138 seconds
2017-04-24T18:24:50.492+0800: 9580.165: Total time for which application threads were stopped: 0.0001261 seconds, Stopping threads took: 0.0000135 seconds
2017-04-24T18:24:50.493+0800: 9580.165: Total time for which application threads were stopped: 0.0001607 seconds, Stopping threads took: 0.0000202 seconds
2017-04-24T18:24:50.493+0800: 9580.165: Total time for which application threads were stopped: 0.0001507 seconds, Stopping threads took: 0.0000215 seconds
2017-04-24T18:24:50.493+0800: 9580.166: Total time for which application threads were stopped: 0.0000869 seconds, Stopping threads took: 0.0000151 seconds
2017-04-24T18:24:50.493+0800: 9580.166: Total time for which application threads were stopped: 0.0000792 seconds, Stopping threads took: 0.0000132 seconds
2017-04-24T18:24:50.493+0800: 9580.166: Total time for which application threads were stopped: 0.0000744 seconds, Stopping threads took: 0.0000132 seconds
2017-04-24T18:24:50.494+0800: 9580.166: Total time for which application threads were stopped: 0.0000882 seconds, Stopping threads took: 0.0000173 seconds
2017-04-24T18:24:50.494+0800: 9580.166: Total time for which application threads were stopped: 0.0000744 seconds, Stopping threads took: 0.0000138 seconds
2017-04-24T18:24:50.494+0800: 9580.166: Total time for which application threads were stopped: 0.0000709 seconds, Stopping threads took: 0.0000128 seconds
2017-04-24T18:24:50.494+0800: 9580.167: Total time for which application threads were stopped: 0.0000725 seconds, Stopping threads took: 0.0000141 seconds
2017-04-24T18:24:50.494+0800: 9580.167: Total time for which application threads were stopped: 0.0000860 seconds, Stopping threads took: 0.0000180 seconds
2017-04-24T18:24:50.495+0800: 9580.167: Total time for which application threads were stopped: 0.0000728 seconds, Stopping threads took: 0.0000128 seconds
2017-04-24T18:24:50.495+0800: 9580.167: Total time for which application threads were stopped: 0.0000706 seconds, Stopping threads took: 0.0000128 seconds
2017-04-24T18:24:50.495+0800: 9580.167: Total time for which application threads were stopped: 0.0002357 seconds, Stopping threads took: 0.0000128 seconds
2017-04-24T18:24:50.495+0800: 9580.168: Total time for which application threads were stopped: 0.0002130 seconds, Stopping threads took: 0.0000138 seconds
2017-04-24T18:24:50.717+0800: 9580.390: Total time for which application threads were stopped: 0.0003939 seconds, Stopping threads took: 0.0000625 seconds
2017-04-24T18:24:50.718+0800: 9580.391: Total time for which application threads were stopped: 0.0003246 seconds, Stopping threads took: 0.0000401 seconds
2017-04-24T18:24:50.719+0800: 9580.391: Total time for which application threads were stopped: 0.0003535 seconds, Stopping threads took: 0.0000507 seconds
2017-04-24T18:24:50.719+0800: 9580.391: Total time for which application threads were stopped: 0.0002752 seconds, Stopping threads took: 0.0000343 seconds
2017-04-24T18:24:50.719+0800: 9580.392: Total time for which application threads were stopped: 0.0002970 seconds, Stopping threads took: 0.0000446 seconds
2017-04-24T18:25:00.438+0800: 9590.111: Total time for which application threads were stopped: 0.0002729 seconds, Stopping threads took: 0.0000536 seconds
2017-04-24T18:25:00.439+0800: 9590.112: Total time for which application threads were stopped: 0.0005238 seconds, Stopping threads took: 0.0000334 seconds
2017-04-24T18:25:00.798+0800: 9590.471: Total time for which application threads were stopped: 0.0001851 seconds, Stopping threads took: 0.0000462 seconds
2017-04-24T18:25:00.799+0800: 9590.472: Total time for which application threads were stopped: 0.0001491 seconds, Stopping threads took: 0.0000266 seconds
2017-04-24T18:25:00.799+0800: 9590.472: Total time for which application threads were stopped: 0.0001334 seconds, Stopping threads took: 0.0000244 seconds
2017-04-24T18:25:00.800+0800: 9590.472: Total time for which application threads were stopped: 0.0001360 seconds, Stopping threads took: 0.0000218 seconds
2017-04-24T18:25:00.800+0800: 9590.472: Total time for which application threads were stopped: 0.0000943 seconds, Stopping threads took: 0.0000160 seconds
2017-04-24T18:25:00.800+0800: 9590.472: Total time for which application threads were stopped: 0.0000872 seconds, Stopping threads took: 0.0000141 seconds
2017-04-24T18:25:10.438+0800: 9600.110: Total time for which application threads were stopped: 0.0005809 seconds, Stopping threads took: 0.0000532 seconds
2017-04-24T18:25:10.439+0800: 9600.111: Total time for which application threads were stopped: 0.0001738 seconds, Stopping threads took: 0.0000346 seconds
2017-04-24T18:25:10.784+0800: 9600.456: Total time for which application threads were stopped: 0.0003252 seconds, Stopping threads took: 0.0000908 seconds
2017-04-24T18:25:10.785+0800: 9600.458: Total time for which application threads were stopped: 0.0006049 seconds, Stopping threads took: 0.0000391 seconds
2017-04-24T18:25:10.786+0800: 9600.458: Total time for which application threads were stopped: 0.0001748 seconds, Stopping threads took: 0.0000298 seconds
2017-04-24T18:25:10.786+0800: 9600.459: Total time for which application threads were stopped: 0.0001549 seconds, Stopping threads took: 0.0000266 seconds
2017-04-24T18:25:10.786+0800: 9600.459: Total time for which application threads were stopped: 0.0001482 seconds, Stopping threads took: 0.0000282 seconds
2017-04-24T18:25:10.786+0800: 9600.459: Total time for which application threads were stopped: 0.0002207 seconds, Stopping threads took: 0.0000443 seconds
2017-04-24T18:25:20.435+0800: 9610.107: Total time for which application threads were stopped: 0.0001597 seconds, Stopping threads took: 0.0000314 seconds
2017-04-24T18:25:20.436+0800: 9610.108: Total time for which application threads were stopped: 0.0001110 seconds, Stopping threads took: 0.0000183 seconds
2017-04-24T18:25:20.902+0800: 9610.575: Total time for which application threads were stopped: 0.0002758 seconds, Stopping threads took: 0.0000593 seconds
2017-04-24T18:25:20.903+0800: 9610.576: Total time for which application threads were stopped: 0.0002614 seconds, Stopping threads took: 0.0000478 seconds
2017-04-24T18:25:20.904+0800: 9610.576: Total time for which application threads were stopped: 0.0002181 seconds, Stopping threads took: 0.0000362 seconds
2017-04-24T18:25:20.904+0800: 9610.577: Total time for which application threads were stopped: 0.0001661 seconds, Stopping threads took: 0.0000318 seconds
2017-04-24T18:25:20.904+0800: 9610.577: Total time for which application threads were stopped: 0.0002255 seconds, Stopping threads took: 0.0000446 seconds
2017-04-24T18:25:30.439+0800: 9620.111: Total time for which application threads were stopped: 0.0002560 seconds, Stopping threads took: 0.0000520 seconds
2017-04-24T18:25:30.440+0800: 9620.112: Total time for which application threads were stopped: 0.0001886 seconds, Stopping threads took: 0.0000350 seconds
2017-04-24T18:25:30.805+0800: 9620.477: Total time for which application threads were stopped: 0.0002794 seconds, Stopping threads took: 0.0000587 seconds
2017-04-24T18:25:30.806+0800: 9620.478: Total time for which application threads were stopped: 0.0002653 seconds, Stopping threads took: 0.0000488 seconds
2017-04-24T18:25:30.806+0800: 9620.479: Total time for which application threads were stopped: 0.0002319 seconds, Stopping threads took: 0.0000449 seconds
2017-04-24T18:25:30.806+0800: 9620.479: Total time for which application threads were stopped: 0.0001655 seconds, Stopping threads took: 0.0000279 seconds
2017-04-24T18:25:30.807+0800: 9620.479: Total time for which application threads were stopped: 0.0001533 seconds, Stopping threads took: 0.0000266 seconds
2017-04-24T18:25:30.807+0800: 9620.479: Total time for which application threads were stopped: 0.0001479 seconds, Stopping threads took: 0.0000260 seconds
2017-04-24T18:25:40.439+0800: 9630.111: Total time for which application threads were stopped: 0.0002778 seconds, Stopping threads took: 0.0000545 seconds
2017-04-24T18:25:40.440+0800: 9630.112: Total time for which application threads were stopped: 0.0001934 seconds, Stopping threads took: 0.0000343 seconds
2017-04-24T18:25:40.773+0800: 9630.446: Total time for which application threads were stopped: 0.0001918 seconds, Stopping threads took: 0.0000407 seconds
2017-04-24T18:25:40.774+0800: 9630.447: Total time for which application threads were stopped: 0.0002030 seconds, Stopping threads took: 0.0000330 seconds
2017-04-24T18:25:40.775+0800: 9630.448: Total time for which application threads were stopped: 0.0001703 seconds, Stopping threads took: 0.0000260 seconds
2017-04-24T18:25:40.775+0800: 9630.448: Total time for which application threads were stopped: 0.0001331 seconds, Stopping threads took: 0.0000208 seconds
2017-04-24T18:25:40.775+0800: 9630.448: Total time for which application threads were stopped: 0.0001126 seconds, Stopping threads took: 0.0000183 seconds
2017-04-24T18:25:40.776+0800: 9630.449: Total time for which application threads were stopped: 0.0003660 seconds, Stopping threads took: 0.0000180 seconds
2017-04-24T18:25:50.434+0800: 9640.107: Total time for which application threads were stopped: 0.0001485 seconds, Stopping threads took: 0.0000273 seconds
2017-04-24T18:25:50.435+0800: 9640.108: Total time for which application threads were stopped: 0.0001305 seconds, Stopping threads took: 0.0000237 seconds
2017-04-24T18:25:50.774+0800: 9640.446: Total time for which application threads were stopped: 0.0003551 seconds, Stopping threads took: 0.0001219 seconds
2017-04-24T18:25:50.775+0800: 9640.448: Total time for which application threads were stopped: 0.0002627 seconds, Stopping threads took: 0.0000356 seconds
2017-04-24T18:26:00.438+0800: 9650.111: Total time for which application threads were stopped: 0.0002864 seconds, Stopping threads took: 0.0000635 seconds
2017-04-24T18:26:00.439+0800: 9650.112: Total time for which application threads were stopped: 0.0001947 seconds, Stopping threads took: 0.0000330 seconds
2017-04-24T18:26:00.775+0800: 9650.447: Total time for which application threads were stopped: 0.0002765 seconds, Stopping threads took: 0.0000622 seconds
2017-04-24T18:26:00.776+0800: 9650.449: Total time for which application threads were stopped: 0.0002601 seconds, Stopping threads took: 0.0000491 seconds
2017-04-24T18:26:00.777+0800: 9650.449: Total time for which application threads were stopped: 0.0002762 seconds, Stopping threads took: 0.0000619 seconds
2017-04-24T18:26:00.777+0800: 9650.450: Total time for which application threads were stopped: 0.0002242 seconds, Stopping threads took: 0.0000372 seconds
2017-04-24T18:26:00.777+0800: 9650.450: Total time for which application threads were stopped: 0.0002152 seconds, Stopping threads took: 0.0000411 seconds
2017-04-24T18:26:00.778+0800: 9650.450: Total time for which application threads were stopped: 0.0001633 seconds, Stopping threads took: 0.0000282 seconds
2017-04-24T18:26:10.438+0800: 9660.110: Total time for which application threads were stopped: 0.0002832 seconds, Stopping threads took: 0.0000552 seconds
2017-04-24T18:26:10.439+0800: 9660.111: Total time for which application threads were stopped: 0.0003188 seconds, Stopping threads took: 0.0000481 seconds
2017-04-24T18:26:10.811+0800: 9660.483: Total time for which application threads were stopped: 0.0003047 seconds, Stopping threads took: 0.0000680 seconds
2017-04-24T18:26:10.812+0800: 9660.484: Total time for which application threads were stopped: 0.0002729 seconds, Stopping threads took: 0.0000475 seconds
2017-04-24T18:26:10.812+0800: 9660.485: Total time for which application threads were stopped: 0.0002508 seconds, Stopping threads took: 0.0000427 seconds
2017-04-24T18:26:10.812+0800: 9660.485: Total time for which application threads were stopped: 0.0001796 seconds, Stopping threads took: 0.0000273 seconds
2017-04-24T18:26:10.813+0800: 9660.485: Total time for which application threads were stopped: 0.0001700 seconds, Stopping threads took: 0.0000292 seconds
2017-04-24T18:26:10.813+0800: 9660.485: Total time for which application threads were stopped: 0.0001597 seconds, Stopping threads took: 0.0000253 seconds
2017-04-24T18:26:20.434+0800: 9670.107: Total time for which application threads were stopped: 0.0001665 seconds, Stopping threads took: 0.0000324 seconds
2017-04-24T18:26:20.435+0800: 9670.107: Total time for which application threads were stopped: 0.0001145 seconds, Stopping threads took: 0.0000192 seconds
2017-04-24T18:26:20.819+0800: 9670.492: Total time for which application threads were stopped: 0.0002848 seconds, Stopping threads took: 0.0000629 seconds
2017-04-24T18:26:20.821+0800: 9670.493: Total time for which application threads were stopped: 0.0002790 seconds, Stopping threads took: 0.0000443 seconds
2017-04-24T18:26:20.821+0800: 9670.493: Total time for which application threads were stopped: 0.0001838 seconds, Stopping threads took: 0.0000301 seconds
2017-04-24T18:26:20.821+0800: 9670.494: Total time for which application threads were stopped: 0.0001594 seconds, Stopping threads took: 0.0000269 seconds
2017-04-24T18:26:20.821+0800: 9670.494: Total time for which application threads were stopped: 0.0001488 seconds, Stopping threads took: 0.0000257 seconds
2017-04-24T18:26:20.822+0800: 9670.494: Total time for which application threads were stopped: 0.0001479 seconds, Stopping threads took: 0.0000250 seconds
2017-04-24T18:26:20.832+0800: 9670.504: Total time for which application threads were stopped: 0.0002431 seconds, Stopping threads took: 0.0000484 seconds
2017-04-24T18:26:30.440+0800: 9680.112: Total time for which application threads were stopped: 0.0002710 seconds, Stopping threads took: 0.0000565 seconds
2017-04-24T18:26:30.441+0800: 9680.113: Total time for which application threads were stopped: 0.0001905 seconds, Stopping threads took: 0.0000343 seconds
2017-04-24T18:26:30.782+0800: 9680.454: Total time for which application threads were stopped: 0.0002948 seconds, Stopping threads took: 0.0000565 seconds
2017-04-24T18:26:30.782+0800: 9680.454: Total time for which application threads were stopped: 0.0001947 seconds, Stopping threads took: 0.0000324 seconds
2017-04-24T18:26:30.782+0800: 9680.455: Total time for which application threads were stopped: 0.0001658 seconds, Stopping threads took: 0.0000276 seconds
2017-04-24T18:26:30.782+0800: 9680.455: Total time for which application threads were stopped: 0.0001559 seconds, Stopping threads took: 0.0000269 seconds
2017-04-24T18:26:30.783+0800: 9680.455: Total time for which application threads were stopped: 0.0002178 seconds, Stopping threads took: 0.0000263 seconds
2017-04-24T18:26:30.795+0800: 9680.467: Total time for which application threads were stopped: 0.0002755 seconds, Stopping threads took: 0.0000552 seconds
{Heap before GC invocations=93 (full 2):
 par new generation   total 109248K, used 92403K [0x00000000e0000000, 0x00000000e8000000, 0x00000000e8000000)
  eden space 87424K, 100% used [0x00000000e0000000, 0x00000000e5560000, 0x00000000e5560000)
  from space 21824K,  22% used [0x00000000e6ab0000, 0x00000000e6f8cca0, 0x00000000e8000000)
  to   space 21824K,   0% used [0x00000000e5560000, 0x00000000e5560000, 0x00000000e6ab0000)
 concurrent mark-sweep generation total 393216K, used 19177K [0x00000000e8000000, 0x0000000100000000, 0x0000000100000000)
 Metaspace       used 42704K, capacity 43480K, committed 43800K, reserved 1087488K
  class space    used 4603K, capacity 4830K, committed 4940K, reserved 1048576K
2017-04-24T18:26:35.528+0800: 9685.200: [GC (Allocation Failure) 2017-04-24T18:26:35.528+0800: 9685.201: [ParNew
Desired survivor size 20112992 bytes, new threshold 8 (max 8)
- age   1:    2451064 bytes,    2451064 total
- age   2:     631000 bytes,    3082064 total
- age   3:      67984 bytes,    3150048 total
- age   4:      13784 bytes,    3163832 total
- age   5:      11480 bytes,    3175312 total
- age   6:      41040 bytes,    3216352 total
- age   7:      12728 bytes,    3229080 total
- age   8:      12736 bytes,    3241816 total
: 92403K->4342K(109248K), 0.0122321 secs] 111580K->23531K(502464K), 0.0124463 secs] [Times: user=0.06 sys=0.00, real=0.01 secs] 
Heap after GC invocations=94 (full 2):
 par new generation   total 109248K, used 4342K [0x00000000e0000000, 0x00000000e8000000, 0x00000000e8000000)
  eden space 87424K,   0% used [0x00000000e0000000, 0x00000000e0000000, 0x00000000e5560000)
  from space 21824K,  19% used [0x00000000e5560000, 0x00000000e599d8f0, 0x00000000e6ab0000)
  to   space 21824K,   0% used [0x00000000e6ab0000, 0x00000000e6ab0000, 0x00000000e8000000)
 concurrent mark-sweep generation total 393216K, used 19188K [0x00000000e8000000, 0x0000000100000000, 0x0000000100000000)
 Metaspace       used 42704K, capacity 43480K, committed 43800K, reserved 1087488K
  class space    used 4603K, capacity 4830K, committed 4940K, reserved 1048576K
}
2017-04-24T18:26:35.541+0800: 9685.213: Total time for which application threads were stopped: 0.0129938 seconds, Stopping threads took: 0.0000635 seconds
2017-04-24T18:26:35.542+0800: 9685.214: Total time for which application threads were stopped: 0.0001902 seconds, Stopping threads took: 0.0000497 seconds
2017-04-24T18:26:35.543+0800: 9685.216: Total time for which application threads were stopped: 0.0001261 seconds, Stopping threads took: 0.0000276 seconds
2017-04-24T18:26:37.619+0800: 9687.291: Total time for which application threads were stopped: 0.0001174 seconds, Stopping threads took: 0.0000353 seconds
2017-04-24T18:26:37.619+0800: 9687.291: Total time for which application threads were stopped: 0.0000606 seconds, Stopping threads took: 0.0000183 seconds
2017-04-24T18:26:37.619+0800: 9687.291: Total time for which application threads were stopped: 0.0000391 seconds, Stopping threads took: 0.0000103 seconds
2017-04-24T18:26:37.619+0800: 9687.292: Total time for which application threads were stopped: 0.0000494 seconds, Stopping threads took: 0.0000125 seconds
2017-04-24T18:26:37.619+0800: 9687.292: Total time for which application threads were stopped: 0.0001347 seconds, Stopping threads took: 0.0000969 seconds
2017-04-24T18:26:37.620+0800: 9687.292: Total time for which application threads were stopped: 0.0000488 seconds, Stopping threads took: 0.0000138 seconds
2017-04-24T18:26:40.439+0800: 9690.111: Total time for which application threads were stopped: 0.0004003 seconds, Stopping threads took: 0.0000965 seconds
2017-04-24T18:26:40.745+0800: 9690.418: Total time for which application threads were stopped: 0.0001758 seconds, Stopping threads took: 0.0000914 seconds
2017-04-24T18:26:40.746+0800: 9690.418: Total time for which application threads were stopped: 0.0000776 seconds, Stopping threads took: 0.0000266 seconds
2017-04-24T18:26:40.746+0800: 9690.418: Total time for which application threads were stopped: 0.0000468 seconds, Stopping threads took: 0.0000099 seconds
2017-04-24T18:26:40.746+0800: 9690.418: Total time for which application threads were stopped: 0.0000491 seconds, Stopping threads took: 0.0000119 seconds
2017-04-24T18:26:40.746+0800: 9690.418: Total time for which application threads were stopped: 0.0000382 seconds, Stopping threads took: 0.0000087 seconds
2017-04-24T18:26:40.746+0800: 9690.418: Total time for which application threads were stopped: 0.0000414 seconds, Stopping threads took: 0.0000096 seconds
2017-04-24T18:26:40.746+0800: 9690.419: Total time for which application threads were stopped: 0.0000375 seconds, Stopping threads took: 0.0000077 seconds
2017-04-24T18:26:40.749+0800: 9690.422: Total time for which application threads were stopped: 0.0001254 seconds, Stopping threads took: 0.0000257 seconds
2017-04-24T18:26:50.435+0800: 9700.108: Total time for which application threads were stopped: 0.0002284 seconds, Stopping threads took: 0.0000369 seconds
2017-04-24T18:26:50.436+0800: 9700.108: Total time for which application threads were stopped: 0.0001007 seconds, Stopping threads took: 0.0000180 seconds
2017-04-24T18:26:50.718+0800: 9700.390: Total time for which application threads were stopped: 0.0002800 seconds, Stopping threads took: 0.0000561 seconds
2017-04-24T18:26:50.718+0800: 9700.391: Total time for which application threads were stopped: 0.0002511 seconds, Stopping threads took: 0.0000311 seconds
2017-04-24T18:26:50.719+0800: 9700.392: Total time for which application threads were stopped: 0.0002444 seconds, Stopping threads took: 0.0000420 seconds
2017-04-24T18:26:50.719+0800: 9700.392: Total time for which application threads were stopped: 0.0002017 seconds, Stopping threads took: 0.0000385 seconds
2017-04-24T18:26:50.720+0800: 9700.392: Total time for which application threads were stopped: 0.0001584 seconds, Stopping threads took: 0.0000266 seconds
2017-04-24T18:26:50.720+0800: 9700.392: Total time for which application threads were stopped: 0.0001459 seconds, Stopping threads took: 0.0000247 seconds
2017-04-24T18:26:50.720+0800: 9700.393: Total time for which application threads were stopped: 0.0004478 seconds, Stopping threads took: 0.0000241 seconds
2017-04-24T18:27:00.430+0800: 9710.102: Total time for which application threads were stopped: 0.0001424 seconds, Stopping threads took: 0.0000244 seconds
2017-04-24T18:27:00.430+0800: 9710.103: Total time for which application threads were stopped: 0.0001123 seconds, Stopping threads took: 0.0000199 seconds
2017-04-24T18:27:00.746+0800: 9710.419: Total time for which application threads were stopped: 0.0002989 seconds, Stopping threads took: 0.0000613 seconds
2017-04-24T18:27:00.746+0800: 9710.419: Total time for which application threads were stopped: 0.0002499 seconds, Stopping threads took: 0.0000818 seconds
2017-04-24T18:27:00.747+0800: 9710.419: Total time for which application threads were stopped: 0.0002181 seconds, Stopping threads took: 0.0000638 seconds
2017-04-24T18:27:00.748+0800: 9710.420: Total time for which application threads were stopped: 0.0001863 seconds, Stopping threads took: 0.0000327 seconds
2017-04-24T18:27:00.758+0800: 9710.430: Total time for which application threads were stopped: 0.0002810 seconds, Stopping threads took: 0.0000767 seconds
2017-04-24T18:27:10.438+0800: 9720.111: Total time for which application threads were stopped: 0.0002723 seconds, Stopping threads took: 0.0000536 seconds
2017-04-24T18:27:10.439+0800: 9720.112: Total time for which application threads were stopped: 0.0001876 seconds, Stopping threads took: 0.0000314 seconds
2017-04-24T18:27:10.802+0800: 9720.475: Total time for which application threads were stopped: 0.0001331 seconds, Stopping threads took: 0.0000237 seconds
2017-04-24T18:27:10.802+0800: 9720.475: Total time for which application threads were stopped: 0.0001129 seconds, Stopping threads took: 0.0000218 seconds
2017-04-24T18:27:10.802+0800: 9720.475: Total time for which application threads were stopped: 0.0000866 seconds, Stopping threads took: 0.0000189 seconds
2017-04-24T18:27:10.802+0800: 9720.475: Total time for which application threads were stopped: 0.0000680 seconds, Stopping threads took: 0.0000122 seconds
2017-04-24T18:27:10.802+0800: 9720.475: Total time for which application threads were stopped: 0.0000648 seconds, Stopping threads took: 0.0000115 seconds
2017-04-24T18:27:10.815+0800: 9720.487: Total time for which application threads were stopped: 0.0001408 seconds, Stopping threads took: 0.0000260 seconds
2017-04-24T18:27:20.435+0800: 9730.108: Total time for which application threads were stopped: 0.0001414 seconds, Stopping threads took: 0.0000340 seconds
2017-04-24T18:27:20.435+0800: 9730.108: Total time for which application threads were stopped: 0.0001020 seconds, Stopping threads took: 0.0000225 seconds
2017-04-24T18:27:20.738+0800: 9730.410: Total time for which application threads were stopped: 0.0003486 seconds, Stopping threads took: 0.0001081 seconds
2017-04-24T18:27:20.738+0800: 9730.411: Total time for which application threads were stopped: 0.0001992 seconds, Stopping threads took: 0.0000593 seconds
2017-04-24T18:27:20.739+0800: 9730.412: Total time for which application threads were stopped: 0.0002313 seconds, Stopping threads took: 0.0000430 seconds
2017-04-24T18:27:20.739+0800: 9730.412: Total time for which application threads were stopped: 0.0001466 seconds, Stopping threads took: 0.0000263 seconds
2017-04-24T18:27:20.740+0800: 9730.412: Total time for which application threads were stopped: 0.0001655 seconds, Stopping threads took: 0.0000529 seconds
2017-04-24T18:27:20.740+0800: 9730.412: Total time for which application threads were stopped: 0.0001424 seconds, Stopping threads took: 0.0000263 seconds
2017-04-24T18:27:20.740+0800: 9730.412: Total time for which application threads were stopped: 0.0001838 seconds, Stopping threads took: 0.0000378 seconds
2017-04-24T18:27:20.752+0800: 9730.424: Total time for which application threads were stopped: 0.0002864 seconds, Stopping threads took: 0.0000513 seconds
2017-04-24T18:27:30.417+0800: 9740.090: Total time for which application threads were stopped: 0.0002986 seconds, Stopping threads took: 0.0000532 seconds
2017-04-24T18:27:30.440+0800: 9740.113: Total time for which application threads were stopped: 0.0002954 seconds, Stopping threads took: 0.0000507 seconds
2017-04-24T18:27:30.441+0800: 9740.114: Total time for which application threads were stopped: 0.0002056 seconds, Stopping threads took: 0.0000334 seconds
2017-04-24T18:27:30.789+0800: 9740.462: Total time for which application threads were stopped: 0.0002746 seconds, Stopping threads took: 0.0000593 seconds
2017-04-24T18:27:30.789+0800: 9740.462: Total time for which application threads were stopped: 0.0002749 seconds, Stopping threads took: 0.0000770 seconds
2017-04-24T18:27:30.791+0800: 9740.463: Total time for which application threads were stopped: 0.0002717 seconds, Stopping threads took: 0.0000414 seconds
2017-04-24T18:27:30.791+0800: 9740.463: Total time for which application threads were stopped: 0.0001790 seconds, Stopping threads took: 0.0000289 seconds
2017-04-24T18:27:30.791+0800: 9740.464: Total time for which application threads were stopped: 0.0001674 seconds, Stopping threads took: 0.0000318 seconds
2017-04-24T18:27:30.791+0800: 9740.464: Total time for which application threads were stopped: 0.0001546 seconds, Stopping threads took: 0.0000250 seconds
2017-04-24T18:27:30.792+0800: 9740.464: Total time for which application threads were stopped: 0.0001703 seconds, Stopping threads took: 0.0000253 seconds
2017-04-24T18:27:30.801+0800: 9740.474: Total time for which application threads were stopped: 0.0002242 seconds, Stopping threads took: 0.0000423 seconds
2017-04-24T18:27:40.411+0800: 9750.084: Total time for which application threads were stopped: 0.0001889 seconds, Stopping threads took: 0.0000362 seconds
2017-04-24T18:27:40.426+0800: 9750.098: Total time for which application threads were stopped: 0.0001899 seconds, Stopping threads took: 0.0000334 seconds
2017-04-24T18:27:40.426+0800: 9750.099: Total time for which application threads were stopped: 0.0001597 seconds, Stopping threads took: 0.0000324 seconds
2017-04-24T18:27:40.758+0800: 9750.430: Total time for which application threads were stopped: 0.0002957 seconds, Stopping threads took: 0.0000584 seconds
2017-04-24T18:27:40.758+0800: 9750.430: Total time for which application threads were stopped: 0.0003009 seconds, Stopping threads took: 0.0000754 seconds
2017-04-24T18:27:40.760+0800: 9750.432: Total time for which application threads were stopped: 0.0002550 seconds, Stopping threads took: 0.0000420 seconds
2017-04-24T18:27:40.760+0800: 9750.432: Total time for which application threads were stopped: 0.0002107 seconds, Stopping threads took: 0.0000532 seconds
2017-04-24T18:27:40.760+0800: 9750.433: Total time for which application threads were stopped: 0.0002136 seconds, Stopping threads took: 0.0000420 seconds
2017-04-24T18:27:40.760+0800: 9750.433: Total time for which application threads were stopped: 0.0001572 seconds, Stopping threads took: 0.0000273 seconds
2017-04-24T18:27:40.761+0800: 9750.433: Total time for which application threads were stopped: 0.0001482 seconds, Stopping threads took: 0.0000247 seconds
2017-04-24T18:27:40.771+0800: 9750.444: Total time for which application threads were stopped: 0.0002483 seconds, Stopping threads took: 0.0000471 seconds
2017-04-24T18:27:50.435+0800: 9760.108: Total time for which application threads were stopped: 0.0001745 seconds, Stopping threads took: 0.0000346 seconds
2017-04-24T18:27:50.436+0800: 9760.108: Total time for which application threads were stopped: 0.0001549 seconds, Stopping threads took: 0.0000266 seconds
2017-04-24T18:27:50.739+0800: 9760.412: Total time for which application threads were stopped: 0.0001087 seconds, Stopping threads took: 0.0000234 seconds
2017-04-24T18:27:50.740+0800: 9760.412: Total time for which application threads were stopped: 0.0000911 seconds, Stopping threads took: 0.0000289 seconds
2017-04-24T18:27:50.740+0800: 9760.412: Total time for which application threads were stopped: 0.0000776 seconds, Stopping threads took: 0.0000122 seconds
2017-04-24T18:27:50.740+0800: 9760.413: Total time for which application threads were stopped: 0.0000808 seconds, Stopping threads took: 0.0000144 seconds
2017-04-24T18:27:50.740+0800: 9760.413: Total time for which application threads were stopped: 0.0000577 seconds, Stopping threads took: 0.0000099 seconds
2017-04-24T18:27:50.740+0800: 9760.413: Total time for which application threads were stopped: 0.0001046 seconds, Stopping threads took: 0.0000606 seconds
2017-04-24T18:27:50.740+0800: 9760.413: Total time for which application threads were stopped: 0.0000545 seconds, Stopping threads took: 0.0000096 seconds
2017-04-24T18:27:50.744+0800: 9760.416: Total time for which application threads were stopped: 0.0001206 seconds, Stopping threads took: 0.0000273 seconds
2017-04-24T18:28:00.408+0800: 9770.081: Total time for which application threads were stopped: 0.0004689 seconds, Stopping threads took: 0.0000504 seconds
2017-04-24T18:28:00.442+0800: 9770.114: Total time for which application threads were stopped: 0.0002733 seconds, Stopping threads took: 0.0000587 seconds
2017-04-24T18:28:00.443+0800: 9770.115: Total time for which application threads were stopped: 0.0001963 seconds, Stopping threads took: 0.0000388 seconds
2017-04-24T18:28:00.752+0800: 9770.425: Total time for which application threads were stopped: 0.0003416 seconds, Stopping threads took: 0.0000969 seconds
2017-04-24T18:28:00.753+0800: 9770.425: Total time for which application threads were stopped: 0.0002335 seconds, Stopping threads took: 0.0000513 seconds
2017-04-24T18:28:00.754+0800: 9770.426: Total time for which application threads were stopped: 0.0001963 seconds, Stopping threads took: 0.0000337 seconds
2017-04-24T18:28:00.754+0800: 9770.427: Total time for which application threads were stopped: 0.0001841 seconds, Stopping threads took: 0.0000366 seconds
2017-04-24T18:28:00.755+0800: 9770.427: Total time for which application threads were stopped: 0.0001546 seconds, Stopping threads took: 0.0000324 seconds
2017-04-24T18:28:00.755+0800: 9770.427: Total time for which application threads were stopped: 0.0001331 seconds, Stopping threads took: 0.0000308 seconds
2017-04-24T18:28:00.755+0800: 9770.428: Total time for which application threads were stopped: 0.0004622 seconds, Stopping threads took: 0.0000250 seconds
2017-04-24T18:28:00.769+0800: 9770.442: Total time for which application threads were stopped: 0.0003640 seconds, Stopping threads took: 0.0000523 seconds
2017-04-24T18:28:10.439+0800: 9780.112: Total time for which application threads were stopped: 0.0002742 seconds, Stopping threads took: 0.0000539 seconds
2017-04-24T18:28:10.440+0800: 9780.113: Total time for which application threads were stopped: 0.0004510 seconds, Stopping threads took: 0.0000263 seconds
2017-04-24T18:28:10.803+0800: 9780.475: Total time for which application threads were stopped: 0.0002829 seconds, Stopping threads took: 0.0000542 seconds
2017-04-24T18:28:10.804+0800: 9780.476: Total time for which application threads were stopped: 0.0002579 seconds, Stopping threads took: 0.0000930 seconds
2017-04-24T18:28:10.805+0800: 9780.478: Total time for which application threads were stopped: 0.0002447 seconds, Stopping threads took: 0.0000446 seconds
2017-04-24T18:28:10.816+0800: 9780.488: Total time for which application threads were stopped: 0.0005693 seconds, Stopping threads took: 0.0000488 seconds
{Heap before GC invocations=94 (full 2):
 par new generation   total 109248K, used 91766K [0x00000000e0000000, 0x00000000e8000000, 0x00000000e8000000)
  eden space 87424K, 100% used [0x00000000e0000000, 0x00000000e5560000, 0x00000000e5560000)
  from space 21824K,  19% used [0x00000000e5560000, 0x00000000e599d8f0, 0x00000000e6ab0000)
  to   space 21824K,   0% used [0x00000000e6ab0000, 0x00000000e6ab0000, 0x00000000e8000000)
 concurrent mark-sweep generation total 393216K, used 19188K [0x00000000e8000000, 0x0000000100000000, 0x0000000100000000)
 Metaspace       used 42706K, capacity 43480K, committed 43800K, reserved 1087488K
  class space    used 4603K, capacity 4830K, committed 4940K, reserved 1048576K
2017-04-24T18:28:20.411+0800: 9790.083: [GC (Allocation Failure) 2017-04-24T18:28:20.411+0800: 9790.083: [ParNew
Desired survivor size 20112992 bytes, new threshold 8 (max 8)
- age   1:    2488080 bytes,    2488080 total
- age   2:     630640 bytes,    3118720 total
- age   3:      72088 bytes,    3190808 total
- age   4:      12280 bytes,    3203088 total
- age   5:      12800 bytes,    3215888 total
- age   6:      11448 bytes,    3227336 total
- age   7:      40976 bytes,    3268312 total
- age   8:      12728 bytes,    3281040 total
: 91766K->4468K(109248K), 0.0126092 secs] 110955K->23670K(502464K), 0.0127513 secs] [Times: user=0.06 sys=0.00, real=0.01 secs] 
Heap after GC invocations=95 (full 2):
 par new generation   total 109248K, used 4468K [0x00000000e0000000, 0x00000000e8000000, 0x00000000e8000000)
  eden space 87424K,   0% used [0x00000000e0000000, 0x00000000e0000000, 0x00000000e5560000)
  from space 21824K,  20% used [0x00000000e6ab0000, 0x00000000e6f0d3c0, 0x00000000e8000000)
  to   space 21824K,   0% used [0x00000000e5560000, 0x00000000e5560000, 0x00000000e6ab0000)
 concurrent mark-sweep generation total 393216K, used 19201K [0x00000000e8000000, 0x0000000100000000, 0x0000000100000000)
 Metaspace       used 42706K, capacity 43480K, committed 43800K, reserved 1087488K
  class space    used 4603K, capacity 4830K, committed 4940K, reserved 1048576K
}
2017-04-24T18:28:20.424+0800: 9790.096: Total time for which application threads were stopped: 0.0133643 seconds, Stopping threads took: 0.0000491 seconds
2017-04-24T18:28:20.424+0800: 9790.097: Total time for which application threads were stopped: 0.0002723 seconds, Stopping threads took: 0.0000641 seconds
2017-04-24T18:28:20.425+0800: 9790.097: Total time for which application threads were stopped: 0.0002819 seconds, Stopping threads took: 0.0000824 seconds
2017-04-24T18:28:20.425+0800: 9790.098: Total time for which application threads were stopped: 0.0002229 seconds, Stopping threads took: 0.0000722 seconds
2017-04-24T18:28:20.426+0800: 9790.098: Total time for which application threads were stopped: 0.0002800 seconds, Stopping threads took: 0.0000821 seconds
2017-04-24T18:28:20.426+0800: 9790.099: Total time for which application threads were stopped: 0.0002810 seconds, Stopping threads took: 0.0000789 seconds
2017-04-24T18:28:20.426+0800: 9790.099: Total time for which application threads were stopped: 0.0001934 seconds, Stopping threads took: 0.0000388 seconds
2017-04-24T18:28:20.427+0800: 9790.100: Total time for which application threads were stopped: 0.0003397 seconds, Stopping threads took: 0.0000414 seconds
2017-04-24T18:28:20.427+0800: 9790.100: Total time for which application threads were stopped: 0.0003015 seconds, Stopping threads took: 0.0000391 seconds
2017-04-24T18:28:20.428+0800: 9790.101: Total time for which application threads were stopped: 0.0001620 seconds, Stopping threads took: 0.0000350 seconds
2017-04-24T18:28:20.428+0800: 9790.101: Total time for which application threads were stopped: 0.0001713 seconds, Stopping threads took: 0.0000388 seconds
2017-04-24T18:28:20.429+0800: 9790.101: Total time for which application threads were stopped: 0.0002011 seconds, Stopping threads took: 0.0000362 seconds
2017-04-24T18:28:20.429+0800: 9790.102: Total time for which application threads were stopped: 0.0001607 seconds, Stopping threads took: 0.0000266 seconds
2017-04-24T18:28:20.430+0800: 9790.103: Total time for which application threads were stopped: 0.0001831 seconds, Stopping threads took: 0.0000346 seconds
2017-04-24T18:28:20.431+0800: 9790.103: Total time for which application threads were stopped: 0.0001033 seconds, Stopping threads took: 0.0000263 seconds
2017-04-24T18:28:20.431+0800: 9790.104: Total time for which application threads were stopped: 0.0000921 seconds, Stopping threads took: 0.0000196 seconds
2017-04-24T18:28:20.431+0800: 9790.104: Total time for which application threads were stopped: 0.0000911 seconds, Stopping threads took: 0.0000205 seconds
2017-04-24T18:28:20.431+0800: 9790.104: Total time for which application threads were stopped: 0.0001001 seconds, Stopping threads took: 0.0000318 seconds
2017-04-24T18:28:20.432+0800: 9790.104: Total time for which application threads were stopped: 0.0000856 seconds, Stopping threads took: 0.0000241 seconds
2017-04-24T18:28:20.432+0800: 9790.104: Total time for which application threads were stopped: 0.0000795 seconds, Stopping threads took: 0.0000183 seconds
2017-04-24T18:28:20.432+0800: 9790.105: Total time for which application threads were stopped: 0.0001004 seconds, Stopping threads took: 0.0000318 seconds
2017-04-24T18:28:20.432+0800: 9790.105: Total time for which application threads were stopped: 0.0001735 seconds, Stopping threads took: 0.0000449 seconds
2017-04-24T18:28:20.433+0800: 9790.105: Total time for which application threads were stopped: 0.0001466 seconds, Stopping threads took: 0.0000324 seconds
2017-04-24T18:28:20.442+0800: 9790.115: Total time for which application threads were stopped: 0.0001354 seconds, Stopping threads took: 0.0000276 seconds
2017-04-24T18:28:20.443+0800: 9790.116: Total time for which application threads were stopped: 0.0001023 seconds, Stopping threads took: 0.0000183 seconds
2017-04-24T18:28:20.772+0800: 9790.445: Total time for which application threads were stopped: 0.0003355 seconds, Stopping threads took: 0.0001123 seconds
2017-04-24T18:28:20.772+0800: 9790.445: Total time for which application threads were stopped: 0.0001819 seconds, Stopping threads took: 0.0000353 seconds
2017-04-24T18:28:20.773+0800: 9790.445: Total time for which application threads were stopped: 0.0002226 seconds, Stopping threads took: 0.0000728 seconds
2017-04-24T18:28:20.774+0800: 9790.446: Total time for which application threads were stopped: 0.0002325 seconds, Stopping threads took: 0.0000427 seconds
2017-04-24T18:28:20.774+0800: 9790.447: Total time for which application threads were stopped: 0.0002037 seconds, Stopping threads took: 0.0000385 seconds
2017-04-24T18:28:20.774+0800: 9790.447: Total time for which application threads were stopped: 0.0001530 seconds, Stopping threads took: 0.0000260 seconds
2017-04-24T18:28:20.775+0800: 9790.447: Total time for which application threads were stopped: 0.0001450 seconds, Stopping threads took: 0.0000244 seconds
2017-04-24T18:28:20.775+0800: 9790.447: Total time for which application threads were stopped: 0.0001742 seconds, Stopping threads took: 0.0000343 seconds
2017-04-24T18:28:30.462+0800: 9800.135: Total time for which application threads were stopped: 0.0001398 seconds, Stopping threads took: 0.0000266 seconds
2017-04-24T18:28:30.463+0800: 9800.135: Total time for which application threads were stopped: 0.0000696 seconds, Stopping threads took: 0.0000122 seconds
2017-04-24T18:28:30.737+0800: 9800.410: Total time for which application threads were stopped: 0.0000959 seconds, Stopping threads took: 0.0000208 seconds
2017-04-24T18:28:30.737+0800: 9800.410: Total time for which application threads were stopped: 0.0000600 seconds, Stopping threads took: 0.0000128 seconds
2017-04-24T18:28:30.737+0800: 9800.410: Total time for which application threads were stopped: 0.0000491 seconds, Stopping threads took: 0.0000099 seconds
2017-04-24T18:28:30.737+0800: 9800.410: Total time for which application threads were stopped: 0.0000385 seconds, Stopping threads took: 0.0000067 seconds
2017-04-24T18:28:30.737+0800: 9800.410: Total time for which application threads were stopped: 0.0000411 seconds, Stopping threads took: 0.0000061 seconds
2017-04-24T18:28:30.738+0800: 9800.410: Total time for which application threads were stopped: 0.0000465 seconds, Stopping threads took: 0.0000099 seconds
2017-04-24T18:28:30.738+0800: 9800.410: Total time for which application threads were stopped: 0.0000417 seconds, Stopping threads took: 0.0000083 seconds
2017-04-24T18:28:30.738+0800: 9800.410: Total time for which application threads were stopped: 0.0000366 seconds, Stopping threads took: 0.0000074 seconds
2017-04-24T18:28:40.439+0800: 9810.111: Total time for which application threads were stopped: 0.0002996 seconds, Stopping threads took: 0.0000561 seconds
2017-04-24T18:28:40.440+0800: 9810.112: Total time for which application threads were stopped: 0.0002017 seconds, Stopping threads took: 0.0000334 seconds
2017-04-24T18:28:40.758+0800: 9810.431: Total time for which application threads were stopped: 0.0003073 seconds, Stopping threads took: 0.0000763 seconds
2017-04-24T18:28:40.759+0800: 9810.431: Total time for which application threads were stopped: 0.0002989 seconds, Stopping threads took: 0.0001036 seconds
2017-04-24T18:28:40.759+0800: 9810.432: Total time for which application threads were stopped: 0.0001719 seconds, Stopping threads took: 0.0000414 seconds
2017-04-24T18:28:40.761+0800: 9810.433: Total time for which application threads were stopped: 0.0002059 seconds, Stopping threads took: 0.0000359 seconds
2017-04-24T18:28:40.761+0800: 9810.434: Total time for which application threads were stopped: 0.0001928 seconds, Stopping threads took: 0.0000350 seconds
2017-04-24T18:28:40.761+0800: 9810.434: Total time for which application threads were stopped: 0.0001530 seconds, Stopping threads took: 0.0000253 seconds
2017-04-24T18:28:40.762+0800: 9810.434: Total time for which application threads were stopped: 0.0001479 seconds, Stopping threads took: 0.0000266 seconds
2017-04-24T18:28:40.762+0800: 9810.434: Total time for which application threads were stopped: 0.0001443 seconds, Stopping threads took: 0.0000247 seconds
2017-04-24T18:28:50.436+0800: 9820.108: Total time for which application threads were stopped: 0.0004006 seconds, Stopping threads took: 0.0000362 seconds
2017-04-24T18:28:50.437+0800: 9820.109: Total time for which application threads were stopped: 0.0001354 seconds, Stopping threads took: 0.0000269 seconds
2017-04-24T18:28:50.911+0800: 9820.584: Total time for which application threads were stopped: 0.0003579 seconds, Stopping threads took: 0.0001187 seconds
2017-04-24T18:28:50.912+0800: 9820.584: Total time for which application threads were stopped: 0.0002220 seconds, Stopping threads took: 0.0000433 seconds
2017-04-24T18:28:50.912+0800: 9820.584: Total time for which application threads were stopped: 0.0002088 seconds, Stopping threads took: 0.0000520 seconds
2017-04-24T18:28:50.913+0800: 9820.585: Total time for which application threads were stopped: 0.0005045 seconds, Stopping threads took: 0.0000334 seconds
2017-04-24T18:28:50.913+0800: 9820.586: Total time for which application threads were stopped: 0.0001440 seconds, Stopping threads took: 0.0000253 seconds
2017-04-24T18:28:50.914+0800: 9820.586: Total time for which application threads were stopped: 0.0001764 seconds, Stopping threads took: 0.0000247 seconds
2017-04-24T18:28:50.914+0800: 9820.586: Total time for which application threads were stopped: 0.0001796 seconds, Stopping threads took: 0.0000395 seconds
2017-04-24T18:28:50.914+0800: 9820.586: Total time for which application threads were stopped: 0.0001835 seconds, Stopping threads took: 0.0000362 seconds
2017-04-24T18:29:00.439+0800: 9830.112: Total time for which application threads were stopped: 0.0002470 seconds, Stopping threads took: 0.0000520 seconds
2017-04-24T18:29:00.440+0800: 9830.113: Total time for which application threads were stopped: 0.0002338 seconds, Stopping threads took: 0.0000459 seconds
2017-04-24T18:29:00.737+0800: 9830.409: Total time for which application threads were stopped: 0.0002806 seconds, Stopping threads took: 0.0000587 seconds
2017-04-24T18:29:00.737+0800: 9830.409: Total time for which application threads were stopped: 0.0002402 seconds, Stopping threads took: 0.0000828 seconds
2017-04-24T18:29:00.737+0800: 9830.409: Total time for which application threads were stopped: 0.0001639 seconds, Stopping threads took: 0.0000279 seconds
2017-04-24T18:29:00.738+0800: 9830.410: Total time for which application threads were stopped: 0.0001790 seconds, Stopping threads took: 0.0000311 seconds
2017-04-24T18:29:00.738+0800: 9830.411: Total time for which application threads were stopped: 0.0001514 seconds, Stopping threads took: 0.0000253 seconds
2017-04-24T18:29:00.739+0800: 9830.411: Total time for which application threads were stopped: 0.0001469 seconds, Stopping threads took: 0.0000250 seconds
2017-04-24T18:29:00.739+0800: 9830.411: Total time for which application threads were stopped: 0.0001408 seconds, Stopping threads took: 0.0000244 seconds
2017-04-24T18:29:10.414+0800: 9840.087: Total time for which application threads were stopped: 0.0001148 seconds, Stopping threads took: 0.0000208 seconds
2017-04-24T18:29:10.414+0800: 9840.087: Total time for which application threads were stopped: 0.0000949 seconds, Stopping threads took: 0.0000173 seconds
2017-04-24T18:29:10.718+0800: 9840.391: Total time for which application threads were stopped: 0.0001167 seconds, Stopping threads took: 0.0000247 seconds
2017-04-24T18:29:10.719+0800: 9840.391: Total time for which application threads were stopped: 0.0000831 seconds, Stopping threads took: 0.0000154 seconds
2017-04-24T18:29:10.719+0800: 9840.391: Total time for which application threads were stopped: 0.0000834 seconds, Stopping threads took: 0.0000273 seconds
2017-04-24T18:29:10.719+0800: 9840.391: Total time for which application threads were stopped: 0.0000648 seconds, Stopping threads took: 0.0000090 seconds
2017-04-24T18:29:10.719+0800: 9840.391: Total time for which application threads were stopped: 0.0000523 seconds, Stopping threads took: 0.0000074 seconds
2017-04-24T18:29:10.719+0800: 9840.391: Total time for which application threads were stopped: 0.0000548 seconds, Stopping threads took: 0.0000128 seconds
2017-04-24T18:29:10.719+0800: 9840.392: Total time for which application threads were stopped: 0.0000436 seconds, Stopping threads took: 0.0000071 seconds
2017-04-24T18:29:10.719+0800: 9840.392: Total time for which application threads were stopped: 0.0001556 seconds, Stopping threads took: 0.0000071 seconds
2017-04-24T18:29:20.415+0800: 9850.088: Total time for which application threads were stopped: 0.0001091 seconds, Stopping threads took: 0.0000215 seconds
2017-04-24T18:29:20.416+0800: 9850.088: Total time for which application threads were stopped: 0.0000674 seconds, Stopping threads took: 0.0000115 seconds
2017-04-24T18:29:20.736+0800: 9850.409: Total time for which application threads were stopped: 0.0001094 seconds, Stopping threads took: 0.0000253 seconds
2017-04-24T18:29:20.736+0800: 9850.409: Total time for which application threads were stopped: 0.0000565 seconds, Stopping threads took: 0.0000106 seconds
2017-04-24T18:29:20.736+0800: 9850.409: Total time for which application threads were stopped: 0.0000513 seconds, Stopping threads took: 0.0000119 seconds
2017-04-24T18:29:20.736+0800: 9850.409: Total time for which application threads were stopped: 0.0000478 seconds, Stopping threads took: 0.0000083 seconds
2017-04-24T18:29:24.309+0800: 9853.982: Total time for which application threads were stopped: 0.0000933 seconds, Stopping threads took: 0.0000199 seconds
2017-04-24T18:29:24.309+0800: 9853.982: Total time for which application threads were stopped: 0.0000404 seconds, Stopping threads took: 0.0000080 seconds
2017-04-24T18:29:24.309+0800: 9853.982: Total time for which application threads were stopped: 0.0000507 seconds, Stopping threads took: 0.0000112 seconds
2017-04-24T18:29:24.310+0800: 9853.982: Total time for which application threads were stopped: 0.0000388 seconds, Stopping threads took: 0.0000067 seconds
2017-04-24T18:29:24.310+0800: 9853.982: Total time for which application threads were stopped: 0.0000311 seconds, Stopping threads took: 0.0000061 seconds
2017-04-24T18:29:24.310+0800: 9853.982: Total time for which application threads were stopped: 0.0000308 seconds, Stopping threads took: 0.0000061 seconds
2017-04-24T18:29:30.439+0800: 9860.111: Total time for which application threads were stopped: 0.0002697 seconds, Stopping threads took: 0.0000539 seconds
2017-04-24T18:29:30.726+0800: 9860.398: Total time for which application threads were stopped: 0.0002832 seconds, Stopping threads took: 0.0000555 seconds
2017-04-24T18:29:30.726+0800: 9860.399: Total time for which application threads were stopped: 0.0003127 seconds, Stopping threads took: 0.0001039 seconds
2017-04-24T18:29:30.726+0800: 9860.399: Total time for which application threads were stopped: 0.0001764 seconds, Stopping threads took: 0.0000417 seconds
2017-04-24T18:29:30.728+0800: 9860.400: Total time for which application threads were stopped: 0.0002268 seconds, Stopping threads took: 0.0000446 seconds
2017-04-24T18:29:30.728+0800: 9860.400: Total time for which application threads were stopped: 0.0002027 seconds, Stopping threads took: 0.0000411 seconds
2017-04-24T18:29:30.728+0800: 9860.401: Total time for which application threads were stopped: 0.0001642 seconds, Stopping threads took: 0.0000334 seconds
2017-04-24T18:29:30.728+0800: 9860.401: Total time for which application threads were stopped: 0.0002499 seconds, Stopping threads took: 0.0000378 seconds
2017-04-24T18:29:30.729+0800: 9860.401: Total time for which application threads were stopped: 0.0001652 seconds, Stopping threads took: 0.0000330 seconds
2017-04-24T18:29:40.441+0800: 9870.113: Total time for which application threads were stopped: 0.0001443 seconds, Stopping threads took: 0.0000292 seconds
2017-04-24T18:29:40.441+0800: 9870.114: Total time for which application threads were stopped: 0.0001007 seconds, Stopping threads took: 0.0000160 seconds
2017-04-24T18:29:40.767+0800: 9870.440: Total time for which application threads were stopped: 0.0003015 seconds, Stopping threads took: 0.0000568 seconds
2017-04-24T18:29:40.768+0800: 9870.441: Total time for which application threads were stopped: 0.0002521 seconds, Stopping threads took: 0.0000423 seconds
2017-04-24T18:29:40.769+0800: 9870.441: Total time for which application threads were stopped: 0.0002576 seconds, Stopping threads took: 0.0000488 seconds
2017-04-24T18:29:40.769+0800: 9870.441: Total time for which application threads were stopped: 0.0002277 seconds, Stopping threads took: 0.0000401 seconds
2017-04-24T18:29:40.769+0800: 9870.442: Total time for which application threads were stopped: 0.0001841 seconds, Stopping threads took: 0.0000340 seconds
2017-04-24T18:29:40.769+0800: 9870.442: Total time for which application threads were stopped: 0.0001677 seconds, Stopping threads took: 0.0000311 seconds
2017-04-24T18:29:50.434+0800: 9880.107: Total time for which application threads were stopped: 0.0001873 seconds, Stopping threads took: 0.0000356 seconds
2017-04-24T18:29:50.434+0800: 9880.107: Total time for which application threads were stopped: 0.0001299 seconds, Stopping threads took: 0.0000212 seconds
2017-04-24T18:29:50.753+0800: 9880.425: Total time for which application threads were stopped: 0.0003323 seconds, Stopping threads took: 0.0001094 seconds
2017-04-24T18:29:50.753+0800: 9880.425: Total time for which application threads were stopped: 0.0002547 seconds, Stopping threads took: 0.0000946 seconds
2017-04-24T18:29:50.753+0800: 9880.426: Total time for which application threads were stopped: 0.0002492 seconds, Stopping threads took: 0.0000975 seconds
2017-04-24T18:29:50.755+0800: 9880.427: Total time for which application threads were stopped: 0.0002348 seconds, Stopping threads took: 0.0000359 seconds
2017-04-24T18:29:50.755+0800: 9880.427: Total time for which application threads were stopped: 0.0001584 seconds, Stopping threads took: 0.0000269 seconds
2017-04-24T18:29:50.755+0800: 9880.427: Total time for which application threads were stopped: 0.0001671 seconds, Stopping threads took: 0.0000257 seconds
2017-04-24T18:29:50.755+0800: 9880.428: Total time for which application threads were stopped: 0.0001992 seconds, Stopping threads took: 0.0000388 seconds
2017-04-24T18:29:50.756+0800: 9880.428: Total time for which application threads were stopped: 0.0001957 seconds, Stopping threads took: 0.0000391 seconds
2017-04-24T18:29:50.766+0800: 9880.438: Total time for which application threads were stopped: 0.0002486 seconds, Stopping threads took: 0.0000468 seconds
{Heap before GC invocations=95 (full 2):
 par new generation   total 109248K, used 91892K [0x00000000e0000000, 0x00000000e8000000, 0x00000000e8000000)
  eden space 87424K, 100% used [0x00000000e0000000, 0x00000000e5560000, 0x00000000e5560000)
  from space 21824K,  20% used [0x00000000e6ab0000, 0x00000000e6f0d3c0, 0x00000000e8000000)
  to   space 21824K,   0% used [0x00000000e5560000, 0x00000000e5560000, 0x00000000e6ab0000)
 concurrent mark-sweep generation total 393216K, used 19201K [0x00000000e8000000, 0x0000000100000000, 0x0000000100000000)
 Metaspace       used 42707K, capacity 43480K, committed 43800K, reserved 1087488K
  class space    used 4603K, capacity 4830K, committed 4940K, reserved 1048576K
2017-04-24T18:30:00.421+0800: 9890.094: [GC (Allocation Failure) 2017-04-24T18:30:00.421+0800: 9890.094: [ParNew
Desired survivor size 20112992 bytes, new threshold 8 (max 8)
- age   1:    2944888 bytes,    2944888 total
- age   2:     551544 bytes,    3496432 total
- age   3:      70272 bytes,    3566704 total
- age   4:      16272 bytes,    3582976 total
- age   5:      11584 bytes,    3594560 total
- age   6:      12800 bytes,    3607360 total
- age   7:      11448 bytes,    3618808 total
- age   8:      40976 bytes,    3659784 total
: 91892K->4415K(109248K), 0.0126282 secs] 111094K->23629K(502464K), 0.0128171 secs] [Times: user=0.00 sys=0.00, real=0.01 secs] 
Heap after GC invocations=96 (full 2):
 par new generation   total 109248K, used 4415K [0x00000000e0000000, 0x00000000e8000000, 0x00000000e8000000)
  eden space 87424K,   0% used [0x00000000e0000000, 0x00000000e0000000, 0x00000000e5560000)
  from space 21824K,  20% used [0x00000000e5560000, 0x00000000e59afe60, 0x00000000e6ab0000)
  to   space 21824K,   0% used [0x00000000e6ab0000, 0x00000000e6ab0000, 0x00000000e8000000)
 concurrent mark-sweep generation total 393216K, used 19213K [0x00000000e8000000, 0x0000000100000000, 0x0000000100000000)
 Metaspace       used 42707K, capacity 43480K, committed 43800K, reserved 1087488K
  class space    used 4603K, capacity 4830K, committed 4940K, reserved 1048576K
}
2017-04-24T18:30:00.434+0800: 9890.107: Total time for which application threads were stopped: 0.0133816 seconds, Stopping threads took: 0.0000507 seconds
2017-04-24T18:30:00.436+0800: 9890.109: Total time for which application threads were stopped: 0.0007605 seconds, Stopping threads took: 0.0005379 seconds
2017-04-24T18:30:00.437+0800: 9890.109: Total time for which application threads were stopped: 0.0002960 seconds, Stopping threads took: 0.0001209 seconds
2017-04-24T18:30:00.438+0800: 9890.110: Total time for which application threads were stopped: 0.0003082 seconds, Stopping threads took: 0.0000981 seconds
2017-04-24T18:30:00.438+0800: 9890.111: Total time for which application threads were stopped: 0.0002422 seconds, Stopping threads took: 0.0000847 seconds
2017-04-24T18:30:00.439+0800: 9890.111: Total time for which application threads were stopped: 0.0002239 seconds, Stopping threads took: 0.0000443 seconds
2017-04-24T18:30:00.439+0800: 9890.112: Total time for which application threads were stopped: 0.0002046 seconds, Stopping threads took: 0.0000471 seconds
2017-04-24T18:30:00.440+0800: 9890.112: Total time for which application threads were stopped: 0.0001764 seconds, Stopping threads took: 0.0000308 seconds
2017-04-24T18:30:00.440+0800: 9890.112: Total time for which application threads were stopped: 0.0001867 seconds, Stopping threads took: 0.0000372 seconds
2017-04-24T18:30:00.441+0800: 9890.113: Total time for which application threads were stopped: 0.0001402 seconds, Stopping threads took: 0.0000250 seconds
2017-04-24T18:30:00.441+0800: 9890.113: Total time for which application threads were stopped: 0.0001969 seconds, Stopping threads took: 0.0000747 seconds
2017-04-24T18:30:00.441+0800: 9890.114: Total time for which application threads were stopped: 0.0001976 seconds, Stopping threads took: 0.0000661 seconds
2017-04-24T18:30:00.441+0800: 9890.114: Total time for which application threads were stopped: 0.0001809 seconds, Stopping threads took: 0.0000584 seconds
2017-04-24T18:30:00.442+0800: 9890.114: Total time for which application threads were stopped: 0.0004567 seconds, Stopping threads took: 0.0000375 seconds
2017-04-24T18:30:00.442+0800: 9890.115: Total time for which application threads were stopped: 0.0001540 seconds, Stopping threads took: 0.0000298 seconds
2017-04-24T18:30:00.443+0800: 9890.115: Total time for which application threads were stopped: 0.0001812 seconds, Stopping threads took: 0.0000411 seconds
2017-04-24T18:30:00.443+0800: 9890.116: Total time for which application threads were stopped: 0.0002354 seconds, Stopping threads took: 0.0000273 seconds
2017-04-24T18:30:00.444+0800: 9890.116: Total time for which application threads were stopped: 0.0003239 seconds, Stopping threads took: 0.0000876 seconds
2017-04-24T18:30:00.444+0800: 9890.116: Total time for which application threads were stopped: 0.0002110 seconds, Stopping threads took: 0.0000760 seconds
2017-04-24T18:30:00.444+0800: 9890.117: Total time for which application threads were stopped: 0.0001880 seconds, Stopping threads took: 0.0000664 seconds
2017-04-24T18:30:00.445+0800: 9890.117: Total time for which application threads were stopped: 0.0004041 seconds, Stopping threads took: 0.0000340 seconds
2017-04-24T18:30:00.446+0800: 9890.118: Total time for which application threads were stopped: 0.0005523 seconds, Stopping threads took: 0.0001017 seconds
2017-04-24T18:30:00.789+0800: 9890.462: Total time for which application threads were stopped: 0.0002617 seconds, Stopping threads took: 0.0000513 seconds
2017-04-24T18:30:00.790+0800: 9890.462: Total time for which application threads were stopped: 0.0002460 seconds, Stopping threads took: 0.0000860 seconds
2017-04-24T18:30:00.791+0800: 9890.463: Total time for which application threads were stopped: 0.0003615 seconds, Stopping threads took: 0.0000427 seconds
2017-04-24T18:30:00.791+0800: 9890.464: Total time for which application threads were stopped: 0.0002550 seconds, Stopping threads took: 0.0000282 seconds
2017-04-24T18:30:00.791+0800: 9890.464: Total time for which application threads were stopped: 0.0002431 seconds, Stopping threads took: 0.0000289 seconds
2017-04-24T18:30:00.791+0800: 9890.464: Total time for which application threads were stopped: 0.0002229 seconds, Stopping threads took: 0.0000257 seconds
2017-04-24T18:30:00.792+0800: 9890.464: Total time for which application threads were stopped: 0.0002210 seconds, Stopping threads took: 0.0000253 seconds
2017-04-24T18:30:00.802+0800: 9890.474: Total time for which application threads were stopped: 0.0002406 seconds, Stopping threads took: 0.0000430 seconds
2017-04-24T18:30:10.439+0800: 9900.112: Total time for which application threads were stopped: 0.0002832 seconds, Stopping threads took: 0.0000548 seconds
2017-04-24T18:30:10.440+0800: 9900.112: Total time for which application threads were stopped: 0.0001886 seconds, Stopping threads took: 0.0000324 seconds
2017-04-24T18:30:10.806+0800: 9900.478: Total time for which application threads were stopped: 0.0006662 seconds, Stopping threads took: 0.0000911 seconds
2017-04-24T18:30:10.806+0800: 9900.479: Total time for which application threads were stopped: 0.0005651 seconds, Stopping threads took: 0.0000837 seconds
2017-04-24T18:30:10.808+0800: 9900.480: Total time for which application threads were stopped: 0.0002351 seconds, Stopping threads took: 0.0000414 seconds
2017-04-24T18:30:10.808+0800: 9900.480: Total time for which application threads were stopped: 0.0001514 seconds, Stopping threads took: 0.0000263 seconds
2017-04-24T18:30:10.808+0800: 9900.481: Total time for which application threads were stopped: 0.0001645 seconds, Stopping threads took: 0.0000253 seconds
2017-04-24T18:30:10.808+0800: 9900.481: Total time for which application threads were stopped: 0.0001386 seconds, Stopping threads took: 0.0000247 seconds
2017-04-24T18:30:10.808+0800: 9900.481: Total time for which application threads were stopped: 0.0001363 seconds, Stopping threads took: 0.0000250 seconds
2017-04-24T18:30:10.820+0800: 9900.492: Total time for which application threads were stopped: 0.0002396 seconds, Stopping threads took: 0.0000455 seconds
2017-04-24T18:30:20.438+0800: 9910.111: Total time for which application threads were stopped: 0.0002678 seconds, Stopping threads took: 0.0000532 seconds
2017-04-24T18:30:20.439+0800: 9910.112: Total time for which application threads were stopped: 0.0002107 seconds, Stopping threads took: 0.0000375 seconds
2017-04-24T18:30:20.883+0800: 9910.555: Total time for which application threads were stopped: 0.0002999 seconds, Stopping threads took: 0.0000709 seconds
2017-04-24T18:30:20.883+0800: 9910.556: Total time for which application threads were stopped: 0.0002534 seconds, Stopping threads took: 0.0000488 seconds
2017-04-24T18:30:20.884+0800: 9910.556: Total time for which application threads were stopped: 0.0002521 seconds, Stopping threads took: 0.0000802 seconds
2017-04-24T18:30:20.884+0800: 9910.557: Total time for which application threads were stopped: 0.0002168 seconds, Stopping threads took: 0.0000395 seconds
2017-04-24T18:30:20.885+0800: 9910.557: Total time for which application threads were stopped: 0.0005603 seconds, Stopping threads took: 0.0000446 seconds
2017-04-24T18:30:20.898+0800: 9910.570: Total time for which application threads were stopped: 0.0002187 seconds, Stopping threads took: 0.0000404 seconds
2017-04-24T18:30:30.438+0800: 9920.110: Total time for which application threads were stopped: 0.0002746 seconds, Stopping threads took: 0.0000574 seconds
2017-04-24T18:30:30.439+0800: 9920.111: Total time for which application threads were stopped: 0.0001665 seconds, Stopping threads took: 0.0000353 seconds
2017-04-24T18:30:30.765+0800: 9920.437: Total time for which application threads were stopped: 0.0001119 seconds, Stopping threads took: 0.0000228 seconds
2017-04-24T18:30:30.768+0800: 9920.440: Total time for which application threads were stopped: 0.0001023 seconds, Stopping threads took: 0.0000202 seconds
2017-04-24T18:30:40.730+0800: 9930.402: Total time for which application threads were stopped: 0.0004378 seconds, Stopping threads took: 0.0000545 seconds
2017-04-24T18:30:40.730+0800: 9930.403: Total time for which application threads were stopped: 0.0003512 seconds, Stopping threads took: 0.0000475 seconds
2017-04-24T18:30:40.731+0800: 9930.403: Total time for which application threads were stopped: 0.0003252 seconds, Stopping threads took: 0.0000459 seconds
2017-04-24T18:30:40.731+0800: 9930.403: Total time for which application threads were stopped: 0.0002479 seconds, Stopping threads took: 0.0000282 seconds
2017-04-24T18:30:40.731+0800: 9930.404: Total time for which application threads were stopped: 0.0002325 seconds, Stopping threads took: 0.0000285 seconds
2017-04-24T18:30:50.436+0800: 9940.109: Total time for which application threads were stopped: 0.0001636 seconds, Stopping threads took: 0.0000311 seconds
2017-04-24T18:30:50.437+0800: 9940.109: Total time for which application threads were stopped: 0.0001363 seconds, Stopping threads took: 0.0000372 seconds
2017-04-24T18:30:50.763+0800: 9940.436: Total time for which application threads were stopped: 0.0003172 seconds, Stopping threads took: 0.0000866 seconds
2017-04-24T18:30:50.765+0800: 9940.437: Total time for which application threads were stopped: 0.0002643 seconds, Stopping threads took: 0.0000398 seconds
2017-04-24T18:30:50.765+0800: 9940.437: Total time for which application threads were stopped: 0.0001735 seconds, Stopping threads took: 0.0000279 seconds
2017-04-24T18:30:50.765+0800: 9940.438: Total time for which application threads were stopped: 0.0001588 seconds, Stopping threads took: 0.0000273 seconds
2017-04-24T18:30:50.765+0800: 9940.438: Total time for which application threads were stopped: 0.0001491 seconds, Stopping threads took: 0.0000263 seconds
2017-04-24T18:30:50.765+0800: 9940.438: Total time for which application threads were stopped: 0.0001437 seconds, Stopping threads took: 0.0000250 seconds
2017-04-24T18:30:50.775+0800: 9940.448: Total time for which application threads were stopped: 0.0002277 seconds, Stopping threads took: 0.0000443 seconds
2017-04-24T18:30:51.776+0800: 9941.448: Total time for which application threads were stopped: 0.0001883 seconds, Stopping threads took: 0.0000510 seconds
2017-04-24T18:31:00.439+0800: 9950.112: Total time for which application threads were stopped: 0.0002752 seconds, Stopping threads took: 0.0000545 seconds
2017-04-24T18:31:00.440+0800: 9950.113: Total time for which application threads were stopped: 0.0001488 seconds, Stopping threads took: 0.0000266 seconds
2017-04-24T18:31:00.791+0800: 9950.464: Total time for which application threads were stopped: 0.0002736 seconds, Stopping threads took: 0.0000516 seconds
2017-04-24T18:31:00.792+0800: 9950.464: Total time for which application threads were stopped: 0.0001511 seconds, Stopping threads took: 0.0000289 seconds
2017-04-24T18:31:00.792+0800: 9950.464: Total time for which application threads were stopped: 0.0002239 seconds, Stopping threads took: 0.0000423 seconds
2017-04-24T18:31:00.792+0800: 9950.464: Total time for which application threads were stopped: 0.0001507 seconds, Stopping threads took: 0.0000308 seconds
2017-04-24T18:31:00.792+0800: 9950.465: Total time for which application threads were stopped: 0.0001360 seconds, Stopping threads took: 0.0000241 seconds
2017-04-24T18:31:00.802+0800: 9950.474: Total time for which application threads were stopped: 0.0002239 seconds, Stopping threads took: 0.0000452 seconds
2017-04-24T18:31:10.438+0800: 9960.110: Total time for which application threads were stopped: 0.0002726 seconds, Stopping threads took: 0.0000539 seconds
2017-04-24T18:31:10.439+0800: 9960.111: Total time for which application threads were stopped: 0.0001495 seconds, Stopping threads took: 0.0000263 seconds
2017-04-24T18:31:10.759+0800: 9960.431: Total time for which application threads were stopped: 0.0002803 seconds, Stopping threads took: 0.0000609 seconds
2017-04-24T18:31:10.759+0800: 9960.432: Total time for which application threads were stopped: 0.0002335 seconds, Stopping threads took: 0.0000500 seconds
2017-04-24T18:31:10.759+0800: 9960.432: Total time for which application threads were stopped: 0.0001953 seconds, Stopping threads took: 0.0000459 seconds
2017-04-24T18:31:10.759+0800: 9960.432: Total time for which application threads were stopped: 0.0001549 seconds, Stopping threads took: 0.0000321 seconds
2017-04-24T18:31:10.760+0800: 9960.432: Total time for which application threads were stopped: 0.0001934 seconds, Stopping threads took: 0.0000465 seconds
2017-04-24T18:31:10.770+0800: 9960.443: Total time for which application threads were stopped: 0.0003159 seconds, Stopping threads took: 0.0000539 seconds
2017-04-24T18:31:20.434+0800: 9970.107: Total time for which application threads were stopped: 0.0001661 seconds, Stopping threads took: 0.0000340 seconds
2017-04-24T18:31:20.434+0800: 9970.107: Total time for which application threads were stopped: 0.0001126 seconds, Stopping threads took: 0.0000183 seconds
2017-04-24T18:31:20.750+0800: 9970.422: Total time for which application threads were stopped: 0.0002829 seconds, Stopping threads took: 0.0000510 seconds
2017-04-24T18:31:20.750+0800: 9970.422: Total time for which application threads were stopped: 0.0002960 seconds, Stopping threads took: 0.0000295 seconds
2017-04-24T18:31:20.750+0800: 9970.423: Total time for which application threads were stopped: 0.0002370 seconds, Stopping threads took: 0.0000471 seconds
2017-04-24T18:31:20.751+0800: 9970.423: Total time for which application threads were stopped: 0.0002127 seconds, Stopping threads took: 0.0000411 seconds
2017-04-24T18:31:20.751+0800: 9970.423: Total time for which application threads were stopped: 0.0001806 seconds, Stopping threads took: 0.0000337 seconds
2017-04-24T18:31:20.765+0800: 9970.438: Total time for which application threads were stopped: 0.0002912 seconds, Stopping threads took: 0.0000561 seconds
2017-04-24T18:31:30.407+0800: 9980.080: Total time for which application threads were stopped: 0.0004712 seconds, Stopping threads took: 0.0000577 seconds
2017-04-24T18:31:30.440+0800: 9980.112: Total time for which application threads were stopped: 0.0002960 seconds, Stopping threads took: 0.0000536 seconds
2017-04-24T18:31:30.440+0800: 9980.113: Total time for which application threads were stopped: 0.0002636 seconds, Stopping threads took: 0.0000452 seconds
2017-04-24T18:31:30.728+0800: 9980.401: Total time for which application threads were stopped: 0.0003005 seconds, Stopping threads took: 0.0000629 seconds
2017-04-24T18:31:30.728+0800: 9980.401: Total time for which application threads were stopped: 0.0002486 seconds, Stopping threads took: 0.0000555 seconds
2017-04-24T18:31:30.728+0800: 9980.401: Total time for which application threads were stopped: 0.0001998 seconds, Stopping threads took: 0.0000439 seconds
2017-04-24T18:31:30.729+0800: 9980.401: Total time for which application threads were stopped: 0.0001620 seconds, Stopping threads took: 0.0000337 seconds
2017-04-24T18:31:30.729+0800: 9980.402: Total time for which application threads were stopped: 0.0005802 seconds, Stopping threads took: 0.0000391 seconds
2017-04-24T18:31:30.739+0800: 9980.412: Total time for which application threads were stopped: 0.0003069 seconds, Stopping threads took: 0.0000638 seconds
{Heap before GC invocations=96 (full 2):
 par new generation   total 109248K, used 91839K [0x00000000e0000000, 0x00000000e8000000, 0x00000000e8000000)
  eden space 87424K, 100% used [0x00000000e0000000, 0x00000000e5560000, 0x00000000e5560000)
  from space 21824K,  20% used [0x00000000e5560000, 0x00000000e59afe60, 0x00000000e6ab0000)
  to   space 21824K,   0% used [0x00000000e6ab0000, 0x00000000e6ab0000, 0x00000000e8000000)
 concurrent mark-sweep generation total 393216K, used 19213K [0x00000000e8000000, 0x0000000100000000, 0x0000000100000000)
 Metaspace       used 42709K, capacity 43480K, committed 43800K, reserved 1087488K
  class space    used 4603K, capacity 4830K, committed 4940K, reserved 1048576K
2017-04-24T18:31:40.414+0800: 9990.087: [GC (Allocation Failure) 2017-04-24T18:31:40.414+0800: 9990.087: [ParNew
Desired survivor size 20112992 bytes, new threshold 8 (max 8)
- age   1:    3206880 bytes,    3206880 total
- age   2:     675440 bytes,    3882320 total
- age   3:      19736 bytes,    3902056 total
- age   4:      14552 bytes,    3916608 total
- age   5:      15576 bytes,    3932184 total
- age   6:      11584 bytes,    3943768 total
- age   7:      12600 bytes,    3956368 total
- age   8:      11448 bytes,    3967816 total
: 91839K->5517K(109248K), 0.0035965 secs] 111053K->24771K(502464K), 0.0036513 secs] [Times: user=0.00 sys=0.00, real=0.00 secs] 
Heap after GC invocations=97 (full 2):
 par new generation   total 109248K, used 5517K [0x00000000e0000000, 0x00000000e8000000, 0x00000000e8000000)
  eden space 87424K,   0% used [0x00000000e0000000, 0x00000000e0000000, 0x00000000e5560000)
  from space 21824K,  25% used [0x00000000e6ab0000, 0x00000000e7013780, 0x00000000e8000000)
  to   space 21824K,   0% used [0x00000000e5560000, 0x00000000e5560000, 0x00000000e6ab0000)
 concurrent mark-sweep generation total 393216K, used 19253K [0x00000000e8000000, 0x0000000100000000, 0x0000000100000000)
 Metaspace       used 42709K, capacity 43480K, committed 43800K, reserved 1087488K
  class space    used 4603K, capacity 4830K, committed 4940K, reserved 1048576K
}
2017-04-24T18:31:40.418+0800: 9990.091: Total time for which application threads were stopped: 0.0038745 seconds, Stopping threads took: 0.0000266 seconds
2017-04-24T18:31:40.418+0800: 9990.091: Total time for which application threads were stopped: 0.0001389 seconds, Stopping threads took: 0.0000523 seconds
2017-04-24T18:31:40.420+0800: 9990.093: Total time for which application threads were stopped: 0.0001052 seconds, Stopping threads took: 0.0000173 seconds
2017-04-24T18:31:40.421+0800: 9990.093: Total time for which application threads were stopped: 0.0002223 seconds, Stopping threads took: 0.0000164 seconds
2017-04-24T18:31:40.711+0800: 9990.384: Total time for which application threads were stopped: 0.0003634 seconds, Stopping threads took: 0.0000792 seconds
2017-04-24T18:31:40.724+0800: 9990.397: Total time for which application threads were stopped: 0.0006254 seconds, Stopping threads took: 0.0000609 seconds
2017-04-24T18:31:50.435+0800: 10000.108: Total time for which application threads were stopped: 0.0001870 seconds, Stopping threads took: 0.0000346 seconds
2017-04-24T18:31:50.435+0800: 10000.108: Total time for which application threads were stopped: 0.0000850 seconds, Stopping threads took: 0.0000157 seconds
2017-04-24T18:31:50.718+0800: 10000.391: Total time for which application threads were stopped: 0.0001068 seconds, Stopping threads took: 0.0000221 seconds
2017-04-24T18:31:50.719+0800: 10000.391: Total time for which application threads were stopped: 0.0000702 seconds, Stopping threads took: 0.0000135 seconds
2017-04-24T18:31:50.719+0800: 10000.391: Total time for which application threads were stopped: 0.0000439 seconds, Stopping threads took: 0.0000090 seconds
2017-04-24T18:31:50.719+0800: 10000.391: Total time for which application threads were stopped: 0.0000427 seconds, Stopping threads took: 0.0000083 seconds
2017-04-24T18:31:50.719+0800: 10000.391: Total time for which application threads were stopped: 0.0000552 seconds, Stopping threads took: 0.0000125 seconds
2017-04-24T18:31:50.719+0800: 10000.391: Total time for which application threads were stopped: 0.0000529 seconds, Stopping threads took: 0.0000112 seconds
2017-04-24T18:32:00.437+0800: 10010.110: Total time for which application threads were stopped: 0.0003092 seconds, Stopping threads took: 0.0000693 seconds
2017-04-24T18:32:00.438+0800: 10010.110: Total time for which application threads were stopped: 0.0001677 seconds, Stopping threads took: 0.0000346 seconds
2017-04-24T18:32:00.755+0800: 10010.428: Total time for which application threads were stopped: 0.0002672 seconds, Stopping threads took: 0.0000587 seconds
2017-04-24T18:32:00.755+0800: 10010.428: Total time for which application threads were stopped: 0.0002127 seconds, Stopping threads took: 0.0000831 seconds
2017-04-24T18:32:00.755+0800: 10010.428: Total time for which application threads were stopped: 0.0001690 seconds, Stopping threads took: 0.0000465 seconds
2017-04-24T18:32:00.756+0800: 10010.429: Total time for which application threads were stopped: 0.0001645 seconds, Stopping threads took: 0.0000311 seconds
2017-04-24T18:32:00.757+0800: 10010.429: Total time for which application threads were stopped: 0.0002203 seconds, Stopping threads took: 0.0000436 seconds
2017-04-24T18:32:00.757+0800: 10010.430: Total time for which application threads were stopped: 0.0001443 seconds, Stopping threads took: 0.0000269 seconds
2017-04-24T18:32:00.757+0800: 10010.430: Total time for which application threads were stopped: 0.0001418 seconds, Stopping threads took: 0.0000263 seconds
2017-04-24T18:32:00.757+0800: 10010.430: Total time for which application threads were stopped: 0.0001337 seconds, Stopping threads took: 0.0000241 seconds
2017-04-24T18:32:10.439+0800: 10020.111: Total time for which application threads were stopped: 0.0002768 seconds, Stopping threads took: 0.0000539 seconds
2017-04-24T18:32:10.440+0800: 10020.112: Total time for which application threads were stopped: 0.0001960 seconds, Stopping threads took: 0.0000321 seconds
2017-04-24T18:32:10.732+0800: 10020.405: Total time for which application threads were stopped: 0.0003211 seconds, Stopping threads took: 0.0001055 seconds
2017-04-24T18:32:10.733+0800: 10020.405: Total time for which application threads were stopped: 0.0001796 seconds, Stopping threads took: 0.0000340 seconds
2017-04-24T18:32:10.733+0800: 10020.405: Total time for which application threads were stopped: 0.0002345 seconds, Stopping threads took: 0.0000901 seconds
2017-04-24T18:32:10.734+0800: 10020.406: Total time for which application threads were stopped: 0.0002133 seconds, Stopping threads took: 0.0000337 seconds
2017-04-24T18:32:10.734+0800: 10020.407: Total time for which application threads were stopped: 0.0001863 seconds, Stopping threads took: 0.0000423 seconds
2017-04-24T18:32:10.734+0800: 10020.407: Total time for which application threads were stopped: 0.0002242 seconds, Stopping threads took: 0.0000385 seconds
2017-04-24T18:32:10.735+0800: 10020.407: Total time for which application threads were stopped: 0.0001607 seconds, Stopping threads took: 0.0000273 seconds
2017-04-24T18:32:10.735+0800: 10020.407: Total time for which application threads were stopped: 0.0001447 seconds, Stopping threads took: 0.0000253 seconds
2017-04-24T18:32:20.434+0800: 10030.106: Total time for which application threads were stopped: 0.0001703 seconds, Stopping threads took: 0.0000334 seconds
2017-04-24T18:32:20.434+0800: 10030.107: Total time for which application threads were stopped: 0.0001174 seconds, Stopping threads took: 0.0000199 seconds
2017-04-24T18:32:20.742+0800: 10030.415: Total time for which application threads were stopped: 0.0003332 seconds, Stopping threads took: 0.0001110 seconds
2017-04-24T18:32:20.743+0800: 10030.415: Total time for which application threads were stopped: 0.0002704 seconds, Stopping threads took: 0.0000552 seconds
2017-04-24T18:32:20.743+0800: 10030.416: Total time for which application threads were stopped: 0.0002665 seconds, Stopping threads took: 0.0000789 seconds
2017-04-24T18:32:20.744+0800: 10030.417: Total time for which application threads were stopped: 0.0001780 seconds, Stopping threads took: 0.0000285 seconds
2017-04-24T18:32:20.744+0800: 10030.417: Total time for which application threads were stopped: 0.0002133 seconds, Stopping threads took: 0.0000420 seconds
2017-04-24T18:32:20.745+0800: 10030.417: Total time for which application threads were stopped: 0.0001617 seconds, Stopping threads took: 0.0000282 seconds
2017-04-24T18:32:20.745+0800: 10030.418: Total time for which application threads were stopped: 0.0001825 seconds, Stopping threads took: 0.0000350 seconds
2017-04-24T18:32:20.745+0800: 10030.418: Total time for which application threads were stopped: 0.0001536 seconds, Stopping threads took: 0.0000269 seconds
2017-04-24T18:32:30.441+0800: 10040.114: Total time for which application threads were stopped: 0.0002729 seconds, Stopping threads took: 0.0000552 seconds
2017-04-24T18:32:30.442+0800: 10040.115: Total time for which application threads were stopped: 0.0002447 seconds, Stopping threads took: 0.0000475 seconds
2017-04-24T18:32:30.777+0800: 10040.450: Total time for which application threads were stopped: 0.0003384 seconds, Stopping threads took: 0.0001091 seconds
2017-04-24T18:32:30.778+0800: 10040.450: Total time for which application threads were stopped: 0.0002755 seconds, Stopping threads took: 0.0000568 seconds
2017-04-24T18:32:30.778+0800: 10040.451: Total time for which application threads were stopped: 0.0004529 seconds, Stopping threads took: 0.0002669 seconds
2017-04-24T18:32:30.780+0800: 10040.452: Total time for which application threads were stopped: 0.0005876 seconds, Stopping threads took: 0.0000369 seconds
2017-04-24T18:32:30.780+0800: 10040.453: Total time for which application threads were stopped: 0.0001735 seconds, Stopping threads took: 0.0000295 seconds
2017-04-24T18:32:30.780+0800: 10040.453: Total time for which application threads were stopped: 0.0001472 seconds, Stopping threads took: 0.0000250 seconds
2017-04-24T18:32:30.781+0800: 10040.453: Total time for which application threads were stopped: 0.0001960 seconds, Stopping threads took: 0.0000247 seconds
2017-04-24T18:32:30.781+0800: 10040.453: Total time for which application threads were stopped: 0.0001450 seconds, Stopping threads took: 0.0000263 seconds
2017-04-24T18:32:40.438+0800: 10050.110: Total time for which application threads were stopped: 0.0002723 seconds, Stopping threads took: 0.0000574 seconds
2017-04-24T18:32:40.439+0800: 10050.111: Total time for which application threads were stopped: 0.0001677 seconds, Stopping threads took: 0.0000314 seconds
2017-04-24T18:32:40.787+0800: 10050.459: Total time for which application threads were stopped: 0.0003028 seconds, Stopping threads took: 0.0000824 seconds
2017-04-24T18:32:40.787+0800: 10050.459: Total time for which application threads were stopped: 0.0001713 seconds, Stopping threads took: 0.0000481 seconds
2017-04-24T18:32:40.787+0800: 10050.459: Total time for which application threads were stopped: 0.0001472 seconds, Stopping threads took: 0.0000289 seconds
2017-04-24T18:32:40.788+0800: 10050.460: Total time for which application threads were stopped: 0.0002264 seconds, Stopping threads took: 0.0000423 seconds
2017-04-24T18:32:40.788+0800: 10050.461: Total time for which application threads were stopped: 0.0001453 seconds, Stopping threads took: 0.0000260 seconds
2017-04-24T18:32:40.788+0800: 10050.461: Total time for which application threads were stopped: 0.0001366 seconds, Stopping threads took: 0.0000244 seconds
2017-04-24T18:32:40.789+0800: 10050.461: Total time for which application threads were stopped: 0.0004782 seconds, Stopping threads took: 0.0000346 seconds
2017-04-24T18:32:50.435+0800: 10060.107: Total time for which application threads were stopped: 0.0003150 seconds, Stopping threads took: 0.0000301 seconds
2017-04-24T18:32:50.435+0800: 10060.108: Total time for which application threads were stopped: 0.0000937 seconds, Stopping threads took: 0.0000192 seconds
2017-04-24T18:32:50.757+0800: 10060.430: Total time for which application threads were stopped: 0.0004904 seconds, Stopping threads took: 0.0002560 seconds
2017-04-24T18:32:50.757+0800: 10060.430: Total time for which application threads were stopped: 0.0002556 seconds, Stopping threads took: 0.0000475 seconds
2017-04-24T18:32:50.758+0800: 10060.430: Total time for which application threads were stopped: 0.0001819 seconds, Stopping threads took: 0.0000350 seconds
2017-04-24T18:32:50.759+0800: 10060.431: Total time for which application threads were stopped: 0.0002184 seconds, Stopping threads took: 0.0000385 seconds
2017-04-24T18:33:00.438+0800: 10070.110: Total time for which application threads were stopped: 0.0002774 seconds, Stopping threads took: 0.0000593 seconds
2017-04-24T18:33:00.439+0800: 10070.111: Total time for which application threads were stopped: 0.0001931 seconds, Stopping threads took: 0.0000314 seconds
2017-04-24T18:33:00.766+0800: 10070.439: Total time for which application threads were stopped: 0.0003175 seconds, Stopping threads took: 0.0000802 seconds
2017-04-24T18:33:00.766+0800: 10070.439: Total time for which application threads were stopped: 0.0002752 seconds, Stopping threads took: 0.0000709 seconds
2017-04-24T18:33:00.767+0800: 10070.440: Total time for which application threads were stopped: 0.0001767 seconds, Stopping threads took: 0.0000369 seconds
2017-04-24T18:33:00.768+0800: 10070.441: Total time for which application threads were stopped: 0.0002848 seconds, Stopping threads took: 0.0000382 seconds
2017-04-24T18:33:00.768+0800: 10070.441: Total time for which application threads were stopped: 0.0001710 seconds, Stopping threads took: 0.0000359 seconds
2017-04-24T18:33:00.768+0800: 10070.441: Total time for which application threads were stopped: 0.0002072 seconds, Stopping threads took: 0.0000427 seconds
2017-04-24T18:33:00.769+0800: 10070.441: Total time for which application threads were stopped: 0.0001783 seconds, Stopping threads took: 0.0000520 seconds
2017-04-24T18:33:00.769+0800: 10070.442: Total time for which application threads were stopped: 0.0001957 seconds, Stopping threads took: 0.0000395 seconds
2017-04-24T18:33:10.438+0800: 10080.110: Total time for which application threads were stopped: 0.0002739 seconds, Stopping threads took: 0.0000571 seconds
2017-04-24T18:33:10.439+0800: 10080.111: Total time for which application threads were stopped: 0.0001944 seconds, Stopping threads took: 0.0000334 seconds
2017-04-24T18:33:10.725+0800: 10080.397: Total time for which application threads were stopped: 0.0002787 seconds, Stopping threads took: 0.0000609 seconds
2017-04-24T18:33:10.725+0800: 10080.397: Total time for which application threads were stopped: 0.0002903 seconds, Stopping threads took: 0.0000969 seconds
2017-04-24T18:33:10.726+0800: 10080.398: Total time for which application threads were stopped: 0.0005145 seconds, Stopping threads took: 0.0003442 seconds
2017-04-24T18:33:10.727+0800: 10080.399: Total time for which application threads were stopped: 0.0001937 seconds, Stopping threads took: 0.0000395 seconds
2017-04-24T18:33:10.727+0800: 10080.400: Total time for which application threads were stopped: 0.0001915 seconds, Stopping threads took: 0.0000382 seconds
2017-04-24T18:33:10.727+0800: 10080.400: Total time for which application threads were stopped: 0.0001815 seconds, Stopping threads took: 0.0000369 seconds
2017-04-24T18:33:10.728+0800: 10080.400: Total time for which application threads were stopped: 0.0001626 seconds, Stopping threads took: 0.0000327 seconds
2017-04-24T18:33:10.728+0800: 10080.400: Total time for which application threads were stopped: 0.0001655 seconds, Stopping threads took: 0.0000337 seconds
{Heap before GC invocations=97 (full 2):
 par new generation   total 109248K, used 92854K [0x00000000e0000000, 0x00000000e8000000, 0x00000000e8000000)
  eden space 87424K,  99% used [0x00000000e0000000, 0x00000000e554a110, 0x00000000e5560000)
  from space 21824K,  25% used [0x00000000e6ab0000, 0x00000000e7013780, 0x00000000e8000000)
  to   space 21824K,   0% used [0x00000000e5560000, 0x00000000e5560000, 0x00000000e6ab0000)
 concurrent mark-sweep generation total 393216K, used 19253K [0x00000000e8000000, 0x0000000100000000, 0x0000000100000000)
 Metaspace       used 42713K, capacity 43480K, committed 43800K, reserved 1087488K
  class space    used 4603K, capacity 4830K, committed 4940K, reserved 1048576K
2017-04-24T18:33:20.433+0800: 10090.105: [GC (Allocation Failure) 2017-04-24T18:33:20.433+0800: 10090.105: [ParNew
Desired survivor size 20112992 bytes, new threshold 8 (max 8)
- age   1:    3088592 bytes,    3088592 total
- age   2:     693976 bytes,    3782568 total
- age   3:      68968 bytes,    3851536 total
- age   4:      12488 bytes,    3864024 total
- age   5:      13624 bytes,    3877648 total
- age   6:      13568 bytes,    3891216 total
- age   7:      11584 bytes,    3902800 total
- age   8:      12600 bytes,    3915400 total
: 92854K->4477K(109248K), 0.0058545 secs] 112107K->23742K(502464K), 0.0059561 secs] [Times: user=0.00 sys=0.00, real=0.01 secs] 
Heap after GC invocations=98 (full 2):
 par new generation   total 109248K, used 4477K [0x00000000e0000000, 0x00000000e8000000, 0x00000000e8000000)
  eden space 87424K,   0% used [0x00000000e0000000, 0x00000000e0000000, 0x00000000e5560000)
  from space 21824K,  20% used [0x00000000e5560000, 0x00000000e59bf670, 0x00000000e6ab0000)
  to   space 21824K,   0% used [0x00000000e6ab0000, 0x00000000e6ab0000, 0x00000000e8000000)
 concurrent mark-sweep generation total 393216K, used 19264K [0x00000000e8000000, 0x0000000100000000, 0x0000000100000000)
 Metaspace       used 42713K, capacity 43480K, committed 43800K, reserved 1087488K
  class space    used 4603K, capacity 4830K, committed 4940K, reserved 1048576K
}
2017-04-24T18:33:20.439+0800: 10090.111: Total time for which application threads were stopped: 0.0062801 seconds, Stopping threads took: 0.0000504 seconds
2017-04-24T18:33:20.439+0800: 10090.112: Total time for which application threads were stopped: 0.0001761 seconds, Stopping threads took: 0.0000436 seconds
2017-04-24T18:33:20.439+0800: 10090.112: Total time for which application threads were stopped: 0.0001658 seconds, Stopping threads took: 0.0000574 seconds
2017-04-24T18:33:20.440+0800: 10090.112: Total time for which application threads were stopped: 0.0001912 seconds, Stopping threads took: 0.0000301 seconds
2017-04-24T18:33:20.440+0800: 10090.112: Total time for which application threads were stopped: 0.0002011 seconds, Stopping threads took: 0.0000824 seconds
2017-04-24T18:33:20.440+0800: 10090.113: Total time for which application threads were stopped: 0.0001193 seconds, Stopping threads took: 0.0000308 seconds
2017-04-24T18:33:20.441+0800: 10090.113: Total time for which application threads were stopped: 0.0001232 seconds, Stopping threads took: 0.0000433 seconds
2017-04-24T18:33:20.441+0800: 10090.113: Total time for which application threads were stopped: 0.0000969 seconds, Stopping threads took: 0.0000305 seconds
2017-04-24T18:33:20.441+0800: 10090.113: Total time for which application threads were stopped: 0.0001033 seconds, Stopping threads took: 0.0000327 seconds
2017-04-24T18:33:20.441+0800: 10090.114: Total time for which application threads were stopped: 0.0001091 seconds, Stopping threads took: 0.0000369 seconds
2017-04-24T18:33:20.441+0800: 10090.114: Total time for which application threads were stopped: 0.0001084 seconds, Stopping threads took: 0.0000314 seconds
2017-04-24T18:33:20.442+0800: 10090.114: Total time for which application threads were stopped: 0.0000901 seconds, Stopping threads took: 0.0000164 seconds
2017-04-24T18:33:20.442+0800: 10090.114: Total time for which application threads were stopped: 0.0001049 seconds, Stopping threads took: 0.0000234 seconds
2017-04-24T18:33:20.442+0800: 10090.114: Total time for which application threads were stopped: 0.0000908 seconds, Stopping threads took: 0.0000250 seconds
2017-04-24T18:33:20.442+0800: 10090.115: Total time for which application threads were stopped: 0.0000866 seconds, Stopping threads took: 0.0000183 seconds
2017-04-24T18:33:20.442+0800: 10090.115: Total time for which application threads were stopped: 0.0000975 seconds, Stopping threads took: 0.0000196 seconds
2017-04-24T18:33:20.442+0800: 10090.115: Total time for which application threads were stopped: 0.0000956 seconds, Stopping threads took: 0.0000205 seconds
2017-04-24T18:33:20.443+0800: 10090.115: Total time for which application threads were stopped: 0.0001177 seconds, Stopping threads took: 0.0000282 seconds
2017-04-24T18:33:20.443+0800: 10090.115: Total time for which application threads were stopped: 0.0001062 seconds, Stopping threads took: 0.0000180 seconds
2017-04-24T18:33:20.443+0800: 10090.116: Total time for which application threads were stopped: 0.0001103 seconds, Stopping threads took: 0.0000391 seconds
2017-04-24T18:33:20.443+0800: 10090.116: Total time for which application threads were stopped: 0.0001030 seconds, Stopping threads took: 0.0000346 seconds
2017-04-24T18:33:20.444+0800: 10090.117: Total time for which application threads were stopped: 0.0000802 seconds, Stopping threads took: 0.0000173 seconds
2017-04-24T18:33:20.445+0800: 10090.117: Total time for which application threads were stopped: 0.0000828 seconds, Stopping threads took: 0.0000183 seconds
2017-04-24T18:33:20.744+0800: 10090.416: Total time for which application threads were stopped: 0.0003217 seconds, Stopping threads took: 0.0001110 seconds
2017-04-24T18:33:20.744+0800: 10090.416: Total time for which application threads were stopped: 0.0001758 seconds, Stopping threads took: 0.0000497 seconds
2017-04-24T18:33:20.744+0800: 10090.417: Total time for which application threads were stopped: 0.0001957 seconds, Stopping threads took: 0.0000674 seconds
2017-04-24T18:33:20.745+0800: 10090.418: Total time for which application threads were stopped: 0.0002271 seconds, Stopping threads took: 0.0000420 seconds
2017-04-24T18:33:20.745+0800: 10090.418: Total time for which application threads were stopped: 0.0001472 seconds, Stopping threads took: 0.0000266 seconds
2017-04-24T18:33:20.745+0800: 10090.418: Total time for which application threads were stopped: 0.0001360 seconds, Stopping threads took: 0.0000247 seconds
2017-04-24T18:33:20.746+0800: 10090.418: Total time for which application threads were stopped: 0.0001495 seconds, Stopping threads took: 0.0000241 seconds
2017-04-24T18:33:20.746+0800: 10090.418: Total time for which application threads were stopped: 0.0001783 seconds, Stopping threads took: 0.0000356 seconds
2017-04-24T18:33:20.757+0800: 10090.430: Total time for which application threads were stopped: 0.0002858 seconds, Stopping threads took: 0.0000523 seconds
2017-04-24T18:33:30.441+0800: 10100.113: Total time for which application threads were stopped: 0.0002986 seconds, Stopping threads took: 0.0000536 seconds
2017-04-24T18:33:30.441+0800: 10100.114: Total time for which application threads were stopped: 0.0001976 seconds, Stopping threads took: 0.0000343 seconds
2017-04-24T18:33:30.768+0800: 10100.440: Total time for which application threads were stopped: 0.0001254 seconds, Stopping threads took: 0.0000247 seconds
2017-04-24T18:33:30.768+0800: 10100.440: Total time for which application threads were stopped: 0.0000872 seconds, Stopping threads took: 0.0000183 seconds
2017-04-24T18:33:30.768+0800: 10100.441: Total time for which application threads were stopped: 0.0000696 seconds, Stopping threads took: 0.0000135 seconds
2017-04-24T18:33:30.768+0800: 10100.441: Total time for which application threads were stopped: 0.0000600 seconds, Stopping threads took: 0.0000125 seconds
2017-04-24T18:33:30.768+0800: 10100.441: Total time for which application threads were stopped: 0.0000603 seconds, Stopping threads took: 0.0000128 seconds
2017-04-24T18:33:30.768+0800: 10100.441: Total time for which application threads were stopped: 0.0000571 seconds, Stopping threads took: 0.0000115 seconds
2017-04-24T18:33:30.768+0800: 10100.441: Total time for which application threads were stopped: 0.0000539 seconds, Stopping threads took: 0.0000109 seconds
2017-04-24T18:33:30.772+0800: 10100.445: Total time for which application threads were stopped: 0.0001277 seconds, Stopping threads took: 0.0000244 seconds
2017-04-24T18:33:40.440+0800: 10110.113: Total time for which application threads were stopped: 0.0002778 seconds, Stopping threads took: 0.0000568 seconds
2017-04-24T18:33:40.441+0800: 10110.113: Total time for which application threads were stopped: 0.0001507 seconds, Stopping threads took: 0.0000282 seconds
2017-04-24T18:33:40.747+0800: 10110.419: Total time for which application threads were stopped: 0.0003130 seconds, Stopping threads took: 0.0000747 seconds
2017-04-24T18:33:40.747+0800: 10110.420: Total time for which application threads were stopped: 0.0002665 seconds, Stopping threads took: 0.0000946 seconds
2017-04-24T18:33:40.748+0800: 10110.421: Total time for which application threads were stopped: 0.0002431 seconds, Stopping threads took: 0.0000430 seconds
2017-04-24T18:33:40.748+0800: 10110.421: Total time for which application threads were stopped: 0.0001960 seconds, Stopping threads took: 0.0000276 seconds
2017-04-24T18:33:40.749+0800: 10110.421: Total time for which application threads were stopped: 0.0001652 seconds, Stopping threads took: 0.0000301 seconds
2017-04-24T18:33:40.749+0800: 10110.421: Total time for which application threads were stopped: 0.0002120 seconds, Stopping threads took: 0.0000398 seconds
2017-04-24T18:33:40.749+0800: 10110.422: Total time for which application threads were stopped: 0.0001549 seconds, Stopping threads took: 0.0000273 seconds
2017-04-24T18:33:40.759+0800: 10110.431: Total time for which application threads were stopped: 0.0002729 seconds, Stopping threads took: 0.0000488 seconds
2017-04-24T18:33:50.435+0800: 10120.107: Total time for which application threads were stopped: 0.0001511 seconds, Stopping threads took: 0.0000285 seconds
2017-04-24T18:33:50.435+0800: 10120.108: Total time for which application threads were stopped: 0.0001344 seconds, Stopping threads took: 0.0000250 seconds
2017-04-24T18:33:50.746+0800: 10120.419: Total time for which application threads were stopped: 0.0001559 seconds, Stopping threads took: 0.0000324 seconds
2017-04-24T18:33:50.746+0800: 10120.419: Total time for which application threads were stopped: 0.0000901 seconds, Stopping threads took: 0.0000199 seconds
2017-04-24T18:33:50.747+0800: 10120.420: Total time for which application threads were stopped: 0.0001325 seconds, Stopping threads took: 0.0000231 seconds
2017-04-24T18:33:50.747+0800: 10120.420: Total time for which application threads were stopped: 0.0000853 seconds, Stopping threads took: 0.0000151 seconds
2017-04-24T18:33:50.747+0800: 10120.420: Total time for which application threads were stopped: 0.0000786 seconds, Stopping threads took: 0.0000135 seconds
2017-04-24T18:33:50.747+0800: 10120.420: Total time for which application threads were stopped: 0.0000776 seconds, Stopping threads took: 0.0000138 seconds
2017-04-24T18:33:50.748+0800: 10120.420: Total time for which application threads were stopped: 0.0002861 seconds, Stopping threads took: 0.0000132 seconds
2017-04-24T18:33:50.754+0800: 10120.426: Total time for which application threads were stopped: 0.0001639 seconds, Stopping threads took: 0.0000324 seconds
2017-04-24T18:34:00.417+0800: 10130.089: Total time for which application threads were stopped: 0.0001116 seconds, Stopping threads took: 0.0000221 seconds
2017-04-24T18:34:00.417+0800: 10130.090: Total time for which application threads were stopped: 0.0000664 seconds, Stopping threads took: 0.0000119 seconds
2017-04-24T18:34:00.740+0800: 10130.413: Total time for which application threads were stopped: 0.0003201 seconds, Stopping threads took: 0.0001062 seconds
2017-04-24T18:34:00.740+0800: 10130.413: Total time for which application threads were stopped: 0.0001710 seconds, Stopping threads took: 0.0000411 seconds
2017-04-24T18:34:00.742+0800: 10130.414: Total time for which application threads were stopped: 0.0002149 seconds, Stopping threads took: 0.0000330 seconds
2017-04-24T18:34:00.753+0800: 10130.426: Total time for which application threads were stopped: 0.0002688 seconds, Stopping threads took: 0.0000526 seconds
2017-04-24T18:34:10.437+0800: 10140.110: Total time for which application threads were stopped: 0.0002713 seconds, Stopping threads took: 0.0000555 seconds
2017-04-24T18:34:10.438+0800: 10140.111: Total time for which application threads were stopped: 0.0001514 seconds, Stopping threads took: 0.0000263 seconds
2017-04-24T18:34:10.781+0800: 10140.454: Total time for which application threads were stopped: 0.0001020 seconds, Stopping threads took: 0.0000196 seconds
2017-04-24T18:34:10.781+0800: 10140.454: Total time for which application threads were stopped: 0.0000391 seconds, Stopping threads took: 0.0000074 seconds
2017-04-24T18:34:10.781+0800: 10140.454: Total time for which application threads were stopped: 0.0000587 seconds, Stopping threads took: 0.0000112 seconds
2017-04-24T18:34:10.782+0800: 10140.454: Total time for which application threads were stopped: 0.0000465 seconds, Stopping threads took: 0.0000115 seconds
2017-04-24T18:34:10.782+0800: 10140.454: Total time for which application threads were stopped: 0.0000542 seconds, Stopping threads took: 0.0000067 seconds
2017-04-24T18:34:10.782+0800: 10140.454: Total time for which application threads were stopped: 0.0000369 seconds, Stopping threads took: 0.0000071 seconds
2017-04-24T18:34:10.782+0800: 10140.454: Total time for which application threads were stopped: 0.0000478 seconds, Stopping threads took: 0.0000099 seconds
2017-04-24T18:34:10.786+0800: 10140.459: Total time for which application threads were stopped: 0.0001023 seconds, Stopping threads took: 0.0000205 seconds
2017-04-24T18:34:20.456+0800: 10150.128: Total time for which application threads were stopped: 0.0001568 seconds, Stopping threads took: 0.0000301 seconds
2017-04-24T18:34:20.456+0800: 10150.129: Total time for which application threads were stopped: 0.0000808 seconds, Stopping threads took: 0.0000144 seconds
2017-04-24T18:34:20.818+0800: 10150.491: Total time for which application threads were stopped: 0.0003361 seconds, Stopping threads took: 0.0001123 seconds
2017-04-24T18:34:20.819+0800: 10150.491: Total time for which application threads were stopped: 0.0001838 seconds, Stopping threads took: 0.0000523 seconds
2017-04-24T18:34:20.820+0800: 10150.492: Total time for which application threads were stopped: 0.0002293 seconds, Stopping threads took: 0.0000433 seconds
2017-04-24T18:34:20.820+0800: 10150.493: Total time for which application threads were stopped: 0.0001947 seconds, Stopping threads took: 0.0000401 seconds
2017-04-24T18:34:20.820+0800: 10150.493: Total time for which application threads were stopped: 0.0001591 seconds, Stopping threads took: 0.0000318 seconds
2017-04-24T18:34:20.821+0800: 10150.493: Total time for which application threads were stopped: 0.0002127 seconds, Stopping threads took: 0.0000362 seconds
2017-04-24T18:34:20.821+0800: 10150.493: Total time for which application threads were stopped: 0.0001434 seconds, Stopping threads took: 0.0000263 seconds
2017-04-24T18:34:20.832+0800: 10150.505: Total time for which application threads were stopped: 0.0003092 seconds, Stopping threads took: 0.0000696 seconds
2017-04-24T18:34:30.425+0800: 10160.097: Total time for which application threads were stopped: 0.0001873 seconds, Stopping threads took: 0.0000372 seconds
2017-04-24T18:34:30.425+0800: 10160.098: Total time for which application threads were stopped: 0.0001331 seconds, Stopping threads took: 0.0000565 seconds
2017-04-24T18:34:30.761+0800: 10160.434: Total time for which application threads were stopped: 0.0003490 seconds, Stopping threads took: 0.0001094 seconds
2017-04-24T18:34:30.762+0800: 10160.434: Total time for which application threads were stopped: 0.0001803 seconds, Stopping threads took: 0.0000407 seconds
2017-04-24T18:34:30.763+0800: 10160.435: Total time for which application threads were stopped: 0.0002274 seconds, Stopping threads took: 0.0000330 seconds
2017-04-24T18:34:30.763+0800: 10160.436: Total time for which application threads were stopped: 0.0001524 seconds, Stopping threads took: 0.0000266 seconds
2017-04-24T18:34:30.763+0800: 10160.436: Total time for which application threads were stopped: 0.0001366 seconds, Stopping threads took: 0.0000250 seconds
2017-04-24T18:34:30.763+0800: 10160.436: Total time for which application threads were stopped: 0.0001344 seconds, Stopping threads took: 0.0000250 seconds
2017-04-24T18:34:30.764+0800: 10160.436: Total time for which application threads were stopped: 0.0001629 seconds, Stopping threads took: 0.0000250 seconds
2017-04-24T18:34:40.437+0800: 10170.110: Total time for which application threads were stopped: 0.0002556 seconds, Stopping threads took: 0.0000523 seconds
2017-04-24T18:34:40.438+0800: 10170.111: Total time for which application threads were stopped: 0.0001479 seconds, Stopping threads took: 0.0000266 seconds
2017-04-24T18:34:40.790+0800: 10170.462: Total time for which application threads were stopped: 0.0003810 seconds, Stopping threads took: 0.0001600 seconds
2017-04-24T18:34:40.790+0800: 10170.463: Total time for which application threads were stopped: 0.0002733 seconds, Stopping threads took: 0.0000888 seconds
2017-04-24T18:34:40.790+0800: 10170.463: Total time for which application threads were stopped: 0.0002255 seconds, Stopping threads took: 0.0000654 seconds
2017-04-24T18:34:40.791+0800: 10170.464: Total time for which application threads were stopped: 0.0001931 seconds, Stopping threads took: 0.0000375 seconds
2017-04-24T18:34:40.792+0800: 10170.464: Total time for which application threads were stopped: 0.0001463 seconds, Stopping threads took: 0.0000266 seconds
2017-04-24T18:34:40.792+0800: 10170.464: Total time for which application threads were stopped: 0.0001354 seconds, Stopping threads took: 0.0000244 seconds
2017-04-24T18:34:40.792+0800: 10170.465: Total time for which application threads were stopped: 0.0001828 seconds, Stopping threads took: 0.0000241 seconds
2017-04-24T18:34:40.792+0800: 10170.465: Total time for which application threads were stopped: 0.0001847 seconds, Stopping threads took: 0.0000375 seconds
2017-04-24T18:34:40.802+0800: 10170.474: Total time for which application threads were stopped: 0.0002325 seconds, Stopping threads took: 0.0000478 seconds
2017-04-24T18:34:50.438+0800: 10180.111: Total time for which application threads were stopped: 0.0002630 seconds, Stopping threads took: 0.0000555 seconds
2017-04-24T18:34:50.439+0800: 10180.112: Total time for which application threads were stopped: 0.0001495 seconds, Stopping threads took: 0.0000276 seconds
2017-04-24T18:34:50.791+0800: 10180.463: Total time for which application threads were stopped: 0.0001610 seconds, Stopping threads took: 0.0000334 seconds
2017-04-24T18:34:50.791+0800: 10180.464: Total time for which application threads were stopped: 0.0001347 seconds, Stopping threads took: 0.0000289 seconds
2017-04-24T18:34:50.792+0800: 10180.464: Total time for which application threads were stopped: 0.0001376 seconds, Stopping threads took: 0.0000237 seconds
2017-04-24T18:34:50.792+0800: 10180.465: Total time for which application threads were stopped: 0.0001331 seconds, Stopping threads took: 0.0000234 seconds
2017-04-24T18:34:50.792+0800: 10180.465: Total time for which application threads were stopped: 0.0000937 seconds, Stopping threads took: 0.0000176 seconds
2017-04-24T18:34:50.792+0800: 10180.465: Total time for which application threads were stopped: 0.0000972 seconds, Stopping threads took: 0.0000199 seconds
2017-04-24T18:34:50.792+0800: 10180.465: Total time for which application threads were stopped: 0.0000779 seconds, Stopping threads took: 0.0000138 seconds
2017-04-24T18:34:50.798+0800: 10180.471: Total time for which application threads were stopped: 0.0001780 seconds, Stopping threads took: 0.0000353 seconds
{Heap before GC invocations=98 (full 2):
 par new generation   total 109248K, used 91831K [0x00000000e0000000, 0x00000000e8000000, 0x00000000e8000000)
  eden space 87424K,  99% used [0x00000000e0000000, 0x00000000e554e5e8, 0x00000000e5560000)
  from space 21824K,  20% used [0x00000000e5560000, 0x00000000e59bf670, 0x00000000e6ab0000)
  to   space 21824K,   0% used [0x00000000e6ab0000, 0x00000000e6ab0000, 0x00000000e8000000)
 concurrent mark-sweep generation total 393216K, used 19264K [0x00000000e8000000, 0x0000000100000000, 0x0000000100000000)
 Metaspace       used 42713K, capacity 43480K, committed 43800K, reserved 1087488K
  class space    used 4603K, capacity 4830K, committed 4940K, reserved 1048576K
2017-04-24T18:35:00.433+0800: 10190.105: [GC (Allocation Failure) 2017-04-24T18:35:00.433+0800: 10190.105: [ParNew
Desired survivor size 20112992 bytes, new threshold 8 (max 8)
- age   1:    3021040 bytes,    3021040 total
- age   2:     693744 bytes,    3714784 total
- age   3:      68504 bytes,    3783288 total
- age   4:      12912 bytes,    3796200 total
- age   5:      12488 bytes,    3808688 total
- age   6:      13624 bytes,    3822312 total
- age   7:      13568 bytes,    3835880 total
- age   8:      11584 bytes,    3847464 total
: 91831K->5703K(109248K), 0.0120005 secs] 111095K->24981K(502464K), 0.0121977 secs] [Times: user=0.00 sys=0.01, real=0.01 secs] 
Heap after GC invocations=99 (full 2):
 par new generation   total 109248K, used 5703K [0x00000000e0000000, 0x00000000e8000000, 0x00000000e8000000)
  eden space 87424K,   0% used [0x00000000e0000000, 0x00000000e0000000, 0x00000000e5560000)
  from space 21824K,  26% used [0x00000000e6ab0000, 0x00000000e7041fd8, 0x00000000e8000000)
  to   space 21824K,   0% used [0x00000000e5560000, 0x00000000e5560000, 0x00000000e6ab0000)
 concurrent mark-sweep generation total 393216K, used 19277K [0x00000000e8000000, 0x0000000100000000, 0x0000000100000000)
 Metaspace       used 42713K, capacity 43480K, committed 43800K, reserved 1087488K
  class space    used 4603K, capacity 4830K, committed 4940K, reserved 1048576K
}
2017-04-24T18:35:00.445+0800: 10190.117: Total time for which application threads were stopped: 0.0127632 seconds, Stopping threads took: 0.0000507 seconds
2017-04-24T18:35:00.445+0800: 10190.118: Total time for which application threads were stopped: 0.0003268 seconds, Stopping threads took: 0.0001033 seconds
2017-04-24T18:35:00.446+0800: 10190.118: Total time for which application threads were stopped: 0.0002890 seconds, Stopping threads took: 0.0001604 seconds
2017-04-24T18:35:00.446+0800: 10190.119: Total time for which application threads were stopped: 0.0002778 seconds, Stopping threads took: 0.0001578 seconds
2017-04-24T18:35:00.447+0800: 10190.119: Total time for which application threads were stopped: 0.0001857 seconds, Stopping threads took: 0.0000661 seconds
2017-04-24T18:35:00.447+0800: 10190.120: Total time for which application threads were stopped: 0.0002386 seconds, Stopping threads took: 0.0001203 seconds
2017-04-24T18:35:00.448+0800: 10190.120: Total time for which application threads were stopped: 0.0001960 seconds, Stopping threads took: 0.0000542 seconds
2017-04-24T18:35:00.448+0800: 10190.120: Total time for which application threads were stopped: 0.0001716 seconds, Stopping threads took: 0.0000459 seconds
2017-04-24T18:35:00.448+0800: 10190.120: Total time for which application threads were stopped: 0.0001607 seconds, Stopping threads took: 0.0000491 seconds
2017-04-24T18:35:00.448+0800: 10190.121: Total time for which application threads were stopped: 0.0001787 seconds, Stopping threads took: 0.0000574 seconds
2017-04-24T18:35:00.449+0800: 10190.121: Total time for which application threads were stopped: 0.0002508 seconds, Stopping threads took: 0.0000606 seconds
2017-04-24T18:35:00.449+0800: 10190.122: Total time for which application threads were stopped: 0.0002797 seconds, Stopping threads took: 0.0000301 seconds
2017-04-24T18:35:00.450+0800: 10190.122: Total time for which application threads were stopped: 0.0003073 seconds, Stopping threads took: 0.0000901 seconds
2017-04-24T18:35:00.450+0800: 10190.123: Total time for which application threads were stopped: 0.0001985 seconds, Stopping threads took: 0.0000548 seconds
2017-04-24T18:35:00.450+0800: 10190.123: Total time for which application threads were stopped: 0.0001809 seconds, Stopping threads took: 0.0000542 seconds
2017-04-24T18:35:00.451+0800: 10190.123: Total time for which application threads were stopped: 0.0000956 seconds, Stopping threads took: 0.0000269 seconds
2017-04-24T18:35:00.451+0800: 10190.123: Total time for which application threads were stopped: 0.0000908 seconds, Stopping threads took: 0.0000241 seconds
2017-04-24T18:35:00.451+0800: 10190.124: Total time for which application threads were stopped: 0.0000763 seconds, Stopping threads took: 0.0000167 seconds
2017-04-24T18:35:00.451+0800: 10190.124: Total time for which application threads were stopped: 0.0001020 seconds, Stopping threads took: 0.0000359 seconds
2017-04-24T18:35:00.451+0800: 10190.124: Total time for which application threads were stopped: 0.0000972 seconds, Stopping threads took: 0.0000298 seconds
2017-04-24T18:35:00.452+0800: 10190.124: Total time for which application threads were stopped: 0.0000975 seconds, Stopping threads took: 0.0000292 seconds
2017-04-24T18:35:00.452+0800: 10190.124: Total time for which application threads were stopped: 0.0002774 seconds, Stopping threads took: 0.0000289 seconds
2017-04-24T18:35:00.452+0800: 10190.125: Total time for which application threads were stopped: 0.0002463 seconds, Stopping threads took: 0.0000327 seconds
2017-04-24T18:35:00.453+0800: 10190.126: Total time for which application threads were stopped: 0.0000844 seconds, Stopping threads took: 0.0000167 seconds
2017-04-24T18:35:00.454+0800: 10190.126: Total time for which application threads were stopped: 0.0000783 seconds, Stopping threads took: 0.0000138 seconds
2017-04-24T18:35:00.764+0800: 10190.437: Total time for which application threads were stopped: 0.0001135 seconds, Stopping threads took: 0.0000225 seconds
2017-04-24T18:35:00.764+0800: 10190.437: Total time for which application threads were stopped: 0.0000455 seconds, Stopping threads took: 0.0000090 seconds
2017-04-24T18:35:00.764+0800: 10190.437: Total time for which application threads were stopped: 0.0000404 seconds, Stopping threads took: 0.0000080 seconds
2017-04-24T18:35:00.764+0800: 10190.437: Total time for which application threads were stopped: 0.0000353 seconds, Stopping threads took: 0.0000067 seconds
2017-04-24T18:35:00.764+0800: 10190.437: Total time for which application threads were stopped: 0.0000340 seconds, Stopping threads took: 0.0000064 seconds
2017-04-24T18:35:00.764+0800: 10190.437: Total time for which application threads were stopped: 0.0000340 seconds, Stopping threads took: 0.0000064 seconds
2017-04-24T18:35:00.765+0800: 10190.437: Total time for which application threads were stopped: 0.0001389 seconds, Stopping threads took: 0.0000064 seconds
2017-04-24T18:35:10.407+0800: 10200.080: Total time for which application threads were stopped: 0.0004715 seconds, Stopping threads took: 0.0000577 seconds
2017-04-24T18:35:10.438+0800: 10200.111: Total time for which application threads were stopped: 0.0002758 seconds, Stopping threads took: 0.0000581 seconds
2017-04-24T18:35:10.439+0800: 10200.112: Total time for which application threads were stopped: 0.0001671 seconds, Stopping threads took: 0.0000372 seconds
2017-04-24T18:35:10.772+0800: 10200.445: Total time for which application threads were stopped: 0.0002816 seconds, Stopping threads took: 0.0000638 seconds
2017-04-24T18:35:10.773+0800: 10200.446: Total time for which application threads were stopped: 0.0005658 seconds, Stopping threads took: 0.0000488 seconds
2017-04-24T18:35:10.774+0800: 10200.446: Total time for which application threads were stopped: 0.0005616 seconds, Stopping threads took: 0.0001007 seconds
2017-04-24T18:35:10.775+0800: 10200.447: Total time for which application threads were stopped: 0.0002091 seconds, Stopping threads took: 0.0000378 seconds
2017-04-24T18:35:10.790+0800: 10200.463: Total time for which application threads were stopped: 0.0005716 seconds, Stopping threads took: 0.0000555 seconds
2017-04-24T18:35:20.422+0800: 10210.094: Total time for which application threads were stopped: 0.0001097 seconds, Stopping threads took: 0.0000241 seconds
2017-04-24T18:35:20.422+0800: 10210.095: Total time for which application threads were stopped: 0.0001591 seconds, Stopping threads took: 0.0000115 seconds
2017-04-24T18:35:20.713+0800: 10210.385: Total time for which application threads were stopped: 0.0002678 seconds, Stopping threads took: 0.0000558 seconds
2017-04-24T18:35:20.714+0800: 10210.386: Total time for which application threads were stopped: 0.0002611 seconds, Stopping threads took: 0.0000478 seconds
2017-04-24T18:35:20.714+0800: 10210.386: Total time for which application threads were stopped: 0.0001847 seconds, Stopping threads took: 0.0000289 seconds
2017-04-24T18:35:20.714+0800: 10210.387: Total time for which application threads were stopped: 0.0001568 seconds, Stopping threads took: 0.0000269 seconds
2017-04-24T18:35:20.715+0800: 10210.387: Total time for which application threads were stopped: 0.0001511 seconds, Stopping threads took: 0.0000250 seconds
2017-04-24T18:35:20.715+0800: 10210.387: Total time for which application threads were stopped: 0.0001466 seconds, Stopping threads took: 0.0000250 seconds
2017-04-24T18:35:30.439+0800: 10220.111: Total time for which application threads were stopped: 0.0002986 seconds, Stopping threads took: 0.0000558 seconds
2017-04-24T18:35:30.440+0800: 10220.112: Total time for which application threads were stopped: 0.0002075 seconds, Stopping threads took: 0.0000327 seconds
2017-04-24T18:35:30.780+0800: 10220.452: Total time for which application threads were stopped: 0.0003583 seconds, Stopping threads took: 0.0001123 seconds
2017-04-24T18:35:30.781+0800: 10220.454: Total time for which application threads were stopped: 0.0002771 seconds, Stopping threads took: 0.0000452 seconds
2017-04-24T18:35:30.781+0800: 10220.454: Total time for which application threads were stopped: 0.0001908 seconds, Stopping threads took: 0.0000285 seconds
2017-04-24T18:35:30.782+0800: 10220.454: Total time for which application threads were stopped: 0.0001995 seconds, Stopping threads took: 0.0000558 seconds
2017-04-24T18:35:30.782+0800: 10220.454: Total time for which application threads were stopped: 0.0001607 seconds, Stopping threads took: 0.0000263 seconds
2017-04-24T18:35:30.782+0800: 10220.455: Total time for which application threads were stopped: 0.0001604 seconds, Stopping threads took: 0.0000250 seconds
2017-04-24T18:35:40.414+0800: 10230.086: Total time for which application threads were stopped: 0.0001065 seconds, Stopping threads took: 0.0000257 seconds
2017-04-24T18:35:40.414+0800: 10230.086: Total time for which application threads were stopped: 0.0000677 seconds, Stopping threads took: 0.0000151 seconds
2017-04-24T18:35:40.679+0800: 10230.351: Total time for which application threads were stopped: 0.0001001 seconds, Stopping threads took: 0.0000221 seconds
2017-04-24T18:35:40.679+0800: 10230.351: Total time for which application threads were stopped: 0.0000491 seconds, Stopping threads took: 0.0000099 seconds
2017-04-24T18:35:40.679+0800: 10230.351: Total time for which application threads were stopped: 0.0000577 seconds, Stopping threads took: 0.0000128 seconds
2017-04-24T18:35:40.679+0800: 10230.351: Total time for which application threads were stopped: 0.0000382 seconds, Stopping threads took: 0.0000083 seconds
2017-04-24T18:35:40.679+0800: 10230.351: Total time for which application threads were stopped: 0.0000375 seconds, Stopping threads took: 0.0000083 seconds
2017-04-24T18:35:40.679+0800: 10230.351: Total time for which application threads were stopped: 0.0000359 seconds, Stopping threads took: 0.0000080 seconds
2017-04-24T18:35:50.755+0800: 10240.428: Total time for which application threads were stopped: 0.0003958 seconds, Stopping threads took: 0.0000523 seconds
2017-04-24T18:35:50.756+0800: 10240.429: Total time for which application threads were stopped: 0.0002685 seconds, Stopping threads took: 0.0000350 seconds
2017-04-24T18:35:50.757+0800: 10240.429: Total time for which application threads were stopped: 0.0003179 seconds, Stopping threads took: 0.0000449 seconds
2017-04-24T18:35:50.757+0800: 10240.430: Total time for which application threads were stopped: 0.0002710 seconds, Stopping threads took: 0.0000404 seconds
2017-04-24T18:35:50.757+0800: 10240.430: Total time for which application threads were stopped: 0.0002941 seconds, Stopping threads took: 0.0000731 seconds
2017-04-24T18:36:00.439+0800: 10250.111: Total time for which application threads were stopped: 0.0002980 seconds, Stopping threads took: 0.0000539 seconds
2017-04-24T18:36:00.440+0800: 10250.112: Total time for which application threads were stopped: 0.0002229 seconds, Stopping threads took: 0.0000420 seconds
2017-04-24T18:36:00.834+0800: 10250.506: Total time for which application threads were stopped: 0.0003387 seconds, Stopping threads took: 0.0000597 seconds
2017-04-24T18:36:00.835+0800: 10250.507: Total time for which application threads were stopped: 0.0001950 seconds, Stopping threads took: 0.0000398 seconds
2017-04-24T18:36:00.835+0800: 10250.508: Total time for which application threads were stopped: 0.0002242 seconds, Stopping threads took: 0.0000439 seconds
2017-04-24T18:36:00.835+0800: 10250.508: Total time for which application threads were stopped: 0.0003384 seconds, Stopping threads took: 0.0000266 seconds
2017-04-24T18:36:00.836+0800: 10250.508: Total time for which application threads were stopped: 0.0001899 seconds, Stopping threads took: 0.0000404 seconds
2017-04-24T18:36:00.836+0800: 10250.509: Total time for which application threads were stopped: 0.0001633 seconds, Stopping threads took: 0.0000334 seconds
2017-04-24T18:36:10.422+0800: 10260.095: Total time for which application threads were stopped: 0.0001989 seconds, Stopping threads took: 0.0000603 seconds
2017-04-24T18:36:10.423+0800: 10260.095: Total time for which application threads were stopped: 0.0001357 seconds, Stopping threads took: 0.0000369 seconds
2017-04-24T18:36:10.769+0800: 10260.442: Total time for which application threads were stopped: 0.0002880 seconds, Stopping threads took: 0.0000593 seconds
2017-04-24T18:36:10.771+0800: 10260.443: Total time for which application threads were stopped: 0.0005834 seconds, Stopping threads took: 0.0000443 seconds
2017-04-24T18:36:10.771+0800: 10260.443: Total time for which application threads were stopped: 0.0001504 seconds, Stopping threads took: 0.0000273 seconds
2017-04-24T18:36:10.771+0800: 10260.443: Total time for which application threads were stopped: 0.0001379 seconds, Stopping threads took: 0.0000250 seconds
2017-04-24T18:36:10.771+0800: 10260.444: Total time for which application threads were stopped: 0.0001360 seconds, Stopping threads took: 0.0000241 seconds
2017-04-24T18:36:10.772+0800: 10260.444: Total time for which application threads were stopped: 0.0003984 seconds, Stopping threads took: 0.0000244 seconds
2017-04-24T18:36:20.416+0800: 10270.088: Total time for which application threads were stopped: 0.0001190 seconds, Stopping threads took: 0.0000202 seconds
2017-04-24T18:36:20.416+0800: 10270.088: Total time for which application threads were stopped: 0.0000879 seconds, Stopping threads took: 0.0000157 seconds
2017-04-24T18:36:20.737+0800: 10270.409: Total time for which application threads were stopped: 0.0003031 seconds, Stopping threads took: 0.0000581 seconds
2017-04-24T18:36:30.417+0800: 10280.090: Total time for which application threads were stopped: 0.0003114 seconds, Stopping threads took: 0.0000654 seconds
2017-04-24T18:36:30.439+0800: 10280.111: Total time for which application threads were stopped: 0.0002890 seconds, Stopping threads took: 0.0000548 seconds
2017-04-24T18:36:30.440+0800: 10280.112: Total time for which application threads were stopped: 0.0002046 seconds, Stopping threads took: 0.0000330 seconds
2017-04-24T18:36:30.828+0800: 10280.501: Total time for which application threads were stopped: 0.0001097 seconds, Stopping threads took: 0.0000231 seconds
2017-04-24T18:36:30.829+0800: 10280.501: Total time for which application threads were stopped: 0.0000840 seconds, Stopping threads took: 0.0000154 seconds
2017-04-24T18:36:30.829+0800: 10280.501: Total time for which application threads were stopped: 0.0000632 seconds, Stopping threads took: 0.0000103 seconds
2017-04-24T18:36:30.829+0800: 10280.501: Total time for which application threads were stopped: 0.0000536 seconds, Stopping threads took: 0.0000087 seconds
2017-04-24T18:36:30.829+0800: 10280.501: Total time for which application threads were stopped: 0.0000510 seconds, Stopping threads took: 0.0000077 seconds
2017-04-24T18:36:30.829+0800: 10280.501: Total time for which application threads were stopped: 0.0000686 seconds, Stopping threads took: 0.0000125 seconds
{Heap before GC invocations=99 (full 2):
 par new generation   total 109248K, used 92747K [0x00000000e0000000, 0x00000000e8000000, 0x00000000e8000000)
  eden space 87424K,  99% used [0x00000000e0000000, 0x00000000e5500c98, 0x00000000e5560000)
  from space 21824K,  26% used [0x00000000e6ab0000, 0x00000000e7041fd8, 0x00000000e8000000)
  to   space 21824K,   0% used [0x00000000e5560000, 0x00000000e5560000, 0x00000000e6ab0000)
 concurrent mark-sweep generation total 393216K, used 19277K [0x00000000e8000000, 0x0000000100000000, 0x0000000100000000)
 Metaspace       used 42713K, capacity 43480K, committed 43800K, reserved 1087488K
  class space    used 4603K, capacity 4830K, committed 4940K, reserved 1048576K
2017-04-24T18:36:40.414+0800: 10290.087: [GC (Allocation Failure) 2017-04-24T18:36:40.414+0800: 10290.087: [ParNew
Desired survivor size 20112992 bytes, new threshold 8 (max 8)
- age   1:    3020864 bytes,    3020864 total
- age   2:     694192 bytes,    3715056 total
- age   3:      68216 bytes,    3783272 total
- age   4:      12800 bytes,    3796072 total
- age   5:      12216 bytes,    3808288 total
- age   6:      12488 bytes,    3820776 total
- age   7:      13624 bytes,    3834400 total
- age   8:      13568 bytes,    3847968 total
: 92747K->5079K(109248K), 0.0035236 secs] 112024K->24368K(502464K), 0.0035904 secs] [Times: user=0.00 sys=0.00, real=0.00 secs] 
Heap after GC invocations=100 (full 2):
 par new generation   total 109248K, used 5079K [0x00000000e0000000, 0x00000000e8000000, 0x00000000e8000000)
  eden space 87424K,   0% used [0x00000000e0000000, 0x00000000e0000000, 0x00000000e5560000)
  from space 21824K,  23% used [0x00000000e5560000, 0x00000000e5a55ff8, 0x00000000e6ab0000)
  to   space 21824K,   0% used [0x00000000e6ab0000, 0x00000000e6ab0000, 0x00000000e8000000)
 concurrent mark-sweep generation total 393216K, used 19288K [0x00000000e8000000, 0x0000000100000000, 0x0000000100000000)
 Metaspace       used 42713K, capacity 43480K, committed 43800K, reserved 1087488K
  class space    used 4603K, capacity 4830K, committed 4940K, reserved 1048576K
}
2017-04-24T18:36:40.418+0800: 10290.090: Total time for which application threads were stopped: 0.0038165 seconds, Stopping threads took: 0.0000208 seconds
2017-04-24T18:36:40.418+0800: 10290.091: Total time for which application threads were stopped: 0.0002184 seconds, Stopping threads took: 0.0000834 seconds
2017-04-24T18:36:40.419+0800: 10290.092: Total time for which application threads were stopped: 0.0000834 seconds, Stopping threads took: 0.0000212 seconds
2017-04-24T18:36:40.420+0800: 10290.093: Total time for which application threads were stopped: 0.0002463 seconds, Stopping threads took: 0.0000176 seconds
2017-04-24T18:36:40.421+0800: 10290.093: Total time for which application threads were stopped: 0.0001793 seconds, Stopping threads took: 0.0000350 seconds
2017-04-24T18:36:40.712+0800: 10290.385: Total time for which application threads were stopped: 0.0001135 seconds, Stopping threads took: 0.0000225 seconds
2017-04-24T18:36:40.713+0800: 10290.385: Total time for which application threads were stopped: 0.0000375 seconds, Stopping threads took: 0.0000067 seconds
2017-04-24T18:36:40.713+0800: 10290.385: Total time for which application threads were stopped: 0.0000340 seconds, Stopping threads took: 0.0000061 seconds
2017-04-24T18:36:40.713+0800: 10290.385: Total time for which application threads were stopped: 0.0000330 seconds, Stopping threads took: 0.0000061 seconds
2017-04-24T18:36:40.713+0800: 10290.385: Total time for which application threads were stopped: 0.0000327 seconds, Stopping threads took: 0.0000058 seconds
2017-04-24T18:36:40.714+0800: 10290.386: Total time for which application threads were stopped: 0.0000603 seconds, Stopping threads took: 0.0000135 seconds
2017-04-24T18:36:47.517+0800: 10297.190: Total time for which application threads were stopped: 0.0001030 seconds, Stopping threads took: 0.0000266 seconds
2017-04-24T18:36:47.517+0800: 10297.190: Total time for which application threads were stopped: 0.0000680 seconds, Stopping threads took: 0.0000196 seconds
2017-04-24T18:36:47.518+0800: 10297.190: Total time for which application threads were stopped: 0.0000526 seconds, Stopping threads took: 0.0000167 seconds
2017-04-24T18:36:47.518+0800: 10297.190: Total time for which application threads were stopped: 0.0000526 seconds, Stopping threads took: 0.0000119 seconds
2017-04-24T18:36:47.518+0800: 10297.190: Total time for which application threads were stopped: 0.0000401 seconds, Stopping threads took: 0.0000087 seconds
2017-04-24T18:36:47.518+0800: 10297.191: Total time for which application threads were stopped: 0.0000529 seconds, Stopping threads took: 0.0000112 seconds
2017-04-24T18:36:50.435+0800: 10300.107: Total time for which application threads were stopped: 0.0001809 seconds, Stopping threads took: 0.0000343 seconds
2017-04-24T18:36:50.774+0800: 10300.447: Total time for which application threads were stopped: 0.0001880 seconds, Stopping threads took: 0.0000395 seconds
2017-04-24T18:36:50.775+0800: 10300.448: Total time for which application threads were stopped: 0.0001517 seconds, Stopping threads took: 0.0000266 seconds
2017-04-24T18:36:50.775+0800: 10300.448: Total time for which application threads were stopped: 0.0001293 seconds, Stopping threads took: 0.0000244 seconds
2017-04-24T18:36:50.775+0800: 10300.448: Total time for which application threads were stopped: 0.0001145 seconds, Stopping threads took: 0.0000212 seconds
2017-04-24T18:36:50.775+0800: 10300.448: Total time for which application threads were stopped: 0.0000985 seconds, Stopping threads took: 0.0000167 seconds
2017-04-24T18:36:50.776+0800: 10300.448: Total time for which application threads were stopped: 0.0000956 seconds, Stopping threads took: 0.0000154 seconds
2017-04-24T18:36:50.782+0800: 10300.455: Total time for which application threads were stopped: 0.0001745 seconds, Stopping threads took: 0.0000346 seconds
2017-04-24T18:37:00.438+0800: 10310.111: Total time for which application threads were stopped: 0.0003041 seconds, Stopping threads took: 0.0000622 seconds
2017-04-24T18:37:00.439+0800: 10310.111: Total time for which application threads were stopped: 0.0001764 seconds, Stopping threads took: 0.0000314 seconds
2017-04-24T18:37:00.752+0800: 10310.424: Total time for which application threads were stopped: 0.0002922 seconds, Stopping threads took: 0.0000548 seconds
2017-04-24T18:37:00.752+0800: 10310.425: Total time for which application threads were stopped: 0.0002816 seconds, Stopping threads took: 0.0000946 seconds
2017-04-24T18:37:00.753+0800: 10310.426: Total time for which application threads were stopped: 0.0002213 seconds, Stopping threads took: 0.0000375 seconds
2017-04-24T18:37:00.754+0800: 10310.426: Total time for which application threads were stopped: 0.0002335 seconds, Stopping threads took: 0.0000459 seconds
2017-04-24T18:37:00.754+0800: 10310.427: Total time for which application threads were stopped: 0.0001912 seconds, Stopping threads took: 0.0000420 seconds
2017-04-24T18:37:00.754+0800: 10310.427: Total time for which application threads were stopped: 0.0001671 seconds, Stopping threads took: 0.0000292 seconds
2017-04-24T18:37:00.755+0800: 10310.427: Total time for which application threads were stopped: 0.0001498 seconds, Stopping threads took: 0.0000260 seconds
2017-04-24T18:37:00.766+0800: 10310.439: Total time for which application threads were stopped: 0.0001119 seconds, Stopping threads took: 0.0000208 seconds
2017-04-24T18:37:10.413+0800: 10320.086: Total time for which application threads were stopped: 0.0001174 seconds, Stopping threads took: 0.0000221 seconds
2017-04-24T18:37:10.413+0800: 10320.086: Total time for which application threads were stopped: 0.0000715 seconds, Stopping threads took: 0.0000125 seconds
2017-04-24T18:37:10.702+0800: 10320.375: Total time for which application threads were stopped: 0.0001103 seconds, Stopping threads took: 0.0000231 seconds
2017-04-24T18:37:10.702+0800: 10320.375: Total time for which application threads were stopped: 0.0000831 seconds, Stopping threads took: 0.0000157 seconds
2017-04-24T18:37:10.703+0800: 10320.375: Total time for which application threads were stopped: 0.0000558 seconds, Stopping threads took: 0.0000093 seconds
2017-04-24T18:37:10.703+0800: 10320.375: Total time for which application threads were stopped: 0.0000552 seconds, Stopping threads took: 0.0000103 seconds
2017-04-24T18:37:10.703+0800: 10320.375: Total time for which application threads were stopped: 0.0000459 seconds, Stopping threads took: 0.0000080 seconds
2017-04-24T18:37:10.703+0800: 10320.375: Total time for which application threads were stopped: 0.0000385 seconds, Stopping threads took: 0.0000067 seconds
2017-04-24T18:37:10.703+0800: 10320.375: Total time for which application threads were stopped: 0.0000497 seconds, Stopping threads took: 0.0000096 seconds
2017-04-24T18:37:10.706+0800: 10320.379: Total time for which application threads were stopped: 0.0000956 seconds, Stopping threads took: 0.0000183 seconds
2017-04-24T18:37:13.428+0800: 10323.100: Total time for which application threads were stopped: 0.0000933 seconds, Stopping threads took: 0.0000202 seconds
2017-04-24T18:37:13.428+0800: 10323.101: Total time for which application threads were stopped: 0.0000568 seconds, Stopping threads took: 0.0000112 seconds
2017-04-24T18:37:13.428+0800: 10323.101: Total time for which application threads were stopped: 0.0000590 seconds, Stopping threads took: 0.0000109 seconds
2017-04-24T18:37:13.429+0800: 10323.101: Total time for which application threads were stopped: 0.0001501 seconds, Stopping threads took: 0.0000103 seconds
2017-04-24T18:37:13.429+0800: 10323.101: Total time for which application threads were stopped: 0.0000587 seconds, Stopping threads took: 0.0000225 seconds
2017-04-24T18:37:13.429+0800: 10323.102: Total time for which application threads were stopped: 0.0000520 seconds, Stopping threads took: 0.0000115 seconds
2017-04-24T18:37:20.435+0800: 10330.107: Total time for which application threads were stopped: 0.0002024 seconds, Stopping threads took: 0.0000382 seconds
2017-04-24T18:37:20.772+0800: 10330.444: Total time for which application threads were stopped: 0.0002938 seconds, Stopping threads took: 0.0000545 seconds
2017-04-24T18:37:20.772+0800: 10330.445: Total time for which application threads were stopped: 0.0003198 seconds, Stopping threads took: 0.0001049 seconds
2017-04-24T18:37:20.773+0800: 10330.446: Total time for which application threads were stopped: 0.0002524 seconds, Stopping threads took: 0.0000417 seconds
2017-04-24T18:37:20.773+0800: 10330.446: Total time for which application threads were stopped: 0.0002290 seconds, Stopping threads took: 0.0000401 seconds
2017-04-24T18:37:20.774+0800: 10330.446: Total time for which application threads were stopped: 0.0002364 seconds, Stopping threads took: 0.0000330 seconds
2017-04-24T18:37:20.774+0800: 10330.447: Total time for which application threads were stopped: 0.0001588 seconds, Stopping threads took: 0.0000260 seconds
2017-04-24T18:37:20.775+0800: 10330.447: Total time for which application threads were stopped: 0.0005202 seconds, Stopping threads took: 0.0000362 seconds
2017-04-24T18:37:20.785+0800: 10330.458: Total time for which application threads were stopped: 0.0002659 seconds, Stopping threads took: 0.0000494 seconds
2017-04-24T18:37:30.438+0800: 10340.110: Total time for which application threads were stopped: 0.0002906 seconds, Stopping threads took: 0.0000568 seconds
2017-04-24T18:37:30.439+0800: 10340.111: Total time for which application threads were stopped: 0.0002053 seconds, Stopping threads took: 0.0000330 seconds
2017-04-24T18:37:30.791+0800: 10340.463: Total time for which application threads were stopped: 0.0003073 seconds, Stopping threads took: 0.0000574 seconds
2017-04-24T18:37:30.791+0800: 10340.464: Total time for which application threads were stopped: 0.0001793 seconds, Stopping threads took: 0.0000337 seconds
2017-04-24T18:37:30.793+0800: 10340.466: Total time for which application threads were stopped: 0.0003502 seconds, Stopping threads took: 0.0001216 seconds
2017-04-24T18:37:30.804+0800: 10340.477: Total time for which application threads were stopped: 0.0002752 seconds, Stopping threads took: 0.0000520 seconds
2017-04-24T18:37:37.620+0800: 10347.292: Total time for which application threads were stopped: 0.0001030 seconds, Stopping threads took: 0.0000241 seconds
2017-04-24T18:37:37.620+0800: 10347.292: Total time for which application threads were stopped: 0.0000577 seconds, Stopping threads took: 0.0000122 seconds
2017-04-24T18:37:37.620+0800: 10347.292: Total time for which application threads were stopped: 0.0000366 seconds, Stopping threads took: 0.0000074 seconds
2017-04-24T18:37:37.620+0800: 10347.292: Total time for which application threads were stopped: 0.0000411 seconds, Stopping threads took: 0.0000074 seconds
2017-04-24T18:37:37.620+0800: 10347.293: Total time for which application threads were stopped: 0.0000353 seconds, Stopping threads took: 0.0000074 seconds
2017-04-24T18:37:37.620+0800: 10347.293: Total time for which application threads were stopped: 0.0001331 seconds, Stopping threads took: 0.0000067 seconds
2017-04-24T18:37:40.441+0800: 10350.113: Total time for which application threads were stopped: 0.0001556 seconds, Stopping threads took: 0.0000443 seconds
2017-04-24T18:37:40.759+0800: 10350.432: Total time for which application threads were stopped: 0.0002688 seconds, Stopping threads took: 0.0000584 seconds
2017-04-24T18:37:40.760+0800: 10350.432: Total time for which application threads were stopped: 0.0002823 seconds, Stopping threads took: 0.0000446 seconds
2017-04-24T18:37:40.761+0800: 10350.433: Total time for which application threads were stopped: 0.0001960 seconds, Stopping threads took: 0.0000382 seconds
2017-04-24T18:37:40.761+0800: 10350.433: Total time for which application threads were stopped: 0.0001568 seconds, Stopping threads took: 0.0000295 seconds
2017-04-24T18:37:40.761+0800: 10350.434: Total time for which application threads were stopped: 0.0001892 seconds, Stopping threads took: 0.0000385 seconds
2017-04-24T18:37:40.762+0800: 10350.434: Total time for which application threads were stopped: 0.0001540 seconds, Stopping threads took: 0.0000292 seconds
2017-04-24T18:37:40.762+0800: 10350.434: Total time for which application threads were stopped: 0.0001363 seconds, Stopping threads took: 0.0000244 seconds
2017-04-24T18:37:40.772+0800: 10350.444: Total time for which application threads were stopped: 0.0002595 seconds, Stopping threads took: 0.0000507 seconds
2017-04-24T18:37:50.434+0800: 10360.107: Total time for which application threads were stopped: 0.0002037 seconds, Stopping threads took: 0.0000369 seconds
2017-04-24T18:37:50.435+0800: 10360.108: Total time for which application threads were stopped: 0.0001440 seconds, Stopping threads took: 0.0000228 seconds
2017-04-24T18:37:50.718+0800: 10360.390: Total time for which application threads were stopped: 0.0002656 seconds, Stopping threads took: 0.0000555 seconds
2017-04-24T18:37:50.718+0800: 10360.390: Total time for which application threads were stopped: 0.0002271 seconds, Stopping threads took: 0.0000927 seconds
2017-04-24T18:37:50.719+0800: 10360.391: Total time for which application threads were stopped: 0.0001690 seconds, Stopping threads took: 0.0000263 seconds
2017-04-24T18:37:50.719+0800: 10360.391: Total time for which application threads were stopped: 0.0001527 seconds, Stopping threads took: 0.0000250 seconds
2017-04-24T18:37:50.719+0800: 10360.392: Total time for which application threads were stopped: 0.0001447 seconds, Stopping threads took: 0.0000244 seconds
2017-04-24T18:37:50.719+0800: 10360.392: Total time for which application threads were stopped: 0.0001447 seconds, Stopping threads took: 0.0000244 seconds
2017-04-24T18:37:50.720+0800: 10360.392: Total time for which application threads were stopped: 0.0001430 seconds, Stopping threads took: 0.0000241 seconds
2017-04-24T18:37:50.730+0800: 10360.402: Total time for which application threads were stopped: 0.0002665 seconds, Stopping threads took: 0.0000516 seconds
2017-04-24T18:38:00.440+0800: 10370.113: Total time for which application threads were stopped: 0.0002922 seconds, Stopping threads took: 0.0000526 seconds
2017-04-24T18:38:00.441+0800: 10370.114: Total time for which application threads were stopped: 0.0002101 seconds, Stopping threads took: 0.0000324 seconds
2017-04-24T18:38:00.800+0800: 10370.472: Total time for which application threads were stopped: 0.0001049 seconds, Stopping threads took: 0.0000199 seconds
2017-04-24T18:38:00.800+0800: 10370.473: Total time for which application threads were stopped: 0.0000805 seconds, Stopping threads took: 0.0000164 seconds
2017-04-24T18:38:00.800+0800: 10370.473: Total time for which application threads were stopped: 0.0000751 seconds, Stopping threads took: 0.0000115 seconds
2017-04-24T18:38:00.800+0800: 10370.473: Total time for which application threads were stopped: 0.0000683 seconds, Stopping threads took: 0.0000109 seconds
2017-04-24T18:38:00.801+0800: 10370.473: Total time for which application threads were stopped: 0.0000625 seconds, Stopping threads took: 0.0000106 seconds
2017-04-24T18:38:00.801+0800: 10370.473: Total time for which application threads were stopped: 0.0000561 seconds, Stopping threads took: 0.0000096 seconds
2017-04-24T18:38:00.801+0800: 10370.473: Total time for which application threads were stopped: 0.0000462 seconds, Stopping threads took: 0.0000071 seconds
2017-04-24T18:38:05.715+0800: 10375.387: Total time for which application threads were stopped: 0.0001010 seconds, Stopping threads took: 0.0000273 seconds
2017-04-24T18:38:05.715+0800: 10375.388: Total time for which application threads were stopped: 0.0000651 seconds, Stopping threads took: 0.0000148 seconds
2017-04-24T18:38:05.715+0800: 10375.388: Total time for which application threads were stopped: 0.0000584 seconds, Stopping threads took: 0.0000173 seconds
2017-04-24T18:38:05.716+0800: 10375.388: Total time for which application threads were stopped: 0.0000670 seconds, Stopping threads took: 0.0000180 seconds
2017-04-24T18:38:05.716+0800: 10375.388: Total time for which application threads were stopped: 0.0000558 seconds, Stopping threads took: 0.0000157 seconds
2017-04-24T18:38:05.716+0800: 10375.388: Total time for which application threads were stopped: 0.0000587 seconds, Stopping threads took: 0.0000154 seconds
2017-04-24T18:38:10.407+0800: 10380.080: Total time for which application threads were stopped: 0.0004891 seconds, Stopping threads took: 0.0000532 seconds
2017-04-24T18:38:10.438+0800: 10380.111: Total time for which application threads were stopped: 0.0002880 seconds, Stopping threads took: 0.0000558 seconds
2017-04-24T18:38:10.785+0800: 10380.458: Total time for which application threads were stopped: 0.0001074 seconds, Stopping threads took: 0.0000228 seconds
2017-04-24T18:38:10.786+0800: 10380.458: Total time for which application threads were stopped: 0.0000507 seconds, Stopping threads took: 0.0000135 seconds
2017-04-24T18:38:10.786+0800: 10380.458: Total time for which application threads were stopped: 0.0000581 seconds, Stopping threads took: 0.0000228 seconds
2017-04-24T18:38:10.786+0800: 10380.458: Total time for which application threads were stopped: 0.0000635 seconds, Stopping threads took: 0.0000122 seconds
2017-04-24T18:38:10.786+0800: 10380.458: Total time for which application threads were stopped: 0.0000407 seconds, Stopping threads took: 0.0000074 seconds
2017-04-24T18:38:10.786+0800: 10380.458: Total time for which application threads were stopped: 0.0000369 seconds, Stopping threads took: 0.0000061 seconds
2017-04-24T18:38:10.786+0800: 10380.458: Total time for which application threads were stopped: 0.0000362 seconds, Stopping threads took: 0.0000061 seconds
2017-04-24T18:38:10.786+0800: 10380.458: Total time for which application threads were stopped: 0.0000359 seconds, Stopping threads took: 0.0000061 seconds
2017-04-24T18:38:10.789+0800: 10380.461: Total time for which application threads were stopped: 0.0000712 seconds, Stopping threads took: 0.0000138 seconds
2017-04-24T18:38:20.126+0800: 10389.799: Total time for which application threads were stopped: 0.0000988 seconds, Stopping threads took: 0.0000241 seconds
2017-04-24T18:38:20.127+0800: 10389.799: Total time for which application threads were stopped: 0.0000725 seconds, Stopping threads took: 0.0000180 seconds
2017-04-24T18:38:20.127+0800: 10389.799: Total time for which application threads were stopped: 0.0000558 seconds, Stopping threads took: 0.0000148 seconds
2017-04-24T18:38:20.127+0800: 10389.799: Total time for which application threads were stopped: 0.0000593 seconds, Stopping threads took: 0.0000144 seconds
2017-04-24T18:38:20.127+0800: 10389.800: Total time for which application threads were stopped: 0.0000629 seconds, Stopping threads took: 0.0000167 seconds
2017-04-24T18:38:20.127+0800: 10389.800: Total time for which application threads were stopped: 0.0000449 seconds, Stopping threads took: 0.0000138 seconds
{Heap before GC invocations=100 (full 2):
 par new generation   total 109248K, used 92239K [0x00000000e0000000, 0x00000000e8000000, 0x00000000e8000000)
  eden space 87424K,  99% used [0x00000000e0000000, 0x00000000e551df98, 0x00000000e5560000)
  from space 21824K,  23% used [0x00000000e5560000, 0x00000000e5a55ff8, 0x00000000e6ab0000)
  to   space 21824K,   0% used [0x00000000e6ab0000, 0x00000000e6ab0000, 0x00000000e8000000)
 concurrent mark-sweep generation total 393216K, used 19288K [0x00000000e8000000, 0x0000000100000000, 0x0000000100000000)
 Metaspace       used 42718K, capacity 43480K, committed 43800K, reserved 1087488K
  class space    used 4603K, capacity 4830K, committed 4940K, reserved 1048576K
2017-04-24T18:38:20.411+0800: 10390.084: [GC (Allocation Failure) 2017-04-24T18:38:20.411+0800: 10390.084: [ParNew
Desired survivor size 20112992 bytes, new threshold 8 (max 8)
- age   1:    3110152 bytes,    3110152 total
- age   2:     694632 bytes,    3804784 total
- age   3:      67544 bytes,    3872328 total
- age   4:      12480 bytes,    3884808 total
- age   5:      11584 bytes,    3896392 total
- age   6:      12024 bytes,    3908416 total
- age   7:      12232 bytes,    3920648 total
- age   8:      13624 bytes,    3934272 total
: 92239K->5073K(109248K), 0.0034258 secs] 111528K->24374K(502464K), 0.0034803 secs] [Times: user=0.06 sys=0.00, real=0.00 secs] 
Heap after GC invocations=101 (full 2):
 par new generation   total 109248K, used 5073K [0x00000000e0000000, 0x00000000e8000000, 0x00000000e8000000)
  eden space 87424K,   0% used [0x00000000e0000000, 0x00000000e0000000, 0x00000000e5560000)
  from space 21824K,  23% used [0x00000000e6ab0000, 0x00000000e6fa44d0, 0x00000000e8000000)
  to   space 21824K,   0% used [0x00000000e5560000, 0x00000000e5560000, 0x00000000e6ab0000)
 concurrent mark-sweep generation total 393216K, used 19301K [0x00000000e8000000, 0x0000000100000000, 0x0000000100000000)
 Metaspace       used 42718K, capacity 43480K, committed 43800K, reserved 1087488K
  class space    used 4603K, capacity 4830K, committed 4940K, reserved 1048576K
}
2017-04-24T18:38:20.415+0800: 10390.087: Total time for which application threads were stopped: 0.0037013 seconds, Stopping threads took: 0.0000234 seconds
2017-04-24T18:38:20.415+0800: 10390.088: Total time for which application threads were stopped: 0.0001533 seconds, Stopping threads took: 0.0000427 seconds
2017-04-24T18:38:20.415+0800: 10390.088: Total time for which application threads were stopped: 0.0000635 seconds, Stopping threads took: 0.0000234 seconds
2017-04-24T18:38:20.416+0800: 10390.088: Total time for which application threads were stopped: 0.0000956 seconds, Stopping threads took: 0.0000423 seconds
2017-04-24T18:38:20.416+0800: 10390.088: Total time for which application threads were stopped: 0.0000577 seconds, Stopping threads took: 0.0000196 seconds
2017-04-24T18:38:20.416+0800: 10390.088: Total time for which application threads were stopped: 0.0000565 seconds, Stopping threads took: 0.0000157 seconds
2017-04-24T18:38:20.416+0800: 10390.088: Total time for which application threads were stopped: 0.0000510 seconds, Stopping threads took: 0.0000173 seconds
2017-04-24T18:38:20.416+0800: 10390.089: Total time for which application threads were stopped: 0.0000529 seconds, Stopping threads took: 0.0000138 seconds
2017-04-24T18:38:20.416+0800: 10390.089: Total time for which application threads were stopped: 0.0000539 seconds, Stopping threads took: 0.0000173 seconds
2017-04-24T18:38:20.416+0800: 10390.089: Total time for which application threads were stopped: 0.0000433 seconds, Stopping threads took: 0.0000077 seconds
2017-04-24T18:38:20.416+0800: 10390.089: Total time for which application threads were stopped: 0.0000439 seconds, Stopping threads took: 0.0000103 seconds
2017-04-24T18:38:20.416+0800: 10390.089: Total time for which application threads were stopped: 0.0000382 seconds, Stopping threads took: 0.0000080 seconds
2017-04-24T18:38:20.416+0800: 10390.089: Total time for which application threads were stopped: 0.0000571 seconds, Stopping threads took: 0.0000170 seconds
2017-04-24T18:38:20.416+0800: 10390.089: Total time for which application threads were stopped: 0.0000465 seconds, Stopping threads took: 0.0000119 seconds
2017-04-24T18:38:20.417+0800: 10390.089: Total time for which application threads were stopped: 0.0000504 seconds, Stopping threads took: 0.0000132 seconds
2017-04-24T18:38:20.417+0800: 10390.089: Total time for which application threads were stopped: 0.0000526 seconds, Stopping threads took: 0.0000148 seconds
2017-04-24T18:38:20.417+0800: 10390.089: Total time for which application threads were stopped: 0.0000427 seconds, Stopping threads took: 0.0000096 seconds
2017-04-24T18:38:20.417+0800: 10390.090: Total time for which application threads were stopped: 0.0000568 seconds, Stopping threads took: 0.0000176 seconds
2017-04-24T18:38:20.417+0800: 10390.090: Total time for which application threads were stopped: 0.0000581 seconds, Stopping threads took: 0.0000221 seconds
2017-04-24T18:38:20.417+0800: 10390.090: Total time for which application threads were stopped: 0.0000558 seconds, Stopping threads took: 0.0000186 seconds
2017-04-24T18:38:20.417+0800: 10390.090: Total time for which application threads were stopped: 0.0000532 seconds, Stopping threads took: 0.0000183 seconds
2017-04-24T18:38:20.417+0800: 10390.090: Total time for which application threads were stopped: 0.0000526 seconds, Stopping threads took: 0.0000180 seconds
2017-04-24T18:38:20.417+0800: 10390.090: Total time for which application threads were stopped: 0.0000481 seconds, Stopping threads took: 0.0000167 seconds
2017-04-24T18:38:20.740+0800: 10390.412: Total time for which application threads were stopped: 0.0003249 seconds, Stopping threads took: 0.0001113 seconds
2017-04-24T18:38:20.740+0800: 10390.413: Total time for which application threads were stopped: 0.0001617 seconds, Stopping threads took: 0.0000340 seconds
2017-04-24T18:38:20.742+0800: 10390.414: Total time for which application threads were stopped: 0.0003182 seconds, Stopping threads took: 0.0000423 seconds
2017-04-24T18:38:20.742+0800: 10390.414: Total time for which application threads were stopped: 0.0002309 seconds, Stopping threads took: 0.0000285 seconds
2017-04-24T18:38:20.742+0800: 10390.415: Total time for which application threads were stopped: 0.0002736 seconds, Stopping threads took: 0.0000783 seconds
2017-04-24T18:38:20.743+0800: 10390.415: Total time for which application threads were stopped: 0.0003028 seconds, Stopping threads took: 0.0000388 seconds
2017-04-24T18:38:20.743+0800: 10390.415: Total time for which application threads were stopped: 0.0002264 seconds, Stopping threads took: 0.0000311 seconds
2017-04-24T18:38:20.753+0800: 10390.425: Total time for which application threads were stopped: 0.0002547 seconds, Stopping threads took: 0.0000504 seconds
2017-04-24T18:38:30.412+0800: 10400.084: Total time for which application threads were stopped: 0.0001325 seconds, Stopping threads took: 0.0000289 seconds
2017-04-24T18:38:30.412+0800: 10400.084: Total time for which application threads were stopped: 0.0000622 seconds, Stopping threads took: 0.0000115 seconds
2017-04-24T18:38:30.655+0800: 10400.328: Total time for which application threads were stopped: 0.0001228 seconds, Stopping threads took: 0.0000234 seconds
2017-04-24T18:38:30.655+0800: 10400.328: Total time for which application threads were stopped: 0.0000866 seconds, Stopping threads took: 0.0000196 seconds
2017-04-24T18:38:30.655+0800: 10400.328: Total time for which application threads were stopped: 0.0000718 seconds, Stopping threads took: 0.0000119 seconds
2017-04-24T18:38:30.655+0800: 10400.328: Total time for which application threads were stopped: 0.0000751 seconds, Stopping threads took: 0.0000144 seconds
2017-04-24T18:38:30.656+0800: 10400.328: Total time for which application threads were stopped: 0.0000600 seconds, Stopping threads took: 0.0000103 seconds
2017-04-24T18:38:30.656+0800: 10400.328: Total time for which application threads were stopped: 0.0000734 seconds, Stopping threads took: 0.0000148 seconds
2017-04-24T18:38:30.656+0800: 10400.329: Total time for which application threads were stopped: 0.0002001 seconds, Stopping threads took: 0.0000128 seconds
2017-04-24T18:38:30.660+0800: 10400.332: Total time for which application threads were stopped: 0.0000956 seconds, Stopping threads took: 0.0000186 seconds
2017-04-24T18:38:40.810+0800: 10410.482: Total time for which application threads were stopped: 0.0003262 seconds, Stopping threads took: 0.0001039 seconds
2017-04-24T18:38:40.810+0800: 10410.483: Total time for which application threads were stopped: 0.0001822 seconds, Stopping threads took: 0.0000497 seconds
2017-04-24T18:38:40.811+0800: 10410.484: Total time for which application threads were stopped: 0.0002511 seconds, Stopping threads took: 0.0000250 seconds
2017-04-24T18:38:50.435+0800: 10420.108: Total time for which application threads were stopped: 0.0001588 seconds, Stopping threads took: 0.0000318 seconds
2017-04-24T18:38:50.436+0800: 10420.108: Total time for which application threads were stopped: 0.0001091 seconds, Stopping threads took: 0.0000199 seconds
2017-04-24T18:38:50.726+0800: 10420.399: Total time for which application threads were stopped: 0.0002919 seconds, Stopping threads took: 0.0000619 seconds
2017-04-24T18:38:50.727+0800: 10420.399: Total time for which application threads were stopped: 0.0002380 seconds, Stopping threads took: 0.0000449 seconds
2017-04-24T18:38:50.727+0800: 10420.400: Total time for which application threads were stopped: 0.0001790 seconds, Stopping threads took: 0.0000404 seconds
2017-04-24T18:38:50.728+0800: 10420.401: Total time for which application threads were stopped: 0.0002114 seconds, Stopping threads took: 0.0000382 seconds
2017-04-24T18:38:50.729+0800: 10420.401: Total time for which application threads were stopped: 0.0001620 seconds, Stopping threads took: 0.0000257 seconds
2017-04-24T18:38:50.729+0800: 10420.402: Total time for which application threads were stopped: 0.0002062 seconds, Stopping threads took: 0.0000391 seconds
2017-04-24T18:38:50.729+0800: 10420.402: Total time for which application threads were stopped: 0.0001617 seconds, Stopping threads took: 0.0000269 seconds
2017-04-24T18:38:50.729+0800: 10420.402: Total time for which application threads were stopped: 0.0001870 seconds, Stopping threads took: 0.0000356 seconds
2017-04-24T18:38:50.740+0800: 10420.413: Total time for which application threads were stopped: 0.0005587 seconds, Stopping threads took: 0.0000507 seconds
2017-04-24T18:39:00.862+0800: 10430.534: Total time for which application threads were stopped: 0.0002880 seconds, Stopping threads took: 0.0000619 seconds
2017-04-24T18:39:00.862+0800: 10430.535: Total time for which application threads were stopped: 0.0003089 seconds, Stopping threads took: 0.0000953 seconds
2017-04-24T18:39:00.863+0800: 10430.536: Total time for which application threads were stopped: 0.0003243 seconds, Stopping threads took: 0.0000404 seconds
2017-04-24T18:39:00.863+0800: 10430.536: Total time for which application threads were stopped: 0.0002483 seconds, Stopping threads took: 0.0000285 seconds
2017-04-24T18:39:00.864+0800: 10430.536: Total time for which application threads were stopped: 0.0002280 seconds, Stopping threads took: 0.0000266 seconds
2017-04-24T18:39:00.864+0800: 10430.537: Total time for which application threads were stopped: 0.0002466 seconds, Stopping threads took: 0.0000247 seconds
2017-04-24T18:39:00.864+0800: 10430.537: Total time for which application threads were stopped: 0.0002162 seconds, Stopping threads took: 0.0000250 seconds
2017-04-24T18:39:10.437+0800: 10440.110: Total time for which application threads were stopped: 0.0002762 seconds, Stopping threads took: 0.0000558 seconds
2017-04-24T18:39:10.438+0800: 10440.110: Total time for which application threads were stopped: 0.0002377 seconds, Stopping threads took: 0.0000455 seconds
2017-04-24T18:39:10.755+0800: 10440.428: Total time for which application threads were stopped: 0.0002938 seconds, Stopping threads took: 0.0000597 seconds
2017-04-24T18:39:10.755+0800: 10440.428: Total time for which application threads were stopped: 0.0001819 seconds, Stopping threads took: 0.0000350 seconds
2017-04-24T18:39:10.756+0800: 10440.428: Total time for which application threads were stopped: 0.0002970 seconds, Stopping threads took: 0.0000917 seconds
2017-04-24T18:39:10.757+0800: 10440.429: Total time for which application threads were stopped: 0.0001886 seconds, Stopping threads took: 0.0000327 seconds
2017-04-24T18:39:10.757+0800: 10440.429: Total time for which application threads were stopped: 0.0001552 seconds, Stopping threads took: 0.0000257 seconds
2017-04-24T18:39:10.757+0800: 10440.430: Total time for which application threads were stopped: 0.0001485 seconds, Stopping threads took: 0.0000266 seconds
2017-04-24T18:39:10.757+0800: 10440.430: Total time for which application threads were stopped: 0.0001440 seconds, Stopping threads took: 0.0000247 seconds
2017-04-24T18:39:10.758+0800: 10440.430: Total time for which application threads were stopped: 0.0001787 seconds, Stopping threads took: 0.0000250 seconds
2017-04-24T18:39:20.414+0800: 10450.086: Total time for which application threads were stopped: 0.0000991 seconds, Stopping threads took: 0.0000205 seconds
2017-04-24T18:39:20.414+0800: 10450.086: Total time for which application threads were stopped: 0.0000395 seconds, Stopping threads took: 0.0000067 seconds
2017-04-24T18:39:20.662+0800: 10450.335: Total time for which application threads were stopped: 0.0001180 seconds, Stopping threads took: 0.0000228 seconds
2017-04-24T18:39:20.663+0800: 10450.335: Total time for which application threads were stopped: 0.0000507 seconds, Stopping threads took: 0.0000090 seconds
2017-04-24T18:39:20.663+0800: 10450.335: Total time for which application threads were stopped: 0.0000561 seconds, Stopping threads took: 0.0000115 seconds
2017-04-24T18:39:20.663+0800: 10450.335: Total time for which application threads were stopped: 0.0000471 seconds, Stopping threads took: 0.0000103 seconds
2017-04-24T18:39:20.663+0800: 10450.335: Total time for which application threads were stopped: 0.0000366 seconds, Stopping threads took: 0.0000071 seconds
2017-04-24T18:39:20.663+0800: 10450.335: Total time for which application threads were stopped: 0.0000395 seconds, Stopping threads took: 0.0000077 seconds
2017-04-24T18:39:30.416+0800: 10460.088: Total time for which application threads were stopped: 0.0001081 seconds, Stopping threads took: 0.0000228 seconds
2017-04-24T18:39:30.416+0800: 10460.088: Total time for which application threads were stopped: 0.0000436 seconds, Stopping threads took: 0.0000071 seconds
2017-04-24T18:39:30.690+0800: 10460.362: Total time for which application threads were stopped: 0.0001366 seconds, Stopping threads took: 0.0000372 seconds
2017-04-24T18:39:30.690+0800: 10460.362: Total time for which application threads were stopped: 0.0000837 seconds, Stopping threads took: 0.0000148 seconds
2017-04-24T18:39:30.690+0800: 10460.362: Total time for which application threads were stopped: 0.0000792 seconds, Stopping threads took: 0.0000119 seconds
2017-04-24T18:39:30.690+0800: 10460.363: Total time for which application threads were stopped: 0.0001084 seconds, Stopping threads took: 0.0000109 seconds
2017-04-24T18:39:30.690+0800: 10460.363: Total time for which application threads were stopped: 0.0000831 seconds, Stopping threads took: 0.0000115 seconds
2017-04-24T18:39:30.690+0800: 10460.363: Total time for which application threads were stopped: 0.0000645 seconds, Stopping threads took: 0.0000106 seconds
2017-04-24T18:39:30.690+0800: 10460.363: Total time for which application threads were stopped: 0.0000645 seconds, Stopping threads took: 0.0000115 seconds
2017-04-24T18:39:30.690+0800: 10460.363: Total time for which application threads were stopped: 0.0000481 seconds, Stopping threads took: 0.0000083 seconds
2017-04-24T18:39:40.413+0800: 10470.086: Total time for which application threads were stopped: 0.0000978 seconds, Stopping threads took: 0.0000208 seconds
2017-04-24T18:39:40.414+0800: 10470.086: Total time for which application threads were stopped: 0.0000395 seconds, Stopping threads took: 0.0000077 seconds
2017-04-24T18:39:40.750+0800: 10470.422: Total time for which application threads were stopped: 0.0001023 seconds, Stopping threads took: 0.0000234 seconds
2017-04-24T18:39:40.750+0800: 10470.422: Total time for which application threads were stopped: 0.0000600 seconds, Stopping threads took: 0.0000115 seconds
2017-04-24T18:39:40.750+0800: 10470.422: Total time for which application threads were stopped: 0.0000520 seconds, Stopping threads took: 0.0000122 seconds
2017-04-24T18:39:40.750+0800: 10470.422: Total time for which application threads were stopped: 0.0000459 seconds, Stopping threads took: 0.0000103 seconds
2017-04-24T18:39:40.750+0800: 10470.422: Total time for which application threads were stopped: 0.0000439 seconds, Stopping threads took: 0.0000090 seconds
2017-04-24T18:39:40.750+0800: 10470.422: Total time for which application threads were stopped: 0.0000471 seconds, Stopping threads took: 0.0000103 seconds
2017-04-24T18:39:40.750+0800: 10470.422: Total time for which application threads were stopped: 0.0000391 seconds, Stopping threads took: 0.0000083 seconds
2017-04-24T18:39:40.750+0800: 10470.423: Total time for which application threads were stopped: 0.0001485 seconds, Stopping threads took: 0.0000067 seconds
2017-04-24T18:39:48.786+0800: 10478.459: Total time for which application threads were stopped: 0.0000901 seconds, Stopping threads took: 0.0000196 seconds
2017-04-24T18:39:48.786+0800: 10478.459: Total time for which application threads were stopped: 0.0000372 seconds, Stopping threads took: 0.0000074 seconds
2017-04-24T18:39:48.786+0800: 10478.459: Total time for which application threads were stopped: 0.0000523 seconds, Stopping threads took: 0.0000132 seconds
2017-04-24T18:39:48.787+0800: 10478.459: Total time for which application threads were stopped: 0.0000767 seconds, Stopping threads took: 0.0000436 seconds
2017-04-24T18:39:48.787+0800: 10478.459: Total time for which application threads were stopped: 0.0000388 seconds, Stopping threads took: 0.0000122 seconds
2017-04-24T18:39:48.787+0800: 10478.459: Total time for which application threads were stopped: 0.0000375 seconds, Stopping threads took: 0.0000115 seconds
2017-04-24T18:39:49.788+0800: 10479.460: Total time for which application threads were stopped: 0.0002300 seconds, Stopping threads took: 0.0000565 seconds
2017-04-24T18:39:50.424+0800: 10480.097: Total time for which application threads were stopped: 0.0001684 seconds, Stopping threads took: 0.0000334 seconds
2017-04-24T18:39:50.776+0800: 10480.449: Total time for which application threads were stopped: 0.0002800 seconds, Stopping threads took: 0.0000616 seconds
2017-04-24T18:39:50.776+0800: 10480.449: Total time for which application threads were stopped: 0.0002386 seconds, Stopping threads took: 0.0001046 seconds
2017-04-24T18:39:50.777+0800: 10480.450: Total time for which application threads were stopped: 0.0005757 seconds, Stopping threads took: 0.0003900 seconds
2017-04-24T18:39:50.779+0800: 10480.451: Total time for which application threads were stopped: 0.0005077 seconds, Stopping threads took: 0.0000305 seconds
{Heap before GC invocations=101 (full 2):
 par new generation   total 109248K, used 92490K [0x00000000e0000000, 0x00000000e8000000, 0x00000000e8000000)
  eden space 87424K,  99% used [0x00000000e0000000, 0x00000000e555e710, 0x00000000e5560000)
  from space 21824K,  23% used [0x00000000e6ab0000, 0x00000000e6fa44d0, 0x00000000e8000000)
  to   space 21824K,   0% used [0x00000000e5560000, 0x00000000e5560000, 0x00000000e6ab0000)
 concurrent mark-sweep generation total 393216K, used 19301K [0x00000000e8000000, 0x0000000100000000, 0x0000000100000000)
 Metaspace       used 42720K, capacity 43480K, committed 43800K, reserved 1087488K
  class space    used 4603K, capacity 4830K, committed 4940K, reserved 1048576K
2017-04-24T18:40:00.434+0800: 10490.107: [GC (Allocation Failure) 2017-04-24T18:40:00.434+0800: 10490.107: [ParNew
Desired survivor size 20112992 bytes, new threshold 8 (max 8)
- age   1:    3096752 bytes,    3096752 total
- age   2:     697680 bytes,    3794432 total
- age   3:      68464 bytes,    3862896 total
- age   4:      12184 bytes,    3875080 total
- age   5:      11784 bytes,    3886864 total
- age   6:      11584 bytes,    3898448 total
- age   7:      12024 bytes,    3910472 total
- age   8:      12232 bytes,    3922704 total
: 92490K->4712K(109248K), 0.0129181 secs] 111792K->24027K(502464K), 0.0131163 secs] [Times: user=0.06 sys=0.00, real=0.01 secs] 
Heap after GC invocations=102 (full 2):
 par new generation   total 109248K, used 4712K [0x00000000e0000000, 0x00000000e8000000, 0x00000000e8000000)
  eden space 87424K,   0% used [0x00000000e0000000, 0x00000000e0000000, 0x00000000e5560000)
  from space 21824K,  21% used [0x00000000e5560000, 0x00000000e59fa320, 0x00000000e6ab0000)
  to   space 21824K,   0% used [0x00000000e6ab0000, 0x00000000e6ab0000, 0x00000000e8000000)
 concurrent mark-sweep generation total 393216K, used 19315K [0x00000000e8000000, 0x0000000100000000, 0x0000000100000000)
 Metaspace       used 42720K, capacity 43480K, committed 43800K, reserved 1087488K
  class space    used 4603K, capacity 4830K, committed 4940K, reserved 1048576K
}
2017-04-24T18:40:00.447+0800: 10490.120: Total time for which application threads were stopped: 0.0136783 seconds, Stopping threads took: 0.0000513 seconds
2017-04-24T18:40:00.448+0800: 10490.120: Total time for which application threads were stopped: 0.0004282 seconds, Stopping threads took: 0.0001944 seconds
2017-04-24T18:40:00.448+0800: 10490.121: Total time for which application threads were stopped: 0.0003836 seconds, Stopping threads took: 0.0001969 seconds
2017-04-24T18:40:00.449+0800: 10490.122: Total time for which application threads were stopped: 0.0002136 seconds, Stopping threads took: 0.0000635 seconds
2017-04-24T18:40:00.449+0800: 10490.122: Total time for which application threads were stopped: 0.0002399 seconds, Stopping threads took: 0.0000821 seconds
2017-04-24T18:40:00.450+0800: 10490.123: Total time for which application threads were stopped: 0.0002473 seconds, Stopping threads took: 0.0000969 seconds
2017-04-24T18:40:00.450+0800: 10490.123: Total time for which application threads were stopped: 0.0002303 seconds, Stopping threads took: 0.0000677 seconds
2017-04-24T18:40:00.451+0800: 10490.123: Total time for which application threads were stopped: 0.0001123 seconds, Stopping threads took: 0.0000446 seconds
2017-04-24T18:40:00.451+0800: 10490.123: Total time for which application threads were stopped: 0.0000924 seconds, Stopping threads took: 0.0000337 seconds
2017-04-24T18:40:00.451+0800: 10490.124: Total time for which application threads were stopped: 0.0000776 seconds, Stopping threads took: 0.0000237 seconds
2017-04-24T18:40:00.451+0800: 10490.124: Total time for which application threads were stopped: 0.0000654 seconds, Stopping threads took: 0.0000128 seconds
2017-04-24T18:40:00.451+0800: 10490.124: Total time for which application threads were stopped: 0.0000763 seconds, Stopping threads took: 0.0000228 seconds
2017-04-24T18:40:00.451+0800: 10490.124: Total time for which application threads were stopped: 0.0001151 seconds, Stopping threads took: 0.0000565 seconds
2017-04-24T18:40:00.452+0800: 10490.124: Total time for which application threads were stopped: 0.0000751 seconds, Stopping threads took: 0.0000212 seconds
2017-04-24T18:40:00.452+0800: 10490.124: Total time for which application threads were stopped: 0.0000779 seconds, Stopping threads took: 0.0000234 seconds
2017-04-24T18:40:00.452+0800: 10490.124: Total time for which application threads were stopped: 0.0000751 seconds, Stopping threads took: 0.0000202 seconds
2017-04-24T18:40:00.452+0800: 10490.125: Total time for which application threads were stopped: 0.0000917 seconds, Stopping threads took: 0.0000208 seconds
2017-04-24T18:40:00.452+0800: 10490.125: Total time for which application threads were stopped: 0.0000725 seconds, Stopping threads took: 0.0000148 seconds
2017-04-24T18:40:00.452+0800: 10490.125: Total time for which application threads were stopped: 0.0001501 seconds, Stopping threads took: 0.0000844 seconds
2017-04-24T18:40:00.453+0800: 10490.125: Total time for which application threads were stopped: 0.0001046 seconds, Stopping threads took: 0.0000378 seconds
2017-04-24T18:40:00.453+0800: 10490.125: Total time for which application threads were stopped: 0.0000914 seconds, Stopping threads took: 0.0000346 seconds
2017-04-24T18:40:00.453+0800: 10490.126: Total time for which application threads were stopped: 0.0002418 seconds, Stopping threads took: 0.0000289 seconds
2017-04-24T18:40:00.453+0800: 10490.126: Total time for which application threads were stopped: 0.0002309 seconds, Stopping threads took: 0.0000382 seconds
2017-04-24T18:40:00.454+0800: 10490.127: Total time for which application threads were stopped: 0.0000699 seconds, Stopping threads took: 0.0000138 seconds
2017-04-24T18:40:00.455+0800: 10490.127: Total time for which application threads were stopped: 0.0000638 seconds, Stopping threads took: 0.0000115 seconds
2017-04-24T18:40:00.829+0800: 10490.502: Total time for which application threads were stopped: 0.0002662 seconds, Stopping threads took: 0.0000571 seconds
2017-04-24T18:40:00.830+0800: 10490.502: Total time for which application threads were stopped: 0.0002306 seconds, Stopping threads took: 0.0000500 seconds
2017-04-24T18:40:00.830+0800: 10490.502: Total time for which application threads were stopped: 0.0001854 seconds, Stopping threads took: 0.0000414 seconds
2017-04-24T18:40:00.832+0800: 10490.504: Total time for which application threads were stopped: 0.0002181 seconds, Stopping threads took: 0.0000420 seconds
2017-04-24T18:40:00.832+0800: 10490.505: Total time for which application threads were stopped: 0.0002236 seconds, Stopping threads took: 0.0000536 seconds
2017-04-24T18:40:00.832+0800: 10490.505: Total time for which application threads were stopped: 0.0001575 seconds, Stopping threads took: 0.0000362 seconds
2017-04-24T18:40:00.833+0800: 10490.505: Total time for which application threads were stopped: 0.0002252 seconds, Stopping threads took: 0.0000680 seconds
2017-04-24T18:40:10.438+0800: 10500.111: Total time for which application threads were stopped: 0.0002357 seconds, Stopping threads took: 0.0000462 seconds
2017-04-24T18:40:10.439+0800: 10500.112: Total time for which application threads were stopped: 0.0004356 seconds, Stopping threads took: 0.0000250 seconds
2017-04-24T18:40:10.763+0800: 10500.436: Total time for which application threads were stopped: 0.0001642 seconds, Stopping threads took: 0.0000372 seconds
2017-04-24T18:40:10.763+0800: 10500.436: Total time for which application threads were stopped: 0.0001014 seconds, Stopping threads took: 0.0000164 seconds
2017-04-24T18:40:10.763+0800: 10500.436: Total time for which application threads were stopped: 0.0001607 seconds, Stopping threads took: 0.0000462 seconds
2017-04-24T18:40:10.764+0800: 10500.436: Total time for which application threads were stopped: 0.0000872 seconds, Stopping threads took: 0.0000154 seconds
2017-04-24T18:40:10.764+0800: 10500.436: Total time for which application threads were stopped: 0.0000728 seconds, Stopping threads took: 0.0000128 seconds
2017-04-24T18:40:10.764+0800: 10500.437: Total time for which application threads were stopped: 0.0000702 seconds, Stopping threads took: 0.0000122 seconds
2017-04-24T18:40:10.764+0800: 10500.437: Total time for which application threads were stopped: 0.0000734 seconds, Stopping threads took: 0.0000128 seconds
2017-04-24T18:40:10.764+0800: 10500.437: Total time for which application threads were stopped: 0.0000702 seconds, Stopping threads took: 0.0000128 seconds
2017-04-24T18:40:20.434+0800: 10510.107: Total time for which application threads were stopped: 0.0001517 seconds, Stopping threads took: 0.0000301 seconds
2017-04-24T18:40:20.435+0800: 10510.108: Total time for which application threads were stopped: 0.0001347 seconds, Stopping threads took: 0.0000260 seconds
2017-04-24T18:40:20.758+0800: 10510.430: Total time for which application threads were stopped: 0.0003089 seconds, Stopping threads took: 0.0000898 seconds
2017-04-24T18:40:20.758+0800: 10510.431: Total time for which application threads were stopped: 0.0005610 seconds, Stopping threads took: 0.0000478 seconds
2017-04-24T18:40:20.759+0800: 10510.431: Total time for which application threads were stopped: 0.0004227 seconds, Stopping threads took: 0.0000353 seconds
2017-04-24T18:40:20.760+0800: 10510.432: Total time for which application threads were stopped: 0.0001694 seconds, Stopping threads took: 0.0000327 seconds
2017-04-24T18:40:20.760+0800: 10510.433: Total time for which application threads were stopped: 0.0001568 seconds, Stopping threads took: 0.0000269 seconds
2017-04-24T18:40:20.760+0800: 10510.433: Total time for which application threads were stopped: 0.0001350 seconds, Stopping threads took: 0.0000241 seconds
2017-04-24T18:40:20.760+0800: 10510.433: Total time for which application threads were stopped: 0.0001337 seconds, Stopping threads took: 0.0000244 seconds
2017-04-24T18:40:20.761+0800: 10510.433: Total time for which application threads were stopped: 0.0001690 seconds, Stopping threads took: 0.0000574 seconds
2017-04-24T18:40:30.438+0800: 10520.111: Total time for which application threads were stopped: 0.0002797 seconds, Stopping threads took: 0.0000568 seconds
2017-04-24T18:40:30.439+0800: 10520.112: Total time for which application threads were stopped: 0.0002415 seconds, Stopping threads took: 0.0000443 seconds
2017-04-24T18:40:30.778+0800: 10520.451: Total time for which application threads were stopped: 0.0002733 seconds, Stopping threads took: 0.0000568 seconds
2017-04-24T18:40:30.779+0800: 10520.452: Total time for which application threads were stopped: 0.0002601 seconds, Stopping threads took: 0.0000468 seconds
2017-04-24T18:40:30.780+0800: 10520.452: Total time for which application threads were stopped: 0.0002229 seconds, Stopping threads took: 0.0000443 seconds
2017-04-24T18:40:30.780+0800: 10520.452: Total time for which application threads were stopped: 0.0001456 seconds, Stopping threads took: 0.0000260 seconds
2017-04-24T18:40:30.780+0800: 10520.452: Total time for which application threads were stopped: 0.0001392 seconds, Stopping threads took: 0.0000247 seconds
2017-04-24T18:40:30.780+0800: 10520.453: Total time for which application threads were stopped: 0.0001341 seconds, Stopping threads took: 0.0000241 seconds
2017-04-24T18:40:40.234+0800: 10529.906: Total time for which application threads were stopped: 0.0000908 seconds, Stopping threads took: 0.0000215 seconds
2017-04-24T18:40:40.234+0800: 10529.906: Total time for which application threads were stopped: 0.0000436 seconds, Stopping threads took: 0.0000106 seconds
2017-04-24T18:40:40.234+0800: 10529.907: Total time for which application threads were stopped: 0.0000526 seconds, Stopping threads took: 0.0000128 seconds
2017-04-24T18:40:40.234+0800: 10529.907: Total time for which application threads were stopped: 0.0000491 seconds, Stopping threads took: 0.0000119 seconds
2017-04-24T18:40:40.234+0800: 10529.907: Total time for which application threads were stopped: 0.0000680 seconds, Stopping threads took: 0.0000356 seconds
2017-04-24T18:40:40.235+0800: 10529.907: Total time for which application threads were stopped: 0.0000600 seconds, Stopping threads took: 0.0000247 seconds
2017-04-24T18:40:40.414+0800: 10530.087: Total time for which application threads were stopped: 0.0001046 seconds, Stopping threads took: 0.0000205 seconds
2017-04-24T18:40:40.658+0800: 10530.331: Total time for which application threads were stopped: 0.0001071 seconds, Stopping threads took: 0.0000269 seconds
2017-04-24T18:40:40.658+0800: 10530.331: Total time for which application threads were stopped: 0.0000683 seconds, Stopping threads took: 0.0000115 seconds
2017-04-24T18:40:40.659+0800: 10530.331: Total time for which application threads were stopped: 0.0000561 seconds, Stopping threads took: 0.0000106 seconds
2017-04-24T18:40:40.659+0800: 10530.331: Total time for which application threads were stopped: 0.0000401 seconds, Stopping threads took: 0.0000074 seconds
2017-04-24T18:40:40.659+0800: 10530.331: Total time for which application threads were stopped: 0.0000372 seconds, Stopping threads took: 0.0000064 seconds
2017-04-24T18:40:40.659+0800: 10530.331: Total time for which application threads were stopped: 0.0000369 seconds, Stopping threads took: 0.0000067 seconds
2017-04-24T18:40:40.662+0800: 10530.334: Total time for which application threads were stopped: 0.0000972 seconds, Stopping threads took: 0.0000180 seconds
2017-04-24T18:40:49.490+0800: 10539.163: Total time for which application threads were stopped: 0.0001241 seconds, Stopping threads took: 0.0000218 seconds
2017-04-24T18:40:49.490+0800: 10539.163: Total time for which application threads were stopped: 0.0000532 seconds, Stopping threads took: 0.0000112 seconds
2017-04-24T18:40:49.491+0800: 10539.163: Total time for which application threads were stopped: 0.0000366 seconds, Stopping threads took: 0.0000067 seconds
2017-04-24T18:40:49.491+0800: 10539.163: Total time for which application threads were stopped: 0.0000869 seconds, Stopping threads took: 0.0000475 seconds
2017-04-24T18:40:49.491+0800: 10539.163: Total time for which application threads were stopped: 0.0000494 seconds, Stopping threads took: 0.0000157 seconds
2017-04-24T18:40:49.491+0800: 10539.164: Total time for which application threads were stopped: 0.0000577 seconds, Stopping threads took: 0.0000157 seconds
2017-04-24T18:40:50.413+0800: 10540.086: Total time for which application threads were stopped: 0.0002094 seconds, Stopping threads took: 0.0000225 seconds
2017-04-24T18:40:50.669+0800: 10540.341: Total time for which application threads were stopped: 0.0001225 seconds, Stopping threads took: 0.0000234 seconds
2017-04-24T18:40:50.669+0800: 10540.341: Total time for which application threads were stopped: 0.0000741 seconds, Stopping threads took: 0.0000071 seconds
2017-04-24T18:40:50.669+0800: 10540.342: Total time for which application threads were stopped: 0.0000715 seconds, Stopping threads took: 0.0000112 seconds
2017-04-24T18:40:50.669+0800: 10540.342: Total time for which application threads were stopped: 0.0000539 seconds, Stopping threads took: 0.0000080 seconds
2017-04-24T18:40:50.669+0800: 10540.342: Total time for which application threads were stopped: 0.0001607 seconds, Stopping threads took: 0.0000103 seconds
2017-04-24T18:40:50.674+0800: 10540.346: Total time for which application threads were stopped: 0.0001129 seconds, Stopping threads took: 0.0000180 seconds
2017-04-24T18:41:00.438+0800: 10550.111: Total time for which application threads were stopped: 0.0003002 seconds, Stopping threads took: 0.0000568 seconds
2017-04-24T18:41:00.439+0800: 10550.111: Total time for which application threads were stopped: 0.0001677 seconds, Stopping threads took: 0.0000276 seconds
2017-04-24T18:41:00.738+0800: 10550.410: Total time for which application threads were stopped: 0.0001726 seconds, Stopping threads took: 0.0000318 seconds
2017-04-24T18:41:00.744+0800: 10550.416: Total time for which application threads were stopped: 0.0001867 seconds, Stopping threads took: 0.0000321 seconds
2017-04-24T18:41:10.436+0800: 10560.109: Total time for which application threads were stopped: 0.0002765 seconds, Stopping threads took: 0.0000542 seconds
2017-04-24T18:41:10.437+0800: 10560.110: Total time for which application threads were stopped: 0.0002422 seconds, Stopping threads took: 0.0000471 seconds
2017-04-24T18:41:10.751+0800: 10560.424: Total time for which application threads were stopped: 0.0002710 seconds, Stopping threads took: 0.0000526 seconds
2017-04-24T18:41:10.751+0800: 10560.424: Total time for which application threads were stopped: 0.0001456 seconds, Stopping threads took: 0.0000263 seconds
2017-04-24T18:41:10.752+0800: 10560.424: Total time for which application threads were stopped: 0.0002268 seconds, Stopping threads took: 0.0000439 seconds
2017-04-24T18:41:10.752+0800: 10560.424: Total time for which application threads were stopped: 0.0001870 seconds, Stopping threads took: 0.0000388 seconds
2017-04-24T18:41:10.752+0800: 10560.425: Total time for which application threads were stopped: 0.0001863 seconds, Stopping threads took: 0.0000558 seconds
2017-04-24T18:41:10.762+0800: 10560.435: Total time for which application threads were stopped: 0.0002486 seconds, Stopping threads took: 0.0000497 seconds
2017-04-24T18:41:20.407+0800: 10570.080: Total time for which application threads were stopped: 0.0004542 seconds, Stopping threads took: 0.0000510 seconds
2017-04-24T18:41:20.435+0800: 10570.108: Total time for which application threads were stopped: 0.0001671 seconds, Stopping threads took: 0.0000346 seconds
2017-04-24T18:41:20.435+0800: 10570.108: Total time for which application threads were stopped: 0.0000824 seconds, Stopping threads took: 0.0000154 seconds
2017-04-24T18:41:20.752+0800: 10570.424: Total time for which application threads were stopped: 0.0002832 seconds, Stopping threads took: 0.0000532 seconds
2017-04-24T18:41:20.752+0800: 10570.425: Total time for which application threads were stopped: 0.0002470 seconds, Stopping threads took: 0.0000436 seconds
2017-04-24T18:41:20.752+0800: 10570.425: Total time for which application threads were stopped: 0.0001552 seconds, Stopping threads took: 0.0000324 seconds
2017-04-24T18:41:20.753+0800: 10570.425: Total time for which application threads were stopped: 0.0001434 seconds, Stopping threads took: 0.0000269 seconds
2017-04-24T18:41:20.753+0800: 10570.426: Total time for which application threads were stopped: 0.0001870 seconds, Stopping threads took: 0.0000382 seconds
2017-04-24T18:41:20.765+0800: 10570.438: Total time for which application threads were stopped: 0.0002762 seconds, Stopping threads took: 0.0000574 seconds
2017-04-24T18:41:30.437+0800: 10580.110: Total time for which application threads were stopped: 0.0002742 seconds, Stopping threads took: 0.0000552 seconds
2017-04-24T18:41:30.438+0800: 10580.111: Total time for which application threads were stopped: 0.0001466 seconds, Stopping threads took: 0.0000266 seconds
2017-04-24T18:41:30.786+0800: 10580.458: Total time for which application threads were stopped: 0.0002928 seconds, Stopping threads took: 0.0000625 seconds
2017-04-24T18:41:30.786+0800: 10580.459: Total time for which application threads were stopped: 0.0002242 seconds, Stopping threads took: 0.0000433 seconds
2017-04-24T18:41:30.786+0800: 10580.459: Total time for which application threads were stopped: 0.0001912 seconds, Stopping threads took: 0.0000613 seconds
2017-04-24T18:41:30.787+0800: 10580.459: Total time for which application threads were stopped: 0.0002008 seconds, Stopping threads took: 0.0000491 seconds
2017-04-24T18:41:30.787+0800: 10580.459: Total time for which application threads were stopped: 0.0001629 seconds, Stopping threads took: 0.0000388 seconds
2017-04-24T18:41:30.802+0800: 10580.475: Total time for which application threads were stopped: 0.0002832 seconds, Stopping threads took: 0.0000513 seconds
{Heap before GC invocations=102 (full 2):
 par new generation   total 109248K, used 92057K [0x00000000e0000000, 0x00000000e8000000, 0x00000000e8000000)
  eden space 87424K,  99% used [0x00000000e0000000, 0x00000000e554c2e8, 0x00000000e5560000)
  from space 21824K,  21% used [0x00000000e5560000, 0x00000000e59fa320, 0x00000000e6ab0000)
  to   space 21824K,   0% used [0x00000000e6ab0000, 0x00000000e6ab0000, 0x00000000e8000000)
 concurrent mark-sweep generation total 393216K, used 19315K [0x00000000e8000000, 0x0000000100000000, 0x0000000100000000)
 Metaspace       used 42720K, capacity 43480K, committed 43800K, reserved 1087488K
  class space    used 4603K, capacity 4830K, committed 4940K, reserved 1048576K
2017-04-24T18:41:40.431+0800: 10590.104: [GC (Allocation Failure) 2017-04-24T18:41:40.432+0800: 10590.104: [ParNew
Desired survivor size 20112992 bytes, new threshold 8 (max 8)
- age   1:    2972808 bytes,    2972808 total
- age   2:     694320 bytes,    3667128 total
- age   3:      71760 bytes,    3738888 total
- age   4:      12760 bytes,    3751648 total
- age   5:      11488 bytes,    3763136 total
- age   6:      11784 bytes,    3774920 total
- age   7:      11584 bytes,    3786504 total
- age   8:      12024 bytes,    3798528 total
: 92057K->4690K(109248K), 0.0103528 secs] 111372K->24017K(502464K), 0.0107339 secs] [Times: user=0.00 sys=0.00, real=0.01 secs] 
Heap after GC invocations=103 (full 2):
 par new generation   total 109248K, used 4690K [0x00000000e0000000, 0x00000000e8000000, 0x00000000e8000000)
  eden space 87424K,   0% used [0x00000000e0000000, 0x00000000e0000000, 0x00000000e5560000)
  from space 21824K,  21% used [0x00000000e6ab0000, 0x00000000e6f44850, 0x00000000e8000000)
  to   space 21824K,   0% used [0x00000000e5560000, 0x00000000e5560000, 0x00000000e6ab0000)
 concurrent mark-sweep generation total 393216K, used 19327K [0x00000000e8000000, 0x0000000100000000, 0x0000000100000000)
 Metaspace       used 42720K, capacity 43480K, committed 43800K, reserved 1087488K
  class space    used 4603K, capacity 4830K, committed 4940K, reserved 1048576K
}
2017-04-24T18:41:40.442+0800: 10590.115: Total time for which application threads were stopped: 0.0112166 seconds, Stopping threads took: 0.0000587 seconds
2017-04-24T18:41:40.443+0800: 10590.116: Total time for which application threads were stopped: 0.0002030 seconds, Stopping threads took: 0.0000529 seconds
2017-04-24T18:41:40.445+0800: 10590.118: Total time for which application threads were stopped: 0.0001283 seconds, Stopping threads took: 0.0000225 seconds
2017-04-24T18:41:40.446+0800: 10590.118: Total time for which application threads were stopped: 0.0001026 seconds, Stopping threads took: 0.0000208 seconds
2017-04-24T18:41:40.781+0800: 10590.454: Total time for which application threads were stopped: 0.0002707 seconds, Stopping threads took: 0.0000526 seconds
2017-04-24T18:41:40.781+0800: 10590.454: Total time for which application threads were stopped: 0.0001469 seconds, Stopping threads took: 0.0000263 seconds
2017-04-24T18:41:40.781+0800: 10590.454: Total time for which application threads were stopped: 0.0002232 seconds, Stopping threads took: 0.0000436 seconds
2017-04-24T18:41:40.782+0800: 10590.454: Total time for which application threads were stopped: 0.0001851 seconds, Stopping threads took: 0.0000372 seconds
2017-04-24T18:41:40.782+0800: 10590.455: Total time for which application threads were stopped: 0.0001584 seconds, Stopping threads took: 0.0000298 seconds
2017-04-24T18:41:50.434+0800: 10600.107: Total time for which application threads were stopped: 0.0001774 seconds, Stopping threads took: 0.0000375 seconds
2017-04-24T18:41:50.434+0800: 10600.107: Total time for which application threads were stopped: 0.0000808 seconds, Stopping threads took: 0.0000144 seconds
2017-04-24T18:41:50.695+0800: 10600.368: Total time for which application threads were stopped: 0.0001738 seconds, Stopping threads took: 0.0000513 seconds
2017-04-24T18:41:50.696+0800: 10600.369: Total time for which application threads were stopped: 0.0001305 seconds, Stopping threads took: 0.0000228 seconds
2017-04-24T18:41:50.696+0800: 10600.369: Total time for which application threads were stopped: 0.0000786 seconds, Stopping threads took: 0.0000144 seconds
2017-04-24T18:41:50.696+0800: 10600.369: Total time for which application threads were stopped: 0.0000718 seconds, Stopping threads took: 0.0000132 seconds
2017-04-24T18:41:50.696+0800: 10600.369: Total time for which application threads were stopped: 0.0000988 seconds, Stopping threads took: 0.0000132 seconds
2017-04-24T18:41:50.696+0800: 10600.369: Total time for which application threads were stopped: 0.0001046 seconds, Stopping threads took: 0.0000212 seconds
2017-04-24T18:41:50.703+0800: 10600.376: Total time for which application threads were stopped: 0.0001546 seconds, Stopping threads took: 0.0000295 seconds
2017-04-24T18:42:00.439+0800: 10610.112: Total time for which application threads were stopped: 0.0002669 seconds, Stopping threads took: 0.0000526 seconds
2017-04-24T18:42:00.440+0800: 10610.113: Total time for which application threads were stopped: 0.0002390 seconds, Stopping threads took: 0.0000468 seconds
2017-04-24T18:42:00.775+0800: 10610.447: Total time for which application threads were stopped: 0.0002864 seconds, Stopping threads took: 0.0000552 seconds
2017-04-24T18:42:00.775+0800: 10610.448: Total time for which application threads were stopped: 0.0002553 seconds, Stopping threads took: 0.0000497 seconds
2017-04-24T18:42:00.776+0800: 10610.448: Total time for which application threads were stopped: 0.0002287 seconds, Stopping threads took: 0.0000407 seconds
2017-04-24T18:42:00.776+0800: 10610.449: Total time for which application threads were stopped: 0.0002242 seconds, Stopping threads took: 0.0000420 seconds
2017-04-24T18:42:00.777+0800: 10610.449: Total time for which application threads were stopped: 0.0005125 seconds, Stopping threads took: 0.0000330 seconds
2017-04-24T18:42:00.785+0800: 10610.458: Total time for which application threads were stopped: 0.0002710 seconds, Stopping threads took: 0.0000590 seconds
2017-04-24T18:42:10.413+0800: 10620.086: Total time for which application threads were stopped: 0.0001074 seconds, Stopping threads took: 0.0000221 seconds
2017-04-24T18:42:10.414+0800: 10620.086: Total time for which application threads were stopped: 0.0000443 seconds, Stopping threads took: 0.0000083 seconds
2017-04-24T18:42:10.730+0800: 10620.403: Total time for which application threads were stopped: 0.0001052 seconds, Stopping threads took: 0.0000231 seconds
2017-04-24T18:42:10.730+0800: 10620.403: Total time for which application threads were stopped: 0.0000597 seconds, Stopping threads took: 0.0000109 seconds
2017-04-24T18:42:10.730+0800: 10620.403: Total time for which application threads were stopped: 0.0000507 seconds, Stopping threads took: 0.0000099 seconds
2017-04-24T18:42:10.733+0800: 10620.406: Total time for which application threads were stopped: 0.0001036 seconds, Stopping threads took: 0.0000202 seconds
2017-04-24T18:42:20.418+0800: 10630.091: Total time for which application threads were stopped: 0.0001277 seconds, Stopping threads took: 0.0000241 seconds
2017-04-24T18:42:20.419+0800: 10630.091: Total time for which application threads were stopped: 0.0000584 seconds, Stopping threads took: 0.0000096 seconds
2017-04-24T18:42:20.724+0800: 10630.397: Total time for which application threads were stopped: 0.0001694 seconds, Stopping threads took: 0.0000504 seconds
2017-04-24T18:42:20.724+0800: 10630.397: Total time for which application threads were stopped: 0.0001344 seconds, Stopping threads took: 0.0000305 seconds
2017-04-24T18:42:20.725+0800: 10630.398: Total time for which application threads were stopped: 0.0001228 seconds, Stopping threads took: 0.0000173 seconds
2017-04-24T18:42:20.725+0800: 10630.398: Total time for which application threads were stopped: 0.0001325 seconds, Stopping threads took: 0.0000119 seconds
2017-04-24T18:42:20.725+0800: 10630.398: Total time for which application threads were stopped: 0.0001876 seconds, Stopping threads took: 0.0001161 seconds
2017-04-24T18:42:20.726+0800: 10630.398: Total time for which application threads were stopped: 0.0000683 seconds, Stopping threads took: 0.0000125 seconds
2017-04-24T18:42:20.726+0800: 10630.398: Total time for which application threads were stopped: 0.0000686 seconds, Stopping threads took: 0.0000122 seconds
2017-04-24T18:42:20.731+0800: 10630.404: Total time for which application threads were stopped: 0.0002867 seconds, Stopping threads took: 0.0000237 seconds
2017-04-24T18:42:30.437+0800: 10640.109: Total time for which application threads were stopped: 0.0002736 seconds, Stopping threads took: 0.0000571 seconds
2017-04-24T18:42:30.438+0800: 10640.110: Total time for which application threads were stopped: 0.0001463 seconds, Stopping threads took: 0.0000247 seconds
2017-04-24T18:42:30.728+0800: 10640.401: Total time for which application threads were stopped: 0.0002880 seconds, Stopping threads took: 0.0000590 seconds
2017-04-24T18:42:30.728+0800: 10640.401: Total time for which application threads were stopped: 0.0002383 seconds, Stopping threads took: 0.0000449 seconds
2017-04-24T18:42:30.729+0800: 10640.401: Total time for which application threads were stopped: 0.0002527 seconds, Stopping threads took: 0.0000680 seconds
2017-04-24T18:42:30.730+0800: 10640.402: Total time for which application threads were stopped: 0.0002171 seconds, Stopping threads took: 0.0000414 seconds
2017-04-24T18:42:30.730+0800: 10640.403: Total time for which application threads were stopped: 0.0001706 seconds, Stopping threads took: 0.0000308 seconds
2017-04-24T18:42:30.730+0800: 10640.403: Total time for which application threads were stopped: 0.0002001 seconds, Stopping threads took: 0.0000378 seconds
2017-04-24T18:42:30.731+0800: 10640.403: Total time for which application threads were stopped: 0.0001540 seconds, Stopping threads took: 0.0000266 seconds
2017-04-24T18:42:30.731+0800: 10640.403: Total time for which application threads were stopped: 0.0001440 seconds, Stopping threads took: 0.0000247 seconds
2017-04-24T18:42:40.414+0800: 10650.087: Total time for which application threads were stopped: 0.0001408 seconds, Stopping threads took: 0.0000282 seconds
2017-04-24T18:42:40.414+0800: 10650.087: Total time for which application threads were stopped: 0.0000677 seconds, Stopping threads took: 0.0000135 seconds
2017-04-24T18:42:40.702+0800: 10650.374: Total time for which application threads were stopped: 0.0001097 seconds, Stopping threads took: 0.0000225 seconds
2017-04-24T18:42:40.702+0800: 10650.375: Total time for which application threads were stopped: 0.0001091 seconds, Stopping threads took: 0.0000340 seconds
2017-04-24T18:42:40.702+0800: 10650.375: Total time for which application threads were stopped: 0.0000776 seconds, Stopping threads took: 0.0000231 seconds
2017-04-24T18:42:40.702+0800: 10650.375: Total time for which application threads were stopped: 0.0000603 seconds, Stopping threads took: 0.0000093 seconds
2017-04-24T18:42:40.702+0800: 10650.375: Total time for which application threads were stopped: 0.0000484 seconds, Stopping threads took: 0.0000077 seconds
2017-04-24T18:42:40.703+0800: 10650.375: Total time for which application threads were stopped: 0.0000488 seconds, Stopping threads took: 0.0000071 seconds
2017-04-24T18:42:40.703+0800: 10650.375: Total time for which application threads were stopped: 0.0000411 seconds, Stopping threads took: 0.0000071 seconds
2017-04-24T18:42:40.703+0800: 10650.375: Total time for which application threads were stopped: 0.0000536 seconds, Stopping threads took: 0.0000103 seconds
2017-04-24T18:42:49.722+0800: 10659.395: Total time for which application threads were stopped: 0.0000892 seconds, Stopping threads took: 0.0000189 seconds
2017-04-24T18:42:49.723+0800: 10659.395: Total time for which application threads were stopped: 0.0001261 seconds, Stopping threads took: 0.0000071 seconds
2017-04-24T18:42:49.723+0800: 10659.395: Total time for which application threads were stopped: 0.0000362 seconds, Stopping threads took: 0.0000067 seconds
2017-04-24T18:42:50.435+0800: 10660.107: Total time for which application threads were stopped: 0.0002127 seconds, Stopping threads took: 0.0000395 seconds
2017-04-24T18:42:50.435+0800: 10660.108: Total time for which application threads were stopped: 0.0000940 seconds, Stopping threads took: 0.0000170 seconds
2017-04-24T18:42:50.757+0800: 10660.430: Total time for which application threads were stopped: 0.0002717 seconds, Stopping threads took: 0.0000606 seconds
2017-04-24T18:42:50.759+0800: 10660.431: Total time for which application threads were stopped: 0.0002636 seconds, Stopping threads took: 0.0000500 seconds
2017-04-24T18:42:50.759+0800: 10660.432: Total time for which application threads were stopped: 0.0002649 seconds, Stopping threads took: 0.0000911 seconds
2017-04-24T18:42:50.760+0800: 10660.432: Total time for which application threads were stopped: 0.0002053 seconds, Stopping threads took: 0.0000314 seconds
2017-04-24T18:42:50.760+0800: 10660.432: Total time for which application threads were stopped: 0.0002037 seconds, Stopping threads took: 0.0000417 seconds
2017-04-24T18:42:50.760+0800: 10660.433: Total time for which application threads were stopped: 0.0002085 seconds, Stopping threads took: 0.0000439 seconds
2017-04-24T18:43:00.782+0800: 10670.455: Total time for which application threads were stopped: 0.0002960 seconds, Stopping threads took: 0.0000606 seconds
2017-04-24T18:43:00.783+0800: 10670.455: Total time for which application threads were stopped: 0.0003509 seconds, Stopping threads took: 0.0000965 seconds
2017-04-24T18:43:00.784+0800: 10670.456: Total time for which application threads were stopped: 0.0002672 seconds, Stopping threads took: 0.0000279 seconds
2017-04-24T18:43:00.784+0800: 10670.457: Total time for which application threads were stopped: 0.0002168 seconds, Stopping threads took: 0.0000244 seconds
2017-04-24T18:43:00.784+0800: 10670.457: Total time for which application threads were stopped: 0.0001915 seconds, Stopping threads took: 0.0000215 seconds
2017-04-24T18:43:00.784+0800: 10670.457: Total time for which application threads were stopped: 0.0002050 seconds, Stopping threads took: 0.0000241 seconds
2017-04-24T18:43:00.785+0800: 10670.457: Total time for which application threads were stopped: 0.0002043 seconds, Stopping threads took: 0.0000244 seconds
2017-04-24T18:43:10.415+0800: 10680.088: Total time for which application threads were stopped: 0.0001068 seconds, Stopping threads took: 0.0000208 seconds
2017-04-24T18:43:10.415+0800: 10680.088: Total time for which application threads were stopped: 0.0000699 seconds, Stopping threads took: 0.0000112 seconds
2017-04-24T18:43:10.706+0800: 10680.379: Total time for which application threads were stopped: 0.0000962 seconds, Stopping threads took: 0.0000202 seconds
2017-04-24T18:43:10.707+0800: 10680.379: Total time for which application threads were stopped: 0.0000616 seconds, Stopping threads took: 0.0000138 seconds
2017-04-24T18:43:10.707+0800: 10680.379: Total time for which application threads were stopped: 0.0000507 seconds, Stopping threads took: 0.0000122 seconds
2017-04-24T18:43:10.707+0800: 10680.379: Total time for which application threads were stopped: 0.0000443 seconds, Stopping threads took: 0.0000083 seconds
2017-04-24T18:43:10.707+0800: 10680.379: Total time for which application threads were stopped: 0.0000478 seconds, Stopping threads took: 0.0000103 seconds
2017-04-24T18:43:10.707+0800: 10680.379: Total time for which application threads were stopped: 0.0000423 seconds, Stopping threads took: 0.0000087 seconds
2017-04-24T18:43:10.707+0800: 10680.379: Total time for which application threads were stopped: 0.0000385 seconds, Stopping threads took: 0.0000077 seconds
2017-04-24T18:43:10.707+0800: 10680.379: Total time for which application threads were stopped: 0.0001514 seconds, Stopping threads took: 0.0000083 seconds
2017-04-24T18:43:11.394+0800: 10681.066: Total time for which application threads were stopped: 0.0000872 seconds, Stopping threads took: 0.0000199 seconds
2017-04-24T18:43:11.394+0800: 10681.066: Total time for which application threads were stopped: 0.0000404 seconds, Stopping threads took: 0.0000071 seconds
2017-04-24T18:43:11.394+0800: 10681.066: Total time for which application threads were stopped: 0.0000350 seconds, Stopping threads took: 0.0000064 seconds
2017-04-24T18:43:11.394+0800: 10681.067: Total time for which application threads were stopped: 0.0000337 seconds, Stopping threads took: 0.0000061 seconds
2017-04-24T18:43:11.394+0800: 10681.067: Total time for which application threads were stopped: 0.0000327 seconds, Stopping threads took: 0.0000064 seconds
2017-04-24T18:43:11.395+0800: 10681.067: Total time for which application threads were stopped: 0.0000334 seconds, Stopping threads took: 0.0000061 seconds
2017-04-24T18:43:12.395+0800: 10682.067: Total time for which application threads were stopped: 0.0000882 seconds, Stopping threads took: 0.0000247 seconds
{Heap before GC invocations=103 (full 2):
 par new generation   total 109248K, used 92038K [0x00000000e0000000, 0x00000000e8000000, 0x00000000e8000000)
  eden space 87424K,  99% used [0x00000000e0000000, 0x00000000e554d1a8, 0x00000000e5560000)
  from space 21824K,  21% used [0x00000000e6ab0000, 0x00000000e6f44850, 0x00000000e8000000)
  to   space 21824K,   0% used [0x00000000e5560000, 0x00000000e5560000, 0x00000000e6ab0000)
 concurrent mark-sweep generation total 393216K, used 19327K [0x00000000e8000000, 0x0000000100000000, 0x0000000100000000)
 Metaspace       used 42723K, capacity 43480K, committed 43800K, reserved 1087488K
  class space    used 4603K, capacity 4830K, committed 4940K, reserved 1048576K
2017-04-24T18:43:20.432+0800: 10690.104: [GC (Allocation Failure) 2017-04-24T18:43:20.432+0800: 10690.104: [ParNew
Desired survivor size 20112992 bytes, new threshold 8 (max 8)
- age   1:    2942872 bytes,    2942872 total
- age   2:     695560 bytes,    3638432 total
- age   3:      68296 bytes,    3706728 total
- age   4:      15400 bytes,    3722128 total
- age   5:      12032 bytes,    3734160 total
- age   6:      11488 bytes,    3745648 total
- age   7:      11784 bytes,    3757432 total
- age   8:      11584 bytes,    3769016 total
: 92038K->5345K(109248K), 0.0065716 secs] 111365K->24684K(502464K), 0.0066592 secs] [Times: user=0.00 sys=0.00, real=0.01 secs] 
Heap after GC invocations=104 (full 2):
 par new generation   total 109248K, used 5345K [0x00000000e0000000, 0x00000000e8000000, 0x00000000e8000000)
  eden space 87424K,   0% used [0x00000000e0000000, 0x00000000e0000000, 0x00000000e5560000)
  from space 21824K,  24% used [0x00000000e5560000, 0x00000000e5a98710, 0x00000000e6ab0000)
  to   space 21824K,   0% used [0x00000000e6ab0000, 0x00000000e6ab0000, 0x00000000e8000000)
 concurrent mark-sweep generation total 393216K, used 19338K [0x00000000e8000000, 0x0000000100000000, 0x0000000100000000)
 Metaspace       used 42723K, capacity 43480K, committed 43800K, reserved 1087488K
  class space    used 4603K, capacity 4830K, committed 4940K, reserved 1048576K
}
2017-04-24T18:43:20.439+0800: 10690.111: Total time for which application threads were stopped: 0.0070341 seconds, Stopping threads took: 0.0000334 seconds
2017-04-24T18:43:20.439+0800: 10690.111: Total time for which application threads were stopped: 0.0001873 seconds, Stopping threads took: 0.0000526 seconds
2017-04-24T18:43:20.439+0800: 10690.112: Total time for which application threads were stopped: 0.0001498 seconds, Stopping threads took: 0.0000507 seconds
2017-04-24T18:43:20.439+0800: 10690.112: Total time for which application threads were stopped: 0.0001902 seconds, Stopping threads took: 0.0001123 seconds
2017-04-24T18:43:20.440+0800: 10690.112: Total time for which application threads were stopped: 0.0001206 seconds, Stopping threads took: 0.0000433 seconds
2017-04-24T18:43:20.440+0800: 10690.112: Total time for which application threads were stopped: 0.0000949 seconds, Stopping threads took: 0.0000266 seconds
2017-04-24T18:43:20.440+0800: 10690.113: Total time for which application threads were stopped: 0.0001071 seconds, Stopping threads took: 0.0000334 seconds
2017-04-24T18:43:20.440+0800: 10690.113: Total time for which application threads were stopped: 0.0001357 seconds, Stopping threads took: 0.0000356 seconds
2017-04-24T18:43:20.441+0800: 10690.113: Total time for which application threads were stopped: 0.0001091 seconds, Stopping threads took: 0.0000215 seconds
2017-04-24T18:43:20.441+0800: 10690.113: Total time for which application threads were stopped: 0.0000921 seconds, Stopping threads took: 0.0000208 seconds
2017-04-24T18:43:20.441+0800: 10690.113: Total time for which application threads were stopped: 0.0000904 seconds, Stopping threads took: 0.0000269 seconds
2017-04-24T18:43:20.441+0800: 10690.114: Total time for which application threads were stopped: 0.0000981 seconds, Stopping threads took: 0.0000346 seconds
2017-04-24T18:43:20.441+0800: 10690.114: Total time for which application threads were stopped: 0.0001257 seconds, Stopping threads took: 0.0000593 seconds
2017-04-24T18:43:20.442+0800: 10690.114: Total time for which application threads were stopped: 0.0000953 seconds, Stopping threads took: 0.0000279 seconds
2017-04-24T18:43:20.442+0800: 10690.114: Total time for which application threads were stopped: 0.0001145 seconds, Stopping threads took: 0.0000321 seconds
2017-04-24T18:43:20.442+0800: 10690.115: Total time for which application threads were stopped: 0.0000965 seconds, Stopping threads took: 0.0000266 seconds
2017-04-24T18:43:20.442+0800: 10690.115: Total time for which application threads were stopped: 0.0000998 seconds, Stopping threads took: 0.0000346 seconds
2017-04-24T18:43:20.443+0800: 10690.115: Total time for which application threads were stopped: 0.0001007 seconds, Stopping threads took: 0.0000340 seconds
2017-04-24T18:43:20.443+0800: 10690.115: Total time for which application threads were stopped: 0.0001087 seconds, Stopping threads took: 0.0000449 seconds
2017-04-24T18:43:20.443+0800: 10690.115: Total time for which application threads were stopped: 0.0001020 seconds, Stopping threads took: 0.0000311 seconds
2017-04-24T18:43:20.443+0800: 10690.115: Total time for which application threads were stopped: 0.0000988 seconds, Stopping threads took: 0.0000292 seconds
2017-04-24T18:43:20.443+0800: 10690.116: Total time for which application threads were stopped: 0.0001119 seconds, Stopping threads took: 0.0000346 seconds
2017-04-24T18:43:20.443+0800: 10690.116: Total time for which application threads were stopped: 0.0001065 seconds, Stopping threads took: 0.0000356 seconds
2017-04-24T18:43:20.444+0800: 10690.117: Total time for which application threads were stopped: 0.0000770 seconds, Stopping threads took: 0.0000141 seconds
2017-04-24T18:43:20.795+0800: 10690.468: Total time for which application threads were stopped: 0.0002842 seconds, Stopping threads took: 0.0000645 seconds
2017-04-24T18:43:20.796+0800: 10690.468: Total time for which application threads were stopped: 0.0002059 seconds, Stopping threads took: 0.0000532 seconds
2017-04-24T18:43:20.796+0800: 10690.468: Total time for which application threads were stopped: 0.0002252 seconds, Stopping threads took: 0.0000821 seconds
2017-04-24T18:43:20.797+0800: 10690.469: Total time for which application threads were stopped: 0.0002271 seconds, Stopping threads took: 0.0000414 seconds
2017-04-24T18:43:30.427+0800: 10700.100: Total time for which application threads were stopped: 0.0001177 seconds, Stopping threads took: 0.0000260 seconds
2017-04-24T18:43:30.427+0800: 10700.100: Total time for which application threads were stopped: 0.0000725 seconds, Stopping threads took: 0.0000144 seconds
2017-04-24T18:43:30.709+0800: 10700.382: Total time for which application threads were stopped: 0.0000972 seconds, Stopping threads took: 0.0000202 seconds
2017-04-24T18:43:30.709+0800: 10700.382: Total time for which application threads were stopped: 0.0000658 seconds, Stopping threads took: 0.0000250 seconds
2017-04-24T18:43:30.709+0800: 10700.382: Total time for which application threads were stopped: 0.0000504 seconds, Stopping threads took: 0.0000154 seconds
2017-04-24T18:43:30.710+0800: 10700.382: Total time for which application threads were stopped: 0.0001684 seconds, Stopping threads took: 0.0000112 seconds
2017-04-24T18:43:30.710+0800: 10700.382: Total time for which application threads were stopped: 0.0000382 seconds, Stopping threads took: 0.0000071 seconds
2017-04-24T18:43:30.710+0800: 10700.382: Total time for which application threads were stopped: 0.0000343 seconds, Stopping threads took: 0.0000064 seconds
2017-04-24T18:43:30.710+0800: 10700.382: Total time for which application threads were stopped: 0.0000343 seconds, Stopping threads took: 0.0000064 seconds
2017-04-24T18:43:30.710+0800: 10700.382: Total time for which application threads were stopped: 0.0000334 seconds, Stopping threads took: 0.0000064 seconds
2017-04-24T18:43:40.746+0800: 10710.419: Total time for which application threads were stopped: 0.0002813 seconds, Stopping threads took: 0.0000645 seconds
2017-04-24T18:43:40.747+0800: 10710.419: Total time for which application threads were stopped: 0.0001851 seconds, Stopping threads took: 0.0000366 seconds
2017-04-24T18:43:40.748+0800: 10710.420: Total time for which application threads were stopped: 0.0002903 seconds, Stopping threads took: 0.0000337 seconds
2017-04-24T18:43:40.748+0800: 10710.421: Total time for which application threads were stopped: 0.0003336 seconds, Stopping threads took: 0.0000462 seconds
2017-04-24T18:43:40.748+0800: 10710.421: Total time for which application threads were stopped: 0.0002489 seconds, Stopping threads took: 0.0000513 seconds
2017-04-24T18:43:40.749+0800: 10710.421: Total time for which application threads were stopped: 0.0002556 seconds, Stopping threads took: 0.0000324 seconds
2017-04-24T18:43:50.425+0800: 10720.098: Total time for which application threads were stopped: 0.0001873 seconds, Stopping threads took: 0.0000366 seconds
2017-04-24T18:43:50.426+0800: 10720.098: Total time for which application threads were stopped: 0.0001087 seconds, Stopping threads took: 0.0000192 seconds
2017-04-24T18:43:50.764+0800: 10720.437: Total time for which application threads were stopped: 0.0002075 seconds, Stopping threads took: 0.0000427 seconds
2017-04-24T18:43:50.765+0800: 10720.437: Total time for which application threads were stopped: 0.0001132 seconds, Stopping threads took: 0.0000215 seconds
2017-04-24T18:43:50.765+0800: 10720.437: Total time for which application threads were stopped: 0.0001514 seconds, Stopping threads took: 0.0000603 seconds
2017-04-24T18:43:50.765+0800: 10720.438: Total time for which application threads were stopped: 0.0001633 seconds, Stopping threads took: 0.0000292 seconds
2017-04-24T18:43:50.766+0800: 10720.438: Total time for which application threads were stopped: 0.0001119 seconds, Stopping threads took: 0.0000180 seconds
2017-04-24T18:43:50.766+0800: 10720.438: Total time for which application threads were stopped: 0.0001023 seconds, Stopping threads took: 0.0000176 seconds
2017-04-24T18:43:50.766+0800: 10720.438: Total time for which application threads were stopped: 0.0001014 seconds, Stopping threads took: 0.0000176 seconds
2017-04-24T18:43:50.766+0800: 10720.438: Total time for which application threads were stopped: 0.0000998 seconds, Stopping threads took: 0.0000173 seconds
2017-04-24T18:44:00.437+0800: 10730.110: Total time for which application threads were stopped: 0.0002765 seconds, Stopping threads took: 0.0000571 seconds
2017-04-24T18:44:00.438+0800: 10730.111: Total time for which application threads were stopped: 0.0002431 seconds, Stopping threads took: 0.0000494 seconds
2017-04-24T18:44:00.783+0800: 10730.456: Total time for which application threads were stopped: 0.0001694 seconds, Stopping threads took: 0.0000337 seconds
2017-04-24T18:44:00.784+0800: 10730.456: Total time for which application threads were stopped: 0.0001450 seconds, Stopping threads took: 0.0000269 seconds
2017-04-24T18:44:00.784+0800: 10730.457: Total time for which application threads were stopped: 0.0001039 seconds, Stopping threads took: 0.0000202 seconds
2017-04-24T18:44:00.784+0800: 10730.457: Total time for which application threads were stopped: 0.0000863 seconds, Stopping threads took: 0.0000154 seconds
2017-04-24T18:44:00.784+0800: 10730.457: Total time for which application threads were stopped: 0.0000949 seconds, Stopping threads took: 0.0000151 seconds
2017-04-24T18:44:00.784+0800: 10730.457: Total time for which application threads were stopped: 0.0000837 seconds, Stopping threads took: 0.0000154 seconds
2017-04-24T18:44:00.792+0800: 10730.464: Total time for which application threads were stopped: 0.0001803 seconds, Stopping threads took: 0.0000356 seconds
2017-04-24T18:44:10.438+0800: 10740.111: Total time for which application threads were stopped: 0.0002794 seconds, Stopping threads took: 0.0000552 seconds
2017-04-24T18:44:10.439+0800: 10740.112: Total time for which application threads were stopped: 0.0002566 seconds, Stopping threads took: 0.0000584 seconds
2017-04-24T18:44:10.724+0800: 10740.397: Total time for which application threads were stopped: 0.0001129 seconds, Stopping threads took: 0.0000228 seconds
2017-04-24T18:44:10.724+0800: 10740.397: Total time for which application threads were stopped: 0.0000584 seconds, Stopping threads took: 0.0000132 seconds
2017-04-24T18:44:10.724+0800: 10740.397: Total time for which application threads were stopped: 0.0000488 seconds, Stopping threads took: 0.0000119 seconds
2017-04-24T18:44:10.724+0800: 10740.397: Total time for which application threads were stopped: 0.0000382 seconds, Stopping threads took: 0.0000080 seconds
2017-04-24T18:44:10.725+0800: 10740.397: Total time for which application threads were stopped: 0.0000439 seconds, Stopping threads took: 0.0000109 seconds
2017-04-24T18:44:10.728+0800: 10740.400: Total time for which application threads were stopped: 0.0001107 seconds, Stopping threads took: 0.0000237 seconds
2017-04-24T18:44:20.434+0800: 10750.107: Total time for which application threads were stopped: 0.0001649 seconds, Stopping threads took: 0.0000321 seconds
2017-04-24T18:44:20.435+0800: 10750.107: Total time for which application threads were stopped: 0.0000892 seconds, Stopping threads took: 0.0000157 seconds
2017-04-24T18:44:20.879+0800: 10750.552: Total time for which application threads were stopped: 0.0003608 seconds, Stopping threads took: 0.0000844 seconds
2017-04-24T18:44:20.879+0800: 10750.552: Total time for which application threads were stopped: 0.0003156 seconds, Stopping threads took: 0.0000382 seconds
2017-04-24T18:44:20.880+0800: 10750.552: Total time for which application threads were stopped: 0.0002146 seconds, Stopping threads took: 0.0000404 seconds
2017-04-24T18:44:20.880+0800: 10750.553: Total time for which application threads were stopped: 0.0001687 seconds, Stopping threads took: 0.0000266 seconds
2017-04-24T18:44:20.880+0800: 10750.553: Total time for which application threads were stopped: 0.0004885 seconds, Stopping threads took: 0.0000279 seconds
2017-04-24T18:44:20.892+0800: 10750.565: Total time for which application threads were stopped: 0.0002755 seconds, Stopping threads took: 0.0000545 seconds
2017-04-24T18:44:30.436+0800: 10760.109: Total time for which application threads were stopped: 0.0002768 seconds, Stopping threads took: 0.0000571 seconds
2017-04-24T18:44:30.437+0800: 10760.110: Total time for which application threads were stopped: 0.0001915 seconds, Stopping threads took: 0.0000305 seconds
2017-04-24T18:44:30.798+0800: 10760.470: Total time for which application threads were stopped: 0.0003134 seconds, Stopping threads took: 0.0000632 seconds
2017-04-24T18:44:30.798+0800: 10760.471: Total time for which application threads were stopped: 0.0002864 seconds, Stopping threads took: 0.0000606 seconds
2017-04-24T18:44:30.799+0800: 10760.471: Total time for which application threads were stopped: 0.0001940 seconds, Stopping threads took: 0.0000308 seconds
2017-04-24T18:44:30.814+0800: 10760.486: Total time for which application threads were stopped: 0.0002768 seconds, Stopping threads took: 0.0000500 seconds
2017-04-24T18:44:36.544+0800: 10766.217: Total time for which application threads were stopped: 0.0001748 seconds, Stopping threads took: 0.0000221 seconds
2017-04-24T18:44:36.545+0800: 10766.217: Total time for which application threads were stopped: 0.0000850 seconds, Stopping threads took: 0.0000257 seconds
2017-04-24T18:44:36.545+0800: 10766.217: Total time for which application threads were stopped: 0.0000545 seconds, Stopping threads took: 0.0000106 seconds
2017-04-24T18:44:36.545+0800: 10766.218: Total time for which application threads were stopped: 0.0000690 seconds, Stopping threads took: 0.0000192 seconds
2017-04-24T18:44:36.545+0800: 10766.218: Total time for which application threads were stopped: 0.0000699 seconds, Stopping threads took: 0.0000132 seconds
2017-04-24T18:44:36.546+0800: 10766.218: Total time for which application threads were stopped: 0.0000494 seconds, Stopping threads took: 0.0000099 seconds
2017-04-24T18:44:36.546+0800: 10766.218: Total time for which application threads were stopped: 0.0000526 seconds, Stopping threads took: 0.0000125 seconds
2017-04-24T18:44:40.781+0800: 10770.454: Total time for which application threads were stopped: 0.0002646 seconds, Stopping threads took: 0.0000577 seconds
2017-04-24T18:44:40.782+0800: 10770.454: Total time for which application threads were stopped: 0.0002845 seconds, Stopping threads took: 0.0000741 seconds
2017-04-24T18:44:40.783+0800: 10770.455: Total time for which application threads were stopped: 0.0002976 seconds, Stopping threads took: 0.0000378 seconds
2017-04-24T18:44:40.783+0800: 10770.456: Total time for which application threads were stopped: 0.0002694 seconds, Stopping threads took: 0.0000366 seconds
2017-04-24T18:44:40.784+0800: 10770.456: Total time for which application threads were stopped: 0.0002232 seconds, Stopping threads took: 0.0000260 seconds
2017-04-24T18:44:40.784+0800: 10770.456: Total time for which application threads were stopped: 0.0002088 seconds, Stopping threads took: 0.0000253 seconds
2017-04-24T18:44:40.784+0800: 10770.457: Total time for which application threads were stopped: 0.0002082 seconds, Stopping threads took: 0.0000266 seconds
2017-04-24T18:44:40.797+0800: 10770.470: Total time for which application threads were stopped: 0.0002826 seconds, Stopping threads took: 0.0000510 seconds
2017-04-24T18:44:50.438+0800: 10780.110: Total time for which application threads were stopped: 0.0002762 seconds, Stopping threads took: 0.0000526 seconds
2017-04-24T18:44:50.439+0800: 10780.111: Total time for which application threads were stopped: 0.0001742 seconds, Stopping threads took: 0.0000308 seconds
2017-04-24T18:44:50.790+0800: 10780.463: Total time for which application threads were stopped: 0.0002428 seconds, Stopping threads took: 0.0000542 seconds
2017-04-24T18:44:50.791+0800: 10780.464: Total time for which application threads were stopped: 0.0002576 seconds, Stopping threads took: 0.0000914 seconds
2017-04-24T18:44:50.792+0800: 10780.465: Total time for which application threads were stopped: 0.0002017 seconds, Stopping threads took: 0.0000353 seconds
2017-04-24T18:44:50.792+0800: 10780.465: Total time for which application threads were stopped: 0.0001976 seconds, Stopping threads took: 0.0000401 seconds
2017-04-24T18:44:50.792+0800: 10780.465: Total time for which application threads were stopped: 0.0001767 seconds, Stopping threads took: 0.0000334 seconds
2017-04-24T18:44:50.793+0800: 10780.465: Total time for which application threads were stopped: 0.0001456 seconds, Stopping threads took: 0.0000269 seconds
2017-04-24T18:44:50.793+0800: 10780.466: Total time for which application threads were stopped: 0.0001690 seconds, Stopping threads took: 0.0000305 seconds
{Heap before GC invocations=104 (full 2):
 par new generation   total 109248K, used 92745K [0x00000000e0000000, 0x00000000e8000000, 0x00000000e8000000)
  eden space 87424K,  99% used [0x00000000e0000000, 0x00000000e5559f30, 0x00000000e5560000)
  from space 21824K,  24% used [0x00000000e5560000, 0x00000000e5a98710, 0x00000000e6ab0000)
  to   space 21824K,   0% used [0x00000000e6ab0000, 0x00000000e6ab0000, 0x00000000e8000000)
 concurrent mark-sweep generation total 393216K, used 19338K [0x00000000e8000000, 0x0000000100000000, 0x0000000100000000)
 Metaspace       used 42729K, capacity 43480K, committed 43800K, reserved 1087488K
  class space    used 4603K, capacity 4830K, committed 4940K, reserved 1048576K
2017-04-24T18:45:00.433+0800: 10790.106: [GC (Allocation Failure) 2017-04-24T18:45:00.433+0800: 10790.106: [ParNew
Desired survivor size 20112992 bytes, new threshold 8 (max 8)
- age   1:    2872984 bytes,    2872984 total
- age   2:     695512 bytes,    3568496 total
- age   3:      69912 bytes,    3638408 total
- age   4:      12680 bytes,    3651088 total
- age   5:      14512 bytes,    3665600 total
- age   6:      12032 bytes,    3677632 total
- age   7:      11488 bytes,    3689120 total
- age   8:      11784 bytes,    3700904 total
: 92745K->4670K(109248K), 0.0117218 secs] 112084K->24020K(502464K), 0.0119107 secs] [Times: user=0.06 sys=0.00, real=0.01 secs] 
Heap after GC invocations=105 (full 2):
 par new generation   total 109248K, used 4670K [0x00000000e0000000, 0x00000000e8000000, 0x00000000e8000000)
  eden space 87424K,   0% used [0x00000000e0000000, 0x00000000e0000000, 0x00000000e5560000)
  from space 21824K,  21% used [0x00000000e6ab0000, 0x00000000e6f3f9e0, 0x00000000e8000000)
  to   space 21824K,   0% used [0x00000000e5560000, 0x00000000e5560000, 0x00000000e6ab0000)
 concurrent mark-sweep generation total 393216K, used 19350K [0x00000000e8000000, 0x0000000100000000, 0x0000000100000000)
 Metaspace       used 42729K, capacity 43480K, committed 43800K, reserved 1087488K
  class space    used 4603K, capacity 4830K, committed 4940K, reserved 1048576K
}
2017-04-24T18:45:00.445+0800: 10790.118: Total time for which application threads were stopped: 0.0124726 seconds, Stopping threads took: 0.0000523 seconds
2017-04-24T18:45:00.445+0800: 10790.118: Total time for which application threads were stopped: 0.0003490 seconds, Stopping threads took: 0.0001309 seconds
2017-04-24T18:45:00.446+0800: 10790.119: Total time for which application threads were stopped: 0.0003050 seconds, Stopping threads took: 0.0001645 seconds
2017-04-24T18:45:00.447+0800: 10790.120: Total time for which application threads were stopped: 0.0002104 seconds, Stopping threads took: 0.0000706 seconds
2017-04-24T18:45:00.447+0800: 10790.120: Total time for which application threads were stopped: 0.0002450 seconds, Stopping threads took: 0.0000593 seconds
2017-04-24T18:45:00.447+0800: 10790.120: Total time for which application threads were stopped: 0.0001918 seconds, Stopping threads took: 0.0000661 seconds
2017-04-24T18:45:00.448+0800: 10790.121: Total time for which application threads were stopped: 0.0001520 seconds, Stopping threads took: 0.0000292 seconds
2017-04-24T18:45:00.448+0800: 10790.121: Total time for which application threads were stopped: 0.0002274 seconds, Stopping threads took: 0.0001036 seconds
2017-04-24T18:45:00.449+0800: 10790.121: Total time for which application threads were stopped: 0.0001738 seconds, Stopping threads took: 0.0000561 seconds
2017-04-24T18:45:00.449+0800: 10790.122: Total time for which application threads were stopped: 0.0001594 seconds, Stopping threads took: 0.0000443 seconds
2017-04-24T18:45:00.449+0800: 10790.122: Total time for which application threads were stopped: 0.0001607 seconds, Stopping threads took: 0.0000433 seconds
2017-04-24T18:45:00.450+0800: 10790.122: Total time for which application threads were stopped: 0.0001665 seconds, Stopping threads took: 0.0000452 seconds
2017-04-24T18:45:00.450+0800: 10790.123: Total time for which application threads were stopped: 0.0001584 seconds, Stopping threads took: 0.0000459 seconds
2017-04-24T18:45:00.450+0800: 10790.123: Total time for which application threads were stopped: 0.0001167 seconds, Stopping threads took: 0.0000581 seconds
2017-04-24T18:45:00.450+0800: 10790.123: Total time for which application threads were stopped: 0.0000824 seconds, Stopping threads took: 0.0000279 seconds
2017-04-24T18:45:00.450+0800: 10790.123: Total time for which application threads were stopped: 0.0000831 seconds, Stopping threads took: 0.0000285 seconds
2017-04-24T18:45:00.451+0800: 10790.123: Total time for which application threads were stopped: 0.0000840 seconds, Stopping threads took: 0.0000266 seconds
2017-04-24T18:45:00.451+0800: 10790.124: Total time for which application threads were stopped: 0.0000824 seconds, Stopping threads took: 0.0000273 seconds
2017-04-24T18:45:00.451+0800: 10790.124: Total time for which application threads were stopped: 0.0001014 seconds, Stopping threads took: 0.0000266 seconds
2017-04-24T18:45:00.451+0800: 10790.124: Total time for which application threads were stopped: 0.0000943 seconds, Stopping threads took: 0.0000279 seconds
2017-04-24T18:45:00.452+0800: 10790.124: Total time for which application threads were stopped: 0.0003005 seconds, Stopping threads took: 0.0000398 seconds
2017-04-24T18:45:00.452+0800: 10790.125: Total time for which application threads were stopped: 0.0002313 seconds, Stopping threads took: 0.0000276 seconds
2017-04-24T18:45:00.452+0800: 10790.125: Total time for which application threads were stopped: 0.0001046 seconds, Stopping threads took: 0.0000301 seconds
2017-04-24T18:45:00.453+0800: 10790.125: Total time for which application threads were stopped: 0.0002088 seconds, Stopping threads took: 0.0000154 seconds
2017-04-24T18:45:00.453+0800: 10790.126: Total time for which application threads were stopped: 0.0000677 seconds, Stopping threads took: 0.0000122 seconds
2017-04-24T18:45:00.773+0800: 10790.446: Total time for which application threads were stopped: 0.0002553 seconds, Stopping threads took: 0.0000568 seconds
2017-04-24T18:45:00.774+0800: 10790.446: Total time for which application threads were stopped: 0.0000978 seconds, Stopping threads took: 0.0000257 seconds
2017-04-24T18:45:00.774+0800: 10790.446: Total time for which application threads were stopped: 0.0000677 seconds, Stopping threads took: 0.0000199 seconds
2017-04-24T18:45:00.774+0800: 10790.447: Total time for which application threads were stopped: 0.0000584 seconds, Stopping threads took: 0.0000119 seconds
2017-04-24T18:45:00.774+0800: 10790.447: Total time for which application threads were stopped: 0.0000523 seconds, Stopping threads took: 0.0000112 seconds
2017-04-24T18:45:00.774+0800: 10790.447: Total time for which application threads were stopped: 0.0000455 seconds, Stopping threads took: 0.0000093 seconds
2017-04-24T18:45:00.774+0800: 10790.447: Total time for which application threads were stopped: 0.0000439 seconds, Stopping threads took: 0.0000090 seconds
2017-04-24T18:45:00.774+0800: 10790.447: Total time for which application threads were stopped: 0.0000411 seconds, Stopping threads took: 0.0000080 seconds
2017-04-24T18:45:00.780+0800: 10790.452: Total time for which application threads were stopped: 0.0001533 seconds, Stopping threads took: 0.0000228 seconds
2017-04-24T18:45:10.437+0800: 10800.109: Total time for which application threads were stopped: 0.0002665 seconds, Stopping threads took: 0.0000529 seconds
2017-04-24T18:45:10.438+0800: 10800.110: Total time for which application threads were stopped: 0.0001507 seconds, Stopping threads took: 0.0000266 seconds
2017-04-24T18:45:10.770+0800: 10800.442: Total time for which application threads were stopped: 0.0002954 seconds, Stopping threads took: 0.0000616 seconds
2017-04-24T18:45:10.770+0800: 10800.443: Total time for which application threads were stopped: 0.0001998 seconds, Stopping threads took: 0.0000548 seconds
2017-04-24T18:45:10.771+0800: 10800.444: Total time for which application threads were stopped: 0.0001687 seconds, Stopping threads took: 0.0000308 seconds
2017-04-24T18:45:10.771+0800: 10800.444: Total time for which application threads were stopped: 0.0002210 seconds, Stopping threads took: 0.0000443 seconds
2017-04-24T18:45:10.772+0800: 10800.444: Total time for which application threads were stopped: 0.0001479 seconds, Stopping threads took: 0.0000260 seconds
2017-04-24T18:45:10.772+0800: 10800.444: Total time for which application threads were stopped: 0.0001870 seconds, Stopping threads took: 0.0000382 seconds
2017-04-24T18:45:10.772+0800: 10800.445: Total time for which application threads were stopped: 0.0001924 seconds, Stopping threads took: 0.0000382 seconds
2017-04-24T18:45:10.783+0800: 10800.455: Total time for which application threads were stopped: 0.0002787 seconds, Stopping threads took: 0.0000526 seconds
2017-04-24T18:45:19.858+0800: 10809.530: Total time for which application threads were stopped: 0.0000901 seconds, Stopping threads took: 0.0000221 seconds
2017-04-24T18:45:19.858+0800: 10809.530: Total time for which application threads were stopped: 0.0000494 seconds, Stopping threads took: 0.0000157 seconds
2017-04-24T18:45:19.858+0800: 10809.530: Total time for which application threads were stopped: 0.0000414 seconds, Stopping threads took: 0.0000132 seconds
2017-04-24T18:45:19.858+0800: 10809.530: Total time for which application threads were stopped: 0.0000446 seconds, Stopping threads took: 0.0000122 seconds
2017-04-24T18:45:19.858+0800: 10809.531: Total time for which application threads were stopped: 0.0000481 seconds, Stopping threads took: 0.0000103 seconds
2017-04-24T18:45:19.858+0800: 10809.531: Total time for which application threads were stopped: 0.0000471 seconds, Stopping threads took: 0.0000167 seconds
2017-04-24T18:45:20.787+0800: 10810.459: Total time for which application threads were stopped: 0.0002630 seconds, Stopping threads took: 0.0000593 seconds
2017-04-24T18:45:20.787+0800: 10810.460: Total time for which application threads were stopped: 0.0002486 seconds, Stopping threads took: 0.0001113 seconds
2017-04-24T18:45:20.789+0800: 10810.461: Total time for which application threads were stopped: 0.0003191 seconds, Stopping threads took: 0.0000395 seconds
2017-04-24T18:45:20.789+0800: 10810.462: Total time for which application threads were stopped: 0.0003172 seconds, Stopping threads took: 0.0000427 seconds
2017-04-24T18:45:20.790+0800: 10810.462: Total time for which application threads were stopped: 0.0002739 seconds, Stopping threads took: 0.0000398 seconds
2017-04-24T18:45:20.790+0800: 10810.462: Total time for which application threads were stopped: 0.0002486 seconds, Stopping threads took: 0.0000330 seconds
2017-04-24T18:45:20.790+0800: 10810.463: Total time for which application threads were stopped: 0.0002136 seconds, Stopping threads took: 0.0000257 seconds
2017-04-24T18:45:20.800+0800: 10810.473: Total time for which application threads were stopped: 0.0002585 seconds, Stopping threads took: 0.0000510 seconds
2017-04-24T18:45:30.414+0800: 10820.086: Total time for which application threads were stopped: 0.0001084 seconds, Stopping threads took: 0.0000215 seconds
2017-04-24T18:45:30.414+0800: 10820.086: Total time for which application threads were stopped: 0.0000443 seconds, Stopping threads took: 0.0000077 seconds
2017-04-24T18:45:30.747+0800: 10820.419: Total time for which application threads were stopped: 0.0001447 seconds, Stopping threads took: 0.0000269 seconds
2017-04-24T18:45:30.747+0800: 10820.419: Total time for which application threads were stopped: 0.0000751 seconds, Stopping threads took: 0.0000154 seconds
2017-04-24T18:45:30.747+0800: 10820.419: Total time for which application threads were stopped: 0.0000510 seconds, Stopping threads took: 0.0000106 seconds
2017-04-24T18:45:30.747+0800: 10820.419: Total time for which application threads were stopped: 0.0000847 seconds, Stopping threads took: 0.0000112 seconds
2017-04-24T18:45:30.747+0800: 10820.419: Total time for which application threads were stopped: 0.0001671 seconds, Stopping threads took: 0.0000099 seconds
2017-04-24T18:45:30.760+0800: 10820.433: Total time for which application threads were stopped: 0.0001277 seconds, Stopping threads took: 0.0000212 seconds
2017-04-24T18:45:40.783+0800: 10830.456: Total time for which application threads were stopped: 0.0003272 seconds, Stopping threads took: 0.0001039 seconds
2017-04-24T18:45:40.784+0800: 10830.456: Total time for which application threads were stopped: 0.0002871 seconds, Stopping threads took: 0.0000565 seconds
2017-04-24T18:45:40.785+0800: 10830.457: Total time for which application threads were stopped: 0.0002858 seconds, Stopping threads took: 0.0000308 seconds
2017-04-24T18:45:40.798+0800: 10830.470: Total time for which application threads were stopped: 0.0002704 seconds, Stopping threads took: 0.0000548 seconds
2017-04-24T18:45:50.418+0800: 10840.091: Total time for which application threads were stopped: 0.0000988 seconds, Stopping threads took: 0.0000221 seconds
2017-04-24T18:45:50.418+0800: 10840.091: Total time for which application threads were stopped: 0.0000395 seconds, Stopping threads took: 0.0000071 seconds
2017-04-24T18:45:50.726+0800: 10840.398: Total time for which application threads were stopped: 0.0002402 seconds, Stopping threads took: 0.0000449 seconds
2017-04-24T18:45:50.726+0800: 10840.399: Total time for which application threads were stopped: 0.0002008 seconds, Stopping threads took: 0.0000443 seconds
2017-04-24T18:45:50.726+0800: 10840.399: Total time for which application threads were stopped: 0.0001860 seconds, Stopping threads took: 0.0000250 seconds
2017-04-24T18:45:50.727+0800: 10840.399: Total time for which application threads were stopped: 0.0001520 seconds, Stopping threads took: 0.0000308 seconds
2017-04-24T18:45:50.727+0800: 10840.399: Total time for which application threads were stopped: 0.0001751 seconds, Stopping threads took: 0.0000359 seconds
2017-04-24T18:45:50.737+0800: 10840.409: Total time for which application threads were stopped: 0.0002203 seconds, Stopping threads took: 0.0000452 seconds
2017-04-24T18:45:57.433+0800: 10847.105: Total time for which application threads were stopped: 0.0000860 seconds, Stopping threads took: 0.0000180 seconds
2017-04-24T18:45:57.433+0800: 10847.106: Total time for which application threads were stopped: 0.0001251 seconds, Stopping threads took: 0.0000087 seconds
2017-04-24T18:45:57.434+0800: 10847.106: Total time for which application threads were stopped: 0.0001097 seconds, Stopping threads took: 0.0000087 seconds
2017-04-24T18:46:00.151+0800: 10849.823: Total time for which application threads were stopped: 0.0000985 seconds, Stopping threads took: 0.0000189 seconds
2017-04-24T18:46:00.151+0800: 10849.823: Total time for which application threads were stopped: 0.0000366 seconds, Stopping threads took: 0.0000067 seconds
2017-04-24T18:46:00.151+0800: 10849.823: Total time for which application threads were stopped: 0.0000314 seconds, Stopping threads took: 0.0000064 seconds
2017-04-24T18:46:00.151+0800: 10849.823: Total time for which application threads were stopped: 0.0000305 seconds, Stopping threads took: 0.0000061 seconds
2017-04-24T18:46:00.151+0800: 10849.824: Total time for which application threads were stopped: 0.0000343 seconds, Stopping threads took: 0.0000064 seconds
2017-04-24T18:46:00.151+0800: 10849.824: Total time for which application threads were stopped: 0.0000308 seconds, Stopping threads took: 0.0000061 seconds
2017-04-24T18:46:00.151+0800: 10849.824: Total time for which application threads were stopped: 0.0000308 seconds, Stopping threads took: 0.0000061 seconds
2017-04-24T18:46:00.151+0800: 10849.824: Total time for which application threads were stopped: 0.0000298 seconds, Stopping threads took: 0.0000061 seconds
2017-04-24T18:46:00.151+0800: 10849.824: Total time for which application threads were stopped: 0.0000301 seconds, Stopping threads took: 0.0000061 seconds
2017-04-24T18:46:00.151+0800: 10849.824: Total time for which application threads were stopped: 0.0000301 seconds, Stopping threads took: 0.0000064 seconds
2017-04-24T18:46:00.438+0800: 10850.111: Total time for which application threads were stopped: 0.0003124 seconds, Stopping threads took: 0.0000536 seconds
2017-04-24T18:46:00.802+0800: 10850.475: Total time for which application threads were stopped: 0.0002806 seconds, Stopping threads took: 0.0000488 seconds
2017-04-24T18:46:00.803+0800: 10850.475: Total time for which application threads were stopped: 0.0001806 seconds, Stopping threads took: 0.0000263 seconds
2017-04-24T18:46:00.803+0800: 10850.475: Total time for which application threads were stopped: 0.0001466 seconds, Stopping threads took: 0.0000244 seconds
2017-04-24T18:46:00.803+0800: 10850.475: Total time for which application threads were stopped: 0.0001575 seconds, Stopping threads took: 0.0000244 seconds
2017-04-24T18:46:00.803+0800: 10850.476: Total time for which application threads were stopped: 0.0001450 seconds, Stopping threads took: 0.0000241 seconds
2017-04-24T18:46:00.812+0800: 10850.484: Total time for which application threads were stopped: 0.0002537 seconds, Stopping threads took: 0.0000504 seconds
2017-04-24T18:46:10.414+0800: 10860.087: Total time for which application threads were stopped: 0.0001017 seconds, Stopping threads took: 0.0000202 seconds
2017-04-24T18:46:10.414+0800: 10860.087: Total time for which application threads were stopped: 0.0000481 seconds, Stopping threads took: 0.0000087 seconds
2017-04-24T18:46:10.686+0800: 10860.359: Total time for which application threads were stopped: 0.0002130 seconds, Stopping threads took: 0.0000382 seconds
2017-04-24T18:46:10.686+0800: 10860.359: Total time for which application threads were stopped: 0.0001180 seconds, Stopping threads took: 0.0000205 seconds
2017-04-24T18:46:10.687+0800: 10860.359: Total time for which application threads were stopped: 0.0001078 seconds, Stopping threads took: 0.0000183 seconds
2017-04-24T18:46:10.687+0800: 10860.359: Total time for which application threads were stopped: 0.0001774 seconds, Stopping threads took: 0.0000366 seconds
2017-04-24T18:46:10.687+0800: 10860.359: Total time for which application threads were stopped: 0.0001203 seconds, Stopping threads took: 0.0000273 seconds
2017-04-24T18:46:20.434+0800: 10870.106: Total time for which application threads were stopped: 0.0001690 seconds, Stopping threads took: 0.0000311 seconds
2017-04-24T18:46:20.434+0800: 10870.107: Total time for which application threads were stopped: 0.0000853 seconds, Stopping threads took: 0.0000144 seconds
2017-04-24T18:46:20.760+0800: 10870.432: Total time for which application threads were stopped: 0.0005700 seconds, Stopping threads took: 0.0000507 seconds
2017-04-24T18:46:20.760+0800: 10870.433: Total time for which application threads were stopped: 0.0003053 seconds, Stopping threads took: 0.0001039 seconds
2017-04-24T18:46:20.760+0800: 10870.433: Total time for which application threads were stopped: 0.0001655 seconds, Stopping threads took: 0.0000305 seconds
2017-04-24T18:46:20.761+0800: 10870.434: Total time for which application threads were stopped: 0.0002075 seconds, Stopping threads took: 0.0000366 seconds
2017-04-24T18:46:20.762+0800: 10870.434: Total time for which application threads were stopped: 0.0001591 seconds, Stopping threads took: 0.0000260 seconds
2017-04-24T18:46:20.762+0800: 10870.434: Total time for which application threads were stopped: 0.0001482 seconds, Stopping threads took: 0.0000247 seconds
2017-04-24T18:46:20.762+0800: 10870.435: Total time for which application threads were stopped: 0.0001963 seconds, Stopping threads took: 0.0000378 seconds
2017-04-24T18:46:20.762+0800: 10870.435: Total time for which application threads were stopped: 0.0001921 seconds, Stopping threads took: 0.0000362 seconds
2017-04-24T18:46:30.425+0800: 10880.097: Total time for which application threads were stopped: 0.0001745 seconds, Stopping threads took: 0.0000337 seconds
2017-04-24T18:46:30.425+0800: 10880.098: Total time for which application threads were stopped: 0.0001546 seconds, Stopping threads took: 0.0000250 seconds
2017-04-24T18:46:30.757+0800: 10880.429: Total time for which application threads were stopped: 0.0005000 seconds, Stopping threads took: 0.0002662 seconds
2017-04-24T18:46:30.758+0800: 10880.430: Total time for which application threads were stopped: 0.0005959 seconds, Stopping threads took: 0.0000715 seconds
2017-04-24T18:46:30.758+0800: 10880.431: Total time for which application threads were stopped: 0.0004391 seconds, Stopping threads took: 0.0000510 seconds
2017-04-24T18:46:30.759+0800: 10880.432: Total time for which application threads were stopped: 0.0002114 seconds, Stopping threads took: 0.0000375 seconds
2017-04-24T18:46:30.760+0800: 10880.432: Total time for which application threads were stopped: 0.0001918 seconds, Stopping threads took: 0.0000439 seconds
2017-04-24T18:46:30.760+0800: 10880.432: Total time for which application threads were stopped: 0.0001892 seconds, Stopping threads took: 0.0000401 seconds
2017-04-24T18:46:30.760+0800: 10880.433: Total time for which application threads were stopped: 0.0001572 seconds, Stopping threads took: 0.0000311 seconds
2017-04-24T18:46:30.760+0800: 10880.433: Total time for which application threads were stopped: 0.0001607 seconds, Stopping threads took: 0.0000327 seconds
{Heap before GC invocations=105 (full 2):
 par new generation   total 109248K, used 91772K [0x00000000e0000000, 0x00000000e8000000, 0x00000000e8000000)
  eden space 87424K,  99% used [0x00000000e0000000, 0x00000000e550f6c8, 0x00000000e5560000)
  from space 21824K,  21% used [0x00000000e6ab0000, 0x00000000e6f3f9e0, 0x00000000e8000000)
  to   space 21824K,   0% used [0x00000000e5560000, 0x00000000e5560000, 0x00000000e6ab0000)
 concurrent mark-sweep generation total 393216K, used 19350K [0x00000000e8000000, 0x0000000100000000, 0x0000000100000000)
 Metaspace       used 42759K, capacity 43544K, committed 44056K, reserved 1089536K
  class space    used 4603K, capacity 4830K, committed 4940K, reserved 1048576K
2017-04-24T18:46:40.435+0800: 10890.107: [GC (Allocation Failure) 2017-04-24T18:46:40.435+0800: 10890.107: [ParNew
Desired survivor size 20112992 bytes, new threshold 8 (max 8)
- age   1:    3620328 bytes,    3620328 total
- age   2:     692496 bytes,    4312824 total
- age   3:      67824 bytes,    4380648 total
- age   4:      11840 bytes,    4392488 total
- age   5:       9936 bytes,    4402424 total
- age   6:      11984 bytes,    4414408 total
- age   7:      10112 bytes,    4424520 total
- age   8:       9568 bytes,    4434088 total
: 91772K->5412K(109248K), 0.0099599 secs] 111122K->24772K(502464K), 0.0100667 secs] [Times: user=0.06 sys=0.00, real=0.01 secs] 
Heap after GC invocations=106 (full 2):
 par new generation   total 109248K, used 5412K [0x00000000e0000000, 0x00000000e8000000, 0x00000000e8000000)
  eden space 87424K,   0% used [0x00000000e0000000, 0x00000000e0000000, 0x00000000e5560000)
  from space 21824K,  24% used [0x00000000e5560000, 0x00000000e5aa92a0, 0x00000000e6ab0000)
  to   space 21824K,   0% used [0x00000000e6ab0000, 0x00000000e6ab0000, 0x00000000e8000000)
 concurrent mark-sweep generation total 393216K, used 19359K [0x00000000e8000000, 0x0000000100000000, 0x0000000100000000)
 Metaspace       used 42759K, capacity 43544K, committed 44056K, reserved 1089536K
  class space    used 4603K, capacity 4830K, committed 4940K, reserved 1048576K
}
2017-04-24T18:46:40.445+0800: 10890.117: Total time for which application threads were stopped: 0.0106056 seconds, Stopping threads took: 0.0000548 seconds
2017-04-24T18:46:40.446+0800: 10890.118: Total time for which application threads were stopped: 0.0001809 seconds, Stopping threads took: 0.0000497 seconds
2017-04-24T18:46:40.447+0800: 10890.120: Total time for which application threads were stopped: 0.0000895 seconds, Stopping threads took: 0.0000164 seconds
2017-04-24T18:46:40.448+0800: 10890.120: Total time for which application threads were stopped: 0.0000715 seconds, Stopping threads took: 0.0000122 seconds
2017-04-24T18:46:40.768+0800: 10890.441: Total time for which application threads were stopped: 0.0002935 seconds, Stopping threads took: 0.0000577 seconds
2017-04-24T18:46:40.769+0800: 10890.442: Total time for which application threads were stopped: 0.0002422 seconds, Stopping threads took: 0.0000423 seconds
2017-04-24T18:46:40.770+0800: 10890.442: Total time for which application threads were stopped: 0.0002101 seconds, Stopping threads took: 0.0000411 seconds
2017-04-24T18:46:40.770+0800: 10890.442: Total time for which application threads were stopped: 0.0001543 seconds, Stopping threads took: 0.0000266 seconds
2017-04-24T18:46:40.770+0800: 10890.443: Total time for which application threads were stopped: 0.0002733 seconds, Stopping threads took: 0.0001264 seconds
2017-04-24T18:46:40.771+0800: 10890.443: Total time for which application threads were stopped: 0.0004901 seconds, Stopping threads took: 0.0000295 seconds
2017-04-24T18:46:50.435+0800: 10900.107: Total time for which application threads were stopped: 0.0001565 seconds, Stopping threads took: 0.0000282 seconds
2017-04-24T18:46:50.435+0800: 10900.108: Total time for which application threads were stopped: 0.0001049 seconds, Stopping threads took: 0.0000176 seconds
2017-04-24T18:46:50.735+0800: 10900.407: Total time for which application threads were stopped: 0.0002755 seconds, Stopping threads took: 0.0000532 seconds
2017-04-24T18:46:50.736+0800: 10900.408: Total time for which application threads were stopped: 0.0002341 seconds, Stopping threads took: 0.0000449 seconds
2017-04-24T18:47:00.414+0800: 10910.087: Total time for which application threads were stopped: 0.0001232 seconds, Stopping threads took: 0.0000228 seconds
2017-04-24T18:47:00.414+0800: 10910.087: Total time for which application threads were stopped: 0.0000949 seconds, Stopping threads took: 0.0000141 seconds
2017-04-24T18:47:00.692+0800: 10910.364: Total time for which application threads were stopped: 0.0001065 seconds, Stopping threads took: 0.0000234 seconds
2017-04-24T18:47:00.692+0800: 10910.365: Total time for which application threads were stopped: 0.0000651 seconds, Stopping threads took: 0.0000119 seconds
2017-04-24T18:47:00.692+0800: 10910.365: Total time for which application threads were stopped: 0.0000401 seconds, Stopping threads took: 0.0000067 seconds
2017-04-24T18:47:00.692+0800: 10910.365: Total time for which application threads were stopped: 0.0000369 seconds, Stopping threads took: 0.0000067 seconds
2017-04-24T18:47:00.692+0800: 10910.365: Total time for which application threads were stopped: 0.0000359 seconds, Stopping threads took: 0.0000064 seconds
2017-04-24T18:47:00.692+0800: 10910.365: Total time for which application threads were stopped: 0.0000359 seconds, Stopping threads took: 0.0000064 seconds
2017-04-24T18:47:10.847+0800: 10920.519: Total time for which application threads were stopped: 0.0006906 seconds, Stopping threads took: 0.0000552 seconds
2017-04-24T18:47:10.847+0800: 10920.520: Total time for which application threads were stopped: 0.0002803 seconds, Stopping threads took: 0.0000330 seconds
2017-04-24T18:47:10.848+0800: 10920.520: Total time for which application threads were stopped: 0.0002665 seconds, Stopping threads took: 0.0000276 seconds
2017-04-24T18:47:10.848+0800: 10920.520: Total time for which application threads were stopped: 0.0003207 seconds, Stopping threads took: 0.0000465 seconds
2017-04-24T18:47:10.848+0800: 10920.521: Total time for which application threads were stopped: 0.0002364 seconds, Stopping threads took: 0.0000308 seconds
2017-04-24T18:47:11.849+0800: 10921.521: Total time for which application threads were stopped: 0.0001989 seconds, Stopping threads took: 0.0000504 seconds
2017-04-24T18:47:20.435+0800: 10930.107: Total time for which application threads were stopped: 0.0001867 seconds, Stopping threads took: 0.0000356 seconds
2017-04-24T18:47:20.435+0800: 10930.108: Total time for which application threads were stopped: 0.0001302 seconds, Stopping threads took: 0.0000218 seconds
2017-04-24T18:47:20.772+0800: 10930.445: Total time for which application threads were stopped: 0.0003451 seconds, Stopping threads took: 0.0001116 seconds
2017-04-24T18:47:20.773+0800: 10930.446: Total time for which application threads were stopped: 0.0002441 seconds, Stopping threads took: 0.0000346 seconds
2017-04-24T18:47:20.773+0800: 10930.446: Total time for which application threads were stopped: 0.0001745 seconds, Stopping threads took: 0.0000276 seconds
2017-04-24T18:47:20.774+0800: 10930.446: Total time for which application threads were stopped: 0.0001870 seconds, Stopping threads took: 0.0000253 seconds
2017-04-24T18:47:20.774+0800: 10930.447: Total time for which application threads were stopped: 0.0001501 seconds, Stopping threads took: 0.0000263 seconds
2017-04-24T18:47:30.438+0800: 10940.111: Total time for which application threads were stopped: 0.0002733 seconds, Stopping threads took: 0.0000532 seconds
2017-04-24T18:47:30.439+0800: 10940.112: Total time for which application threads were stopped: 0.0001934 seconds, Stopping threads took: 0.0000308 seconds
2017-04-24T18:47:30.814+0800: 10940.487: Total time for which application threads were stopped: 0.0001581 seconds, Stopping threads took: 0.0000430 seconds
2017-04-24T18:47:30.814+0800: 10940.487: Total time for which application threads were stopped: 0.0001161 seconds, Stopping threads took: 0.0000202 seconds
2017-04-24T18:47:30.814+0800: 10940.487: Total time for which application threads were stopped: 0.0001174 seconds, Stopping threads took: 0.0000221 seconds
2017-04-24T18:47:30.814+0800: 10940.487: Total time for which application threads were stopped: 0.0001026 seconds, Stopping threads took: 0.0000247 seconds
2017-04-24T18:47:30.815+0800: 10940.487: Total time for which application threads were stopped: 0.0000741 seconds, Stopping threads took: 0.0000167 seconds
2017-04-24T18:47:30.815+0800: 10940.488: Total time for which application threads were stopped: 0.0000815 seconds, Stopping threads took: 0.0000186 seconds
2017-04-24T18:47:40.407+0800: 10950.080: Total time for which application threads were stopped: 0.0001126 seconds, Stopping threads took: 0.0000192 seconds
2017-04-24T18:47:40.413+0800: 10950.086: Total time for which application threads were stopped: 0.0000959 seconds, Stopping threads took: 0.0000196 seconds
2017-04-24T18:47:40.413+0800: 10950.086: Total time for which application threads were stopped: 0.0000507 seconds, Stopping threads took: 0.0000093 seconds
2017-04-24T18:47:40.714+0800: 10950.387: Total time for which application threads were stopped: 0.0002704 seconds, Stopping threads took: 0.0000635 seconds
2017-04-24T18:47:40.716+0800: 10950.388: Total time for which application threads were stopped: 0.0002457 seconds, Stopping threads took: 0.0000433 seconds
2017-04-24T18:47:40.716+0800: 10950.389: Total time for which application threads were stopped: 0.0001530 seconds, Stopping threads took: 0.0000285 seconds
2017-04-24T18:47:40.716+0800: 10950.389: Total time for which application threads were stopped: 0.0001873 seconds, Stopping threads took: 0.0000375 seconds
2017-04-24T18:47:40.716+0800: 10950.389: Total time for which application threads were stopped: 0.0001434 seconds, Stopping threads took: 0.0000260 seconds
2017-04-24T18:47:40.717+0800: 10950.389: Total time for which application threads were stopped: 0.0001354 seconds, Stopping threads took: 0.0000247 seconds
2017-04-24T18:47:50.410+0800: 10960.083: Total time for which application threads were stopped: 0.0004869 seconds, Stopping threads took: 0.0000536 seconds
2017-04-24T18:47:50.436+0800: 10960.108: Total time for which application threads were stopped: 0.0001732 seconds, Stopping threads took: 0.0000318 seconds
2017-04-24T18:47:50.436+0800: 10960.109: Total time for which application threads were stopped: 0.0001033 seconds, Stopping threads took: 0.0000148 seconds
2017-04-24T18:47:50.800+0800: 10960.473: Total time for which application threads were stopped: 0.0001235 seconds, Stopping threads took: 0.0000327 seconds
2017-04-24T18:47:50.801+0800: 10960.473: Total time for which application threads were stopped: 0.0000921 seconds, Stopping threads took: 0.0000141 seconds
2017-04-24T18:47:50.801+0800: 10960.473: Total time for which application threads were stopped: 0.0000638 seconds, Stopping threads took: 0.0000093 seconds
2017-04-24T18:47:50.801+0800: 10960.473: Total time for which application threads were stopped: 0.0000728 seconds, Stopping threads took: 0.0000122 seconds
2017-04-24T18:47:50.801+0800: 10960.473: Total time for which application threads were stopped: 0.0000555 seconds, Stopping threads took: 0.0000090 seconds
2017-04-24T18:47:50.801+0800: 10960.474: Total time for which application threads were stopped: 0.0001649 seconds, Stopping threads took: 0.0000083 seconds
2017-04-24T18:48:00.439+0800: 10970.111: Total time for which application threads were stopped: 0.0002964 seconds, Stopping threads took: 0.0000536 seconds
2017-04-24T18:48:00.440+0800: 10970.112: Total time for which application threads were stopped: 0.0001639 seconds, Stopping threads took: 0.0000285 seconds
2017-04-24T18:48:00.824+0800: 10970.497: Total time for which application threads were stopped: 0.0002858 seconds, Stopping threads took: 0.0000600 seconds
2017-04-24T18:48:00.825+0800: 10970.498: Total time for which application threads were stopped: 0.0002001 seconds, Stopping threads took: 0.0000340 seconds
2017-04-24T18:48:00.837+0800: 10970.509: Total time for which application threads were stopped: 0.0002883 seconds, Stopping threads took: 0.0000526 seconds
2017-04-24T18:48:01.837+0800: 10971.510: Total time for which application threads were stopped: 0.0002229 seconds, Stopping threads took: 0.0000584 seconds
2017-04-24T18:48:10.414+0800: 10980.086: Total time for which application threads were stopped: 0.0001014 seconds, Stopping threads took: 0.0000215 seconds
2017-04-24T18:48:10.414+0800: 10980.087: Total time for which application threads were stopped: 0.0000395 seconds, Stopping threads took: 0.0000074 seconds
2017-04-24T18:48:10.695+0800: 10980.368: Total time for which application threads were stopped: 0.0001289 seconds, Stopping threads took: 0.0000292 seconds
2017-04-24T18:48:10.695+0800: 10980.368: Total time for which application threads were stopped: 0.0000667 seconds, Stopping threads took: 0.0000138 seconds
2017-04-24T18:48:10.695+0800: 10980.368: Total time for which application threads were stopped: 0.0000430 seconds, Stopping threads took: 0.0000080 seconds
2017-04-24T18:48:10.695+0800: 10980.368: Total time for which application threads were stopped: 0.0000510 seconds, Stopping threads took: 0.0000109 seconds
2017-04-24T18:48:10.696+0800: 10980.368: Total time for which application threads were stopped: 0.0000555 seconds, Stopping threads took: 0.0000125 seconds
2017-04-24T18:48:10.700+0800: 10980.372: Total time for which application threads were stopped: 0.0001600 seconds, Stopping threads took: 0.0000244 seconds
2017-04-24T18:48:12.840+0800: 10982.513: Total time for which application threads were stopped: 0.0001068 seconds, Stopping threads took: 0.0000231 seconds
2017-04-24T18:48:12.841+0800: 10982.513: Total time for which application threads were stopped: 0.0000526 seconds, Stopping threads took: 0.0000109 seconds
2017-04-24T18:48:12.841+0800: 10982.513: Total time for which application threads were stopped: 0.0000334 seconds, Stopping threads took: 0.0000067 seconds
2017-04-24T18:48:12.841+0800: 10982.513: Total time for which application threads were stopped: 0.0000372 seconds, Stopping threads took: 0.0000077 seconds
2017-04-24T18:48:12.841+0800: 10982.513: Total time for which application threads were stopped: 0.0000301 seconds, Stopping threads took: 0.0000064 seconds
2017-04-24T18:48:12.841+0800: 10982.514: Total time for which application threads were stopped: 0.0000311 seconds, Stopping threads took: 0.0000064 seconds
{Heap before GC invocations=106 (full 2):
 par new generation   total 109248K, used 92742K [0x00000000e0000000, 0x00000000e8000000, 0x00000000e8000000)
  eden space 87424K,  99% used [0x00000000e0000000, 0x00000000e5548720, 0x00000000e5560000)
  from space 21824K,  24% used [0x00000000e5560000, 0x00000000e5aa92a0, 0x00000000e6ab0000)
  to   space 21824K,   0% used [0x00000000e6ab0000, 0x00000000e6ab0000, 0x00000000e8000000)
 concurrent mark-sweep generation total 393216K, used 19359K [0x00000000e8000000, 0x0000000100000000, 0x0000000100000000)
 Metaspace       used 42759K, capacity 43544K, committed 44056K, reserved 1089536K
  class space    used 4603K, capacity 4830K, committed 4940K, reserved 1048576K
2017-04-24T18:48:20.433+0800: 10990.106: [GC (Allocation Failure) 2017-04-24T18:48:20.433+0800: 10990.106: [ParNew
Desired survivor size 20112992 bytes, new threshold 8 (max 8)
- age   1:    2890992 bytes,    2890992 total
- age   2:    1389240 bytes,    4280232 total
- age   3:      66544 bytes,    4346776 total
- age   4:      11880 bytes,    4358656 total
- age   5:      10896 bytes,    4369552 total
- age   6:       9936 bytes,    4379488 total
- age   7:      11984 bytes,    4391472 total
- age   8:      10112 bytes,    4401584 total
: 92742K->6167K(109248K), 0.0091020 secs] 112102K->25536K(502464K), 0.0092344 secs] [Times: user=0.00 sys=0.00, real=0.01 secs] 
Heap after GC invocations=107 (full 2):
 par new generation   total 109248K, used 6167K [0x00000000e0000000, 0x00000000e8000000, 0x00000000e8000000)
  eden space 87424K,   0% used [0x00000000e0000000, 0x00000000e0000000, 0x00000000e5560000)
  from space 21824K,  28% used [0x00000000e6ab0000, 0x00000000e70b5ea0, 0x00000000e8000000)
  to   space 21824K,   0% used [0x00000000e5560000, 0x00000000e5560000, 0x00000000e6ab0000)
 concurrent mark-sweep generation total 393216K, used 19369K [0x00000000e8000000, 0x0000000100000000, 0x0000000100000000)
 Metaspace       used 42759K, capacity 43544K, committed 44056K, reserved 1089536K
  class space    used 4603K, capacity 4830K, committed 4940K, reserved 1048576K
}
2017-04-24T18:48:20.443+0800: 10990.115: Total time for which application threads were stopped: 0.0096129 seconds, Stopping threads took: 0.0000350 seconds
2017-04-24T18:48:20.443+0800: 10990.115: Total time for which application threads were stopped: 0.0002268 seconds, Stopping threads took: 0.0000718 seconds
2017-04-24T18:48:20.443+0800: 10990.116: Total time for which application threads were stopped: 0.0002646 seconds, Stopping threads took: 0.0001244 seconds
2017-04-24T18:48:20.444+0800: 10990.116: Total time for which application threads were stopped: 0.0001543 seconds, Stopping threads took: 0.0000507 seconds
2017-04-24T18:48:20.444+0800: 10990.116: Total time for which application threads were stopped: 0.0002794 seconds, Stopping threads took: 0.0000443 seconds
2017-04-24T18:48:20.444+0800: 10990.117: Total time for which application threads were stopped: 0.0002434 seconds, Stopping threads took: 0.0000558 seconds
2017-04-24T18:48:20.445+0800: 10990.117: Total time for which application threads were stopped: 0.0001459 seconds, Stopping threads took: 0.0000414 seconds
2017-04-24T18:48:20.445+0800: 10990.118: Total time for which application threads were stopped: 0.0001841 seconds, Stopping threads took: 0.0000699 seconds
2017-04-24T18:48:20.446+0800: 10990.118: Total time for which application threads were stopped: 0.0001373 seconds, Stopping threads took: 0.0000350 seconds
2017-04-24T18:48:20.446+0800: 10990.118: Total time for which application threads were stopped: 0.0001145 seconds, Stopping threads took: 0.0000356 seconds
2017-04-24T18:48:20.446+0800: 10990.118: Total time for which application threads were stopped: 0.0001726 seconds, Stopping threads took: 0.0000330 seconds
2017-04-24T18:48:20.446+0800: 10990.119: Total time for which application threads were stopped: 0.0001058 seconds, Stopping threads took: 0.0000311 seconds
2017-04-24T18:48:20.446+0800: 10990.119: Total time for which application threads were stopped: 0.0000911 seconds, Stopping threads took: 0.0000186 seconds
2017-04-24T18:48:20.447+0800: 10990.119: Total time for which application threads were stopped: 0.0001225 seconds, Stopping threads took: 0.0000462 seconds
2017-04-24T18:48:20.447+0800: 10990.119: Total time for which application threads were stopped: 0.0001126 seconds, Stopping threads took: 0.0000401 seconds
2017-04-24T18:48:20.447+0800: 10990.119: Total time for which application threads were stopped: 0.0001293 seconds, Stopping threads took: 0.0000465 seconds
2017-04-24T18:48:20.447+0800: 10990.120: Total time for which application threads were stopped: 0.0001145 seconds, Stopping threads took: 0.0000356 seconds
2017-04-24T18:48:20.448+0800: 10990.120: Total time for which application threads were stopped: 0.0001100 seconds, Stopping threads took: 0.0000359 seconds
2017-04-24T18:48:20.448+0800: 10990.120: Total time for which application threads were stopped: 0.0001132 seconds, Stopping threads took: 0.0000372 seconds
2017-04-24T18:48:20.448+0800: 10990.120: Total time for which application threads were stopped: 0.0001155 seconds, Stopping threads took: 0.0000378 seconds
2017-04-24T18:48:20.448+0800: 10990.120: Total time for which application threads were stopped: 0.0001187 seconds, Stopping threads took: 0.0000375 seconds
2017-04-24T18:48:20.448+0800: 10990.121: Total time for which application threads were stopped: 0.0001184 seconds, Stopping threads took: 0.0000385 seconds
2017-04-24T18:48:20.449+0800: 10990.121: Total time for which application threads were stopped: 0.0001145 seconds, Stopping threads took: 0.0000314 seconds
2017-04-24T18:48:20.449+0800: 10990.122: Total time for which application threads were stopped: 0.0000869 seconds, Stopping threads took: 0.0000151 seconds
2017-04-24T18:48:20.757+0800: 10990.430: Total time for which application threads were stopped: 0.0002774 seconds, Stopping threads took: 0.0000641 seconds
2017-04-24T18:48:20.758+0800: 10990.430: Total time for which application threads were stopped: 0.0002540 seconds, Stopping threads took: 0.0000904 seconds
2017-04-24T18:48:20.758+0800: 10990.431: Total time for which application threads were stopped: 0.0002492 seconds, Stopping threads took: 0.0000436 seconds
2017-04-24T18:48:20.759+0800: 10990.432: Total time for which application threads were stopped: 0.0002110 seconds, Stopping threads took: 0.0000398 seconds
2017-04-24T18:48:20.759+0800: 10990.432: Total time for which application threads were stopped: 0.0001629 seconds, Stopping threads took: 0.0000273 seconds
2017-04-24T18:48:20.759+0800: 10990.432: Total time for which application threads were stopped: 0.0001780 seconds, Stopping threads took: 0.0000324 seconds
2017-04-24T18:48:20.759+0800: 10990.432: Total time for which application threads were stopped: 0.0001472 seconds, Stopping threads took: 0.0000253 seconds
2017-04-24T18:48:20.769+0800: 10990.442: Total time for which application threads were stopped: 0.0001998 seconds, Stopping threads took: 0.0000382 seconds
2017-04-24T18:48:27.400+0800: 10997.072: Total time for which application threads were stopped: 0.0000898 seconds, Stopping threads took: 0.0000199 seconds
2017-04-24T18:48:27.400+0800: 10997.072: Total time for which application threads were stopped: 0.0000356 seconds, Stopping threads took: 0.0000067 seconds
2017-04-24T18:48:27.400+0800: 10997.073: Total time for which application threads were stopped: 0.0000619 seconds, Stopping threads took: 0.0000199 seconds
2017-04-24T18:48:27.400+0800: 10997.073: Total time for which application threads were stopped: 0.0000481 seconds, Stopping threads took: 0.0000154 seconds
2017-04-24T18:48:27.400+0800: 10997.073: Total time for which application threads were stopped: 0.0000491 seconds, Stopping threads took: 0.0000119 seconds
2017-04-24T18:48:27.400+0800: 10997.073: Total time for which application threads were stopped: 0.0000427 seconds, Stopping threads took: 0.0000096 seconds
2017-04-24T18:48:28.401+0800: 10998.073: Total time for which application threads were stopped: 0.0000892 seconds, Stopping threads took: 0.0000257 seconds
2017-04-24T18:48:30.438+0800: 11000.111: Total time for which application threads were stopped: 0.0002813 seconds, Stopping threads took: 0.0000568 seconds
2017-04-24T18:48:30.816+0800: 11000.489: Total time for which application threads were stopped: 0.0002890 seconds, Stopping threads took: 0.0000635 seconds
2017-04-24T18:48:30.816+0800: 11000.489: Total time for which application threads were stopped: 0.0002098 seconds, Stopping threads took: 0.0000545 seconds
2017-04-24T18:48:30.817+0800: 11000.490: Total time for which application threads were stopped: 0.0002428 seconds, Stopping threads took: 0.0000465 seconds
2017-04-24T18:48:30.818+0800: 11000.490: Total time for which application threads were stopped: 0.0001684 seconds, Stopping threads took: 0.0000327 seconds
2017-04-24T18:48:30.818+0800: 11000.491: Total time for which application threads were stopped: 0.0001472 seconds, Stopping threads took: 0.0000263 seconds
2017-04-24T18:48:30.818+0800: 11000.491: Total time for which application threads were stopped: 0.0001899 seconds, Stopping threads took: 0.0000247 seconds
2017-04-24T18:48:30.818+0800: 11000.491: Total time for which application threads were stopped: 0.0002050 seconds, Stopping threads took: 0.0000398 seconds
2017-04-24T18:48:30.830+0800: 11000.502: Total time for which application threads were stopped: 0.0002922 seconds, Stopping threads took: 0.0000523 seconds
2017-04-24T18:48:40.438+0800: 11010.111: Total time for which application threads were stopped: 0.0002893 seconds, Stopping threads took: 0.0000587 seconds
2017-04-24T18:48:40.439+0800: 11010.112: Total time for which application threads were stopped: 0.0001940 seconds, Stopping threads took: 0.0000327 seconds
2017-04-24T18:48:40.836+0800: 11010.508: Total time for which application threads were stopped: 0.0002938 seconds, Stopping threads took: 0.0000491 seconds
2017-04-24T18:48:40.836+0800: 11010.509: Total time for which application threads were stopped: 0.0002608 seconds, Stopping threads took: 0.0000619 seconds
2017-04-24T18:48:40.837+0800: 11010.510: Total time for which application threads were stopped: 0.0002800 seconds, Stopping threads took: 0.0000459 seconds
2017-04-24T18:48:40.838+0800: 11010.510: Total time for which application threads were stopped: 0.0002123 seconds, Stopping threads took: 0.0000398 seconds
2017-04-24T18:48:40.838+0800: 11010.510: Total time for which application threads were stopped: 0.0001889 seconds, Stopping threads took: 0.0000378 seconds
2017-04-24T18:48:40.838+0800: 11010.511: Total time for which application threads were stopped: 0.0001819 seconds, Stopping threads took: 0.0000356 seconds
2017-04-24T18:48:40.839+0800: 11010.511: Total time for which application threads were stopped: 0.0001742 seconds, Stopping threads took: 0.0000353 seconds
2017-04-24T18:48:40.851+0800: 11010.523: Total time for which application threads were stopped: 0.0002890 seconds, Stopping threads took: 0.0000532 seconds
2017-04-24T18:48:46.304+0800: 11015.976: Total time for which application threads were stopped: 0.0000924 seconds, Stopping threads took: 0.0000192 seconds
2017-04-24T18:48:46.304+0800: 11015.976: Total time for which application threads were stopped: 0.0001286 seconds, Stopping threads took: 0.0000071 seconds
2017-04-24T18:48:46.304+0800: 11015.977: Total time for which application threads were stopped: 0.0000366 seconds, Stopping threads took: 0.0000067 seconds
2017-04-24T18:48:47.966+0800: 11017.639: Total time for which application threads were stopped: 0.0001860 seconds, Stopping threads took: 0.0000189 seconds
2017-04-24T18:48:47.966+0800: 11017.639: Total time for which application threads were stopped: 0.0000520 seconds, Stopping threads took: 0.0000109 seconds
2017-04-24T18:48:48.166+0800: 11017.839: Total time for which application threads were stopped: 0.0000895 seconds, Stopping threads took: 0.0000199 seconds
2017-04-24T18:48:48.166+0800: 11017.839: Total time for which application threads were stopped: 0.0000340 seconds, Stopping threads took: 0.0000067 seconds
2017-04-24T18:48:49.166+0800: 11018.839: Total time for which application threads were stopped: 0.0002348 seconds, Stopping threads took: 0.0000548 seconds
2017-04-24T18:48:50.434+0800: 11020.107: Total time for which application threads were stopped: 0.0001902 seconds, Stopping threads took: 0.0000362 seconds
2017-04-24T18:48:50.711+0800: 11020.384: Total time for which application threads were stopped: 0.0002659 seconds, Stopping threads took: 0.0000510 seconds
2017-04-24T18:48:50.711+0800: 11020.384: Total time for which application threads were stopped: 0.0002393 seconds, Stopping threads took: 0.0000574 seconds
2017-04-24T18:48:50.713+0800: 11020.385: Total time for which application threads were stopped: 0.0003012 seconds, Stopping threads took: 0.0000362 seconds
2017-04-24T18:48:50.713+0800: 11020.386: Total time for which application threads were stopped: 0.0002579 seconds, Stopping threads took: 0.0000539 seconds
2017-04-24T18:48:50.713+0800: 11020.386: Total time for which application threads were stopped: 0.0002669 seconds, Stopping threads took: 0.0000366 seconds
2017-04-24T18:48:50.714+0800: 11020.386: Total time for which application threads were stopped: 0.0002691 seconds, Stopping threads took: 0.0000398 seconds
2017-04-24T18:48:50.714+0800: 11020.387: Total time for which application threads were stopped: 0.0002367 seconds, Stopping threads took: 0.0000327 seconds
2017-04-24T18:48:50.723+0800: 11020.396: Total time for which application threads were stopped: 0.0003053 seconds, Stopping threads took: 0.0000497 seconds
2017-04-24T18:49:00.437+0800: 11030.110: Total time for which application threads were stopped: 0.0002880 seconds, Stopping threads took: 0.0000513 seconds
2017-04-24T18:49:00.438+0800: 11030.111: Total time for which application threads were stopped: 0.0002037 seconds, Stopping threads took: 0.0000337 seconds
2017-04-24T18:49:00.889+0800: 11030.562: Total time for which application threads were stopped: 0.0002883 seconds, Stopping threads took: 0.0000507 seconds
2017-04-24T18:49:00.890+0800: 11030.562: Total time for which application threads were stopped: 0.0002415 seconds, Stopping threads took: 0.0000449 seconds
2017-04-24T18:49:00.890+0800: 11030.562: Total time for which application threads were stopped: 0.0001966 seconds, Stopping threads took: 0.0000372 seconds
2017-04-24T18:49:00.890+0800: 11030.563: Total time for which application threads were stopped: 0.0001552 seconds, Stopping threads took: 0.0000260 seconds
2017-04-24T18:49:00.891+0800: 11030.563: Total time for which application threads were stopped: 0.0004946 seconds, Stopping threads took: 0.0000330 seconds
2017-04-24T18:49:00.900+0800: 11030.573: Total time for which application threads were stopped: 0.0002322 seconds, Stopping threads took: 0.0000475 seconds
2017-04-24T18:49:07.201+0800: 11036.873: Total time for which application threads were stopped: 0.0000853 seconds, Stopping threads took: 0.0000196 seconds
2017-04-24T18:49:07.201+0800: 11036.873: Total time for which application threads were stopped: 0.0000629 seconds, Stopping threads took: 0.0000183 seconds
2017-04-24T18:49:07.201+0800: 11036.873: Total time for which application threads were stopped: 0.0000439 seconds, Stopping threads took: 0.0000083 seconds
2017-04-24T18:49:07.201+0800: 11036.874: Total time for which application threads were stopped: 0.0000488 seconds, Stopping threads took: 0.0000112 seconds
2017-04-24T18:49:07.201+0800: 11036.874: Total time for which application threads were stopped: 0.0000497 seconds, Stopping threads took: 0.0000144 seconds
2017-04-24T18:49:07.202+0800: 11036.874: Total time for which application threads were stopped: 0.0000478 seconds, Stopping threads took: 0.0000144 seconds
2017-04-24T18:49:10.429+0800: 11040.102: Total time for which application threads were stopped: 0.0004295 seconds, Stopping threads took: 0.0000372 seconds
2017-04-24T18:49:10.849+0800: 11040.521: Total time for which application threads were stopped: 0.0003009 seconds, Stopping threads took: 0.0000622 seconds
2017-04-24T18:49:10.849+0800: 11040.521: Total time for which application threads were stopped: 0.0003002 seconds, Stopping threads took: 0.0000953 seconds
2017-04-24T18:49:10.850+0800: 11040.523: Total time for which application threads were stopped: 0.0001799 seconds, Stopping threads took: 0.0000330 seconds
2017-04-24T18:49:10.861+0800: 11040.534: Total time for which application threads were stopped: 0.0002665 seconds, Stopping threads took: 0.0000542 seconds
2017-04-24T18:49:20.435+0800: 11050.108: Total time for which application threads were stopped: 0.0001742 seconds, Stopping threads took: 0.0000369 seconds
2017-04-24T18:49:20.436+0800: 11050.108: Total time for which application threads were stopped: 0.0000937 seconds, Stopping threads took: 0.0000173 seconds
2017-04-24T18:49:20.774+0800: 11050.447: Total time for which application threads were stopped: 0.0002996 seconds, Stopping threads took: 0.0000792 seconds
2017-04-24T18:49:20.774+0800: 11050.447: Total time for which application threads were stopped: 0.0001860 seconds, Stopping threads took: 0.0000375 seconds
2017-04-24T18:49:20.775+0800: 11050.448: Total time for which application threads were stopped: 0.0002466 seconds, Stopping threads took: 0.0000446 seconds
2017-04-24T18:49:20.776+0800: 11050.448: Total time for which application threads were stopped: 0.0001681 seconds, Stopping threads took: 0.0000282 seconds
2017-04-24T18:49:20.776+0800: 11050.448: Total time for which application threads were stopped: 0.0002114 seconds, Stopping threads took: 0.0000414 seconds
2017-04-24T18:49:20.776+0800: 11050.449: Total time for which application threads were stopped: 0.0001652 seconds, Stopping threads took: 0.0000295 seconds
2017-04-24T18:49:20.776+0800: 11050.449: Total time for which application threads were stopped: 0.0002053 seconds, Stopping threads took: 0.0000308 seconds
2017-04-24T18:49:20.787+0800: 11050.460: Total time for which application threads were stopped: 0.0002345 seconds, Stopping threads took: 0.0000462 seconds
2017-04-24T18:49:30.444+0800: 11060.116: Total time for which application threads were stopped: 0.0003201 seconds, Stopping threads took: 0.0000725 seconds
2017-04-24T18:49:30.445+0800: 11060.117: Total time for which application threads were stopped: 0.0003211 seconds, Stopping threads took: 0.0000670 seconds
2017-04-24T18:49:30.776+0800: 11060.448: Total time for which application threads were stopped: 0.0002957 seconds, Stopping threads took: 0.0000773 seconds
2017-04-24T18:49:30.776+0800: 11060.449: Total time for which application threads were stopped: 0.0002136 seconds, Stopping threads took: 0.0000776 seconds
2017-04-24T18:49:30.777+0800: 11060.450: Total time for which application threads were stopped: 0.0001809 seconds, Stopping threads took: 0.0000353 seconds
2017-04-24T18:49:30.777+0800: 11060.450: Total time for which application threads were stopped: 0.0001440 seconds, Stopping threads took: 0.0000266 seconds
2017-04-24T18:49:30.778+0800: 11060.450: Total time for which application threads were stopped: 0.0001382 seconds, Stopping threads took: 0.0000241 seconds
2017-04-24T18:49:30.778+0800: 11060.450: Total time for which application threads were stopped: 0.0001347 seconds, Stopping threads took: 0.0000241 seconds
2017-04-24T18:49:30.778+0800: 11060.451: Total time for which application threads were stopped: 0.0002229 seconds, Stopping threads took: 0.0000427 seconds
2017-04-24T18:49:30.789+0800: 11060.461: Total time for which application threads were stopped: 0.0002701 seconds, Stopping threads took: 0.0000539 seconds
2017-04-24T18:49:40.420+0800: 11070.093: Total time for which application threads were stopped: 0.0001498 seconds, Stopping threads took: 0.0000269 seconds
2017-04-24T18:49:40.421+0800: 11070.094: Total time for which application threads were stopped: 0.0000773 seconds, Stopping threads took: 0.0000132 seconds
2017-04-24T18:49:40.727+0800: 11070.399: Total time for which application threads were stopped: 0.0003470 seconds, Stopping threads took: 0.0000953 seconds
2017-04-24T18:49:40.727+0800: 11070.400: Total time for which application threads were stopped: 0.0001466 seconds, Stopping threads took: 0.0000401 seconds
2017-04-24T18:49:40.728+0800: 11070.400: Total time for which application threads were stopped: 0.0001921 seconds, Stopping threads took: 0.0000321 seconds
2017-04-24T18:49:40.728+0800: 11070.401: Total time for which application threads were stopped: 0.0001575 seconds, Stopping threads took: 0.0000292 seconds
2017-04-24T18:49:40.729+0800: 11070.401: Total time for which application threads were stopped: 0.0001434 seconds, Stopping threads took: 0.0000241 seconds
2017-04-24T18:49:40.729+0800: 11070.401: Total time for which application threads were stopped: 0.0001536 seconds, Stopping threads took: 0.0000298 seconds
2017-04-24T18:49:40.729+0800: 11070.401: Total time for which application threads were stopped: 0.0001184 seconds, Stopping threads took: 0.0000199 seconds
2017-04-24T18:49:40.737+0800: 11070.409: Total time for which application threads were stopped: 0.0001870 seconds, Stopping threads took: 0.0000369 seconds
2017-04-24T18:49:50.425+0800: 11080.098: Total time for which application threads were stopped: 0.0001799 seconds, Stopping threads took: 0.0000343 seconds
2017-04-24T18:49:50.426+0800: 11080.098: Total time for which application threads were stopped: 0.0001347 seconds, Stopping threads took: 0.0000241 seconds
2017-04-24T18:49:50.712+0800: 11080.385: Total time for which application threads were stopped: 0.0002845 seconds, Stopping threads took: 0.0001225 seconds
2017-04-24T18:49:50.713+0800: 11080.385: Total time for which application threads were stopped: 0.0002194 seconds, Stopping threads took: 0.0000702 seconds
2017-04-24T18:49:50.714+0800: 11080.386: Total time for which application threads were stopped: 0.0002842 seconds, Stopping threads took: 0.0000285 seconds
2017-04-24T18:49:50.714+0800: 11080.386: Total time for which application threads were stopped: 0.0001389 seconds, Stopping threads took: 0.0000208 seconds
2017-04-24T18:49:50.714+0800: 11080.387: Total time for which application threads were stopped: 0.0001203 seconds, Stopping threads took: 0.0000173 seconds
2017-04-24T18:49:50.714+0800: 11080.387: Total time for which application threads were stopped: 0.0001119 seconds, Stopping threads took: 0.0000176 seconds
2017-04-24T18:49:50.714+0800: 11080.387: Total time for which application threads were stopped: 0.0001049 seconds, Stopping threads took: 0.0000164 seconds
2017-04-24T18:49:50.721+0800: 11080.394: Total time for which application threads were stopped: 0.0002139 seconds, Stopping threads took: 0.0000520 seconds
{Heap before GC invocations=107 (full 2):
 par new generation   total 109248K, used 93390K [0x00000000e0000000, 0x00000000e8000000, 0x00000000e8000000)
  eden space 87424K,  99% used [0x00000000e0000000, 0x00000000e552d960, 0x00000000e5560000)
  from space 21824K,  28% used [0x00000000e6ab0000, 0x00000000e70b5ea0, 0x00000000e8000000)
  to   space 21824K,   0% used [0x00000000e5560000, 0x00000000e5560000, 0x00000000e6ab0000)
 concurrent mark-sweep generation total 393216K, used 19369K [0x00000000e8000000, 0x0000000100000000, 0x0000000100000000)
 Metaspace       used 42764K, capacity 43544K, committed 44056K, reserved 1089536K
  class space    used 4603K, capacity 4830K, committed 4940K, reserved 1048576K
2017-04-24T18:50:00.414+0800: 11090.086: [GC (Allocation Failure) 2017-04-24T18:50:00.414+0800: 11090.086: [ParNew
Desired survivor size 20112992 bytes, new threshold 8 (max 8)
- age   1:    2875928 bytes,    2875928 total
- age   2:     693656 bytes,    3569584 total
- age   3:     758984 bytes,    4328568 total
- age   4:      11152 bytes,    4339720 total
- age   5:      11008 bytes,    4350728 total
- age   6:      10872 bytes,    4361600 total
- age   7:       9936 bytes,    4371536 total
- age   8:      11824 bytes,    4383360 total
: 93390K->5865K(109248K), 0.0039082 secs] 112759K->25244K(502464K), 0.0039663 secs] [Times: user=0.00 sys=0.00, real=0.00 secs] 
Heap after GC invocations=108 (full 2):
 par new generation   total 109248K, used 5865K [0x00000000e0000000, 0x00000000e8000000, 0x00000000e8000000)
  eden space 87424K,   0% used [0x00000000e0000000, 0x00000000e0000000, 0x00000000e5560000)
  from space 21824K,  26% used [0x00000000e5560000, 0x00000000e5b1a540, 0x00000000e6ab0000)
  to   space 21824K,   0% used [0x00000000e6ab0000, 0x00000000e6ab0000, 0x00000000e8000000)
 concurrent mark-sweep generation total 393216K, used 19378K [0x00000000e8000000, 0x0000000100000000, 0x0000000100000000)
 Metaspace       used 42764K, capacity 43544K, committed 44056K, reserved 1089536K
  class space    used 4603K, capacity 4830K, committed 4940K, reserved 1048576K
}
2017-04-24T18:50:00.418+0800: 11090.090: Total time for which application threads were stopped: 0.0041558 seconds, Stopping threads took: 0.0000199 seconds
2017-04-24T18:50:00.418+0800: 11090.090: Total time for which application threads were stopped: 0.0001318 seconds, Stopping threads took: 0.0000334 seconds
2017-04-24T18:50:00.418+0800: 11090.090: Total time for which application threads were stopped: 0.0001123 seconds, Stopping threads took: 0.0000587 seconds
2017-04-24T18:50:00.418+0800: 11090.091: Total time for which application threads were stopped: 0.0000600 seconds, Stopping threads took: 0.0000231 seconds
2017-04-24T18:50:00.418+0800: 11090.091: Total time for which application threads were stopped: 0.0000481 seconds, Stopping threads took: 0.0000173 seconds
2017-04-24T18:50:00.418+0800: 11090.091: Total time for which application threads were stopped: 0.0001883 seconds, Stopping threads took: 0.0000186 seconds
2017-04-24T18:50:00.419+0800: 11090.091: Total time for which application threads were stopped: 0.0000504 seconds, Stopping threads took: 0.0000115 seconds
2017-04-24T18:50:00.419+0800: 11090.091: Total time for which application threads were stopped: 0.0000510 seconds, Stopping threads took: 0.0000144 seconds
2017-04-24T18:50:00.419+0800: 11090.091: Total time for which application threads were stopped: 0.0000478 seconds, Stopping threads took: 0.0000106 seconds
2017-04-24T18:50:00.419+0800: 11090.091: Total time for which application threads were stopped: 0.0000504 seconds, Stopping threads took: 0.0000135 seconds
2017-04-24T18:50:00.419+0800: 11090.092: Total time for which application threads were stopped: 0.0000574 seconds, Stopping threads took: 0.0000167 seconds
2017-04-24T18:50:00.419+0800: 11090.092: Total time for which application threads were stopped: 0.0000520 seconds, Stopping threads took: 0.0000154 seconds
2017-04-24T18:50:00.419+0800: 11090.092: Total time for which application threads were stopped: 0.0000674 seconds, Stopping threads took: 0.0000279 seconds
2017-04-24T18:50:00.419+0800: 11090.092: Total time for which application threads were stopped: 0.0000828 seconds, Stopping threads took: 0.0000488 seconds
2017-04-24T18:50:00.420+0800: 11090.092: Total time for which application threads were stopped: 0.0000584 seconds, Stopping threads took: 0.0000208 seconds
2017-04-24T18:50:00.420+0800: 11090.092: Total time for which application threads were stopped: 0.0000571 seconds, Stopping threads took: 0.0000212 seconds
2017-04-24T18:50:00.420+0800: 11090.092: Total time for which application threads were stopped: 0.0000581 seconds, Stopping threads took: 0.0000186 seconds
2017-04-24T18:50:00.420+0800: 11090.092: Total time for which application threads were stopped: 0.0000455 seconds, Stopping threads took: 0.0000109 seconds
2017-04-24T18:50:00.420+0800: 11090.093: Total time for which application threads were stopped: 0.0000658 seconds, Stopping threads took: 0.0000225 seconds
2017-04-24T18:50:00.420+0800: 11090.093: Total time for which application threads were stopped: 0.0000494 seconds, Stopping threads took: 0.0000132 seconds
2017-04-24T18:50:00.421+0800: 11090.093: Total time for which application threads were stopped: 0.0000500 seconds, Stopping threads took: 0.0000090 seconds
2017-04-24T18:50:00.421+0800: 11090.093: Total time for which application threads were stopped: 0.0001979 seconds, Stopping threads took: 0.0000478 seconds
2017-04-24T18:50:00.421+0800: 11090.094: Total time for which application threads were stopped: 0.0001405 seconds, Stopping threads took: 0.0000183 seconds
2017-04-24T18:50:00.713+0800: 11090.386: Total time for which application threads were stopped: 0.0002781 seconds, Stopping threads took: 0.0000565 seconds
2017-04-24T18:50:00.714+0800: 11090.386: Total time for which application threads were stopped: 0.0003942 seconds, Stopping threads took: 0.0001787 seconds
2017-04-24T18:50:00.715+0800: 11090.388: Total time for which application threads were stopped: 0.0002043 seconds, Stopping threads took: 0.0000353 seconds
2017-04-24T18:50:00.716+0800: 11090.388: Total time for which application threads were stopped: 0.0001639 seconds, Stopping threads took: 0.0000276 seconds
2017-04-24T18:50:00.716+0800: 11090.388: Total time for which application threads were stopped: 0.0001969 seconds, Stopping threads took: 0.0000388 seconds
2017-04-24T18:50:00.716+0800: 11090.389: Total time for which application threads were stopped: 0.0001642 seconds, Stopping threads took: 0.0000305 seconds
2017-04-24T18:50:00.716+0800: 11090.389: Total time for which application threads were stopped: 0.0001912 seconds, Stopping threads took: 0.0000395 seconds
2017-04-24T18:50:00.727+0800: 11090.400: Total time for which application threads were stopped: 0.0005469 seconds, Stopping threads took: 0.0000452 seconds
2017-04-24T18:50:10.437+0800: 11100.110: Total time for which application threads were stopped: 0.0002611 seconds, Stopping threads took: 0.0000523 seconds
2017-04-24T18:50:10.438+0800: 11100.111: Total time for which application threads were stopped: 0.0001562 seconds, Stopping threads took: 0.0000350 seconds
2017-04-24T18:50:10.771+0800: 11100.444: Total time for which application threads were stopped: 0.0001126 seconds, Stopping threads took: 0.0000337 seconds
2017-04-24T18:50:10.771+0800: 11100.444: Total time for which application threads were stopped: 0.0000411 seconds, Stopping threads took: 0.0000083 seconds
2017-04-24T18:50:10.772+0800: 11100.444: Total time for which application threads were stopped: 0.0000706 seconds, Stopping threads took: 0.0000234 seconds
2017-04-24T18:50:10.772+0800: 11100.444: Total time for which application threads were stopped: 0.0000520 seconds, Stopping threads took: 0.0000103 seconds
2017-04-24T18:50:10.772+0800: 11100.444: Total time for which application threads were stopped: 0.0000449 seconds, Stopping threads took: 0.0000090 seconds
2017-04-24T18:50:10.772+0800: 11100.445: Total time for which application threads were stopped: 0.0000407 seconds, Stopping threads took: 0.0000080 seconds
2017-04-24T18:50:10.772+0800: 11100.445: Total time for which application threads were stopped: 0.0000378 seconds, Stopping threads took: 0.0000074 seconds
2017-04-24T18:50:10.772+0800: 11100.445: Total time for which application threads were stopped: 0.0001475 seconds, Stopping threads took: 0.0000071 seconds
2017-04-24T18:50:20.434+0800: 11110.107: Total time for which application threads were stopped: 0.0001584 seconds, Stopping threads took: 0.0000327 seconds
2017-04-24T18:50:20.434+0800: 11110.107: Total time for which application threads were stopped: 0.0000779 seconds, Stopping threads took: 0.0000144 seconds
2017-04-24T18:50:20.749+0800: 11110.422: Total time for which application threads were stopped: 0.0001899 seconds, Stopping threads took: 0.0000536 seconds
2017-04-24T18:50:20.750+0800: 11110.422: Total time for which application threads were stopped: 0.0001257 seconds, Stopping threads took: 0.0000353 seconds
2017-04-24T18:50:20.750+0800: 11110.422: Total time for which application threads were stopped: 0.0001604 seconds, Stopping threads took: 0.0000292 seconds
2017-04-24T18:50:20.751+0800: 11110.423: Total time for which application threads were stopped: 0.0001302 seconds, Stopping threads took: 0.0000292 seconds
2017-04-24T18:50:30.407+0800: 11120.079: Total time for which application threads were stopped: 0.0002944 seconds, Stopping threads took: 0.0000372 seconds
2017-04-24T18:50:30.426+0800: 11120.098: Total time for which application threads were stopped: 0.0001841 seconds, Stopping threads took: 0.0000375 seconds
2017-04-24T18:50:30.427+0800: 11120.099: Total time for which application threads were stopped: 0.0000921 seconds, Stopping threads took: 0.0000164 seconds
2017-04-24T18:50:30.884+0800: 11120.557: Total time for which application threads were stopped: 0.0001674 seconds, Stopping threads took: 0.0000343 seconds
2017-04-24T18:50:30.885+0800: 11120.557: Total time for which application threads were stopped: 0.0001251 seconds, Stopping threads took: 0.0000330 seconds
2017-04-24T18:50:30.885+0800: 11120.557: Total time for which application threads were stopped: 0.0001110 seconds, Stopping threads took: 0.0000285 seconds
2017-04-24T18:50:30.885+0800: 11120.558: Total time for which application threads were stopped: 0.0001398 seconds, Stopping threads took: 0.0000260 seconds
2017-04-24T18:50:30.885+0800: 11120.558: Total time for which application threads were stopped: 0.0000888 seconds, Stopping threads took: 0.0000164 seconds
2017-04-24T18:50:30.885+0800: 11120.558: Total time for which application threads were stopped: 0.0000872 seconds, Stopping threads took: 0.0000154 seconds
2017-04-24T18:50:30.886+0800: 11120.558: Total time for which application threads were stopped: 0.0000828 seconds, Stopping threads took: 0.0000151 seconds
2017-04-24T18:50:30.886+0800: 11120.558: Total time for which application threads were stopped: 0.0000821 seconds, Stopping threads took: 0.0000151 seconds
2017-04-24T18:50:40.438+0800: 11130.111: Total time for which application threads were stopped: 0.0002611 seconds, Stopping threads took: 0.0000552 seconds
2017-04-24T18:50:40.439+0800: 11130.112: Total time for which application threads were stopped: 0.0001588 seconds, Stopping threads took: 0.0000305 seconds
2017-04-24T18:50:40.794+0800: 11130.466: Total time for which application threads were stopped: 0.0001738 seconds, Stopping threads took: 0.0000337 seconds
2017-04-24T18:50:40.795+0800: 11130.467: Total time for which application threads were stopped: 0.0001434 seconds, Stopping threads took: 0.0000266 seconds
2017-04-24T18:50:40.795+0800: 11130.467: Total time for which application threads were stopped: 0.0001770 seconds, Stopping threads took: 0.0000241 seconds
2017-04-24T18:50:40.795+0800: 11130.467: Total time for which application threads were stopped: 0.0000962 seconds, Stopping threads took: 0.0000176 seconds
2017-04-24T18:50:40.795+0800: 11130.468: Total time for which application threads were stopped: 0.0000847 seconds, Stopping threads took: 0.0000157 seconds
2017-04-24T18:50:40.795+0800: 11130.468: Total time for which application threads were stopped: 0.0001068 seconds, Stopping threads took: 0.0000212 seconds
2017-04-24T18:50:50.435+0800: 11140.107: Total time for which application threads were stopped: 0.0001565 seconds, Stopping threads took: 0.0000330 seconds
2017-04-24T18:50:50.435+0800: 11140.107: Total time for which application threads were stopped: 0.0000811 seconds, Stopping threads took: 0.0000144 seconds
2017-04-24T18:50:50.910+0800: 11140.582: Total time for which application threads were stopped: 0.0002864 seconds, Stopping threads took: 0.0000658 seconds
2017-04-24T18:50:50.910+0800: 11140.582: Total time for which application threads were stopped: 0.0002428 seconds, Stopping threads took: 0.0000847 seconds
2017-04-24T18:50:50.910+0800: 11140.583: Total time for which application threads were stopped: 0.0001899 seconds, Stopping threads took: 0.0000513 seconds
2017-04-24T18:50:50.912+0800: 11140.584: Total time for which application threads were stopped: 0.0005793 seconds, Stopping threads took: 0.0000439 seconds
2017-04-24T18:50:50.912+0800: 11140.584: Total time for which application threads were stopped: 0.0001575 seconds, Stopping threads took: 0.0000273 seconds
2017-04-24T18:50:50.912+0800: 11140.585: Total time for which application threads were stopped: 0.0001835 seconds, Stopping threads took: 0.0000359 seconds
2017-04-24T18:50:50.913+0800: 11140.585: Total time for which application threads were stopped: 0.0002091 seconds, Stopping threads took: 0.0000257 seconds
2017-04-24T18:50:50.913+0800: 11140.585: Total time for which application threads were stopped: 0.0001459 seconds, Stopping threads took: 0.0000266 seconds
2017-04-24T18:51:00.414+0800: 11150.087: Total time for which application threads were stopped: 0.0001033 seconds, Stopping threads took: 0.0000218 seconds
2017-04-24T18:51:00.415+0800: 11150.087: Total time for which application threads were stopped: 0.0000645 seconds, Stopping threads took: 0.0000128 seconds
2017-04-24T18:51:00.746+0800: 11150.418: Total time for which application threads were stopped: 0.0002803 seconds, Stopping threads took: 0.0000828 seconds
2017-04-24T18:51:00.746+0800: 11150.419: Total time for which application threads were stopped: 0.0005222 seconds, Stopping threads took: 0.0003740 seconds
2017-04-24T18:51:00.747+0800: 11150.419: Total time for which application threads were stopped: 0.0002932 seconds, Stopping threads took: 0.0000754 seconds
2017-04-24T18:51:00.748+0800: 11150.420: Total time for which application threads were stopped: 0.0002245 seconds, Stopping threads took: 0.0000375 seconds
2017-04-24T18:51:00.748+0800: 11150.421: Total time for which application threads were stopped: 0.0001777 seconds, Stopping threads took: 0.0000372 seconds
2017-04-24T18:51:00.749+0800: 11150.421: Total time for which application threads were stopped: 0.0001617 seconds, Stopping threads took: 0.0000318 seconds
2017-04-24T18:51:00.749+0800: 11150.421: Total time for which application threads were stopped: 0.0001552 seconds, Stopping threads took: 0.0000308 seconds
2017-04-24T18:51:10.416+0800: 11160.089: Total time for which application threads were stopped: 0.0001081 seconds, Stopping threads took: 0.0000244 seconds
2017-04-24T18:51:10.416+0800: 11160.089: Total time for which application threads were stopped: 0.0000468 seconds, Stopping threads took: 0.0000093 seconds
2017-04-24T18:51:10.763+0800: 11160.436: Total time for which application threads were stopped: 0.0002672 seconds, Stopping threads took: 0.0000545 seconds
2017-04-24T18:51:10.764+0800: 11160.436: Total time for which application threads were stopped: 0.0002213 seconds, Stopping threads took: 0.0000439 seconds
2017-04-24T18:51:10.764+0800: 11160.437: Total time for which application threads were stopped: 0.0002146 seconds, Stopping threads took: 0.0000837 seconds
2017-04-24T18:51:10.765+0800: 11160.438: Total time for which application threads were stopped: 0.0001886 seconds, Stopping threads took: 0.0000321 seconds
2017-04-24T18:51:10.765+0800: 11160.438: Total time for which application threads were stopped: 0.0001867 seconds, Stopping threads took: 0.0000346 seconds
2017-04-24T18:51:10.765+0800: 11160.438: Total time for which application threads were stopped: 0.0002033 seconds, Stopping threads took: 0.0000388 seconds
2017-04-24T18:51:10.766+0800: 11160.438: Total time for which application threads were stopped: 0.0001597 seconds, Stopping threads took: 0.0000273 seconds
2017-04-24T18:51:10.766+0800: 11160.439: Total time for which application threads were stopped: 0.0001501 seconds, Stopping threads took: 0.0000253 seconds
2017-04-24T18:51:20.435+0800: 11170.107: Total time for which application threads were stopped: 0.0002078 seconds, Stopping threads took: 0.0000305 seconds
2017-04-24T18:51:20.435+0800: 11170.108: Total time for which application threads were stopped: 0.0001180 seconds, Stopping threads took: 0.0000234 seconds
2017-04-24T18:51:20.766+0800: 11170.439: Total time for which application threads were stopped: 0.0001793 seconds, Stopping threads took: 0.0000404 seconds
2017-04-24T18:51:20.766+0800: 11170.439: Total time for which application threads were stopped: 0.0001466 seconds, Stopping threads took: 0.0000292 seconds
2017-04-24T18:51:20.767+0800: 11170.439: Total time for which application threads were stopped: 0.0001357 seconds, Stopping threads took: 0.0000481 seconds
2017-04-24T18:51:20.767+0800: 11170.440: Total time for which application threads were stopped: 0.0001145 seconds, Stopping threads took: 0.0000212 seconds
2017-04-24T18:51:20.767+0800: 11170.440: Total time for which application threads were stopped: 0.0001062 seconds, Stopping threads took: 0.0000212 seconds
2017-04-24T18:51:20.768+0800: 11170.440: Total time for which application threads were stopped: 0.0000876 seconds, Stopping threads took: 0.0000164 seconds
2017-04-24T18:51:20.768+0800: 11170.440: Total time for which application threads were stopped: 0.0001225 seconds, Stopping threads took: 0.0000151 seconds
2017-04-24T18:51:20.768+0800: 11170.440: Total time for which application threads were stopped: 0.0003355 seconds, Stopping threads took: 0.0000212 seconds
2017-04-24T18:51:30.425+0800: 11180.097: Total time for which application threads were stopped: 0.0001828 seconds, Stopping threads took: 0.0000353 seconds
2017-04-24T18:51:30.425+0800: 11180.098: Total time for which application threads were stopped: 0.0000930 seconds, Stopping threads took: 0.0000167 seconds
2017-04-24T18:51:30.754+0800: 11180.427: Total time for which application threads were stopped: 0.0003628 seconds, Stopping threads took: 0.0001142 seconds
2017-04-24T18:51:30.754+0800: 11180.427: Total time for which application threads were stopped: 0.0002640 seconds, Stopping threads took: 0.0000718 seconds
2017-04-24T18:51:30.755+0800: 11180.427: Total time for which application threads were stopped: 0.0002268 seconds, Stopping threads took: 0.0000808 seconds
2017-04-24T18:51:30.756+0800: 11180.429: Total time for which application threads were stopped: 0.0002210 seconds, Stopping threads took: 0.0000587 seconds
{Heap before GC invocations=108 (full 2):
 par new generation   total 109248K, used 93092K [0x00000000e0000000, 0x00000000e8000000, 0x00000000e8000000)
  eden space 87424K,  99% used [0x00000000e0000000, 0x00000000e552eda8, 0x00000000e5560000)
  from space 21824K,  26% used [0x00000000e5560000, 0x00000000e5b1a540, 0x00000000e6ab0000)
  to   space 21824K,   0% used [0x00000000e6ab0000, 0x00000000e6ab0000, 0x00000000e8000000)
 concurrent mark-sweep generation total 393216K, used 19378K [0x00000000e8000000, 0x0000000100000000, 0x0000000100000000)
 Metaspace       used 42764K, capacity 43544K, committed 44056K, reserved 1089536K
  class space    used 4603K, capacity 4830K, committed 4940K, reserved 1048576K
2017-04-24T18:51:40.426+0800: 11190.098: [GC (Allocation Failure) 2017-04-24T18:51:40.426+0800: 11190.098: [ParNew
Desired survivor size 20112992 bytes, new threshold 8 (max 8)
- age   1:    2821368 bytes,    2821368 total
- age   2:     696472 bytes,    3517840 total
- age   3:      68424 bytes,    3586264 total
- age   4:     700520 bytes,    4286784 total
- age   5:      10456 bytes,    4297240 total
- age   6:      11008 bytes,    4308248 total
- age   7:      10872 bytes,    4319120 total
- age   8:       9936 bytes,    4329056 total
: 93092K->5715K(109248K), 0.0118231 secs] 112471K->25105K(502464K), 0.0119819 secs] [Times: user=0.06 sys=0.00, real=0.01 secs] 
Heap after GC invocations=109 (full 2):
 par new generation   total 109248K, used 5715K [0x00000000e0000000, 0x00000000e8000000, 0x00000000e8000000)
  eden space 87424K,   0% used [0x00000000e0000000, 0x00000000e0000000, 0x00000000e5560000)
  from space 21824K,  26% used [0x00000000e6ab0000, 0x00000000e7044cc0, 0x00000000e8000000)
  to   space 21824K,   0% used [0x00000000e5560000, 0x00000000e5560000, 0x00000000e6ab0000)
 concurrent mark-sweep generation total 393216K, used 19390K [0x00000000e8000000, 0x0000000100000000, 0x0000000100000000)
 Metaspace       used 42764K, capacity 43544K, committed 44056K, reserved 1089536K
  class space    used 4603K, capacity 4830K, committed 4940K, reserved 1048576K
}
2017-04-24T18:51:40.438+0800: 11190.110: Total time for which application threads were stopped: 0.0124508 seconds, Stopping threads took: 0.0000455 seconds
2017-04-24T18:51:40.441+0800: 11190.114: Total time for which application threads were stopped: 0.0001328 seconds, Stopping threads took: 0.0000260 seconds
2017-04-24T18:51:40.441+0800: 11190.114: Total time for which application threads were stopped: 0.0000609 seconds, Stopping threads took: 0.0000099 seconds
2017-04-24T18:51:40.730+0800: 11190.402: Total time for which application threads were stopped: 0.0002906 seconds, Stopping threads took: 0.0000603 seconds
2017-04-24T18:51:40.730+0800: 11190.403: Total time for which application threads were stopped: 0.0003073 seconds, Stopping threads took: 0.0000953 seconds
2017-04-24T18:51:40.730+0800: 11190.403: Total time for which application threads were stopped: 0.0001995 seconds, Stopping threads took: 0.0000382 seconds
2017-04-24T18:51:40.731+0800: 11190.404: Total time for which application threads were stopped: 0.0002473 seconds, Stopping threads took: 0.0000395 seconds
2017-04-24T18:51:40.732+0800: 11190.404: Total time for which application threads were stopped: 0.0002309 seconds, Stopping threads took: 0.0000433 seconds
2017-04-24T18:51:40.732+0800: 11190.405: Total time for which application threads were stopped: 0.0001915 seconds, Stopping threads took: 0.0000318 seconds
2017-04-24T18:51:40.732+0800: 11190.405: Total time for which application threads were stopped: 0.0001658 seconds, Stopping threads took: 0.0000266 seconds
2017-04-24T18:51:40.732+0800: 11190.405: Total time for which application threads were stopped: 0.0001915 seconds, Stopping threads took: 0.0000324 seconds
2017-04-24T18:51:40.743+0800: 11190.416: Total time for which application threads were stopped: 0.0002348 seconds, Stopping threads took: 0.0000462 seconds
2017-04-24T18:51:50.798+0800: 11200.471: Total time for which application threads were stopped: 0.0007374 seconds, Stopping threads took: 0.0001097 seconds
2017-04-24T18:51:50.799+0800: 11200.471: Total time for which application threads were stopped: 0.0005799 seconds, Stopping threads took: 0.0000574 seconds
2017-04-24T18:51:50.800+0800: 11200.473: Total time for which application threads were stopped: 0.0003053 seconds, Stopping threads took: 0.0000423 seconds
2017-04-24T18:51:50.801+0800: 11200.473: Total time for which application threads were stopped: 0.0003060 seconds, Stopping threads took: 0.0000411 seconds
2017-04-24T18:51:50.801+0800: 11200.473: Total time for which application threads were stopped: 0.0002614 seconds, Stopping threads took: 0.0000350 seconds
2017-04-24T18:51:50.801+0800: 11200.474: Total time for which application threads were stopped: 0.0002261 seconds, Stopping threads took: 0.0000266 seconds
2017-04-24T18:51:50.801+0800: 11200.474: Total time for which application threads were stopped: 0.0002191 seconds, Stopping threads took: 0.0000250 seconds
2017-04-24T18:51:50.812+0800: 11200.484: Total time for which application threads were stopped: 0.0002678 seconds, Stopping threads took: 0.0000510 seconds
2017-04-24T18:52:00.416+0800: 11210.089: Total time for which application threads were stopped: 0.0001132 seconds, Stopping threads took: 0.0000228 seconds
2017-04-24T18:52:00.417+0800: 11210.089: Total time for which application threads were stopped: 0.0000718 seconds, Stopping threads took: 0.0000141 seconds
2017-04-24T18:52:00.757+0800: 11210.430: Total time for which application threads were stopped: 0.0002024 seconds, Stopping threads took: 0.0000385 seconds
2017-04-24T18:52:00.757+0800: 11210.430: Total time for which application threads were stopped: 0.0001023 seconds, Stopping threads took: 0.0000192 seconds
2017-04-24T18:52:00.757+0800: 11210.430: Total time for which application threads were stopped: 0.0000956 seconds, Stopping threads took: 0.0000173 seconds
2017-04-24T18:52:00.757+0800: 11210.430: Total time for which application threads were stopped: 0.0000940 seconds, Stopping threads took: 0.0000173 seconds
2017-04-24T18:52:00.758+0800: 11210.430: Total time for which application threads were stopped: 0.0000921 seconds, Stopping threads took: 0.0000167 seconds
2017-04-24T18:52:10.416+0800: 11220.089: Total time for which application threads were stopped: 0.0001126 seconds, Stopping threads took: 0.0000208 seconds
2017-04-24T18:52:10.417+0800: 11220.089: Total time for which application threads were stopped: 0.0000670 seconds, Stopping threads took: 0.0000119 seconds
2017-04-24T18:52:10.893+0800: 11220.565: Total time for which application threads were stopped: 0.0003063 seconds, Stopping threads took: 0.0000946 seconds
2017-04-24T18:52:10.894+0800: 11220.566: Total time for which application threads were stopped: 0.0002274 seconds, Stopping threads took: 0.0000276 seconds
2017-04-24T18:52:10.894+0800: 11220.567: Total time for which application threads were stopped: 0.0001482 seconds, Stopping threads took: 0.0000263 seconds
2017-04-24T18:52:10.894+0800: 11220.567: Total time for which application threads were stopped: 0.0001360 seconds, Stopping threads took: 0.0000231 seconds
2017-04-24T18:52:10.895+0800: 11220.567: Total time for which application threads were stopped: 0.0001370 seconds, Stopping threads took: 0.0000225 seconds
2017-04-24T18:52:10.895+0800: 11220.567: Total time for which application threads were stopped: 0.0001344 seconds, Stopping threads took: 0.0000228 seconds
2017-04-24T18:52:10.903+0800: 11220.576: Total time for which application threads were stopped: 0.0001966 seconds, Stopping threads took: 0.0000407 seconds
2017-04-24T18:52:20.415+0800: 11230.088: Total time for which application threads were stopped: 0.0001010 seconds, Stopping threads took: 0.0000221 seconds
2017-04-24T18:52:20.416+0800: 11230.088: Total time for which application threads were stopped: 0.0000770 seconds, Stopping threads took: 0.0000138 seconds
2017-04-24T18:52:20.693+0800: 11230.366: Total time for which application threads were stopped: 0.0002665 seconds, Stopping threads took: 0.0000516 seconds
2017-04-24T18:52:20.693+0800: 11230.366: Total time for which application threads were stopped: 0.0001572 seconds, Stopping threads took: 0.0000321 seconds
2017-04-24T18:52:20.694+0800: 11230.366: Total time for which application threads were stopped: 0.0001084 seconds, Stopping threads took: 0.0000218 seconds
2017-04-24T18:52:20.694+0800: 11230.367: Total time for which application threads were stopped: 0.0001135 seconds, Stopping threads took: 0.0000273 seconds
2017-04-24T18:52:20.694+0800: 11230.367: Total time for which application threads were stopped: 0.0002418 seconds, Stopping threads took: 0.0001482 seconds
2017-04-24T18:52:20.701+0800: 11230.374: Total time for which application threads were stopped: 0.0001129 seconds, Stopping threads took: 0.0000218 seconds
2017-04-24T18:52:30.436+0800: 11240.109: Total time for which application threads were stopped: 0.0002810 seconds, Stopping threads took: 0.0000526 seconds
2017-04-24T18:52:30.437+0800: 11240.110: Total time for which application threads were stopped: 0.0001591 seconds, Stopping threads took: 0.0000269 seconds
2017-04-24T18:52:30.778+0800: 11240.450: Total time for which application threads were stopped: 0.0001219 seconds, Stopping threads took: 0.0000189 seconds
2017-04-24T18:52:30.778+0800: 11240.450: Total time for which application threads were stopped: 0.0000789 seconds, Stopping threads took: 0.0000119 seconds
2017-04-24T18:52:30.778+0800: 11240.450: Total time for which application threads were stopped: 0.0000651 seconds, Stopping threads took: 0.0000106 seconds
2017-04-24T18:52:30.778+0800: 11240.451: Total time for which application threads were stopped: 0.0000523 seconds, Stopping threads took: 0.0000077 seconds
2017-04-24T18:52:30.778+0800: 11240.451: Total time for which application threads were stopped: 0.0001604 seconds, Stopping threads took: 0.0000074 seconds
2017-04-24T18:52:30.783+0800: 11240.456: Total time for which application threads were stopped: 0.0000930 seconds, Stopping threads took: 0.0000176 seconds
2017-04-24T18:52:40.437+0800: 11250.110: Total time for which application threads were stopped: 0.0003166 seconds, Stopping threads took: 0.0000545 seconds
2017-04-24T18:52:40.438+0800: 11250.111: Total time for which application threads were stopped: 0.0004843 seconds, Stopping threads took: 0.0000263 seconds
2017-04-24T18:52:40.740+0800: 11250.412: Total time for which application threads were stopped: 0.0002874 seconds, Stopping threads took: 0.0000510 seconds
2017-04-24T18:52:40.751+0800: 11250.423: Total time for which application threads were stopped: 0.0003140 seconds, Stopping threads took: 0.0000542 seconds
2017-04-24T18:52:50.437+0800: 11260.109: Total time for which application threads were stopped: 0.0002742 seconds, Stopping threads took: 0.0000584 seconds
2017-04-24T18:52:50.438+0800: 11260.110: Total time for which application threads were stopped: 0.0001722 seconds, Stopping threads took: 0.0000324 seconds
2017-04-24T18:52:50.771+0800: 11260.443: Total time for which application threads were stopped: 0.0001084 seconds, Stopping threads took: 0.0000199 seconds
2017-04-24T18:52:50.771+0800: 11260.443: Total time for which application threads were stopped: 0.0000574 seconds, Stopping threads took: 0.0000122 seconds
2017-04-24T18:52:50.771+0800: 11260.443: Total time for which application threads were stopped: 0.0000568 seconds, Stopping threads took: 0.0000099 seconds
2017-04-24T18:52:50.771+0800: 11260.443: Total time for which application threads were stopped: 0.0000375 seconds, Stopping threads took: 0.0000071 seconds
2017-04-24T18:52:50.771+0800: 11260.444: Total time for which application threads were stopped: 0.0000346 seconds, Stopping threads took: 0.0000067 seconds
2017-04-24T18:52:50.775+0800: 11260.447: Total time for which application threads were stopped: 0.0001020 seconds, Stopping threads took: 0.0000196 seconds
2017-04-24T18:53:00.441+0800: 11270.113: Total time for which application threads were stopped: 0.0006216 seconds, Stopping threads took: 0.0000593 seconds
2017-04-24T18:53:00.442+0800: 11270.114: Total time for which application threads were stopped: 0.0001639 seconds, Stopping threads took: 0.0000330 seconds
2017-04-24T18:53:00.759+0800: 11270.431: Total time for which application threads were stopped: 0.0002614 seconds, Stopping threads took: 0.0000500 seconds
2017-04-24T18:53:00.759+0800: 11270.432: Total time for which application threads were stopped: 0.0002220 seconds, Stopping threads took: 0.0000439 seconds
2017-04-24T18:53:00.760+0800: 11270.432: Total time for which application threads were stopped: 0.0001870 seconds, Stopping threads took: 0.0000391 seconds
2017-04-24T18:53:00.760+0800: 11270.432: Total time for which application threads were stopped: 0.0001719 seconds, Stopping threads took: 0.0000366 seconds
2017-04-24T18:53:00.760+0800: 11270.433: Total time for which application threads were stopped: 0.0002056 seconds, Stopping threads took: 0.0000561 seconds
2017-04-24T18:53:00.771+0800: 11270.443: Total time for which application threads were stopped: 0.0001950 seconds, Stopping threads took: 0.0000385 seconds
2017-04-24T18:53:10.417+0800: 11280.089: Total time for which application threads were stopped: 0.0002999 seconds, Stopping threads took: 0.0000507 seconds
2017-04-24T18:53:10.439+0800: 11280.112: Total time for which application threads were stopped: 0.0002800 seconds, Stopping threads took: 0.0000552 seconds
2017-04-24T18:53:10.440+0800: 11280.112: Total time for which application threads were stopped: 0.0002216 seconds, Stopping threads took: 0.0000273 seconds
2017-04-24T18:53:10.770+0800: 11280.442: Total time for which application threads were stopped: 0.0003105 seconds, Stopping threads took: 0.0000693 seconds
2017-04-24T18:53:10.770+0800: 11280.443: Total time for which application threads were stopped: 0.0002415 seconds, Stopping threads took: 0.0000449 seconds
2017-04-24T18:53:10.770+0800: 11280.443: Total time for which application threads were stopped: 0.0001860 seconds, Stopping threads took: 0.0000401 seconds
2017-04-24T18:53:10.771+0800: 11280.443: Total time for which application threads were stopped: 0.0001649 seconds, Stopping threads took: 0.0000324 seconds
2017-04-24T18:53:10.771+0800: 11280.444: Total time for which application threads were stopped: 0.0001716 seconds, Stopping threads took: 0.0000353 seconds
2017-04-24T18:53:10.782+0800: 11280.455: Total time for which application threads were stopped: 0.0002768 seconds, Stopping threads took: 0.0000513 seconds
{Heap before GC invocations=109 (full 2):
 par new generation   total 109248K, used 92903K [0x00000000e0000000, 0x00000000e8000000, 0x00000000e8000000)
  eden space 87424K,  99% used [0x00000000e0000000, 0x00000000e55252e0, 0x00000000e5560000)
  from space 21824K,  26% used [0x00000000e6ab0000, 0x00000000e7044cc0, 0x00000000e8000000)
  to   space 21824K,   0% used [0x00000000e5560000, 0x00000000e5560000, 0x00000000e6ab0000)
 concurrent mark-sweep generation total 393216K, used 19390K [0x00000000e8000000, 0x0000000100000000, 0x0000000100000000)
 Metaspace       used 42765K, capacity 43544K, committed 44056K, reserved 1089536K
  class space    used 4603K, capacity 4830K, committed 4940K, reserved 1048576K
2017-04-24T18:53:20.432+0800: 11290.105: [GC (Allocation Failure) 2017-04-24T18:53:20.433+0800: 11290.105: [ParNew
Desired survivor size 20112992 bytes, new threshold 8 (max 8)
- age   1:    2797480 bytes,    2797480 total
- age   2:     693080 bytes,    3490560 total
- age   3:      70848 bytes,    3561408 total
- age   4:      12520 bytes,    3573928 total
- age   5:     696904 bytes,    4270832 total
- age   6:      10456 bytes,    4281288 total
- age   7:      11008 bytes,    4292296 total
- age   8:      10872 bytes,    4303168 total
: 92903K->5320K(109248K), 0.0086244 secs] 112294K->24720K(502464K), 0.0088521 secs] [Times: user=0.00 sys=0.00, real=0.01 secs] 
Heap after GC invocations=110 (full 2):
 par new generation   total 109248K, used 5320K [0x00000000e0000000, 0x00000000e8000000, 0x00000000e8000000)
  eden space 87424K,   0% used [0x00000000e0000000, 0x00000000e0000000, 0x00000000e5560000)
  from space 21824K,  24% used [0x00000000e5560000, 0x00000000e5a920c0, 0x00000000e6ab0000)
  to   space 21824K,   0% used [0x00000000e6ab0000, 0x00000000e6ab0000, 0x00000000e8000000)
 concurrent mark-sweep generation total 393216K, used 19400K [0x00000000e8000000, 0x0000000100000000, 0x0000000100000000)
 Metaspace       used 42765K, capacity 43544K, committed 44056K, reserved 1089536K
  class space    used 4603K, capacity 4830K, committed 4940K, reserved 1048576K
}
2017-04-24T18:53:20.441+0800: 11290.114: Total time for which application threads were stopped: 0.0092303 seconds, Stopping threads took: 0.0000366 seconds
2017-04-24T18:53:20.442+0800: 11290.114: Total time for which application threads were stopped: 0.0002175 seconds, Stopping threads took: 0.0000677 seconds
2017-04-24T18:53:20.442+0800: 11290.114: Total time for which application threads were stopped: 0.0001530 seconds, Stopping threads took: 0.0000664 seconds
2017-04-24T18:53:20.442+0800: 11290.115: Total time for which application threads were stopped: 0.0001251 seconds, Stopping threads took: 0.0000484 seconds
2017-04-24T18:53:20.442+0800: 11290.115: Total time for which application threads were stopped: 0.0001171 seconds, Stopping threads took: 0.0000417 seconds
2017-04-24T18:53:20.443+0800: 11290.115: Total time for which application threads were stopped: 0.0000917 seconds, Stopping threads took: 0.0000196 seconds
2017-04-24T18:53:20.443+0800: 11290.115: Total time for which application threads were stopped: 0.0000885 seconds, Stopping threads took: 0.0000173 seconds
2017-04-24T18:53:20.443+0800: 11290.115: Total time for which application threads were stopped: 0.0000892 seconds, Stopping threads took: 0.0000186 seconds
2017-04-24T18:53:20.443+0800: 11290.116: Total time for which application threads were stopped: 0.0000869 seconds, Stopping threads took: 0.0000186 seconds
2017-04-24T18:53:20.443+0800: 11290.116: Total time for which application threads were stopped: 0.0001738 seconds, Stopping threads took: 0.0000282 seconds
2017-04-24T18:53:20.444+0800: 11290.116: Total time for which application threads were stopped: 0.0001629 seconds, Stopping threads took: 0.0000478 seconds
2017-04-24T18:53:20.444+0800: 11290.117: Total time for which application threads were stopped: 0.0001549 seconds, Stopping threads took: 0.0000574 seconds
2017-04-24T18:53:20.445+0800: 11290.117: Total time for which application threads were stopped: 0.0001623 seconds, Stopping threads took: 0.0000574 seconds
2017-04-24T18:53:20.445+0800: 11290.117: Total time for which application threads were stopped: 0.0001321 seconds, Stopping threads took: 0.0000471 seconds
2017-04-24T18:53:20.445+0800: 11290.118: Total time for which application threads were stopped: 0.0001171 seconds, Stopping threads took: 0.0000401 seconds
2017-04-24T18:53:20.445+0800: 11290.118: Total time for which application threads were stopped: 0.0001116 seconds, Stopping threads took: 0.0000375 seconds
2017-04-24T18:53:20.445+0800: 11290.118: Total time for which application threads were stopped: 0.0001103 seconds, Stopping threads took: 0.0000375 seconds
2017-04-24T18:53:20.446+0800: 11290.118: Total time for which application threads were stopped: 0.0001148 seconds, Stopping threads took: 0.0000427 seconds
2017-04-24T18:53:20.446+0800: 11290.118: Total time for which application threads were stopped: 0.0001107 seconds, Stopping threads took: 0.0000388 seconds
2017-04-24T18:53:20.446+0800: 11290.119: Total time for which application threads were stopped: 0.0001463 seconds, Stopping threads took: 0.0000180 seconds
2017-04-24T18:53:20.446+0800: 11290.119: Total time for which application threads were stopped: 0.0001395 seconds, Stopping threads took: 0.0000189 seconds
2017-04-24T18:53:20.447+0800: 11290.119: Total time for which application threads were stopped: 0.0001151 seconds, Stopping threads took: 0.0000378 seconds
2017-04-24T18:53:20.447+0800: 11290.119: Total time for which application threads were stopped: 0.0000921 seconds, Stopping threads took: 0.0000196 seconds
2017-04-24T18:53:20.447+0800: 11290.120: Total time for which application threads were stopped: 0.0000856 seconds, Stopping threads took: 0.0000160 seconds
2017-04-24T18:53:20.448+0800: 11290.120: Total time for which application threads were stopped: 0.0000840 seconds, Stopping threads took: 0.0000151 seconds
2017-04-24T18:53:20.812+0800: 11290.484: Total time for which application threads were stopped: 0.0002720 seconds, Stopping threads took: 0.0000571 seconds
2017-04-24T18:53:20.812+0800: 11290.485: Total time for which application threads were stopped: 0.0001463 seconds, Stopping threads took: 0.0000257 seconds
2017-04-24T18:53:20.812+0800: 11290.485: Total time for which application threads were stopped: 0.0001389 seconds, Stopping threads took: 0.0000263 seconds
2017-04-24T18:53:20.812+0800: 11290.485: Total time for which application threads were stopped: 0.0001354 seconds, Stopping threads took: 0.0000250 seconds
2017-04-24T18:53:20.813+0800: 11290.485: Total time for which application threads were stopped: 0.0001386 seconds, Stopping threads took: 0.0000247 seconds
2017-04-24T18:53:20.824+0800: 11290.496: Total time for which application threads were stopped: 0.0002399 seconds, Stopping threads took: 0.0000465 seconds
2017-04-24T18:53:30.438+0800: 11300.110: Total time for which application threads were stopped: 0.0002893 seconds, Stopping threads took: 0.0000635 seconds
2017-04-24T18:53:30.439+0800: 11300.111: Total time for which application threads were stopped: 0.0001998 seconds, Stopping threads took: 0.0000337 seconds
2017-04-24T18:53:30.823+0800: 11300.495: Total time for which application threads were stopped: 0.0002678 seconds, Stopping threads took: 0.0000510 seconds
2017-04-24T18:53:30.823+0800: 11300.495: Total time for which application threads were stopped: 0.0001803 seconds, Stopping threads took: 0.0000298 seconds
2017-04-24T18:53:30.823+0800: 11300.495: Total time for which application threads were stopped: 0.0001575 seconds, Stopping threads took: 0.0000266 seconds
2017-04-24T18:53:30.823+0800: 11300.496: Total time for which application threads were stopped: 0.0002332 seconds, Stopping threads took: 0.0000455 seconds
2017-04-24T18:53:30.824+0800: 11300.496: Total time for which application threads were stopped: 0.0001652 seconds, Stopping threads took: 0.0000279 seconds
2017-04-24T18:53:30.833+0800: 11300.506: Total time for which application threads were stopped: 0.0005437 seconds, Stopping threads took: 0.0000449 seconds
2017-04-24T18:53:40.436+0800: 11310.108: Total time for which application threads were stopped: 0.0002588 seconds, Stopping threads took: 0.0000536 seconds
2017-04-24T18:53:40.437+0800: 11310.109: Total time for which application threads were stopped: 0.0001803 seconds, Stopping threads took: 0.0000324 seconds
2017-04-24T18:53:40.807+0800: 11310.480: Total time for which application threads were stopped: 0.0002864 seconds, Stopping threads took: 0.0000648 seconds
2017-04-24T18:53:40.808+0800: 11310.480: Total time for which application threads were stopped: 0.0002563 seconds, Stopping threads took: 0.0000904 seconds
2017-04-24T18:53:40.808+0800: 11310.480: Total time for which application threads were stopped: 0.0001661 seconds, Stopping threads took: 0.0000311 seconds
2017-04-24T18:53:40.809+0800: 11310.481: Total time for which application threads were stopped: 0.0002338 seconds, Stopping threads took: 0.0000430 seconds
2017-04-24T18:53:40.809+0800: 11310.482: Total time for which application threads were stopped: 0.0001716 seconds, Stopping threads took: 0.0000295 seconds
2017-04-24T18:53:40.809+0800: 11310.482: Total time for which application threads were stopped: 0.0001463 seconds, Stopping threads took: 0.0000253 seconds
2017-04-24T18:53:40.810+0800: 11310.482: Total time for which application threads were stopped: 0.0001844 seconds, Stopping threads took: 0.0000241 seconds
2017-04-24T18:53:40.810+0800: 11310.483: Total time for which application threads were stopped: 0.0005748 seconds, Stopping threads took: 0.0000696 seconds
2017-04-24T18:53:50.435+0800: 11320.108: Total time for which application threads were stopped: 0.0001905 seconds, Stopping threads took: 0.0000356 seconds
2017-04-24T18:53:50.436+0800: 11320.108: Total time for which application threads were stopped: 0.0001328 seconds, Stopping threads took: 0.0000205 seconds
2017-04-24T18:53:50.783+0800: 11320.455: Total time for which application threads were stopped: 0.0003005 seconds, Stopping threads took: 0.0000590 seconds
2017-04-24T18:53:50.783+0800: 11320.456: Total time for which application threads were stopped: 0.0002412 seconds, Stopping threads took: 0.0000828 seconds
2017-04-24T18:53:50.784+0800: 11320.456: Total time for which application threads were stopped: 0.0001748 seconds, Stopping threads took: 0.0000353 seconds
2017-04-24T18:53:50.785+0800: 11320.457: Total time for which application threads were stopped: 0.0002758 seconds, Stopping threads took: 0.0000423 seconds
2017-04-24T18:54:00.442+0800: 11330.115: Total time for which application threads were stopped: 0.0002877 seconds, Stopping threads took: 0.0000763 seconds
2017-04-24T18:54:00.443+0800: 11330.116: Total time for which application threads were stopped: 0.0002803 seconds, Stopping threads took: 0.0000808 seconds
2017-04-24T18:54:00.793+0800: 11330.466: Total time for which application threads were stopped: 0.0002656 seconds, Stopping threads took: 0.0000603 seconds
2017-04-24T18:54:00.794+0800: 11330.466: Total time for which application threads were stopped: 0.0002412 seconds, Stopping threads took: 0.0000449 seconds
2017-04-24T18:54:00.794+0800: 11330.467: Total time for which application threads were stopped: 0.0001966 seconds, Stopping threads took: 0.0000561 seconds
2017-04-24T18:54:00.795+0800: 11330.467: Total time for which application threads were stopped: 0.0001722 seconds, Stopping threads took: 0.0000324 seconds
2017-04-24T18:54:00.795+0800: 11330.468: Total time for which application threads were stopped: 0.0001924 seconds, Stopping threads took: 0.0000388 seconds
2017-04-24T18:54:00.795+0800: 11330.468: Total time for which application threads were stopped: 0.0001434 seconds, Stopping threads took: 0.0000269 seconds
2017-04-24T18:54:00.795+0800: 11330.468: Total time for which application threads were stopped: 0.0001341 seconds, Stopping threads took: 0.0000237 seconds
2017-04-24T18:54:00.796+0800: 11330.468: Total time for which application threads were stopped: 0.0001876 seconds, Stopping threads took: 0.0000388 seconds
2017-04-24T18:54:10.408+0800: 11340.080: Total time for which application threads were stopped: 0.0004779 seconds, Stopping threads took: 0.0000744 seconds
2017-04-24T18:54:10.439+0800: 11340.111: Total time for which application threads were stopped: 0.0002729 seconds, Stopping threads took: 0.0000561 seconds
2017-04-24T18:54:10.440+0800: 11340.112: Total time for which application threads were stopped: 0.0001944 seconds, Stopping threads took: 0.0000330 seconds
2017-04-24T18:54:10.812+0800: 11340.485: Total time for which application threads were stopped: 0.0002733 seconds, Stopping threads took: 0.0000584 seconds
2017-04-24T18:54:10.813+0800: 11340.486: Total time for which application threads were stopped: 0.0002438 seconds, Stopping threads took: 0.0000449 seconds
2017-04-24T18:54:10.814+0800: 11340.486: Total time for which application threads were stopped: 0.0001748 seconds, Stopping threads took: 0.0000289 seconds
2017-04-24T18:54:10.814+0800: 11340.486: Total time for which application threads were stopped: 0.0002277 seconds, Stopping threads took: 0.0000446 seconds
2017-04-24T18:54:10.814+0800: 11340.487: Total time for which application threads were stopped: 0.0001652 seconds, Stopping threads took: 0.0000269 seconds
2017-04-24T18:54:10.814+0800: 11340.487: Total time for which application threads were stopped: 0.0001472 seconds, Stopping threads took: 0.0000257 seconds
2017-04-24T18:54:20.434+0800: 11350.107: Total time for which application threads were stopped: 0.0002136 seconds, Stopping threads took: 0.0000334 seconds
2017-04-24T18:54:20.435+0800: 11350.108: Total time for which application threads were stopped: 0.0001232 seconds, Stopping threads took: 0.0000208 seconds
2017-04-24T18:54:20.729+0800: 11350.401: Total time for which application threads were stopped: 0.0002964 seconds, Stopping threads took: 0.0000847 seconds
2017-04-24T18:54:20.729+0800: 11350.402: Total time for which application threads were stopped: 0.0002383 seconds, Stopping threads took: 0.0000510 seconds
2017-04-24T18:54:20.729+0800: 11350.402: Total time for which application threads were stopped: 0.0002781 seconds, Stopping threads took: 0.0000972 seconds
2017-04-24T18:54:20.731+0800: 11350.403: Total time for which application threads were stopped: 0.0002216 seconds, Stopping threads took: 0.0000545 seconds
2017-04-24T18:54:20.731+0800: 11350.404: Total time for which application threads were stopped: 0.0002008 seconds, Stopping threads took: 0.0000375 seconds
2017-04-24T18:54:20.731+0800: 11350.404: Total time for which application threads were stopped: 0.0001639 seconds, Stopping threads took: 0.0000305 seconds
2017-04-24T18:54:20.731+0800: 11350.404: Total time for which application threads were stopped: 0.0001447 seconds, Stopping threads took: 0.0000253 seconds
2017-04-24T18:54:20.732+0800: 11350.404: Total time for which application threads were stopped: 0.0001482 seconds, Stopping threads took: 0.0000241 seconds
2017-04-24T18:54:30.455+0800: 11360.128: Total time for which application threads were stopped: 0.0001604 seconds, Stopping threads took: 0.0000305 seconds
2017-04-24T18:54:30.456+0800: 11360.129: Total time for which application threads were stopped: 0.0001177 seconds, Stopping threads took: 0.0000234 seconds
2017-04-24T18:54:30.804+0800: 11360.477: Total time for which application threads were stopped: 0.0003342 seconds, Stopping threads took: 0.0001148 seconds
2017-04-24T18:54:30.804+0800: 11360.477: Total time for which application threads were stopped: 0.0001751 seconds, Stopping threads took: 0.0000308 seconds
2017-04-24T18:54:30.805+0800: 11360.477: Total time for which application threads were stopped: 0.0001992 seconds, Stopping threads took: 0.0000497 seconds
2017-04-24T18:54:30.806+0800: 11360.479: Total time for which application threads were stopped: 0.0006011 seconds, Stopping threads took: 0.0000693 seconds
2017-04-24T18:54:30.806+0800: 11360.479: Total time for which application threads were stopped: 0.0001568 seconds, Stopping threads took: 0.0000276 seconds
2017-04-24T18:54:30.806+0800: 11360.479: Total time for which application threads were stopped: 0.0001507 seconds, Stopping threads took: 0.0000244 seconds
2017-04-24T18:54:30.807+0800: 11360.479: Total time for which application threads were stopped: 0.0001398 seconds, Stopping threads took: 0.0000250 seconds
2017-04-24T18:54:30.807+0800: 11360.480: Total time for which application threads were stopped: 0.0001366 seconds, Stopping threads took: 0.0000241 seconds
2017-04-24T18:54:40.415+0800: 11370.088: Total time for which application threads were stopped: 0.0000972 seconds, Stopping threads took: 0.0000189 seconds
2017-04-24T18:54:40.415+0800: 11370.088: Total time for which application threads were stopped: 0.0000840 seconds, Stopping threads took: 0.0000157 seconds
2017-04-24T18:54:40.691+0800: 11370.363: Total time for which application threads were stopped: 0.0002717 seconds, Stopping threads took: 0.0000574 seconds
2017-04-24T18:54:40.691+0800: 11370.364: Total time for which application threads were stopped: 0.0002466 seconds, Stopping threads took: 0.0000908 seconds
2017-04-24T18:54:40.691+0800: 11370.364: Total time for which application threads were stopped: 0.0002223 seconds, Stopping threads took: 0.0000767 seconds
2017-04-24T18:54:40.692+0800: 11370.365: Total time for which application threads were stopped: 0.0002332 seconds, Stopping threads took: 0.0000391 seconds
2017-04-24T18:54:40.693+0800: 11370.365: Total time for which application threads were stopped: 0.0001831 seconds, Stopping threads took: 0.0000263 seconds
2017-04-24T18:54:40.693+0800: 11370.366: Total time for which application threads were stopped: 0.0001889 seconds, Stopping threads took: 0.0000353 seconds
2017-04-24T18:54:40.693+0800: 11370.366: Total time for which application threads were stopped: 0.0001485 seconds, Stopping threads took: 0.0000250 seconds
2017-04-24T18:54:50.806+0800: 11380.479: Total time for which application threads were stopped: 0.0001087 seconds, Stopping threads took: 0.0000215 seconds
2017-04-24T18:54:50.807+0800: 11380.479: Total time for which application threads were stopped: 0.0000946 seconds, Stopping threads took: 0.0000170 seconds
2017-04-24T18:54:50.807+0800: 11380.479: Total time for which application threads were stopped: 0.0001180 seconds, Stopping threads took: 0.0000157 seconds
2017-04-24T18:54:50.807+0800: 11380.480: Total time for which application threads were stopped: 0.0001046 seconds, Stopping threads took: 0.0000128 seconds
2017-04-24T18:54:50.807+0800: 11380.480: Total time for which application threads were stopped: 0.0000940 seconds, Stopping threads took: 0.0000132 seconds
2017-04-24T18:54:50.807+0800: 11380.480: Total time for which application threads were stopped: 0.0000773 seconds, Stopping threads took: 0.0000083 seconds
2017-04-24T18:54:50.807+0800: 11380.480: Total time for which application threads were stopped: 0.0001706 seconds, Stopping threads took: 0.0000109 seconds
{Heap before GC invocations=110 (full 2):
 par new generation   total 109248K, used 92744K [0x00000000e0000000, 0x00000000e8000000, 0x00000000e8000000)
  eden space 87424K, 100% used [0x00000000e0000000, 0x00000000e5560000, 0x00000000e5560000)
  from space 21824K,  24% used [0x00000000e5560000, 0x00000000e5a920c0, 0x00000000e6ab0000)
  to   space 21824K,   0% used [0x00000000e6ab0000, 0x00000000e6ab0000, 0x00000000e8000000)
 concurrent mark-sweep generation total 393216K, used 19400K [0x00000000e8000000, 0x0000000100000000, 0x0000000100000000)
 Metaspace       used 42765K, capacity 43544K, committed 44056K, reserved 1089536K
  class space    used 4603K, capacity 4830K, committed 4940K, reserved 1048576K
2017-04-24T18:55:00.413+0800: 11390.085: [GC (Allocation Failure) 2017-04-24T18:55:00.413+0800: 11390.085: [ParNew
Desired survivor size 20112992 bytes, new threshold 8 (max 8)
- age   1:    2698856 bytes,    2698856 total
- age   2:     693568 bytes,    3392424 total
- age   3:      67528 bytes,    3459952 total
- age   4:      15272 bytes,    3475224 total
- age   5:      11624 bytes,    3486848 total
- age   6:     691976 bytes,    4178824 total
- age   7:      10456 bytes,    4189280 total
- age   8:      11008 bytes,    4200288 total
: 92744K->5518K(109248K), 0.0041391 secs] 112144K->24928K(502464K), 0.0041969 secs] [Times: user=0.00 sys=0.00, real=0.00 secs] 
Heap after GC invocations=111 (full 2):
 par new generation   total 109248K, used 5518K [0x00000000e0000000, 0x00000000e8000000, 0x00000000e8000000)
  eden space 87424K,   0% used [0x00000000e0000000, 0x00000000e0000000, 0x00000000e5560000)
  from space 21824K,  25% used [0x00000000e6ab0000, 0x00000000e7013810, 0x00000000e8000000)
  to   space 21824K,   0% used [0x00000000e5560000, 0x00000000e5560000, 0x00000000e6ab0000)
 concurrent mark-sweep generation total 393216K, used 19410K [0x00000000e8000000, 0x0000000100000000, 0x0000000100000000)
 Metaspace       used 42765K, capacity 43544K, committed 44056K, reserved 1089536K
  class space    used 4603K, capacity 4830K, committed 4940K, reserved 1048576K
}
2017-04-24T18:55:00.417+0800: 11390.090: Total time for which application threads were stopped: 0.0043755 seconds, Stopping threads took: 0.0000202 seconds
2017-04-24T18:55:00.417+0800: 11390.090: Total time for which application threads were stopped: 0.0001161 seconds, Stopping threads took: 0.0000343 seconds
2017-04-24T18:55:00.417+0800: 11390.090: Total time for which application threads were stopped: 0.0000507 seconds, Stopping threads took: 0.0000189 seconds
2017-04-24T18:55:00.418+0800: 11390.090: Total time for which application threads were stopped: 0.0000571 seconds, Stopping threads took: 0.0000115 seconds
2017-04-24T18:55:00.418+0800: 11390.090: Total time for which application threads were stopped: 0.0000481 seconds, Stopping threads took: 0.0000093 seconds
2017-04-24T18:55:00.418+0800: 11390.090: Total time for which application threads were stopped: 0.0000455 seconds, Stopping threads took: 0.0000087 seconds
2017-04-24T18:55:00.418+0800: 11390.090: Total time for which application threads were stopped: 0.0000439 seconds, Stopping threads took: 0.0000090 seconds
2017-04-24T18:55:00.418+0800: 11390.090: Total time for which application threads were stopped: 0.0000504 seconds, Stopping threads took: 0.0000176 seconds
2017-04-24T18:55:00.418+0800: 11390.090: Total time for which application threads were stopped: 0.0000443 seconds, Stopping threads took: 0.0000074 seconds
2017-04-24T18:55:00.418+0800: 11390.091: Total time for which application threads were stopped: 0.0000484 seconds, Stopping threads took: 0.0000154 seconds
2017-04-24T18:55:00.418+0800: 11390.091: Total time for which application threads were stopped: 0.0000488 seconds, Stopping threads took: 0.0000125 seconds
2017-04-24T18:55:00.418+0800: 11390.091: Total time for which application threads were stopped: 0.0000555 seconds, Stopping threads took: 0.0000196 seconds
2017-04-24T18:55:00.418+0800: 11390.091: Total time for which application threads were stopped: 0.0000536 seconds, Stopping threads took: 0.0000148 seconds
2017-04-24T18:55:00.418+0800: 11390.091: Total time for which application threads were stopped: 0.0000510 seconds, Stopping threads took: 0.0000154 seconds
2017-04-24T18:55:00.419+0800: 11390.091: Total time for which application threads were stopped: 0.0000529 seconds, Stopping threads took: 0.0000176 seconds
2017-04-24T18:55:00.419+0800: 11390.091: Total time for which application threads were stopped: 0.0000558 seconds, Stopping threads took: 0.0000196 seconds
2017-04-24T18:55:00.419+0800: 11390.091: Total time for which application threads were stopped: 0.0000978 seconds, Stopping threads took: 0.0000212 seconds
2017-04-24T18:55:00.419+0800: 11390.092: Total time for which application threads were stopped: 0.0000571 seconds, Stopping threads took: 0.0000192 seconds
2017-04-24T18:55:00.419+0800: 11390.092: Total time for which application threads were stopped: 0.0000443 seconds, Stopping threads took: 0.0000103 seconds
2017-04-24T18:55:00.419+0800: 11390.092: Total time for which application threads were stopped: 0.0000516 seconds, Stopping threads took: 0.0000167 seconds
2017-04-24T18:55:00.419+0800: 11390.092: Total time for which application threads were stopped: 0.0000539 seconds, Stopping threads took: 0.0000189 seconds
2017-04-24T18:55:00.419+0800: 11390.092: Total time for which application threads were stopped: 0.0001421 seconds, Stopping threads took: 0.0000141 seconds
2017-04-24T18:55:00.420+0800: 11390.092: Total time for which application threads were stopped: 0.0001123 seconds, Stopping threads took: 0.0000157 seconds
2017-04-24T18:55:00.420+0800: 11390.092: Total time for which application threads were stopped: 0.0000430 seconds, Stopping threads took: 0.0000087 seconds
2017-04-24T18:55:00.420+0800: 11390.092: Total time for which application threads were stopped: 0.0000356 seconds, Stopping threads took: 0.0000064 seconds
2017-04-24T18:55:00.727+0800: 11390.399: Total time for which application threads were stopped: 0.0002710 seconds, Stopping threads took: 0.0000625 seconds
2017-04-24T18:55:00.728+0800: 11390.401: Total time for which application threads were stopped: 0.0001880 seconds, Stopping threads took: 0.0000334 seconds
2017-04-24T18:55:10.439+0800: 11400.112: Total time for which application threads were stopped: 0.0002964 seconds, Stopping threads took: 0.0000597 seconds
2017-04-24T18:55:10.440+0800: 11400.113: Total time for which application threads were stopped: 0.0002614 seconds, Stopping threads took: 0.0000471 seconds
2017-04-24T18:55:10.770+0800: 11400.442: Total time for which application threads were stopped: 0.0003727 seconds, Stopping threads took: 0.0001321 seconds
2017-04-24T18:55:10.770+0800: 11400.443: Total time for which application threads were stopped: 0.0002479 seconds, Stopping threads took: 0.0000545 seconds
2017-04-24T18:55:10.770+0800: 11400.443: Total time for which application threads were stopped: 0.0003057 seconds, Stopping threads took: 0.0000667 seconds
2017-04-24T18:55:10.772+0800: 11400.444: Total time for which application threads were stopped: 0.0002120 seconds, Stopping threads took: 0.0000340 seconds
2017-04-24T18:55:10.772+0800: 11400.445: Total time for which application threads were stopped: 0.0002165 seconds, Stopping threads took: 0.0000366 seconds
2017-04-24T18:55:10.772+0800: 11400.445: Total time for which application threads were stopped: 0.0001828 seconds, Stopping threads took: 0.0000305 seconds
2017-04-24T18:55:10.772+0800: 11400.445: Total time for which application threads were stopped: 0.0001597 seconds, Stopping threads took: 0.0000253 seconds
2017-04-24T18:55:10.773+0800: 11400.445: Total time for which application threads were stopped: 0.0001546 seconds, Stopping threads took: 0.0000253 seconds
2017-04-24T18:55:10.784+0800: 11400.456: Total time for which application threads were stopped: 0.0002300 seconds, Stopping threads took: 0.0000446 seconds
2017-04-24T18:55:20.436+0800: 11410.109: Total time for which application threads were stopped: 0.0002332 seconds, Stopping threads took: 0.0000471 seconds
2017-04-24T18:55:20.437+0800: 11410.110: Total time for which application threads were stopped: 0.0001690 seconds, Stopping threads took: 0.0000298 seconds
2017-04-24T18:55:20.815+0800: 11410.488: Total time for which application threads were stopped: 0.0002842 seconds, Stopping threads took: 0.0000536 seconds
2017-04-24T18:55:20.816+0800: 11410.488: Total time for which application threads were stopped: 0.0001886 seconds, Stopping threads took: 0.0000308 seconds
2017-04-24T18:55:20.816+0800: 11410.489: Total time for which application threads were stopped: 0.0001915 seconds, Stopping threads took: 0.0000273 seconds
2017-04-24T18:55:20.816+0800: 11410.489: Total time for which application threads were stopped: 0.0001581 seconds, Stopping threads took: 0.0000279 seconds
2017-04-24T18:55:20.816+0800: 11410.489: Total time for which application threads were stopped: 0.0001479 seconds, Stopping threads took: 0.0000260 seconds
2017-04-24T18:55:20.826+0800: 11410.499: Total time for which application threads were stopped: 0.0002361 seconds, Stopping threads took: 0.0000471 seconds
2017-04-24T18:55:30.436+0800: 11420.109: Total time for which application threads were stopped: 0.0002582 seconds, Stopping threads took: 0.0000526 seconds
2017-04-24T18:55:30.437+0800: 11420.110: Total time for which application threads were stopped: 0.0001912 seconds, Stopping threads took: 0.0000327 seconds
2017-04-24T18:55:30.806+0800: 11420.479: Total time for which application threads were stopped: 0.0002707 seconds, Stopping threads took: 0.0000619 seconds
2017-04-24T18:55:30.807+0800: 11420.480: Total time for which application threads were stopped: 0.0002675 seconds, Stopping threads took: 0.0000600 seconds
2017-04-24T18:55:30.808+0800: 11420.481: Total time for which application threads were stopped: 0.0001886 seconds, Stopping threads took: 0.0000375 seconds
2017-04-24T18:55:30.808+0800: 11420.481: Total time for which application threads were stopped: 0.0001629 seconds, Stopping threads took: 0.0000273 seconds
2017-04-24T18:55:30.808+0800: 11420.481: Total time for which application threads were stopped: 0.0001488 seconds, Stopping threads took: 0.0000273 seconds
2017-04-24T18:55:30.808+0800: 11420.481: Total time for which application threads were stopped: 0.0001443 seconds, Stopping threads took: 0.0000260 seconds
2017-04-24T18:55:30.809+0800: 11420.481: Total time for which application threads were stopped: 0.0001405 seconds, Stopping threads took: 0.0000250 seconds
2017-04-24T18:55:40.416+0800: 11430.088: Total time for which application threads were stopped: 0.0002797 seconds, Stopping threads took: 0.0000526 seconds
2017-04-24T18:55:40.437+0800: 11430.110: Total time for which application threads were stopped: 0.0003329 seconds, Stopping threads took: 0.0000561 seconds
2017-04-24T18:55:40.438+0800: 11430.111: Total time for which application threads were stopped: 0.0002136 seconds, Stopping threads took: 0.0000430 seconds
2017-04-24T18:55:40.782+0800: 11430.455: Total time for which application threads were stopped: 0.0002787 seconds, Stopping threads took: 0.0000622 seconds
2017-04-24T18:55:40.783+0800: 11430.455: Total time for which application threads were stopped: 0.0002871 seconds, Stopping threads took: 0.0000885 seconds
2017-04-24T18:55:40.783+0800: 11430.456: Total time for which application threads were stopped: 0.0001684 seconds, Stopping threads took: 0.0000420 seconds
2017-04-24T18:55:40.784+0800: 11430.457: Total time for which application threads were stopped: 0.0001520 seconds, Stopping threads took: 0.0000279 seconds
2017-04-24T18:55:40.784+0800: 11430.457: Total time for which application threads were stopped: 0.0001366 seconds, Stopping threads took: 0.0000247 seconds
2017-04-24T18:55:40.784+0800: 11430.457: Total time for which application threads were stopped: 0.0001337 seconds, Stopping threads took: 0.0000247 seconds
2017-04-24T18:55:40.785+0800: 11430.457: Total time for which application threads were stopped: 0.0001373 seconds, Stopping threads took: 0.0000247 seconds
2017-04-24T18:55:40.785+0800: 11430.457: Total time for which application threads were stopped: 0.0001687 seconds, Stopping threads took: 0.0000311 seconds
2017-04-24T18:55:40.795+0800: 11430.468: Total time for which application threads were stopped: 0.0002441 seconds, Stopping threads took: 0.0000478 seconds
2017-04-24T18:55:50.810+0800: 11440.483: Total time for which application threads were stopped: 0.0002874 seconds, Stopping threads took: 0.0000574 seconds
2017-04-24T18:55:50.810+0800: 11440.483: Total time for which application threads were stopped: 0.0002354 seconds, Stopping threads took: 0.0000532 seconds
2017-04-24T18:55:50.812+0800: 11440.484: Total time for which application threads were stopped: 0.0002855 seconds, Stopping threads took: 0.0000324 seconds
2017-04-24T18:55:50.812+0800: 11440.484: Total time for which application threads were stopped: 0.0002210 seconds, Stopping threads took: 0.0000260 seconds
2017-04-24T18:55:50.812+0800: 11440.485: Total time for which application threads were stopped: 0.0002085 seconds, Stopping threads took: 0.0000250 seconds
2017-04-24T18:55:50.813+0800: 11440.485: Total time for which application threads were stopped: 0.0002130 seconds, Stopping threads took: 0.0000244 seconds
2017-04-24T18:55:50.813+0800: 11440.485: Total time for which application threads were stopped: 0.0002056 seconds, Stopping threads took: 0.0000244 seconds
2017-04-24T18:55:50.823+0800: 11440.496: Total time for which application threads were stopped: 0.0003615 seconds, Stopping threads took: 0.0000536 seconds
2017-04-24T18:56:00.439+0800: 11450.111: Total time for which application threads were stopped: 0.0002620 seconds, Stopping threads took: 0.0000526 seconds
2017-04-24T18:56:00.440+0800: 11450.112: Total time for which application threads were stopped: 0.0001514 seconds, Stopping threads took: 0.0000279 seconds
2017-04-24T18:56:00.783+0800: 11450.456: Total time for which application threads were stopped: 0.0001014 seconds, Stopping threads took: 0.0000199 seconds
2017-04-24T18:56:00.784+0800: 11450.456: Total time for which application threads were stopped: 0.0000471 seconds, Stopping threads took: 0.0000103 seconds
2017-04-24T18:56:00.784+0800: 11450.456: Total time for which application threads were stopped: 0.0000638 seconds, Stopping threads took: 0.0000122 seconds
2017-04-24T18:56:00.784+0800: 11450.457: Total time for which application threads were stopped: 0.0000401 seconds, Stopping threads took: 0.0000074 seconds
2017-04-24T18:56:00.784+0800: 11450.457: Total time for which application threads were stopped: 0.0000378 seconds, Stopping threads took: 0.0000071 seconds
2017-04-24T18:56:00.784+0800: 11450.457: Total time for which application threads were stopped: 0.0000375 seconds, Stopping threads took: 0.0000071 seconds
2017-04-24T18:56:00.784+0800: 11450.457: Total time for which application threads were stopped: 0.0001591 seconds, Stopping threads took: 0.0000074 seconds
2017-04-24T18:56:00.787+0800: 11450.460: Total time for which application threads were stopped: 0.0000885 seconds, Stopping threads took: 0.0000167 seconds
2017-04-24T18:56:10.797+0800: 11460.469: Total time for which application threads were stopped: 0.0004045 seconds, Stopping threads took: 0.0001642 seconds
2017-04-24T18:56:10.798+0800: 11460.470: Total time for which application threads were stopped: 0.0003005 seconds, Stopping threads took: 0.0000840 seconds
2017-04-24T18:56:10.799+0800: 11460.471: Total time for which application threads were stopped: 0.0003599 seconds, Stopping threads took: 0.0000382 seconds
2017-04-24T18:56:10.805+0800: 11460.478: Total time for which application threads were stopped: 0.0001376 seconds, Stopping threads took: 0.0000263 seconds
2017-04-24T18:56:20.416+0800: 11470.088: Total time for which application threads were stopped: 0.0002691 seconds, Stopping threads took: 0.0000468 seconds
2017-04-24T18:56:20.436+0800: 11470.108: Total time for which application threads were stopped: 0.0002290 seconds, Stopping threads took: 0.0000478 seconds
2017-04-24T18:56:20.437+0800: 11470.109: Total time for which application threads were stopped: 0.0001495 seconds, Stopping threads took: 0.0000282 seconds
2017-04-24T18:56:20.815+0800: 11470.488: Total time for which application threads were stopped: 0.0002723 seconds, Stopping threads took: 0.0000529 seconds
2017-04-24T18:56:20.816+0800: 11470.488: Total time for which application threads were stopped: 0.0001517 seconds, Stopping threads took: 0.0000311 seconds
2017-04-24T18:56:20.816+0800: 11470.488: Total time for which application threads were stopped: 0.0001357 seconds, Stopping threads took: 0.0000247 seconds
2017-04-24T18:56:20.816+0800: 11470.489: Total time for which application threads were stopped: 0.0001770 seconds, Stopping threads took: 0.0000237 seconds
2017-04-24T18:56:20.816+0800: 11470.489: Total time for which application threads were stopped: 0.0001373 seconds, Stopping threads took: 0.0000250 seconds
2017-04-24T18:56:30.422+0800: 11480.094: Total time for which application threads were stopped: 0.0001552 seconds, Stopping threads took: 0.0000330 seconds
2017-04-24T18:56:30.422+0800: 11480.095: Total time for which application threads were stopped: 0.0000789 seconds, Stopping threads took: 0.0000141 seconds
2017-04-24T18:56:30.747+0800: 11480.420: Total time for which application threads were stopped: 0.0001196 seconds, Stopping threads took: 0.0000241 seconds
2017-04-24T18:56:30.747+0800: 11480.420: Total time for which application threads were stopped: 0.0000869 seconds, Stopping threads took: 0.0000337 seconds
2017-04-24T18:56:30.747+0800: 11480.420: Total time for which application threads were stopped: 0.0000449 seconds, Stopping threads took: 0.0000115 seconds
2017-04-24T18:56:30.748+0800: 11480.420: Total time for which application threads were stopped: 0.0000552 seconds, Stopping threads took: 0.0000109 seconds
2017-04-24T18:56:30.748+0800: 11480.420: Total time for which application threads were stopped: 0.0000414 seconds, Stopping threads took: 0.0000083 seconds
2017-04-24T18:56:30.748+0800: 11480.420: Total time for which application threads were stopped: 0.0000417 seconds, Stopping threads took: 0.0000077 seconds
2017-04-24T18:56:30.748+0800: 11480.420: Total time for which application threads were stopped: 0.0000385 seconds, Stopping threads took: 0.0000093 seconds
2017-04-24T18:56:30.748+0800: 11480.420: Total time for which application threads were stopped: 0.0000372 seconds, Stopping threads took: 0.0000080 seconds
2017-04-24T18:56:30.751+0800: 11480.424: Total time for which application threads were stopped: 0.0000844 seconds, Stopping threads took: 0.0000180 seconds
{Heap before GC invocations=111 (full 2):
 par new generation   total 109248K, used 92942K [0x00000000e0000000, 0x00000000e8000000, 0x00000000e8000000)
  eden space 87424K, 100% used [0x00000000e0000000, 0x00000000e5560000, 0x00000000e5560000)
  from space 21824K,  25% used [0x00000000e6ab0000, 0x00000000e7013810, 0x00000000e8000000)
  to   space 21824K,   0% used [0x00000000e5560000, 0x00000000e5560000, 0x00000000e6ab0000)
 concurrent mark-sweep generation total 393216K, used 19410K [0x00000000e8000000, 0x0000000100000000, 0x0000000100000000)
 Metaspace       used 42765K, capacity 43544K, committed 44056K, reserved 1089536K
  class space    used 4603K, capacity 4830K, committed 4940K, reserved 1048576K
2017-04-24T18:56:40.435+0800: 11490.107: [GC (Allocation Failure) 2017-04-24T18:56:40.435+0800: 11490.107: [ParNew
Desired survivor size 20112992 bytes, new threshold 8 (max 8)
- age   1:    2729944 bytes,    2729944 total
- age   2:     693656 bytes,    3423600 total
- age   3:      68120 bytes,    3491720 total
- age   4:      11824 bytes,    3503544 total
- age   5:      14576 bytes,    3518120 total
- age   6:      11624 bytes,    3529744 total
- age   7:     686456 bytes,    4216200 total
- age   8:      10456 bytes,    4226656 total
: 92942K->5185K(109248K), 0.0099429 secs] 112352K->24606K(502464K), 0.0100924 secs] [Times: user=0.06 sys=0.00, real=0.01 secs] 
Heap after GC invocations=112 (full 2):
 par new generation   total 109248K, used 5185K [0x00000000e0000000, 0x00000000e8000000, 0x00000000e8000000)
  eden space 87424K,   0% used [0x00000000e0000000, 0x00000000e0000000, 0x00000000e5560000)
  from space 21824K,  23% used [0x00000000e5560000, 0x00000000e5a70560, 0x00000000e6ab0000)
  to   space 21824K,   0% used [0x00000000e6ab0000, 0x00000000e6ab0000, 0x00000000e8000000)
 concurrent mark-sweep generation total 393216K, used 19421K [0x00000000e8000000, 0x0000000100000000, 0x0000000100000000)
 Metaspace       used 42765K, capacity 43544K, committed 44056K, reserved 1089536K
  class space    used 4603K, capacity 4830K, committed 4940K, reserved 1048576K
}
2017-04-24T18:56:40.445+0800: 11490.117: Total time for which application threads were stopped: 0.0105498 seconds, Stopping threads took: 0.0000516 seconds
2017-04-24T18:56:40.445+0800: 11490.118: Total time for which application threads were stopped: 0.0001395 seconds, Stopping threads took: 0.0000257 seconds
2017-04-24T18:56:40.446+0800: 11490.118: Total time for which application threads were stopped: 0.0000799 seconds, Stopping threads took: 0.0000154 seconds
2017-04-24T18:56:40.761+0800: 11490.433: Total time for which application threads were stopped: 0.0002800 seconds, Stopping threads took: 0.0000584 seconds
2017-04-24T18:56:40.761+0800: 11490.434: Total time for which application threads were stopped: 0.0002062 seconds, Stopping threads took: 0.0000539 seconds
2017-04-24T18:56:40.762+0800: 11490.435: Total time for which application threads were stopped: 0.0002046 seconds, Stopping threads took: 0.0000327 seconds
2017-04-24T18:56:40.762+0800: 11490.435: Total time for which application threads were stopped: 0.0001726 seconds, Stopping threads took: 0.0000282 seconds
2017-04-24T18:56:40.762+0800: 11490.435: Total time for which application threads were stopped: 0.0001613 seconds, Stopping threads took: 0.0000263 seconds
2017-04-24T18:56:40.763+0800: 11490.435: Total time for which application threads were stopped: 0.0001572 seconds, Stopping threads took: 0.0000260 seconds
2017-04-24T18:56:40.763+0800: 11490.436: Total time for which application threads were stopped: 0.0001520 seconds, Stopping threads took: 0.0000250 seconds
2017-04-24T18:56:40.773+0800: 11490.445: Total time for which application threads were stopped: 0.0002322 seconds, Stopping threads took: 0.0000475 seconds
2017-04-24T18:56:50.435+0800: 11500.108: Total time for which application threads were stopped: 0.0001745 seconds, Stopping threads took: 0.0000372 seconds
2017-04-24T18:56:50.436+0800: 11500.109: Total time for which application threads were stopped: 0.0003365 seconds, Stopping threads took: 0.0000208 seconds
2017-04-24T18:56:50.793+0800: 11500.465: Total time for which application threads were stopped: 0.0001989 seconds, Stopping threads took: 0.0000407 seconds
2017-04-24T18:56:50.793+0800: 11500.466: Total time for which application threads were stopped: 0.0001491 seconds, Stopping threads took: 0.0000385 seconds
2017-04-24T18:56:50.794+0800: 11500.466: Total time for which application threads were stopped: 0.0001633 seconds, Stopping threads took: 0.0000305 seconds
2017-04-24T18:56:50.794+0800: 11500.466: Total time for which application threads were stopped: 0.0001074 seconds, Stopping threads took: 0.0000180 seconds
2017-04-24T18:56:50.794+0800: 11500.466: Total time for which application threads were stopped: 0.0001049 seconds, Stopping threads took: 0.0000164 seconds
2017-04-24T18:56:50.794+0800: 11500.467: Total time for which application threads were stopped: 0.0000917 seconds, Stopping threads took: 0.0000157 seconds
2017-04-24T18:56:50.794+0800: 11500.467: Total time for which application threads were stopped: 0.0000898 seconds, Stopping threads took: 0.0000157 seconds
2017-04-24T18:56:50.822+0800: 11500.494: Total time for which application threads were stopped: 0.0000959 seconds, Stopping threads took: 0.0000196 seconds
2017-04-24T18:57:00.411+0800: 11510.083: Total time for which application threads were stopped: 0.0001411 seconds, Stopping threads took: 0.0000247 seconds
2017-04-24T18:57:00.421+0800: 11510.093: Total time for which application threads were stopped: 0.0001196 seconds, Stopping threads took: 0.0000414 seconds
2017-04-24T18:57:00.421+0800: 11510.093: Total time for which application threads were stopped: 0.0000581 seconds, Stopping threads took: 0.0000115 seconds
2017-04-24T18:57:00.753+0800: 11510.426: Total time for which application threads were stopped: 0.0003528 seconds, Stopping threads took: 0.0001135 seconds
2017-04-24T18:57:00.754+0800: 11510.426: Total time for which application threads were stopped: 0.0001713 seconds, Stopping threads took: 0.0000314 seconds
2017-04-24T18:57:00.755+0800: 11510.427: Total time for which application threads were stopped: 0.0002338 seconds, Stopping threads took: 0.0000433 seconds
2017-04-24T18:57:00.755+0800: 11510.427: Total time for which application threads were stopped: 0.0001770 seconds, Stopping threads took: 0.0000266 seconds
2017-04-24T18:57:00.755+0800: 11510.428: Total time for which application threads were stopped: 0.0001902 seconds, Stopping threads took: 0.0000369 seconds
2017-04-24T18:57:00.756+0800: 11510.428: Total time for which application threads were stopped: 0.0001620 seconds, Stopping threads took: 0.0000298 seconds
2017-04-24T18:57:00.756+0800: 11510.428: Total time for which application threads were stopped: 0.0001411 seconds, Stopping threads took: 0.0000244 seconds
2017-04-24T18:57:00.769+0800: 11510.441: Total time for which application threads were stopped: 0.0002483 seconds, Stopping threads took: 0.0000475 seconds
2017-04-24T18:57:10.439+0800: 11520.111: Total time for which application threads were stopped: 0.0005706 seconds, Stopping threads took: 0.0000529 seconds
2017-04-24T18:57:10.440+0800: 11520.112: Total time for which application threads were stopped: 0.0002191 seconds, Stopping threads took: 0.0000417 seconds
2017-04-24T18:57:10.748+0800: 11520.421: Total time for which application threads were stopped: 0.0002970 seconds, Stopping threads took: 0.0000686 seconds
2017-04-24T18:57:10.748+0800: 11520.421: Total time for which application threads were stopped: 0.0002672 seconds, Stopping threads took: 0.0001055 seconds
2017-04-24T18:57:10.749+0800: 11520.422: Total time for which application threads were stopped: 0.0002271 seconds, Stopping threads took: 0.0000366 seconds
2017-04-24T18:57:10.750+0800: 11520.422: Total time for which application threads were stopped: 0.0001982 seconds, Stopping threads took: 0.0000395 seconds
2017-04-24T18:57:10.750+0800: 11520.423: Total time for which application threads were stopped: 0.0002072 seconds, Stopping threads took: 0.0000613 seconds
2017-04-24T18:57:10.750+0800: 11520.423: Total time for which application threads were stopped: 0.0001812 seconds, Stopping threads took: 0.0000369 seconds
2017-04-24T18:57:10.751+0800: 11520.424: Total time for which application threads were stopped: 0.0004869 seconds, Stopping threads took: 0.0000327 seconds
2017-04-24T18:57:10.765+0800: 11520.438: Total time for which application threads were stopped: 0.0007961 seconds, Stopping threads took: 0.0001851 seconds
2017-04-24T18:57:20.435+0800: 11530.107: Total time for which application threads were stopped: 0.0002053 seconds, Stopping threads took: 0.0000266 seconds
2017-04-24T18:57:20.436+0800: 11530.108: Total time for which application threads were stopped: 0.0001126 seconds, Stopping threads took: 0.0000192 seconds
2017-04-24T18:57:20.784+0800: 11530.456: Total time for which application threads were stopped: 0.0003345 seconds, Stopping threads took: 0.0000811 seconds
2017-04-24T18:57:20.784+0800: 11530.456: Total time for which application threads were stopped: 0.0002697 seconds, Stopping threads took: 0.0000959 seconds
2017-04-24T18:57:20.784+0800: 11530.457: Total time for which application threads were stopped: 0.0002296 seconds, Stopping threads took: 0.0000417 seconds
2017-04-24T18:57:20.785+0800: 11530.458: Total time for which application threads were stopped: 0.0002223 seconds, Stopping threads took: 0.0000350 seconds
2017-04-24T18:57:30.437+0800: 11540.110: Total time for which application threads were stopped: 0.0002742 seconds, Stopping threads took: 0.0000542 seconds
2017-04-24T18:57:30.438+0800: 11540.111: Total time for which application threads were stopped: 0.0001507 seconds, Stopping threads took: 0.0000273 seconds
2017-04-24T18:57:30.749+0800: 11540.421: Total time for which application threads were stopped: 0.0002957 seconds, Stopping threads took: 0.0000638 seconds
2017-04-24T18:57:30.749+0800: 11540.422: Total time for which application threads were stopped: 0.0005613 seconds, Stopping threads took: 0.0000779 seconds
2017-04-24T18:57:30.750+0800: 11540.423: Total time for which application threads were stopped: 0.0005267 seconds, Stopping threads took: 0.0000491 seconds
