Java HotSpot(TM) 64-Bit Server VM (25.121-b13) for windows-amd64 JRE (1.8.0_121-b13), built on Dec 12 2016 18:21:36 by "java_re" with MS VC++ 10.0 (VS2010)
Memory: 4k page, physical 16467220k(12366060k free), swap 33244436k(28935204k free)
CommandLine flags: -XX:CMSInitiatingOccupancyFraction=50 -XX:CMSMaxAbortablePrecleanTime=6000 -XX:+CMSParallelRemarkEnabled -XX:+CMSScavengeBeforeRemark -XX:ConcGCThreads=4 -XX:GCLogFileSize=20971520 -XX:InitialHeapSize=536870912 -XX:MaxHeapSize=536870912 -XX:MaxTenuringThreshold=8 -XX:NewRatio=3 -XX:NumberOfGCLogFiles=9 -XX:OldPLABSize=16 -XX:-OmitStackTraceInFastThrow -XX:ParallelGCThreads=4 -XX:+ParallelRefProcEnabled -XX:PretenureSizeThreshold=67108864 -XX:+PrintGC -XX:+PrintGCApplicationStoppedTime -XX:+PrintGCDateStamps -XX:+PrintGCDetails -XX:+PrintGCTimeStamps -XX:+PrintHeapAtGC -XX:+PrintTenuringDistribution -XX:SurvivorRatio=4 -XX:TargetSurvivorRatio=90 -XX:ThreadStackSize=256 -XX:+UseCMSInitiatingOccupancyOnly -XX:+UseCompressedClassPointers -XX:+UseCompressedOops -XX:+UseConcMarkSweepGC -XX:+UseGCLogFileRotation -XX:-UseLargePagesIndividualAllocation -XX:+UseParNewGC 
2017-04-25T10:30:32.552+0800: 0.140: Total time for which application threads were stopped: 0.0001203 seconds, Stopping threads took: 0.0000398 seconds
2017-04-25T10:30:33.028+0800: 0.616: Total time for which application threads were stopped: 0.0000975 seconds, Stopping threads took: 0.0000154 seconds
2017-04-25T10:30:33.575+0800: 1.164: Total time for which application threads were stopped: 0.0001427 seconds, Stopping threads took: 0.0000154 seconds
2017-04-25T10:30:33.664+0800: 1.253: Total time for which application threads were stopped: 0.0001626 seconds, Stopping threads took: 0.0000183 seconds
2017-04-25T10:30:33.893+0800: 1.482: Total time for which application threads were stopped: 0.0001745 seconds, Stopping threads took: 0.0000160 seconds
2017-04-25T10:30:33.912+0800: 1.501: Total time for which application threads were stopped: 0.0001815 seconds, Stopping threads took: 0.0000205 seconds
2017-04-25T10:30:33.972+0800: 1.561: Total time for which application threads were stopped: 0.0001812 seconds, Stopping threads took: 0.0000170 seconds
2017-04-25T10:30:34.055+0800: 1.644: Total time for which application threads were stopped: 0.0001976 seconds, Stopping threads took: 0.0000180 seconds
2017-04-25T10:30:34.056+0800: 1.645: Total time for which application threads were stopped: 0.0001370 seconds, Stopping threads took: 0.0000093 seconds
2017-04-25T10:30:34.057+0800: 1.646: Total time for which application threads were stopped: 0.0001453 seconds, Stopping threads took: 0.0000122 seconds
2017-04-25T10:30:34.122+0800: 1.711: Total time for which application threads were stopped: 0.0002082 seconds, Stopping threads took: 0.0000196 seconds
{Heap before GC invocations=0 (full 0):
 par new generation   total 109248K, used 87424K [0x00000000e0000000, 0x00000000e8000000, 0x00000000e8000000)
  eden space 87424K, 100% used [0x00000000e0000000, 0x00000000e5560000, 0x00000000e5560000)
  from space 21824K,   0% used [0x00000000e5560000, 0x00000000e5560000, 0x00000000e6ab0000)
  to   space 21824K,   0% used [0x00000000e6ab0000, 0x00000000e6ab0000, 0x00000000e8000000)
 concurrent mark-sweep generation total 393216K, used 0K [0x00000000e8000000, 0x0000000100000000, 0x0000000100000000)
 Metaspace       used 18665K, capacity 19074K, committed 19328K, reserved 1067008K
  class space    used 2167K, capacity 2329K, committed 2432K, reserved 1048576K
2017-04-25T10:30:34.195+0800: 1.783: [GC (Allocation Failure) 2017-04-25T10:30:34.195+0800: 1.783: [ParNew
Desired survivor size 20112992 bytes, new threshold 8 (max 8)
- age   1:   11423064 bytes,   11423064 total
: 87424K->11268K(109248K), 0.0066756 secs] 87424K->11268K(502464K), 0.0068103 secs] [Times: user=0.00 sys=0.00, real=0.01 secs] 
Heap after GC invocations=1 (full 0):
 par new generation   total 109248K, used 11268K [0x00000000e0000000, 0x00000000e8000000, 0x00000000e8000000)
  eden space 87424K,   0% used [0x00000000e0000000, 0x00000000e0000000, 0x00000000e5560000)
  from space 21824K,  51% used [0x00000000e6ab0000, 0x00000000e75b1080, 0x00000000e8000000)
  to   space 21824K,   0% used [0x00000000e5560000, 0x00000000e5560000, 0x00000000e6ab0000)
 concurrent mark-sweep generation total 393216K, used 0K [0x00000000e8000000, 0x0000000100000000, 0x0000000100000000)
 Metaspace       used 18665K, capacity 19074K, committed 19328K, reserved 1067008K
  class space    used 2167K, capacity 2329K, committed 2432K, reserved 1048576K
}
2017-04-25T10:30:34.202+0800: 1.790: Total time for which application threads were stopped: 0.0069755 seconds, Stopping threads took: 0.0000170 seconds
2017-04-25T10:30:34.235+0800: 1.823: Total time for which application threads were stopped: 0.0002162 seconds, Stopping threads took: 0.0000199 seconds
2017-04-25T10:30:34.324+0800: 1.912: Total time for which application threads were stopped: 0.0002935 seconds, Stopping threads took: 0.0000616 seconds
2017-04-25T10:30:34.343+0800: 1.931: Total time for which application threads were stopped: 0.0001325 seconds, Stopping threads took: 0.0000603 seconds
2017-04-25T10:30:34.343+0800: 1.932: Total time for which application threads were stopped: 0.0000359 seconds, Stopping threads took: 0.0000128 seconds
2017-04-25T10:30:34.358+0800: 1.947: Total time for which application threads were stopped: 0.0001135 seconds, Stopping threads took: 0.0000273 seconds
2017-04-25T10:30:34.370+0800: 1.958: Total time for which application threads were stopped: 0.0000975 seconds, Stopping threads took: 0.0000295 seconds
2017-04-25T10:30:34.386+0800: 1.974: Total time for which application threads were stopped: 0.0000747 seconds, Stopping threads took: 0.0000199 seconds
2017-04-25T10:30:34.395+0800: 1.984: Total time for which application threads were stopped: 0.0000654 seconds, Stopping threads took: 0.0000192 seconds
2017-04-25T10:30:34.631+0800: 2.220: Total time for which application threads were stopped: 0.0002495 seconds, Stopping threads took: 0.0000173 seconds
2017-04-25T10:30:34.632+0800: 2.221: Total time for which application threads were stopped: 0.0000552 seconds, Stopping threads took: 0.0000151 seconds
2017-04-25T10:30:34.656+0800: 2.244: Total time for which application threads were stopped: 0.0000683 seconds, Stopping threads took: 0.0000189 seconds
2017-04-25T10:30:34.668+0800: 2.257: Total time for which application threads were stopped: 0.0000683 seconds, Stopping threads took: 0.0000189 seconds
2017-04-25T10:30:35.091+0800: 2.680: Total time for which application threads were stopped: 0.0000712 seconds, Stopping threads took: 0.0000192 seconds
2017-04-25T10:30:35.109+0800: 2.697: Total time for which application threads were stopped: 0.0000734 seconds, Stopping threads took: 0.0000192 seconds
2017-04-25T10:30:35.133+0800: 2.722: Total time for which application threads were stopped: 0.0000744 seconds, Stopping threads took: 0.0000183 seconds
2017-04-25T10:30:35.196+0800: 2.785: Total time for which application threads were stopped: 0.0000917 seconds, Stopping threads took: 0.0000231 seconds
2017-04-25T10:30:35.208+0800: 2.797: Total time for which application threads were stopped: 0.0002813 seconds, Stopping threads took: 0.0000263 seconds
2017-04-25T10:30:35.227+0800: 2.816: Total time for which application threads were stopped: 0.0000978 seconds, Stopping threads took: 0.0000385 seconds
2017-04-25T10:30:35.237+0800: 2.825: Total time for which application threads were stopped: 0.0002983 seconds, Stopping threads took: 0.0000231 seconds
2017-04-25T10:30:35.304+0800: 2.893: Total time for which application threads were stopped: 0.0001235 seconds, Stopping threads took: 0.0000205 seconds
{Heap before GC invocations=1 (full 0):
 par new generation   total 109248K, used 98692K [0x00000000e0000000, 0x00000000e8000000, 0x00000000e8000000)
  eden space 87424K, 100% used [0x00000000e0000000, 0x00000000e5560000, 0x00000000e5560000)
  from space 21824K,  51% used [0x00000000e6ab0000, 0x00000000e75b1080, 0x00000000e8000000)
  to   space 21824K,   0% used [0x00000000e5560000, 0x00000000e5560000, 0x00000000e6ab0000)
 concurrent mark-sweep generation total 393216K, used 0K [0x00000000e8000000, 0x0000000100000000, 0x0000000100000000)
 Metaspace       used 25218K, capacity 25734K, committed 25944K, reserved 1073152K
  class space    used 3033K, capacity 3191K, committed 3196K, reserved 1048576K
2017-04-25T10:30:35.324+0800: 2.913: [GC (Allocation Failure) 2017-04-25T10:30:35.324+0800: 2.913: [ParNew
Desired survivor size 20112992 bytes, new threshold 8 (max 8)
- age   1:    7250360 bytes,    7250360 total
- age   2:    5880360 bytes,   13130720 total
: 98692K->18037K(109248K), 0.0082414 secs] 98692K->18037K(502464K), 0.0083011 secs] [Times: user=0.00 sys=0.00, real=0.01 secs] 
Heap after GC invocations=2 (full 0):
 par new generation   total 109248K, used 18037K [0x00000000e0000000, 0x00000000e8000000, 0x00000000e8000000)
  eden space 87424K,   0% used [0x00000000e0000000, 0x00000000e0000000, 0x00000000e5560000)
  from space 21824K,  82% used [0x00000000e5560000, 0x00000000e66fd6a0, 0x00000000e6ab0000)
  to   space 21824K,   0% used [0x00000000e6ab0000, 0x00000000e6ab0000, 0x00000000e8000000)
 concurrent mark-sweep generation total 393216K, used 0K [0x00000000e8000000, 0x0000000100000000, 0x0000000100000000)
 Metaspace       used 25218K, capacity 25734K, committed 25944K, reserved 1073152K
  class space    used 3033K, capacity 3191K, committed 3196K, reserved 1048576K
}
2017-04-25T10:30:35.332+0800: 2.921: Total time for which application threads were stopped: 0.0085320 seconds, Stopping threads took: 0.0000208 seconds
2017-04-25T10:30:35.332+0800: 2.921: [GC (CMS Initial Mark) [1 CMS-initial-mark: 0K(393216K)] 18862K(502464K), 0.0021172 secs] [Times: user=0.06 sys=0.00, real=0.00 secs] 
2017-04-25T10:30:35.334+0800: 2.923: Total time for which application threads were stopped: 0.0022221 seconds, Stopping threads took: 0.0000215 seconds
2017-04-25T10:30:35.334+0800: 2.923: [CMS-concurrent-mark-start]
2017-04-25T10:30:35.335+0800: 2.923: [CMS-concurrent-mark: 0.000/0.000 secs] [Times: user=0.00 sys=0.00, real=0.00 secs] 
2017-04-25T10:30:35.335+0800: 2.924: [CMS-concurrent-preclean-start]
2017-04-25T10:30:35.335+0800: 2.924: [CMS-concurrent-preclean: 0.001/0.001 secs] [Times: user=0.00 sys=0.00, real=0.00 secs] 
2017-04-25T10:30:35.336+0800: 2.925: [GC (CMS Final Remark) [YG occupancy: 18862 K (109248 K)]{Heap before GC invocations=2 (full 1):
 par new generation   total 109248K, used 18862K [0x00000000e0000000, 0x00000000e8000000, 0x00000000e8000000)
  eden space 87424K,   0% used [0x00000000e0000000, 0x00000000e00ce238, 0x00000000e5560000)
  from space 21824K,  82% used [0x00000000e5560000, 0x00000000e66fd6a0, 0x00000000e6ab0000)
  to   space 21824K,   0% used [0x00000000e6ab0000, 0x00000000e6ab0000, 0x00000000e8000000)
 concurrent mark-sweep generation total 393216K, used 0K [0x00000000e8000000, 0x0000000100000000, 0x0000000100000000)
 Metaspace       used 25218K, capacity 25734K, committed 25944K, reserved 1073152K
  class space    used 3033K, capacity 3191K, committed 3196K, reserved 1048576K
2017-04-25T10:30:35.336+0800: 2.925: [GC (CMS Final Remark) 2017-04-25T10:30:35.336+0800: 2.925: [ParNew
Desired survivor size 20112992 bytes, new threshold 8 (max 8)
- age   1:      27800 bytes,      27800 total
- age   2:    2943944 bytes,    2971744 total
- age   3:    5877456 bytes,    8849200 total
: 18862K->11569K(109248K), 0.0057531 secs] 18862K->11569K(502464K), 0.0058019 secs] [Times: user=0.00 sys=0.00, real=0.01 secs] 
Heap after GC invocations=3 (full 1):
 par new generation   total 109248K, used 11569K [0x00000000e0000000, 0x00000000e8000000, 0x00000000e8000000)
  eden space 87424K,   0% used [0x00000000e0000000, 0x00000000e0000000, 0x00000000e5560000)
  from space 21824K,  53% used [0x00000000e6ab0000, 0x00000000e75fc730, 0x00000000e8000000)
  to   space 21824K,   0% used [0x00000000e5560000, 0x00000000e5560000, 0x00000000e6ab0000)
 concurrent mark-sweep generation total 393216K, used 0K [0x00000000e8000000, 0x0000000100000000, 0x0000000100000000)
 Metaspace       used 25218K, capacity 25734K, committed 25944K, reserved 1073152K
  class space    used 3033K, capacity 3191K, committed 3196K, reserved 1048576K
}
2017-04-25T10:30:35.342+0800: 2.931: [Rescan (parallel) , 0.0017317 secs]2017-04-25T10:30:35.344+0800: 2.932: [weak refs processing, 0.0002367 secs]2017-04-25T10:30:35.344+0800: 2.933: [class unloading, 0.0030153 secs]2017-04-25T10:30:35.347+0800: 2.936: [scrub symbol table, 0.0031416 secs]2017-04-25T10:30:35.350+0800: 2.939: [scrub string table, 0.0003355 secs][1 CMS-remark: 0K(393216K)] 11569K(502464K), 0.0149721 secs] [Times: user=0.03 sys=0.00, real=0.02 secs] 
2017-04-25T10:30:35.351+0800: 2.940: Total time for which application threads were stopped: 0.0150648 seconds, Stopping threads took: 0.0000269 seconds
2017-04-25T10:30:35.353+0800: 2.942: [CMS-concurrent-sweep-start]
2017-04-25T10:30:35.353+0800: 2.942: [CMS-concurrent-sweep: 0.000/0.000 secs] [Times: user=0.00 sys=0.00, real=0.00 secs] 
2017-04-25T10:30:35.353+0800: 2.942: [CMS-concurrent-reset-start]
2017-04-25T10:30:35.355+0800: 2.943: [CMS-concurrent-reset: 0.002/0.002 secs] [Times: user=0.00 sys=0.00, real=0.00 secs] 
{Heap before GC invocations=3 (full 1):
 par new generation   total 109248K, used 98993K [0x00000000e0000000, 0x00000000e8000000, 0x00000000e8000000)
  eden space 87424K, 100% used [0x00000000e0000000, 0x00000000e5560000, 0x00000000e5560000)
  from space 21824K,  53% used [0x00000000e6ab0000, 0x00000000e75fc730, 0x00000000e8000000)
  to   space 21824K,   0% used [0x00000000e5560000, 0x00000000e5560000, 0x00000000e6ab0000)
 concurrent mark-sweep generation total 393216K, used 0K [0x00000000e8000000, 0x0000000100000000, 0x0000000100000000)
 Metaspace       used 26123K, capacity 26648K, committed 26840K, reserved 1073152K
  class space    used 3157K, capacity 3322K, committed 3324K, reserved 1048576K
2017-04-25T10:30:35.494+0800: 3.082: [GC (Allocation Failure) 2017-04-25T10:30:35.494+0800: 3.082: [ParNew
Desired survivor size 20112992 bytes, new threshold 8 (max 8)
- age   1:    1612208 bytes,    1612208 total
- age   3:    2793920 bytes,    4406128 total
- age   4:    5874864 bytes,   10280992 total
: 98993K->12233K(109248K), 0.0057849 secs] 98993K->12233K(502464K), 0.0058477 secs] [Times: user=0.00 sys=0.00, real=0.01 secs] 
Heap after GC invocations=4 (full 1):
 par new generation   total 109248K, used 12233K [0x00000000e0000000, 0x00000000e8000000, 0x00000000e8000000)
  eden space 87424K,   0% used [0x00000000e0000000, 0x00000000e0000000, 0x00000000e5560000)
  from space 21824K,  56% used [0x00000000e5560000, 0x00000000e6152700, 0x00000000e6ab0000)
  to   space 21824K,   0% used [0x00000000e6ab0000, 0x00000000e6ab0000, 0x00000000e8000000)
 concurrent mark-sweep generation total 393216K, used 0K [0x00000000e8000000, 0x0000000100000000, 0x0000000100000000)
 Metaspace       used 26123K, capacity 26648K, committed 26840K, reserved 1073152K
  class space    used 3157K, capacity 3322K, committed 3324K, reserved 1048576K
}
2017-04-25T10:30:35.499+0800: 3.088: Total time for which application threads were stopped: 0.0060318 seconds, Stopping threads took: 0.0000257 seconds
2017-04-25T10:30:35.683+0800: 3.271: Total time for which application threads were stopped: 0.0003329 seconds, Stopping threads took: 0.0000180 seconds
{Heap before GC invocations=4 (full 1):
 par new generation   total 109248K, used 99657K [0x00000000e0000000, 0x00000000e8000000, 0x00000000e8000000)
  eden space 87424K, 100% used [0x00000000e0000000, 0x00000000e5560000, 0x00000000e5560000)
  from space 21824K,  56% used [0x00000000e5560000, 0x00000000e6152700, 0x00000000e6ab0000)
  to   space 21824K,   0% used [0x00000000e6ab0000, 0x00000000e6ab0000, 0x00000000e8000000)
 concurrent mark-sweep generation total 393216K, used 0K [0x00000000e8000000, 0x0000000100000000, 0x0000000100000000)
 Metaspace       used 27906K, capacity 28468K, committed 28760K, reserved 1075200K
  class space    used 3366K, capacity 3586K, committed 3708K, reserved 1048576K
2017-04-25T10:30:36.078+0800: 3.667: [GC (Allocation Failure) 2017-04-25T10:30:36.078+0800: 3.667: [ParNew
Desired survivor size 20112992 bytes, new threshold 8 (max 8)
- age   1:    2289752 bytes,    2289752 total
- age   2:     345112 bytes,    2634864 total
- age   4:    2198144 bytes,    4833008 total
- age   5:    5874232 bytes,   10707240 total
: 99657K->15317K(109248K), 0.0064988 secs] 99657K->15317K(502464K), 0.0066002 secs] [Times: user=0.02 sys=0.00, real=0.01 secs] 
Heap after GC invocations=5 (full 1):
 par new generation   total 109248K, used 15317K [0x00000000e0000000, 0x00000000e8000000, 0x00000000e8000000)
  eden space 87424K,   0% used [0x00000000e0000000, 0x00000000e0000000, 0x00000000e5560000)
  from space 21824K,  70% used [0x00000000e6ab0000, 0x00000000e79a5578, 0x00000000e8000000)
  to   space 21824K,   0% used [0x00000000e5560000, 0x00000000e5560000, 0x00000000e6ab0000)
 concurrent mark-sweep generation total 393216K, used 0K [0x00000000e8000000, 0x0000000100000000, 0x0000000100000000)
 Metaspace       used 27906K, capacity 28468K, committed 28760K, reserved 1075200K
  class space    used 3366K, capacity 3586K, committed 3708K, reserved 1048576K
}
2017-04-25T10:30:36.085+0800: 3.674: Total time for which application threads were stopped: 0.0067862 seconds, Stopping threads took: 0.0000231 seconds
2017-04-25T10:30:36.119+0800: 3.707: Total time for which application threads were stopped: 0.0003349 seconds, Stopping threads took: 0.0000202 seconds
2017-04-25T10:30:36.138+0800: 3.727: Total time for which application threads were stopped: 0.0003361 seconds, Stopping threads took: 0.0000183 seconds
2017-04-25T10:30:36.416+0800: 4.005: Total time for which application threads were stopped: 0.0004336 seconds, Stopping threads took: 0.0000244 seconds
2017-04-25T10:30:36.481+0800: 4.069: Total time for which application threads were stopped: 0.0003538 seconds, Stopping threads took: 0.0000196 seconds
2017-04-25T10:30:36.499+0800: 4.087: Total time for which application threads were stopped: 0.0002848 seconds, Stopping threads took: 0.0000221 seconds
2017-04-25T10:30:36.870+0800: 4.459: Total time for which application threads were stopped: 0.0004170 seconds, Stopping threads took: 0.0000253 seconds
{Heap before GC invocations=5 (full 1):
 par new generation   total 109248K, used 102741K [0x00000000e0000000, 0x00000000e8000000, 0x00000000e8000000)
  eden space 87424K, 100% used [0x00000000e0000000, 0x00000000e5560000, 0x00000000e5560000)
  from space 21824K,  70% used [0x00000000e6ab0000, 0x00000000e79a5578, 0x00000000e8000000)
  to   space 21824K,   0% used [0x00000000e5560000, 0x00000000e5560000, 0x00000000e6ab0000)
 concurrent mark-sweep generation total 393216K, used 0K [0x00000000e8000000, 0x0000000100000000, 0x0000000100000000)
 Metaspace       used 33102K, capacity 33864K, committed 34264K, reserved 1079296K
  class space    used 4005K, capacity 4246K, committed 4348K, reserved 1048576K
2017-04-25T10:30:36.932+0800: 4.521: [GC (Allocation Failure) 2017-04-25T10:30:36.932+0800: 4.521: [ParNew
Desired survivor size 20112992 bytes, new threshold 8 (max 8)
- age   1:    9045856 bytes,    9045856 total
- age   2:     927528 bytes,    9973384 total
- age   3:     320592 bytes,   10293976 total
- age   5:    2173936 bytes,   12467912 total
- age   6:    5824800 bytes,   18292712 total
: 102741K->21382K(109248K), 0.0092100 secs] 102741K->21382K(502464K), 0.0092713 secs] [Times: user=0.00 sys=0.00, real=0.01 secs] 
Heap after GC invocations=6 (full 1):
 par new generation   total 109248K, used 21382K [0x00000000e0000000, 0x00000000e8000000, 0x00000000e8000000)
  eden space 87424K,   0% used [0x00000000e0000000, 0x00000000e0000000, 0x00000000e5560000)
  from space 21824K,  97% used [0x00000000e5560000, 0x00000000e6a41a60, 0x00000000e6ab0000)
  to   space 21824K,   0% used [0x00000000e6ab0000, 0x00000000e6ab0000, 0x00000000e8000000)
 concurrent mark-sweep generation total 393216K, used 0K [0x00000000e8000000, 0x0000000100000000, 0x0000000100000000)
 Metaspace       used 33102K, capacity 33864K, committed 34264K, reserved 1079296K
  class space    used 4005K, capacity 4246K, committed 4348K, reserved 1048576K
}
2017-04-25T10:30:36.942+0800: 4.531: Total time for which application threads were stopped: 0.0094387 seconds, Stopping threads took: 0.0000218 seconds
2017-04-25T10:30:36.943+0800: 4.532: Total time for which application threads were stopped: 0.0000911 seconds, Stopping threads took: 0.0000263 seconds
2017-04-25T10:30:37.944+0800: 5.533: Total time for which application threads were stopped: 0.0002547 seconds, Stopping threads took: 0.0000590 seconds
2017-04-25T10:31:00.498+0800: 28.086: Total time for which application threads were stopped: 0.0000706 seconds, Stopping threads took: 0.0000244 seconds
2017-04-25T10:31:00.498+0800: 28.086: Total time for which application threads were stopped: 0.0000532 seconds, Stopping threads took: 0.0000218 seconds
2017-04-25T10:31:00.533+0800: 28.122: Total time for which application threads were stopped: 0.0000828 seconds, Stopping threads took: 0.0000212 seconds
2017-04-25T10:31:00.533+0800: 28.122: Total time for which application threads were stopped: 0.0000462 seconds, Stopping threads took: 0.0000157 seconds
2017-04-25T10:31:00.534+0800: 28.123: Total time for which application threads were stopped: 0.0000324 seconds, Stopping threads took: 0.0000083 seconds
2017-04-25T10:31:00.535+0800: 28.123: Total time for which application threads were stopped: 0.0000244 seconds, Stopping threads took: 0.0000067 seconds
2017-04-25T10:31:00.535+0800: 28.123: Total time for which application threads were stopped: 0.0000221 seconds, Stopping threads took: 0.0000061 seconds
2017-04-25T10:31:00.535+0800: 28.123: Total time for which application threads were stopped: 0.0000221 seconds, Stopping threads took: 0.0000061 seconds
2017-04-25T10:31:00.535+0800: 28.123: Total time for which application threads were stopped: 0.0000218 seconds, Stopping threads took: 0.0000061 seconds
2017-04-25T10:31:00.535+0800: 28.123: Total time for which application threads were stopped: 0.0000218 seconds, Stopping threads took: 0.0000061 seconds
2017-04-25T10:31:00.535+0800: 28.124: Total time for which application threads were stopped: 0.0000375 seconds, Stopping threads took: 0.0000128 seconds
2017-04-25T10:31:00.535+0800: 28.124: Total time for which application threads were stopped: 0.0000311 seconds, Stopping threads took: 0.0000128 seconds
2017-04-25T10:31:00.535+0800: 28.124: Total time for which application threads were stopped: 0.0000292 seconds, Stopping threads took: 0.0000122 seconds
2017-04-25T10:31:00.535+0800: 28.124: Total time for which application threads were stopped: 0.0000247 seconds, Stopping threads took: 0.0000077 seconds
2017-04-25T10:31:00.535+0800: 28.124: Total time for which application threads were stopped: 0.0000241 seconds, Stopping threads took: 0.0000080 seconds
2017-04-25T10:31:00.535+0800: 28.124: Total time for which application threads were stopped: 0.0000276 seconds, Stopping threads took: 0.0000109 seconds
2017-04-25T10:31:00.535+0800: 28.124: Total time for which application threads were stopped: 0.0000295 seconds, Stopping threads took: 0.0000125 seconds
2017-04-25T10:31:00.536+0800: 28.124: Total time for which application threads were stopped: 0.0000378 seconds, Stopping threads took: 0.0000148 seconds
2017-04-25T10:31:00.543+0800: 28.132: Total time for which application threads were stopped: 0.0000744 seconds, Stopping threads took: 0.0000250 seconds
2017-04-25T10:31:00.543+0800: 28.132: Total time for which application threads were stopped: 0.0001732 seconds, Stopping threads took: 0.0001078 seconds
2017-04-25T10:31:00.545+0800: 28.133: Total time for which application threads were stopped: 0.0000953 seconds, Stopping threads took: 0.0000590 seconds
2017-04-25T10:31:00.545+0800: 28.133: Total time for which application threads were stopped: 0.0000356 seconds, Stopping threads took: 0.0000119 seconds
2017-04-25T10:31:00.547+0800: 28.136: Total time for which application threads were stopped: 0.0000561 seconds, Stopping threads took: 0.0000157 seconds
2017-04-25T10:31:00.547+0800: 28.136: Total time for which application threads were stopped: 0.0000452 seconds, Stopping threads took: 0.0000135 seconds
2017-04-25T10:31:00.627+0800: 28.216: Total time for which application threads were stopped: 0.0000603 seconds, Stopping threads took: 0.0000199 seconds
2017-04-25T10:31:00.627+0800: 28.216: Total time for which application threads were stopped: 0.0000417 seconds, Stopping threads took: 0.0000144 seconds
2017-04-25T10:31:00.646+0800: 28.235: Total time for which application threads were stopped: 0.0001219 seconds, Stopping threads took: 0.0000292 seconds
2017-04-25T10:31:00.652+0800: 28.241: Total time for which application threads were stopped: 0.0000792 seconds, Stopping threads took: 0.0000285 seconds
2017-04-25T10:31:00.654+0800: 28.243: Total time for which application threads were stopped: 0.0000661 seconds, Stopping threads took: 0.0000257 seconds
2017-04-25T10:31:00.655+0800: 28.243: Total time for which application threads were stopped: 0.0000532 seconds, Stopping threads took: 0.0000180 seconds
{Heap before GC invocations=6 (full 1):
 par new generation   total 109248K, used 108798K [0x00000000e0000000, 0x00000000e8000000, 0x00000000e8000000)
  eden space 87424K,  99% used [0x00000000e0000000, 0x00000000e555e070, 0x00000000e5560000)
  from space 21824K,  97% used [0x00000000e5560000, 0x00000000e6a41a60, 0x00000000e6ab0000)
  to   space 21824K,   0% used [0x00000000e6ab0000, 0x00000000e6ab0000, 0x00000000e8000000)
 concurrent mark-sweep generation total 393216K, used 0K [0x00000000e8000000, 0x0000000100000000, 0x0000000100000000)
 Metaspace       used 33341K, capacity 34102K, committed 34264K, reserved 1079296K
  class space    used 4036K, capacity 4283K, committed 4348K, reserved 1048576K
2017-04-25T10:31:00.706+0800: 28.294: [GC (Allocation Failure) 2017-04-25T10:31:00.706+0800: 28.294: [ParNew
Desired survivor size 20112992 bytes, new threshold 8 (max 8)
- age   1:    1945248 bytes,    1945248 total
- age   2:    4264168 bytes,    6209416 total
- age   3:     927104 bytes,    7136520 total
- age   4:     320576 bytes,    7457096 total
- age   6:    2136496 bytes,    9593592 total
- age   7:    5824848 bytes,   15418440 total
: 108798K->21824K(109248K), 0.0089778 secs] 108798K->21824K(502464K), 0.0090532 secs] [Times: user=0.06 sys=0.00, real=0.01 secs] 
Heap after GC invocations=7 (full 1):
 par new generation   total 109248K, used 21824K [0x00000000e0000000, 0x00000000e8000000, 0x00000000e8000000)
  eden space 87424K,   0% used [0x00000000e0000000, 0x00000000e0000000, 0x00000000e5560000)
  from space 21824K, 100% used [0x00000000e6ab0000, 0x00000000e8000000, 0x00000000e8000000)
  to   space 21824K,   0% used [0x00000000e5560000, 0x00000000e5560000, 0x00000000e6ab0000)
 concurrent mark-sweep generation total 393216K, used 0K [0x00000000e8000000, 0x0000000100000000, 0x0000000100000000)
 Metaspace       used 33341K, capacity 34102K, committed 34264K, reserved 1079296K
  class space    used 4036K, capacity 4283K, committed 4348K, reserved 1048576K
}
2017-04-25T10:31:00.715+0800: 28.303: Total time for which application threads were stopped: 0.0092370 seconds, Stopping threads took: 0.0000225 seconds
2017-04-25T10:31:00.716+0800: 28.305: Total time for which application threads were stopped: 0.0001001 seconds, Stopping threads took: 0.0000401 seconds
{Heap before GC invocations=7 (full 1):
 par new generation   total 109248K, used 109248K [0x00000000e0000000, 0x00000000e8000000, 0x00000000e8000000)
  eden space 87424K, 100% used [0x00000000e0000000, 0x00000000e5560000, 0x00000000e5560000)
  from space 21824K, 100% used [0x00000000e6ab0000, 0x00000000e8000000, 0x00000000e8000000)
  to   space 21824K,   0% used [0x00000000e5560000, 0x00000000e5560000, 0x00000000e6ab0000)
 concurrent mark-sweep generation total 393216K, used 0K [0x00000000e8000000, 0x0000000100000000, 0x0000000100000000)
 Metaspace       used 33370K, capacity 34108K, committed 34264K, reserved 1079296K
  class space    used 4037K, capacity 4284K, committed 4348K, reserved 1048576K
2017-04-25T10:31:00.770+0800: 28.358: [GC (Allocation Failure) 2017-04-25T10:31:00.770+0800: 28.358: [ParNew
Desired survivor size 20112992 bytes, new threshold 8 (max 8)
- age   1:     239600 bytes,     239600 total
- age   2:    1512672 bytes,    1752272 total
- age   3:    4079952 bytes,    5832224 total
- age   4:     927104 bytes,    6759328 total
- age   5:     320472 bytes,    7079800 total
- age   7:    2135168 bytes,    9214968 total
- age   8:    5824416 bytes,   15039384 total
: 109248K->21098K(109248K), 0.0087774 secs] 109248K->21098K(502464K), 0.0088524 secs] [Times: user=0.06 sys=0.00, real=0.01 secs] 
Heap after GC invocations=8 (full 1):
 par new generation   total 109248K, used 21098K [0x00000000e0000000, 0x00000000e8000000, 0x00000000e8000000)
  eden space 87424K,   0% used [0x00000000e0000000, 0x00000000e0000000, 0x00000000e5560000)
  from space 21824K,  96% used [0x00000000e5560000, 0x00000000e69faa68, 0x00000000e6ab0000)
  to   space 21824K,   0% used [0x00000000e6ab0000, 0x00000000e6ab0000, 0x00000000e8000000)
 concurrent mark-sweep generation total 393216K, used 0K [0x00000000e8000000, 0x0000000100000000, 0x0000000100000000)
 Metaspace       used 33370K, capacity 34108K, committed 34264K, reserved 1079296K
  class space    used 4037K, capacity 4284K, committed 4348K, reserved 1048576K
}
2017-04-25T10:31:00.778+0800: 28.367: Total time for which application threads were stopped: 0.0090138 seconds, Stopping threads took: 0.0000237 seconds
2017-04-25T10:31:00.779+0800: 28.367: Total time for which application threads were stopped: 0.0001030 seconds, Stopping threads took: 0.0000337 seconds
2017-04-25T10:31:00.962+0800: 28.551: Total time for which application threads were stopped: 0.0001206 seconds, Stopping threads took: 0.0000253 seconds
2017-04-25T10:31:00.995+0800: 28.584: Total time for which application threads were stopped: 0.0001360 seconds, Stopping threads took: 0.0000334 seconds
2017-04-25T10:31:01.000+0800: 28.588: Total time for which application threads were stopped: 0.0000683 seconds, Stopping threads took: 0.0000212 seconds
2017-04-25T10:31:01.000+0800: 28.589: Total time for which application threads were stopped: 0.0000722 seconds, Stopping threads took: 0.0000263 seconds
2017-04-25T10:31:01.000+0800: 28.589: Total time for which application threads were stopped: 0.0000625 seconds, Stopping threads took: 0.0000237 seconds
2017-04-25T10:31:01.000+0800: 28.589: Total time for which application threads were stopped: 0.0000459 seconds, Stopping threads took: 0.0000173 seconds
2017-04-25T10:31:01.005+0800: 28.594: Total time for which application threads were stopped: 0.0001081 seconds, Stopping threads took: 0.0000340 seconds
2017-04-25T10:31:01.005+0800: 28.594: Total time for which application threads were stopped: 0.0000568 seconds, Stopping threads took: 0.0000154 seconds
2017-04-25T10:31:01.005+0800: 28.594: Total time for which application threads were stopped: 0.0000491 seconds, Stopping threads took: 0.0000135 seconds
2017-04-25T10:31:01.005+0800: 28.594: Total time for which application threads were stopped: 0.0000337 seconds, Stopping threads took: 0.0000096 seconds
2017-04-25T10:31:01.006+0800: 28.594: Total time for which application threads were stopped: 0.0000330 seconds, Stopping threads took: 0.0000093 seconds
2017-04-25T10:31:01.006+0800: 28.594: Total time for which application threads were stopped: 0.0000359 seconds, Stopping threads took: 0.0000109 seconds
2017-04-25T10:31:01.006+0800: 28.595: Total time for which application threads were stopped: 0.0001052 seconds, Stopping threads took: 0.0000083 seconds
2017-04-25T10:31:01.006+0800: 28.595: Total time for which application threads were stopped: 0.0000334 seconds, Stopping threads took: 0.0000099 seconds
2017-04-25T10:31:01.006+0800: 28.595: Total time for which application threads were stopped: 0.0000318 seconds, Stopping threads took: 0.0000099 seconds
2017-04-25T10:31:01.006+0800: 28.595: Total time for which application threads were stopped: 0.0000321 seconds, Stopping threads took: 0.0000093 seconds
2017-04-25T10:31:01.006+0800: 28.595: Total time for which application threads were stopped: 0.0000314 seconds, Stopping threads took: 0.0000090 seconds
2017-04-25T10:31:01.007+0800: 28.596: Total time for which application threads were stopped: 0.0000542 seconds, Stopping threads took: 0.0000122 seconds
2017-04-25T10:31:01.008+0800: 28.596: Total time for which application threads were stopped: 0.0000696 seconds, Stopping threads took: 0.0000279 seconds
2017-04-25T10:31:01.008+0800: 28.597: Total time for which application threads were stopped: 0.0000600 seconds, Stopping threads took: 0.0000176 seconds
2017-04-25T10:31:01.020+0800: 28.609: Total time for which application threads were stopped: 0.0001841 seconds, Stopping threads took: 0.0000359 seconds
2017-04-25T10:31:01.022+0800: 28.611: Total time for which application threads were stopped: 0.0000808 seconds, Stopping threads took: 0.0000234 seconds
2017-04-25T10:31:24.339+0800: 51.928: Total time for which application threads were stopped: 0.0000664 seconds, Stopping threads took: 0.0000212 seconds
2017-04-25T10:31:24.340+0800: 51.928: Total time for which application threads were stopped: 0.0000619 seconds, Stopping threads took: 0.0000231 seconds
2017-04-25T10:31:24.376+0800: 51.965: Total time for which application threads were stopped: 0.0000706 seconds, Stopping threads took: 0.0000225 seconds
2017-04-25T10:31:24.376+0800: 51.965: Total time for which application threads were stopped: 0.0000539 seconds, Stopping threads took: 0.0000237 seconds
2017-04-25T10:31:24.377+0800: 51.966: Total time for which application threads were stopped: 0.0000500 seconds, Stopping threads took: 0.0000192 seconds
2017-04-25T10:31:24.377+0800: 51.966: Total time for which application threads were stopped: 0.0000462 seconds, Stopping threads took: 0.0000189 seconds
2017-04-25T10:31:24.377+0800: 51.966: Total time for which application threads were stopped: 0.0000375 seconds, Stopping threads took: 0.0000132 seconds
2017-04-25T10:31:24.377+0800: 51.966: Total time for which application threads were stopped: 0.0000301 seconds, Stopping threads took: 0.0000090 seconds
2017-04-25T10:31:24.378+0800: 51.966: Total time for which application threads were stopped: 0.0000520 seconds, Stopping threads took: 0.0000301 seconds
2017-04-25T10:31:24.378+0800: 51.967: Total time for which application threads were stopped: 0.0000263 seconds, Stopping threads took: 0.0000083 seconds
2017-04-25T10:31:24.378+0800: 51.967: Total time for which application threads were stopped: 0.0001084 seconds, Stopping threads took: 0.0000083 seconds
2017-04-25T10:31:24.385+0800: 51.974: Total time for which application threads were stopped: 0.0000625 seconds, Stopping threads took: 0.0000218 seconds
2017-04-25T10:31:24.385+0800: 51.974: Total time for which application threads were stopped: 0.0000462 seconds, Stopping threads took: 0.0000151 seconds
2017-04-25T10:31:24.387+0800: 51.975: Total time for which application threads were stopped: 0.0000475 seconds, Stopping threads took: 0.0000154 seconds
2017-04-25T10:31:24.387+0800: 51.975: Total time for which application threads were stopped: 0.0000378 seconds, Stopping threads took: 0.0000119 seconds
2017-04-25T10:31:24.388+0800: 51.977: Total time for which application threads were stopped: 0.0000741 seconds, Stopping threads took: 0.0000427 seconds
2017-04-25T10:31:24.388+0800: 51.977: Total time for which application threads were stopped: 0.0000504 seconds, Stopping threads took: 0.0000205 seconds
2017-04-25T10:31:24.443+0800: 52.032: Total time for which application threads were stopped: 0.0000625 seconds, Stopping threads took: 0.0000189 seconds
2017-04-25T10:31:24.443+0800: 52.032: Total time for which application threads were stopped: 0.0000478 seconds, Stopping threads took: 0.0000154 seconds
2017-04-25T10:31:24.456+0800: 52.045: Total time for which application threads were stopped: 0.0001017 seconds, Stopping threads took: 0.0000234 seconds
2017-04-25T10:31:24.456+0800: 52.045: Total time for which application threads were stopped: 0.0000504 seconds, Stopping threads took: 0.0000154 seconds
2017-04-25T10:31:24.456+0800: 52.045: Total time for which application threads were stopped: 0.0000439 seconds, Stopping threads took: 0.0000132 seconds
2017-04-25T10:31:24.467+0800: 52.055: Total time for which application threads were stopped: 0.0000898 seconds, Stopping threads took: 0.0000285 seconds
2017-04-25T10:31:24.467+0800: 52.056: Total time for which application threads were stopped: 0.0000754 seconds, Stopping threads took: 0.0000276 seconds
2017-04-25T10:31:24.467+0800: 52.056: Total time for which application threads were stopped: 0.0000504 seconds, Stopping threads took: 0.0000157 seconds
2017-04-25T10:31:24.468+0800: 52.056: Total time for which application threads were stopped: 0.0000459 seconds, Stopping threads took: 0.0000122 seconds
2017-04-25T10:31:24.468+0800: 52.057: Total time for which application threads were stopped: 0.0000398 seconds, Stopping threads took: 0.0000112 seconds
2017-04-25T10:31:24.468+0800: 52.057: Total time for which application threads were stopped: 0.0001257 seconds, Stopping threads took: 0.0000112 seconds
{Heap before GC invocations=8 (full 1):
 par new generation   total 109248K, used 108522K [0x00000000e0000000, 0x00000000e8000000, 0x00000000e8000000)
  eden space 87424K, 100% used [0x00000000e0000000, 0x00000000e5560000, 0x00000000e5560000)
  from space 21824K,  96% used [0x00000000e5560000, 0x00000000e69faa68, 0x00000000e6ab0000)
  to   space 21824K,   0% used [0x00000000e6ab0000, 0x00000000e6ab0000, 0x00000000e8000000)
 concurrent mark-sweep generation total 393216K, used 0K [0x00000000e8000000, 0x0000000100000000, 0x0000000100000000)
 Metaspace       used 33642K, capacity 34376K, committed 34520K, reserved 1079296K
  class space    used 4049K, capacity 4286K, committed 4348K, reserved 1048576K
2017-04-25T10:31:24.479+0800: 52.068: [GC (Allocation Failure) 2017-04-25T10:31:24.479+0800: 52.068: [ParNew
Desired survivor size 20112992 bytes, new threshold 8 (max 8)
- age   1:    3985984 bytes,    3985984 total
- age   2:      83000 bytes,    4068984 total
- age   3:     753504 bytes,    4822488 total
- age   4:    4078608 bytes,    8901096 total
- age   5:     926912 bytes,    9828008 total
- age   6:     320472 bytes,   10148480 total
- age   8:    2134416 bytes,   12282896 total
: 108522K->15703K(109248K), 0.0221474 secs] 108522K->21998K(502464K), 0.0222180 secs] [Times: user=0.06 sys=0.00, real=0.02 secs] 
Heap after GC invocations=9 (full 1):
 par new generation   total 109248K, used 15703K [0x00000000e0000000, 0x00000000e8000000, 0x00000000e8000000)
  eden space 87424K,   0% used [0x00000000e0000000, 0x00000000e0000000, 0x00000000e5560000)
  from space 21824K,  71% used [0x00000000e6ab0000, 0x00000000e7a05e00, 0x00000000e8000000)
  to   space 21824K,   0% used [0x00000000e5560000, 0x00000000e5560000, 0x00000000e6ab0000)
 concurrent mark-sweep generation total 393216K, used 6294K [0x00000000e8000000, 0x0000000100000000, 0x0000000100000000)
 Metaspace       used 33642K, capacity 34376K, committed 34520K, reserved 1079296K
  class space    used 4049K, capacity 4286K, committed 4348K, reserved 1048576K
}
2017-04-25T10:31:24.501+0800: 52.090: Total time for which application threads were stopped: 0.0223758 seconds, Stopping threads took: 0.0000244 seconds
2017-04-25T10:31:24.501+0800: 52.090: Total time for which application threads were stopped: 0.0001126 seconds, Stopping threads took: 0.0000372 seconds
2017-04-25T10:31:24.501+0800: 52.090: Total time for which application threads were stopped: 0.0000718 seconds, Stopping threads took: 0.0000285 seconds
{Heap before GC invocations=9 (full 1):
 par new generation   total 109248K, used 103127K [0x00000000e0000000, 0x00000000e8000000, 0x00000000e8000000)
  eden space 87424K, 100% used [0x00000000e0000000, 0x00000000e5560000, 0x00000000e5560000)
  from space 21824K,  71% used [0x00000000e6ab0000, 0x00000000e7a05e00, 0x00000000e8000000)
  to   space 21824K,   0% used [0x00000000e5560000, 0x00000000e5560000, 0x00000000e6ab0000)
 concurrent mark-sweep generation total 393216K, used 6294K [0x00000000e8000000, 0x0000000100000000, 0x0000000100000000)
 Metaspace       used 33646K, capacity 34376K, committed 34520K, reserved 1079296K
  class space    used 4049K, capacity 4286K, committed 4348K, reserved 1048576K
2017-04-25T10:31:24.551+0800: 52.140: [GC (Allocation Failure) 2017-04-25T10:31:24.551+0800: 52.140: [ParNew
Desired survivor size 20112992 bytes, new threshold 8 (max 8)
- age   1:     848440 bytes,     848440 total
- age   2:    3629960 bytes,    4478400 total
- age   3:      83000 bytes,    4561400 total
- age   4:     753504 bytes,    5314904 total
- age   5:    4078544 bytes,    9393448 total
- age   6:     926912 bytes,   10320360 total
- age   7:     320472 bytes,   10640832 total
: 103127K->14537K(109248K), 0.0097094 secs] 109422K->22947K(502464K), 0.0097736 secs] [Times: user=0.06 sys=0.00, real=0.01 secs] 
Heap after GC invocations=10 (full 1):
 par new generation   total 109248K, used 14537K [0x00000000e0000000, 0x00000000e8000000, 0x00000000e8000000)
  eden space 87424K,   0% used [0x00000000e0000000, 0x00000000e0000000, 0x00000000e5560000)
  from space 21824K,  66% used [0x00000000e5560000, 0x00000000e6392590, 0x00000000e6ab0000)
  to   space 21824K,   0% used [0x00000000e6ab0000, 0x00000000e6ab0000, 0x00000000e8000000)
 concurrent mark-sweep generation total 393216K, used 8410K [0x00000000e8000000, 0x0000000100000000, 0x0000000100000000)
 Metaspace       used 33646K, capacity 34376K, committed 34520K, reserved 1079296K
  class space    used 4049K, capacity 4286K, committed 4348K, reserved 1048576K
}
2017-04-25T10:31:24.561+0800: 52.150: Total time for which application threads were stopped: 0.0099484 seconds, Stopping threads took: 0.0000237 seconds
2017-04-25T10:31:24.561+0800: 52.150: Total time for which application threads were stopped: 0.0000872 seconds, Stopping threads took: 0.0000350 seconds
2017-04-25T10:31:24.561+0800: 52.150: Total time for which application threads were stopped: 0.0001017 seconds, Stopping threads took: 0.0000471 seconds
2017-04-25T10:31:24.562+0800: 52.151: Total time for which application threads were stopped: 0.0002316 seconds, Stopping threads took: 0.0002024 seconds
2017-04-25T10:31:24.562+0800: 52.151: Total time for which application threads were stopped: 0.0001742 seconds, Stopping threads took: 0.0001517 seconds
2017-04-25T10:31:24.562+0800: 52.151: Total time for which application threads were stopped: 0.0000449 seconds, Stopping threads took: 0.0000199 seconds
2017-04-25T10:31:24.562+0800: 52.151: Total time for which application threads were stopped: 0.0000667 seconds, Stopping threads took: 0.0000385 seconds
2017-04-25T10:31:24.562+0800: 52.151: Total time for which application threads were stopped: 0.0000773 seconds, Stopping threads took: 0.0000539 seconds
2017-04-25T10:31:24.562+0800: 52.151: Total time for which application threads were stopped: 0.0000500 seconds, Stopping threads took: 0.0000273 seconds
2017-04-25T10:31:24.562+0800: 52.151: Total time for which application threads were stopped: 0.0000616 seconds, Stopping threads took: 0.0000298 seconds
2017-04-25T10:31:24.562+0800: 52.151: Total time for which application threads were stopped: 0.0000763 seconds, Stopping threads took: 0.0000532 seconds
2017-04-25T10:31:24.563+0800: 52.151: Total time for which application threads were stopped: 0.0000468 seconds, Stopping threads took: 0.0000199 seconds
2017-04-25T10:31:24.563+0800: 52.151: Total time for which application threads were stopped: 0.0000475 seconds, Stopping threads took: 0.0000208 seconds
2017-04-25T10:31:24.563+0800: 52.152: Total time for which application threads were stopped: 0.0000536 seconds, Stopping threads took: 0.0000253 seconds
2017-04-25T10:31:24.563+0800: 52.152: Total time for which application threads were stopped: 0.0000401 seconds, Stopping threads took: 0.0000154 seconds
2017-04-25T10:31:24.563+0800: 52.152: Total time for which application threads were stopped: 0.0000471 seconds, Stopping threads took: 0.0000208 seconds
2017-04-25T10:31:24.563+0800: 52.152: Total time for which application threads were stopped: 0.0000484 seconds, Stopping threads took: 0.0000244 seconds
2017-04-25T10:31:24.563+0800: 52.152: Total time for which application threads were stopped: 0.0000337 seconds, Stopping threads took: 0.0000141 seconds
2017-04-25T10:31:24.563+0800: 52.152: Total time for which application threads were stopped: 0.0000398 seconds, Stopping threads took: 0.0000164 seconds
2017-04-25T10:31:24.563+0800: 52.152: Total time for which application threads were stopped: 0.0001142 seconds, Stopping threads took: 0.0000148 seconds
{Heap before GC invocations=10 (full 1):
 par new generation   total 109248K, used 101961K [0x00000000e0000000, 0x00000000e8000000, 0x00000000e8000000)
  eden space 87424K, 100% used [0x00000000e0000000, 0x00000000e5560000, 0x00000000e5560000)
  from space 21824K,  66% used [0x00000000e5560000, 0x00000000e6392590, 0x00000000e6ab0000)
  to   space 21824K,   0% used [0x00000000e6ab0000, 0x00000000e6ab0000, 0x00000000e8000000)
 concurrent mark-sweep generation total 393216K, used 8410K [0x00000000e8000000, 0x0000000100000000, 0x0000000100000000)
 Metaspace       used 33686K, capacity 34440K, committed 34776K, reserved 1079296K
  class space    used 4049K, capacity 4286K, committed 4348K, reserved 1048576K
2017-04-25T10:31:24.637+0800: 52.226: [GC (Allocation Failure) 2017-04-25T10:31:24.637+0800: 52.226: [ParNew
Desired survivor size 20112992 bytes, new threshold 8 (max 8)
- age   1:     497216 bytes,     497216 total
- age   2:     845536 bytes,    1342752 total
- age   3:    3445528 bytes,    4788280 total
- age   4:      83000 bytes,    4871280 total
- age   5:     753504 bytes,    5624784 total
- age   6:    4078448 bytes,    9703232 total
- age   7:     926912 bytes,   10630144 total
- age   8:     320472 bytes,   10950616 total
: 101961K->13780K(109248K), 0.0069488 secs] 110371K->22190K(502464K), 0.0069976 secs] [Times: user=0.00 sys=0.00, real=0.01 secs] 
Heap after GC invocations=11 (full 1):
 par new generation   total 109248K, used 13780K [0x00000000e0000000, 0x00000000e8000000, 0x00000000e8000000)
  eden space 87424K,   0% used [0x00000000e0000000, 0x00000000e0000000, 0x00000000e5560000)
  from space 21824K,  63% used [0x00000000e6ab0000, 0x00000000e78250a0, 0x00000000e8000000)
  to   space 21824K,   0% used [0x00000000e5560000, 0x00000000e5560000, 0x00000000e6ab0000)
 concurrent mark-sweep generation total 393216K, used 8410K [0x00000000e8000000, 0x0000000100000000, 0x0000000100000000)
 Metaspace       used 33686K, capacity 34440K, committed 34776K, reserved 1079296K
  class space    used 4049K, capacity 4286K, committed 4348K, reserved 1048576K
}
2017-04-25T10:31:24.644+0800: 52.233: Total time for which application threads were stopped: 0.0072054 seconds, Stopping threads took: 0.0000225 seconds
2017-04-25T10:31:24.908+0800: 52.497: Total time for which application threads were stopped: 0.0001437 seconds, Stopping threads took: 0.0000388 seconds
2017-04-25T10:31:24.941+0800: 52.529: Total time for which application threads were stopped: 0.0001103 seconds, Stopping threads took: 0.0000343 seconds
2017-04-25T10:31:24.946+0800: 52.535: Total time for which application threads were stopped: 0.0000795 seconds, Stopping threads took: 0.0000282 seconds
2017-04-25T10:31:24.946+0800: 52.535: Total time for which application threads were stopped: 0.0000398 seconds, Stopping threads took: 0.0000122 seconds
2017-04-25T10:31:24.946+0800: 52.535: Total time for which application threads were stopped: 0.0000536 seconds, Stopping threads took: 0.0000180 seconds
2017-04-25T10:31:24.947+0800: 52.535: Total time for which application threads were stopped: 0.0000427 seconds, Stopping threads took: 0.0000199 seconds
2017-04-25T10:31:24.947+0800: 52.535: Total time for which application threads were stopped: 0.0001145 seconds, Stopping threads took: 0.0000180 seconds
2017-04-25T10:31:24.948+0800: 52.537: Total time for which application threads were stopped: 0.0000786 seconds, Stopping threads took: 0.0000215 seconds
2017-04-25T10:31:24.948+0800: 52.537: Total time for which application threads were stopped: 0.0000504 seconds, Stopping threads took: 0.0000135 seconds
2017-04-25T10:31:25.948+0800: 53.537: Total time for which application threads were stopped: 0.0001883 seconds, Stopping threads took: 0.0000529 seconds
2017-04-25T10:32:30.812+0800: 118.400: Total time for which application threads were stopped: 0.0001235 seconds, Stopping threads took: 0.0000366 seconds
2017-04-25T10:32:30.848+0800: 118.437: Total time for which application threads were stopped: 0.0000850 seconds, Stopping threads took: 0.0000215 seconds
2017-04-25T10:32:30.955+0800: 118.543: Total time for which application threads were stopped: 0.0004853 seconds, Stopping threads took: 0.0000196 seconds
2017-04-25T10:32:30.987+0800: 118.575: Total time for which application threads were stopped: 0.0003801 seconds, Stopping threads took: 0.0000192 seconds
2017-04-25T10:32:31.079+0800: 118.668: Total time for which application threads were stopped: 0.0000824 seconds, Stopping threads took: 0.0000215 seconds
2017-04-25T10:32:31.079+0800: 118.668: Total time for which application threads were stopped: 0.0000343 seconds, Stopping threads took: 0.0000099 seconds
2017-04-25T10:32:31.083+0800: 118.671: Total time for which application threads were stopped: 0.0003823 seconds, Stopping threads took: 0.0000167 seconds
2017-04-25T10:32:31.091+0800: 118.679: Total time for which application threads were stopped: 0.0000844 seconds, Stopping threads took: 0.0000199 seconds
2017-04-25T10:32:31.113+0800: 118.702: Total time for which application threads were stopped: 0.0004189 seconds, Stopping threads took: 0.0000301 seconds
2017-04-25T10:32:31.114+0800: 118.703: Total time for which application threads were stopped: 0.0003486 seconds, Stopping threads took: 0.0000151 seconds
2017-04-25T10:32:31.116+0800: 118.704: Total time for which application threads were stopped: 0.0000488 seconds, Stopping threads took: 0.0000132 seconds
2017-04-25T10:32:31.119+0800: 118.708: Total time for which application threads were stopped: 0.0000965 seconds, Stopping threads took: 0.0000215 seconds
2017-04-25T10:32:31.135+0800: 118.724: Total time for which application threads were stopped: 0.0000792 seconds, Stopping threads took: 0.0000228 seconds
2017-04-25T10:32:31.166+0800: 118.755: Total time for which application threads were stopped: 0.0000860 seconds, Stopping threads took: 0.0000247 seconds
2017-04-25T10:32:31.860+0800: 119.449: Total time for which application threads were stopped: 0.0002088 seconds, Stopping threads took: 0.0000500 seconds
2017-04-25T10:32:31.861+0800: 119.450: Total time for which application threads were stopped: 0.0001549 seconds, Stopping threads took: 0.0000452 seconds
2017-04-25T10:32:31.861+0800: 119.450: Total time for which application threads were stopped: 0.0001081 seconds, Stopping threads took: 0.0000314 seconds
2017-04-25T10:32:31.861+0800: 119.450: Total time for which application threads were stopped: 0.0000962 seconds, Stopping threads took: 0.0000257 seconds
2017-04-25T10:32:31.861+0800: 119.450: Total time for which application threads were stopped: 0.0000927 seconds, Stopping threads took: 0.0000247 seconds
2017-04-25T10:32:32.862+0800: 120.450: Total time for which application threads were stopped: 0.0001851 seconds, Stopping threads took: 0.0000542 seconds
2017-04-25T10:32:40.789+0800: 128.378: Total time for which application threads were stopped: 0.0002370 seconds, Stopping threads took: 0.0000767 seconds
2017-04-25T10:32:40.796+0800: 128.385: Total time for which application threads were stopped: 0.0002258 seconds, Stopping threads took: 0.0000632 seconds
2017-04-25T10:32:40.797+0800: 128.385: Total time for which application threads were stopped: 0.0002027 seconds, Stopping threads took: 0.0000725 seconds
2017-04-25T10:32:40.799+0800: 128.388: Total time for which application threads were stopped: 0.0002152 seconds, Stopping threads took: 0.0000465 seconds
2017-04-25T10:32:40.800+0800: 128.389: Total time for which application threads were stopped: 0.0002159 seconds, Stopping threads took: 0.0000686 seconds
2017-04-25T10:32:40.800+0800: 128.389: Total time for which application threads were stopped: 0.0001694 seconds, Stopping threads took: 0.0000529 seconds
2017-04-25T10:32:40.804+0800: 128.393: Total time for which application threads were stopped: 0.0002454 seconds, Stopping threads took: 0.0000645 seconds
2017-04-25T10:32:40.811+0800: 128.400: Total time for which application threads were stopped: 0.0002582 seconds, Stopping threads took: 0.0000863 seconds
2017-04-25T10:32:40.823+0800: 128.411: Total time for which application threads were stopped: 0.0000872 seconds, Stopping threads took: 0.0000241 seconds
2017-04-25T10:32:40.824+0800: 128.413: Total time for which application threads were stopped: 0.0000808 seconds, Stopping threads took: 0.0000225 seconds
2017-04-25T10:32:40.825+0800: 128.413: Total time for which application threads were stopped: 0.0000702 seconds, Stopping threads took: 0.0000180 seconds
2017-04-25T10:32:40.966+0800: 128.555: Total time for which application threads were stopped: 0.0001989 seconds, Stopping threads took: 0.0000504 seconds
2017-04-25T10:32:40.980+0800: 128.568: Total time for which application threads were stopped: 0.0001212 seconds, Stopping threads took: 0.0000459 seconds
2017-04-25T10:32:50.982+0800: 138.571: Total time for which application threads were stopped: 0.0001148 seconds, Stopping threads took: 0.0000292 seconds
2017-04-25T10:33:00.985+0800: 148.574: Total time for which application threads were stopped: 0.0002066 seconds, Stopping threads took: 0.0000532 seconds
2017-04-25T10:33:10.794+0800: 158.383: Total time for which application threads were stopped: 0.0004699 seconds, Stopping threads took: 0.0000606 seconds
2017-04-25T10:33:11.795+0800: 159.383: Total time for which application threads were stopped: 0.0002043 seconds, Stopping threads took: 0.0000548 seconds
2017-04-25T10:33:15.796+0800: 163.384: Total time for which application threads were stopped: 0.0001799 seconds, Stopping threads took: 0.0000539 seconds
2017-04-25T10:33:20.799+0800: 168.388: Total time for which application threads were stopped: 0.0020646 seconds, Stopping threads took: 0.0019161 seconds
2017-04-25T10:33:21.800+0800: 169.388: Total time for which application threads were stopped: 0.0001973 seconds, Stopping threads took: 0.0000552 seconds
2017-04-25T10:33:24.801+0800: 172.389: Total time for which application threads were stopped: 0.0001700 seconds, Stopping threads took: 0.0000516 seconds
2017-04-25T10:33:30.802+0800: 178.390: Total time for which application threads were stopped: 0.0001568 seconds, Stopping threads took: 0.0000770 seconds
2017-04-25T10:33:31.802+0800: 179.391: Total time for which application threads were stopped: 0.0002091 seconds, Stopping threads took: 0.0000561 seconds
2017-04-25T10:33:40.806+0800: 188.395: Total time for which application threads were stopped: 0.0001337 seconds, Stopping threads took: 0.0000375 seconds
2017-04-25T10:33:41.807+0800: 189.396: Total time for which application threads were stopped: 0.0002916 seconds, Stopping threads took: 0.0001546 seconds
2017-04-25T10:33:50.810+0800: 198.399: Total time for which application threads were stopped: 0.0001190 seconds, Stopping threads took: 0.0000337 seconds
2017-04-25T10:34:00.817+0800: 208.405: Total time for which application threads were stopped: 0.0000895 seconds, Stopping threads took: 0.0000289 seconds
2017-04-25T10:34:00.873+0800: 208.461: Total time for which application threads were stopped: 0.0002239 seconds, Stopping threads took: 0.0000863 seconds
2017-04-25T10:34:01.873+0800: 209.462: Total time for which application threads were stopped: 0.0001921 seconds, Stopping threads took: 0.0000545 seconds
2017-04-25T10:34:10.874+0800: 218.463: Total time for which application threads were stopped: 0.0000641 seconds, Stopping threads took: 0.0000186 seconds
2017-04-25T10:34:10.875+0800: 218.464: Total time for which application threads were stopped: 0.0000776 seconds, Stopping threads took: 0.0000218 seconds
2017-04-25T10:34:10.878+0800: 218.467: Total time for which application threads were stopped: 0.0000840 seconds, Stopping threads took: 0.0000305 seconds
2017-04-25T10:34:10.897+0800: 218.485: Total time for which application threads were stopped: 0.0000763 seconds, Stopping threads took: 0.0000208 seconds
2017-04-25T10:34:11.897+0800: 219.486: Total time for which application threads were stopped: 0.0001434 seconds, Stopping threads took: 0.0000411 seconds
2017-04-25T10:34:20.778+0800: 228.367: Total time for which application threads were stopped: 0.0004282 seconds, Stopping threads took: 0.0000555 seconds
2017-04-25T10:34:20.797+0800: 228.386: Total time for which application threads were stopped: 0.0002550 seconds, Stopping threads took: 0.0000840 seconds
2017-04-25T10:34:20.919+0800: 228.507: Total time for which application threads were stopped: 0.0002098 seconds, Stopping threads took: 0.0000532 seconds
2017-04-25T10:34:20.919+0800: 228.508: Total time for which application threads were stopped: 0.0001931 seconds, Stopping threads took: 0.0000584 seconds
2017-04-25T10:34:21.920+0800: 229.508: Total time for which application threads were stopped: 0.0000808 seconds, Stopping threads took: 0.0000231 seconds
2017-04-25T10:34:30.878+0800: 238.467: Total time for which application threads were stopped: 0.0000908 seconds, Stopping threads took: 0.0000279 seconds
2017-04-25T10:34:30.878+0800: 238.467: Total time for which application threads were stopped: 0.0000552 seconds, Stopping threads took: 0.0000176 seconds
2017-04-25T10:34:30.878+0800: 238.467: Total time for which application threads were stopped: 0.0000455 seconds, Stopping threads took: 0.0000170 seconds
2017-04-25T10:34:30.882+0800: 238.470: Total time for which application threads were stopped: 0.0000677 seconds, Stopping threads took: 0.0000189 seconds
2017-04-25T10:34:40.780+0800: 248.369: Total time for which application threads were stopped: 0.0001604 seconds, Stopping threads took: 0.0000215 seconds
2017-04-25T10:34:40.856+0800: 248.444: Total time for which application threads were stopped: 0.0000956 seconds, Stopping threads took: 0.0000237 seconds
2017-04-25T10:34:40.856+0800: 248.444: Total time for which application threads were stopped: 0.0000510 seconds, Stopping threads took: 0.0000173 seconds
2017-04-25T10:34:40.862+0800: 248.450: Total time for which application threads were stopped: 0.0000770 seconds, Stopping threads took: 0.0000225 seconds
2017-04-25T10:34:41.862+0800: 249.450: Total time for which application threads were stopped: 0.0000718 seconds, Stopping threads took: 0.0000231 seconds
2017-04-25T10:34:46.863+0800: 254.452: Total time for which application threads were stopped: 0.0001726 seconds, Stopping threads took: 0.0000520 seconds
2017-04-25T10:34:50.864+0800: 258.452: Total time for which application threads were stopped: 0.0001058 seconds, Stopping threads took: 0.0000292 seconds
2017-04-25T10:34:50.883+0800: 258.471: Total time for which application threads were stopped: 0.0001235 seconds, Stopping threads took: 0.0000427 seconds
2017-04-25T10:34:50.883+0800: 258.472: Total time for which application threads were stopped: 0.0000856 seconds, Stopping threads took: 0.0000298 seconds
2017-04-25T10:34:50.890+0800: 258.478: Total time for which application threads were stopped: 0.0001116 seconds, Stopping threads took: 0.0000308 seconds
2017-04-25T10:35:00.887+0800: 268.476: Total time for which application threads were stopped: 0.0001947 seconds, Stopping threads took: 0.0000468 seconds
2017-04-25T10:35:00.888+0800: 268.476: Total time for which application threads were stopped: 0.0001581 seconds, Stopping threads took: 0.0000542 seconds
2017-04-25T10:35:00.895+0800: 268.484: Total time for which application threads were stopped: 0.0001504 seconds, Stopping threads took: 0.0000449 seconds
2017-04-25T10:35:01.895+0800: 269.484: Total time for which application threads were stopped: 0.0001995 seconds, Stopping threads took: 0.0000603 seconds
2017-04-25T10:35:10.878+0800: 278.466: Total time for which application threads were stopped: 0.0001507 seconds, Stopping threads took: 0.0000481 seconds
2017-04-25T10:35:10.878+0800: 278.467: Total time for which application threads were stopped: 0.0001052 seconds, Stopping threads took: 0.0000343 seconds
2017-04-25T10:35:10.886+0800: 278.474: Total time for which application threads were stopped: 0.0001437 seconds, Stopping threads took: 0.0000314 seconds
2017-04-25T10:35:11.886+0800: 279.475: Total time for which application threads were stopped: 0.0001982 seconds, Stopping threads took: 0.0000555 seconds
2017-04-25T10:35:16.888+0800: 284.476: Total time for which application threads were stopped: 0.0001957 seconds, Stopping threads took: 0.0000532 seconds
2017-04-25T10:35:20.793+0800: 288.382: Total time for which application threads were stopped: 0.0001969 seconds, Stopping threads took: 0.0000516 seconds
2017-04-25T10:35:20.883+0800: 288.471: Total time for which application threads were stopped: 0.0002017 seconds, Stopping threads took: 0.0000593 seconds
2017-04-25T10:35:20.883+0800: 288.472: Total time for which application threads were stopped: 0.0001645 seconds, Stopping threads took: 0.0000641 seconds
2017-04-25T10:35:20.893+0800: 288.482: Total time for which application threads were stopped: 0.0002017 seconds, Stopping threads took: 0.0000526 seconds
2017-04-25T10:35:21.894+0800: 289.483: Total time for which application threads were stopped: 0.0001366 seconds, Stopping threads took: 0.0000388 seconds
2017-04-25T10:35:30.884+0800: 298.473: Total time for which application threads were stopped: 0.0002675 seconds, Stopping threads took: 0.0000895 seconds
2017-04-25T10:35:30.885+0800: 298.473: Total time for which application threads were stopped: 0.0001466 seconds, Stopping threads took: 0.0000539 seconds
2017-04-25T10:35:30.896+0800: 298.485: Total time for which application threads were stopped: 0.0002194 seconds, Stopping threads took: 0.0000532 seconds
2017-04-25T10:35:31.897+0800: 299.486: Total time for which application threads were stopped: 0.0001812 seconds, Stopping threads took: 0.0000542 seconds
2017-04-25T10:35:40.794+0800: 308.382: Total time for which application threads were stopped: 0.0001767 seconds, Stopping threads took: 0.0000712 seconds
2017-04-25T10:35:40.881+0800: 308.470: Total time for which application threads were stopped: 0.0000799 seconds, Stopping threads took: 0.0000237 seconds
2017-04-25T10:35:40.881+0800: 308.470: Total time for which application threads were stopped: 0.0000494 seconds, Stopping threads took: 0.0000167 seconds
2017-04-25T10:35:40.885+0800: 308.473: Total time for which application threads were stopped: 0.0000683 seconds, Stopping threads took: 0.0000189 seconds
2017-04-25T10:35:50.884+0800: 318.472: Total time for which application threads were stopped: 0.0000991 seconds, Stopping threads took: 0.0000257 seconds
2017-04-25T10:35:50.884+0800: 318.472: Total time for which application threads were stopped: 0.0000953 seconds, Stopping threads took: 0.0000433 seconds
2017-04-25T10:35:50.888+0800: 318.476: Total time for which application threads were stopped: 0.0000767 seconds, Stopping threads took: 0.0000186 seconds
2017-04-25T10:35:51.888+0800: 319.477: Total time for which application threads were stopped: 0.0002053 seconds, Stopping threads took: 0.0000590 seconds
2017-04-25T10:36:00.887+0800: 328.476: Total time for which application threads were stopped: 0.0002184 seconds, Stopping threads took: 0.0000619 seconds
2017-04-25T10:36:01.888+0800: 329.477: Total time for which application threads were stopped: 0.0001520 seconds, Stopping threads took: 0.0000478 seconds
2017-04-25T10:36:06.890+0800: 334.478: Total time for which application threads were stopped: 0.0002017 seconds, Stopping threads took: 0.0000629 seconds
2017-04-25T10:36:10.789+0800: 338.378: Total time for which application threads were stopped: 0.0001395 seconds, Stopping threads took: 0.0000334 seconds
2017-04-25T10:36:10.791+0800: 338.380: Total time for which application threads were stopped: 0.0004452 seconds, Stopping threads took: 0.0000593 seconds
2017-04-25T10:36:10.868+0800: 338.457: Total time for which application threads were stopped: 0.0000831 seconds, Stopping threads took: 0.0000225 seconds
2017-04-25T10:36:10.868+0800: 338.457: Total time for which application threads were stopped: 0.0000641 seconds, Stopping threads took: 0.0000279 seconds
2017-04-25T10:36:10.872+0800: 338.460: Total time for which application threads were stopped: 0.0000677 seconds, Stopping threads took: 0.0000180 seconds
{Heap before GC invocations=11 (full 1):
 par new generation   total 109248K, used 101204K [0x00000000e0000000, 0x00000000e8000000, 0x00000000e8000000)
  eden space 87424K, 100% used [0x00000000e0000000, 0x00000000e5560000, 0x00000000e5560000)
  from space 21824K,  63% used [0x00000000e6ab0000, 0x00000000e78250a0, 0x00000000e8000000)
  to   space 21824K,   0% used [0x00000000e5560000, 0x00000000e5560000, 0x00000000e6ab0000)
 concurrent mark-sweep generation total 393216K, used 8410K [0x00000000e8000000, 0x0000000100000000, 0x0000000100000000)
 Metaspace       used 38147K, capacity 38984K, committed 39256K, reserved 1083392K
  class space    used 4479K, capacity 4718K, committed 4732K, reserved 1048576K
2017-04-25T10:36:20.791+0800: 348.379: [GC (Allocation Failure) 2017-04-25T10:36:20.791+0800: 348.379: [ParNew
Desired survivor size 20112992 bytes, new threshold 7 (max 8)
- age   1:   13411480 bytes,   13411480 total
- age   2:     128024 bytes,   13539504 total
- age   3:     137784 bytes,   13677288 total
- age   4:    3394496 bytes,   17071784 total
- age   5:      83000 bytes,   17154784 total
- age   6:     752080 bytes,   17906864 total
- age   7:    3486384 bytes,   21393248 total
- age   8:     916496 bytes,   22309744 total
: 101204K->21824K(109248K), 0.0335462 secs] 109614K->32363K(502464K), 0.0338618 secs] [Times: user=0.09 sys=0.03, real=0.03 secs] 
Heap after GC invocations=12 (full 1):
 par new generation   total 109248K, used 21824K [0x00000000e0000000, 0x00000000e8000000, 0x00000000e8000000)
  eden space 87424K,   0% used [0x00000000e0000000, 0x00000000e0000000, 0x00000000e5560000)
  from space 21824K, 100% used [0x00000000e5560000, 0x00000000e6ab0000, 0x00000000e6ab0000)
  to   space 21824K,   0% used [0x00000000e6ab0000, 0x00000000e6ab0000, 0x00000000e8000000)
 concurrent mark-sweep generation total 393216K, used 10539K [0x00000000e8000000, 0x0000000100000000, 0x0000000100000000)
 Metaspace       used 38147K, capacity 38984K, committed 39256K, reserved 1083392K
  class space    used 4479K, capacity 4718K, committed 4732K, reserved 1048576K
}
2017-04-25T10:36:20.825+0800: 348.413: Total time for which application threads were stopped: 0.0342746 seconds, Stopping threads took: 0.0000667 seconds
2017-04-25T10:36:20.825+0800: 348.414: Total time for which application threads were stopped: 0.0001633 seconds, Stopping threads took: 0.0000568 seconds
2017-04-25T10:36:20.828+0800: 348.417: Total time for which application threads were stopped: 0.0001209 seconds, Stopping threads took: 0.0000301 seconds
2017-04-25T10:36:20.828+0800: 348.417: Total time for which application threads were stopped: 0.0000895 seconds, Stopping threads took: 0.0000257 seconds
2017-04-25T10:36:20.828+0800: 348.417: Total time for which application threads were stopped: 0.0000706 seconds, Stopping threads took: 0.0000180 seconds
2017-04-25T10:36:20.828+0800: 348.417: Total time for which application threads were stopped: 0.0000699 seconds, Stopping threads took: 0.0000183 seconds
2017-04-25T10:36:20.829+0800: 348.417: Total time for which application threads were stopped: 0.0000635 seconds, Stopping threads took: 0.0000221 seconds
2017-04-25T10:36:21.829+0800: 349.417: Total time for which application threads were stopped: 0.0001770 seconds, Stopping threads took: 0.0000513 seconds
2017-04-25T10:36:30.831+0800: 358.419: Total time for which application threads were stopped: 0.0000972 seconds, Stopping threads took: 0.0000253 seconds
2017-04-25T10:36:30.872+0800: 358.460: Total time for which application threads were stopped: 0.0000895 seconds, Stopping threads took: 0.0000308 seconds
2017-04-25T10:36:30.872+0800: 358.461: Total time for which application threads were stopped: 0.0000568 seconds, Stopping threads took: 0.0000157 seconds
2017-04-25T10:36:30.872+0800: 358.461: Total time for which application threads were stopped: 0.0000417 seconds, Stopping threads took: 0.0000125 seconds
2017-04-25T10:36:30.875+0800: 358.463: Total time for which application threads were stopped: 0.0000427 seconds, Stopping threads took: 0.0000103 seconds
2017-04-25T10:36:31.875+0800: 359.464: Total time for which application threads were stopped: 0.0000856 seconds, Stopping threads took: 0.0000260 seconds
2017-04-25T10:36:40.794+0800: 368.383: Total time for which application threads were stopped: 0.0001828 seconds, Stopping threads took: 0.0000545 seconds
2017-04-25T10:36:40.885+0800: 368.474: Total time for which application threads were stopped: 0.0000747 seconds, Stopping threads took: 0.0000215 seconds
2017-04-25T10:36:41.885+0800: 369.474: Total time for which application threads were stopped: 0.0002082 seconds, Stopping threads took: 0.0000532 seconds
2017-04-25T10:36:50.880+0800: 378.468: Total time for which application threads were stopped: 0.0002723 seconds, Stopping threads took: 0.0001042 seconds
2017-04-25T10:36:50.880+0800: 378.469: Total time for which application threads were stopped: 0.0002123 seconds, Stopping threads took: 0.0000773 seconds
2017-04-25T10:36:50.898+0800: 378.487: Total time for which application threads were stopped: 0.0002819 seconds, Stopping threads took: 0.0000619 seconds
2017-04-25T10:36:51.899+0800: 379.487: Total time for which application threads were stopped: 0.0002021 seconds, Stopping threads took: 0.0000523 seconds
2017-04-25T10:37:00.877+0800: 388.465: Total time for which application threads were stopped: 0.0000946 seconds, Stopping threads took: 0.0000334 seconds
2017-04-25T10:37:00.877+0800: 388.465: Total time for which application threads were stopped: 0.0000648 seconds, Stopping threads took: 0.0000202 seconds
2017-04-25T10:37:00.880+0800: 388.469: Total time for which application threads were stopped: 0.0000712 seconds, Stopping threads took: 0.0000183 seconds
2017-04-25T10:37:01.880+0800: 389.469: Total time for which application threads were stopped: 0.0001825 seconds, Stopping threads took: 0.0000545 seconds
2017-04-25T10:37:10.865+0800: 398.453: Total time for which application threads were stopped: 0.0002226 seconds, Stopping threads took: 0.0000789 seconds
2017-04-25T10:37:10.865+0800: 398.453: Total time for which application threads were stopped: 0.0001572 seconds, Stopping threads took: 0.0000539 seconds
2017-04-25T10:37:10.873+0800: 398.462: Total time for which application threads were stopped: 0.0003288 seconds, Stopping threads took: 0.0000430 seconds
2017-04-25T10:37:21.019+0800: 408.607: Total time for which application threads were stopped: 0.0002184 seconds, Stopping threads took: 0.0000587 seconds
2017-04-25T10:37:21.019+0800: 408.608: Total time for which application threads were stopped: 0.0002476 seconds, Stopping threads took: 0.0001142 seconds
2017-04-25T10:37:21.020+0800: 408.608: Total time for which application threads were stopped: 0.0004635 seconds, Stopping threads took: 0.0000350 seconds
2017-04-25T10:37:22.020+0800: 409.608: Total time for which application threads were stopped: 0.0001915 seconds, Stopping threads took: 0.0000548 seconds
2017-04-25T10:37:30.797+0800: 418.386: Total time for which application threads were stopped: 0.0002213 seconds, Stopping threads took: 0.0000590 seconds
2017-04-25T10:37:30.889+0800: 418.478: Total time for which application threads were stopped: 0.0001937 seconds, Stopping threads took: 0.0000526 seconds
2017-04-25T10:37:30.891+0800: 418.480: Total time for which application threads were stopped: 0.0003422 seconds, Stopping threads took: 0.0001828 seconds
2017-04-25T10:37:40.792+0800: 428.380: Total time for which application threads were stopped: 0.0001655 seconds, Stopping threads took: 0.0000539 seconds
2017-04-25T10:37:40.793+0800: 428.382: Total time for which application threads were stopped: 0.0002765 seconds, Stopping threads took: 0.0000385 seconds
2017-04-25T10:37:40.880+0800: 428.468: Total time for which application threads were stopped: 0.0002636 seconds, Stopping threads took: 0.0001004 seconds
2017-04-25T10:37:40.880+0800: 428.469: Total time for which application threads were stopped: 0.0002162 seconds, Stopping threads took: 0.0000722 seconds
2017-04-25T10:37:50.873+0800: 438.461: Total time for which application threads were stopped: 0.0004231 seconds, Stopping threads took: 0.0000715 seconds
2017-04-25T10:38:00.777+0800: 448.365: Total time for which application threads were stopped: 0.0004247 seconds, Stopping threads took: 0.0000548 seconds
2017-04-25T10:38:00.884+0800: 448.473: Total time for which application threads were stopped: 0.0002550 seconds, Stopping threads took: 0.0000869 seconds
2017-04-25T10:38:10.855+0800: 458.443: Total time for which application threads were stopped: 0.0000863 seconds, Stopping threads took: 0.0000225 seconds
2017-04-25T10:38:11.855+0800: 459.443: Total time for which application threads were stopped: 0.0001812 seconds, Stopping threads took: 0.0000529 seconds
2017-04-25T10:38:20.858+0800: 468.447: Total time for which application threads were stopped: 0.0002027 seconds, Stopping threads took: 0.0000565 seconds
2017-04-25T10:38:20.887+0800: 468.475: Total time for which application threads were stopped: 0.0002075 seconds, Stopping threads took: 0.0000584 seconds
2017-04-25T10:38:21.887+0800: 469.475: Total time for which application threads were stopped: 0.0001883 seconds, Stopping threads took: 0.0000584 seconds
2017-04-25T10:38:30.879+0800: 478.468: Total time for which application threads were stopped: 0.0002858 seconds, Stopping threads took: 0.0001116 seconds
2017-04-25T10:38:40.789+0800: 488.378: Total time for which application threads were stopped: 0.0002313 seconds, Stopping threads took: 0.0000802 seconds
2017-04-25T10:38:40.874+0800: 488.462: Total time for which application threads were stopped: 0.0002255 seconds, Stopping threads took: 0.0000606 seconds
2017-04-25T10:38:41.874+0800: 489.463: Total time for which application threads were stopped: 0.0001854 seconds, Stopping threads took: 0.0000581 seconds
2017-04-25T10:38:50.874+0800: 498.462: Total time for which application threads were stopped: 0.0002184 seconds, Stopping threads took: 0.0000574 seconds
2017-04-25T10:38:50.883+0800: 498.472: Total time for which application threads were stopped: 0.0002569 seconds, Stopping threads took: 0.0000507 seconds
2017-04-25T10:39:00.874+0800: 508.463: Total time for which application threads were stopped: 0.0000882 seconds, Stopping threads took: 0.0000263 seconds
2017-04-25T10:39:01.875+0800: 509.464: Total time for which application threads were stopped: 0.0002143 seconds, Stopping threads took: 0.0000558 seconds
2017-04-25T10:39:10.795+0800: 518.384: Total time for which application threads were stopped: 0.0003782 seconds, Stopping threads took: 0.0000475 seconds
2017-04-25T10:39:10.875+0800: 518.463: Total time for which application threads were stopped: 0.0001787 seconds, Stopping threads took: 0.0000725 seconds
2017-04-25T10:39:10.884+0800: 518.472: Total time for which application threads were stopped: 0.0001552 seconds, Stopping threads took: 0.0000385 seconds
2017-04-25T10:39:11.885+0800: 519.473: Total time for which application threads were stopped: 0.0000965 seconds, Stopping threads took: 0.0000292 seconds
2017-04-25T10:39:20.856+0800: 528.445: Total time for which application threads were stopped: 0.0000731 seconds, Stopping threads took: 0.0000208 seconds
2017-04-25T10:39:20.860+0800: 528.449: Total time for which application threads were stopped: 0.0000677 seconds, Stopping threads took: 0.0000183 seconds
2017-04-25T10:39:30.865+0800: 538.453: Total time for which application threads were stopped: 0.0000840 seconds, Stopping threads took: 0.0000250 seconds
2017-04-25T10:39:30.904+0800: 538.493: Total time for which application threads were stopped: 0.0002021 seconds, Stopping threads took: 0.0000712 seconds
2017-04-25T10:39:30.913+0800: 538.501: Total time for which application threads were stopped: 0.0001677 seconds, Stopping threads took: 0.0000446 seconds
2017-04-25T10:39:34.914+0800: 542.502: Total time for which application threads were stopped: 0.0000696 seconds, Stopping threads took: 0.0000215 seconds
2017-04-25T10:39:40.882+0800: 548.471: Total time for which application threads were stopped: 0.0002159 seconds, Stopping threads took: 0.0000481 seconds
2017-04-25T10:39:40.882+0800: 548.471: Total time for which application threads were stopped: 0.0001507 seconds, Stopping threads took: 0.0000404 seconds
2017-04-25T10:39:40.893+0800: 548.481: Total time for which application threads were stopped: 0.0001847 seconds, Stopping threads took: 0.0000484 seconds
2017-04-25T10:39:44.894+0800: 552.482: Total time for which application threads were stopped: 0.0001838 seconds, Stopping threads took: 0.0000545 seconds
2017-04-25T10:39:50.886+0800: 558.474: Total time for which application threads were stopped: 0.0000991 seconds, Stopping threads took: 0.0000343 seconds
2017-04-25T10:39:50.886+0800: 558.474: Total time for which application threads were stopped: 0.0000536 seconds, Stopping threads took: 0.0000135 seconds
2017-04-25T10:39:50.889+0800: 558.478: Total time for which application threads were stopped: 0.0000731 seconds, Stopping threads took: 0.0000221 seconds
2017-04-25T10:39:54.890+0800: 562.479: Total time for which application threads were stopped: 0.0001876 seconds, Stopping threads took: 0.0000561 seconds
2017-04-25T10:39:56.890+0800: 564.479: Total time for which application threads were stopped: 0.0001694 seconds, Stopping threads took: 0.0000488 seconds
2017-04-25T10:40:00.887+0800: 568.476: Total time for which application threads were stopped: 0.0001312 seconds, Stopping threads took: 0.0000324 seconds
2017-04-25T10:40:10.877+0800: 578.466: Total time for which application threads were stopped: 0.0003015 seconds, Stopping threads took: 0.0000690 seconds
2017-04-25T10:40:10.879+0800: 578.467: Total time for which application threads were stopped: 0.0001831 seconds, Stopping threads took: 0.0000491 seconds
2017-04-25T10:40:20.791+0800: 588.379: Total time for which application threads were stopped: 0.0002075 seconds, Stopping threads took: 0.0000609 seconds
2017-04-25T10:40:20.791+0800: 588.380: Total time for which application threads were stopped: 0.0001350 seconds, Stopping threads took: 0.0000366 seconds
2017-04-25T10:40:20.791+0800: 588.380: Total time for which application threads were stopped: 0.0001700 seconds, Stopping threads took: 0.0000439 seconds
2017-04-25T10:40:20.792+0800: 588.380: Total time for which application threads were stopped: 0.0004638 seconds, Stopping threads took: 0.0000353 seconds
2017-04-25T10:40:20.889+0800: 588.478: Total time for which application threads were stopped: 0.0002329 seconds, Stopping threads took: 0.0000696 seconds
2017-04-25T10:40:20.889+0800: 588.478: Total time for which application threads were stopped: 0.0002380 seconds, Stopping threads took: 0.0000917 seconds
2017-04-25T10:40:20.889+0800: 588.478: Total time for which application threads were stopped: 0.0001908 seconds, Stopping threads took: 0.0000587 seconds
2017-04-25T10:40:20.900+0800: 588.489: Total time for which application threads were stopped: 0.0002033 seconds, Stopping threads took: 0.0000670 seconds
2017-04-25T10:40:30.881+0800: 598.469: Total time for which application threads were stopped: 0.0002922 seconds, Stopping threads took: 0.0001058 seconds
2017-04-25T10:40:30.881+0800: 598.470: Total time for which application threads were stopped: 0.0002476 seconds, Stopping threads took: 0.0001280 seconds
2017-04-25T10:40:30.899+0800: 598.487: Total time for which application threads were stopped: 0.0001251 seconds, Stopping threads took: 0.0000321 seconds
2017-04-25T10:40:40.792+0800: 608.380: Total time for which application threads were stopped: 0.0003015 seconds, Stopping threads took: 0.0000350 seconds
2017-04-25T10:40:40.874+0800: 608.463: Total time for which application threads were stopped: 0.0002499 seconds, Stopping threads took: 0.0000949 seconds
2017-04-25T10:40:40.874+0800: 608.463: Total time for which application threads were stopped: 0.0002050 seconds, Stopping threads took: 0.0000693 seconds
2017-04-25T10:40:50.860+0800: 618.448: Total time for which application threads were stopped: 0.0002765 seconds, Stopping threads took: 0.0001113 seconds
2017-04-25T10:40:50.860+0800: 618.449: Total time for which application threads were stopped: 0.0001937 seconds, Stopping threads took: 0.0000500 seconds
2017-04-25T10:40:50.860+0800: 618.449: Total time for which application threads were stopped: 0.0001710 seconds, Stopping threads took: 0.0000468 seconds
2017-04-25T10:40:51.861+0800: 619.449: Total time for which application threads were stopped: 0.0001899 seconds, Stopping threads took: 0.0000565 seconds
2017-04-25T10:41:00.864+0800: 628.453: Total time for which application threads were stopped: 0.0002069 seconds, Stopping threads took: 0.0000516 seconds
2017-04-25T10:41:00.888+0800: 628.477: Total time for which application threads were stopped: 0.0004160 seconds, Stopping threads took: 0.0000510 seconds
2017-04-25T10:41:10.887+0800: 638.476: Total time for which application threads were stopped: 0.0002781 seconds, Stopping threads took: 0.0000946 seconds
2017-04-25T10:41:10.887+0800: 638.476: Total time for which application threads were stopped: 0.0001389 seconds, Stopping threads took: 0.0000420 seconds
2017-04-25T10:41:10.888+0800: 638.476: Total time for which application threads were stopped: 0.0001623 seconds, Stopping threads took: 0.0000321 seconds
2017-04-25T10:41:20.910+0800: 648.499: Total time for which application threads were stopped: 0.0001328 seconds, Stopping threads took: 0.0000388 seconds
2017-04-25T10:41:20.911+0800: 648.499: Total time for which application threads were stopped: 0.0000949 seconds, Stopping threads took: 0.0000215 seconds
2017-04-25T10:41:20.911+0800: 648.499: Total time for which application threads were stopped: 0.0000696 seconds, Stopping threads took: 0.0000189 seconds
2017-04-25T10:41:21.911+0800: 649.500: Total time for which application threads were stopped: 0.0001815 seconds, Stopping threads took: 0.0000529 seconds
2017-04-25T10:41:30.882+0800: 658.471: Total time for which application threads were stopped: 0.0002499 seconds, Stopping threads took: 0.0000856 seconds
2017-04-25T10:41:30.882+0800: 658.471: Total time for which application threads were stopped: 0.0001806 seconds, Stopping threads took: 0.0000555 seconds
2017-04-25T10:41:30.882+0800: 658.471: Total time for which application threads were stopped: 0.0001886 seconds, Stopping threads took: 0.0000853 seconds
2017-04-25T10:41:31.883+0800: 659.471: Total time for which application threads were stopped: 0.0001434 seconds, Stopping threads took: 0.0000561 seconds
2017-04-25T10:41:40.774+0800: 668.363: Total time for which application threads were stopped: 0.0001687 seconds, Stopping threads took: 0.0000218 seconds
2017-04-25T10:41:40.861+0800: 668.449: Total time for which application threads were stopped: 0.0000805 seconds, Stopping threads took: 0.0000205 seconds
2017-04-25T10:41:40.861+0800: 668.450: Total time for which application threads were stopped: 0.0000574 seconds, Stopping threads took: 0.0000160 seconds
2017-04-25T10:41:40.861+0800: 668.450: Total time for which application threads were stopped: 0.0000471 seconds, Stopping threads took: 0.0000154 seconds
2017-04-25T10:41:41.862+0800: 669.450: Total time for which application threads were stopped: 0.0001908 seconds, Stopping threads took: 0.0000526 seconds
2017-04-25T10:41:45.864+0800: 673.452: Total time for which application threads were stopped: 0.0001742 seconds, Stopping threads took: 0.0000510 seconds
2017-04-25T10:41:50.881+0800: 678.470: Total time for which application threads were stopped: 0.0001600 seconds, Stopping threads took: 0.0000542 seconds
2017-04-25T10:41:50.882+0800: 678.470: Total time for which application threads were stopped: 0.0001315 seconds, Stopping threads took: 0.0000471 seconds
2017-04-25T10:41:51.882+0800: 679.470: Total time for which application threads were stopped: 0.0002146 seconds, Stopping threads took: 0.0000539 seconds
2017-04-25T10:42:00.877+0800: 688.466: Total time for which application threads were stopped: 0.0003082 seconds, Stopping threads took: 0.0001132 seconds
2017-04-25T10:42:00.878+0800: 688.467: Total time for which application threads were stopped: 0.0001979 seconds, Stopping threads took: 0.0000712 seconds
2017-04-25T10:42:00.878+0800: 688.467: Total time for which application threads were stopped: 0.0002046 seconds, Stopping threads took: 0.0000940 seconds
2017-04-25T10:42:10.792+0800: 698.381: Total time for which application threads were stopped: 0.0003968 seconds, Stopping threads took: 0.0000606 seconds
2017-04-25T10:42:10.874+0800: 698.463: Total time for which application threads were stopped: 0.0000949 seconds, Stopping threads took: 0.0000372 seconds
2017-04-25T10:42:10.874+0800: 698.463: Total time for which application threads were stopped: 0.0000574 seconds, Stopping threads took: 0.0000132 seconds
2017-04-25T10:42:10.874+0800: 698.463: Total time for which application threads were stopped: 0.0000375 seconds, Stopping threads took: 0.0000096 seconds
2017-04-25T10:42:20.878+0800: 708.467: Total time for which application threads were stopped: 0.0002460 seconds, Stopping threads took: 0.0000917 seconds
2017-04-25T10:42:20.881+0800: 708.469: Total time for which application threads were stopped: 0.0002592 seconds, Stopping threads took: 0.0001020 seconds
2017-04-25T10:42:20.881+0800: 708.469: Total time for which application threads were stopped: 0.0001559 seconds, Stopping threads took: 0.0000545 seconds
2017-04-25T10:42:20.881+0800: 708.469: Total time for which application threads were stopped: 0.0001357 seconds, Stopping threads took: 0.0000314 seconds
2017-04-25T10:42:21.881+0800: 709.470: Total time for which application threads were stopped: 0.0001767 seconds, Stopping threads took: 0.0000513 seconds
2017-04-25T10:42:30.884+0800: 718.473: Total time for which application threads were stopped: 0.0002457 seconds, Stopping threads took: 0.0000622 seconds
2017-04-25T10:42:30.910+0800: 718.499: Total time for which application threads were stopped: 0.0002280 seconds, Stopping threads took: 0.0000808 seconds
2017-04-25T10:42:30.910+0800: 718.499: Total time for which application threads were stopped: 0.0002101 seconds, Stopping threads took: 0.0000718 seconds
2017-04-25T10:42:30.911+0800: 718.499: Total time for which application threads were stopped: 0.0002242 seconds, Stopping threads took: 0.0000882 seconds
2017-04-25T10:42:40.877+0800: 728.465: Total time for which application threads were stopped: 0.0002466 seconds, Stopping threads took: 0.0000654 seconds
2017-04-25T10:42:40.877+0800: 728.466: Total time for which application threads were stopped: 0.0002033 seconds, Stopping threads took: 0.0000828 seconds
2017-04-25T10:42:40.878+0800: 728.466: Total time for which application threads were stopped: 0.0004551 seconds, Stopping threads took: 0.0000574 seconds
2017-04-25T10:42:40.888+0800: 728.476: Total time for which application threads were stopped: 0.0001899 seconds, Stopping threads took: 0.0000529 seconds
2017-04-25T10:42:50.886+0800: 738.474: Total time for which application threads were stopped: 0.0003044 seconds, Stopping threads took: 0.0001132 seconds
2017-04-25T10:43:00.878+0800: 748.467: Total time for which application threads were stopped: 0.0002800 seconds, Stopping threads took: 0.0001058 seconds
2017-04-25T10:43:00.879+0800: 748.467: Total time for which application threads were stopped: 0.0001482 seconds, Stopping threads took: 0.0000388 seconds
2017-04-25T10:43:00.889+0800: 748.477: Total time for which application threads were stopped: 0.0001905 seconds, Stopping threads took: 0.0000491 seconds
2017-04-25T10:43:01.889+0800: 749.477: Total time for which application threads were stopped: 0.0001883 seconds, Stopping threads took: 0.0000516 seconds
2017-04-25T10:43:06.890+0800: 754.479: Total time for which application threads were stopped: 0.0001934 seconds, Stopping threads took: 0.0000532 seconds
2017-04-25T10:43:10.882+0800: 758.470: Total time for which application threads were stopped: 0.0005754 seconds, Stopping threads took: 0.0000590 seconds
2017-04-25T10:43:10.895+0800: 758.483: Total time for which application threads were stopped: 0.0002277 seconds, Stopping threads took: 0.0000529 seconds
2017-04-25T10:43:20.882+0800: 768.471: Total time for which application threads were stopped: 0.0002207 seconds, Stopping threads took: 0.0000558 seconds
2017-04-25T10:43:25.885+0800: 773.473: Total time for which application threads were stopped: 0.0001812 seconds, Stopping threads took: 0.0000513 seconds
2017-04-25T10:43:30.886+0800: 778.475: Total time for which application threads were stopped: 0.0001594 seconds, Stopping threads took: 0.0000471 seconds
2017-04-25T10:43:30.890+0800: 778.478: Total time for which application threads were stopped: 0.0001623 seconds, Stopping threads took: 0.0000391 seconds
2017-04-25T10:43:40.786+0800: 788.374: Total time for which application threads were stopped: 0.0004109 seconds, Stopping threads took: 0.0000359 seconds
2017-04-25T10:43:40.985+0800: 788.574: Total time for which application threads were stopped: 0.0001793 seconds, Stopping threads took: 0.0000433 seconds
2017-04-25T10:43:50.897+0800: 798.486: Total time for which application threads were stopped: 0.0002200 seconds, Stopping threads took: 0.0000516 seconds
2017-04-25T10:44:00.861+0800: 808.450: Total time for which application threads were stopped: 0.0000969 seconds, Stopping threads took: 0.0000225 seconds
2017-04-25T10:44:10.864+0800: 818.452: Total time for which application threads were stopped: 0.0002050 seconds, Stopping threads took: 0.0000581 seconds
2017-04-25T10:44:11.864+0800: 819.453: Total time for which application threads were stopped: 0.0001870 seconds, Stopping threads took: 0.0000542 seconds
2017-04-25T10:44:20.868+0800: 828.457: Total time for which application threads were stopped: 0.0001876 seconds, Stopping threads took: 0.0000526 seconds
2017-04-25T10:44:20.885+0800: 828.474: Total time for which application threads were stopped: 0.0002585 seconds, Stopping threads took: 0.0000985 seconds
2017-04-25T10:44:30.876+0800: 838.464: Total time for which application threads were stopped: 0.0002220 seconds, Stopping threads took: 0.0000609 seconds
2017-04-25T10:44:30.876+0800: 838.465: Total time for which application threads were stopped: 0.0001995 seconds, Stopping threads took: 0.0000478 seconds
2017-04-25T10:44:30.887+0800: 838.476: Total time for which application threads were stopped: 0.0001912 seconds, Stopping threads took: 0.0000488 seconds
2017-04-25T10:44:40.885+0800: 848.474: Total time for which application threads were stopped: 0.0002274 seconds, Stopping threads took: 0.0000552 seconds
2017-04-25T10:44:40.896+0800: 848.484: Total time for which application threads were stopped: 0.0003926 seconds, Stopping threads took: 0.0000494 seconds
2017-04-25T10:44:41.896+0800: 849.484: Total time for which application threads were stopped: 0.0001899 seconds, Stopping threads took: 0.0000516 seconds
2017-04-25T10:44:50.891+0800: 858.479: Total time for which application threads were stopped: 0.0000828 seconds, Stopping threads took: 0.0000218 seconds
2017-04-25T10:44:50.891+0800: 858.479: Total time for which application threads were stopped: 0.0000664 seconds, Stopping threads took: 0.0000199 seconds
2017-04-25T10:45:00.880+0800: 868.469: Total time for which application threads were stopped: 0.0002842 seconds, Stopping threads took: 0.0001017 seconds
2017-04-25T10:45:00.880+0800: 868.469: Total time for which application threads were stopped: 0.0001700 seconds, Stopping threads took: 0.0000552 seconds
2017-04-25T10:45:00.880+0800: 868.469: Total time for which application threads were stopped: 0.0001283 seconds, Stopping threads took: 0.0000314 seconds
2017-04-25T10:45:10.792+0800: 878.381: Total time for which application threads were stopped: 0.0004445 seconds, Stopping threads took: 0.0000388 seconds
2017-04-25T10:45:10.877+0800: 878.465: Total time for which application threads were stopped: 0.0000821 seconds, Stopping threads took: 0.0000228 seconds
2017-04-25T10:45:20.776+0800: 888.365: Total time for which application threads were stopped: 0.0002993 seconds, Stopping threads took: 0.0000491 seconds
2017-04-25T10:45:20.870+0800: 888.459: Total time for which application threads were stopped: 0.0001135 seconds, Stopping threads took: 0.0000391 seconds
2017-04-25T10:45:20.870+0800: 888.459: Total time for which application threads were stopped: 0.0000648 seconds, Stopping threads took: 0.0000266 seconds
2017-04-25T10:45:20.870+0800: 888.459: Total time for which application threads were stopped: 0.0000375 seconds, Stopping threads took: 0.0000096 seconds
2017-04-25T10:45:21.870+0800: 889.459: Total time for which application threads were stopped: 0.0001876 seconds, Stopping threads took: 0.0000539 seconds
2017-04-25T10:45:30.872+0800: 898.461: Total time for which application threads were stopped: 0.0001081 seconds, Stopping threads took: 0.0000292 seconds
2017-04-25T10:45:30.882+0800: 898.471: Total time for which application threads were stopped: 0.0001341 seconds, Stopping threads took: 0.0000468 seconds
2017-04-25T10:45:30.882+0800: 898.471: Total time for which application threads were stopped: 0.0000869 seconds, Stopping threads took: 0.0000311 seconds
2017-04-25T10:45:30.883+0800: 898.471: Total time for which application threads were stopped: 0.0000850 seconds, Stopping threads took: 0.0000244 seconds
2017-04-25T10:45:31.883+0800: 899.472: Total time for which application threads were stopped: 0.0001953 seconds, Stopping threads took: 0.0000529 seconds
2017-04-25T10:45:40.892+0800: 908.480: Total time for which application threads were stopped: 0.0001376 seconds, Stopping threads took: 0.0000378 seconds
2017-04-25T10:45:40.892+0800: 908.481: Total time for which application threads were stopped: 0.0001177 seconds, Stopping threads took: 0.0000292 seconds
2017-04-25T10:45:40.892+0800: 908.481: Total time for which application threads were stopped: 0.0001507 seconds, Stopping threads took: 0.0000702 seconds
2017-04-25T10:45:51.143+0800: 918.732: Total time for which application threads were stopped: 0.0002162 seconds, Stopping threads took: 0.0000747 seconds
2017-04-25T10:45:51.143+0800: 918.732: Total time for which application threads were stopped: 0.0001969 seconds, Stopping threads took: 0.0000699 seconds
2017-04-25T10:45:51.144+0800: 918.732: Total time for which application threads were stopped: 0.0001270 seconds, Stopping threads took: 0.0000318 seconds
2017-04-25T10:45:52.144+0800: 919.733: Total time for which application threads were stopped: 0.0001809 seconds, Stopping threads took: 0.0000500 seconds
2017-04-25T10:46:00.851+0800: 928.440: Total time for which application threads were stopped: 0.0000815 seconds, Stopping threads took: 0.0000279 seconds
2017-04-25T10:46:00.851+0800: 928.440: Total time for which application threads were stopped: 0.0000513 seconds, Stopping threads took: 0.0000144 seconds
2017-04-25T10:46:00.851+0800: 928.440: Total time for which application threads were stopped: 0.0000600 seconds, Stopping threads took: 0.0000186 seconds
2017-04-25T10:46:10.853+0800: 938.442: Total time for which application threads were stopped: 0.0001171 seconds, Stopping threads took: 0.0000327 seconds
2017-04-25T10:46:10.854+0800: 938.442: Total time for which application threads were stopped: 0.0000834 seconds, Stopping threads took: 0.0000250 seconds
2017-04-25T10:46:10.854+0800: 938.443: Total time for which application threads were stopped: 0.0000699 seconds, Stopping threads took: 0.0000215 seconds
2017-04-25T10:46:20.865+0800: 948.454: Total time for which application threads were stopped: 0.0001867 seconds, Stopping threads took: 0.0000606 seconds
2017-04-25T10:46:20.866+0800: 948.454: Total time for which application threads were stopped: 0.0001546 seconds, Stopping threads took: 0.0000520 seconds
2017-04-25T10:46:20.866+0800: 948.455: Total time for which application threads were stopped: 0.0000898 seconds, Stopping threads took: 0.0000250 seconds
2017-04-25T10:46:20.874+0800: 948.462: Total time for which application threads were stopped: 0.0002200 seconds, Stopping threads took: 0.0000446 seconds
2017-04-25T10:46:30.857+0800: 958.445: Total time for which application threads were stopped: 0.0000885 seconds, Stopping threads took: 0.0000276 seconds
2017-04-25T10:46:30.857+0800: 958.446: Total time for which application threads were stopped: 0.0000471 seconds, Stopping threads took: 0.0000128 seconds
2017-04-25T10:46:30.860+0800: 958.449: Total time for which application threads were stopped: 0.0000863 seconds, Stopping threads took: 0.0000221 seconds
2017-04-25T10:46:40.779+0800: 968.367: Total time for which application threads were stopped: 0.0000892 seconds, Stopping threads took: 0.0000244 seconds
2017-04-25T10:46:40.780+0800: 968.368: Total time for which application threads were stopped: 0.0001726 seconds, Stopping threads took: 0.0000202 seconds
2017-04-25T10:46:40.864+0800: 968.453: Total time for which application threads were stopped: 0.0000956 seconds, Stopping threads took: 0.0000346 seconds
2017-04-25T10:46:40.864+0800: 968.453: Total time for which application threads were stopped: 0.0000658 seconds, Stopping threads took: 0.0000253 seconds
2017-04-25T10:46:40.868+0800: 968.456: Total time for which application threads were stopped: 0.0000763 seconds, Stopping threads took: 0.0000208 seconds
2017-04-25T10:46:50.853+0800: 978.441: Total time for which application threads were stopped: 0.0000892 seconds, Stopping threads took: 0.0000221 seconds
2017-04-25T10:46:50.853+0800: 978.441: Total time for which application threads were stopped: 0.0000439 seconds, Stopping threads took: 0.0000112 seconds
2017-04-25T10:46:50.856+0800: 978.445: Total time for which application threads were stopped: 0.0000776 seconds, Stopping threads took: 0.0000202 seconds
2017-04-25T10:46:51.856+0800: 979.445: Total time for which application threads were stopped: 0.0001071 seconds, Stopping threads took: 0.0000221 seconds
2017-04-25T10:54:50.997+0800: 1458.585: Total time for which application threads were stopped: 0.0002813 seconds, Stopping threads took: 0.0000792 seconds
2017-04-25T10:59:20.972+0800: 1728.561: Total time for which application threads were stopped: 0.0005267 seconds, Stopping threads took: 0.0003438 seconds
2017-04-25T10:59:20.972+0800: 1728.561: Total time for which application threads were stopped: 0.0001543 seconds, Stopping threads took: 0.0000593 seconds
2017-04-25T10:59:20.987+0800: 1728.576: Total time for which application threads were stopped: 0.0001847 seconds, Stopping threads took: 0.0000446 seconds
2017-04-25T10:59:21.988+0800: 1729.576: Total time for which application threads were stopped: 0.0001511 seconds, Stopping threads took: 0.0000433 seconds
{Heap before GC invocations=12 (full 1):
 par new generation   total 109248K, used 109248K [0x00000000e0000000, 0x00000000e8000000, 0x00000000e8000000)
  eden space 87424K, 100% used [0x00000000e0000000, 0x00000000e5560000, 0x00000000e5560000)
  from space 21824K, 100% used [0x00000000e5560000, 0x00000000e6ab0000, 0x00000000e6ab0000)
  to   space 21824K,   0% used [0x00000000e6ab0000, 0x00000000e6ab0000, 0x00000000e8000000)
 concurrent mark-sweep generation total 393216K, used 10539K [0x00000000e8000000, 0x0000000100000000, 0x0000000100000000)
 Metaspace       used 38789K, capacity 39632K, committed 39768K, reserved 1085440K
  class space    used 4479K, capacity 4718K, committed 4732K, reserved 1048576K
2017-04-25T10:59:30.682+0800: 1738.271: [GC (Allocation Failure) 2017-04-25T10:59:30.682+0800: 1738.271: [ParNew
Desired survivor size 20112992 bytes, new threshold 7 (max 8)
- age   1:    7838384 bytes,    7838384 total
- age   2:    8204400 bytes,   16042784 total
- age   3:     128024 bytes,   16170808 total
- age   4:     137784 bytes,   16308592 total
- age   5:    3394496 bytes,   19703088 total
- age   6:      83000 bytes,   19786088 total
- age   7:     752080 bytes,   20538168 total
: 109248K->21824K(109248K), 0.0306624 secs] 119787K->38474K(502464K), 0.0307570 secs] [Times: user=0.13 sys=0.00, real=0.03 secs] 
Heap after GC invocations=13 (full 1):
 par new generation   total 109248K, used 21824K [0x00000000e0000000, 0x00000000e8000000, 0x00000000e8000000)
  eden space 87424K,   0% used [0x00000000e0000000, 0x00000000e0000000, 0x00000000e5560000)
  from space 21824K, 100% used [0x00000000e6ab0000, 0x00000000e8000000, 0x00000000e8000000)
  to   space 21824K,   0% used [0x00000000e5560000, 0x00000000e5560000, 0x00000000e6ab0000)
 concurrent mark-sweep generation total 393216K, used 16650K [0x00000000e8000000, 0x0000000100000000, 0x0000000100000000)
 Metaspace       used 38789K, capacity 39632K, committed 39768K, reserved 1085440K
  class space    used 4479K, capacity 4718K, committed 4732K, reserved 1048576K
}
2017-04-25T10:59:30.713+0800: 1738.302: Total time for which application threads were stopped: 0.0310005 seconds, Stopping threads took: 0.0000295 seconds
2017-04-25T10:59:30.713+0800: 1738.302: Total time for which application threads were stopped: 0.0000892 seconds, Stopping threads took: 0.0000269 seconds
2017-04-25T10:59:30.713+0800: 1738.302: Total time for which application threads were stopped: 0.0000686 seconds, Stopping threads took: 0.0000231 seconds
2017-04-25T10:59:30.713+0800: 1738.302: Total time for which application threads were stopped: 0.0000664 seconds, Stopping threads took: 0.0000225 seconds
2017-04-25T10:59:30.713+0800: 1738.302: Total time for which application threads were stopped: 0.0000690 seconds, Stopping threads took: 0.0000305 seconds
2017-04-25T10:59:30.713+0800: 1738.302: Total time for which application threads were stopped: 0.0000536 seconds, Stopping threads took: 0.0000164 seconds
2017-04-25T10:59:30.714+0800: 1738.302: Total time for which application threads were stopped: 0.0000686 seconds, Stopping threads took: 0.0000276 seconds
2017-04-25T10:59:30.714+0800: 1738.303: Total time for which application threads were stopped: 0.0000584 seconds, Stopping threads took: 0.0000237 seconds
2017-04-25T10:59:30.714+0800: 1738.303: Total time for which application threads were stopped: 0.0000523 seconds, Stopping threads took: 0.0000199 seconds
2017-04-25T10:59:30.714+0800: 1738.303: Total time for which application threads were stopped: 0.0000446 seconds, Stopping threads took: 0.0000157 seconds
2017-04-25T10:59:30.714+0800: 1738.303: Total time for which application threads were stopped: 0.0000455 seconds, Stopping threads took: 0.0000199 seconds
2017-04-25T10:59:30.714+0800: 1738.303: Total time for which application threads were stopped: 0.0000462 seconds, Stopping threads took: 0.0000199 seconds
2017-04-25T10:59:30.714+0800: 1738.303: Total time for which application threads were stopped: 0.0000398 seconds, Stopping threads took: 0.0000154 seconds
2017-04-25T10:59:30.714+0800: 1738.303: Total time for which application threads were stopped: 0.0000420 seconds, Stopping threads took: 0.0000176 seconds
2017-04-25T10:59:30.714+0800: 1738.303: Total time for which application threads were stopped: 0.0000427 seconds, Stopping threads took: 0.0000173 seconds
2017-04-25T10:59:30.714+0800: 1738.303: Total time for which application threads were stopped: 0.0000513 seconds, Stopping threads took: 0.0000199 seconds
2017-04-25T10:59:30.714+0800: 1738.303: Total time for which application threads were stopped: 0.0000507 seconds, Stopping threads took: 0.0000170 seconds
2017-04-25T10:59:30.714+0800: 1738.303: Total time for which application threads were stopped: 0.0000401 seconds, Stopping threads took: 0.0000132 seconds
2017-04-25T10:59:30.714+0800: 1738.303: Total time for which application threads were stopped: 0.0000651 seconds, Stopping threads took: 0.0000305 seconds
2017-04-25T10:59:30.715+0800: 1738.303: Total time for which application threads were stopped: 0.0000808 seconds, Stopping threads took: 0.0000407 seconds
2017-04-25T10:59:30.715+0800: 1738.304: Total time for which application threads were stopped: 0.0000667 seconds, Stopping threads took: 0.0000221 seconds
2017-04-25T10:59:30.715+0800: 1738.304: Total time for which application threads were stopped: 0.0000497 seconds, Stopping threads took: 0.0000225 seconds
2017-04-25T10:59:30.715+0800: 1738.304: Total time for which application threads were stopped: 0.0000430 seconds, Stopping threads took: 0.0000148 seconds
2017-04-25T10:59:30.715+0800: 1738.304: Total time for which application threads were stopped: 0.0000411 seconds, Stopping threads took: 0.0000151 seconds
2017-04-25T10:59:30.715+0800: 1738.304: Total time for which application threads were stopped: 0.0000398 seconds, Stopping threads took: 0.0000125 seconds
2017-04-25T10:59:30.715+0800: 1738.304: Total time for which application threads were stopped: 0.0000462 seconds, Stopping threads took: 0.0000170 seconds
2017-04-25T10:59:30.715+0800: 1738.304: Total time for which application threads were stopped: 0.0001498 seconds, Stopping threads took: 0.0000132 seconds
2017-04-25T10:59:30.715+0800: 1738.304: Total time for which application threads were stopped: 0.0000443 seconds, Stopping threads took: 0.0000164 seconds
2017-04-25T10:59:30.715+0800: 1738.304: Total time for which application threads were stopped: 0.0000340 seconds, Stopping threads took: 0.0000093 seconds
2017-04-25T10:59:30.715+0800: 1738.304: Total time for which application threads were stopped: 0.0000471 seconds, Stopping threads took: 0.0000176 seconds
2017-04-25T10:59:30.716+0800: 1738.304: Total time for which application threads were stopped: 0.0000462 seconds, Stopping threads took: 0.0000186 seconds
2017-04-25T10:59:30.716+0800: 1738.305: Total time for which application threads were stopped: 0.0006986 seconds, Stopping threads took: 0.0006678 seconds
2017-04-25T10:59:30.716+0800: 1738.305: Total time for which application threads were stopped: 0.0000411 seconds, Stopping threads took: 0.0000164 seconds
2017-04-25T10:59:30.716+0800: 1738.305: Total time for which application threads were stopped: 0.0000436 seconds, Stopping threads took: 0.0000164 seconds
2017-04-25T10:59:30.794+0800: 1738.382: Total time for which application threads were stopped: 0.0002152 seconds, Stopping threads took: 0.0000507 seconds
2017-04-25T10:59:30.796+0800: 1738.384: Total time for which application threads were stopped: 0.0002636 seconds, Stopping threads took: 0.0000866 seconds
2017-04-25T10:59:30.796+0800: 1738.385: Total time for which application threads were stopped: 0.0001751 seconds, Stopping threads took: 0.0000651 seconds
2017-04-25T10:59:30.807+0800: 1738.396: Total time for which application threads were stopped: 0.0002306 seconds, Stopping threads took: 0.0000491 seconds
2017-04-25T10:59:40.757+0800: 1748.346: Total time for which application threads were stopped: 0.0002980 seconds, Stopping threads took: 0.0000837 seconds
2017-04-25T10:59:40.757+0800: 1748.346: Total time for which application threads were stopped: 0.0001479 seconds, Stopping threads took: 0.0000375 seconds
2017-04-25T10:59:40.768+0800: 1748.357: Total time for which application threads were stopped: 0.0002040 seconds, Stopping threads took: 0.0000475 seconds
2017-04-25T10:59:50.757+0800: 1758.345: Total time for which application threads were stopped: 0.0002412 seconds, Stopping threads took: 0.0000603 seconds
2017-04-25T10:59:50.757+0800: 1758.346: Total time for which application threads were stopped: 0.0002210 seconds, Stopping threads took: 0.0000571 seconds
2017-04-25T11:00:00.760+0800: 1768.349: Total time for which application threads were stopped: 0.0002390 seconds, Stopping threads took: 0.0000914 seconds
2017-04-25T11:00:00.773+0800: 1768.362: Total time for which application threads were stopped: 0.0002361 seconds, Stopping threads took: 0.0000606 seconds
2017-04-25T11:00:10.901+0800: 1778.490: Total time for which application threads were stopped: 0.0002659 seconds, Stopping threads took: 0.0000805 seconds
2017-04-25T11:00:10.901+0800: 1778.490: Total time for which application threads were stopped: 0.0002274 seconds, Stopping threads took: 0.0000619 seconds
2017-04-25T11:00:10.914+0800: 1778.503: Total time for which application threads were stopped: 0.0002159 seconds, Stopping threads took: 0.0000488 seconds
2017-04-25T11:00:20.668+0800: 1788.256: Total time for which application threads were stopped: 0.0004856 seconds, Stopping threads took: 0.0000523 seconds
2017-04-25T11:00:20.753+0800: 1788.342: Total time for which application threads were stopped: 0.0001216 seconds, Stopping threads took: 0.0000289 seconds
2017-04-25T11:00:20.754+0800: 1788.342: Total time for which application threads were stopped: 0.0002399 seconds, Stopping threads took: 0.0000276 seconds
2017-04-25T11:00:20.758+0800: 1788.347: Total time for which application threads were stopped: 0.0000844 seconds, Stopping threads took: 0.0000196 seconds
2017-04-25T11:00:30.653+0800: 1798.242: Total time for which application threads were stopped: 0.0000853 seconds, Stopping threads took: 0.0000196 seconds
2017-04-25T11:00:30.730+0800: 1798.318: Total time for which application threads were stopped: 0.0002175 seconds, Stopping threads took: 0.0000536 seconds
2017-04-25T11:00:30.740+0800: 1798.328: Total time for which application threads were stopped: 0.0002130 seconds, Stopping threads took: 0.0000497 seconds
2017-04-25T11:00:31.740+0800: 1799.328: Total time for which application threads were stopped: 0.0002120 seconds, Stopping threads took: 0.0000638 seconds
2017-04-25T11:00:40.654+0800: 1808.242: Total time for which application threads were stopped: 0.0000866 seconds, Stopping threads took: 0.0000215 seconds
2017-04-25T11:00:40.737+0800: 1808.325: Total time for which application threads were stopped: 0.0000994 seconds, Stopping threads took: 0.0000199 seconds
2017-04-25T11:00:40.740+0800: 1808.329: Total time for which application threads were stopped: 0.0001636 seconds, Stopping threads took: 0.0000192 seconds
2017-04-25T11:00:50.743+0800: 1818.331: Total time for which application threads were stopped: 0.0002027 seconds, Stopping threads took: 0.0000539 seconds
2017-04-25T11:00:50.774+0800: 1818.363: Total time for which application threads were stopped: 0.0002906 seconds, Stopping threads took: 0.0000847 seconds
2017-04-25T11:00:50.775+0800: 1818.364: Total time for which application threads were stopped: 0.0005626 seconds, Stopping threads took: 0.0000975 seconds
2017-04-25T11:01:00.779+0800: 1828.367: Total time for which application threads were stopped: 0.0004112 seconds, Stopping threads took: 0.0002210 seconds
2017-04-25T11:01:01.779+0800: 1829.368: Total time for which application threads were stopped: 0.0001998 seconds, Stopping threads took: 0.0000548 seconds
2017-04-25T11:01:10.747+0800: 1838.335: Total time for which application threads were stopped: 0.0002104 seconds, Stopping threads took: 0.0000558 seconds
2017-04-25T11:01:11.747+0800: 1839.335: Total time for which application threads were stopped: 0.0001892 seconds, Stopping threads took: 0.0000507 seconds
2017-04-25T11:01:20.653+0800: 1848.242: Total time for which application threads were stopped: 0.0004449 seconds, Stopping threads took: 0.0000625 seconds
2017-04-25T11:01:20.747+0800: 1848.335: Total time for which application threads were stopped: 0.0002236 seconds, Stopping threads took: 0.0000747 seconds
2017-04-25T11:01:30.765+0800: 1858.354: Total time for which application threads were stopped: 0.0002367 seconds, Stopping threads took: 0.0000619 seconds
2017-04-25T11:01:34.767+0800: 1862.355: Total time for which application threads were stopped: 0.0001799 seconds, Stopping threads took: 0.0000488 seconds
2017-04-25T11:01:40.668+0800: 1868.256: Total time for which application threads were stopped: 0.0002422 seconds, Stopping threads took: 0.0000516 seconds
2017-04-25T11:01:40.668+0800: 1868.256: Total time for which application threads were stopped: 0.0001321 seconds, Stopping threads took: 0.0000298 seconds
2017-04-25T11:01:40.668+0800: 1868.257: Total time for which application threads were stopped: 0.0001123 seconds, Stopping threads took: 0.0000253 seconds
2017-04-25T11:01:40.668+0800: 1868.257: Total time for which application threads were stopped: 0.0001094 seconds, Stopping threads took: 0.0000253 seconds
2017-04-25T11:01:40.669+0800: 1868.257: Total time for which application threads were stopped: 0.0001116 seconds, Stopping threads took: 0.0000257 seconds
2017-04-25T11:01:40.669+0800: 1868.257: Total time for which application threads were stopped: 0.0001142 seconds, Stopping threads took: 0.0000279 seconds
2017-04-25T11:01:40.669+0800: 1868.257: Total time for which application threads were stopped: 0.0001052 seconds, Stopping threads took: 0.0000247 seconds
2017-04-25T11:01:40.669+0800: 1868.258: Total time for which application threads were stopped: 0.0001203 seconds, Stopping threads took: 0.0000244 seconds
2017-04-25T11:01:40.669+0800: 1868.258: Total time for which application threads were stopped: 0.0001055 seconds, Stopping threads took: 0.0000244 seconds
2017-04-25T11:01:40.669+0800: 1868.258: Total time for which application threads were stopped: 0.0001042 seconds, Stopping threads took: 0.0000241 seconds
2017-04-25T11:01:40.670+0800: 1868.258: Total time for which application threads were stopped: 0.0001062 seconds, Stopping threads took: 0.0000247 seconds
2017-04-25T11:01:40.670+0800: 1868.258: Total time for which application threads were stopped: 0.0001026 seconds, Stopping threads took: 0.0000237 seconds
2017-04-25T11:01:40.670+0800: 1868.258: Total time for which application threads were stopped: 0.0001033 seconds, Stopping threads took: 0.0000250 seconds
2017-04-25T11:01:40.670+0800: 1868.259: Total time for which application threads were stopped: 0.0003737 seconds, Stopping threads took: 0.0000237 seconds
2017-04-25T11:01:40.747+0800: 1868.335: Total time for which application threads were stopped: 0.0001228 seconds, Stopping threads took: 0.0000423 seconds
2017-04-25T11:01:41.747+0800: 1869.336: Total time for which application threads were stopped: 0.0001979 seconds, Stopping threads took: 0.0000552 seconds
2017-04-25T11:01:50.661+0800: 1878.250: Total time for which application threads were stopped: 0.0003791 seconds, Stopping threads took: 0.0000433 seconds
2017-04-25T11:01:50.832+0800: 1878.420: Total time for which application threads were stopped: 0.0001331 seconds, Stopping threads took: 0.0000362 seconds
2017-04-25T11:02:00.763+0800: 1888.351: Total time for which application threads were stopped: 0.0002951 seconds, Stopping threads took: 0.0000904 seconds
2017-04-25T11:02:10.755+0800: 1898.343: Total time for which application threads were stopped: 0.0001883 seconds, Stopping threads took: 0.0000481 seconds
2017-04-25T11:02:10.755+0800: 1898.344: Total time for which application threads were stopped: 0.0001652 seconds, Stopping threads took: 0.0000622 seconds
2017-04-25T11:02:20.758+0800: 1908.347: Total time for which application threads were stopped: 0.0002390 seconds, Stopping threads took: 0.0000571 seconds
2017-04-25T11:02:20.759+0800: 1908.347: Total time for which application threads were stopped: 0.0002178 seconds, Stopping threads took: 0.0000510 seconds
2017-04-25T11:02:20.768+0800: 1908.357: Total time for which application threads were stopped: 0.0001921 seconds, Stopping threads took: 0.0000484 seconds
2017-04-25T11:02:21.768+0800: 1909.357: Total time for which application threads were stopped: 0.0001969 seconds, Stopping threads took: 0.0000532 seconds
2017-04-25T11:02:30.770+0800: 1918.358: Total time for which application threads were stopped: 0.0002021 seconds, Stopping threads took: 0.0000539 seconds
2017-04-25T11:02:30.793+0800: 1918.381: Total time for which application threads were stopped: 0.0002964 seconds, Stopping threads took: 0.0001087 seconds
2017-04-25T11:02:30.802+0800: 1918.391: Total time for which application threads were stopped: 0.0002248 seconds, Stopping threads took: 0.0000520 seconds
2017-04-25T11:02:40.670+0800: 1928.258: Total time for which application threads were stopped: 0.0002672 seconds, Stopping threads took: 0.0000844 seconds
2017-04-25T11:02:40.761+0800: 1928.350: Total time for which application threads were stopped: 0.0002765 seconds, Stopping threads took: 0.0001004 seconds
2017-04-25T11:02:40.761+0800: 1928.350: Total time for which application threads were stopped: 0.0001427 seconds, Stopping threads took: 0.0000366 seconds
2017-04-25T11:02:40.771+0800: 1928.360: Total time for which application threads were stopped: 0.0002877 seconds, Stopping threads took: 0.0000555 seconds
2017-04-25T11:02:50.761+0800: 1938.350: Total time for which application threads were stopped: 0.0002633 seconds, Stopping threads took: 0.0000548 seconds
2017-04-25T11:02:50.762+0800: 1938.350: Total time for which application threads were stopped: 0.0002139 seconds, Stopping threads took: 0.0000901 seconds
2017-04-25T11:02:50.771+0800: 1938.360: Total time for which application threads were stopped: 0.0001870 seconds, Stopping threads took: 0.0000423 seconds
2017-04-25T11:03:00.750+0800: 1948.338: Total time for which application threads were stopped: 0.0000853 seconds, Stopping threads took: 0.0000212 seconds
2017-04-25T11:03:00.750+0800: 1948.338: Total time for which application threads were stopped: 0.0000465 seconds, Stopping threads took: 0.0000112 seconds
2017-04-25T11:03:00.754+0800: 1948.343: Total time for which application threads were stopped: 0.0000808 seconds, Stopping threads took: 0.0000208 seconds
2017-04-25T11:03:10.755+0800: 1958.344: Total time for which application threads were stopped: 0.0003063 seconds, Stopping threads took: 0.0000747 seconds
2017-04-25T11:03:10.756+0800: 1958.344: Total time for which application threads were stopped: 0.0002588 seconds, Stopping threads took: 0.0000924 seconds
2017-04-25T11:03:10.768+0800: 1958.356: Total time for which application threads were stopped: 0.0001957 seconds, Stopping threads took: 0.0000439 seconds
2017-04-25T11:03:20.670+0800: 1968.259: Total time for which application threads were stopped: 0.0004981 seconds, Stopping threads took: 0.0000507 seconds
2017-04-25T11:03:20.768+0800: 1968.356: Total time for which application threads were stopped: 0.0002428 seconds, Stopping threads took: 0.0000613 seconds
2017-04-25T11:03:20.768+0800: 1968.357: Total time for which application threads were stopped: 0.0002659 seconds, Stopping threads took: 0.0000969 seconds
2017-04-25T11:03:20.779+0800: 1968.367: Total time for which application threads were stopped: 0.0001998 seconds, Stopping threads took: 0.0000462 seconds
2017-04-25T11:03:30.759+0800: 1978.348: Total time for which application threads were stopped: 0.0002630 seconds, Stopping threads took: 0.0000831 seconds
2017-04-25T11:03:30.760+0800: 1978.348: Total time for which application threads were stopped: 0.0002797 seconds, Stopping threads took: 0.0000946 seconds
2017-04-25T11:03:40.762+0800: 1988.350: Total time for which application threads were stopped: 0.0002608 seconds, Stopping threads took: 0.0000844 seconds
2017-04-25T11:03:40.762+0800: 1988.350: Total time for which application threads were stopped: 0.0002040 seconds, Stopping threads took: 0.0000500 seconds
2017-04-25T11:03:40.762+0800: 1988.351: Total time for which application threads were stopped: 0.0001822 seconds, Stopping threads took: 0.0000455 seconds
2017-04-25T11:03:40.775+0800: 1988.363: Total time for which application threads were stopped: 0.0002136 seconds, Stopping threads took: 0.0000494 seconds
2017-04-25T11:03:50.762+0800: 1998.351: Total time for which application threads were stopped: 0.0002236 seconds, Stopping threads took: 0.0000581 seconds
2017-04-25T11:03:50.762+0800: 1998.351: Total time for which application threads were stopped: 0.0002707 seconds, Stopping threads took: 0.0000972 seconds
2017-04-25T11:03:50.772+0800: 1998.361: Total time for which application threads were stopped: 0.0002078 seconds, Stopping threads took: 0.0000471 seconds
2017-04-25T11:04:00.748+0800: 2008.336: Total time for which application threads were stopped: 0.0003198 seconds, Stopping threads took: 0.0001119 seconds
2017-04-25T11:04:00.748+0800: 2008.336: Total time for which application threads were stopped: 0.0001928 seconds, Stopping threads took: 0.0000693 seconds
2017-04-25T11:04:00.759+0800: 2008.347: Total time for which application threads were stopped: 0.0002271 seconds, Stopping threads took: 0.0000609 seconds
2017-04-25T11:04:01.759+0800: 2009.347: Total time for which application threads were stopped: 0.0001921 seconds, Stopping threads took: 0.0000526 seconds
2017-04-25T11:04:10.752+0800: 2018.340: Total time for which application threads were stopped: 0.0000898 seconds, Stopping threads took: 0.0000202 seconds
2017-04-25T11:04:10.752+0800: 2018.341: Total time for which application threads were stopped: 0.0000722 seconds, Stopping threads took: 0.0000250 seconds
2017-04-25T11:04:10.755+0800: 2018.343: Total time for which application threads were stopped: 0.0001443 seconds, Stopping threads took: 0.0000132 seconds
2017-04-25T11:04:11.755+0800: 2019.344: Total time for which application threads were stopped: 0.0001957 seconds, Stopping threads took: 0.0000516 seconds
2017-04-25T11:04:20.757+0800: 2028.346: Total time for which application threads were stopped: 0.0002399 seconds, Stopping threads took: 0.0000949 seconds
2017-04-25T11:04:20.760+0800: 2028.348: Total time for which application threads were stopped: 0.0002434 seconds, Stopping threads took: 0.0000879 seconds
2017-04-25T11:04:20.760+0800: 2028.349: Total time for which application threads were stopped: 0.0002149 seconds, Stopping threads took: 0.0000462 seconds
2017-04-25T11:04:20.761+0800: 2028.350: Total time for which application threads were stopped: 0.0002553 seconds, Stopping threads took: 0.0000844 seconds
2017-04-25T11:04:30.761+0800: 2038.350: Total time for which application threads were stopped: 0.0002277 seconds, Stopping threads took: 0.0000529 seconds
2017-04-25T11:04:30.761+0800: 2038.350: Total time for which application threads were stopped: 0.0002248 seconds, Stopping threads took: 0.0000879 seconds
2017-04-25T11:04:30.762+0800: 2038.350: Total time for which application threads were stopped: 0.0002390 seconds, Stopping threads took: 0.0000734 seconds
2017-04-25T11:04:31.762+0800: 2039.350: Total time for which application threads were stopped: 0.0002037 seconds, Stopping threads took: 0.0000545 seconds
2017-04-25T11:04:40.753+0800: 2048.342: Total time for which application threads were stopped: 0.0002370 seconds, Stopping threads took: 0.0000558 seconds
2017-04-25T11:04:40.753+0800: 2048.342: Total time for which application threads were stopped: 0.0001796 seconds, Stopping threads took: 0.0000436 seconds
2017-04-25T11:04:40.754+0800: 2048.342: Total time for which application threads were stopped: 0.0001928 seconds, Stopping threads took: 0.0000722 seconds
2017-04-25T11:04:50.671+0800: 2058.260: Total time for which application threads were stopped: 0.0006072 seconds, Stopping threads took: 0.0000606 seconds
2017-04-25T11:04:50.771+0800: 2058.360: Total time for which application threads were stopped: 0.0002505 seconds, Stopping threads took: 0.0000593 seconds
2017-04-25T11:04:50.771+0800: 2058.360: Total time for which application threads were stopped: 0.0001658 seconds, Stopping threads took: 0.0000395 seconds
2017-04-25T11:05:00.654+0800: 2068.242: Total time for which application threads were stopped: 0.0004654 seconds, Stopping threads took: 0.0000863 seconds
2017-04-25T11:05:00.775+0800: 2068.363: Total time for which application threads were stopped: 0.0002928 seconds, Stopping threads took: 0.0000821 seconds
2017-04-25T11:05:00.775+0800: 2068.364: Total time for which application threads were stopped: 0.0002765 seconds, Stopping threads took: 0.0000991 seconds
2017-04-25T11:05:00.776+0800: 2068.364: Total time for which application threads were stopped: 0.0002104 seconds, Stopping threads took: 0.0000629 seconds
2017-04-25T11:05:10.750+0800: 2078.339: Total time for which application threads were stopped: 0.0002704 seconds, Stopping threads took: 0.0000895 seconds
2017-04-25T11:05:10.750+0800: 2078.339: Total time for which application threads were stopped: 0.0002707 seconds, Stopping threads took: 0.0000994 seconds
2017-04-25T11:05:10.751+0800: 2078.339: Total time for which application threads were stopped: 0.0002341 seconds, Stopping threads took: 0.0000699 seconds
2017-04-25T11:05:20.754+0800: 2088.343: Total time for which application threads were stopped: 0.0000872 seconds, Stopping threads took: 0.0000308 seconds
2017-04-25T11:05:20.755+0800: 2088.343: Total time for which application threads were stopped: 0.0000757 seconds, Stopping threads took: 0.0000167 seconds
2017-04-25T11:05:21.755+0800: 2089.344: Total time for which application threads were stopped: 0.0001267 seconds, Stopping threads took: 0.0000346 seconds
2017-04-25T11:05:30.756+0800: 2098.345: Total time for which application threads were stopped: 0.0002274 seconds, Stopping threads took: 0.0000565 seconds
2017-04-25T11:05:30.761+0800: 2098.350: Total time for which application threads were stopped: 0.0002319 seconds, Stopping threads took: 0.0000619 seconds
2017-04-25T11:05:30.762+0800: 2098.350: Total time for which application threads were stopped: 0.0002313 seconds, Stopping threads took: 0.0000773 seconds
2017-04-25T11:05:30.762+0800: 2098.351: Total time for which application threads were stopped: 0.0005623 seconds, Stopping threads took: 0.0000924 seconds
2017-04-25T11:05:40.756+0800: 2108.345: Total time for which application threads were stopped: 0.0002810 seconds, Stopping threads took: 0.0000837 seconds
2017-04-25T11:05:40.757+0800: 2108.345: Total time for which application threads were stopped: 0.0002354 seconds, Stopping threads took: 0.0000773 seconds
2017-04-25T11:05:41.757+0800: 2109.345: Total time for which application threads were stopped: 0.0002017 seconds, Stopping threads took: 0.0000577 seconds
2017-04-25T11:05:50.748+0800: 2118.336: Total time for which application threads were stopped: 0.0002909 seconds, Stopping threads took: 0.0000876 seconds
2017-04-25T11:05:50.748+0800: 2118.337: Total time for which application threads were stopped: 0.0002377 seconds, Stopping threads took: 0.0000693 seconds
2017-04-25T11:06:00.750+0800: 2128.339: Total time for which application threads were stopped: 0.0002710 seconds, Stopping threads took: 0.0000658 seconds
2017-04-25T11:06:00.772+0800: 2128.360: Total time for which application threads were stopped: 0.0001876 seconds, Stopping threads took: 0.0000654 seconds
2017-04-25T11:06:10.761+0800: 2138.349: Total time for which application threads were stopped: 0.0005911 seconds, Stopping threads took: 0.0000641 seconds
2017-04-25T11:06:10.771+0800: 2138.359: Total time for which application threads were stopped: 0.0002280 seconds, Stopping threads took: 0.0000536 seconds
2017-04-25T11:06:20.667+0800: 2148.256: Total time for which application threads were stopped: 0.0005725 seconds, Stopping threads took: 0.0000677 seconds
2017-04-25T11:06:20.736+0800: 2148.325: Total time for which application threads were stopped: 0.0002165 seconds, Stopping threads took: 0.0000548 seconds
2017-04-25T11:06:30.730+0800: 2158.319: Total time for which application threads were stopped: 0.0002341 seconds, Stopping threads took: 0.0000581 seconds
2017-04-25T11:06:31.731+0800: 2159.319: Total time for which application threads were stopped: 0.0001979 seconds, Stopping threads took: 0.0000545 seconds
2017-04-25T11:06:34.731+0800: 2162.320: Total time for which application threads were stopped: 0.0001905 seconds, Stopping threads took: 0.0000545 seconds
2017-04-25T11:06:40.732+0800: 2168.321: Total time for which application threads were stopped: 0.0002229 seconds, Stopping threads took: 0.0000497 seconds
2017-04-25T11:06:50.734+0800: 2178.323: Total time for which application threads were stopped: 0.0002592 seconds, Stopping threads took: 0.0000577 seconds
2017-04-25T11:07:00.727+0800: 2188.316: Total time for which application threads were stopped: 0.0001633 seconds, Stopping threads took: 0.0000356 seconds
2017-04-25T11:07:10.730+0800: 2198.318: Total time for which application threads were stopped: 0.0002460 seconds, Stopping threads took: 0.0000770 seconds
2017-04-25T11:07:10.735+0800: 2198.324: Total time for which application threads were stopped: 0.0002040 seconds, Stopping threads took: 0.0000488 seconds
2017-04-25T11:07:20.702+0800: 2208.290: Total time for which application threads were stopped: 0.0002983 seconds, Stopping threads took: 0.0001293 seconds
2017-04-25T11:07:30.722+0800: 2218.311: Total time for which application threads were stopped: 0.0002187 seconds, Stopping threads took: 0.0000539 seconds
2017-04-25T11:07:30.722+0800: 2218.311: Total time for which application threads were stopped: 0.0001684 seconds, Stopping threads took: 0.0000436 seconds
2017-04-25T11:07:30.734+0800: 2218.322: Total time for which application threads were stopped: 0.0002085 seconds, Stopping threads took: 0.0000504 seconds
2017-04-25T11:07:40.653+0800: 2228.241: Total time for which application threads were stopped: 0.0000872 seconds, Stopping threads took: 0.0000208 seconds
2017-04-25T11:07:40.709+0800: 2228.298: Total time for which application threads were stopped: 0.0000917 seconds, Stopping threads took: 0.0000253 seconds
2017-04-25T11:07:40.713+0800: 2228.301: Total time for which application threads were stopped: 0.0000789 seconds, Stopping threads took: 0.0000192 seconds
2017-04-25T11:07:50.666+0800: 2238.254: Total time for which application threads were stopped: 0.0005167 seconds, Stopping threads took: 0.0000520 seconds
2017-04-25T11:07:50.724+0800: 2238.312: Total time for which application threads were stopped: 0.0002518 seconds, Stopping threads took: 0.0000577 seconds
2017-04-25T11:07:50.735+0800: 2238.323: Total time for which application threads were stopped: 0.0002220 seconds, Stopping threads took: 0.0000590 seconds
2017-04-25T11:08:00.723+0800: 2248.311: Total time for which application threads were stopped: 0.0001206 seconds, Stopping threads took: 0.0000327 seconds
2017-04-25T11:08:00.723+0800: 2248.311: Total time for which application threads were stopped: 0.0000994 seconds, Stopping threads took: 0.0000334 seconds
2017-04-25T11:08:00.730+0800: 2248.318: Total time for which application threads were stopped: 0.0003807 seconds, Stopping threads took: 0.0000622 seconds
2017-04-25T11:08:01.730+0800: 2249.318: Total time for which application threads were stopped: 0.0001960 seconds, Stopping threads took: 0.0000555 seconds
2017-04-25T11:08:10.716+0800: 2258.304: Total time for which application threads were stopped: 0.0001453 seconds, Stopping threads took: 0.0000350 seconds
2017-04-25T11:08:10.716+0800: 2258.304: Total time for which application threads were stopped: 0.0001225 seconds, Stopping threads took: 0.0000301 seconds
2017-04-25T11:08:10.716+0800: 2258.304: Total time for which application threads were stopped: 0.0000744 seconds, Stopping threads took: 0.0000154 seconds
2017-04-25T11:08:11.716+0800: 2259.304: Total time for which application threads were stopped: 0.0002024 seconds, Stopping threads took: 0.0000552 seconds
2017-04-25T11:08:20.718+0800: 2268.306: Total time for which application threads were stopped: 0.0002056 seconds, Stopping threads took: 0.0000629 seconds
2017-04-25T11:08:20.718+0800: 2268.306: Total time for which application threads were stopped: 0.0001447 seconds, Stopping threads took: 0.0000555 seconds
2017-04-25T11:08:20.718+0800: 2268.306: Total time for which application threads were stopped: 0.0000853 seconds, Stopping threads took: 0.0000225 seconds
2017-04-25T11:08:30.719+0800: 2278.307: Total time for which application threads were stopped: 0.0001395 seconds, Stopping threads took: 0.0000404 seconds
2017-04-25T11:08:30.719+0800: 2278.307: Total time for which application threads were stopped: 0.0001196 seconds, Stopping threads took: 0.0000292 seconds
2017-04-25T11:08:30.719+0800: 2278.307: Total time for which application threads were stopped: 0.0000949 seconds, Stopping threads took: 0.0000231 seconds
2017-04-25T11:08:31.719+0800: 2279.308: Total time for which application threads were stopped: 0.0002037 seconds, Stopping threads took: 0.0000561 seconds
2017-04-25T11:08:40.650+0800: 2288.238: Total time for which application threads were stopped: 0.0001777 seconds, Stopping threads took: 0.0000237 seconds
2017-04-25T11:08:40.694+0800: 2288.283: Total time for which application threads were stopped: 0.0000882 seconds, Stopping threads took: 0.0000231 seconds
2017-04-25T11:08:40.694+0800: 2288.283: Total time for which application threads were stopped: 0.0000619 seconds, Stopping threads took: 0.0000144 seconds
2017-04-25T11:08:40.694+0800: 2288.283: Total time for which application threads were stopped: 0.0000475 seconds, Stopping threads took: 0.0000157 seconds
2017-04-25T11:08:41.695+0800: 2289.283: Total time for which application threads were stopped: 0.0001556 seconds, Stopping threads took: 0.0000532 seconds
2017-04-25T11:08:50.664+0800: 2298.252: Total time for which application threads were stopped: 0.0002046 seconds, Stopping threads took: 0.0000494 seconds
2017-04-25T11:08:50.725+0800: 2298.313: Total time for which application threads were stopped: 0.0003239 seconds, Stopping threads took: 0.0001062 seconds
2017-04-25T11:08:50.725+0800: 2298.314: Total time for which application threads were stopped: 0.0001649 seconds, Stopping threads took: 0.0000471 seconds
2017-04-25T11:08:50.725+0800: 2298.314: Total time for which application threads were stopped: 0.0001524 seconds, Stopping threads took: 0.0000504 seconds
2017-04-25T11:09:00.657+0800: 2308.246: Total time for which application threads were stopped: 0.0000956 seconds, Stopping threads took: 0.0000253 seconds
2017-04-25T11:09:00.705+0800: 2308.294: Total time for which application threads were stopped: 0.0001001 seconds, Stopping threads took: 0.0000362 seconds
2017-04-25T11:09:01.705+0800: 2309.294: Total time for which application threads were stopped: 0.0001985 seconds, Stopping threads took: 0.0000542 seconds
2017-04-25T11:09:10.699+0800: 2318.288: Total time for which application threads were stopped: 0.0001610 seconds, Stopping threads took: 0.0000388 seconds
2017-04-25T11:09:10.699+0800: 2318.288: Total time for which application threads were stopped: 0.0001527 seconds, Stopping threads took: 0.0000318 seconds
2017-04-25T11:09:10.699+0800: 2318.288: Total time for which application threads were stopped: 0.0001174 seconds, Stopping threads took: 0.0000314 seconds
2017-04-25T11:09:11.700+0800: 2319.288: Total time for which application threads were stopped: 0.0001405 seconds, Stopping threads took: 0.0000353 seconds
2017-04-25T11:09:20.666+0800: 2328.255: Total time for which application threads were stopped: 0.0005793 seconds, Stopping threads took: 0.0000542 seconds
2017-04-25T11:09:20.720+0800: 2328.309: Total time for which application threads were stopped: 0.0002537 seconds, Stopping threads took: 0.0000561 seconds
2017-04-25T11:09:20.721+0800: 2328.309: Total time for which application threads were stopped: 0.0002454 seconds, Stopping threads took: 0.0000526 seconds
2017-04-25T11:09:20.721+0800: 2328.310: Total time for which application threads were stopped: 0.0002187 seconds, Stopping threads took: 0.0000876 seconds
2017-04-25T11:09:21.721+0800: 2329.310: Total time for which application threads were stopped: 0.0002133 seconds, Stopping threads took: 0.0000609 seconds
2017-04-25T11:09:30.722+0800: 2338.311: Total time for which application threads were stopped: 0.0002675 seconds, Stopping threads took: 0.0000571 seconds
2017-04-25T11:09:31.723+0800: 2339.311: Total time for which application threads were stopped: 0.0002043 seconds, Stopping threads took: 0.0000597 seconds
2017-04-25T11:09:40.714+0800: 2348.302: Total time for which application threads were stopped: 0.0001854 seconds, Stopping threads took: 0.0000699 seconds
2017-04-25T11:09:40.714+0800: 2348.302: Total time for which application threads were stopped: 0.0001062 seconds, Stopping threads took: 0.0000247 seconds
2017-04-25T11:09:40.714+0800: 2348.302: Total time for which application threads were stopped: 0.0001267 seconds, Stopping threads took: 0.0000462 seconds
2017-04-25T11:09:40.720+0800: 2348.308: Total time for which application threads were stopped: 0.0001283 seconds, Stopping threads took: 0.0000289 seconds
2017-04-25T11:09:50.722+0800: 2358.311: Total time for which application threads were stopped: 0.0001325 seconds, Stopping threads took: 0.0000330 seconds
2017-04-25T11:09:50.722+0800: 2358.311: Total time for which application threads were stopped: 0.0001094 seconds, Stopping threads took: 0.0000266 seconds
2017-04-25T11:10:00.653+0800: 2368.241: Total time for which application threads were stopped: 0.0001100 seconds, Stopping threads took: 0.0000218 seconds
2017-04-25T11:10:00.697+0800: 2368.286: Total time for which application threads were stopped: 0.0000860 seconds, Stopping threads took: 0.0000231 seconds
2017-04-25T11:10:00.698+0800: 2368.287: Total time for which application threads were stopped: 0.0002713 seconds, Stopping threads took: 0.0001671 seconds
2017-04-25T11:10:00.699+0800: 2368.288: Total time for which application threads were stopped: 0.0003143 seconds, Stopping threads took: 0.0000815 seconds
2017-04-25T11:10:00.704+0800: 2368.292: Total time for which application threads were stopped: 0.0000831 seconds, Stopping threads took: 0.0000212 seconds
2017-04-25T11:10:10.711+0800: 2378.300: Total time for which application threads were stopped: 0.0002457 seconds, Stopping threads took: 0.0000683 seconds
2017-04-25T11:10:10.712+0800: 2378.300: Total time for which application threads were stopped: 0.0002040 seconds, Stopping threads took: 0.0000799 seconds
2017-04-25T11:10:10.722+0800: 2378.311: Total time for which application threads were stopped: 0.0002377 seconds, Stopping threads took: 0.0000577 seconds
2017-04-25T11:10:20.701+0800: 2388.289: Total time for which application threads were stopped: 0.0000921 seconds, Stopping threads took: 0.0000257 seconds
2017-04-25T11:10:20.701+0800: 2388.289: Total time for which application threads were stopped: 0.0000645 seconds, Stopping threads took: 0.0000151 seconds
2017-04-25T11:10:20.704+0800: 2388.292: Total time for which application threads were stopped: 0.0000808 seconds, Stopping threads took: 0.0000212 seconds
2017-04-25T11:10:30.723+0800: 2398.312: Total time for which application threads were stopped: 0.0002560 seconds, Stopping threads took: 0.0000625 seconds
2017-04-25T11:10:30.723+0800: 2398.312: Total time for which application threads were stopped: 0.0001908 seconds, Stopping threads took: 0.0000523 seconds
2017-04-25T11:10:31.724+0800: 2399.312: Total time for which application threads were stopped: 0.0000811 seconds, Stopping threads took: 0.0000231 seconds
{Heap before GC invocations=13 (full 1):
 par new generation   total 109248K, used 109248K [0x00000000e0000000, 0x00000000e8000000, 0x00000000e8000000)
  eden space 87424K, 100% used [0x00000000e0000000, 0x00000000e5560000, 0x00000000e5560000)
  from space 21824K, 100% used [0x00000000e6ab0000, 0x00000000e8000000, 0x00000000e8000000)
  to   space 21824K,   0% used [0x00000000e5560000, 0x00000000e5560000, 0x00000000e6ab0000)
 concurrent mark-sweep generation total 393216K, used 16650K [0x00000000e8000000, 0x0000000100000000, 0x0000000100000000)
 Metaspace       used 39107K, capacity 39900K, committed 40024K, reserved 1085440K
  class space    used 4480K, capacity 4718K, committed 4732K, reserved 1048576K
2017-04-25T11:10:40.657+0800: 2408.246: [GC (Allocation Failure) 2017-04-25T11:10:40.657+0800: 2408.246: [ParNew
Desired survivor size 20112992 bytes, new threshold 6 (max 8)
- age   1:    8000104 bytes,    8000104 total
- age   2:    2309840 bytes,   10309944 total
- age   3:    7656480 bytes,   17966424 total
- age   4:     128024 bytes,   18094448 total
- age   5:     137784 bytes,   18232232 total
- age   6:    3392472 bytes,   21624704 total
- age   7:      82920 bytes,   21707624 total
: 109248K->21824K(109248K), 0.0363960 secs] 125898K->41335K(502464K), 0.0365534 secs] [Times: user=0.14 sys=0.00, real=0.04 secs] 
Heap after GC invocations=14 (full 1):
 par new generation   total 109248K, used 21824K [0x00000000e0000000, 0x00000000e8000000, 0x00000000e8000000)
  eden space 87424K,   0% used [0x00000000e0000000, 0x00000000e0000000, 0x00000000e5560000)
  from space 21824K, 100% used [0x00000000e5560000, 0x00000000e6ab0000, 0x00000000e6ab0000)
  to   space 21824K,   0% used [0x00000000e6ab0000, 0x00000000e6ab0000, 0x00000000e8000000)
 concurrent mark-sweep generation total 393216K, used 19511K [0x00000000e8000000, 0x0000000100000000, 0x0000000100000000)
 Metaspace       used 39107K, capacity 39900K, committed 40024K, reserved 1085440K
  class space    used 4480K, capacity 4718K, committed 4732K, reserved 1048576K
}
2017-04-25T11:10:40.694+0800: 2408.283: Total time for which application threads were stopped: 0.0369897 seconds, Stopping threads took: 0.0000526 seconds
2017-04-25T11:10:40.695+0800: 2408.284: Total time for which application threads were stopped: 0.0001610 seconds, Stopping threads took: 0.0000568 seconds
2017-04-25T11:10:40.695+0800: 2408.284: Total time for which application threads were stopped: 0.0001588 seconds, Stopping threads took: 0.0000484 seconds
2017-04-25T11:10:40.695+0800: 2408.284: Total time for which application threads were stopped: 0.0001254 seconds, Stopping threads took: 0.0000478 seconds
2017-04-25T11:10:40.696+0800: 2408.285: Total time for which application threads were stopped: 0.0001167 seconds, Stopping threads took: 0.0000494 seconds
2017-04-25T11:10:40.696+0800: 2408.285: Total time for which application threads were stopped: 0.0002127 seconds, Stopping threads took: 0.0001267 seconds
2017-04-25T11:10:40.696+0800: 2408.285: Total time for which application threads were stopped: 0.0001097 seconds, Stopping threads took: 0.0000311 seconds
2017-04-25T11:10:40.697+0800: 2408.286: Total time for which application threads were stopped: 0.0001501 seconds, Stopping threads took: 0.0000401 seconds
2017-04-25T11:10:40.697+0800: 2408.286: Total time for which application threads were stopped: 0.0001161 seconds, Stopping threads took: 0.0000314 seconds
2017-04-25T11:10:40.697+0800: 2408.286: Total time for which application threads were stopped: 0.0001110 seconds, Stopping threads took: 0.0000385 seconds
2017-04-25T11:10:40.697+0800: 2408.286: Total time for which application threads were stopped: 0.0001049 seconds, Stopping threads took: 0.0000414 seconds
2017-04-25T11:10:40.698+0800: 2408.287: Total time for which application threads were stopped: 0.0001347 seconds, Stopping threads took: 0.0000420 seconds
2017-04-25T11:10:40.698+0800: 2408.287: Total time for which application threads were stopped: 0.0001180 seconds, Stopping threads took: 0.0000295 seconds
2017-04-25T11:10:40.698+0800: 2408.287: Total time for which application threads were stopped: 0.0000965 seconds, Stopping threads took: 0.0000311 seconds
2017-04-25T11:10:40.698+0800: 2408.287: Total time for which application threads were stopped: 0.0001052 seconds, Stopping threads took: 0.0000385 seconds
2017-04-25T11:10:40.699+0800: 2408.287: Total time for which application threads were stopped: 0.0001033 seconds, Stopping threads took: 0.0000407 seconds
2017-04-25T11:10:40.699+0800: 2408.288: Total time for which application threads were stopped: 0.0000985 seconds, Stopping threads took: 0.0000298 seconds
2017-04-25T11:10:40.699+0800: 2408.288: Total time for which application threads were stopped: 0.0000879 seconds, Stopping threads took: 0.0000276 seconds
2017-04-25T11:10:40.700+0800: 2408.289: Total time for which application threads were stopped: 0.0001001 seconds, Stopping threads took: 0.0000353 seconds
2017-04-25T11:10:40.700+0800: 2408.289: Total time for which application threads were stopped: 0.0000548 seconds, Stopping threads took: 0.0000199 seconds
2017-04-25T11:10:40.700+0800: 2408.289: Total time for which application threads were stopped: 0.0000577 seconds, Stopping threads took: 0.0000218 seconds
2017-04-25T11:10:40.701+0800: 2408.289: Total time for which application threads were stopped: 0.0000488 seconds, Stopping threads took: 0.0000180 seconds
2017-04-25T11:10:40.701+0800: 2408.290: Total time for which application threads were stopped: 0.0000767 seconds, Stopping threads took: 0.0000093 seconds
2017-04-25T11:10:40.701+0800: 2408.290: Total time for which application threads were stopped: 0.0000561 seconds, Stopping threads took: 0.0000074 seconds
2017-04-25T11:10:40.701+0800: 2408.290: Total time for which application threads were stopped: 0.0000430 seconds, Stopping threads took: 0.0000096 seconds
2017-04-25T11:10:40.701+0800: 2408.290: Total time for which application threads were stopped: 0.0000561 seconds, Stopping threads took: 0.0000225 seconds
2017-04-25T11:10:40.701+0800: 2408.290: Total time for which application threads were stopped: 0.0000497 seconds, Stopping threads took: 0.0000148 seconds
2017-04-25T11:10:40.701+0800: 2408.290: Total time for which application threads were stopped: 0.0000395 seconds, Stopping threads took: 0.0000093 seconds
2017-04-25T11:10:40.702+0800: 2408.290: Total time for which application threads were stopped: 0.0001312 seconds, Stopping threads took: 0.0000112 seconds
2017-04-25T11:10:40.702+0800: 2408.291: Total time for which application threads were stopped: 0.0001472 seconds, Stopping threads took: 0.0000218 seconds
2017-04-25T11:10:40.702+0800: 2408.291: Total time for which application threads were stopped: 0.0000622 seconds, Stopping threads took: 0.0000099 seconds
2017-04-25T11:10:40.702+0800: 2408.291: Total time for which application threads were stopped: 0.0000427 seconds, Stopping threads took: 0.0000112 seconds
2017-04-25T11:10:40.703+0800: 2408.292: Total time for which application threads were stopped: 0.0000629 seconds, Stopping threads took: 0.0000183 seconds
2017-04-25T11:10:40.703+0800: 2408.292: Total time for which application threads were stopped: 0.0000632 seconds, Stopping threads took: 0.0000180 seconds
2017-04-25T11:10:40.703+0800: 2408.292: Total time for which application threads were stopped: 0.0000542 seconds, Stopping threads took: 0.0000202 seconds
2017-04-25T11:10:40.704+0800: 2408.292: Total time for which application threads were stopped: 0.0000609 seconds, Stopping threads took: 0.0000218 seconds
2017-04-25T11:10:40.704+0800: 2408.293: Total time for which application threads were stopped: 0.0000728 seconds, Stopping threads took: 0.0000282 seconds
2017-04-25T11:10:40.704+0800: 2408.293: Total time for which application threads were stopped: 0.0000433 seconds, Stopping threads took: 0.0000164 seconds
2017-04-25T11:10:40.704+0800: 2408.293: Total time for which application threads were stopped: 0.0000417 seconds, Stopping threads took: 0.0000164 seconds
2017-04-25T11:10:40.745+0800: 2408.334: Total time for which application threads were stopped: 0.0000811 seconds, Stopping threads took: 0.0000218 seconds
2017-04-25T11:10:40.745+0800: 2408.334: Total time for which application threads were stopped: 0.0000613 seconds, Stopping threads took: 0.0000154 seconds
2017-04-25T11:10:40.746+0800: 2408.334: Total time for which application threads were stopped: 0.0000420 seconds, Stopping threads took: 0.0000099 seconds
2017-04-25T11:10:40.748+0800: 2408.337: Total time for which application threads were stopped: 0.0000539 seconds, Stopping threads took: 0.0000132 seconds
2017-04-25T11:10:50.667+0800: 2418.256: Total time for which application threads were stopped: 0.0005122 seconds, Stopping threads took: 0.0000767 seconds
2017-04-25T11:10:50.727+0800: 2418.315: Total time for which application threads were stopped: 0.0002479 seconds, Stopping threads took: 0.0000805 seconds
2017-04-25T11:10:50.727+0800: 2418.316: Total time for which application threads were stopped: 0.0005805 seconds, Stopping threads took: 0.0000892 seconds
2017-04-25T11:10:50.740+0800: 2418.328: Total time for which application threads were stopped: 0.0002470 seconds, Stopping threads took: 0.0000552 seconds
2017-04-25T11:11:00.720+0800: 2428.309: Total time for which application threads were stopped: 0.0003265 seconds, Stopping threads took: 0.0001158 seconds
2017-04-25T11:11:10.699+0800: 2438.288: Total time for which application threads were stopped: 0.0000937 seconds, Stopping threads took: 0.0000330 seconds
2017-04-25T11:11:10.700+0800: 2438.288: Total time for which application threads were stopped: 0.0000709 seconds, Stopping threads took: 0.0000228 seconds
2017-04-25T11:11:10.707+0800: 2438.295: Total time for which application threads were stopped: 0.0001376 seconds, Stopping threads took: 0.0000330 seconds
2017-04-25T11:11:20.710+0800: 2448.299: Total time for which application threads were stopped: 0.0002306 seconds, Stopping threads took: 0.0000542 seconds
2017-04-25T11:11:20.723+0800: 2448.311: Total time for which application threads were stopped: 0.0002877 seconds, Stopping threads took: 0.0000994 seconds
2017-04-25T11:11:20.734+0800: 2448.322: Total time for which application threads were stopped: 0.0002200 seconds, Stopping threads took: 0.0000539 seconds
2017-04-25T11:11:30.726+0800: 2458.314: Total time for which application threads were stopped: 0.0005449 seconds, Stopping threads took: 0.0000561 seconds
2017-04-25T11:11:30.740+0800: 2458.329: Total time for which application threads were stopped: 0.0004692 seconds, Stopping threads took: 0.0000491 seconds
2017-04-25T11:11:40.713+0800: 2468.301: Total time for which application threads were stopped: 0.0000930 seconds, Stopping threads took: 0.0000247 seconds
2017-04-25T11:11:41.713+0800: 2469.302: Total time for which application threads were stopped: 0.0002046 seconds, Stopping threads took: 0.0000571 seconds
2017-04-25T11:11:50.716+0800: 2478.305: Total time for which application threads were stopped: 0.0004195 seconds, Stopping threads took: 0.0002296 seconds
2017-04-25T11:11:50.719+0800: 2478.308: Total time for which application threads were stopped: 0.0002306 seconds, Stopping threads took: 0.0000497 seconds
2017-04-25T11:12:00.721+0800: 2488.309: Total time for which application threads were stopped: 0.0002688 seconds, Stopping threads took: 0.0000808 seconds
2017-04-25T11:12:10.710+0800: 2498.298: Total time for which application threads were stopped: 0.0001244 seconds, Stopping threads took: 0.0000401 seconds
2017-04-25T11:12:20.649+0800: 2508.238: Total time for which application threads were stopped: 0.0001902 seconds, Stopping threads took: 0.0000215 seconds
2017-04-25T11:12:20.654+0800: 2508.243: Total time for which application threads were stopped: 0.0001777 seconds, Stopping threads took: 0.0000192 seconds
2017-04-25T11:12:20.693+0800: 2508.282: Total time for which application threads were stopped: 0.0000802 seconds, Stopping threads took: 0.0000215 seconds
2017-04-25T11:12:30.699+0800: 2518.287: Total time for which application threads were stopped: 0.0001312 seconds, Stopping threads took: 0.0000334 seconds
2017-04-25T11:12:40.719+0800: 2528.308: Total time for which application threads were stopped: 0.0002976 seconds, Stopping threads took: 0.0000901 seconds
2017-04-25T11:12:50.707+0800: 2538.295: Total time for which application threads were stopped: 0.0000879 seconds, Stopping threads took: 0.0000218 seconds
2017-04-25T11:13:00.710+0800: 2548.299: Total time for which application threads were stopped: 0.0001289 seconds, Stopping threads took: 0.0000314 seconds
2017-04-25T11:13:10.711+0800: 2558.300: Total time for which application threads were stopped: 0.0001389 seconds, Stopping threads took: 0.0000356 seconds
2017-04-25T11:13:10.712+0800: 2558.300: Total time for which application threads were stopped: 0.0001232 seconds, Stopping threads took: 0.0000471 seconds
2017-04-25T11:13:10.717+0800: 2558.305: Total time for which application threads were stopped: 0.0001280 seconds, Stopping threads took: 0.0000273 seconds
2017-04-25T11:13:20.670+0800: 2568.258: Total time for which application threads were stopped: 0.0002258 seconds, Stopping threads took: 0.0000523 seconds
2017-04-25T11:13:20.734+0800: 2568.323: Total time for which application threads were stopped: 0.0002364 seconds, Stopping threads took: 0.0000622 seconds
2017-04-25T11:13:20.735+0800: 2568.323: Total time for which application threads were stopped: 0.0002152 seconds, Stopping threads took: 0.0000484 seconds
2017-04-25T11:13:20.745+0800: 2568.334: Total time for which application threads were stopped: 0.0002220 seconds, Stopping threads took: 0.0000526 seconds
2017-04-25T11:13:21.746+0800: 2569.334: Total time for which application threads were stopped: 0.0002290 seconds, Stopping threads took: 0.0000597 seconds
2017-04-25T11:13:30.724+0800: 2578.312: Total time for which application threads were stopped: 0.0001642 seconds, Stopping threads took: 0.0000391 seconds
2017-04-25T11:13:30.724+0800: 2578.312: Total time for which application threads were stopped: 0.0001716 seconds, Stopping threads took: 0.0000706 seconds
2017-04-25T11:13:30.730+0800: 2578.318: Total time for which application threads were stopped: 0.0001847 seconds, Stopping threads took: 0.0000786 seconds
2017-04-25T11:13:40.665+0800: 2588.253: Total time for which application threads were stopped: 0.0002313 seconds, Stopping threads took: 0.0000629 seconds
2017-04-25T11:13:40.723+0800: 2588.312: Total time for which application threads were stopped: 0.0000927 seconds, Stopping threads took: 0.0000231 seconds
2017-04-25T11:13:40.723+0800: 2588.312: Total time for which application threads were stopped: 0.0000561 seconds, Stopping threads took: 0.0000170 seconds
2017-04-25T11:13:40.727+0800: 2588.316: Total time for which application threads were stopped: 0.0000959 seconds, Stopping threads took: 0.0000215 seconds
2017-04-25T11:13:50.664+0800: 2598.253: Total time for which application threads were stopped: 0.0003422 seconds, Stopping threads took: 0.0000382 seconds
2017-04-25T11:13:50.715+0800: 2598.304: Total time for which application threads were stopped: 0.0001466 seconds, Stopping threads took: 0.0000346 seconds
2017-04-25T11:14:10.694+0800: 2618.283: Total time for which application threads were stopped: 0.0000956 seconds, Stopping threads took: 0.0000269 seconds
2017-04-25T11:14:10.694+0800: 2618.283: Total time for which application threads were stopped: 0.0000728 seconds, Stopping threads took: 0.0000215 seconds
2017-04-25T11:14:10.694+0800: 2618.283: Total time for which application threads were stopped: 0.0000677 seconds, Stopping threads took: 0.0000298 seconds
2017-04-25T11:14:11.695+0800: 2619.283: Total time for which application threads were stopped: 0.0002088 seconds, Stopping threads took: 0.0000561 seconds
2017-04-25T11:14:20.697+0800: 2628.286: Total time for which application threads were stopped: 0.0001559 seconds, Stopping threads took: 0.0000395 seconds
2017-04-25T11:14:20.706+0800: 2628.295: Total time for which application threads were stopped: 0.0001809 seconds, Stopping threads took: 0.0000625 seconds
2017-04-25T11:14:20.706+0800: 2628.295: Total time for which application threads were stopped: 0.0000994 seconds, Stopping threads took: 0.0000244 seconds
2017-04-25T11:14:20.706+0800: 2628.295: Total time for which application threads were stopped: 0.0001251 seconds, Stopping threads took: 0.0000279 seconds
2017-04-25T11:14:20.713+0800: 2628.301: Total time for which application threads were stopped: 0.0001424 seconds, Stopping threads took: 0.0000375 seconds
2017-04-25T11:14:30.724+0800: 2638.312: Total time for which application threads were stopped: 0.0001363 seconds, Stopping threads took: 0.0000411 seconds
2017-04-25T11:14:30.724+0800: 2638.313: Total time for which application threads were stopped: 0.0001238 seconds, Stopping threads took: 0.0000455 seconds
2017-04-25T11:14:30.729+0800: 2638.317: Total time for which application threads were stopped: 0.0001222 seconds, Stopping threads took: 0.0000292 seconds
2017-04-25T11:14:40.698+0800: 2648.287: Total time for which application threads were stopped: 0.0000869 seconds, Stopping threads took: 0.0000202 seconds
2017-04-25T11:14:40.699+0800: 2648.287: Total time for which application threads were stopped: 0.0000504 seconds, Stopping threads took: 0.0000135 seconds
2017-04-25T11:14:40.704+0800: 2648.292: Total time for which application threads were stopped: 0.0000856 seconds, Stopping threads took: 0.0000208 seconds
2017-04-25T11:14:41.704+0800: 2649.293: Total time for which application threads were stopped: 0.0002928 seconds, Stopping threads took: 0.0000555 seconds
2017-04-25T11:14:50.704+0800: 2658.293: Total time for which application threads were stopped: 0.0003236 seconds, Stopping threads took: 0.0001222 seconds
2017-04-25T11:14:50.705+0800: 2658.294: Total time for which application threads were stopped: 0.0002062 seconds, Stopping threads took: 0.0000516 seconds
2017-04-25T11:14:50.716+0800: 2658.304: Total time for which application threads were stopped: 0.0002418 seconds, Stopping threads took: 0.0000581 seconds
2017-04-25T11:14:51.716+0800: 2659.304: Total time for which application threads were stopped: 0.0002094 seconds, Stopping threads took: 0.0000584 seconds
2017-04-25T11:15:00.713+0800: 2668.302: Total time for which application threads were stopped: 0.0001097 seconds, Stopping threads took: 0.0000231 seconds
2017-04-25T11:15:01.714+0800: 2669.302: Total time for which application threads were stopped: 0.0002078 seconds, Stopping threads took: 0.0000597 seconds
2017-04-25T11:15:10.716+0800: 2678.305: Total time for which application threads were stopped: 0.0001328 seconds, Stopping threads took: 0.0000353 seconds
2017-04-25T11:15:10.721+0800: 2678.309: Total time for which application threads were stopped: 0.0001232 seconds, Stopping threads took: 0.0000266 seconds
2017-04-25T11:15:11.721+0800: 2679.309: Total time for which application threads were stopped: 0.0000863 seconds, Stopping threads took: 0.0000253 seconds
2017-04-25T11:15:20.666+0800: 2688.255: Total time for which application threads were stopped: 0.0005677 seconds, Stopping threads took: 0.0000523 seconds
2017-04-25T11:15:20.725+0800: 2688.313: Total time for which application threads were stopped: 0.0003653 seconds, Stopping threads took: 0.0000597 seconds
2017-04-25T11:15:20.725+0800: 2688.314: Total time for which application threads were stopped: 0.0002203 seconds, Stopping threads took: 0.0000638 seconds
2017-04-25T11:15:20.737+0800: 2688.325: Total time for which application threads were stopped: 0.0005125 seconds, Stopping threads took: 0.0000504 seconds
2017-04-25T11:15:30.719+0800: 2698.308: Total time for which application threads were stopped: 0.0002345 seconds, Stopping threads took: 0.0000568 seconds
2017-04-25T11:15:30.720+0800: 2698.308: Total time for which application threads were stopped: 0.0002309 seconds, Stopping threads took: 0.0000568 seconds
2017-04-25T11:15:30.720+0800: 2698.308: Total time for which application threads were stopped: 0.0002146 seconds, Stopping threads took: 0.0000478 seconds
2017-04-25T11:15:40.664+0800: 2708.252: Total time for which application threads were stopped: 0.0002406 seconds, Stopping threads took: 0.0000625 seconds
2017-04-25T11:15:40.719+0800: 2708.308: Total time for which application threads were stopped: 0.0001719 seconds, Stopping threads took: 0.0000532 seconds
2017-04-25T11:15:40.719+0800: 2708.308: Total time for which application threads were stopped: 0.0002152 seconds, Stopping threads took: 0.0000981 seconds
2017-04-25T11:15:40.720+0800: 2708.308: Total time for which application threads were stopped: 0.0001472 seconds, Stopping threads took: 0.0000545 seconds
2017-04-25T11:15:41.720+0800: 2709.308: Total time for which application threads were stopped: 0.0002120 seconds, Stopping threads took: 0.0000587 seconds
2017-04-25T11:15:50.710+0800: 2718.298: Total time for which application threads were stopped: 0.0000927 seconds, Stopping threads took: 0.0000237 seconds
2017-04-25T11:15:50.710+0800: 2718.298: Total time for which application threads were stopped: 0.0000741 seconds, Stopping threads took: 0.0000241 seconds
2017-04-25T11:15:50.710+0800: 2718.298: Total time for which application threads were stopped: 0.0000446 seconds, Stopping threads took: 0.0000157 seconds
2017-04-25T11:15:51.710+0800: 2719.299: Total time for which application threads were stopped: 0.0002191 seconds, Stopping threads took: 0.0000770 seconds
2017-04-25T11:16:00.651+0800: 2728.240: Total time for which application threads were stopped: 0.0004792 seconds, Stopping threads took: 0.0000529 seconds
2017-04-25T11:16:00.720+0800: 2728.309: Total time for which application threads were stopped: 0.0001222 seconds, Stopping threads took: 0.0000247 seconds
2017-04-25T11:16:00.721+0800: 2728.309: Total time for which application threads were stopped: 0.0000763 seconds, Stopping threads took: 0.0000176 seconds
2017-04-25T11:16:00.721+0800: 2728.309: Total time for which application threads were stopped: 0.0001216 seconds, Stopping threads took: 0.0000427 seconds
2017-04-25T11:16:10.715+0800: 2738.303: Total time for which application threads were stopped: 0.0002313 seconds, Stopping threads took: 0.0000949 seconds
2017-04-25T11:16:10.715+0800: 2738.304: Total time for which application threads were stopped: 0.0001613 seconds, Stopping threads took: 0.0000863 seconds
2017-04-25T11:16:10.715+0800: 2738.304: Total time for which application threads were stopped: 0.0001427 seconds, Stopping threads took: 0.0000795 seconds
2017-04-25T11:16:20.698+0800: 2748.287: Total time for which application threads were stopped: 0.0001036 seconds, Stopping threads took: 0.0000244 seconds
2017-04-25T11:16:20.698+0800: 2748.287: Total time for which application threads were stopped: 0.0000699 seconds, Stopping threads took: 0.0000208 seconds
2017-04-25T11:16:20.698+0800: 2748.287: Total time for which application threads were stopped: 0.0000494 seconds, Stopping threads took: 0.0000164 seconds
2017-04-25T11:16:30.702+0800: 2758.290: Total time for which application threads were stopped: 0.0001126 seconds, Stopping threads took: 0.0000311 seconds
2017-04-25T11:16:30.716+0800: 2758.304: Total time for which application threads were stopped: 0.0001370 seconds, Stopping threads took: 0.0000664 seconds
2017-04-25T11:16:30.716+0800: 2758.305: Total time for which application threads were stopped: 0.0000757 seconds, Stopping threads took: 0.0000215 seconds
2017-04-25T11:16:30.716+0800: 2758.305: Total time for which application threads were stopped: 0.0000529 seconds, Stopping threads took: 0.0000170 seconds
2017-04-25T11:16:37.180+0800: 2764.769: Total time for which application threads were stopped: 0.0001142 seconds, Stopping threads took: 0.0000488 seconds
2017-04-25T11:16:37.180+0800: 2764.769: Total time for which application threads were stopped: 0.0000648 seconds, Stopping threads took: 0.0000183 seconds
2017-04-25T11:16:37.180+0800: 2764.769: Total time for which application threads were stopped: 0.0000462 seconds, Stopping threads took: 0.0000103 seconds
2017-04-25T11:16:37.181+0800: 2764.769: Total time for which application threads were stopped: 0.0000404 seconds, Stopping threads took: 0.0000103 seconds
2017-04-25T11:16:37.181+0800: 2764.769: Total time for which application threads were stopped: 0.0000577 seconds, Stopping threads took: 0.0000173 seconds
2017-04-25T11:16:37.181+0800: 2764.769: Total time for which application threads were stopped: 0.0000606 seconds, Stopping threads took: 0.0000260 seconds
2017-04-25T11:16:37.181+0800: 2764.769: Total time for which application threads were stopped: 0.0000446 seconds, Stopping threads took: 0.0000160 seconds
2017-04-25T11:16:37.181+0800: 2764.769: Total time for which application threads were stopped: 0.0000542 seconds, Stopping threads took: 0.0000164 seconds
2017-04-25T11:16:37.181+0800: 2764.770: Total time for which application threads were stopped: 0.0000542 seconds, Stopping threads took: 0.0000176 seconds
2017-04-25T11:16:37.181+0800: 2764.770: Total time for which application threads were stopped: 0.0000497 seconds, Stopping threads took: 0.0000157 seconds
2017-04-25T11:16:37.181+0800: 2764.770: Total time for which application threads were stopped: 0.0000427 seconds, Stopping threads took: 0.0000132 seconds
2017-04-25T11:16:37.181+0800: 2764.770: Total time for which application threads were stopped: 0.0000414 seconds, Stopping threads took: 0.0000180 seconds
2017-04-25T11:16:37.182+0800: 2764.770: Total time for which application threads were stopped: 0.0000433 seconds, Stopping threads took: 0.0000112 seconds
2017-04-25T11:16:37.182+0800: 2764.770: Total time for which application threads were stopped: 0.0000427 seconds, Stopping threads took: 0.0000109 seconds
2017-04-25T11:16:37.185+0800: 2764.774: Total time for which application threads were stopped: 0.0002319 seconds, Stopping threads took: 0.0001796 seconds
2017-04-25T11:16:37.186+0800: 2764.774: Total time for which application threads were stopped: 0.0000975 seconds, Stopping threads took: 0.0000411 seconds
2017-04-25T11:16:37.186+0800: 2764.775: Total time for which application threads were stopped: 0.0000715 seconds, Stopping threads took: 0.0000183 seconds
2017-04-25T11:16:37.187+0800: 2764.775: Total time for which application threads were stopped: 0.0000722 seconds, Stopping threads took: 0.0000250 seconds
2017-04-25T11:16:37.187+0800: 2764.776: Total time for which application threads were stopped: 0.0000667 seconds, Stopping threads took: 0.0000183 seconds
2017-04-25T11:16:37.187+0800: 2764.776: Total time for which application threads were stopped: 0.0000613 seconds, Stopping threads took: 0.0000164 seconds
2017-04-25T11:16:37.188+0800: 2764.776: Total time for which application threads were stopped: 0.0000667 seconds, Stopping threads took: 0.0000292 seconds
2017-04-25T11:16:37.188+0800: 2764.776: Total time for which application threads were stopped: 0.0001158 seconds, Stopping threads took: 0.0000683 seconds
2017-04-25T11:16:37.189+0800: 2764.777: Total time for which application threads were stopped: 0.0000924 seconds, Stopping threads took: 0.0000430 seconds
2017-04-25T11:16:37.195+0800: 2764.784: Total time for which application threads were stopped: 0.0000898 seconds, Stopping threads took: 0.0000189 seconds
2017-04-25T11:16:37.195+0800: 2764.784: Total time for which application threads were stopped: 0.0000545 seconds, Stopping threads took: 0.0000122 seconds
2017-04-25T11:16:37.195+0800: 2764.784: Total time for which application threads were stopped: 0.0001469 seconds, Stopping threads took: 0.0000112 seconds
2017-04-25T11:16:37.198+0800: 2764.787: Total time for which application threads were stopped: 0.0000590 seconds, Stopping threads took: 0.0000132 seconds
2017-04-25T11:16:37.198+0800: 2764.787: Total time for which application threads were stopped: 0.0001421 seconds, Stopping threads took: 0.0000109 seconds
2017-04-25T11:16:37.201+0800: 2764.790: Total time for which application threads were stopped: 0.0000702 seconds, Stopping threads took: 0.0000164 seconds
2017-04-25T11:16:37.203+0800: 2764.792: Total time for which application threads were stopped: 0.0000677 seconds, Stopping threads took: 0.0000167 seconds
2017-04-25T11:16:37.206+0800: 2764.795: Total time for which application threads were stopped: 0.0000866 seconds, Stopping threads took: 0.0000196 seconds
2017-04-25T11:16:37.213+0800: 2764.801: Total time for which application threads were stopped: 0.0000751 seconds, Stopping threads took: 0.0000170 seconds
2017-04-25T11:16:37.216+0800: 2764.804: Total time for which application threads were stopped: 0.0000786 seconds, Stopping threads took: 0.0000237 seconds
2017-04-25T11:16:37.216+0800: 2764.804: Total time for which application threads were stopped: 0.0000500 seconds, Stopping threads took: 0.0000173 seconds
2017-04-25T11:16:37.216+0800: 2764.805: Total time for which application threads were stopped: 0.0000510 seconds, Stopping threads took: 0.0000167 seconds
2017-04-25T11:16:37.216+0800: 2764.805: Total time for which application threads were stopped: 0.0000507 seconds, Stopping threads took: 0.0000212 seconds
2017-04-25T11:16:37.216+0800: 2764.805: Total time for which application threads were stopped: 0.0000523 seconds, Stopping threads took: 0.0000189 seconds
2017-04-25T11:16:37.216+0800: 2764.805: Total time for which application threads were stopped: 0.0000388 seconds, Stopping threads took: 0.0000135 seconds
2017-04-25T11:16:37.216+0800: 2764.805: Total time for which application threads were stopped: 0.0000372 seconds, Stopping threads took: 0.0000125 seconds
2017-04-25T11:16:37.216+0800: 2764.805: Total time for which application threads were stopped: 0.0000353 seconds, Stopping threads took: 0.0000115 seconds
2017-04-25T11:16:37.216+0800: 2764.805: Total time for which application threads were stopped: 0.0000699 seconds, Stopping threads took: 0.0000449 seconds
2017-04-25T11:16:37.216+0800: 2764.805: Total time for which application threads were stopped: 0.0000417 seconds, Stopping threads took: 0.0000173 seconds
2017-04-25T11:16:37.216+0800: 2764.805: Total time for which application threads were stopped: 0.0000417 seconds, Stopping threads took: 0.0000183 seconds
2017-04-25T11:16:37.217+0800: 2764.805: Total time for which application threads were stopped: 0.0000436 seconds, Stopping threads took: 0.0000205 seconds
2017-04-25T11:16:37.217+0800: 2764.805: Total time for which application threads were stopped: 0.0000484 seconds, Stopping threads took: 0.0000180 seconds
2017-04-25T11:16:37.217+0800: 2764.805: Total time for which application threads were stopped: 0.0000484 seconds, Stopping threads took: 0.0000186 seconds
2017-04-25T11:16:37.217+0800: 2764.805: Total time for which application threads were stopped: 0.0000398 seconds, Stopping threads took: 0.0000148 seconds
2017-04-25T11:16:37.218+0800: 2764.806: Total time for which application threads were stopped: 0.0001549 seconds, Stopping threads took: 0.0000228 seconds
2017-04-25T11:16:37.222+0800: 2764.810: Total time for which application threads were stopped: 0.0001158 seconds, Stopping threads took: 0.0000568 seconds
2017-04-25T11:16:37.222+0800: 2764.811: Total time for which application threads were stopped: 0.0000885 seconds, Stopping threads took: 0.0000257 seconds
2017-04-25T11:16:37.227+0800: 2764.815: Total time for which application threads were stopped: 0.0000715 seconds, Stopping threads took: 0.0000176 seconds
2017-04-25T11:16:37.228+0800: 2764.816: Total time for which application threads were stopped: 0.0000366 seconds, Stopping threads took: 0.0000103 seconds
2017-04-25T11:16:37.235+0800: 2764.824: Total time for which application threads were stopped: 0.0000943 seconds, Stopping threads took: 0.0000282 seconds
2017-04-25T11:16:37.236+0800: 2764.824: Total time for which application threads were stopped: 0.0002341 seconds, Stopping threads took: 0.0000356 seconds
2017-04-25T11:16:37.237+0800: 2764.825: Total time for which application threads were stopped: 0.0000811 seconds, Stopping threads took: 0.0000285 seconds
2017-04-25T11:16:37.239+0800: 2764.828: Total time for which application threads were stopped: 0.0000904 seconds, Stopping threads took: 0.0000257 seconds
2017-04-25T11:16:37.240+0800: 2764.828: Total time for which application threads were stopped: 0.0000465 seconds, Stopping threads took: 0.0000103 seconds
2017-04-25T11:16:37.240+0800: 2764.828: Total time for which application threads were stopped: 0.0000298 seconds, Stopping threads took: 0.0000080 seconds
2017-04-25T11:16:37.240+0800: 2764.828: Total time for which application threads were stopped: 0.0000343 seconds, Stopping threads took: 0.0000141 seconds
2017-04-25T11:16:37.240+0800: 2764.828: Total time for which application threads were stopped: 0.0000263 seconds, Stopping threads took: 0.0000071 seconds
2017-04-25T11:16:37.240+0800: 2764.828: Total time for which application threads were stopped: 0.0000257 seconds, Stopping threads took: 0.0000067 seconds
2017-04-25T11:16:37.240+0800: 2764.828: Total time for which application threads were stopped: 0.0000263 seconds, Stopping threads took: 0.0000077 seconds
2017-04-25T11:16:37.240+0800: 2764.828: Total time for which application threads were stopped: 0.0000253 seconds, Stopping threads took: 0.0000067 seconds
2017-04-25T11:16:37.240+0800: 2764.828: Total time for which application threads were stopped: 0.0000250 seconds, Stopping threads took: 0.0000067 seconds
2017-04-25T11:16:37.240+0800: 2764.828: Total time for which application threads were stopped: 0.0000250 seconds, Stopping threads took: 0.0000067 seconds
2017-04-25T11:16:37.240+0800: 2764.828: Total time for which application threads were stopped: 0.0000266 seconds, Stopping threads took: 0.0000074 seconds
2017-04-25T11:16:37.240+0800: 2764.829: Total time for which application threads were stopped: 0.0000285 seconds, Stopping threads took: 0.0000080 seconds
2017-04-25T11:16:37.240+0800: 2764.829: Total time for which application threads were stopped: 0.0000260 seconds, Stopping threads took: 0.0000071 seconds
2017-04-25T11:16:37.240+0800: 2764.829: Total time for which application threads were stopped: 0.0000253 seconds, Stopping threads took: 0.0000067 seconds
2017-04-25T11:16:37.240+0800: 2764.829: Total time for which application threads were stopped: 0.0000311 seconds, Stopping threads took: 0.0000125 seconds
2017-04-25T11:16:37.240+0800: 2764.829: Total time for which application threads were stopped: 0.0000247 seconds, Stopping threads took: 0.0000064 seconds
2017-04-25T11:16:37.240+0800: 2764.829: Total time for which application threads were stopped: 0.0000279 seconds, Stopping threads took: 0.0000112 seconds
2017-04-25T11:16:37.240+0800: 2764.829: Total time for which application threads were stopped: 0.0000247 seconds, Stopping threads took: 0.0000067 seconds
2017-04-25T11:16:37.240+0800: 2764.829: Total time for which application threads were stopped: 0.0000257 seconds, Stopping threads took: 0.0000074 seconds
2017-04-25T11:16:37.240+0800: 2764.829: Total time for which application threads were stopped: 0.0000253 seconds, Stopping threads took: 0.0000071 seconds
2017-04-25T11:16:37.240+0800: 2764.829: Total time for which application threads were stopped: 0.0000892 seconds, Stopping threads took: 0.0000067 seconds
2017-04-25T11:16:37.241+0800: 2764.829: Total time for which application threads were stopped: 0.0000417 seconds, Stopping threads took: 0.0000077 seconds
Heap
 par new generation   total 109248K, used 75547K [0x00000000e0000000, 0x00000000e8000000, 0x00000000e8000000)
  eden space 87424K,  61% used [0x00000000e0000000, 0x00000000e3476d78, 0x00000000e5560000)
  from space 21824K, 100% used [0x00000000e5560000, 0x00000000e6ab0000, 0x00000000e6ab0000)
  to   space 21824K,   0% used [0x00000000e6ab0000, 0x00000000e6ab0000, 0x00000000e8000000)
 concurrent mark-sweep generation total 393216K, used 19511K [0x00000000e8000000, 0x0000000100000000, 0x0000000100000000)
 Metaspace       used 39401K, capacity 40168K, committed 40280K, reserved 1085440K
  class space    used 4498K, capacity 4722K, committed 4732K, reserved 1048576K
